[35m[Comment.nvim] [0m[36m   clone[0m[90m | [0m[34mRunning task clone[0m
[35m[LazyVim] [0m[36m        clone[0m[90m | [0m[34mRunning task clone[0m
[35m[LuaSnip] [0m[36m        clone[0m[90m | [0m[34mRunning task clone[0m
[35m[alpha-nvim] [0m[36m     clone[0m[90m | [0m[34mRunning task clone[0m
[35m[auto-session] [0m[36m   clone[0m[90m | [0m[34mRunning task clone[0m
[35m[catppuccin] [0m[36m     clone[0m[90m | [0m[34mRunning task clone[0m
[35m[claudecode.nvim] [0m[36mclone[0m[90m | [0m[34mRunning task clone[0m
[35m[cmp-buffer] [0m[36m     clone[0m[90m | [0m[34mRunning task clone[0m
[35m[cmp-cmdline] [0m[36m    clone[0m[90m | [0m[34mRunning task clone[0m
[35m[cmp-nvim-lsp] [0m[36m   clone[0m[90m | [0m[34mRunning task clone[0m
[35m[cmp-path] [0m[36m       clone[0m[90m | [0m[34mRunning task clone[0m
[35m[cmp_luasnip] [0m[36m    clone[0m[90m | [0m[34mRunning task clone[0m
[35m[conform.nvim] [0m[36m   clone[0m[90m | [0m[34mRunning task clone[0m
[35m[friendly-snippets] [0m[36mclone[0m[90m | [0m[34mRunning task clone[0m
[35m[fzf-lua] [0m[36m        clone[0m[90m | [0m[34mRunning task clone[0m
[35m[gitsigns.nvim] [0m[36m  clone[0m[90m | [0m[34mRunning task clone[0m
[35m[kulala.nvim] [0m[36m    clone[0m[90m | [0m[34mRunning task clone[0m
[35m[lazydev.nvim] [0m[36m   clone[0m[90m | [0m[34mRunning task clone[0m
[35m[lazygit.nvim] [0m[36m   clone[0m[90m | [0m[34mRunning task clone[0m
[35m[legendary.nvim] [0m[36m clone[0m[90m | [0m[34mRunning task clone[0m
[35m[nvim-cmp] [0m[36m       clone[0m[90m | [0m[34mRunning task clone[0m
[35m[nvim-lspconfig] [0m[36m clone[0m[90m | [0m[34mRunning task clone[0m
[35m[nvim-treesitter] [0m[36mclone[0m[90m | [0m[34mRunning task clone[0m
[35m[nvim-ufo] [0m[36m       clone[0m[90m | [0m[34mRunning task clone[0m
[35m[Comment.nvim] [0m[36m   clone[0m[90m | [0mCloning into 'C:/Users/tOpGuNN/AppData/Local/nvim-data/lazy/Comment.nvim'...
[35m[LazyVim] [0m[36m        clone[0m[90m | [0mCloning into 'C:/Users/tOpGuNN/AppData/Local/nvim-data/lazy/LazyVim'...
[35m[LuaSnip] [0m[36m        clone[0m[90m | [0mCloning into 'C:/Users/tOpGuNN/AppData/Local/nvim-data/lazy/LuaSnip'...
[35m[alpha-nvim] [0m[36m     clone[0m[90m | [0mCloning into 'C:/Users/tOpGuNN/AppData/Local/nvim-data/lazy/alpha-nvim'...
[35m[auto-session] [0m[36m   clone[0m[90m | [0mCloning into 'C:/Users/tOpGuNN/AppData/Local/nvim-data/lazy/auto-session'...
[35m[catppuccin] [0m[36m     clone[0m[90m | [0mCloning into 'C:/Users/tOpGuNN/AppData/Local/nvim-data/lazy/catppuccin'...
[35m[claudecode.nvim] [0m[36mclone[0m[90m | [0mCloning into 'C:/Users/tOpGuNN/AppData/Local/nvim-data/lazy/claudecode.nvim'...
[35m[cmp-buffer] [0m[36m     clone[0m[90m | [0mCloning into 'C:/Users/tOpGuNN/AppData/Local/nvim-data/lazy/cmp-buffer'...
[35m[cmp-nvim-lsp] [0m[36m   clone[0m[90m | [0mCloning into 'C:/Users/tOpGuNN/AppData/Local/nvim-data/lazy/cmp-nvim-lsp'...
[35m[cmp-cmdline] [0m[36m    clone[0m[90m | [0mCloning into 'C:/Users/tOpGuNN/AppData/Local/nvim-data/lazy/cmp-cmdline'...
[35m[cmp-path] [0m[36m       clone[0m[90m | [0mCloning into 'C:/Users/tOpGuNN/AppData/Local/nvim-data/lazy/cmp-path'...
[35m[cmp_luasnip] [0m[36m    clone[0m[90m | [0mCloning into 'C:/Users/tOpGuNN/AppData/Local/nvim-data/lazy/cmp_luasnip'...
[35m[conform.nvim] [0m[36m   clone[0m[90m | [0mCloning into 'C:/Users/tOpGuNN/AppData/Local/nvim-data/lazy/conform.nvim'...
[35m[friendly-snippets] [0m[36mclone[0m[90m | [0mCloning into 'C:/Users/tOpGuNN/AppData/Local/nvim-data/lazy/friendly-snippets'...
[35m[fzf-lua] [0m[36m        clone[0m[90m | [0mCloning into 'C:/Users/tOpGuNN/AppData/Local/nvim-data/lazy/fzf-lua'...
[35m[gitsigns.nvim] [0m[36m  clone[0m[90m | [0mCloning into 'C:/Users/tOpGuNN/AppData/Local/nvim-data/lazy/gitsigns.nvim'...
[35m[lazygit.nvim] [0m[36m   clone[0m[90m | [0mCloning into 'C:/Users/tOpGuNN/AppData/Local/nvim-data/lazy/lazygit.nvim'...
[35m[lazydev.nvim] [0m[36m   clone[0m[90m | [0mCloning into 'C:/Users/tOpGuNN/AppData/Local/nvim-data/lazy/lazydev.nvim'...
[35m[kulala.nvim] [0m[36m    clone[0m[90m | [0mCloning into 'C:/Users/tOpGuNN/AppData/Local/nvim-data/lazy/kulala.nvim'...
[35m[legendary.nvim] [0m[36m clone[0m[90m | [0mCloning into 'C:/Users/tOpGuNN/AppData/Local/nvim-data/lazy/legendary.nvim'...
[35m[nvim-cmp] [0m[36m       clone[0m[90m | [0mCloning into 'C:/Users/tOpGuNN/AppData/Local/nvim-data/lazy/nvim-cmp'...
[35m[nvim-lspconfig] [0m[36m clone[0m[90m | [0mCloning into 'C:/Users/tOpGuNN/AppData/Local/nvim-data/lazy/nvim-lspconfig'...
[35m[nvim-treesitter] [0m[36mclone[0m[90m | [0mCloning into 'C:/Users/tOpGuNN/AppData/Local/nvim-data/lazy/nvim-treesitter'...
[35m[nvim-ufo] [0m[36m       clone[0m[90m | [0mCloning into 'C:/Users/tOpGuNN/AppData/Local/nvim-data/lazy/nvim-ufo'...
[35m[Comment.nvim] [0m[36m   clone[0m[90m | [0mremote: Enumerating objects: 1064, done.        
[35m[Comment.nvim] [0m[36m   clone[0m[90m | [0mremote: Counting objects:   0% (1/143)        [35m[Comment.nvim] [0m[36m   clone[0m[90m | [0mremote: Counting objects:   1% (2/143)        [35m[Comment.nvim] [0m[36m   clone[0m[90m | [0mremote: Counting objects:   2% (3/143)        [35m[Comment.nvim] [0m[36m   clone[0m[90m | [0mremote: Counting objects:   3% (5/143)        [35m[Comment.nvim] [0m[36m   clone[0m[90m | [0mremote: Counting objects:   4% (6/143)        [35m[Comment.nvim] [0m[36m   clone[0m[90m | [0mremote: Counting objects:   5% (8/143)        [35m[Comment.nvim] [0m[36m   clone[0m[90m | [0mremote: Counting objects:   6% (9/143)        [35m[Comment.nvim] [0m[36m   clone[0m[90m | [0mremote: Counting objects:   7% (11/143)        [35m[Comment.nvim] [0m[36m   clone[0m[90m | [0mremote: Counting objects:   8% (12/143)        [35m[Comment.nvim] [0m[36m   clone[0m[90m | [0mremote: Counting objects:   9% (13/143)        [35m[Comment.nvim] [0m[36m   clone[0m[90m | [0mremote: Counting objects:  10% (15/143)        [35m[Comment.nvim] [0m[36m   clone[0m[90m | [0mremote: Counting objects:  11% (16/143)        [35m[Comment.nvim] [0m[36m   clone[0m[90m | [0mremote: Counting objects:  12% (18/143)        [35m[Comment.nvim] [0m[36m   clone[0m[90m | [0mremote: Counting objects:  13% (19/143)        [35m[Comment.nvim] [0m[36m   clone[0m[90m | [0mremote: Counting objects:  14% (21/143)        [35m[Comment.nvim] [0m[36m   clone[0m[90m | [0mremote: Counting objects:  15% (22/143)        [35m[Comment.nvim] [0m[36m   clone[0m[90m | [0mremote: Counting objects:  16% (23/143)        [35m[Comment.nvim] [0m[36m   clone[0m[90m | [0mremote: Counting objects:  17% (25/143)        [35m[Comment.nvim] [0m[36m   clone[0m[90m | [0mremote: Counting objects:  18% (26/143)        [35m[Comment.nvim] [0m[36m   clone[0m[90m | [0mremote: Counting objects:  19% (28/143)        [35m[Comment.nvim] [0m[36m   clone[0m[90m | [0mremote: Counting objects:  20% (29/143)        [35m[Comment.nvim] [0m[36m   clone[0m[90m | [0mremote: Counting objects:  21% (31/143)        [35m[Comment.nvim] [0m[36m   clone[0m[90m | [0mremote: Counting objects:  22% (32/143)        [35m[Comment.nvim] [0m[36m   clone[0m[90m | [0mremote: Counting objects:  23% (33/143)        [35m[Comment.nvim] [0m[36m   clone[0m[90m | [0mremote: Counting objects:  24% (35/143)        [35m[Comment.nvim] [0m[36m   clone[0m[90m | [0mremote: Counting objects:  25% (36/143)        [35m[Comment.nvim] [0m[36m   clone[0m[90m | [0mremote: Counting objects:  26% (38/143)        [35m[Comment.nvim] [0m[36m   clone[0m[90m | [0mremote: Counting objects:  27% (39/143)        [35m[Comment.nvim] [0m[36m   clone[0m[90m | [0mremote: Counting objects:  28% (41/143)        [35m[Comment.nvim] [0m[36m   clone[0m[90m | [0mremote: Counting objects:  29% (42/143)        [35m[Comment.nvim] [0m[36m   clone[0m[90m | [0mremote: Counting objects:  30% (43/143)        [35m[Comment.nvim] [0m[36m   clone[0m[90m | [0mremote: Counting objects:  31% (45/143)        [35m[Comment.nvim] [0m[36m   clone[0m[90m | [0mremote: Counting objects:  32% (46/143)        [35m[Comment.nvim] [0m[36m   clone[0m[90m | [0mremote: Counting objects:  33% (48/143)        [35m[Comment.nvim] [0m[36m   clone[0m[90m | [0mremote: Counting objects:  34% (49/143)        [35m[Comment.nvim] [0m[36m   clone[0m[90m | [0mremote: Counting objects:  35% (51/143)        [35m[Comment.nvim] [0m[36m   clone[0m[90m | [0mremote: Counting objects:  36% (52/143)        [35m[Comment.nvim] [0m[36m   clone[0m[90m | [0mremote: Counting objects:  37% (53/143)        [35m[Comment.nvim] [0m[36m   clone[0m[90m | [0mremote: Counting objects:  38% (55/143)        [35m[Comment.nvim] [0m[36m   clone[0m[90m | [0mremote: Counting objects:  39% (56/143)        [35m[Comment.nvim] [0m[36m   clone[0m[90m | [0mremote: Counting objects:  40% (58/143)        [35m[Comment.nvim] [0m[36m   clone[0m[90m | [0mremote: Counting objects:  41% (59/143)        [35m[Comment.nvim] [0m[36m   clone[0m[90m | [0mremote: Counting objects:  42% (61/143)        [35m[Comment.nvim] [0m[36m   clone[0m[90m | [0mremote: Counting objects:  43% (62/143)        [35m[Comment.nvim] [0m[36m   clone[0m[90m | [0mremote: Counting objects:  44% (63/143)        [35m[Comment.nvim] [0m[36m   clone[0m[90m | [0mremote: Counting objects:  45% (65/143)        [35m[Comment.nvim] [0m[36m   clone[0m[90m | [0mremote: Counting objects:  46% (66/143)        [35m[Comment.nvim] [0m[36m   clone[0m[90m | [0mremote: Counting objects:  47% (68/143)        [35m[Comment.nvim] [0m[36m   clone[0m[90m | [0mremote: Counting objects:  48% (69/143)        [35m[Comment.nvim] [0m[36m   clone[0m[90m | [0mremote: Counting objects:  49% (71/143)        [35m[Comment.nvim] [0m[36m   clone[0m[90m | [0mremote: Counting objects:  50% (72/143)        [35m[Comment.nvim] [0m[36m   clone[0m[90m | [0mremote: Counting objects:  51% (73/143)        [35m[Comment.nvim] [0m[36m   clone[0m[90m | [0mremote: Counting objects:  52% (75/143)        [35m[Comment.nvim] [0m[36m   clone[0m[90m | [0mremote: Counting objects:  53% (76/143)        [35m[Comment.nvim] [0m[36m   clone[0m[90m | [0mremote: Counting objects:  54% (78/143)        [35m[Comment.nvim] [0m[36m   clone[0m[90m | [0mremote: Counting objects:  55% (79/143)        [35m[Comment.nvim] [0m[36m   clone[0m[90m | [0mremote: Counting objects:  56% (81/143)        [35m[Comment.nvim] [0m[36m   clone[0m[90m | [0mremote: Counting objects:  57% (82/143)        [35m[Comment.nvim] [0m[36m   clone[0m[90m | [0mremote: Counting objects:  58% (83/143)        [35m[Comment.nvim] [0m[36m   clone[0m[90m | [0mremote: Counting objects:  59% (85/143)        [35m[Comment.nvim] [0m[36m   clone[0m[90m | [0mremote: Counting objects:  60% (86/143)        [35m[Comment.nvim] [0m[36m   clone[0m[90m | [0mremote: Counting objects:  61% (88/143)        [35m[Comment.nvim] [0m[36m   clone[0m[90m | [0mremote: Counting objects:  62% (89/143)        [35m[Comment.nvim] [0m[36m   clone[0m[90m | [0mremote: Counting objects:  63% (91/143)        [35m[Comment.nvim] [0m[36m   clone[0m[90m | [0mremote: Counting objects:  64% (92/143)        [35m[Comment.nvim] [0m[36m   clone[0m[90m | [0mremote: Counting objects:  65% (93/143)        [35m[Comment.nvim] [0m[36m   clone[0m[90m | [0mremote: Counting objects:  66% (95/143)        [35m[Comment.nvim] [0m[36m   clone[0m[90m | [0mremote: Counting objects:  67% (96/143)        [35m[Comment.nvim] [0m[36m   clone[0m[90m | [0mremote: Counting objects:  68% (98/143)        [35m[Comment.nvim] [0m[36m   clone[0m[90m | [0mremote: Counting objects:  69% (99/143)        [35m[Comment.nvim] [0m[36m   clone[0m[90m | [0mremote: Counting objects:  70% (101/143)        [35m[Comment.nvim] [0m[36m   clone[0m[90m | [0mremote: Counting objects:  71% (102/143)        [35m[Comment.nvim] [0m[36m   clone[0m[90m | [0mremote: Counting objects:  72% (103/143)        [35m[Comment.nvim] [0m[36m   clone[0m[90m | [0mremote: Counting objects:  73% (105/143)        [35m[Comment.nvim] [0m[36m   clone[0m[90m | [0mremote: Counting objects:  74% (106/143)        [35m[Comment.nvim] [0m[36m   clone[0m[90m | [0mremote: Counting objects:  75% (108/143)        [35m[Comment.nvim] [0m[36m   clone[0m[90m | [0mremote: Counting objects:  76% (109/143)        [35m[Comment.nvim] [0m[36m   clone[0m[90m | [0mremote: Counting objects:  77% (111/143)        [35m[Comment.nvim] [0m[36m   clone[0m[90m | [0mremote: Counting objects:  78% (112/143)        [35m[Comment.nvim] [0m[36m   clone[0m[90m | [0mremote: Counting objects:  79% (113/143)        [35m[Comment.nvim] [0m[36m   clone[0m[90m | [0mremote: Counting objects:  80% (115/143)        [35m[Comment.nvim] [0m[36m   clone[0m[90m | [0mremote: Counting objects:  81% (116/143)        [35m[Comment.nvim] [0m[36m   clone[0m[90m | [0mremote: Counting objects:  82% (118/143)        [35m[Comment.nvim] [0m[36m   clone[0m[90m | [0mremote: Counting objects:  83% (119/143)        [35m[Comment.nvim] [0m[36m   clone[0m[90m | [0mremote: Counting objects:  84% (121/143)        [35m[Comment.nvim] [0m[36m   clone[0m[90m | [0mremote: Counting objects:  85% (122/143)        [35m[Comment.nvim] [0m[36m   clone[0m[90m | [0mremote: Counting objects:  86% (123/143)        [35m[Comment.nvim] [0m[36m   clone[0m[90m | [0mremote: Counting objects:  87% (125/143)        [35m[Comment.nvim] [0m[36m   clone[0m[90m | [0mremote: Counting objects:  88% (126/143)        [35m[Comment.nvim] [0m[36m   clone[0m[90m | [0mremote: Counting objects:  89% (128/143)        [35m[Comment.nvim] [0m[36m   clone[0m[90m | [0mremote: Counting objects:  90% (129/143)        [35m[Comment.nvim] [0m[36m   clone[0m[90m | [0mremote: Counting objects:  91% (131/143)        [35m[Comment.nvim] [0m[36m   clone[0m[90m | [0mremote: Counting objects:  92% (132/143)        [35m[Comment.nvim] [0m[36m   clone[0m[90m | [0mremote: Counting objects:  93% (133/143)        [35m[Comment.nvim] [0m[36m   clone[0m[90m | [0mremote: Counting objects:  94% (135/143)        [35m[Comment.nvim] [0m[36m   clone[0m[90m | [0mremote: Counting objects:  95% (136/143)        [35m[Comment.nvim] [0m[36m   clone[0m[90m | [0mremote: Counting objects:  96% (138/143)        [35m[Comment.nvim] [0m[36m   clone[0m[90m | [0mremote: Counting objects:  97% (139/143)        [35m[Comment.nvim] [0m[36m   clone[0m[90m | [0mremote: Counting objects:  98% (141/143)        [35m[Comment.nvim] [0m[36m   clone[0m[90m | [0mremote: Counting objects:  99% (142/143)        [35m[Comment.nvim] [0m[36m   clone[0m[90m | [0mremote: Counting objects: 100% (143/143)        [35m[Comment.nvim] [0m[36m   clone[0m[90m | [0mremote: Counting objects: 100% (143/143), done.        
[35m[Comment.nvim] [0m[36m   clone[0m[90m | [0mremote: Compressing objects:   1% (1/93)        [35m[Comment.nvim] [0m[36m   clone[0m[90m | [0mremote: Compressing objects:   2% (2/93)        [35m[Comment.nvim] [0m[36m   clone[0m[90m | [0mremote: Compressing objects:   3% (3/93)        [35m[Comment.nvim] [0m[36m   clone[0m[90m | [0mremote: Compressing objects:   4% (4/93)        [35m[Comment.nvim] [0m[36m   clone[0m[90m | [0mremote: Compressing objects:   5% (5/93)        [35m[Comment.nvim] [0m[36m   clone[0m[90m | [0mremote: Compressing objects:   6% (6/93)        [35m[Comment.nvim] [0m[36m   clone[0m[90m | [0mremote: Compressing objects:   7% (7/93)        [35m[Comment.nvim] [0m[36m   clone[0m[90m | [0mremote: Compressing objects:   8% (8/93)        [35m[Comment.nvim] [0m[36m   clone[0m[90m | [0mremote: Compressing objects:   9% (9/93)        [35m[Comment.nvim] [0m[36m   clone[0m[90m | [0mremote: Compressing objects:  10% (10/93)        [35m[Comment.nvim] [0m[36m   clone[0m[90m | [0mremote: Compressing objects:  11% (11/93)        [35m[Comment.nvim] [0m[36m   clone[0m[90m | [0mremote: Compressing objects:  12% (12/93)        [35m[Comment.nvim] [0m[36m   clone[0m[90m | [0mremote: Compressing objects:  13% (13/93)        [35m[Comment.nvim] [0m[36m   clone[0m[90m | [0mremote: Compressing objects:  15% (14/93)        [35m[Comment.nvim] [0m[36m   clone[0m[90m | [0mremote: Compressing objects:  16% (15/93)        [35m[Comment.nvim] [0m[36m   clone[0m[90m | [0mremote: Compressing objects:  17% (16/93)        [35m[Comment.nvim] [0m[36m   clone[0m[90m | [0mremote: Compressing objects:  18% (17/93)        [35m[Comment.nvim] [0m[36m   clone[0m[90m | [0mremote: Compressing objects:  19% (18/93)        [35m[Comment.nvim] [0m[36m   clone[0m[90m | [0mremote: Compressing objects:  20% (19/93)        [35m[Comment.nvim] [0m[36m   clone[0m[90m | [0mremote: Compressing objects:  21% (20/93)        [35m[Comment.nvim] [0m[36m   clone[0m[90m | [0mremote: Compressing objects:  22% (21/93)        [35m[Comment.nvim] [0m[36m   clone[0m[90m | [0mremote: Compressing objects:  23% (22/93)        [35m[Comment.nvim] [0m[36m   clone[0m[90m | [0mremote: Compressing objects:  24% (23/93)        [35m[Comment.nvim] [0m[36m   clone[0m[90m | [0mremote: Compressing objects:  25% (24/93)        [35m[Comment.nvim] [0m[36m   clone[0m[90m | [0mremote: Compressing objects:  26% (25/93)        [35m[Comment.nvim] [0m[36m   clone[0m[90m | [0mremote: Compressing objects:  27% (26/93)        [35m[Comment.nvim] [0m[36m   clone[0m[90m | [0mremote: Compressing objects:  29% (27/93)        [35m[Comment.nvim] [0m[36m   clone[0m[90m | [0mremote: Compressing objects:  30% (28/93)        [35m[Comment.nvim] [0m[36m   clone[0m[90m | [0mremote: Compressing objects:  31% (29/93)        [35m[Comment.nvim] [0m[36m   clone[0m[90m | [0mremote: Compressing objects:  32% (30/93)        [35m[Comment.nvim] [0m[36m   clone[0m[90m | [0mremote: Compressing objects:  33% (31/93)        [35m[Comment.nvim] [0m[36m   clone[0m[90m | [0mremote: Compressing objects:  34% (32/93)        [35m[Comment.nvim] [0m[36m   clone[0m[90m | [0mremote: Compressing objects:  35% (33/93)        [35m[Comment.nvim] [0m[36m   clone[0m[90m | [0mremote: Compressing objects:  36% (34/93)        [35m[Comment.nvim] [0m[36m   clone[0m[90m | [0mremote: Compressing objects:  37% (35/93)        [35m[Comment.nvim] [0m[36m   clone[0m[90m | [0mremote: Compressing objects:  38% (36/93)        [35m[Comment.nvim] [0m[36m   clone[0m[90m | [0mremote: Compressing objects:  39% (37/93)        [35m[Comment.nvim] [0m[36m   clone[0m[90m | [0mremote: Compressing objects:  40% (38/93)        [35m[Comment.nvim] [0m[36m   clone[0m[90m | [0mremote: Compressing objects:  41% (39/93)        [35m[Comment.nvim] [0m[36m   clone[0m[90m | [0mremote: Compressing objects:  43% (40/93)        [35m[Comment.nvim] [0m[36m   clone[0m[90m | [0mremote: Compressing objects:  44% (41/93)        [35m[Comment.nvim] [0m[36m   clone[0m[90m | [0mremote: Compressing objects:  45% (42/93)        [35m[Comment.nvim] [0m[36m   clone[0m[90m | [0mremote: Compressing objects:  46% (43/93)        [35m[Comment.nvim] [0m[36m   clone[0m[90m | [0mremote: Compressing objects:  47% (44/93)        [35m[Comment.nvim] [0m[36m   clone[0m[90m | [0mremote: Compressing objects:  48% (45/93)        [35m[Comment.nvim] [0m[36m   clone[0m[90m | [0mremote: Compressing objects:  49% (46/93)        [35m[Comment.nvim] [0m[36m   clone[0m[90m | [0mremote: Compressing objects:  50% (47/93)        [35m[Comment.nvim] [0m[36m   clone[0m[90m | [0mremote: Compressing objects:  51% (48/93)        [35m[Comment.nvim] [0m[36m   clone[0m[90m | [0mremote: Compressing objects:  52% (49/93)        [35m[Comment.nvim] [0m[36m   clone[0m[90m | [0mremote: Compressing objects:  53% (50/93)        [35m[Comment.nvim] [0m[36m   clone[0m[90m | [0mremote: Compressing objects:  54% (51/93)        [35m[Comment.nvim] [0m[36m   clone[0m[90m | [0mremote: Compressing objects:  55% (52/93)        [35m[Comment.nvim] [0m[36m   clone[0m[90m | [0mremote: Compressing objects:  56% (53/93)        [35m[Comment.nvim] [0m[36m   clone[0m[90m | [0mremote: Compressing objects:  58% (54/93)        [35m[Comment.nvim] [0m[36m   clone[0m[90m | [0mremote: Compressing objects:  59% (55/93)        [35m[Comment.nvim] [0m[36m   clone[0m[90m | [0mremote: Compressing objects:  60% (56/93)        [35m[Comment.nvim] [0m[36m   clone[0m[90m | [0mremote: Compressing objects:  61% (57/93)        [35m[Comment.nvim] [0m[36m   clone[0m[90m | [0mremote: Compressing objects:  62% (58/93)        [35m[Comment.nvim] [0m[36m   clone[0m[90m | [0mremote: Compressing objects:  63% (59/93)        [35m[Comment.nvim] [0m[36m   clone[0m[90m | [0mremote: Compressing objects:  64% (60/93)        [35m[Comment.nvim] [0m[36m   clone[0m[90m | [0mremote: Compressing objects:  65% (61/93)        [35m[Comment.nvim] [0m[36m   clone[0m[90m | [0mremote: Compressing objects:  66% (62/93)        [35m[Comment.nvim] [0m[36m   clone[0m[90m | [0mremote: Compressing objects:  67% (63/93)        [35m[Comment.nvim] [0m[36m   clone[0m[90m | [0mremote: Compressing objects:  68% (64/93)        [35m[Comment.nvim] [0m[36m   clone[0m[90m | [0mremote: Compressing objects:  69% (65/93)        [35m[Comment.nvim] [0m[36m   clone[0m[90m | [0mremote: Compressing objects:  70% (66/93)        [35m[Comment.nvim] [0m[36m   clone[0m[90m | [0mremote: Compressing objects:  72% (67/93)        [35m[Comment.nvim] [0m[36m   clone[0m[90m | [0mremote: Compressing objects:  73% (68/93)        [35m[Comment.nvim] [0m[36m   clone[0m[90m | [0mremote: Compressing objects:  74% (69/93)        [35m[Comment.nvim] [0m[36m   clone[0m[90m | [0mremote: Compressing objects:  75% (70/93)        [35m[Comment.nvim] [0m[36m   clone[0m[90m | [0mremote: Compressing objects:  76% (71/93)        [35m[Comment.nvim] [0m[36m   clone[0m[90m | [0mremote: Compressing objects:  77% (72/93)        [35m[Comment.nvim] [0m[36m   clone[0m[90m | [0mremote: Compressing objects:  78% (73/93)        [35m[Comment.nvim] [0m[36m   clone[0m[90m | [0mremote: Compressing objects:  79% (74/93)        [35m[Comment.nvim] [0m[36m   clone[0m[90m | [0mremote: Compressing objects:  80% (75/93)        [35m[Comment.nvim] [0m[36m   clone[0m[90m | [0mremote: Compressing objects:  81% (76/93)        [35m[Comment.nvim] [0m[36m   clone[0m[90m | [0mremote: Compressing objects:  82% (77/93)        [35m[Comment.nvim] [0m[36m   clone[0m[90m | [0mremote: Compressing objects:  83% (78/93)        [35m[Comment.nvim] [0m[36m   clone[0m[90m | [0mremote: Compressing objects:  84% (79/93)        [35m[Comment.nvim] [0m[36m   clone[0m[90m | [0mremote: Compressing objects:  86% (80/93)        [35m[Comment.nvim] [0m[36m   clone[0m[90m | [0mremote: Compressing objects:  87% (81/93)        [35m[Comment.nvim] [0m[36m   clone[0m[90m | [0mremote: Compressing objects:  88% (82/93)        [35m[Comment.nvim] [0m[36m   clone[0m[90m | [0mremote: Compressing objects:  89% (83/93)        [35m[Comment.nvim] [0m[36m   clone[0m[90m | [0mremote: Compressing objects:  90% (84/93)        [35m[Comment.nvim] [0m[36m   clone[0m[90m | [0mremote: Compressing objects:  91% (85/93)        [35m[Comment.nvim] [0m[36m   clone[0m[90m | [0mremote: Compressing objects:  92% (86/93)        [35m[Comment.nvim] [0m[36m   clone[0m[90m | [0mremote: Compressing objects:  93% (87/93)        [35m[Comment.nvim] [0m[36m   clone[0m[90m | [0mremote: Compressing objects:  94% (88/93)        [35m[Comment.nvim] [0m[36m   clone[0m[90m | [0mremote: Compressing objects:  95% (89/93)        [35m[Comment.nvim] [0m[36m   clone[0m[90m | [0mremote: Compressing objects:  96% (90/93)        [35m[Comment.nvim] [0m[36m   clone[0m[90m | [0mremote: Compressing objects:  97% (91/93)        [35m[Comment.nvim] [0m[36m   clone[0m[90m | [0mremote: Compressing objects:  98% (92/93)        [35m[Comment.nvim] [0m[36m   clone[0m[90m | [0mremote: Compressing objects: 100% (93/93)        [35m[Comment.nvim] [0m[36m   clone[0m[90m | [0mremote: Compressing objects: 100% (93/93), done.        
[35m[LazyVim] [0m[36m        clone[0m[90m | [0mremote: Enumerating objects: 16842, done.        
[35m[LazyVim] [0m[36m        clone[0m[90m | [0mremote: Counting objects:   0% (1/230)        [35m[LazyVim] [0m[36m        clone[0m[90m | [0mremote: Counting objects:   1% (3/230)        [35m[LazyVim] [0m[36m        clone[0m[90m | [0mremote: Counting objects:   2% (5/230)        [35m[LazyVim] [0m[36m        clone[0m[90m | [0mremote: Counting objects:   3% (7/230)        [35m[LazyVim] [0m[36m        clone[0m[90m | [0mremote: Counting objects:   4% (10/230)        [35m[LazyVim] [0m[36m        clone[0m[90m | [0mremote: Counting objects:   5% (12/230)        [35m[LazyVim] [0m[36m        clone[0m[90m | [0mremote: Counting objects:   6% (14/230)        [35m[LazyVim] [0m[36m        clone[0m[90m | [0mremote: Counting objects:   7% (17/230)        [35m[LazyVim] [0m[36m        clone[0m[90m | [0mremote: Counting objects:   8% (19/230)        [35m[LazyVim] [0m[36m        clone[0m[90m | [0mremote: Counting objects:   9% (21/230)        [35m[LazyVim] [0m[36m        clone[0m[90m | [0mremote: Counting objects:  10% (23/230)        [35m[LazyVim] [0m[36m        clone[0m[90m | [0mremote: Counting objects:  11% (26/230)        [35m[LazyVim] [0m[36m        clone[0m[90m | [0mremote: Counting objects:  12% (28/230)        [35m[LazyVim] [0m[36m        clone[0m[90m | [0mremote: Counting objects:  13% (30/230)        [35m[LazyVim] [0m[36m        clone[0m[90m | [0mremote: Counting objects:  14% (33/230)        [35m[LazyVim] [0m[36m        clone[0m[90m | [0mremote: Counting objects:  15% (35/230)        [35m[LazyVim] [0m[36m        clone[0m[90m | [0mremote: Counting objects:  16% (37/230)        [35m[LazyVim] [0m[36m        clone[0m[90m | [0mremote: Counting objects:  17% (40/230)        [35m[LazyVim] [0m[36m        clone[0m[90m | [0mremote: Counting objects:  18% (42/230)        [35m[LazyVim] [0m[36m        clone[0m[90m | [0mremote: Counting objects:  19% (44/230)        [35m[LazyVim] [0m[36m        clone[0m[90m | [0mremote: Counting objects:  20% (46/230)        [35m[LazyVim] [0m[36m        clone[0m[90m | [0mremote: Counting objects:  21% (49/230)        [35m[LazyVim] [0m[36m        clone[0m[90m | [0mremote: Counting objects:  22% (51/230)        [35m[LazyVim] [0m[36m        clone[0m[90m | [0mremote: Counting objects:  23% (53/230)        [35m[LazyVim] [0m[36m        clone[0m[90m | [0mremote: Counting objects:  24% (56/230)        [35m[LazyVim] [0m[36m        clone[0m[90m | [0mremote: Counting objects:  25% (58/230)        [35m[LazyVim] [0m[36m        clone[0m[90m | [0mremote: Counting objects:  26% (60/230)        [35m[LazyVim] [0m[36m        clone[0m[90m | [0mremote: Counting objects:  27% (63/230)        [35m[LazyVim] [0m[36m        clone[0m[90m | [0mremote: Counting objects:  28% (65/230)        [35m[LazyVim] [0m[36m        clone[0m[90m | [0mremote: Counting objects:  29% (67/230)        [35m[LazyVim] [0m[36m        clone[0m[90m | [0mremote: Counting objects:  30% (69/230)        [35m[LazyVim] [0m[36m        clone[0m[90m | [0mremote: Counting objects:  31% (72/230)        [35m[LazyVim] [0m[36m        clone[0m[90m | [0mremote: Counting objects:  32% (74/230)        [35m[LazyVim] [0m[36m        clone[0m[90m | [0mremote: Counting objects:  33% (76/230)        [35m[LazyVim] [0m[36m        clone[0m[90m | [0mremote: Counting objects:  34% (79/230)        [35m[LazyVim] [0m[36m        clone[0m[90m | [0mremote: Counting objects:  35% (81/230)        [35m[LazyVim] [0m[36m        clone[0m[90m | [0mremote: Counting objects:  36% (83/230)        [35m[LazyVim] [0m[36m        clone[0m[90m | [0mremote: Counting objects:  37% (86/230)        [35m[LazyVim] [0m[36m        clone[0m[90m | [0mremote: Counting objects:  38% (88/230)        [35m[LazyVim] [0m[36m        clone[0m[90m | [0mremote: Counting objects:  39% (90/230)        [35m[LazyVim] [0m[36m        clone[0m[90m | [0mremote: Counting objects:  40% (92/230)        [35m[LazyVim] [0m[36m        clone[0m[90m | [0mremote: Counting objects:  41% (95/230)        [35m[LazyVim] [0m[36m        clone[0m[90m | [0mremote: Counting objects:  42% (97/230)        [35m[LazyVim] [0m[36m        clone[0m[90m | [0mremote: Counting objects:  43% (99/230)        [35m[LazyVim] [0m[36m        clone[0m[90m | [0mremote: Counting objects:  44% (102/230)        [35m[LazyVim] [0m[36m        clone[0m[90m | [0mremote: Counting objects:  45% (104/230)        [35m[LazyVim] [0m[36m        clone[0m[90m | [0mremote: Counting objects:  46% (106/230)        [35m[LazyVim] [0m[36m        clone[0m[90m | [0mremote: Counting objects:  47% (109/230)        [35m[LazyVim] [0m[36m        clone[0m[90m | [0mremote: Counting objects:  48% (111/230)        [35m[LazyVim] [0m[36m        clone[0m[90m | [0mremote: Counting objects:  49% (113/230)        [35m[LazyVim] [0m[36m        clone[0m[90m | [0mremote: Counting objects:  50% (115/230)        [35m[LazyVim] [0m[36m        clone[0m[90m | [0mremote: Counting objects:  51% (118/230)        [35m[LazyVim] [0m[36m        clone[0m[90m | [0mremote: Counting objects:  52% (120/230)        [35m[LazyVim] [0m[36m        clone[0m[90m | [0mremote: Counting objects:  53% (122/230)        [35m[LazyVim] [0m[36m        clone[0m[90m | [0mremote: Counting objects:  54% (125/230)        [35m[LazyVim] [0m[36m        clone[0m[90m | [0mremote: Counting objects:  55% (127/230)        [35m[LazyVim] [0m[36m        clone[0m[90m | [0mremote: Counting objects:  56% (129/230)        [35m[LazyVim] [0m[36m        clone[0m[90m | [0mremote: Counting objects:  57% (132/230)        [35m[LazyVim] [0m[36m        clone[0m[90m | [0mremote: Counting objects:  58% (134/230)        [35m[LazyVim] [0m[36m        clone[0m[90m | [0mremote: Counting objects:  59% (136/230)        [35m[LazyVim] [0m[36m        clone[0m[90m | [0mremote: Counting objects:  60% (138/230)        [35m[LazyVim] [0m[36m        clone[0m[90m | [0mremote: Counting objects:  61% (141/230)        [35m[LazyVim] [0m[36m        clone[0m[90m | [0mremote: Counting objects:  62% (143/230)        [35m[LazyVim] [0m[36m        clone[0m[90m | [0mremote: Counting objects:  63% (145/230)        [35m[LazyVim] [0m[36m        clone[0m[90m | [0mremote: Counting objects:  64% (148/230)        [35m[LazyVim] [0m[36m        clone[0m[90m | [0mremote: Counting objects:  65% (150/230)        [35m[LazyVim] [0m[36m        clone[0m[90m | [0mremote: Counting objects:  66% (152/230)        [35m[LazyVim] [0m[36m        clone[0m[90m | [0mremote: Counting objects:  67% (155/230)        [35m[LazyVim] [0m[36m        clone[0m[90m | [0mremote: Counting objects:  68% (157/230)        [35m[LazyVim] [0m[36m        clone[0m[90m | [0mremote: Counting objects:  69% (159/230)        [35m[LazyVim] [0m[36m        clone[0m[90m | [0mremote: Counting objects:  70% (161/230)        [35m[LazyVim] [0m[36m        clone[0m[90m | [0mremote: Counting objects:  71% (164/230)        [35m[LazyVim] [0m[36m        clone[0m[90m | [0mremote: Counting objects:  72% (166/230)        [35m[LazyVim] [0m[36m        clone[0m[90m | [0mremote: Counting objects:  73% (168/230)        [35m[LazyVim] [0m[36m        clone[0m[90m | [0mremote: Counting objects:  74% (171/230)        [35m[LazyVim] [0m[36m        clone[0m[90m | [0mremote: Counting objects:  75% (173/230)        [35m[LazyVim] [0m[36m        clone[0m[90m | [0mremote: Counting objects:  76% (175/230)        [35m[LazyVim] [0m[36m        clone[0m[90m | [0mremote: Counting objects:  77% (178/230)        [35m[LazyVim] [0m[36m        clone[0m[90m | [0mremote: Counting objects:  78% (180/230)        [35m[LazyVim] [0m[36m        clone[0m[90m | [0mremote: Counting objects:  79% (182/230)        [35m[LazyVim] [0m[36m        clone[0m[90m | [0mremote: Counting objects:  80% (184/230)        [35m[LazyVim] [0m[36m        clone[0m[90m | [0mremote: Counting objects:  81% (187/230)        [35m[LazyVim] [0m[36m        clone[0m[90m | [0mremote: Counting objects:  82% (189/230)        [35m[LazyVim] [0m[36m        clone[0m[90m | [0mremote: Counting objects:  83% (191/230)        [35m[LazyVim] [0m[36m        clone[0m[90m | [0mremote: Counting objects:  84% (194/230)        [35m[LazyVim] [0m[36m        clone[0m[90m | [0mremote: Counting objects:  85% (196/230)        [35m[LazyVim] [0m[36m        clone[0m[90m | [0mremote: Counting objects:  86% (198/230)        [35m[LazyVim] [0m[36m        clone[0m[90m | [0mremote: Counting objects:  87% (201/230)        [35m[LazyVim] [0m[36m        clone[0m[90m | [0mremote: Counting objects:  88% (203/230)        [35m[LazyVim] [0m[36m        clone[0m[90m | [0mremote: Counting objects:  89% (205/230)        [35m[LazyVim] [0m[36m        clone[0m[90m | [0mremote: Counting objects:  90% (207/230)        [35m[LazyVim] [0m[36m        clone[0m[90m | [0mremote: Counting objects:  91% (210/230)        [35m[LazyVim] [0m[36m        clone[0m[90m | [0mremote: Counting objects:  92% (212/230)        [35m[LazyVim] [0m[36m        clone[0m[90m | [0mremote: Counting objects:  93% (214/230)        [35m[LazyVim] [0m[36m        clone[0m[90m | [0mremote: Counting objects:  94% (217/230)        [35m[LazyVim] [0m[36m        clone[0m[90m | [0mremote: Counting objects:  95% (219/230)        [35m[LazyVim] [0m[36m        clone[0m[90m | [0mremote: Counting objects:  96% (221/230)        [35m[LazyVim] [0m[36m        clone[0m[90m | [0mremote: Counting objects:  97% (224/230)        [35m[LazyVim] [0m[36m        clone[0m[90m | [0mremote: Counting objects:  98% (226/230)        [35m[LazyVim] [0m[36m        clone[0m[90m | [0mremote: Counting objects:  99% (228/230)        [35m[LazyVim] [0m[36m        clone[0m[90m | [0mremote: Counting objects: 100% (230/230)        [35m[LazyVim] [0m[36m        clone[0m[90m | [0mremote: Counting objects: 100% (230/230), done.        
[35m[LazyVim] [0m[36m        clone[0m[90m | [0mremote: Compressing objects:   1% (1/85)        [35m[LazyVim] [0m[36m        clone[0m[90m | [0mremote: Compressing objects:   2% (2/85)        [35m[LazyVim] [0m[36m        clone[0m[90m | [0mremote: Compressing objects:   3% (3/85)        [35m[LazyVim] [0m[36m        clone[0m[90m | [0mremote: Compressing objects:   4% (4/85)        [35m[LazyVim] [0m[36m        clone[0m[90m | [0mremote: Compressing objects:   5% (5/85)        [35m[LazyVim] [0m[36m        clone[0m[90m | [0mremote: Compressing objects:   7% (6/85)        [35m[LazyVim] [0m[36m        clone[0m[90m | [0mremote: Compressing objects:   8% (7/85)        [35m[LazyVim] [0m[36m        clone[0m[90m | [0mremote: Compressing objects:   9% (8/85)        [35m[LazyVim] [0m[36m        clone[0m[90m | [0mremote: Compressing objects:  10% (9/85)        [35m[LazyVim] [0m[36m        clone[0m[90m | [0mremote: Compressing objects:  11% (10/85)        [35m[LazyVim] [0m[36m        clone[0m[90m | [0mremote: Compressing objects:  12% (11/85)        [35m[LazyVim] [0m[36m        clone[0m[90m | [0mremote: Compressing objects:  14% (12/85)        [35m[LazyVim] [0m[36m        clone[0m[90m | [0mremote: Compressing objects:  15% (13/85)        [35m[LazyVim] [0m[36m        clone[0m[90m | [0mremote: Compressing objects:  16% (14/85)        [35m[LazyVim] [0m[36m        clone[0m[90m | [0mremote: Compressing objects:  17% (15/85)        [35m[LazyVim] [0m[36m        clone[0m[90m | [0mremote: Compressing objects:  18% (16/85)        [35m[LazyVim] [0m[36m        clone[0m[90m | [0mremote: Compressing objects:  20% (17/85)        [35m[LazyVim] [0m[36m        clone[0m[90m | [0mremote: Compressing objects:  21% (18/85)        [35m[LazyVim] [0m[36m        clone[0m[90m | [0mremote: Compressing objects:  22% (19/85)        [35m[LazyVim] [0m[36m        clone[0m[90m | [0mremote: Compressing objects:  23% (20/85)        [35m[LazyVim] [0m[36m        clone[0m[90m | [0mremote: Compressing objects:  24% (21/85)        [35m[LazyVim] [0m[36m        clone[0m[90m | [0mremote: Compressing objects:  25% (22/85)        [35m[LazyVim] [0m[36m        clone[0m[90m | [0mremote: Compressing objects:  27% (23/85)        [35m[LazyVim] [0m[36m        clone[0m[90m | [0mremote: Compressing objects:  28% (24/85)        [35m[LazyVim] [0m[36m        clone[0m[90m | [0mremote: Compressing objects:  29% (25/85)        [35m[LazyVim] [0m[36m        clone[0m[90m | [0mremote: Compressing objects:  30% (26/85)        [35m[LazyVim] [0m[36m        clone[0m[90m | [0mremote: Compressing objects:  31% (27/85)        [35m[LazyVim] [0m[36m        clone[0m[90m | [0mremote: Compressing objects:  32% (28/85)        [35m[LazyVim] [0m[36m        clone[0m[90m | [0mremote: Compressing objects:  34% (29/85)        [35m[LazyVim] [0m[36m        clone[0m[90m | [0mremote: Compressing objects:  35% (30/85)        [35m[LazyVim] [0m[36m        clone[0m[90m | [0mremote: Compressing objects:  36% (31/85)        [35m[LazyVim] [0m[36m        clone[0m[90m | [0mremote: Compressing objects:  37% (32/85)        [35m[LazyVim] [0m[36m        clone[0m[90m | [0mremote: Compressing objects:  38% (33/85)        [35m[LazyVim] [0m[36m        clone[0m[90m | [0mremote: Compressing objects:  40% (34/85)        [35m[LazyVim] [0m[36m        clone[0m[90m | [0mremote: Compressing objects:  41% (35/85)        [35m[LazyVim] [0m[36m        clone[0m[90m | [0mremote: Compressing objects:  42% (36/85)        [35m[LazyVim] [0m[36m        clone[0m[90m | [0mremote: Compressing objects:  43% (37/85)        [35m[LazyVim] [0m[36m        clone[0m[90m | [0mremote: Compressing objects:  44% (38/85)        [35m[LazyVim] [0m[36m        clone[0m[90m | [0mremote: Compressing objects:  45% (39/85)        [35m[LazyVim] [0m[36m        clone[0m[90m | [0mremote: Compressing objects:  47% (40/85)        [35m[LazyVim] [0m[36m        clone[0m[90m | [0mremote: Compressing objects:  48% (41/85)        [35m[LazyVim] [0m[36m        clone[0m[90m | [0mremote: Compressing objects:  49% (42/85)        [35m[LazyVim] [0m[36m        clone[0m[90m | [0mremote: Compressing objects:  50% (43/85)        [35m[LazyVim] [0m[36m        clone[0m[90m | [0mremote: Compressing objects:  51% (44/85)        [35m[LazyVim] [0m[36m        clone[0m[90m | [0mremote: Compressing objects:  52% (45/85)        [35m[LazyVim] [0m[36m        clone[0m[90m | [0mremote: Compressing objects:  54% (46/85)        [35m[LazyVim] [0m[36m        clone[0m[90m | [0mremote: Compressing objects:  55% (47/85)        [35m[LazyVim] [0m[36m        clone[0m[90m | [0mremote: Compressing objects:  56% (48/85)        [35m[LazyVim] [0m[36m        clone[0m[90m | [0mremote: Compressing objects:  57% (49/85)        [35m[LazyVim] [0m[36m        clone[0m[90m | [0mremote: Compressing objects:  58% (50/85)        [35m[LazyVim] [0m[36m        clone[0m[90m | [0mremote: Compressing objects:  60% (51/85)        [35m[LazyVim] [0m[36m        clone[0m[90m | [0mremote: Compressing objects:  61% (52/85)        [35m[LazyVim] [0m[36m        clone[0m[90m | [0mremote: Compressing objects:  62% (53/85)        [35m[LazyVim] [0m[36m        clone[0m[90m | [0mremote: Compressing objects:  63% (54/85)        [35m[LazyVim] [0m[36m        clone[0m[90m | [0mremote: Compressing objects:  64% (55/85)        [35m[LazyVim] [0m[36m        clone[0m[90m | [0mremote: Compressing objects:  65% (56/85)        [35m[LazyVim] [0m[36m        clone[0m[90m | [0mremote: Compressing objects:  67% (57/85)        [35m[LazyVim] [0m[36m        clone[0m[90m | [0mremote: Compressing objects:  68% (58/85)        [35m[LazyVim] [0m[36m        clone[0m[90m | [0mremote: Compressing objects:  69% (59/85)        [35m[LazyVim] [0m[36m        clone[0m[90m | [0mremote: Compressing objects:  70% (60/85)        [35m[LazyVim] [0m[36m        clone[0m[90m | [0mremote: Compressing objects:  71% (61/85)        [35m[LazyVim] [0m[36m        clone[0m[90m | [0mremote: Compressing objects:  72% (62/85)        [35m[LazyVim] [0m[36m        clone[0m[90m | [0mremote: Compressing objects:  74% (63/85)        [35m[LazyVim] [0m[36m        clone[0m[90m | [0mremote: Compressing objects:  75% (64/85)        [35m[LazyVim] [0m[36m        clone[0m[90m | [0mremote: Compressing objects:  76% (65/85)        [35m[LazyVim] [0m[36m        clone[0m[90m | [0mremote: Compressing objects:  77% (66/85)        [35m[LazyVim] [0m[36m        clone[0m[90m | [0mremote: Compressing objects:  78% (67/85)        [35m[LazyVim] [0m[36m        clone[0m[90m | [0mremote: Compressing objects:  80% (68/85)        [35m[LazyVim] [0m[36m        clone[0m[90m | [0mremote: Compressing objects:  81% (69/85)        [35m[LazyVim] [0m[36m        clone[0m[90m | [0mremote: Compressing objects:  82% (70/85)        [35m[LazyVim] [0m[36m        clone[0m[90m | [0mremote: Compressing objects:  83% (71/85)        [35m[LazyVim] [0m[36m        clone[0m[90m | [0mremote: Compressing objects:  84% (72/85)        [35m[LazyVim] [0m[36m        clone[0m[90m | [0mremote: Compressing objects:  85% (73/85)        [35m[LazyVim] [0m[36m        clone[0m[90m | [0mremote: Compressing objects:  87% (74/85)        [35m[LazyVim] [0m[36m        clone[0m[90m | [0mremote: Compressing objects:  88% (75/85)        [35m[LazyVim] [0m[36m        clone[0m[90m | [0mremote: Compressing objects:  89% (76/85)        [35m[LazyVim] [0m[36m        clone[0m[90m | [0mremote: Compressing objects:  90% (77/85)        [35m[LazyVim] [0m[36m        clone[0m[90m | [0mremote: Compressing objects:  91% (78/85)        [35m[LazyVim] [0m[36m        clone[0m[90m | [0mremote: Compressing objects:  92% (79/85)        [35m[LazyVim] [0m[36m        clone[0m[90m | [0mremote: Compressing objects:  94% (80/85)        [35m[LazyVim] [0m[36m        clone[0m[90m | [0mremote: Compressing objects:  95% (81/85)        [35m[LazyVim] [0m[36m        clone[0m[90m | [0mremote: Compressing objects:  96% (82/85)        [35m[LazyVim] [0m[36m        clone[0m[90m | [0mremote: Compressing objects:  97% (83/85)        [35m[LazyVim] [0m[36m        clone[0m[90m | [0mremote: Compressing objects:  98% (84/85)        [35m[LazyVim] [0m[36m        clone[0m[90m | [0mremote: Compressing objects: 100% (85/85)        [35m[LazyVim] [0m[36m        clone[0m[90m | [0mremote: Compressing objects: 100% (85/85), done.        
[35m[Comment.nvim] [0m[36m   clone[0m[90m | [0mReceiving objects:   0% (1/1064)[35m[Comment.nvim] [0m[36m   clone[0m[90m | [0mReceiving objects:   1% (11/1064)[35m[Comment.nvim] [0m[36m   clone[0m[90m | [0mReceiving objects:   2% (22/1064)[35m[Comment.nvim] [0m[36m   clone[0m[90m | [0mReceiving objects:   3% (32/1064)[35m[Comment.nvim] [0m[36m   clone[0m[90m | [0mReceiving objects:   4% (43/1064)[35m[Comment.nvim] [0m[36m   clone[0m[90m | [0mReceiving objects:   5% (54/1064)[35m[Comment.nvim] [0m[36m   clone[0m[90m | [0mReceiving objects:   6% (64/1064)[35m[Comment.nvim] [0m[36m   clone[0m[90m | [0mReceiving objects:   7% (75/1064)[35m[Comment.nvim] [0m[36m   clone[0m[90m | [0mReceiving objects:   8% (86/1064)[35m[Comment.nvim] [0m[36m   clone[0m[90m | [0mReceiving objects:   9% (96/1064)[35m[Comment.nvim] [0m[36m   clone[0m[90m | [0mReceiving objects:  10% (107/1064)[35m[Comment.nvim] [0m[36m   clone[0m[90m | [0mReceiving objects:  11% (118/1064)[35m[Comment.nvim] [0m[36m   clone[0m[90m | [0mReceiving objects:  12% (128/1064)[35m[Comment.nvim] [0m[36m   clone[0m[90m | [0mReceiving objects:  13% (139/1064)[35m[Comment.nvim] [0m[36m   clone[0m[90m | [0mReceiving objects:  14% (149/1064)[35m[Comment.nvim] [0m[36m   clone[0m[90m | [0mReceiving objects:  15% (160/1064)[35m[Comment.nvim] [0m[36m   clone[0m[90m | [0mReceiving objects:  16% (171/1064)[35m[Comment.nvim] [0m[36m   clone[0m[90m | [0mReceiving objects:  17% (181/1064)[35m[Comment.nvim] [0m[36m   clone[0m[90m | [0mReceiving objects:  18% (192/1064)[35m[Comment.nvim] [0m[36m   clone[0m[90m | [0mReceiving objects:  19% (203/1064)[35m[Comment.nvim] [0m[36m   clone[0m[90m | [0mReceiving objects:  20% (213/1064)[35m[LazyVim] [0m[36m        clone[0m[90m | [0mReceiving objects:   0% (1/16842)[35m[Comment.nvim] [0m[36m   clone[0m[90m | [0mReceiving objects:  21% (224/1064)[35m[Comment.nvim] [0m[36m   clone[0m[90m | [0mReceiving objects:  22% (235/1064)[35m[Comment.nvim] [0m[36m   clone[0m[90m | [0mReceiving objects:  23% (245/1064)[35m[Comment.nvim] [0m[36m   clone[0m[90m | [0mReceiving objects:  24% (256/1064)[35m[Comment.nvim] [0m[36m   clone[0m[90m | [0mReceiving objects:  25% (266/1064)[35m[Comment.nvim] [0m[36m   clone[0m[90m | [0mReceiving objects:  26% (277/1064)[35m[Comment.nvim] [0m[36m   clone[0m[90m | [0mReceiving objects:  27% (288/1064)[35m[Comment.nvim] [0m[36m   clone[0m[90m | [0mReceiving objects:  28% (298/1064)[35m[Comment.nvim] [0m[36m   clone[0m[90m | [0mReceiving objects:  29% (309/1064)[35m[Comment.nvim] [0m[36m   clone[0m[90m | [0mReceiving objects:  30% (320/1064)[35m[Comment.nvim] [0m[36m   clone[0m[90m | [0mReceiving objects:  31% (330/1064)[35m[Comment.nvim] [0m[36m   clone[0m[90m | [0mReceiving objects:  32% (341/1064)[35m[Comment.nvim] [0m[36m   clone[0m[90m | [0mReceiving objects:  33% (352/1064)[35m[Comment.nvim] [0m[36m   clone[0m[90m | [0mReceiving objects:  34% (362/1064)[35m[Comment.nvim] [0m[36m   clone[0m[90m | [0mReceiving objects:  35% (373/1064)[35m[Comment.nvim] [0m[36m   clone[0m[90m | [0mReceiving objects:  36% (384/1064)[35m[Comment.nvim] [0m[36m   clone[0m[90m | [0mReceiving objects:  37% (394/1064)[35m[Comment.nvim] [0m[36m   clone[0m[90m | [0mReceiving objects:  38% (405/1064)[35m[Comment.nvim] [0m[36m   clone[0m[90m | [0mReceiving objects:  39% (415/1064)[35m[Comment.nvim] [0m[36m   clone[0m[90m | [0mReceiving objects:  40% (426/1064)[35m[Comment.nvim] [0m[36m   clone[0m[90m | [0mReceiving objects:  41% (437/1064)[35m[Comment.nvim] [0m[36m   clone[0m[90m | [0mReceiving objects:  42% (447/1064)[35m[Comment.nvim] [0m[36m   clone[0m[90m | [0mReceiving objects:  43% (458/1064)[35m[Comment.nvim] [0m[36m   clone[0m[90m | [0mReceiving objects:  44% (469/1064)[35m[Comment.nvim] [0m[36m   clone[0m[90m | [0mReceiving objects:  45% (479/1064)[35m[Comment.nvim] [0m[36m   clone[0m[90m | [0mReceiving objects:  46% (490/1064)[35m[Comment.nvim] [0m[36m   clone[0m[90m | [0mReceiving objects:  47% (501/1064)[35m[Comment.nvim] [0m[36m   clone[0m[90m | [0mReceiving objects:  48% (511/1064)[35m[Comment.nvim] [0m[36m   clone[0m[90m | [0mReceiving objects:  49% (522/1064)[35m[Comment.nvim] [0m[36m   clone[0m[90m | [0mReceiving objects:  50% (532/1064)[35m[Comment.nvim] [0m[36m   clone[0m[90m | [0mReceiving objects:  51% (543/1064)[35m[Comment.nvim] [0m[36m   clone[0m[90m | [0mReceiving objects:  52% (554/1064)[35m[Comment.nvim] [0m[36m   clone[0m[90m | [0mReceiving objects:  53% (564/1064)[35m[Comment.nvim] [0m[36m   clone[0m[90m | [0mReceiving objects:  54% (575/1064)[35m[Comment.nvim] [0m[36m   clone[0m[90m | [0mReceiving objects:  55% (586/1064)[35m[Comment.nvim] [0m[36m   clone[0m[90m | [0mReceiving objects:  56% (596/1064)[35m[Comment.nvim] [0m[36m   clone[0m[90m | [0mReceiving objects:  57% (607/1064)[35m[Comment.nvim] [0m[36m   clone[0m[90m | [0mReceiving objects:  58% (618/1064)[35m[Comment.nvim] [0m[36m   clone[0m[90m | [0mReceiving objects:  59% (628/1064)[35m[Comment.nvim] [0m[36m   clone[0m[90m | [0mReceiving objects:  60% (639/1064)[35m[Comment.nvim] [0m[36m   clone[0m[90m | [0mReceiving objects:  61% (650/1064)[35m[Comment.nvim] [0m[36m   clone[0m[90m | [0mReceiving objects:  62% (660/1064)[35m[Comment.nvim] [0m[36m   clone[0m[90m | [0mReceiving objects:  63% (671/1064)[35m[Comment.nvim] [0m[36m   clone[0m[90m | [0mReceiving objects:  64% (681/1064)[35m[Comment.nvim] [0m[36m   clone[0m[90m | [0mReceiving objects:  65% (692/1064)[35m[Comment.nvim] [0m[36m   clone[0m[90m | [0mReceiving objects:  66% (703/1064)[35m[Comment.nvim] [0m[36m   clone[0m[90m | [0mReceiving objects:  67% (713/1064)[35m[Comment.nvim] [0m[36m   clone[0m[90m | [0mReceiving objects:  68% (724/1064)[35m[Comment.nvim] [0m[36m   clone[0m[90m | [0mReceiving objects:  69% (735/1064)[35m[Comment.nvim] [0m[36m   clone[0m[90m | [0mReceiving objects:  70% (745/1064)[35m[Comment.nvim] [0m[36m   clone[0m[90m | [0mReceiving objects:  71% (756/1064)[35m[Comment.nvim] [0m[36m   clone[0m[90m | [0mReceiving objects:  72% (767/1064)[35m[Comment.nvim] [0m[36m   clone[0m[90m | [0mReceiving objects:  73% (777/1064)[35m[Comment.nvim] [0m[36m   clone[0m[90m | [0mReceiving objects:  74% (788/1064)[35m[Comment.nvim] [0m[36m   clone[0m[90m | [0mReceiving objects:  75% (798/1064)[35m[Comment.nvim] [0m[36m   clone[0m[90m | [0mReceiving objects:  76% (809/1064)[35m[Comment.nvim] [0m[36m   clone[0m[90m | [0mReceiving objects:  77% (820/1064)[35m[Comment.nvim] [0m[36m   clone[0m[90m | [0mReceiving objects:  78% (830/1064)[35m[Comment.nvim] [0m[36m   clone[0m[90m | [0mReceiving objects:  79% (841/1064)[35m[Comment.nvim] [0m[36m   clone[0m[90m | [0mReceiving objects:  80% (852/1064)[35m[Comment.nvim] [0m[36m   clone[0m[90m | [0mReceiving objects:  81% (862/1064)[35m[Comment.nvim] [0m[36m   clone[0m[90m | [0mReceiving objects:  82% (873/1064)[35m[Comment.nvim] [0m[36m   clone[0m[90m | [0mReceiving objects:  83% (884/1064)[35m[Comment.nvim] [0m[36m   clone[0m[90m | [0mReceiving objects:  84% (894/1064)[35m[Comment.nvim] [0m[36m   clone[0m[90m | [0mReceiving objects:  85% (905/1064)[35m[Comment.nvim] [0m[36m   clone[0m[90m | [0mReceiving objects:  86% (916/1064)[35m[Comment.nvim] [0m[36m   clone[0m[90m | [0mReceiving objects:  87% (926/1064)[35m[Comment.nvim] [0m[36m   clone[0m[90m | [0mremote: Total 1064 (delta 108), reused 50 (delta 50), pack-reused 921 (from 2)        
[35m[Comment.nvim] [0m[36m   clone[0m[90m | [0mReceiving objects:  88% (937/1064)[35m[Comment.nvim] [0m[36m   clone[0m[90m | [0mReceiving objects:  89% (947/1064)[35m[Comment.nvim] [0m[36m   clone[0m[90m | [0mReceiving objects:  90% (958/1064)[35m[Comment.nvim] [0m[36m   clone[0m[90m | [0mReceiving objects:  91% (969/1064)[35m[Comment.nvim] [0m[36m   clone[0m[90m | [0mReceiving objects:  92% (979/1064)[35m[Comment.nvim] [0m[36m   clone[0m[90m | [0mReceiving objects:  93% (990/1064)[35m[Comment.nvim] [0m[36m   clone[0m[90m | [0mReceiving objects:  94% (1001/1064)[35m[Comment.nvim] [0m[36m   clone[0m[90m | [0mReceiving objects:  95% (1011/1064)[35m[Comment.nvim] [0m[36m   clone[0m[90m | [0mReceiving objects:  96% (1022/1064)[35m[Comment.nvim] [0m[36m   clone[0m[90m | [0mReceiving objects:  97% (1033/1064)[35m[Comment.nvim] [0m[36m   clone[0m[90m | [0mReceiving objects:  98% (1043/1064)[35m[Comment.nvim] [0m[36m   clone[0m[90m | [0mReceiving objects:  99% (1054/1064)[35m[Comment.nvim] [0m[36m   clone[0m[90m | [0mReceiving objects: 100% (1064/1064)[35m[Comment.nvim] [0m[36m   clone[0m[90m | [0mReceiving objects: 100% (1064/1064), 183.49 KiB | 4.08 MiB/s, done.
[35m[Comment.nvim] [0m[36m   clone[0m[90m | [0mResolving deltas:   0% (0/415)[35m[Comment.nvim] [0m[36m   clone[0m[90m | [0mResolving deltas:   1% (5/415)[35m[Comment.nvim] [0m[36m   clone[0m[90m | [0mResolving deltas:   2% (9/415)[35m[Comment.nvim] [0m[36m   clone[0m[90m | [0mResolving deltas:   3% (16/415)[35m[Comment.nvim] [0m[36m   clone[0m[90m | [0mResolving deltas:   4% (17/415)[35m[Comment.nvim] [0m[36m   clone[0m[90m | [0mResolving deltas:   5% (21/415)[35m[Comment.nvim] [0m[36m   clone[0m[90m | [0mResolving deltas:   6% (25/415)[35m[Comment.nvim] [0m[36m   clone[0m[90m | [0mResolving deltas:   7% (30/415)[35m[Comment.nvim] [0m[36m   clone[0m[90m | [0mResolving deltas:   8% (34/415)[35m[Comment.nvim] [0m[36m   clone[0m[90m | [0mResolving deltas:   9% (38/415)[35m[Comment.nvim] [0m[36m   clone[0m[90m | [0mResolving deltas:  10% (42/415)[35m[Comment.nvim] [0m[36m   clone[0m[90m | [0mResolving deltas:  11% (46/415)[35m[Comment.nvim] [0m[36m   clone[0m[90m | [0mResolving deltas:  12% (51/415)[35m[Comment.nvim] [0m[36m   clone[0m[90m | [0mResolving deltas:  13% (54/415)[35m[Comment.nvim] [0m[36m   clone[0m[90m | [0mResolving deltas:  14% (59/415)[35m[Comment.nvim] [0m[36m   clone[0m[90m | [0mResolving deltas:  15% (63/415)[35m[Comment.nvim] [0m[36m   clone[0m[90m | [0mResolving deltas:  16% (67/415)[35m[Comment.nvim] [0m[36m   clone[0m[90m | [0mResolving deltas:  17% (71/415)[35m[Comment.nvim] [0m[36m   clone[0m[90m | [0mResolving deltas:  18% (76/415)[35m[Comment.nvim] [0m[36m   clone[0m[90m | [0mResolving deltas:  19% (79/415)[35m[Comment.nvim] [0m[36m   clone[0m[90m | [0mResolving deltas:  20% (83/415)[35m[Comment.nvim] [0m[36m   clone[0m[90m | [0mResolving deltas:  21% (88/415)[35m[Comment.nvim] [0m[36m   clone[0m[90m | [0mResolving deltas:  22% (92/415)[35m[Comment.nvim] [0m[36m   clone[0m[90m | [0mResolving deltas:  23% (96/415)[35m[Comment.nvim] [0m[36m   clone[0m[90m | [0mResolving deltas:  24% (100/415)[35m[Comment.nvim] [0m[36m   clone[0m[90m | [0mResolving deltas:  25% (104/415)[35m[Comment.nvim] [0m[36m   clone[0m[90m | [0mResolving deltas:  26% (110/415)[35m[Comment.nvim] [0m[36m   clone[0m[90m | [0mResolving deltas:  27% (113/415)[35m[Comment.nvim] [0m[36m   clone[0m[90m | [0mResolving deltas:  28% (117/415)[35m[Comment.nvim] [0m[36m   clone[0m[90m | [0mResolving deltas:  29% (121/415)[35m[Comment.nvim] [0m[36m   clone[0m[90m | [0mResolving deltas:  30% (125/415)[35m[Comment.nvim] [0m[36m   clone[0m[90m | [0mResolving deltas:  31% (129/415)[35m[Comment.nvim] [0m[36m   clone[0m[90m | [0mResolving deltas:  32% (133/415)[35m[Comment.nvim] [0m[36m   clone[0m[90m | [0mResolving deltas:  33% (137/415)[35m[Comment.nvim] [0m[36m   clone[0m[90m | [0mResolving deltas:  34% (142/415)[35m[Comment.nvim] [0m[36m   clone[0m[90m | [0mResolving deltas:  35% (146/415)[35m[Comment.nvim] [0m[36m   clone[0m[90m | [0mResolving deltas:  36% (150/415)[35m[Comment.nvim] [0m[36m   clone[0m[90m | [0mResolving deltas:  37% (154/415)[35m[Comment.nvim] [0m[36m   clone[0m[90m | [0mResolving deltas:  38% (159/415)[35m[Comment.nvim] [0m[36m   clone[0m[90m | [0mResolving deltas:  39% (164/415)[35m[Comment.nvim] [0m[36m   clone[0m[90m | [0mResolving deltas:  40% (166/415)[35m[Comment.nvim] [0m[36m   clone[0m[90m | [0mResolving deltas:  41% (171/415)[35m[Comment.nvim] [0m[36m   clone[0m[90m | [0mResolving deltas:  42% (175/415)[35m[Comment.nvim] [0m[36m   clone[0m[90m | [0mResolving deltas:  43% (180/415)[35m[Comment.nvim] [0m[36m   clone[0m[90m | [0mResolving deltas:  44% (183/415)[35m[Comment.nvim] [0m[36m   clone[0m[90m | [0mResolving deltas:  45% (187/415)[35m[Comment.nvim] [0m[36m   clone[0m[90m | [0mResolving deltas:  46% (194/415)[35m[Comment.nvim] [0m[36m   clone[0m[90m | [0mResolving deltas:  47% (196/415)[35m[Comment.nvim] [0m[36m   clone[0m[90m | [0mResolving deltas:  48% (200/415)[35m[Comment.nvim] [0m[36m   clone[0m[90m | [0mResolving deltas:  49% (206/415)[35m[Comment.nvim] [0m[36m   clone[0m[90m | [0mResolving deltas:  50% (209/415)[35m[Comment.nvim] [0m[36m   clone[0m[90m | [0mResolving deltas:  51% (212/415)[35m[Comment.nvim] [0m[36m   clone[0m[90m | [0mResolving deltas:  52% (216/415)[35m[Comment.nvim] [0m[36m   clone[0m[90m | [0mResolving deltas:  53% (220/415)[35m[Comment.nvim] [0m[36m   clone[0m[90m | [0mResolving deltas:  54% (225/415)[35m[Comment.nvim] [0m[36m   clone[0m[90m | [0mResolving deltas:  55% (229/415)[35m[Comment.nvim] [0m[36m   clone[0m[90m | [0mResolving deltas:  56% (233/415)[35m[Comment.nvim] [0m[36m   clone[0m[90m | [0mResolving deltas:  57% (237/415)[35m[Comment.nvim] [0m[36m   clone[0m[90m | [0mResolving deltas:  58% (242/415)[35m[Comment.nvim] [0m[36m   clone[0m[90m | [0mResolving deltas:  59% (245/415)[35m[Comment.nvim] [0m[36m   clone[0m[90m | [0mResolving deltas:  60% (249/415)[35m[Comment.nvim] [0m[36m   clone[0m[90m | [0mResolving deltas:  61% (255/415)[35m[Comment.nvim] [0m[36m   clone[0m[90m | [0mResolving deltas:  62% (258/415)[35m[Comment.nvim] [0m[36m   clone[0m[90m | [0mResolving deltas:  63% (263/415)[35m[Comment.nvim] [0m[36m   clone[0m[90m | [0mResolving deltas:  64% (266/415)[35m[Comment.nvim] [0m[36m   clone[0m[90m | [0mResolving deltas:  65% (270/415)[35m[Comment.nvim] [0m[36m   clone[0m[90m | [0mResolving deltas:  66% (274/415)[35m[Comment.nvim] [0m[36m   clone[0m[90m | [0mResolving deltas:  67% (280/415)[35m[Comment.nvim] [0m[36m   clone[0m[90m | [0mResolving deltas:  68% (283/415)[35m[Comment.nvim] [0m[36m   clone[0m[90m | [0mResolving deltas:  69% (288/415)[35m[Comment.nvim] [0m[36m   clone[0m[90m | [0mResolving deltas:  70% (292/415)[35m[Comment.nvim] [0m[36m   clone[0m[90m | [0mResolving deltas:  71% (295/415)[35m[Comment.nvim] [0m[36m   clone[0m[90m | [0mResolving deltas:  72% (299/415)[35m[Comment.nvim] [0m[36m   clone[0m[90m | [0mResolving deltas:  73% (303/415)[35m[Comment.nvim] [0m[36m   clone[0m[90m | [0mResolving deltas:  74% (308/415)[35m[Comment.nvim] [0m[36m   clone[0m[90m | [0mResolving deltas:  75% (312/415)[35m[Comment.nvim] [0m[36m   clone[0m[90m | [0mResolving deltas:  76% (316/415)[35m[Comment.nvim] [0m[36m   clone[0m[90m | [0mResolving deltas:  77% (320/415)[35m[Comment.nvim] [0m[36m   clone[0m[90m | [0mResolving deltas:  78% (324/415)[35m[Comment.nvim] [0m[36m   clone[0m[90m | [0mResolving deltas:  79% (328/415)[35m[Comment.nvim] [0m[36m   clone[0m[90m | [0mResolving deltas:  80% (332/415)[35m[Comment.nvim] [0m[36m   clone[0m[90m | [0mResolving deltas:  81% (337/415)[35m[Comment.nvim] [0m[36m   clone[0m[90m | [0mResolving deltas:  82% (341/415)[35m[Comment.nvim] [0m[36m   clone[0m[90m | [0mResolving deltas:  83% (346/415)[35m[Comment.nvim] [0m[36m   clone[0m[90m | [0mResolving deltas:  84% (351/415)[35m[Comment.nvim] [0m[36m   clone[0m[90m | [0mResolving deltas:  85% (353/415)[35m[Comment.nvim] [0m[36m   clone[0m[90m | [0mResolving deltas:  86% (357/415)[35m[Comment.nvim] [0m[36m   clone[0m[90m | [0mResolving deltas:  87% (363/415)[35m[Comment.nvim] [0m[36m   clone[0m[90m | [0mResolving deltas:  88% (366/415)[35m[Comment.nvim] [0m[36m   clone[0m[90m | [0mResolving deltas:  89% (370/415)[35m[Comment.nvim] [0m[36m   clone[0m[90m | [0mResolving deltas:  90% (374/415)[35m[Comment.nvim] [0m[36m   clone[0m[90m | [0mResolving deltas:  91% (378/415)[35m[Comment.nvim] [0m[36m   clone[0m[90m | [0mResolving deltas:  92% (382/415)[35m[Comment.nvim] [0m[36m   clone[0m[90m | [0mResolving deltas:  93% (386/415)[35m[Comment.nvim] [0m[36m   clone[0m[90m | [0mResolving deltas:  94% (391/415)[35m[Comment.nvim] [0m[36m   clone[0m[90m | [0mResolving deltas:  95% (395/415)[35m[Comment.nvim] [0m[36m   clone[0m[90m | [0mResolving deltas:  96% (399/415)[35m[Comment.nvim] [0m[36m   clone[0m[90m | [0mResolving deltas:  97% (403/415)[35m[Comment.nvim] [0m[36m   clone[0m[90m | [0mResolving deltas:  98% (408/415)[35m[Comment.nvim] [0m[36m   clone[0m[90m | [0mResolving deltas:  99% (411/415)[35m[Comment.nvim] [0m[36m   clone[0m[90m | [0mResolving deltas: 100% (415/415)[35m[Comment.nvim] [0m[36m   clone[0m[90m | [0mResolving deltas: 100% (415/415), done.
[35m[LazyVim] [0m[36m        clone[0m[90m | [0mReceiving objects:   1% (169/16842)[35m[LazyVim] [0m[36m        clone[0m[90m | [0mReceiving objects:   2% (337/16842)[35m[LazyVim] [0m[36m        clone[0m[90m | [0mReceiving objects:   3% (506/16842)[35m[LazyVim] [0m[36m        clone[0m[90m | [0mReceiving objects:   4% (674/16842)[35m[cmp-buffer] [0m[36m     clone[0m[90m | [0mremote: Enumerating objects: 166, done.        
[35m[cmp-buffer] [0m[36m     clone[0m[90m | [0mremote: Counting objects:  25% (1/4)        [35m[cmp-buffer] [0m[36m     clone[0m[90m | [0mremote: Counting objects:  50% (2/4)        [35m[cmp-buffer] [0m[36m     clone[0m[90m | [0mremote: Counting objects:  75% (3/4)        [35m[cmp-buffer] [0m[36m     clone[0m[90m | [0mremote: Counting objects: 100% (4/4)        [35m[cmp-buffer] [0m[36m     clone[0m[90m | [0mremote: Counting objects: 100% (4/4), done.        
[35m[cmp-buffer] [0m[36m     clone[0m[90m | [0mremote: Compressing objects:  25% (1/4)        [35m[cmp-buffer] [0m[36m     clone[0m[90m | [0mremote: Compressing objects:  50% (2/4)        [35m[cmp-buffer] [0m[36m     clone[0m[90m | [0mremote: Compressing objects:  75% (3/4)        [35m[cmp-buffer] [0m[36m     clone[0m[90m | [0mremote: Compressing objects: 100% (4/4)        [35m[cmp-buffer] [0m[36m     clone[0m[90m | [0mremote: Compressing objects: 100% (4/4), done.        
[35m[LazyVim] [0m[36m        clone[0m[90m | [0mReceiving objects:   5% (843/16842)[35m[cmp-buffer] [0m[36m     clone[0m[90m | [0mReceiving objects:   0% (1/166)[35m[cmp-buffer] [0m[36m     clone[0m[90m | [0mReceiving objects:   1% (2/166)[35m[cmp-buffer] [0m[36m     clone[0m[90m | [0mReceiving objects:   2% (4/166)[35m[cmp-buffer] [0m[36m     clone[0m[90m | [0mReceiving objects:   3% (5/166)[35m[cmp-buffer] [0m[36m     clone[0m[90m | [0mReceiving objects:   4% (7/166)[35m[cmp-buffer] [0m[36m     clone[0m[90m | [0mReceiving objects:   5% (9/166)[35m[cmp-buffer] [0m[36m     clone[0m[90m | [0mReceiving objects:   6% (10/166)[35m[cmp-buffer] [0m[36m     clone[0m[90m | [0mReceiving objects:   7% (12/166)[35m[cmp-buffer] [0m[36m     clone[0m[90m | [0mReceiving objects:   8% (14/166)[35m[cmp-buffer] [0m[36m     clone[0m[90m | [0mReceiving objects:   9% (15/166)[35m[cmp-buffer] [0m[36m     clone[0m[90m | [0mReceiving objects:  10% (17/166)[35m[cmp-buffer] [0m[36m     clone[0m[90m | [0mReceiving objects:  11% (19/166)[35m[cmp-buffer] [0m[36m     clone[0m[90m | [0mReceiving objects:  12% (20/166)[35m[cmp-buffer] [0m[36m     clone[0m[90m | [0mReceiving objects:  13% (22/166)[35m[cmp-buffer] [0m[36m     clone[0m[90m | [0mReceiving objects:  14% (24/166)[35m[cmp-buffer] [0m[36m     clone[0m[90m | [0mReceiving objects:  15% (25/166)[35m[cmp-buffer] [0m[36m     clone[0m[90m | [0mReceiving objects:  16% (27/166)[35m[cmp-buffer] [0m[36m     clone[0m[90m | [0mReceiving objects:  17% (29/166)[35m[cmp-buffer] [0m[36m     clone[0m[90m | [0mReceiving objects:  18% (30/166)[35m[cmp-buffer] [0m[36m     clone[0m[90m | [0mReceiving objects:  19% (32/166)[35m[cmp-buffer] [0m[36m     clone[0m[90m | [0mReceiving objects:  20% (34/166)[35m[cmp-buffer] [0m[36m     clone[0m[90m | [0mReceiving objects:  21% (35/166)[35m[cmp-buffer] [0m[36m     clone[0m[90m | [0mReceiving objects:  22% (37/166)[35m[cmp-buffer] [0m[36m     clone[0m[90m | [0mReceiving objects:  23% (39/166)[35m[cmp-buffer] [0m[36m     clone[0m[90m | [0mReceiving objects:  24% (40/166)[35m[cmp-buffer] [0m[36m     clone[0m[90m | [0mReceiving objects:  25% (42/166)[35m[cmp-buffer] [0m[36m     clone[0m[90m | [0mReceiving objects:  26% (44/166)[35m[cmp-buffer] [0m[36m     clone[0m[90m | [0mReceiving objects:  27% (45/166)[35m[cmp-buffer] [0m[36m     clone[0m[90m | [0mReceiving objects:  28% (47/166)[35m[cmp-buffer] [0m[36m     clone[0m[90m | [0mReceiving objects:  29% (49/166)[35m[cmp-buffer] [0m[36m     clone[0m[90m | [0mReceiving objects:  30% (50/166)[35m[cmp-buffer] [0m[36m     clone[0m[90m | [0mReceiving objects:  31% (52/166)[35m[cmp-buffer] [0m[36m     clone[0m[90m | [0mReceiving objects:  32% (54/166)[35m[cmp-buffer] [0m[36m     clone[0m[90m | [0mReceiving objects:  33% (55/166)[35m[cmp-buffer] [0m[36m     clone[0m[90m | [0mReceiving objects:  34% (57/166)[35m[cmp-buffer] [0m[36m     clone[0m[90m | [0mReceiving objects:  35% (59/166)[35m[cmp-buffer] [0m[36m     clone[0m[90m | [0mReceiving objects:  36% (60/166)[35m[cmp-buffer] [0m[36m     clone[0m[90m | [0mReceiving objects:  37% (62/166)[35m[cmp-buffer] [0m[36m     clone[0m[90m | [0mReceiving objects:  38% (64/166)[35m[cmp-buffer] [0m[36m     clone[0m[90m | [0mReceiving objects:  39% (65/166)[35m[cmp-buffer] [0m[36m     clone[0m[90m | [0mReceiving objects:  40% (67/166)[35m[cmp-buffer] [0m[36m     clone[0m[90m | [0mReceiving objects:  41% (69/166)[35m[cmp-buffer] [0m[36m     clone[0m[90m | [0mReceiving objects:  42% (70/166)[35m[cmp-buffer] [0m[36m     clone[0m[90m | [0mReceiving objects:  43% (72/166)[35m[cmp-buffer] [0m[36m     clone[0m[90m | [0mReceiving objects:  44% (74/166)[35m[cmp-buffer] [0m[36m     clone[0m[90m | [0mReceiving objects:  45% (75/166)[35m[cmp-buffer] [0m[36m     clone[0m[90m | [0mReceiving objects:  46% (77/166)[35m[cmp-buffer] [0m[36m     clone[0m[90m | [0mReceiving objects:  47% (79/166)[35m[cmp-buffer] [0m[36m     clone[0m[90m | [0mReceiving objects:  48% (80/166)[35m[cmp-buffer] [0m[36m     clone[0m[90m | [0mReceiving objects:  49% (82/166)[35m[cmp-buffer] [0m[36m     clone[0m[90m | [0mReceiving objects:  50% (83/166)[35m[cmp-buffer] [0m[36m     clone[0m[90m | [0mReceiving objects:  51% (85/166)[35m[cmp-buffer] [0m[36m     clone[0m[90m | [0mReceiving objects:  52% (87/166)[35m[cmp-buffer] [0m[36m     clone[0m[90m | [0mReceiving objects:  53% (88/166)[35m[cmp-buffer] [0m[36m     clone[0m[90m | [0mReceiving objects:  54% (90/166)[35m[cmp-buffer] [0m[36m     clone[0m[90m | [0mReceiving objects:  55% (92/166)[35m[cmp-buffer] [0m[36m     clone[0m[90m | [0mReceiving objects:  56% (93/166)[35m[cmp-buffer] [0m[36m     clone[0m[90m | [0mReceiving objects:  57% (95/166)[35m[cmp-buffer] [0m[36m     clone[0m[90m | [0mReceiving objects:  58% (97/166)[35m[cmp-buffer] [0m[36m     clone[0m[90m | [0mReceiving objects:  59% (98/166)[35m[cmp-buffer] [0m[36m     clone[0m[90m | [0mReceiving objects:  60% (100/166)[35m[cmp-buffer] [0m[36m     clone[0m[90m | [0mReceiving objects:  61% (102/166)[35m[cmp-buffer] [0m[36m     clone[0m[90m | [0mReceiving objects:  62% (103/166)[35m[cmp-buffer] [0m[36m     clone[0m[90m | [0mReceiving objects:  63% (105/166)[35m[cmp-buffer] [0m[36m     clone[0m[90m | [0mReceiving objects:  64% (107/166)[35m[cmp-buffer] [0m[36m     clone[0m[90m | [0mReceiving objects:  65% (108/166)[35m[cmp-buffer] [0m[36m     clone[0m[90m | [0mReceiving objects:  66% (110/166)[35m[cmp-buffer] [0m[36m     clone[0m[90m | [0mReceiving objects:  67% (112/166)[35m[cmp-buffer] [0m[36m     clone[0m[90m | [0mReceiving objects:  68% (113/166)[35m[cmp-buffer] [0m[36m     clone[0m[90m | [0mReceiving objects:  69% (115/166)[35m[cmp-buffer] [0m[36m     clone[0m[90m | [0mReceiving objects:  70% (117/166)[35m[cmp-buffer] [0m[36m     clone[0m[90m | [0mReceiving objects:  71% (118/166)[35m[cmp-buffer] [0m[36m     clone[0m[90m | [0mReceiving objects:  72% (120/166)[35m[cmp-buffer] [0m[36m     clone[0m[90m | [0mReceiving objects:  73% (122/166)[35m[cmp-buffer] [0m[36m     clone[0m[90m | [0mReceiving objects:  74% (123/166)[35m[cmp-buffer] [0m[36m     clone[0m[90m | [0mReceiving objects:  75% (125/166)[35m[cmp-buffer] [0m[36m     clone[0m[90m | [0mReceiving objects:  76% (127/166)[35m[cmp-buffer] [0m[36m     clone[0m[90m | [0mReceiving objects:  77% (128/166)[35m[cmp-buffer] [0m[36m     clone[0m[90m | [0mReceiving objects:  78% (130/166)[35m[cmp-buffer] [0m[36m     clone[0m[90m | [0mReceiving objects:  79% (132/166)[35m[cmp-buffer] [0m[36m     clone[0m[90m | [0mReceiving objects:  80% (133/166)[35m[cmp-buffer] [0m[36m     clone[0m[90m | [0mReceiving objects:  81% (135/166)[35m[cmp-buffer] [0m[36m     clone[0m[90m | [0mReceiving objects:  82% (137/166)[35m[cmp-buffer] [0m[36m     clone[0m[90m | [0mReceiving objects:  83% (138/166)[35m[cmp-buffer] [0m[36m     clone[0m[90m | [0mremote: Total 166 (delta 0), reused 0 (delta 0), pack-reused 162 (from 2)        
[35m[cmp-buffer] [0m[36m     clone[0m[90m | [0mReceiving objects:  84% (140/166)[35m[cmp-buffer] [0m[36m     clone[0m[90m | [0mReceiving objects:  85% (142/166)[35m[cmp-buffer] [0m[36m     clone[0m[90m | [0mReceiving objects:  86% (143/166)[35m[cmp-buffer] [0m[36m     clone[0m[90m | [0mReceiving objects:  87% (145/166)[35m[cmp-buffer] [0m[36m     clone[0m[90m | [0mReceiving objects:  88% (147/166)[35m[cmp-buffer] [0m[36m     clone[0m[90m | [0mReceiving objects:  89% (148/166)[35m[cmp-buffer] [0m[36m     clone[0m[90m | [0mReceiving objects:  90% (150/166)[35m[cmp-buffer] [0m[36m     clone[0m[90m | [0mReceiving objects:  91% (152/166)[35m[cmp-buffer] [0m[36m     clone[0m[90m | [0mReceiving objects:  92% (153/166)[35m[cmp-buffer] [0m[36m     clone[0m[90m | [0mReceiving objects:  93% (155/166)[35m[cmp-buffer] [0m[36m     clone[0m[90m | [0mReceiving objects:  94% (157/166)[35m[cmp-buffer] [0m[36m     clone[0m[90m | [0mReceiving objects:  95% (158/166)[35m[cmp-buffer] [0m[36m     clone[0m[90m | [0mReceiving objects:  96% (160/166)[35m[cmp-buffer] [0m[36m     clone[0m[90m | [0mReceiving objects:  97% (162/166)[35m[cmp-buffer] [0m[36m     clone[0m[90m | [0mReceiving objects:  98% (163/166)[35m[cmp-buffer] [0m[36m     clone[0m[90m | [0mReceiving objects:  99% (165/166)[35m[cmp-buffer] [0m[36m     clone[0m[90m | [0mReceiving objects: 100% (166/166)[35m[cmp-buffer] [0m[36m     clone[0m[90m | [0mReceiving objects: 100% (166/166), 24.24 KiB | 2.02 MiB/s, done.
[35m[cmp-buffer] [0m[36m     clone[0m[90m | [0mResolving deltas:   0% (0/26)[35m[cmp-buffer] [0m[36m     clone[0m[90m | [0mResolving deltas:   3% (1/26)[35m[cmp-buffer] [0m[36m     clone[0m[90m | [0mResolving deltas:   7% (2/26)[35m[cmp-buffer] [0m[36m     clone[0m[90m | [0mResolving deltas:  11% (3/26)[35m[cmp-buffer] [0m[36m     clone[0m[90m | [0mResolving deltas:  15% (4/26)[35m[cmp-buffer] [0m[36m     clone[0m[90m | [0mResolving deltas:  19% (5/26)[35m[cmp-buffer] [0m[36m     clone[0m[90m | [0mResolving deltas:  23% (6/26)[35m[cmp-buffer] [0m[36m     clone[0m[90m | [0mResolving deltas:  26% (7/26)[35m[cmp-buffer] [0m[36m     clone[0m[90m | [0mResolving deltas:  30% (8/26)[35m[cmp-buffer] [0m[36m     clone[0m[90m | [0mResolving deltas:  38% (10/26)[35m[cmp-buffer] [0m[36m     clone[0m[90m | [0mResolving deltas:  42% (11/26)[35m[cmp-buffer] [0m[36m     clone[0m[90m | [0mResolving deltas:  46% (12/26)[35m[cmp-buffer] [0m[36m     clone[0m[90m | [0mResolving deltas:  50% (13/26)[35m[cmp-buffer] [0m[36m     clone[0m[90m | [0mResolving deltas:  53% (14/26)[35m[cmp-buffer] [0m[36m     clone[0m[90m | [0mResolving deltas:  57% (15/26)[35m[cmp-buffer] [0m[36m     clone[0m[90m | [0mResolving deltas:  61% (16/26)[35m[cmp-buffer] [0m[36m     clone[0m[90m | [0mResolving deltas:  65% (17/26)[35m[LazyVim] [0m[36m        clone[0m[90m | [0mReceiving objects:   6% (1011/16842)[35m[cmp-buffer] [0m[36m     clone[0m[90m | [0mResolving deltas:  69% (18/26)[35m[cmp-buffer] [0m[36m     clone[0m[90m | [0mResolving deltas:  73% (19/26)[35m[cmp-buffer] [0m[36m     clone[0m[90m | [0mResolving deltas:  76% (20/26)[35m[cmp-buffer] [0m[36m     clone[0m[90m | [0mResolving deltas:  80% (21/26)[35m[cmp-buffer] [0m[36m     clone[0m[90m | [0mResolving deltas:  84% (22/26)[35m[cmp-buffer] [0m[36m     clone[0m[90m | [0mResolving deltas:  88% (23/26)[35m[cmp-buffer] [0m[36m     clone[0m[90m | [0mResolving deltas:  92% (24/26)[35m[cmp-buffer] [0m[36m     clone[0m[90m | [0mResolving deltas:  96% (25/26)[35m[cmp-buffer] [0m[36m     clone[0m[90m | [0mResolving deltas: 100% (26/26)[35m[cmp-buffer] [0m[36m     clone[0m[90m | [0mResolving deltas: 100% (26/26), done.
[35m[LazyVim] [0m[36m        clone[0m[90m | [0mReceiving objects:   7% (1179/16842)[35m[alpha-nvim] [0m[36m     clone[0m[90m | [0mremote: Enumerating objects: 1132, done.        
[35m[alpha-nvim] [0m[36m     clone[0m[90m | [0mremote: Counting objects:   0% (1/222)        [35m[alpha-nvim] [0m[36m     clone[0m[90m | [0mremote: Counting objects:   1% (3/222)        [35m[alpha-nvim] [0m[36m     clone[0m[90m | [0mremote: Counting objects:   2% (5/222)        [35m[alpha-nvim] [0m[36m     clone[0m[90m | [0mremote: Counting objects:   3% (7/222)        [35m[alpha-nvim] [0m[36m     clone[0m[90m | [0mremote: Counting objects:   4% (9/222)        [35m[alpha-nvim] [0m[36m     clone[0m[90m | [0mremote: Counting objects:   5% (12/222)        [35m[alpha-nvim] [0m[36m     clone[0m[90m | [0mremote: Counting objects:   6% (14/222)        [35m[alpha-nvim] [0m[36m     clone[0m[90m | [0mremote: Counting objects:   7% (16/222)        [35m[alpha-nvim] [0m[36m     clone[0m[90m | [0mremote: Counting objects:   8% (18/222)        [35m[alpha-nvim] [0m[36m     clone[0m[90m | [0mremote: Counting objects:   9% (20/222)        [35m[alpha-nvim] [0m[36m     clone[0m[90m | [0mremote: Counting objects:  10% (23/222)        [35m[alpha-nvim] [0m[36m     clone[0m[90m | [0mremote: Counting objects:  11% (25/222)        [35m[alpha-nvim] [0m[36m     clone[0m[90m | [0mremote: Counting objects:  12% (27/222)        [35m[alpha-nvim] [0m[36m     clone[0m[90m | [0mremote: Counting objects:  13% (29/222)        [35m[alpha-nvim] [0m[36m     clone[0m[90m | [0mremote: Counting objects:  14% (32/222)        [35m[alpha-nvim] [0m[36m     clone[0m[90m | [0mremote: Counting objects:  15% (34/222)        [35m[alpha-nvim] [0m[36m     clone[0m[90m | [0mremote: Counting objects:  16% (36/222)        [35m[alpha-nvim] [0m[36m     clone[0m[90m | [0mremote: Counting objects:  17% (38/222)        [35m[alpha-nvim] [0m[36m     clone[0m[90m | [0mremote: Counting objects:  18% (40/222)        [35m[alpha-nvim] [0m[36m     clone[0m[90m | [0mremote: Counting objects:  19% (43/222)        [35m[alpha-nvim] [0m[36m     clone[0m[90m | [0mremote: Counting objects:  20% (45/222)        [35m[alpha-nvim] [0m[36m     clone[0m[90m | [0mremote: Counting objects:  21% (47/222)        [35m[alpha-nvim] [0m[36m     clone[0m[90m | [0mremote: Counting objects:  22% (49/222)        [35m[alpha-nvim] [0m[36m     clone[0m[90m | [0mremote: Counting objects:  23% (52/222)        [35m[alpha-nvim] [0m[36m     clone[0m[90m | [0mremote: Counting objects:  24% (54/222)        [35m[alpha-nvim] [0m[36m     clone[0m[90m | [0mremote: Counting objects:  25% (56/222)        [35m[alpha-nvim] [0m[36m     clone[0m[90m | [0mremote: Counting objects:  26% (58/222)        [35m[alpha-nvim] [0m[36m     clone[0m[90m | [0mremote: Counting objects:  27% (60/222)        [35m[alpha-nvim] [0m[36m     clone[0m[90m | [0mremote: Counting objects:  28% (63/222)        [35m[alpha-nvim] [0m[36m     clone[0m[90m | [0mremote: Counting objects:  29% (65/222)        [35m[alpha-nvim] [0m[36m     clone[0m[90m | [0mremote: Counting objects:  30% (67/222)        [35m[alpha-nvim] [0m[36m     clone[0m[90m | [0mremote: Counting objects:  31% (69/222)        [35m[alpha-nvim] [0m[36m     clone[0m[90m | [0mremote: Counting objects:  32% (72/222)        [35m[alpha-nvim] [0m[36m     clone[0m[90m | [0mremote: Counting objects:  33% (74/222)        [35m[alpha-nvim] [0m[36m     clone[0m[90m | [0mremote: Counting objects:  34% (76/222)        [35m[alpha-nvim] [0m[36m     clone[0m[90m | [0mremote: Counting objects:  35% (78/222)        [35m[alpha-nvim] [0m[36m     clone[0m[90m | [0mremote: Counting objects:  36% (80/222)        [35m[alpha-nvim] [0m[36m     clone[0m[90m | [0mremote: Counting objects:  37% (83/222)        [35m[alpha-nvim] [0m[36m     clone[0m[90m | [0mremote: Counting objects:  38% (85/222)        [35m[alpha-nvim] [0m[36m     clone[0m[90m | [0mremote: Counting objects:  39% (87/222)        [35m[alpha-nvim] [0m[36m     clone[0m[90m | [0mremote: Counting objects:  40% (89/222)        [35m[alpha-nvim] [0m[36m     clone[0m[90m | [0mremote: Counting objects:  41% (92/222)        [35m[alpha-nvim] [0m[36m     clone[0m[90m | [0mremote: Counting objects:  42% (94/222)        [35m[alpha-nvim] [0m[36m     clone[0m[90m | [0mremote: Counting objects:  43% (96/222)        [35m[alpha-nvim] [0m[36m     clone[0m[90m | [0mremote: Counting objects:  44% (98/222)        [35m[alpha-nvim] [0m[36m     clone[0m[90m | [0mremote: Counting objects:  45% (100/222)        [35m[alpha-nvim] [0m[36m     clone[0m[90m | [0mremote: Counting objects:  46% (103/222)        [35m[alpha-nvim] [0m[36m     clone[0m[90m | [0mremote: Counting objects:  47% (105/222)        [35m[alpha-nvim] [0m[36m     clone[0m[90m | [0mremote: Counting objects:  48% (107/222)        [35m[alpha-nvim] [0m[36m     clone[0m[90m | [0mremote: Counting objects:  49% (109/222)        [35m[alpha-nvim] [0m[36m     clone[0m[90m | [0mremote: Counting objects:  50% (111/222)        [35m[alpha-nvim] [0m[36m     clone[0m[90m | [0mremote: Counting objects:  51% (114/222)        [35m[alpha-nvim] [0m[36m     clone[0m[90m | [0mremote: Counting objects:  52% (116/222)        [35m[alpha-nvim] [0m[36m     clone[0m[90m | [0mremote: Counting objects:  53% (118/222)        [35m[alpha-nvim] [0m[36m     clone[0m[90m | [0mremote: Counting objects:  54% (120/222)        [35m[alpha-nvim] [0m[36m     clone[0m[90m | [0mremote: Counting objects:  55% (123/222)        [35m[alpha-nvim] [0m[36m     clone[0m[90m | [0mremote: Counting objects:  56% (125/222)        [35m[alpha-nvim] [0m[36m     clone[0m[90m | [0mremote: Counting objects:  57% (127/222)        [35m[alpha-nvim] [0m[36m     clone[0m[90m | [0mremote: Counting objects:  58% (129/222)        [35m[alpha-nvim] [0m[36m     clone[0m[90m | [0mremote: Counting objects:  59% (131/222)        [35m[alpha-nvim] [0m[36m     clone[0m[90m | [0mremote: Counting objects:  60% (134/222)        [35m[alpha-nvim] [0m[36m     clone[0m[90m | [0mremote: Counting objects:  61% (136/222)        [35m[alpha-nvim] [0m[36m     clone[0m[90m | [0mremote: Counting objects:  62% (138/222)        [35m[alpha-nvim] [0m[36m     clone[0m[90m | [0mremote: Counting objects:  63% (140/222)        [35m[alpha-nvim] [0m[36m     clone[0m[90m | [0mremote: Counting objects:  64% (143/222)        [35m[alpha-nvim] [0m[36m     clone[0m[90m | [0mremote: Counting objects:  65% (145/222)        [35m[alpha-nvim] [0m[36m     clone[0m[90m | [0mremote: Counting objects:  66% (147/222)        [35m[alpha-nvim] [0m[36m     clone[0m[90m | [0mremote: Counting objects:  67% (149/222)        [35m[alpha-nvim] [0m[36m     clone[0m[90m | [0mremote: Counting objects:  68% (151/222)        [35m[alpha-nvim] [0m[36m     clone[0m[90m | [0mremote: Counting objects:  69% (154/222)        [35m[alpha-nvim] [0m[36m     clone[0m[90m | [0mremote: Counting objects:  70% (156/222)        [35m[alpha-nvim] [0m[36m     clone[0m[90m | [0mremote: Counting objects:  71% (158/222)        [35m[alpha-nvim] [0m[36m     clone[0m[90m | [0mremote: Counting objects:  72% (160/222)        [35m[alpha-nvim] [0m[36m     clone[0m[90m | [0mremote: Counting objects:  73% (163/222)        [35m[alpha-nvim] [0m[36m     clone[0m[90m | [0mremote: Counting objects:  74% (165/222)        [35m[alpha-nvim] [0m[36m     clone[0m[90m | [0mremote: Counting objects:  75% (167/222)        [35m[alpha-nvim] [0m[36m     clone[0m[90m | [0mremote: Counting objects:  76% (169/222)        [35m[alpha-nvim] [0m[36m     clone[0m[90m | [0mremote: Counting objects:  77% (171/222)        [35m[alpha-nvim] [0m[36m     clone[0m[90m | [0mremote: Counting objects:  78% (174/222)        [35m[alpha-nvim] [0m[36m     clone[0m[90m | [0mremote: Counting objects:  79% (176/222)        [35m[alpha-nvim] [0m[36m     clone[0m[90m | [0mremote: Counting objects:  80% (178/222)        [35m[alpha-nvim] [0m[36m     clone[0m[90m | [0mremote: Counting objects:  81% (180/222)        [35m[alpha-nvim] [0m[36m     clone[0m[90m | [0mremote: Counting objects:  82% (183/222)        [35m[alpha-nvim] [0m[36m     clone[0m[90m | [0mremote: Counting objects:  83% (185/222)        [35m[alpha-nvim] [0m[36m     clone[0m[90m | [0mremote: Counting objects:  84% (187/222)        [35m[alpha-nvim] [0m[36m     clone[0m[90m | [0mremote: Counting objects:  85% (189/222)        [35m[alpha-nvim] [0m[36m     clone[0m[90m | [0mremote: Counting objects:  86% (191/222)        [35m[alpha-nvim] [0m[36m     clone[0m[90m | [0mremote: Counting objects:  87% (194/222)        [35m[alpha-nvim] [0m[36m     clone[0m[90m | [0mremote: Counting objects:  88% (196/222)        [35m[alpha-nvim] [0m[36m     clone[0m[90m | [0mremote: Counting objects:  89% (198/222)        [35m[alpha-nvim] [0m[36m     clone[0m[90m | [0mremote: Counting objects:  90% (200/222)        [35m[alpha-nvim] [0m[36m     clone[0m[90m | [0mremote: Counting objects:  91% (203/222)        [35m[alpha-nvim] [0m[36m     clone[0m[90m | [0mremote: Counting objects:  92% (205/222)        [35m[alpha-nvim] [0m[36m     clone[0m[90m | [0mremote: Counting objects:  93% (207/222)        [35m[alpha-nvim] [0m[36m     clone[0m[90m | [0mremote: Counting objects:  94% (209/222)        [35m[alpha-nvim] [0m[36m     clone[0m[90m | [0mremote: Counting objects:  95% (211/222)        [35m[alpha-nvim] [0m[36m     clone[0m[90m | [0mremote: Counting objects:  96% (214/222)        [35m[alpha-nvim] [0m[36m     clone[0m[90m | [0mremote: Counting objects:  97% (216/222)        [35m[alpha-nvim] [0m[36m     clone[0m[90m | [0mremote: Counting objects:  98% (218/222)        [35m[alpha-nvim] [0m[36m     clone[0m[90m | [0mremote: Counting objects:  99% (220/222)        [35m[alpha-nvim] [0m[36m     clone[0m[90m | [0mremote: Counting objects: 100% (222/222)        [35m[alpha-nvim] [0m[36m     clone[0m[90m | [0mremote: Counting objects: 100% (222/222), done.        
[35m[alpha-nvim] [0m[36m     clone[0m[90m | [0mremote: Compressing objects:   1% (1/90)        [35m[alpha-nvim] [0m[36m     clone[0m[90m | [0mremote: Compressing objects:   2% (2/90)        [35m[alpha-nvim] [0m[36m     clone[0m[90m | [0mremote: Compressing objects:   3% (3/90)        [35m[alpha-nvim] [0m[36m     clone[0m[90m | [0mremote: Compressing objects:   4% (4/90)        [35m[alpha-nvim] [0m[36m     clone[0m[90m | [0mremote: Compressing objects:   5% (5/90)        [35m[alpha-nvim] [0m[36m     clone[0m[90m | [0mremote: Compressing objects:   6% (6/90)        [35m[alpha-nvim] [0m[36m     clone[0m[90m | [0mremote: Compressing objects:   7% (7/90)        [35m[alpha-nvim] [0m[36m     clone[0m[90m | [0mremote: Compressing objects:   8% (8/90)        [35m[alpha-nvim] [0m[36m     clone[0m[90m | [0mremote: Compressing objects:  10% (9/90)        [35m[alpha-nvim] [0m[36m     clone[0m[90m | [0mremote: Compressing objects:  11% (10/90)        [35m[alpha-nvim] [0m[36m     clone[0m[90m | [0mremote: Compressing objects:  12% (11/90)        [35m[alpha-nvim] [0m[36m     clone[0m[90m | [0mremote: Compressing objects:  13% (12/90)        [35m[alpha-nvim] [0m[36m     clone[0m[90m | [0mremote: Compressing objects:  14% (13/90)        [35m[alpha-nvim] [0m[36m     clone[0m[90m | [0mremote: Compressing objects:  15% (14/90)        [35m[alpha-nvim] [0m[36m     clone[0m[90m | [0mremote: Compressing objects:  16% (15/90)        [35m[alpha-nvim] [0m[36m     clone[0m[90m | [0mremote: Compressing objects:  17% (16/90)        [35m[alpha-nvim] [0m[36m     clone[0m[90m | [0mremote: Compressing objects:  18% (17/90)        [35m[alpha-nvim] [0m[36m     clone[0m[90m | [0mremote: Compressing objects:  20% (18/90)        [35m[alpha-nvim] [0m[36m     clone[0m[90m | [0mremote: Compressing objects:  21% (19/90)        [35m[alpha-nvim] [0m[36m     clone[0m[90m | [0mremote: Compressing objects:  22% (20/90)        [35m[alpha-nvim] [0m[36m     clone[0m[90m | [0mremote: Compressing objects:  23% (21/90)        [35m[cmp-cmdline] [0m[36m    clone[0m[90m | [0mremote: Enumerating objects: 162, done.        
[35m[cmp-cmdline] [0m[36m    clone[0m[90m | [0mremote: Counting objects:   7% (1/13)        [35m[cmp-cmdline] [0m[36m    clone[0m[90m | [0mremote: Counting objects:  15% (2/13)        [35m[cmp-cmdline] [0m[36m    clone[0m[90m | [0mremote: Counting objects:  23% (3/13)        [35m[cmp-cmdline] [0m[36m    clone[0m[90m | [0mremote: Counting objects:  30% (4/13)        [35m[cmp-cmdline] [0m[36m    clone[0m[90m | [0mremote: Counting objects:  38% (5/13)        [35m[cmp-cmdline] [0m[36m    clone[0m[90m | [0mremote: Counting objects:  46% (6/13)        [35m[cmp-cmdline] [0m[36m    clone[0m[90m | [0mremote: Counting objects:  53% (7/13)        [35m[cmp-cmdline] [0m[36m    clone[0m[90m | [0mremote: Counting objects:  61% (8/13)        [35m[cmp-cmdline] [0m[36m    clone[0m[90m | [0mremote: Counting objects:  69% (9/13)        [35m[cmp-cmdline] [0m[36m    clone[0m[90m | [0mremote: Counting objects:  76% (10/13)        [35m[cmp-cmdline] [0m[36m    clone[0m[90m | [0mremote: Counting objects:  84% (11/13)        [35m[cmp-cmdline] [0m[36m    clone[0m[90m | [0mremote: Counting objects:  92% (12/13)        [35m[cmp-cmdline] [0m[36m    clone[0m[90m | [0mremote: Counting objects: 100% (13/13)        [35m[cmp-cmdline] [0m[36m    clone[0m[90m | [0mremote: Counting objects: 100% (13/13), done.        
[35m[cmp-cmdline] [0m[36m    clone[0m[90m | [0mremote: Compressing objects:   8% (1/12)        [35m[cmp-cmdline] [0m[36m    clone[0m[90m | [0mremote: Compressing objects:  16% (2/12)        [35m[cmp-cmdline] [0m[36m    clone[0m[90m | [0mremote: Compressing objects:  25% (3/12)        [35m[cmp-cmdline] [0m[36m    clone[0m[90m | [0mremote: Compressing objects:  33% (4/12)        [35m[cmp-cmdline] [0m[36m    clone[0m[90m | [0mremote: Compressing objects:  41% (5/12)        [35m[cmp-cmdline] [0m[36m    clone[0m[90m | [0mremote: Compressing objects:  50% (6/12)        [35m[cmp-cmdline] [0m[36m    clone[0m[90m | [0mremote: Compressing objects:  58% (7/12)        [35m[cmp-cmdline] [0m[36m    clone[0m[90m | [0mremote: Compressing objects:  66% (8/12)        [35m[cmp-cmdline] [0m[36m    clone[0m[90m | [0mremote: Compressing objects:  75% (9/12)        [35m[cmp-cmdline] [0m[36m    clone[0m[90m | [0mremote: Compressing objects:  83% (10/12)        [35m[cmp-cmdline] [0m[36m    clone[0m[90m | [0mremote: Compressing objects:  91% (11/12)        [35m[cmp-cmdline] [0m[36m    clone[0m[90m | [0mremote: Compressing objects: 100% (12/12)        [35m[cmp-cmdline] [0m[36m    clone[0m[90m | [0mremote: Compressing objects: 100% (12/12), done.        
[35m[alpha-nvim] [0m[36m     clone[0m[90m | [0mremote: Compressing objects:  24% (22/90)        [35m[alpha-nvim] [0m[36m     clone[0m[90m | [0mremote: Compressing objects:  25% (23/90)        [35m[alpha-nvim] [0m[36m     clone[0m[90m | [0mremote: Compressing objects:  26% (24/90)        [35m[alpha-nvim] [0m[36m     clone[0m[90m | [0mremote: Compressing objects:  27% (25/90)        [35m[alpha-nvim] [0m[36m     clone[0m[90m | [0mremote: Compressing objects:  28% (26/90)        [35m[alpha-nvim] [0m[36m     clone[0m[90m | [0mremote: Compressing objects:  30% (27/90)        [35m[alpha-nvim] [0m[36m     clone[0m[90m | [0mremote: Compressing objects:  31% (28/90)        [35m[alpha-nvim] [0m[36m     clone[0m[90m | [0mremote: Compressing objects:  32% (29/90)        [35m[alpha-nvim] [0m[36m     clone[0m[90m | [0mremote: Compressing objects:  33% (30/90)        [35m[alpha-nvim] [0m[36m     clone[0m[90m | [0mremote: Compressing objects:  34% (31/90)        [35m[alpha-nvim] [0m[36m     clone[0m[90m | [0mremote: Compressing objects:  35% (32/90)        [35m[alpha-nvim] [0m[36m     clone[0m[90m | [0mremote: Compressing objects:  36% (33/90)        [35m[alpha-nvim] [0m[36m     clone[0m[90m | [0mremote: Compressing objects:  37% (34/90)        [35m[alpha-nvim] [0m[36m     clone[0m[90m | [0mremote: Compressing objects:  38% (35/90)        [35m[alpha-nvim] [0m[36m     clone[0m[90m | [0mremote: Compressing objects:  40% (36/90)        [35m[alpha-nvim] [0m[36m     clone[0m[90m | [0mremote: Compressing objects:  41% (37/90)        [35m[alpha-nvim] [0m[36m     clone[0m[90m | [0mremote: Compressing objects:  42% (38/90)        [35m[alpha-nvim] [0m[36m     clone[0m[90m | [0mremote: Compressing objects:  43% (39/90)        [35m[alpha-nvim] [0m[36m     clone[0m[90m | [0mremote: Compressing objects:  44% (40/90)        [35m[alpha-nvim] [0m[36m     clone[0m[90m | [0mremote: Compressing objects:  45% (41/90)        [35m[alpha-nvim] [0m[36m     clone[0m[90m | [0mremote: Compressing objects:  46% (42/90)        [35m[alpha-nvim] [0m[36m     clone[0m[90m | [0mremote: Compressing objects:  47% (43/90)        [35m[alpha-nvim] [0m[36m     clone[0m[90m | [0mremote: Compressing objects:  48% (44/90)        [35m[alpha-nvim] [0m[36m     clone[0m[90m | [0mremote: Compressing objects:  50% (45/90)        [35m[alpha-nvim] [0m[36m     clone[0m[90m | [0mremote: Compressing objects:  51% (46/90)        [35m[alpha-nvim] [0m[36m     clone[0m[90m | [0mremote: Compressing objects:  52% (47/90)        [35m[alpha-nvim] [0m[36m     clone[0m[90m | [0mremote: Compressing objects:  53% (48/90)        [35m[alpha-nvim] [0m[36m     clone[0m[90m | [0mremote: Compressing objects:  54% (49/90)        [35m[alpha-nvim] [0m[36m     clone[0m[90m | [0mremote: Compressing objects:  55% (50/90)        [35m[alpha-nvim] [0m[36m     clone[0m[90m | [0mremote: Compressing objects:  56% (51/90)        [35m[alpha-nvim] [0m[36m     clone[0m[90m | [0mremote: Compressing objects:  57% (52/90)        [35m[alpha-nvim] [0m[36m     clone[0m[90m | [0mremote: Compressing objects:  58% (53/90)        [35m[alpha-nvim] [0m[36m     clone[0m[90m | [0mremote: Compressing objects:  60% (54/90)        [35m[alpha-nvim] [0m[36m     clone[0m[90m | [0mremote: Compressing objects:  61% (55/90)        [35m[alpha-nvim] [0m[36m     clone[0m[90m | [0mremote: Compressing objects:  62% (56/90)        [35m[alpha-nvim] [0m[36m     clone[0m[90m | [0mremote: Compressing objects:  63% (57/90)        [35m[alpha-nvim] [0m[36m     clone[0m[90m | [0mremote: Compressing objects:  64% (58/90)        [35m[alpha-nvim] [0m[36m     clone[0m[90m | [0mremote: Compressing objects:  65% (59/90)        [35m[alpha-nvim] [0m[36m     clone[0m[90m | [0mremote: Compressing objects:  66% (60/90)        [35m[alpha-nvim] [0m[36m     clone[0m[90m | [0mremote: Compressing objects:  67% (61/90)        [35m[alpha-nvim] [0m[36m     clone[0m[90m | [0mremote: Compressing objects:  68% (62/90)        [35m[alpha-nvim] [0m[36m     clone[0m[90m | [0mremote: Compressing objects:  70% (63/90)        [35m[alpha-nvim] [0m[36m     clone[0m[90m | [0mremote: Compressing objects:  71% (64/90)        [35m[alpha-nvim] [0m[36m     clone[0m[90m | [0mremote: Compressing objects:  72% (65/90)        [35m[alpha-nvim] [0m[36m     clone[0m[90m | [0mremote: Compressing objects:  73% (66/90)        [35m[alpha-nvim] [0m[36m     clone[0m[90m | [0mremote: Compressing objects:  74% (67/90)        [35m[alpha-nvim] [0m[36m     clone[0m[90m | [0mremote: Compressing objects:  75% (68/90)        [35m[alpha-nvim] [0m[36m     clone[0m[90m | [0mremote: Compressing objects:  76% (69/90)        [35m[alpha-nvim] [0m[36m     clone[0m[90m | [0mremote: Compressing objects:  77% (70/90)        [35m[alpha-nvim] [0m[36m     clone[0m[90m | [0mremote: Compressing objects:  78% (71/90)        [35m[alpha-nvim] [0m[36m     clone[0m[90m | [0mremote: Compressing objects:  80% (72/90)        [35m[alpha-nvim] [0m[36m     clone[0m[90m | [0mremote: Compressing objects:  81% (73/90)        [35m[alpha-nvim] [0m[36m     clone[0m[90m | [0mremote: Compressing objects:  82% (74/90)        [35m[alpha-nvim] [0m[36m     clone[0m[90m | [0mremote: Compressing objects:  83% (75/90)        [35m[alpha-nvim] [0m[36m     clone[0m[90m | [0mremote: Compressing objects:  84% (76/90)        [35m[alpha-nvim] [0m[36m     clone[0m[90m | [0mremote: Compressing objects:  85% (77/90)        [35m[alpha-nvim] [0m[36m     clone[0m[90m | [0mremote: Compressing objects:  86% (78/90)        [35m[alpha-nvim] [0m[36m     clone[0m[90m | [0mremote: Compressing objects:  87% (79/90)        [35m[alpha-nvim] [0m[36m     clone[0m[90m | [0mremote: Compressing objects:  88% (80/90)        [35m[alpha-nvim] [0m[36m     clone[0m[90m | [0mremote: Compressing objects:  90% (81/90)        [35m[alpha-nvim] [0m[36m     clone[0m[90m | [0mremote: Compressing objects:  91% (82/90)        [35m[alpha-nvim] [0m[36m     clone[0m[90m | [0mremote: Compressing objects:  92% (83/90)        [35m[alpha-nvim] [0m[36m     clone[0m[90m | [0mremote: Compressing objects:  93% (84/90)        [35m[alpha-nvim] [0m[36m     clone[0m[90m | [0mremote: Compressing objects:  94% (85/90)        [35m[alpha-nvim] [0m[36m     clone[0m[90m | [0mremote: Compressing objects:  95% (86/90)        [35m[alpha-nvim] [0m[36m     clone[0m[90m | [0mremote: Compressing objects:  96% (87/90)        [35m[alpha-nvim] [0m[36m     clone[0m[90m | [0mremote: Compressing objects:  97% (88/90)        [35m[alpha-nvim] [0m[36m     clone[0m[90m | [0mremote: Compressing objects:  98% (89/90)        [35m[alpha-nvim] [0m[36m     clone[0m[90m | [0mremote: Compressing objects: 100% (90/90)        [35m[alpha-nvim] [0m[36m     clone[0m[90m | [0mremote: Compressing objects: 100% (90/90), done.        
[35m[catppuccin] [0m[36m     clone[0m[90m | [0mremote: Enumerating objects: 7890, done.        
[35m[catppuccin] [0m[36m     clone[0m[90m | [0mremote: Counting objects:   0% (1/872)        [35m[catppuccin] [0m[36m     clone[0m[90m | [0mremote: Counting objects:   1% (9/872)        [35m[catppuccin] [0m[36m     clone[0m[90m | [0mremote: Counting objects:   2% (18/872)        [35m[catppuccin] [0m[36m     clone[0m[90m | [0mremote: Counting objects:   3% (27/872)        [35m[catppuccin] [0m[36m     clone[0m[90m | [0mremote: Counting objects:   4% (35/872)        [35m[catppuccin] [0m[36m     clone[0m[90m | [0mremote: Counting objects:   5% (44/872)        [35m[catppuccin] [0m[36m     clone[0m[90m | [0mremote: Counting objects:   6% (53/872)        [35m[catppuccin] [0m[36m     clone[0m[90m | [0mremote: Counting objects:   7% (62/872)        [35m[catppuccin] [0m[36m     clone[0m[90m | [0mremote: Counting objects:   8% (70/872)        [35m[catppuccin] [0m[36m     clone[0m[90m | [0mremote: Counting objects:   9% (79/872)        [35m[catppuccin] [0m[36m     clone[0m[90m | [0mremote: Counting objects:  10% (88/872)        [35m[catppuccin] [0m[36m     clone[0m[90m | [0mremote: Counting objects:  11% (96/872)        [35m[catppuccin] [0m[36m     clone[0m[90m | [0mremote: Counting objects:  12% (105/872)        [35m[catppuccin] [0m[36m     clone[0m[90m | [0mremote: Counting objects:  13% (114/872)        [35m[catppuccin] [0m[36m     clone[0m[90m | [0mremote: Counting objects:  14% (123/872)        [35m[catppuccin] [0m[36m     clone[0m[90m | [0mremote: Counting objects:  15% (131/872)        [35m[catppuccin] [0m[36m     clone[0m[90m | [0mremote: Counting objects:  16% (140/872)        [35m[catppuccin] [0m[36m     clone[0m[90m | [0mremote: Counting objects:  17% (149/872)        [35m[catppuccin] [0m[36m     clone[0m[90m | [0mremote: Counting objects:  18% (157/872)        [35m[catppuccin] [0m[36m     clone[0m[90m | [0mremote: Counting objects:  19% (166/872)        [35m[catppuccin] [0m[36m     clone[0m[90m | [0mremote: Counting objects:  20% (175/872)        [35m[catppuccin] [0m[36m     clone[0m[90m | [0mremote: Counting objects:  21% (184/872)        [35m[catppuccin] [0m[36m     clone[0m[90m | [0mremote: Counting objects:  22% (192/872)        [35m[catppuccin] [0m[36m     clone[0m[90m | [0mremote: Counting objects:  23% (201/872)        [35m[catppuccin] [0m[36m     clone[0m[90m | [0mremote: Counting objects:  24% (210/872)        [35m[catppuccin] [0m[36m     clone[0m[90m | [0mremote: Counting objects:  25% (218/872)        [35m[catppuccin] [0m[36m     clone[0m[90m | [0mremote: Counting objects:  26% (227/872)        [35m[catppuccin] [0m[36m     clone[0m[90m | [0mremote: Counting objects:  27% (236/872)        [35m[catppuccin] [0m[36m     clone[0m[90m | [0mremote: Counting objects:  28% (245/872)        [35m[catppuccin] [0m[36m     clone[0m[90m | [0mremote: Counting objects:  29% (253/872)        [35m[catppuccin] [0m[36m     clone[0m[90m | [0mremote: Counting objects:  30% (262/872)        [35m[catppuccin] [0m[36m     clone[0m[90m | [0mremote: Counting objects:  31% (271/872)        [35m[catppuccin] [0m[36m     clone[0m[90m | [0mremote: Counting objects:  32% (280/872)        [35m[catppuccin] [0m[36m     clone[0m[90m | [0mremote: Counting objects:  33% (288/872)        [35m[catppuccin] [0m[36m     clone[0m[90m | [0mremote: Counting objects:  34% (297/872)        [35m[catppuccin] [0m[36m     clone[0m[90m | [0mremote: Counting objects:  35% (306/872)        [35m[catppuccin] [0m[36m     clone[0m[90m | [0mremote: Counting objects:  36% (314/872)        [35m[catppuccin] [0m[36m     clone[0m[90m | [0mremote: Counting objects:  37% (323/872)        [35m[catppuccin] [0m[36m     clone[0m[90m | [0mremote: Counting objects:  38% (332/872)        [35m[catppuccin] [0m[36m     clone[0m[90m | [0mremote: Counting objects:  39% (341/872)        [35m[catppuccin] [0m[36m     clone[0m[90m | [0mremote: Counting objects:  40% (349/872)        [35m[catppuccin] [0m[36m     clone[0m[90m | [0mremote: Counting objects:  41% (358/872)        [35m[catppuccin] [0m[36m     clone[0m[90m | [0mremote: Counting objects:  42% (367/872)        [35m[cmp-nvim-lsp] [0m[36m   clone[0m[90m | [0mremote: Enumerating objects: 141, done.        
[35m[cmp-nvim-lsp] [0m[36m   clone[0m[90m | [0mremote: Counting objects:   5% (1/17)        [35m[cmp-nvim-lsp] [0m[36m   clone[0m[90m | [0mremote: Counting objects:  11% (2/17)        [35m[cmp-nvim-lsp] [0m[36m   clone[0m[90m | [0mremote: Counting objects:  17% (3/17)        [35m[cmp-nvim-lsp] [0m[36m   clone[0m[90m | [0mremote: Counting objects:  23% (4/17)        [35m[cmp-nvim-lsp] [0m[36m   clone[0m[90m | [0mremote: Counting objects:  29% (5/17)        [35m[cmp-nvim-lsp] [0m[36m   clone[0m[90m | [0mremote: Counting objects:  35% (6/17)        [35m[cmp-nvim-lsp] [0m[36m   clone[0m[90m | [0mremote: Counting objects:  41% (7/17)        [35m[cmp-nvim-lsp] [0m[36m   clone[0m[90m | [0mremote: Counting objects:  47% (8/17)        [35m[cmp-nvim-lsp] [0m[36m   clone[0m[90m | [0mremote: Counting objects:  52% (9/17)        [35m[cmp-nvim-lsp] [0m[36m   clone[0m[90m | [0mremote: Counting objects:  58% (10/17)        [35m[cmp-nvim-lsp] [0m[36m   clone[0m[90m | [0mremote: Counting objects:  64% (11/17)        [35m[cmp-nvim-lsp] [0m[36m   clone[0m[90m | [0mremote: Counting objects:  70% (12/17)        [35m[cmp-nvim-lsp] [0m[36m   clone[0m[90m | [0mremote: Counting objects:  76% (13/17)        [35m[cmp-nvim-lsp] [0m[36m   clone[0m[90m | [0mremote: Counting objects:  82% (14/17)        [35m[cmp-nvim-lsp] [0m[36m   clone[0m[90m | [0mremote: Counting objects:  88% (15/17)        [35m[cmp-nvim-lsp] [0m[36m   clone[0m[90m | [0mremote: Counting objects:  94% (16/17)        [35m[cmp-nvim-lsp] [0m[36m   clone[0m[90m | [0mremote: Counting objects: 100% (17/17)        [35m[cmp-nvim-lsp] [0m[36m   clone[0m[90m | [0mremote: Counting objects: 100% (17/17), done.        
[35m[cmp-nvim-lsp] [0m[36m   clone[0m[90m | [0mremote: Compressing objects:  11% (1/9)        [35m[cmp-nvim-lsp] [0m[36m   clone[0m[90m | [0mremote: Compressing objects:  22% (2/9)        [35m[cmp-nvim-lsp] [0m[36m   clone[0m[90m | [0mremote: Compressing objects:  33% (3/9)        [35m[cmp-nvim-lsp] [0m[36m   clone[0m[90m | [0mremote: Compressing objects:  44% (4/9)        [35m[cmp-nvim-lsp] [0m[36m   clone[0m[90m | [0mremote: Compressing objects:  55% (5/9)        [35m[cmp-nvim-lsp] [0m[36m   clone[0m[90m | [0mremote: Compressing objects:  66% (6/9)        [35m[cmp-nvim-lsp] [0m[36m   clone[0m[90m | [0mremote: Compressing objects:  77% (7/9)        [35m[cmp-nvim-lsp] [0m[36m   clone[0m[90m | [0mremote: Compressing objects:  88% (8/9)        [35m[cmp-nvim-lsp] [0m[36m   clone[0m[90m | [0mremote: Compressing objects: 100% (9/9)        [35m[cmp-nvim-lsp] [0m[36m   clone[0m[90m | [0mremote: Compressing objects: 100% (9/9), done.        
[35m[cmp_luasnip] [0m[36m    clone[0m[90m | [0mremote: Enumerating objects: 217, done.        
[35m[cmp_luasnip] [0m[36m    clone[0m[90m | [0mremote: Counting objects:   2% (1/36)        [35m[cmp_luasnip] [0m[36m    clone[0m[90m | [0mremote: Counting objects:   5% (2/36)        [35m[cmp_luasnip] [0m[36m    clone[0m[90m | [0mremote: Counting objects:   8% (3/36)        [35m[cmp_luasnip] [0m[36m    clone[0m[90m | [0mremote: Counting objects:  11% (4/36)        [35m[cmp_luasnip] [0m[36m    clone[0m[90m | [0mremote: Counting objects:  13% (5/36)        [35m[cmp_luasnip] [0m[36m    clone[0m[90m | [0mremote: Counting objects:  16% (6/36)        [35m[cmp_luasnip] [0m[36m    clone[0m[90m | [0mremote: Counting objects:  19% (7/36)        [35m[cmp_luasnip] [0m[36m    clone[0m[90m | [0mremote: Counting objects:  22% (8/36)        [35m[cmp_luasnip] [0m[36m    clone[0m[90m | [0mremote: Counting objects:  25% (9/36)        [35m[cmp_luasnip] [0m[36m    clone[0m[90m | [0mremote: Counting objects:  27% (10/36)        [35m[cmp_luasnip] [0m[36m    clone[0m[90m | [0mremote: Counting objects:  30% (11/36)        [35m[cmp_luasnip] [0m[36m    clone[0m[90m | [0mremote: Counting objects:  33% (12/36)        [35m[cmp_luasnip] [0m[36m    clone[0m[90m | [0mremote: Counting objects:  36% (13/36)        [35m[cmp_luasnip] [0m[36m    clone[0m[90m | [0mremote: Counting objects:  38% (14/36)        [35m[cmp_luasnip] [0m[36m    clone[0m[90m | [0mremote: Counting objects:  41% (15/36)        [35m[cmp_luasnip] [0m[36m    clone[0m[90m | [0mremote: Counting objects:  44% (16/36)        [35m[cmp_luasnip] [0m[36m    clone[0m[90m | [0mremote: Counting objects:  47% (17/36)        [35m[cmp_luasnip] [0m[36m    clone[0m[90m | [0mremote: Counting objects:  50% (18/36)        [35m[cmp_luasnip] [0m[36m    clone[0m[90m | [0mremote: Counting objects:  52% (19/36)        [35m[cmp_luasnip] [0m[36m    clone[0m[90m | [0mremote: Counting objects:  55% (20/36)        [35m[cmp_luasnip] [0m[36m    clone[0m[90m | [0mremote: Counting objects:  58% (21/36)        [35m[cmp_luasnip] [0m[36m    clone[0m[90m | [0mremote: Counting objects:  61% (22/36)        [35m[cmp_luasnip] [0m[36m    clone[0m[90m | [0mremote: Counting objects:  63% (23/36)        [35m[cmp_luasnip] [0m[36m    clone[0m[90m | [0mremote: Counting objects:  66% (24/36)        [35m[cmp_luasnip] [0m[36m    clone[0m[90m | [0mremote: Counting objects:  69% (25/36)        [35m[cmp_luasnip] [0m[36m    clone[0m[90m | [0mremote: Counting objects:  72% (26/36)        [35m[cmp_luasnip] [0m[36m    clone[0m[90m | [0mremote: Counting objects:  75% (27/36)        [35m[cmp_luasnip] [0m[36m    clone[0m[90m | [0mremote: Counting objects:  77% (28/36)        [35m[cmp_luasnip] [0m[36m    clone[0m[90m | [0mremote: Counting objects:  80% (29/36)        [35m[cmp_luasnip] [0m[36m    clone[0m[90m | [0mremote: Counting objects:  83% (30/36)        [35m[cmp_luasnip] [0m[36m    clone[0m[90m | [0mremote: Counting objects:  86% (31/36)        [35m[cmp_luasnip] [0m[36m    clone[0m[90m | [0mremote: Counting objects:  88% (32/36)        [35m[cmp_luasnip] [0m[36m    clone[0m[90m | [0mremote: Counting objects:  91% (33/36)        [35m[cmp_luasnip] [0m[36m    clone[0m[90m | [0mremote: Counting objects:  94% (34/36)        [35m[cmp_luasnip] [0m[36m    clone[0m[90m | [0mremote: Counting objects:  97% (35/36)        [35m[cmp_luasnip] [0m[36m    clone[0m[90m | [0mremote: Counting objects: 100% (36/36)        [35m[cmp_luasnip] [0m[36m    clone[0m[90m | [0mremote: Counting objects: 100% (36/36), done.        
[35m[cmp_luasnip] [0m[36m    clone[0m[90m | [0mremote: Compressing objects:   2% (1/34)        [35m[cmp_luasnip] [0m[36m    clone[0m[90m | [0mremote: Compressing objects:   5% (2/34)        [35m[cmp_luasnip] [0m[36m    clone[0m[90m | [0mremote: Compressing objects:   8% (3/34)        [35m[cmp_luasnip] [0m[36m    clone[0m[90m | [0mremote: Compressing objects:  11% (4/34)        [35m[cmp_luasnip] [0m[36m    clone[0m[90m | [0mremote: Compressing objects:  14% (5/34)        [35m[cmp_luasnip] [0m[36m    clone[0m[90m | [0mremote: Compressing objects:  17% (6/34)        [35m[cmp_luasnip] [0m[36m    clone[0m[90m | [0mremote: Compressing objects:  20% (7/34)        [35m[cmp_luasnip] [0m[36m    clone[0m[90m | [0mremote: Compressing objects:  23% (8/34)        [35m[cmp_luasnip] [0m[36m    clone[0m[90m | [0mremote: Compressing objects:  26% (9/34)        [35m[cmp_luasnip] [0m[36m    clone[0m[90m | [0mremote: Compressing objects:  29% (10/34)        [35m[cmp_luasnip] [0m[36m    clone[0m[90m | [0mremote: Compressing objects:  32% (11/34)        [35m[cmp_luasnip] [0m[36m    clone[0m[90m | [0mremote: Compressing objects:  35% (12/34)        [35m[cmp_luasnip] [0m[36m    clone[0m[90m | [0mremote: Compressing objects:  38% (13/34)        [35m[cmp_luasnip] [0m[36m    clone[0m[90m | [0mremote: Compressing objects:  41% (14/34)        [35m[cmp_luasnip] [0m[36m    clone[0m[90m | [0mremote: Compressing objects:  44% (15/34)        [35m[cmp_luasnip] [0m[36m    clone[0m[90m | [0mremote: Compressing objects:  47% (16/34)        [35m[cmp_luasnip] [0m[36m    clone[0m[90m | [0mremote: Compressing objects:  50% (17/34)        [35m[cmp_luasnip] [0m[36m    clone[0m[90m | [0mremote: Compressing objects:  52% (18/34)        [35m[cmp_luasnip] [0m[36m    clone[0m[90m | [0mremote: Compressing objects:  55% (19/34)        [35m[cmp_luasnip] [0m[36m    clone[0m[90m | [0mremote: Compressing objects:  58% (20/34)        [35m[cmp_luasnip] [0m[36m    clone[0m[90m | [0mremote: Compressing objects:  61% (21/34)        [35m[cmp_luasnip] [0m[36m    clone[0m[90m | [0mremote: Compressing objects:  64% (22/34)        [35m[cmp_luasnip] [0m[36m    clone[0m[90m | [0mremote: Compressing objects:  67% (23/34)        [35m[cmp_luasnip] [0m[36m    clone[0m[90m | [0mremote: Compressing objects:  70% (24/34)        [35m[cmp_luasnip] [0m[36m    clone[0m[90m | [0mremote: Compressing objects:  73% (25/34)        [35m[cmp_luasnip] [0m[36m    clone[0m[90m | [0mremote: Compressing objects:  76% (26/34)        [35m[cmp_luasnip] [0m[36m    clone[0m[90m | [0mremote: Compressing objects:  79% (27/34)        [35m[cmp_luasnip] [0m[36m    clone[0m[90m | [0mremote: Compressing objects:  82% (28/34)        [35m[cmp_luasnip] [0m[36m    clone[0m[90m | [0mremote: Compressing objects:  85% (29/34)        [35m[cmp_luasnip] [0m[36m    clone[0m[90m | [0mremote: Compressing objects:  88% (30/34)        [35m[cmp_luasnip] [0m[36m    clone[0m[90m | [0mremote: Compressing objects:  91% (31/34)        [35m[cmp_luasnip] [0m[36m    clone[0m[90m | [0mremote: Compressing objects:  94% (32/34)        [35m[cmp_luasnip] [0m[36m    clone[0m[90m | [0mremote: Compressing objects:  97% (33/34)        [35m[cmp_luasnip] [0m[36m    clone[0m[90m | [0mremote: Compressing objects: 100% (34/34)        [35m[cmp_luasnip] [0m[36m    clone[0m[90m | [0mremote: Compressing objects: 100% (34/34), done.        
[35m[claudecode.nvim] [0m[36mclone[0m[90m | [0mremote: Enumerating objects: 1058, done.        
[35m[claudecode.nvim] [0m[36mclone[0m[90m | [0mremote: Counting objects:   0% (1/468)        [35m[claudecode.nvim] [0m[36mclone[0m[90m | [0mremote: Counting objects:   1% (5/468)        [35m[claudecode.nvim] [0m[36mclone[0m[90m | [0mremote: Counting objects:   2% (10/468)        [35m[claudecode.nvim] [0m[36mclone[0m[90m | [0mremote: Counting objects:   3% (15/468)        [35m[claudecode.nvim] [0m[36mclone[0m[90m | [0mremote: Counting objects:   4% (19/468)        [35m[claudecode.nvim] [0m[36mclone[0m[90m | [0mremote: Counting objects:   5% (24/468)        [35m[claudecode.nvim] [0m[36mclone[0m[90m | [0mremote: Counting objects:   6% (29/468)        [35m[claudecode.nvim] [0m[36mclone[0m[90m | [0mremote: Counting objects:   7% (33/468)        [35m[claudecode.nvim] [0m[36mclone[0m[90m | [0mremote: Counting objects:   8% (38/468)        [35m[claudecode.nvim] [0m[36mclone[0m[90m | [0mremote: Counting objects:   9% (43/468)        [35m[claudecode.nvim] [0m[36mclone[0m[90m | [0mremote: Counting objects:  10% (47/468)        [35m[claudecode.nvim] [0m[36mclone[0m[90m | [0mremote: Counting objects:  11% (52/468)        [35m[claudecode.nvim] [0m[36mclone[0m[90m | [0mremote: Counting objects:  12% (57/468)        [35m[claudecode.nvim] [0m[36mclone[0m[90m | [0mremote: Counting objects:  13% (61/468)        [35m[claudecode.nvim] [0m[36mclone[0m[90m | [0mremote: Counting objects:  14% (66/468)        [35m[claudecode.nvim] [0m[36mclone[0m[90m | [0mremote: Counting objects:  15% (71/468)        [35m[claudecode.nvim] [0m[36mclone[0m[90m | [0mremote: Counting objects:  16% (75/468)        [35m[claudecode.nvim] [0m[36mclone[0m[90m | [0mremote: Counting objects:  17% (80/468)        [35m[claudecode.nvim] [0m[36mclone[0m[90m | [0mremote: Counting objects:  18% (85/468)        [35m[claudecode.nvim] [0m[36mclone[0m[90m | [0mremote: Counting objects:  19% (89/468)        [35m[claudecode.nvim] [0m[36mclone[0m[90m | [0mremote: Counting objects:  20% (94/468)        [35m[claudecode.nvim] [0m[36mclone[0m[90m | [0mremote: Counting objects:  21% (99/468)        [35m[claudecode.nvim] [0m[36mclone[0m[90m | [0mremote: Counting objects:  22% (103/468)        [35m[claudecode.nvim] [0m[36mclone[0m[90m | [0mremote: Counting objects:  23% (108/468)        [35m[claudecode.nvim] [0m[36mclone[0m[90m | [0mremote: Counting objects:  24% (113/468)        [35m[claudecode.nvim] [0m[36mclone[0m[90m | [0mremote: Counting objects:  25% (117/468)        [35m[claudecode.nvim] [0m[36mclone[0m[90m | [0mremote: Counting objects:  26% (122/468)        [35m[claudecode.nvim] [0m[36mclone[0m[90m | [0mremote: Counting objects:  27% (127/468)        [35m[claudecode.nvim] [0m[36mclone[0m[90m | [0mremote: Counting objects:  28% (132/468)        [35m[claudecode.nvim] [0m[36mclone[0m[90m | [0mremote: Counting objects:  29% (136/468)        [35m[claudecode.nvim] [0m[36mclone[0m[90m | [0mremote: Counting objects:  30% (141/468)        [35m[claudecode.nvim] [0m[36mclone[0m[90m | [0mremote: Counting objects:  31% (146/468)        [35m[claudecode.nvim] [0m[36mclone[0m[90m | [0mremote: Counting objects:  32% (150/468)        [35m[claudecode.nvim] [0m[36mclone[0m[90m | [0mremote: Counting objects:  33% (155/468)        [35m[claudecode.nvim] [0m[36mclone[0m[90m | [0mremote: Counting objects:  34% (160/468)        [35m[claudecode.nvim] [0m[36mclone[0m[90m | [0mremote: Counting objects:  35% (164/468)        [35m[claudecode.nvim] [0m[36mclone[0m[90m | [0mremote: Counting objects:  36% (169/468)        [35m[claudecode.nvim] [0m[36mclone[0m[90m | [0mremote: Counting objects:  37% (174/468)        [35m[claudecode.nvim] [0m[36mclone[0m[90m | [0mremote: Counting objects:  38% (178/468)        [35m[claudecode.nvim] [0m[36mclone[0m[90m | [0mremote: Counting objects:  39% (183/468)        [35m[claudecode.nvim] [0m[36mclone[0m[90m | [0mremote: Counting objects:  40% (188/468)        [35m[claudecode.nvim] [0m[36mclone[0m[90m | [0mremote: Counting objects:  41% (192/468)        [35m[claudecode.nvim] [0m[36mclone[0m[90m | [0mremote: Counting objects:  42% (197/468)        [35m[claudecode.nvim] [0m[36mclone[0m[90m | [0mremote: Counting objects:  43% (202/468)        [35m[claudecode.nvim] [0m[36mclone[0m[90m | [0mremote: Counting objects:  44% (206/468)        [35m[claudecode.nvim] [0m[36mclone[0m[90m | [0mremote: Counting objects:  45% (211/468)        [35m[claudecode.nvim] [0m[36mclone[0m[90m | [0mremote: Counting objects:  46% (216/468)        [35m[claudecode.nvim] [0m[36mclone[0m[90m | [0mremote: Counting objects:  47% (220/468)        [35m[catppuccin] [0m[36m     clone[0m[90m | [0mremote: Counting objects:  43% (375/872)        [35m[catppuccin] [0m[36m     clone[0m[90m | [0mremote: Counting objects:  44% (384/872)        [35m[catppuccin] [0m[36m     clone[0m[90m | [0mremote: Counting objects:  45% (393/872)        [35m[catppuccin] [0m[36m     clone[0m[90m | [0mremote: Counting objects:  46% (402/872)        [35m[catppuccin] [0m[36m     clone[0m[90m | [0mremote: Counting objects:  47% (410/872)        [35m[catppuccin] [0m[36m     clone[0m[90m | [0mremote: Counting objects:  48% (419/872)        [35m[catppuccin] [0m[36m     clone[0m[90m | [0mremote: Counting objects:  49% (428/872)        [35m[catppuccin] [0m[36m     clone[0m[90m | [0mremote: Counting objects:  50% (436/872)        [35m[catppuccin] [0m[36m     clone[0m[90m | [0mremote: Counting objects:  51% (445/872)        [35m[catppuccin] [0m[36m     clone[0m[90m | [0mremote: Counting objects:  52% (454/872)        [35m[catppuccin] [0m[36m     clone[0m[90m | [0mremote: Counting objects:  53% (463/872)        [35m[catppuccin] [0m[36m     clone[0m[90m | [0mremote: Counting objects:  54% (471/872)        [35m[catppuccin] [0m[36m     clone[0m[90m | [0mremote: Counting objects:  55% (480/872)        [35m[catppuccin] [0m[36m     clone[0m[90m | [0mremote: Counting objects:  56% (489/872)        [35m[catppuccin] [0m[36m     clone[0m[90m | [0mremote: Counting objects:  57% (498/872)        [35m[catppuccin] [0m[36m     clone[0m[90m | [0mremote: Counting objects:  58% (506/872)        [35m[catppuccin] [0m[36m     clone[0m[90m | [0mremote: Counting objects:  59% (515/872)        [35m[catppuccin] [0m[36m     clone[0m[90m | [0mremote: Counting objects:  60% (524/872)        [35m[catppuccin] [0m[36m     clone[0m[90m | [0mremote: Counting objects:  61% (532/872)        [35m[catppuccin] [0m[36m     clone[0m[90m | [0mremote: Counting objects:  62% (541/872)        [35m[catppuccin] [0m[36m     clone[0m[90m | [0mremote: Counting objects:  63% (550/872)        [35m[catppuccin] [0m[36m     clone[0m[90m | [0mremote: Counting objects:  64% (559/872)        [35m[catppuccin] [0m[36m     clone[0m[90m | [0mremote: Counting objects:  65% (567/872)        [35m[catppuccin] [0m[36m     clone[0m[90m | [0mremote: Counting objects:  66% (576/872)        [35m[catppuccin] [0m[36m     clone[0m[90m | [0mremote: Counting objects:  67% (585/872)        [35m[catppuccin] [0m[36m     clone[0m[90m | [0mremote: Counting objects:  68% (593/872)        [35m[catppuccin] [0m[36m     clone[0m[90m | [0mremote: Counting objects:  69% (602/872)        [35m[catppuccin] [0m[36m     clone[0m[90m | [0mremote: Counting objects:  70% (611/872)        [35m[catppuccin] [0m[36m     clone[0m[90m | [0mremote: Counting objects:  71% (620/872)        [35m[catppuccin] [0m[36m     clone[0m[90m | [0mremote: Counting objects:  72% (628/872)        [35m[catppuccin] [0m[36m     clone[0m[90m | [0mremote: Counting objects:  73% (637/872)        [35m[catppuccin] [0m[36m     clone[0m[90m | [0mremote: Counting objects:  74% (646/872)        [35m[catppuccin] [0m[36m     clone[0m[90m | [0mremote: Counting objects:  75% (654/872)        [35m[catppuccin] [0m[36m     clone[0m[90m | [0mremote: Counting objects:  76% (663/872)        [35m[catppuccin] [0m[36m     clone[0m[90m | [0mremote: Counting objects:  77% (672/872)        [35m[catppuccin] [0m[36m     clone[0m[90m | [0mremote: Counting objects:  78% (681/872)        [35m[catppuccin] [0m[36m     clone[0m[90m | [0mremote: Counting objects:  79% (689/872)        [35m[catppuccin] [0m[36m     clone[0m[90m | [0mremote: Counting objects:  80% (698/872)        [35m[catppuccin] [0m[36m     clone[0m[90m | [0mremote: Counting objects:  81% (707/872)        [35m[catppuccin] [0m[36m     clone[0m[90m | [0mremote: Counting objects:  82% (716/872)        [35m[catppuccin] [0m[36m     clone[0m[90m | [0mremote: Counting objects:  83% (724/872)        [35m[catppuccin] [0m[36m     clone[0m[90m | [0mremote: Counting objects:  84% (733/872)        [35m[catppuccin] [0m[36m     clone[0m[90m | [0mremote: Counting objects:  85% (742/872)        [35m[catppuccin] [0m[36m     clone[0m[90m | [0mremote: Counting objects:  86% (750/872)        [35m[catppuccin] [0m[36m     clone[0m[90m | [0mremote: Counting objects:  87% (759/872)        [35m[catppuccin] [0m[36m     clone[0m[90m | [0mremote: Counting objects:  88% (768/872)        [35m[catppuccin] [0m[36m     clone[0m[90m | [0mremote: Counting objects:  89% (777/872)        [35m[catppuccin] [0m[36m     clone[0m[90m | [0mremote: Counting objects:  90% (785/872)        [35m[catppuccin] [0m[36m     clone[0m[90m | [0mremote: Counting objects:  91% (794/872)        [35m[catppuccin] [0m[36m     clone[0m[90m | [0mremote: Counting objects:  92% (803/872)        [35m[catppuccin] [0m[36m     clone[0m[90m | [0mremote: Counting objects:  93% (811/872)        [35m[catppuccin] [0m[36m     clone[0m[90m | [0mremote: Counting objects:  94% (820/872)        [35m[catppuccin] [0m[36m     clone[0m[90m | [0mremote: Counting objects:  95% (829/872)        [35m[catppuccin] [0m[36m     clone[0m[90m | [0mremote: Counting objects:  96% (838/872)        [35m[catppuccin] [0m[36m     clone[0m[90m | [0mremote: Counting objects:  97% (846/872)        [35m[catppuccin] [0m[36m     clone[0m[90m | [0mremote: Counting objects:  98% (855/872)        [35m[catppuccin] [0m[36m     clone[0m[90m | [0mremote: Counting objects:  99% (864/872)        [35m[catppuccin] [0m[36m     clone[0m[90m | [0mremote: Counting objects: 100% (872/872)        [35m[catppuccin] [0m[36m     clone[0m[90m | [0mremote: Counting objects: 100% (872/872), done.        
[35m[catppuccin] [0m[36m     clone[0m[90m | [0mremote: Compressing objects:   0% (1/291)        [35m[catppuccin] [0m[36m     clone[0m[90m | [0mremote: Compressing objects:   1% (3/291)        [35m[catppuccin] [0m[36m     clone[0m[90m | [0mremote: Compressing objects:   2% (6/291)        [35m[catppuccin] [0m[36m     clone[0m[90m | [0mremote: Compressing objects:   3% (9/291)        [35m[catppuccin] [0m[36m     clone[0m[90m | [0mremote: Compressing objects:   4% (12/291)        [35m[catppuccin] [0m[36m     clone[0m[90m | [0mremote: Compressing objects:   5% (15/291)        [35m[catppuccin] [0m[36m     clone[0m[90m | [0mremote: Compressing objects:   6% (18/291)        [35m[catppuccin] [0m[36m     clone[0m[90m | [0mremote: Compressing objects:   7% (21/291)        [35m[catppuccin] [0m[36m     clone[0m[90m | [0mremote: Compressing objects:   8% (24/291)        [35m[catppuccin] [0m[36m     clone[0m[90m | [0mremote: Compressing objects:   9% (27/291)        [35m[catppuccin] [0m[36m     clone[0m[90m | [0mremote: Compressing objects:  10% (30/291)        [35m[LazyVim] [0m[36m        clone[0m[90m | [0mReceiving objects:   8% (1348/16842)[35m[claudecode.nvim] [0m[36mclone[0m[90m | [0mremote: Counting objects:  48% (225/468)        [35m[claudecode.nvim] [0m[36mclone[0m[90m | [0mremote: Counting objects:  49% (230/468)        [35m[claudecode.nvim] [0m[36mclone[0m[90m | [0mremote: Counting objects:  50% (234/468)        [35m[claudecode.nvim] [0m[36mclone[0m[90m | [0mremote: Counting objects:  51% (239/468)        [35m[claudecode.nvim] [0m[36mclone[0m[90m | [0mremote: Counting objects:  52% (244/468)        [35m[claudecode.nvim] [0m[36mclone[0m[90m | [0mremote: Counting objects:  53% (249/468)        [35m[claudecode.nvim] [0m[36mclone[0m[90m | [0mremote: Counting objects:  54% (253/468)        [35m[claudecode.nvim] [0m[36mclone[0m[90m | [0mremote: Counting objects:  55% (258/468)        [35m[claudecode.nvim] [0m[36mclone[0m[90m | [0mremote: Counting objects:  56% (263/468)        [35m[claudecode.nvim] [0m[36mclone[0m[90m | [0mremote: Counting objects:  57% (267/468)        [35m[claudecode.nvim] [0m[36mclone[0m[90m | [0mremote: Counting objects:  58% (272/468)        [35m[claudecode.nvim] [0m[36mclone[0m[90m | [0mremote: Counting objects:  59% (277/468)        [35m[claudecode.nvim] [0m[36mclone[0m[90m | [0mremote: Counting objects:  60% (281/468)        [35m[claudecode.nvim] [0m[36mclone[0m[90m | [0mremote: Counting objects:  61% (286/468)        [35m[claudecode.nvim] [0m[36mclone[0m[90m | [0mremote: Counting objects:  62% (291/468)        [35m[claudecode.nvim] [0m[36mclone[0m[90m | [0mremote: Counting objects:  63% (295/468)        [35m[claudecode.nvim] [0m[36mclone[0m[90m | [0mremote: Counting objects:  64% (300/468)        [35m[claudecode.nvim] [0m[36mclone[0m[90m | [0mremote: Counting objects:  65% (305/468)        [35m[claudecode.nvim] [0m[36mclone[0m[90m | [0mremote: Counting objects:  66% (309/468)        [35m[claudecode.nvim] [0m[36mclone[0m[90m | [0mremote: Counting objects:  67% (314/468)        [35m[claudecode.nvim] [0m[36mclone[0m[90m | [0mremote: Counting objects:  68% (319/468)        [35m[claudecode.nvim] [0m[36mclone[0m[90m | [0mremote: Counting objects:  69% (323/468)        [35m[claudecode.nvim] [0m[36mclone[0m[90m | [0mremote: Counting objects:  70% (328/468)        [35m[claudecode.nvim] [0m[36mclone[0m[90m | [0mremote: Counting objects:  71% (333/468)        [35m[claudecode.nvim] [0m[36mclone[0m[90m | [0mremote: Counting objects:  72% (337/468)        [35m[claudecode.nvim] [0m[36mclone[0m[90m | [0mremote: Counting objects:  73% (342/468)        [35m[claudecode.nvim] [0m[36mclone[0m[90m | [0mremote: Counting objects:  74% (347/468)        [35m[claudecode.nvim] [0m[36mclone[0m[90m | [0mremote: Counting objects:  75% (351/468)        [35m[claudecode.nvim] [0m[36mclone[0m[90m | [0mremote: Counting objects:  76% (356/468)        [35m[claudecode.nvim] [0m[36mclone[0m[90m | [0mremote: Counting objects:  77% (361/468)        [35m[claudecode.nvim] [0m[36mclone[0m[90m | [0mremote: Counting objects:  78% (366/468)        [35m[claudecode.nvim] [0m[36mclone[0m[90m | [0mremote: Counting objects:  79% (370/468)        [35m[claudecode.nvim] [0m[36mclone[0m[90m | [0mremote: Counting objects:  80% (375/468)        [35m[claudecode.nvim] [0m[36mclone[0m[90m | [0mremote: Counting objects:  81% (380/468)        [35m[claudecode.nvim] [0m[36mclone[0m[90m | [0mremote: Counting objects:  82% (384/468)        [35m[claudecode.nvim] [0m[36mclone[0m[90m | [0mremote: Counting objects:  83% (389/468)        [35m[claudecode.nvim] [0m[36mclone[0m[90m | [0mremote: Counting objects:  84% (394/468)        [35m[claudecode.nvim] [0m[36mclone[0m[90m | [0mremote: Counting objects:  85% (398/468)        [35m[claudecode.nvim] [0m[36mclone[0m[90m | [0mremote: Counting objects:  86% (403/468)        [35m[claudecode.nvim] [0m[36mclone[0m[90m | [0mremote: Counting objects:  87% (408/468)        [35m[claudecode.nvim] [0m[36mclone[0m[90m | [0mremote: Counting objects:  88% (412/468)        [35m[claudecode.nvim] [0m[36mclone[0m[90m | [0mremote: Counting objects:  89% (417/468)        [35m[claudecode.nvim] [0m[36mclone[0m[90m | [0mremote: Counting objects:  90% (422/468)        [35m[claudecode.nvim] [0m[36mclone[0m[90m | [0mremote: Counting objects:  91% (426/468)        [35m[claudecode.nvim] [0m[36mclone[0m[90m | [0mremote: Counting objects:  92% (431/468)        [35m[claudecode.nvim] [0m[36mclone[0m[90m | [0mremote: Counting objects:  93% (436/468)        [35m[claudecode.nvim] [0m[36mclone[0m[90m | [0mremote: Counting objects:  94% (440/468)        [35m[claudecode.nvim] [0m[36mclone[0m[90m | [0mremote: Counting objects:  95% (445/468)        [35m[claudecode.nvim] [0m[36mclone[0m[90m | [0mremote: Counting objects:  96% (450/468)        [35m[claudecode.nvim] [0m[36mclone[0m[90m | [0mremote: Counting objects:  97% (454/468)        [35m[claudecode.nvim] [0m[36mclone[0m[90m | [0mremote: Counting objects:  98% (459/468)        [35m[claudecode.nvim] [0m[36mclone[0m[90m | [0mremote: Counting objects:  99% (464/468)        [35m[claudecode.nvim] [0m[36mclone[0m[90m | [0mremote: Counting objects: 100% (468/468)        [35m[claudecode.nvim] [0m[36mclone[0m[90m | [0mremote: Counting objects: 100% (468/468), done.        
[35m[claudecode.nvim] [0m[36mclone[0m[90m | [0mremote: Compressing objects:   0% (1/183)        [35m[claudecode.nvim] [0m[36mclone[0m[90m | [0mremote: Compressing objects:   1% (2/183)        [35m[claudecode.nvim] [0m[36mclone[0m[90m | [0mremote: Compressing objects:   2% (4/183)        [35m[claudecode.nvim] [0m[36mclone[0m[90m | [0mremote: Compressing objects:   3% (6/183)        [35m[claudecode.nvim] [0m[36mclone[0m[90m | [0mremote: Compressing objects:   4% (8/183)        [35m[claudecode.nvim] [0m[36mclone[0m[90m | [0mremote: Compressing objects:   5% (10/183)        [35m[claudecode.nvim] [0m[36mclone[0m[90m | [0mremote: Compressing objects:   6% (11/183)        [35m[claudecode.nvim] [0m[36mclone[0m[90m | [0mremote: Compressing objects:   7% (13/183)        [35m[claudecode.nvim] [0m[36mclone[0m[90m | [0mremote: Compressing objects:   8% (15/183)        [35m[claudecode.nvim] [0m[36mclone[0m[90m | [0mremote: Compressing objects:   9% (17/183)        [35m[claudecode.nvim] [0m[36mclone[0m[90m | [0mremote: Compressing objects:  10% (19/183)        [35m[claudecode.nvim] [0m[36mclone[0m[90m | [0mremote: Compressing objects:  11% (21/183)        [35m[claudecode.nvim] [0m[36mclone[0m[90m | [0mremote: Compressing objects:  12% (22/183)        [35m[claudecode.nvim] [0m[36mclone[0m[90m | [0mremote: Compressing objects:  13% (24/183)        [35m[claudecode.nvim] [0m[36mclone[0m[90m | [0mremote: Compressing objects:  14% (26/183)        [35m[claudecode.nvim] [0m[36mclone[0m[90m | [0mremote: Compressing objects:  15% (28/183)        [35m[claudecode.nvim] [0m[36mclone[0m[90m | [0mremote: Compressing objects:  16% (30/183)        [35m[claudecode.nvim] [0m[36mclone[0m[90m | [0mremote: Compressing objects:  17% (32/183)        [35m[claudecode.nvim] [0m[36mclone[0m[90m | [0mremote: Compressing objects:  18% (33/183)        [35m[claudecode.nvim] [0m[36mclone[0m[90m | [0mremote: Compressing objects:  19% (35/183)        [35m[claudecode.nvim] [0m[36mclone[0m[90m | [0mremote: Compressing objects:  20% (37/183)        [35m[claudecode.nvim] [0m[36mclone[0m[90m | [0mremote: Compressing objects:  21% (39/183)        [35m[claudecode.nvim] [0m[36mclone[0m[90m | [0mremote: Compressing objects:  22% (41/183)        [35m[claudecode.nvim] [0m[36mclone[0m[90m | [0mremote: Compressing objects:  23% (43/183)        [35m[claudecode.nvim] [0m[36mclone[0m[90m | [0mremote: Compressing objects:  24% (44/183)        [35m[claudecode.nvim] [0m[36mclone[0m[90m | [0mremote: Compressing objects:  25% (46/183)        [35m[claudecode.nvim] [0m[36mclone[0m[90m | [0mremote: Compressing objects:  26% (48/183)        [35m[claudecode.nvim] [0m[36mclone[0m[90m | [0mremote: Compressing objects:  27% (50/183)        [35m[claudecode.nvim] [0m[36mclone[0m[90m | [0mremote: Compressing objects:  28% (52/183)        [35m[claudecode.nvim] [0m[36mclone[0m[90m | [0mremote: Compressing objects:  29% (54/183)        [35m[claudecode.nvim] [0m[36mclone[0m[90m | [0mremote: Compressing objects:  30% (55/183)        [35m[claudecode.nvim] [0m[36mclone[0m[90m | [0mremote: Compressing objects:  31% (57/183)        [35m[claudecode.nvim] [0m[36mclone[0m[90m | [0mremote: Compressing objects:  32% (59/183)        [35m[claudecode.nvim] [0m[36mclone[0m[90m | [0mremote: Compressing objects:  33% (61/183)        [35m[claudecode.nvim] [0m[36mclone[0m[90m | [0mremote: Compressing objects:  34% (63/183)        [35m[claudecode.nvim] [0m[36mclone[0m[90m | [0mremote: Compressing objects:  35% (65/183)        [35m[claudecode.nvim] [0m[36mclone[0m[90m | [0mremote: Compressing objects:  36% (66/183)        [35m[claudecode.nvim] [0m[36mclone[0m[90m | [0mremote: Compressing objects:  37% (68/183)        [35m[claudecode.nvim] [0m[36mclone[0m[90m | [0mremote: Compressing objects:  38% (70/183)        [35m[claudecode.nvim] [0m[36mclone[0m[90m | [0mremote: Compressing objects:  39% (72/183)        [35m[claudecode.nvim] [0m[36mclone[0m[90m | [0mremote: Compressing objects:  40% (74/183)        [35m[claudecode.nvim] [0m[36mclone[0m[90m | [0mremote: Compressing objects:  41% (76/183)        [35m[claudecode.nvim] [0m[36mclone[0m[90m | [0mremote: Compressing objects:  42% (77/183)        [35m[claudecode.nvim] [0m[36mclone[0m[90m | [0mremote: Compressing objects:  43% (79/183)        [35m[claudecode.nvim] [0m[36mclone[0m[90m | [0mremote: Compressing objects:  44% (81/183)        [35m[claudecode.nvim] [0m[36mclone[0m[90m | [0mremote: Compressing objects:  45% (83/183)        [35m[claudecode.nvim] [0m[36mclone[0m[90m | [0mremote: Compressing objects:  46% (85/183)        [35m[claudecode.nvim] [0m[36mclone[0m[90m | [0mremote: Compressing objects:  47% (87/183)        [35m[claudecode.nvim] [0m[36mclone[0m[90m | [0mremote: Compressing objects:  48% (88/183)        [35m[claudecode.nvim] [0m[36mclone[0m[90m | [0mremote: Compressing objects:  49% (90/183)        [35m[claudecode.nvim] [0m[36mclone[0m[90m | [0mremote: Compressing objects:  50% (92/183)        [35m[claudecode.nvim] [0m[36mclone[0m[90m | [0mremote: Compressing objects:  51% (94/183)        [35m[claudecode.nvim] [0m[36mclone[0m[90m | [0mremote: Compressing objects:  52% (96/183)        [35m[claudecode.nvim] [0m[36mclone[0m[90m | [0mremote: Compressing objects:  53% (97/183)        [35m[claudecode.nvim] [0m[36mclone[0m[90m | [0mremote: Compressing objects:  54% (99/183)        [35m[claudecode.nvim] [0m[36mclone[0m[90m | [0mremote: Compressing objects:  55% (101/183)        [35m[claudecode.nvim] [0m[36mclone[0m[90m | [0mremote: Compressing objects:  56% (103/183)        [35m[claudecode.nvim] [0m[36mclone[0m[90m | [0mremote: Compressing objects:  57% (105/183)        [35m[claudecode.nvim] [0m[36mclone[0m[90m | [0mremote: Compressing objects:  58% (107/183)        [35m[claudecode.nvim] [0m[36mclone[0m[90m | [0mremote: Compressing objects:  59% (108/183)        [35m[claudecode.nvim] [0m[36mclone[0m[90m | [0mremote: Compressing objects:  60% (110/183)        [35m[claudecode.nvim] [0m[36mclone[0m[90m | [0mremote: Compressing objects:  61% (112/183)        [35m[claudecode.nvim] [0m[36mclone[0m[90m | [0mremote: Compressing objects:  62% (114/183)        [35m[claudecode.nvim] [0m[36mclone[0m[90m | [0mremote: Compressing objects:  63% (116/183)        [35m[claudecode.nvim] [0m[36mclone[0m[90m | [0mremote: Compressing objects:  64% (118/183)        [35m[claudecode.nvim] [0m[36mclone[0m[90m | [0mremote: Compressing objects:  65% (119/183)        [35m[claudecode.nvim] [0m[36mclone[0m[90m | [0mremote: Compressing objects:  66% (121/183)        [35m[claudecode.nvim] [0m[36mclone[0m[90m | [0mremote: Compressing objects:  67% (123/183)        [35m[catppuccin] [0m[36m     clone[0m[90m | [0mremote: Compressing objects:  11% (33/291)        [35m[catppuccin] [0m[36m     clone[0m[90m | [0mremote: Compressing objects:  12% (35/291)        [35m[catppuccin] [0m[36m     clone[0m[90m | [0mremote: Compressing objects:  13% (38/291)        [35m[catppuccin] [0m[36m     clone[0m[90m | [0mremote: Compressing objects:  14% (41/291)        [35m[catppuccin] [0m[36m     clone[0m[90m | [0mremote: Compressing objects:  15% (44/291)        [35m[catppuccin] [0m[36m     clone[0m[90m | [0mremote: Compressing objects:  16% (47/291)        [35m[catppuccin] [0m[36m     clone[0m[90m | [0mremote: Compressing objects:  17% (50/291)        [35m[catppuccin] [0m[36m     clone[0m[90m | [0mremote: Compressing objects:  18% (53/291)        [35m[catppuccin] [0m[36m     clone[0m[90m | [0mremote: Compressing objects:  19% (56/291)        [35m[catppuccin] [0m[36m     clone[0m[90m | [0mremote: Compressing objects:  20% (59/291)        [35m[catppuccin] [0m[36m     clone[0m[90m | [0mremote: Compressing objects:  21% (62/291)        [35m[catppuccin] [0m[36m     clone[0m[90m | [0mremote: Compressing objects:  22% (65/291)        [35m[catppuccin] [0m[36m     clone[0m[90m | [0mremote: Compressing objects:  23% (67/291)        [35m[catppuccin] [0m[36m     clone[0m[90m | [0mremote: Compressing objects:  24% (70/291)        [35m[catppuccin] [0m[36m     clone[0m[90m | [0mremote: Compressing objects:  25% (73/291)        [35m[catppuccin] [0m[36m     clone[0m[90m | [0mremote: Compressing objects:  26% (76/291)        [35m[catppuccin] [0m[36m     clone[0m[90m | [0mremote: Compressing objects:  27% (79/291)        [35m[catppuccin] [0m[36m     clone[0m[90m | [0mremote: Compressing objects:  28% (82/291)        [35m[catppuccin] [0m[36m     clone[0m[90m | [0mremote: Compressing objects:  29% (85/291)        [35m[catppuccin] [0m[36m     clone[0m[90m | [0mremote: Compressing objects:  30% (88/291)        [35m[catppuccin] [0m[36m     clone[0m[90m | [0mremote: Compressing objects:  31% (91/291)        [35m[catppuccin] [0m[36m     clone[0m[90m | [0mremote: Compressing objects:  32% (94/291)        [35m[catppuccin] [0m[36m     clone[0m[90m | [0mremote: Compressing objects:  33% (97/291)        [35m[catppuccin] [0m[36m     clone[0m[90m | [0mremote: Compressing objects:  34% (99/291)        [35m[catppuccin] [0m[36m     clone[0m[90m | [0mremote: Compressing objects:  35% (102/291)        [35m[catppuccin] [0m[36m     clone[0m[90m | [0mremote: Compressing objects:  36% (105/291)        [35m[catppuccin] [0m[36m     clone[0m[90m | [0mremote: Compressing objects:  37% (108/291)        [35m[catppuccin] [0m[36m     clone[0m[90m | [0mremote: Compressing objects:  38% (111/291)        [35m[catppuccin] [0m[36m     clone[0m[90m | [0mremote: Compressing objects:  39% (114/291)        [35m[catppuccin] [0m[36m     clone[0m[90m | [0mremote: Compressing objects:  40% (117/291)        [35m[catppuccin] [0m[36m     clone[0m[90m | [0mremote: Compressing objects:  41% (120/291)        [35m[catppuccin] [0m[36m     clone[0m[90m | [0mremote: Compressing objects:  42% (123/291)        [35m[catppuccin] [0m[36m     clone[0m[90m | [0mremote: Compressing objects:  43% (126/291)        [35m[catppuccin] [0m[36m     clone[0m[90m | [0mremote: Compressing objects:  44% (129/291)        [35m[catppuccin] [0m[36m     clone[0m[90m | [0mremote: Compressing objects:  45% (131/291)        [35m[catppuccin] [0m[36m     clone[0m[90m | [0mremote: Compressing objects:  46% (134/291)        [35m[catppuccin] [0m[36m     clone[0m[90m | [0mremote: Compressing objects:  47% (137/291)        [35m[catppuccin] [0m[36m     clone[0m[90m | [0mremote: Compressing objects:  48% (140/291)        [35m[catppuccin] [0m[36m     clone[0m[90m | [0mremote: Compressing objects:  49% (143/291)        [35m[catppuccin] [0m[36m     clone[0m[90m | [0mremote: Compressing objects:  50% (146/291)        [35m[catppuccin] [0m[36m     clone[0m[90m | [0mremote: Compressing objects:  51% (149/291)        [35m[catppuccin] [0m[36m     clone[0m[90m | [0mremote: Compressing objects:  52% (152/291)        [35m[catppuccin] [0m[36m     clone[0m[90m | [0mremote: Compressing objects:  53% (155/291)        [35m[catppuccin] [0m[36m     clone[0m[90m | [0mremote: Compressing objects:  54% (158/291)        [35m[catppuccin] [0m[36m     clone[0m[90m | [0mremote: Compressing objects:  55% (161/291)        [35m[catppuccin] [0m[36m     clone[0m[90m | [0mremote: Compressing objects:  56% (163/291)        [35m[catppuccin] [0m[36m     clone[0m[90m | [0mremote: Compressing objects:  57% (166/291)        [35m[catppuccin] [0m[36m     clone[0m[90m | [0mremote: Compressing objects:  58% (169/291)        [35m[catppuccin] [0m[36m     clone[0m[90m | [0mremote: Compressing objects:  59% (172/291)        [35m[catppuccin] [0m[36m     clone[0m[90m | [0mremote: Compressing objects:  60% (175/291)        [35m[catppuccin] [0m[36m     clone[0m[90m | [0mremote: Compressing objects:  61% (178/291)        [35m[catppuccin] [0m[36m     clone[0m[90m | [0mremote: Compressing objects:  62% (181/291)        [35m[catppuccin] [0m[36m     clone[0m[90m | [0mremote: Compressing objects:  63% (184/291)        [35m[catppuccin] [0m[36m     clone[0m[90m | [0mremote: Compressing objects:  64% (187/291)        [35m[catppuccin] [0m[36m     clone[0m[90m | [0mremote: Compressing objects:  65% (190/291)        [35m[catppuccin] [0m[36m     clone[0m[90m | [0mremote: Compressing objects:  66% (193/291)        [35m[catppuccin] [0m[36m     clone[0m[90m | [0mremote: Compressing objects:  67% (195/291)        [35m[catppuccin] [0m[36m     clone[0m[90m | [0mremote: Compressing objects:  68% (198/291)        [35m[catppuccin] [0m[36m     clone[0m[90m | [0mremote: Compressing objects:  69% (201/291)        [35m[catppuccin] [0m[36m     clone[0m[90m | [0mremote: Compressing objects:  70% (204/291)        [35m[catppuccin] [0m[36m     clone[0m[90m | [0mremote: Compressing objects:  71% (207/291)        [35m[catppuccin] [0m[36m     clone[0m[90m | [0mremote: Compressing objects:  72% (210/291)        [35m[catppuccin] [0m[36m     clone[0m[90m | [0mremote: Compressing objects:  73% (213/291)        [35m[catppuccin] [0m[36m     clone[0m[90m | [0mremote: Compressing objects:  74% (216/291)        [35m[catppuccin] [0m[36m     clone[0m[90m | [0mremote: Compressing objects:  75% (219/291)        [35m[catppuccin] [0m[36m     clone[0m[90m | [0mremote: Compressing objects:  76% (222/291)        [35m[catppuccin] [0m[36m     clone[0m[90m | [0mremote: Compressing objects:  77% (225/291)        [35m[catppuccin] [0m[36m     clone[0m[90m | [0mremote: Compressing objects:  78% (227/291)        [35m[catppuccin] [0m[36m     clone[0m[90m | [0mremote: Compressing objects:  79% (230/291)        [35m[catppuccin] [0m[36m     clone[0m[90m | [0mremote: Compressing objects:  80% (233/291)        [35m[catppuccin] [0m[36m     clone[0m[90m | [0mremote: Compressing objects:  81% (236/291)        [35m[catppuccin] [0m[36m     clone[0m[90m | [0mremote: Compressing objects:  82% (239/291)        [35m[catppuccin] [0m[36m     clone[0m[90m | [0mremote: Compressing objects:  83% (242/291)        [35m[catppuccin] [0m[36m     clone[0m[90m | [0mremote: Compressing objects:  84% (245/291)        [35m[catppuccin] [0m[36m     clone[0m[90m | [0mremote: Compressing objects:  85% (248/291)        [35m[catppuccin] [0m[36m     clone[0m[90m | [0mremote: Compressing objects:  86% (251/291)        [35m[catppuccin] [0m[36m     clone[0m[90m | [0mremote: Compressing objects:  87% (254/291)        [35m[catppuccin] [0m[36m     clone[0m[90m | [0mremote: Compressing objects:  88% (257/291)        [35m[catppuccin] [0m[36m     clone[0m[90m | [0mremote: Compressing objects:  89% (259/291)        [35m[catppuccin] [0m[36m     clone[0m[90m | [0mremote: Compressing objects:  90% (262/291)        [35m[catppuccin] [0m[36m     clone[0m[90m | [0mremote: Compressing objects:  91% (265/291)        [35m[catppuccin] [0m[36m     clone[0m[90m | [0mremote: Compressing objects:  92% (268/291)        [35m[catppuccin] [0m[36m     clone[0m[90m | [0mremote: Compressing objects:  93% (271/291)        [35m[catppuccin] [0m[36m     clone[0m[90m | [0mremote: Compressing objects:  94% (274/291)        [35m[catppuccin] [0m[36m     clone[0m[90m | [0mremote: Compressing objects:  95% (277/291)        [35m[catppuccin] [0m[36m     clone[0m[90m | [0mremote: Compressing objects:  96% (280/291)        [35m[catppuccin] [0m[36m     clone[0m[90m | [0mremote: Compressing objects:  97% (283/291)        [35m[catppuccin] [0m[36m     clone[0m[90m | [0mremote: Compressing objects:  98% (286/291)        [35m[catppuccin] [0m[36m     clone[0m[90m | [0mremote: Compressing objects:  99% (289/291)        [35m[catppuccin] [0m[36m     clone[0m[90m | [0mremote: Compressing objects: 100% (291/291)        [35m[catppuccin] [0m[36m     clone[0m[90m | [0mremote: Compressing objects: 100% (291/291), done.        
[35m[claudecode.nvim] [0m[36mclone[0m[90m | [0mremote: Compressing objects:  68% (125/183)        [35m[claudecode.nvim] [0m[36mclone[0m[90m | [0mremote: Compressing objects:  69% (127/183)        [35m[claudecode.nvim] [0m[36mclone[0m[90m | [0mremote: Compressing objects:  70% (129/183)        [35m[claudecode.nvim] [0m[36mclone[0m[90m | [0mremote: Compressing objects:  71% (130/183)        [35m[claudecode.nvim] [0m[36mclone[0m[90m | [0mremote: Compressing objects:  72% (132/183)        [35m[claudecode.nvim] [0m[36mclone[0m[90m | [0mremote: Compressing objects:  73% (134/183)        [35m[claudecode.nvim] [0m[36mclone[0m[90m | [0mremote: Compressing objects:  74% (136/183)        [35m[claudecode.nvim] [0m[36mclone[0m[90m | [0mremote: Compressing objects:  75% (138/183)        [35m[claudecode.nvim] [0m[36mclone[0m[90m | [0mremote: Compressing objects:  76% (140/183)        [35m[claudecode.nvim] [0m[36mclone[0m[90m | [0mremote: Compressing objects:  77% (141/183)        [35m[claudecode.nvim] [0m[36mclone[0m[90m | [0mremote: Compressing objects:  78% (143/183)        [35m[claudecode.nvim] [0m[36mclone[0m[90m | [0mremote: Compressing objects:  79% (145/183)        [35m[claudecode.nvim] [0m[36mclone[0m[90m | [0mremote: Compressing objects:  80% (147/183)        [35m[claudecode.nvim] [0m[36mclone[0m[90m | [0mremote: Compressing objects:  81% (149/183)        [35m[claudecode.nvim] [0m[36mclone[0m[90m | [0mremote: Compressing objects:  82% (151/183)        [35m[claudecode.nvim] [0m[36mclone[0m[90m | [0mremote: Compressing objects:  83% (152/183)        [35m[claudecode.nvim] [0m[36mclone[0m[90m | [0mremote: Compressing objects:  84% (154/183)        [35m[claudecode.nvim] [0m[36mclone[0m[90m | [0mremote: Compressing objects:  85% (156/183)        [35m[claudecode.nvim] [0m[36mclone[0m[90m | [0mremote: Compressing objects:  86% (158/183)        [35m[claudecode.nvim] [0m[36mclone[0m[90m | [0mremote: Compressing objects:  87% (160/183)        [35m[claudecode.nvim] [0m[36mclone[0m[90m | [0mremote: Compressing objects:  88% (162/183)        [35m[claudecode.nvim] [0m[36mclone[0m[90m | [0mremote: Compressing objects:  89% (163/183)        [35m[claudecode.nvim] [0m[36mclone[0m[90m | [0mremote: Compressing objects:  90% (165/183)        [35m[claudecode.nvim] [0m[36mclone[0m[90m | [0mremote: Compressing objects:  91% (167/183)        [35m[claudecode.nvim] [0m[36mclone[0m[90m | [0mremote: Compressing objects:  92% (169/183)        [35m[claudecode.nvim] [0m[36mclone[0m[90m | [0mremote: Compressing objects:  93% (171/183)        [35m[claudecode.nvim] [0m[36mclone[0m[90m | [0mremote: Compressing objects:  94% (173/183)        [35m[claudecode.nvim] [0m[36mclone[0m[90m | [0mremote: Compressing objects:  95% (174/183)        [35m[claudecode.nvim] [0m[36mclone[0m[90m | [0mremote: Compressing objects:  96% (176/183)        [35m[claudecode.nvim] [0m[36mclone[0m[90m | [0mremote: Compressing objects:  97% (178/183)        [35m[claudecode.nvim] [0m[36mclone[0m[90m | [0mremote: Compressing objects:  98% (180/183)        [35m[claudecode.nvim] [0m[36mclone[0m[90m | [0mremote: Compressing objects:  99% (182/183)        [35m[claudecode.nvim] [0m[36mclone[0m[90m | [0mremote: Compressing objects: 100% (183/183)        [35m[claudecode.nvim] [0m[36mclone[0m[90m | [0mremote: Compressing objects: 100% (183/183), done.        
[35m[LuaSnip] [0m[36m        clone[0m[90m | [0mremote: Enumerating objects: 10973, done.        
[35m[LuaSnip] [0m[36m        clone[0m[90m | [0mremote: Counting objects:   0% (1/302)        [35m[LuaSnip] [0m[36m        clone[0m[90m | [0mremote: Counting objects:   1% (4/302)        [35m[LuaSnip] [0m[36m        clone[0m[90m | [0mremote: Counting objects:   2% (7/302)        [35m[LuaSnip] [0m[36m        clone[0m[90m | [0mremote: Counting objects:   3% (10/302)        [35m[LuaSnip] [0m[36m        clone[0m[90m | [0mremote: Counting objects:   4% (13/302)        [35m[LuaSnip] [0m[36m        clone[0m[90m | [0mremote: Counting objects:   5% (16/302)        [35m[LuaSnip] [0m[36m        clone[0m[90m | [0mremote: Counting objects:   6% (19/302)        [35m[LuaSnip] [0m[36m        clone[0m[90m | [0mremote: Counting objects:   7% (22/302)        [35m[LuaSnip] [0m[36m        clone[0m[90m | [0mremote: Counting objects:   8% (25/302)        [35m[LuaSnip] [0m[36m        clone[0m[90m | [0mremote: Counting objects:   9% (28/302)        [35m[LuaSnip] [0m[36m        clone[0m[90m | [0mremote: Counting objects:  10% (31/302)        [35m[LuaSnip] [0m[36m        clone[0m[90m | [0mremote: Counting objects:  11% (34/302)        [35m[LuaSnip] [0m[36m        clone[0m[90m | [0mremote: Counting objects:  12% (37/302)        [35m[LuaSnip] [0m[36m        clone[0m[90m | [0mremote: Counting objects:  13% (40/302)        [35m[LuaSnip] [0m[36m        clone[0m[90m | [0mremote: Counting objects:  14% (43/302)        [35m[LuaSnip] [0m[36m        clone[0m[90m | [0mremote: Counting objects:  15% (46/302)        [35m[LuaSnip] [0m[36m        clone[0m[90m | [0mremote: Counting objects:  16% (49/302)        [35m[LuaSnip] [0m[36m        clone[0m[90m | [0mremote: Counting objects:  17% (52/302)        [35m[LuaSnip] [0m[36m        clone[0m[90m | [0mremote: Counting objects:  18% (55/302)        [35m[LuaSnip] [0m[36m        clone[0m[90m | [0mremote: Counting objects:  19% (58/302)        [35m[LuaSnip] [0m[36m        clone[0m[90m | [0mremote: Counting objects:  20% (61/302)        [35m[LuaSnip] [0m[36m        clone[0m[90m | [0mremote: Counting objects:  21% (64/302)        [35m[LuaSnip] [0m[36m        clone[0m[90m | [0mremote: Counting objects:  22% (67/302)        [35m[LuaSnip] [0m[36m        clone[0m[90m | [0mremote: Counting objects:  23% (70/302)        [35m[LuaSnip] [0m[36m        clone[0m[90m | [0mremote: Counting objects:  24% (73/302)        [35m[LuaSnip] [0m[36m        clone[0m[90m | [0mremote: Counting objects:  25% (76/302)        [35m[LuaSnip] [0m[36m        clone[0m[90m | [0mremote: Counting objects:  26% (79/302)        [35m[LuaSnip] [0m[36m        clone[0m[90m | [0mremote: Counting objects:  27% (82/302)        [35m[LuaSnip] [0m[36m        clone[0m[90m | [0mremote: Counting objects:  28% (85/302)        [35m[LuaSnip] [0m[36m        clone[0m[90m | [0mremote: Counting objects:  29% (88/302)        [35m[LuaSnip] [0m[36m        clone[0m[90m | [0mremote: Counting objects:  30% (91/302)        [35m[LuaSnip] [0m[36m        clone[0m[90m | [0mremote: Counting objects:  31% (94/302)        [35m[LuaSnip] [0m[36m        clone[0m[90m | [0mremote: Counting objects:  32% (97/302)        [35m[LuaSnip] [0m[36m        clone[0m[90m | [0mremote: Counting objects:  33% (100/302)        [35m[LuaSnip] [0m[36m        clone[0m[90m | [0mremote: Counting objects:  34% (103/302)        [35m[LuaSnip] [0m[36m        clone[0m[90m | [0mremote: Counting objects:  35% (106/302)        [35m[LuaSnip] [0m[36m        clone[0m[90m | [0mremote: Counting objects:  36% (109/302)        [35m[LuaSnip] [0m[36m        clone[0m[90m | [0mremote: Counting objects:  37% (112/302)        [35m[LuaSnip] [0m[36m        clone[0m[90m | [0mremote: Counting objects:  38% (115/302)        [35m[LuaSnip] [0m[36m        clone[0m[90m | [0mremote: Counting objects:  39% (118/302)        [35m[LuaSnip] [0m[36m        clone[0m[90m | [0mremote: Counting objects:  40% (121/302)        [35m[LuaSnip] [0m[36m        clone[0m[90m | [0mremote: Counting objects:  41% (124/302)        [35m[LuaSnip] [0m[36m        clone[0m[90m | [0mremote: Counting objects:  42% (127/302)        [35m[LuaSnip] [0m[36m        clone[0m[90m | [0mremote: Counting objects:  43% (130/302)        [35m[LuaSnip] [0m[36m        clone[0m[90m | [0mremote: Counting objects:  44% (133/302)        [35m[LuaSnip] [0m[36m        clone[0m[90m | [0mremote: Counting objects:  45% (136/302)        [35m[LuaSnip] [0m[36m        clone[0m[90m | [0mremote: Counting objects:  46% (139/302)        [35m[LuaSnip] [0m[36m        clone[0m[90m | [0mremote: Counting objects:  47% (142/302)        [35m[LuaSnip] [0m[36m        clone[0m[90m | [0mremote: Counting objects:  48% (145/302)        [35m[LuaSnip] [0m[36m        clone[0m[90m | [0mremote: Counting objects:  49% (148/302)        [35m[LuaSnip] [0m[36m        clone[0m[90m | [0mremote: Counting objects:  50% (151/302)        [35m[LuaSnip] [0m[36m        clone[0m[90m | [0mremote: Counting objects:  51% (155/302)        [35m[LuaSnip] [0m[36m        clone[0m[90m | [0mremote: Counting objects:  52% (158/302)        [35m[LuaSnip] [0m[36m        clone[0m[90m | [0mremote: Counting objects:  53% (161/302)        [35m[LuaSnip] [0m[36m        clone[0m[90m | [0mremote: Counting objects:  54% (164/302)        [35m[LuaSnip] [0m[36m        clone[0m[90m | [0mremote: Counting objects:  55% (167/302)        [35m[LuaSnip] [0m[36m        clone[0m[90m | [0mremote: Counting objects:  56% (170/302)        [35m[LuaSnip] [0m[36m        clone[0m[90m | [0mremote: Counting objects:  57% (173/302)        [35m[LuaSnip] [0m[36m        clone[0m[90m | [0mremote: Counting objects:  58% (176/302)        [35m[LuaSnip] [0m[36m        clone[0m[90m | [0mremote: Counting objects:  59% (179/302)        [35m[LuaSnip] [0m[36m        clone[0m[90m | [0mremote: Counting objects:  60% (182/302)        [35m[LuaSnip] [0m[36m        clone[0m[90m | [0mremote: Counting objects:  61% (185/302)        [35m[LuaSnip] [0m[36m        clone[0m[90m | [0mremote: Counting objects:  62% (188/302)        [35m[LuaSnip] [0m[36m        clone[0m[90m | [0mremote: Counting objects:  63% (191/302)        [35m[LuaSnip] [0m[36m        clone[0m[90m | [0mremote: Counting objects:  64% (194/302)        [35m[LuaSnip] [0m[36m        clone[0m[90m | [0mremote: Counting objects:  65% (197/302)        [35m[LuaSnip] [0m[36m        clone[0m[90m | [0mremote: Counting objects:  66% (200/302)        [35m[LuaSnip] [0m[36m        clone[0m[90m | [0mremote: Counting objects:  67% (203/302)        [35m[LuaSnip] [0m[36m        clone[0m[90m | [0mremote: Counting objects:  68% (206/302)        [35m[LuaSnip] [0m[36m        clone[0m[90m | [0mremote: Counting objects:  69% (209/302)        [35m[LuaSnip] [0m[36m        clone[0m[90m | [0mremote: Counting objects:  70% (212/302)        [35m[LuaSnip] [0m[36m        clone[0m[90m | [0mremote: Counting objects:  71% (215/302)        [35m[LuaSnip] [0m[36m        clone[0m[90m | [0mremote: Counting objects:  72% (218/302)        [35m[LuaSnip] [0m[36m        clone[0m[90m | [0mremote: Counting objects:  73% (221/302)        [35m[LuaSnip] [0m[36m        clone[0m[90m | [0mremote: Counting objects:  74% (224/302)        [35m[LuaSnip] [0m[36m        clone[0m[90m | [0mremote: Counting objects:  75% (227/302)        [35m[LuaSnip] [0m[36m        clone[0m[90m | [0mremote: Counting objects:  76% (230/302)        [35m[LuaSnip] [0m[36m        clone[0m[90m | [0mremote: Counting objects:  77% (233/302)        [35m[LuaSnip] [0m[36m        clone[0m[90m | [0mremote: Counting objects:  78% (236/302)        [35m[LuaSnip] [0m[36m        clone[0m[90m | [0mremote: Counting objects:  79% (239/302)        [35m[LuaSnip] [0m[36m        clone[0m[90m | [0mremote: Counting objects:  80% (242/302)        [35m[LuaSnip] [0m[36m        clone[0m[90m | [0mremote: Counting objects:  81% (245/302)        [35m[LuaSnip] [0m[36m        clone[0m[90m | [0mremote: Counting objects:  82% (248/302)        [35m[LuaSnip] [0m[36m        clone[0m[90m | [0mremote: Counting objects:  83% (251/302)        [35m[LuaSnip] [0m[36m        clone[0m[90m | [0mremote: Counting objects:  84% (254/302)        [35m[LuaSnip] [0m[36m        clone[0m[90m | [0mremote: Counting objects:  85% (257/302)        [35m[LuaSnip] [0m[36m        clone[0m[90m | [0mremote: Counting objects:  86% (260/302)        [35m[LuaSnip] [0m[36m        clone[0m[90m | [0mremote: Counting objects:  87% (263/302)        [35m[LuaSnip] [0m[36m        clone[0m[90m | [0mremote: Counting objects:  88% (266/302)        [35m[LuaSnip] [0m[36m        clone[0m[90m | [0mremote: Counting objects:  89% (269/302)        [35m[LuaSnip] [0m[36m        clone[0m[90m | [0mremote: Counting objects:  90% (272/302)        [35m[LuaSnip] [0m[36m        clone[0m[90m | [0mremote: Counting objects:  91% (275/302)        [35m[LuaSnip] [0m[36m        clone[0m[90m | [0mremote: Counting objects:  92% (278/302)        [35m[LuaSnip] [0m[36m        clone[0m[90m | [0mremote: Counting objects:  93% (281/302)        [35m[LuaSnip] [0m[36m        clone[0m[90m | [0mremote: Counting objects:  94% (284/302)        [35m[LuaSnip] [0m[36m        clone[0m[90m | [0mremote: Counting objects:  95% (287/302)        [35m[LuaSnip] [0m[36m        clone[0m[90m | [0mremote: Counting objects:  96% (290/302)        [35m[LuaSnip] [0m[36m        clone[0m[90m | [0mremote: Counting objects:  97% (293/302)        [35m[LuaSnip] [0m[36m        clone[0m[90m | [0mremote: Counting objects:  98% (296/302)        [35m[LuaSnip] [0m[36m        clone[0m[90m | [0mremote: Counting objects:  99% (299/302)        [35m[LuaSnip] [0m[36m        clone[0m[90m | [0mremote: Counting objects: 100% (302/302)        [35m[LuaSnip] [0m[36m        clone[0m[90m | [0mremote: Counting objects: 100% (302/302), done.        
[35m[LuaSnip] [0m[36m        clone[0m[90m | [0mremote: Compressing objects:   1% (1/83)        [35m[LuaSnip] [0m[36m        clone[0m[90m | [0mremote: Compressing objects:   2% (2/83)        [35m[LuaSnip] [0m[36m        clone[0m[90m | [0mremote: Compressing objects:   3% (3/83)        [35m[LuaSnip] [0m[36m        clone[0m[90m | [0mremote: Compressing objects:   4% (4/83)        [35m[LuaSnip] [0m[36m        clone[0m[90m | [0mremote: Compressing objects:   6% (5/83)        [35m[LuaSnip] [0m[36m        clone[0m[90m | [0mremote: Compressing objects:   7% (6/83)        [35m[LuaSnip] [0m[36m        clone[0m[90m | [0mremote: Compressing objects:   8% (7/83)        [35m[conform.nvim] [0m[36m   clone[0m[90m | [0mremote: Enumerating objects: 3535, done.        
[35m[conform.nvim] [0m[36m   clone[0m[90m | [0mremote: Counting objects:   0% (1/1100)        [35m[conform.nvim] [0m[36m   clone[0m[90m | [0mremote: Counting objects:   1% (11/1100)        [35m[conform.nvim] [0m[36m   clone[0m[90m | [0mremote: Counting objects:   2% (22/1100)        [35m[conform.nvim] [0m[36m   clone[0m[90m | [0mremote: Counting objects:   3% (33/1100)        [35m[conform.nvim] [0m[36m   clone[0m[90m | [0mremote: Counting objects:   4% (44/1100)        [35m[conform.nvim] [0m[36m   clone[0m[90m | [0mremote: Counting objects:   5% (55/1100)        [35m[conform.nvim] [0m[36m   clone[0m[90m | [0mremote: Counting objects:   6% (66/1100)        [35m[conform.nvim] [0m[36m   clone[0m[90m | [0mremote: Counting objects:   7% (77/1100)        [35m[conform.nvim] [0m[36m   clone[0m[90m | [0mremote: Counting objects:   8% (88/1100)        [35m[conform.nvim] [0m[36m   clone[0m[90m | [0mremote: Counting objects:   9% (99/1100)        [35m[conform.nvim] [0m[36m   clone[0m[90m | [0mremote: Counting objects:  10% (110/1100)        [35m[conform.nvim] [0m[36m   clone[0m[90m | [0mremote: Counting objects:  11% (121/1100)        [35m[conform.nvim] [0m[36m   clone[0m[90m | [0mremote: Counting objects:  12% (132/1100)        [35m[conform.nvim] [0m[36m   clone[0m[90m | [0mremote: Counting objects:  13% (143/1100)        [35m[conform.nvim] [0m[36m   clone[0m[90m | [0mremote: Counting objects:  14% (154/1100)        [35m[LuaSnip] [0m[36m        clone[0m[90m | [0mremote: Compressing objects:   9% (8/83)        [35m[LuaSnip] [0m[36m        clone[0m[90m | [0mremote: Compressing objects:  10% (9/83)        [35m[LuaSnip] [0m[36m        clone[0m[90m | [0mremote: Compressing objects:  12% (10/83)        [35m[LuaSnip] [0m[36m        clone[0m[90m | [0mremote: Compressing objects:  13% (11/83)        [35m[LuaSnip] [0m[36m        clone[0m[90m | [0mremote: Compressing objects:  14% (12/83)        [35m[LuaSnip] [0m[36m        clone[0m[90m | [0mremote: Compressing objects:  15% (13/83)        [35m[LuaSnip] [0m[36m        clone[0m[90m | [0mremote: Compressing objects:  16% (14/83)        [35m[LuaSnip] [0m[36m        clone[0m[90m | [0mremote: Compressing objects:  18% (15/83)        [35m[LuaSnip] [0m[36m        clone[0m[90m | [0mremote: Compressing objects:  19% (16/83)        [35m[LuaSnip] [0m[36m        clone[0m[90m | [0mremote: Compressing objects:  20% (17/83)        [35m[LuaSnip] [0m[36m        clone[0m[90m | [0mremote: Compressing objects:  21% (18/83)        [35m[LuaSnip] [0m[36m        clone[0m[90m | [0mremote: Compressing objects:  22% (19/83)        [35m[LuaSnip] [0m[36m        clone[0m[90m | [0mremote: Compressing objects:  24% (20/83)        [35m[LuaSnip] [0m[36m        clone[0m[90m | [0mremote: Compressing objects:  25% (21/83)        [35m[LuaSnip] [0m[36m        clone[0m[90m | [0mremote: Compressing objects:  26% (22/83)        [35m[LuaSnip] [0m[36m        clone[0m[90m | [0mremote: Compressing objects:  27% (23/83)        [35m[LuaSnip] [0m[36m        clone[0m[90m | [0mremote: Compressing objects:  28% (24/83)        [35m[LuaSnip] [0m[36m        clone[0m[90m | [0mremote: Compressing objects:  30% (25/83)        [35m[LuaSnip] [0m[36m        clone[0m[90m | [0mremote: Compressing objects:  31% (26/83)        [35m[LuaSnip] [0m[36m        clone[0m[90m | [0mremote: Compressing objects:  32% (27/83)        [35m[LuaSnip] [0m[36m        clone[0m[90m | [0mremote: Compressing objects:  33% (28/83)        [35m[LuaSnip] [0m[36m        clone[0m[90m | [0mremote: Compressing objects:  34% (29/83)        [35m[LuaSnip] [0m[36m        clone[0m[90m | [0mremote: Compressing objects:  36% (30/83)        [35m[LuaSnip] [0m[36m        clone[0m[90m | [0mremote: Compressing objects:  37% (31/83)        [35m[LuaSnip] [0m[36m        clone[0m[90m | [0mremote: Compressing objects:  38% (32/83)        [35m[LuaSnip] [0m[36m        clone[0m[90m | [0mremote: Compressing objects:  39% (33/83)        [35m[LuaSnip] [0m[36m        clone[0m[90m | [0mremote: Compressing objects:  40% (34/83)        [35m[LuaSnip] [0m[36m        clone[0m[90m | [0mremote: Compressing objects:  42% (35/83)        [35m[LuaSnip] [0m[36m        clone[0m[90m | [0mremote: Compressing objects:  43% (36/83)        [35m[LuaSnip] [0m[36m        clone[0m[90m | [0mremote: Compressing objects:  44% (37/83)        [35m[LuaSnip] [0m[36m        clone[0m[90m | [0mremote: Compressing objects:  45% (38/83)        [35m[LuaSnip] [0m[36m        clone[0m[90m | [0mremote: Compressing objects:  46% (39/83)        [35m[LuaSnip] [0m[36m        clone[0m[90m | [0mremote: Compressing objects:  48% (40/83)        [35m[LuaSnip] [0m[36m        clone[0m[90m | [0mremote: Compressing objects:  49% (41/83)        [35m[LuaSnip] [0m[36m        clone[0m[90m | [0mremote: Compressing objects:  50% (42/83)        [35m[LuaSnip] [0m[36m        clone[0m[90m | [0mremote: Compressing objects:  51% (43/83)        [35m[LuaSnip] [0m[36m        clone[0m[90m | [0mremote: Compressing objects:  53% (44/83)        [35m[LuaSnip] [0m[36m        clone[0m[90m | [0mremote: Compressing objects:  54% (45/83)        [35m[LuaSnip] [0m[36m        clone[0m[90m | [0mremote: Compressing objects:  55% (46/83)        [35m[LuaSnip] [0m[36m        clone[0m[90m | [0mremote: Compressing objects:  56% (47/83)        [35m[LuaSnip] [0m[36m        clone[0m[90m | [0mremote: Compressing objects:  57% (48/83)        [35m[LuaSnip] [0m[36m        clone[0m[90m | [0mremote: Compressing objects:  59% (49/83)        [35m[LuaSnip] [0m[36m        clone[0m[90m | [0mremote: Compressing objects:  60% (50/83)        [35m[LuaSnip] [0m[36m        clone[0m[90m | [0mremote: Compressing objects:  61% (51/83)        [35m[LuaSnip] [0m[36m        clone[0m[90m | [0mremote: Compressing objects:  62% (52/83)        [35m[LuaSnip] [0m[36m        clone[0m[90m | [0mremote: Compressing objects:  63% (53/83)        [35m[LuaSnip] [0m[36m        clone[0m[90m | [0mremote: Compressing objects:  65% (54/83)        [35m[LuaSnip] [0m[36m        clone[0m[90m | [0mremote: Compressing objects:  66% (55/83)        [35m[LuaSnip] [0m[36m        clone[0m[90m | [0mremote: Compressing objects:  67% (56/83)        [35m[LuaSnip] [0m[36m        clone[0m[90m | [0mremote: Compressing objects:  68% (57/83)        [35m[LuaSnip] [0m[36m        clone[0m[90m | [0mremote: Compressing objects:  69% (58/83)        [35m[LuaSnip] [0m[36m        clone[0m[90m | [0mremote: Compressing objects:  71% (59/83)        [35m[LuaSnip] [0m[36m        clone[0m[90m | [0mremote: Compressing objects:  72% (60/83)        [35m[LuaSnip] [0m[36m        clone[0m[90m | [0mremote: Compressing objects:  73% (61/83)        [35m[LuaSnip] [0m[36m        clone[0m[90m | [0mremote: Compressing objects:  74% (62/83)        [35m[LuaSnip] [0m[36m        clone[0m[90m | [0mremote: Compressing objects:  75% (63/83)        [35m[LuaSnip] [0m[36m        clone[0m[90m | [0mremote: Compressing objects:  77% (64/83)        [35m[LuaSnip] [0m[36m        clone[0m[90m | [0mremote: Compressing objects:  78% (65/83)        [35m[LuaSnip] [0m[36m        clone[0m[90m | [0mremote: Compressing objects:  79% (66/83)        [35m[LuaSnip] [0m[36m        clone[0m[90m | [0mremote: Compressing objects:  80% (67/83)        [35m[LuaSnip] [0m[36m        clone[0m[90m | [0mremote: Compressing objects:  81% (68/83)        [35m[LuaSnip] [0m[36m        clone[0m[90m | [0mremote: Compressing objects:  83% (69/83)        [35m[LuaSnip] [0m[36m        clone[0m[90m | [0mremote: Compressing objects:  84% (70/83)        [35m[LuaSnip] [0m[36m        clone[0m[90m | [0mremote: Compressing objects:  85% (71/83)        [35m[LuaSnip] [0m[36m        clone[0m[90m | [0mremote: Compressing objects:  86% (72/83)        [35m[LuaSnip] [0m[36m        clone[0m[90m | [0mremote: Compressing objects:  87% (73/83)        [35m[LuaSnip] [0m[36m        clone[0m[90m | [0mremote: Compressing objects:  89% (74/83)        [35m[LuaSnip] [0m[36m        clone[0m[90m | [0mremote: Compressing objects:  90% (75/83)        [35m[LuaSnip] [0m[36m        clone[0m[90m | [0mremote: Compressing objects:  91% (76/83)        [35m[LuaSnip] [0m[36m        clone[0m[90m | [0mremote: Compressing objects:  92% (77/83)        [35m[LuaSnip] [0m[36m        clone[0m[90m | [0mremote: Compressing objects:  93% (78/83)        [35m[LuaSnip] [0m[36m        clone[0m[90m | [0mremote: Compressing objects:  95% (79/83)        [35m[LuaSnip] [0m[36m        clone[0m[90m | [0mremote: Compressing objects:  96% (80/83)        [35m[LuaSnip] [0m[36m        clone[0m[90m | [0mremote: Compressing objects:  97% (81/83)        [35m[LuaSnip] [0m[36m        clone[0m[90m | [0mremote: Compressing objects:  98% (82/83)        [35m[LuaSnip] [0m[36m        clone[0m[90m | [0mremote: Compressing objects: 100% (83/83)        [35m[LuaSnip] [0m[36m        clone[0m[90m | [0mremote: Compressing objects: 100% (83/83), done.        
[35m[conform.nvim] [0m[36m   clone[0m[90m | [0mremote: Counting objects:  15% (165/1100)        [35m[conform.nvim] [0m[36m   clone[0m[90m | [0mremote: Counting objects:  16% (176/1100)        [35m[conform.nvim] [0m[36m   clone[0m[90m | [0mremote: Counting objects:  17% (187/1100)        [35m[conform.nvim] [0m[36m   clone[0m[90m | [0mremote: Counting objects:  18% (198/1100)        [35m[conform.nvim] [0m[36m   clone[0m[90m | [0mremote: Counting objects:  19% (209/1100)        [35m[conform.nvim] [0m[36m   clone[0m[90m | [0mremote: Counting objects:  20% (220/1100)        [35m[conform.nvim] [0m[36m   clone[0m[90m | [0mremote: Counting objects:  21% (231/1100)        [35m[conform.nvim] [0m[36m   clone[0m[90m | [0mremote: Counting objects:  22% (242/1100)        [35m[conform.nvim] [0m[36m   clone[0m[90m | [0mremote: Counting objects:  23% (253/1100)        [35m[conform.nvim] [0m[36m   clone[0m[90m | [0mremote: Counting objects:  24% (264/1100)        [35m[conform.nvim] [0m[36m   clone[0m[90m | [0mremote: Counting objects:  25% (275/1100)        [35m[conform.nvim] [0m[36m   clone[0m[90m | [0mremote: Counting objects:  26% (286/1100)        [35m[conform.nvim] [0m[36m   clone[0m[90m | [0mremote: Counting objects:  27% (297/1100)        [35m[conform.nvim] [0m[36m   clone[0m[90m | [0mremote: Counting objects:  28% (308/1100)        [35m[conform.nvim] [0m[36m   clone[0m[90m | [0mremote: Counting objects:  29% (319/1100)        [35m[conform.nvim] [0m[36m   clone[0m[90m | [0mremote: Counting objects:  30% (330/1100)        [35m[conform.nvim] [0m[36m   clone[0m[90m | [0mremote: Counting objects:  31% (341/1100)        [35m[conform.nvim] [0m[36m   clone[0m[90m | [0mremote: Counting objects:  32% (352/1100)        [35m[conform.nvim] [0m[36m   clone[0m[90m | [0mremote: Counting objects:  33% (363/1100)        [35m[conform.nvim] [0m[36m   clone[0m[90m | [0mremote: Counting objects:  34% (374/1100)        [35m[conform.nvim] [0m[36m   clone[0m[90m | [0mremote: Counting objects:  35% (385/1100)        [35m[conform.nvim] [0m[36m   clone[0m[90m | [0mremote: Counting objects:  36% (396/1100)        [35m[conform.nvim] [0m[36m   clone[0m[90m | [0mremote: Counting objects:  37% (407/1100)        [35m[conform.nvim] [0m[36m   clone[0m[90m | [0mremote: Counting objects:  38% (418/1100)        [35m[conform.nvim] [0m[36m   clone[0m[90m | [0mremote: Counting objects:  39% (429/1100)        [35m[conform.nvim] [0m[36m   clone[0m[90m | [0mremote: Counting objects:  40% (440/1100)        [35m[conform.nvim] [0m[36m   clone[0m[90m | [0mremote: Counting objects:  41% (451/1100)        [35m[conform.nvim] [0m[36m   clone[0m[90m | [0mremote: Counting objects:  42% (462/1100)        [35m[conform.nvim] [0m[36m   clone[0m[90m | [0mremote: Counting objects:  43% (473/1100)        [35m[conform.nvim] [0m[36m   clone[0m[90m | [0mremote: Counting objects:  44% (484/1100)        [35m[conform.nvim] [0m[36m   clone[0m[90m | [0mremote: Counting objects:  45% (495/1100)        [35m[conform.nvim] [0m[36m   clone[0m[90m | [0mremote: Counting objects:  46% (506/1100)        [35m[conform.nvim] [0m[36m   clone[0m[90m | [0mremote: Counting objects:  47% (517/1100)        [35m[conform.nvim] [0m[36m   clone[0m[90m | [0mremote: Counting objects:  48% (528/1100)        [35m[conform.nvim] [0m[36m   clone[0m[90m | [0mremote: Counting objects:  49% (539/1100)        [35m[conform.nvim] [0m[36m   clone[0m[90m | [0mremote: Counting objects:  50% (550/1100)        [35m[conform.nvim] [0m[36m   clone[0m[90m | [0mremote: Counting objects:  51% (561/1100)        [35m[conform.nvim] [0m[36m   clone[0m[90m | [0mremote: Counting objects:  52% (572/1100)        [35m[conform.nvim] [0m[36m   clone[0m[90m | [0mremote: Counting objects:  53% (583/1100)        [35m[conform.nvim] [0m[36m   clone[0m[90m | [0mremote: Counting objects:  54% (594/1100)        [35m[conform.nvim] [0m[36m   clone[0m[90m | [0mremote: Counting objects:  55% (605/1100)        [35m[conform.nvim] [0m[36m   clone[0m[90m | [0mremote: Counting objects:  56% (616/1100)        [35m[conform.nvim] [0m[36m   clone[0m[90m | [0mremote: Counting objects:  57% (627/1100)        [35m[conform.nvim] [0m[36m   clone[0m[90m | [0mremote: Counting objects:  58% (638/1100)        [35m[conform.nvim] [0m[36m   clone[0m[90m | [0mremote: Counting objects:  59% (649/1100)        [35m[conform.nvim] [0m[36m   clone[0m[90m | [0mremote: Counting objects:  60% (660/1100)        [35m[conform.nvim] [0m[36m   clone[0m[90m | [0mremote: Counting objects:  61% (671/1100)        [35m[conform.nvim] [0m[36m   clone[0m[90m | [0mremote: Counting objects:  62% (682/1100)        [35m[conform.nvim] [0m[36m   clone[0m[90m | [0mremote: Counting objects:  63% (693/1100)        [35m[conform.nvim] [0m[36m   clone[0m[90m | [0mremote: Counting objects:  64% (704/1100)        [35m[conform.nvim] [0m[36m   clone[0m[90m | [0mremote: Counting objects:  65% (715/1100)        [35m[conform.nvim] [0m[36m   clone[0m[90m | [0mremote: Counting objects:  66% (726/1100)        [35m[conform.nvim] [0m[36m   clone[0m[90m | [0mremote: Counting objects:  67% (737/1100)        [35m[conform.nvim] [0m[36m   clone[0m[90m | [0mremote: Counting objects:  68% (748/1100)        [35m[conform.nvim] [0m[36m   clone[0m[90m | [0mremote: Counting objects:  69% (759/1100)        [35m[conform.nvim] [0m[36m   clone[0m[90m | [0mremote: Counting objects:  70% (770/1100)        [35m[conform.nvim] [0m[36m   clone[0m[90m | [0mremote: Counting objects:  71% (781/1100)        [35m[conform.nvim] [0m[36m   clone[0m[90m | [0mremote: Counting objects:  72% (792/1100)        [35m[conform.nvim] [0m[36m   clone[0m[90m | [0mremote: Counting objects:  73% (803/1100)        [35m[conform.nvim] [0m[36m   clone[0m[90m | [0mremote: Counting objects:  74% (814/1100)        [35m[cmp-path] [0m[36m       clone[0m[90m | [0mremote: Enumerating objects: 270, done.        
[35m[cmp-path] [0m[36m       clone[0m[90m | [0mremote: Counting objects:   2% (1/34)        [35m[cmp-path] [0m[36m       clone[0m[90m | [0mremote: Counting objects:   5% (2/34)        [35m[cmp-path] [0m[36m       clone[0m[90m | [0mremote: Counting objects:   8% (3/34)        [35m[cmp-path] [0m[36m       clone[0m[90m | [0mremote: Counting objects:  11% (4/34)        [35m[cmp-path] [0m[36m       clone[0m[90m | [0mremote: Counting objects:  14% (5/34)        [35m[cmp-path] [0m[36m       clone[0m[90m | [0mremote: Counting objects:  17% (6/34)        [35m[cmp-path] [0m[36m       clone[0m[90m | [0mremote: Counting objects:  20% (7/34)        [35m[cmp-path] [0m[36m       clone[0m[90m | [0mremote: Counting objects:  23% (8/34)        [35m[cmp-path] [0m[36m       clone[0m[90m | [0mremote: Counting objects:  26% (9/34)        [35m[cmp-path] [0m[36m       clone[0m[90m | [0mremote: Counting objects:  29% (10/34)        [35m[cmp-path] [0m[36m       clone[0m[90m | [0mremote: Counting objects:  32% (11/34)        [35m[cmp-path] [0m[36m       clone[0m[90m | [0mremote: Counting objects:  35% (12/34)        [35m[cmp-path] [0m[36m       clone[0m[90m | [0mremote: Counting objects:  38% (13/34)        [35m[cmp-path] [0m[36m       clone[0m[90m | [0mremote: Counting objects:  41% (14/34)        [35m[cmp-path] [0m[36m       clone[0m[90m | [0mremote: Counting objects:  44% (15/34)        [35m[cmp-path] [0m[36m       clone[0m[90m | [0mremote: Counting objects:  47% (16/34)        [35m[cmp-path] [0m[36m       clone[0m[90m | [0mremote: Counting objects:  50% (17/34)        [35m[cmp-path] [0m[36m       clone[0m[90m | [0mremote: Counting objects:  52% (18/34)        [35m[cmp-path] [0m[36m       clone[0m[90m | [0mremote: Counting objects:  55% (19/34)        [35m[cmp-path] [0m[36m       clone[0m[90m | [0mremote: Counting objects:  58% (20/34)        [35m[cmp-path] [0m[36m       clone[0m[90m | [0mremote: Counting objects:  61% (21/34)        [35m[cmp-path] [0m[36m       clone[0m[90m | [0mremote: Counting objects:  64% (22/34)        [35m[cmp-path] [0m[36m       clone[0m[90m | [0mremote: Counting objects:  67% (23/34)        [35m[cmp-path] [0m[36m       clone[0m[90m | [0mremote: Counting objects:  70% (24/34)        [35m[cmp-path] [0m[36m       clone[0m[90m | [0mremote: Counting objects:  73% (25/34)        [35m[cmp-path] [0m[36m       clone[0m[90m | [0mremote: Counting objects:  76% (26/34)        [35m[cmp-path] [0m[36m       clone[0m[90m | [0mremote: Counting objects:  79% (27/34)        [35m[cmp-path] [0m[36m       clone[0m[90m | [0mremote: Counting objects:  82% (28/34)        [35m[cmp-path] [0m[36m       clone[0m[90m | [0mremote: Counting objects:  85% (29/34)        [35m[cmp-path] [0m[36m       clone[0m[90m | [0mremote: Counting objects:  88% (30/34)        [35m[cmp-path] [0m[36m       clone[0m[90m | [0mremote: Counting objects:  91% (31/34)        [35m[cmp-path] [0m[36m       clone[0m[90m | [0mremote: Counting objects:  94% (32/34)        [35m[cmp-path] [0m[36m       clone[0m[90m | [0mremote: Counting objects:  97% (33/34)        [35m[cmp-path] [0m[36m       clone[0m[90m | [0mremote: Counting objects: 100% (34/34)        [35m[cmp-path] [0m[36m       clone[0m[90m | [0mremote: Counting objects: 100% (34/34), done.        
[35m[cmp-path] [0m[36m       clone[0m[90m | [0mremote: Compressing objects:   3% (1/32)        [35m[cmp-path] [0m[36m       clone[0m[90m | [0mremote: Compressing objects:   6% (2/32)        [35m[cmp-path] [0m[36m       clone[0m[90m | [0mremote: Compressing objects:   9% (3/32)        [35m[cmp-path] [0m[36m       clone[0m[90m | [0mremote: Compressing objects:  12% (4/32)        [35m[cmp-path] [0m[36m       clone[0m[90m | [0mremote: Compressing objects:  15% (5/32)        [35m[cmp-path] [0m[36m       clone[0m[90m | [0mremote: Compressing objects:  18% (6/32)        [35m[cmp-path] [0m[36m       clone[0m[90m | [0mremote: Compressing objects:  21% (7/32)        [35m[cmp-path] [0m[36m       clone[0m[90m | [0mremote: Compressing objects:  25% (8/32)        [35m[cmp-path] [0m[36m       clone[0m[90m | [0mremote: Compressing objects:  28% (9/32)        [35m[cmp-path] [0m[36m       clone[0m[90m | [0mremote: Compressing objects:  31% (10/32)        [35m[cmp-path] [0m[36m       clone[0m[90m | [0mremote: Compressing objects:  34% (11/32)        [35m[cmp-path] [0m[36m       clone[0m[90m | [0mremote: Compressing objects:  37% (12/32)        [35m[cmp-path] [0m[36m       clone[0m[90m | [0mremote: Compressing objects:  40% (13/32)        [35m[cmp-path] [0m[36m       clone[0m[90m | [0mremote: Compressing objects:  43% (14/32)        [35m[cmp-path] [0m[36m       clone[0m[90m | [0mremote: Compressing objects:  46% (15/32)        [35m[cmp-path] [0m[36m       clone[0m[90m | [0mremote: Compressing objects:  50% (16/32)        [35m[cmp-path] [0m[36m       clone[0m[90m | [0mremote: Compressing objects:  53% (17/32)        [35m[cmp-path] [0m[36m       clone[0m[90m | [0mremote: Compressing objects:  56% (18/32)        [35m[cmp-path] [0m[36m       clone[0m[90m | [0mremote: Compressing objects:  59% (19/32)        [35m[cmp-path] [0m[36m       clone[0m[90m | [0mremote: Compressing objects:  62% (20/32)        [35m[cmp-path] [0m[36m       clone[0m[90m | [0mremote: Compressing objects:  65% (21/32)        [35m[cmp-path] [0m[36m       clone[0m[90m | [0mremote: Compressing objects:  68% (22/32)        [35m[cmp-path] [0m[36m       clone[0m[90m | [0mremote: Compressing objects:  71% (23/32)        [35m[cmp-path] [0m[36m       clone[0m[90m | [0mremote: Compressing objects:  75% (24/32)        [35m[cmp-path] [0m[36m       clone[0m[90m | [0mremote: Compressing objects:  78% (25/32)        [35m[cmp-path] [0m[36m       clone[0m[90m | [0mremote: Compressing objects:  81% (26/32)        [35m[cmp-path] [0m[36m       clone[0m[90m | [0mremote: Compressing objects:  84% (27/32)        [35m[cmp-path] [0m[36m       clone[0m[90m | [0mremote: Compressing objects:  87% (28/32)        [35m[cmp-path] [0m[36m       clone[0m[90m | [0mremote: Compressing objects:  90% (29/32)        [35m[cmp-path] [0m[36m       clone[0m[90m | [0mremote: Compressing objects:  93% (30/32)        [35m[cmp-path] [0m[36m       clone[0m[90m | [0mremote: Compressing objects:  96% (31/32)        [35m[cmp-path] [0m[36m       clone[0m[90m | [0mremote: Compressing objects: 100% (32/32)        [35m[cmp-path] [0m[36m       clone[0m[90m | [0mremote: Compressing objects: 100% (32/32), done.        
[35m[cmp-cmdline] [0m[36m    clone[0m[90m | [0mReceiving objects:   0% (1/162)[35m[cmp-cmdline] [0m[36m    clone[0m[90m | [0mReceiving objects:   1% (2/162)[35m[cmp-cmdline] [0m[36m    clone[0m[90m | [0mReceiving objects:   2% (4/162)[35m[cmp-cmdline] [0m[36m    clone[0m[90m | [0mReceiving objects:   3% (5/162)[35m[cmp-cmdline] [0m[36m    clone[0m[90m | [0mReceiving objects:   4% (7/162)[35m[cmp-cmdline] [0m[36m    clone[0m[90m | [0mReceiving objects:   5% (9/162)[35m[cmp-cmdline] [0m[36m    clone[0m[90m | [0mReceiving objects:   6% (10/162)[35m[cmp-cmdline] [0m[36m    clone[0m[90m | [0mReceiving objects:   7% (12/162)[35m[cmp-cmdline] [0m[36m    clone[0m[90m | [0mReceiving objects:   8% (13/162)[35m[cmp-cmdline] [0m[36m    clone[0m[90m | [0mReceiving objects:   9% (15/162)[35m[cmp-cmdline] [0m[36m    clone[0m[90m | [0mReceiving objects:  10% (17/162)[35m[cmp-cmdline] [0m[36m    clone[0m[90m | [0mReceiving objects:  11% (18/162)[35m[cmp-cmdline] [0m[36m    clone[0m[90m | [0mReceiving objects:  12% (20/162)[35m[cmp-cmdline] [0m[36m    clone[0m[90m | [0mReceiving objects:  13% (22/162)[35m[cmp-cmdline] [0m[36m    clone[0m[90m | [0mReceiving objects:  14% (23/162)[35m[cmp-cmdline] [0m[36m    clone[0m[90m | [0mReceiving objects:  15% (25/162)[35m[cmp-cmdline] [0m[36m    clone[0m[90m | [0mReceiving objects:  16% (26/162)[35m[conform.nvim] [0m[36m   clone[0m[90m | [0mremote: Counting objects:  75% (825/1100)        [35m[conform.nvim] [0m[36m   clone[0m[90m | [0mremote: Counting objects:  76% (836/1100)        [35m[conform.nvim] [0m[36m   clone[0m[90m | [0mremote: Counting objects:  77% (847/1100)        [35m[conform.nvim] [0m[36m   clone[0m[90m | [0mremote: Counting objects:  78% (858/1100)        [35m[conform.nvim] [0m[36m   clone[0m[90m | [0mremote: Counting objects:  79% (869/1100)        [35m[conform.nvim] [0m[36m   clone[0m[90m | [0mremote: Counting objects:  80% (880/1100)        [35m[conform.nvim] [0m[36m   clone[0m[90m | [0mremote: Counting objects:  81% (891/1100)        [35m[conform.nvim] [0m[36m   clone[0m[90m | [0mremote: Counting objects:  82% (902/1100)        [35m[conform.nvim] [0m[36m   clone[0m[90m | [0mremote: Counting objects:  83% (913/1100)        [35m[conform.nvim] [0m[36m   clone[0m[90m | [0mremote: Counting objects:  84% (924/1100)        [35m[conform.nvim] [0m[36m   clone[0m[90m | [0mremote: Counting objects:  85% (935/1100)        [35m[conform.nvim] [0m[36m   clone[0m[90m | [0mremote: Counting objects:  86% (946/1100)        [35m[conform.nvim] [0m[36m   clone[0m[90m | [0mremote: Counting objects:  87% (957/1100)        [35m[conform.nvim] [0m[36m   clone[0m[90m | [0mremote: Counting objects:  88% (968/1100)        [35m[conform.nvim] [0m[36m   clone[0m[90m | [0mremote: Counting objects:  89% (979/1100)        [35m[conform.nvim] [0m[36m   clone[0m[90m | [0mremote: Counting objects:  90% (990/1100)        [35m[conform.nvim] [0m[36m   clone[0m[90m | [0mremote: Counting objects:  91% (1001/1100)        [35m[conform.nvim] [0m[36m   clone[0m[90m | [0mremote: Counting objects:  92% (1012/1100)        [35m[conform.nvim] [0m[36m   clone[0m[90m | [0mremote: Counting objects:  93% (1023/1100)        [35m[conform.nvim] [0m[36m   clone[0m[90m | [0mremote: Counting objects:  94% (1034/1100)        [35m[conform.nvim] [0m[36m   clone[0m[90m | [0mremote: Counting objects:  95% (1045/1100)        [35m[conform.nvim] [0m[36m   clone[0m[90m | [0mremote: Counting objects:  96% (1056/1100)        [35m[conform.nvim] [0m[36m   clone[0m[90m | [0mremote: Counting objects:  97% (1067/1100)        [35m[conform.nvim] [0m[36m   clone[0m[90m | [0mremote: Counting objects:  98% (1078/1100)        [35m[conform.nvim] [0m[36m   clone[0m[90m | [0mremote: Counting objects:  99% (1089/1100)        [35m[conform.nvim] [0m[36m   clone[0m[90m | [0mremote: Counting objects: 100% (1100/1100)        [35m[conform.nvim] [0m[36m   clone[0m[90m | [0mremote: Counting objects: 100% (1100/1100), done.        
[35m[conform.nvim] [0m[36m   clone[0m[90m | [0mremote: Compressing objects:   0% (1/221)        [35m[conform.nvim] [0m[36m   clone[0m[90m | [0mremote: Compressing objects:   1% (3/221)        [35m[conform.nvim] [0m[36m   clone[0m[90m | [0mremote: Compressing objects:   2% (5/221)        [35m[conform.nvim] [0m[36m   clone[0m[90m | [0mremote: Compressing objects:   3% (7/221)        [35m[conform.nvim] [0m[36m   clone[0m[90m | [0mremote: Compressing objects:   4% (9/221)        [35m[conform.nvim] [0m[36m   clone[0m[90m | [0mremote: Compressing objects:   5% (12/221)        [35m[conform.nvim] [0m[36m   clone[0m[90m | [0mremote: Compressing objects:   6% (14/221)        [35m[conform.nvim] [0m[36m   clone[0m[90m | [0mremote: Compressing objects:   7% (16/221)        [35m[conform.nvim] [0m[36m   clone[0m[90m | [0mremote: Compressing objects:   8% (18/221)        [35m[conform.nvim] [0m[36m   clone[0m[90m | [0mremote: Compressing objects:   9% (20/221)        [35m[conform.nvim] [0m[36m   clone[0m[90m | [0mremote: Compressing objects:  10% (23/221)        [35m[conform.nvim] [0m[36m   clone[0m[90m | [0mremote: Compressing objects:  11% (25/221)        [35m[conform.nvim] [0m[36m   clone[0m[90m | [0mremote: Compressing objects:  12% (27/221)        [35m[conform.nvim] [0m[36m   clone[0m[90m | [0mremote: Compressing objects:  13% (29/221)        [35m[conform.nvim] [0m[36m   clone[0m[90m | [0mremote: Compressing objects:  14% (31/221)        [35m[conform.nvim] [0m[36m   clone[0m[90m | [0mremote: Compressing objects:  15% (34/221)        [35m[conform.nvim] [0m[36m   clone[0m[90m | [0mremote: Compressing objects:  16% (36/221)        [35m[conform.nvim] [0m[36m   clone[0m[90m | [0mremote: Compressing objects:  17% (38/221)        [35m[conform.nvim] [0m[36m   clone[0m[90m | [0mremote: Compressing objects:  18% (40/221)        [35m[conform.nvim] [0m[36m   clone[0m[90m | [0mremote: Compressing objects:  19% (42/221)        [35m[conform.nvim] [0m[36m   clone[0m[90m | [0mremote: Compressing objects:  20% (45/221)        [35m[conform.nvim] [0m[36m   clone[0m[90m | [0mremote: Compressing objects:  21% (47/221)        [35m[conform.nvim] [0m[36m   clone[0m[90m | [0mremote: Compressing objects:  22% (49/221)        [35m[conform.nvim] [0m[36m   clone[0m[90m | [0mremote: Compressing objects:  23% (51/221)        [35m[conform.nvim] [0m[36m   clone[0m[90m | [0mremote: Compressing objects:  24% (54/221)        [35m[conform.nvim] [0m[36m   clone[0m[90m | [0mremote: Compressing objects:  25% (56/221)        [35m[conform.nvim] [0m[36m   clone[0m[90m | [0mremote: Compressing objects:  26% (58/221)        [35m[conform.nvim] [0m[36m   clone[0m[90m | [0mremote: Compressing objects:  27% (60/221)        [35m[conform.nvim] [0m[36m   clone[0m[90m | [0mremote: Compressing objects:  28% (62/221)        [35m[conform.nvim] [0m[36m   clone[0m[90m | [0mremote: Compressing objects:  29% (65/221)        [35m[conform.nvim] [0m[36m   clone[0m[90m | [0mremote: Compressing objects:  30% (67/221)        [35m[conform.nvim] [0m[36m   clone[0m[90m | [0mremote: Compressing objects:  31% (69/221)        [35m[conform.nvim] [0m[36m   clone[0m[90m | [0mremote: Compressing objects:  32% (71/221)        [35m[conform.nvim] [0m[36m   clone[0m[90m | [0mremote: Compressing objects:  33% (73/221)        [35m[conform.nvim] [0m[36m   clone[0m[90m | [0mremote: Compressing objects:  34% (76/221)        [35m[conform.nvim] [0m[36m   clone[0m[90m | [0mremote: Compressing objects:  35% (78/221)        [35m[conform.nvim] [0m[36m   clone[0m[90m | [0mremote: Compressing objects:  36% (80/221)        [35m[conform.nvim] [0m[36m   clone[0m[90m | [0mremote: Compressing objects:  37% (82/221)        [35m[conform.nvim] [0m[36m   clone[0m[90m | [0mremote: Compressing objects:  38% (84/221)        [35m[conform.nvim] [0m[36m   clone[0m[90m | [0mremote: Compressing objects:  39% (87/221)        [35m[conform.nvim] [0m[36m   clone[0m[90m | [0mremote: Compressing objects:  40% (89/221)        [35m[conform.nvim] [0m[36m   clone[0m[90m | [0mremote: Compressing objects:  41% (91/221)        [35m[conform.nvim] [0m[36m   clone[0m[90m | [0mremote: Compressing objects:  42% (93/221)        [35m[conform.nvim] [0m[36m   clone[0m[90m | [0mremote: Compressing objects:  43% (96/221)        [35m[conform.nvim] [0m[36m   clone[0m[90m | [0mremote: Compressing objects:  44% (98/221)        [35m[conform.nvim] [0m[36m   clone[0m[90m | [0mremote: Compressing objects:  45% (100/221)        [35m[conform.nvim] [0m[36m   clone[0m[90m | [0mremote: Compressing objects:  46% (102/221)        [35m[conform.nvim] [0m[36m   clone[0m[90m | [0mremote: Compressing objects:  47% (104/221)        [35m[conform.nvim] [0m[36m   clone[0m[90m | [0mremote: Compressing objects:  48% (107/221)        [35m[conform.nvim] [0m[36m   clone[0m[90m | [0mremote: Compressing objects:  49% (109/221)        [35m[conform.nvim] [0m[36m   clone[0m[90m | [0mremote: Compressing objects:  50% (111/221)        [35m[conform.nvim] [0m[36m   clone[0m[90m | [0mremote: Compressing objects:  51% (113/221)        [35m[conform.nvim] [0m[36m   clone[0m[90m | [0mremote: Compressing objects:  52% (115/221)        [35m[conform.nvim] [0m[36m   clone[0m[90m | [0mremote: Compressing objects:  53% (118/221)        [35m[conform.nvim] [0m[36m   clone[0m[90m | [0mremote: Compressing objects:  54% (120/221)        [35m[conform.nvim] [0m[36m   clone[0m[90m | [0mremote: Compressing objects:  55% (122/221)        [35m[conform.nvim] [0m[36m   clone[0m[90m | [0mremote: Compressing objects:  56% (124/221)        [35m[conform.nvim] [0m[36m   clone[0m[90m | [0mremote: Compressing objects:  57% (126/221)        [35m[conform.nvim] [0m[36m   clone[0m[90m | [0mremote: Compressing objects:  58% (129/221)        [35m[conform.nvim] [0m[36m   clone[0m[90m | [0mremote: Compressing objects:  59% (131/221)        [35m[conform.nvim] [0m[36m   clone[0m[90m | [0mremote: Compressing objects:  60% (133/221)        [35m[conform.nvim] [0m[36m   clone[0m[90m | [0mremote: Compressing objects:  61% (135/221)        [35m[conform.nvim] [0m[36m   clone[0m[90m | [0mremote: Compressing objects:  62% (138/221)        [35m[conform.nvim] [0m[36m   clone[0m[90m | [0mremote: Compressing objects:  63% (140/221)        [35m[conform.nvim] [0m[36m   clone[0m[90m | [0mremote: Compressing objects:  64% (142/221)        [35m[conform.nvim] [0m[36m   clone[0m[90m | [0mremote: Compressing objects:  65% (144/221)        [35m[conform.nvim] [0m[36m   clone[0m[90m | [0mremote: Compressing objects:  66% (146/221)        [35m[conform.nvim] [0m[36m   clone[0m[90m | [0mremote: Compressing objects:  67% (149/221)        [35m[conform.nvim] [0m[36m   clone[0m[90m | [0mremote: Compressing objects:  68% (151/221)        [35m[conform.nvim] [0m[36m   clone[0m[90m | [0mremote: Compressing objects:  69% (153/221)        [35m[conform.nvim] [0m[36m   clone[0m[90m | [0mremote: Compressing objects:  70% (155/221)        [35m[conform.nvim] [0m[36m   clone[0m[90m | [0mremote: Compressing objects:  71% (157/221)        [35m[conform.nvim] [0m[36m   clone[0m[90m | [0mremote: Compressing objects:  72% (160/221)        [35m[conform.nvim] [0m[36m   clone[0m[90m | [0mremote: Compressing objects:  73% (162/221)        [35m[conform.nvim] [0m[36m   clone[0m[90m | [0mremote: Compressing objects:  74% (164/221)        [35m[conform.nvim] [0m[36m   clone[0m[90m | [0mremote: Compressing objects:  75% (166/221)        [35m[conform.nvim] [0m[36m   clone[0m[90m | [0mremote: Compressing objects:  76% (168/221)        [35m[conform.nvim] [0m[36m   clone[0m[90m | [0mremote: Compressing objects:  77% (171/221)        [35m[conform.nvim] [0m[36m   clone[0m[90m | [0mremote: Compressing objects:  78% (173/221)        [35m[conform.nvim] [0m[36m   clone[0m[90m | [0mremote: Compressing objects:  79% (175/221)        [35m[conform.nvim] [0m[36m   clone[0m[90m | [0mremote: Compressing objects:  80% (177/221)        [35m[conform.nvim] [0m[36m   clone[0m[90m | [0mremote: Compressing objects:  81% (180/221)        [35m[conform.nvim] [0m[36m   clone[0m[90m | [0mremote: Compressing objects:  82% (182/221)        [35m[conform.nvim] [0m[36m   clone[0m[90m | [0mremote: Compressing objects:  83% (184/221)        [35m[conform.nvim] [0m[36m   clone[0m[90m | [0mremote: Compressing objects:  84% (186/221)        [35m[conform.nvim] [0m[36m   clone[0m[90m | [0mremote: Compressing objects:  85% (188/221)        [35m[conform.nvim] [0m[36m   clone[0m[90m | [0mremote: Compressing objects:  86% (191/221)        [35m[conform.nvim] [0m[36m   clone[0m[90m | [0mremote: Compressing objects:  87% (193/221)        [35m[conform.nvim] [0m[36m   clone[0m[90m | [0mremote: Compressing objects:  88% (195/221)        [35m[conform.nvim] [0m[36m   clone[0m[90m | [0mremote: Compressing objects:  89% (197/221)        [35m[conform.nvim] [0m[36m   clone[0m[90m | [0mremote: Compressing objects:  90% (199/221)        [35m[conform.nvim] [0m[36m   clone[0m[90m | [0mremote: Compressing objects:  91% (202/221)        [35m[conform.nvim] [0m[36m   clone[0m[90m | [0mremote: Compressing objects:  92% (204/221)        [35m[conform.nvim] [0m[36m   clone[0m[90m | [0mremote: Compressing objects:  93% (206/221)        [35m[conform.nvim] [0m[36m   clone[0m[90m | [0mremote: Compressing objects:  94% (208/221)        [35m[conform.nvim] [0m[36m   clone[0m[90m | [0mremote: Compressing objects:  95% (210/221)        [35m[conform.nvim] [0m[36m   clone[0m[90m | [0mremote: Compressing objects:  96% (213/221)        [35m[conform.nvim] [0m[36m   clone[0m[90m | [0mremote: Compressing objects:  97% (215/221)        [35m[conform.nvim] [0m[36m   clone[0m[90m | [0mremote: Compressing objects:  98% (217/221)        [35m[conform.nvim] [0m[36m   clone[0m[90m | [0mremote: Compressing objects:  99% (219/221)        [35m[conform.nvim] [0m[36m   clone[0m[90m | [0mremote: Compressing objects: 100% (221/221)        [35m[conform.nvim] [0m[36m   clone[0m[90m | [0mremote: Compressing objects: 100% (221/221), done.        
[35m[LazyVim] [0m[36m        clone[0m[90m | [0mReceiving objects:   9% (1516/16842)[35m[friendly-snippets] [0m[36mclone[0m[90m | [0mremote: Enumerating objects: 2380, done.        
[35m[friendly-snippets] [0m[36mclone[0m[90m | [0mremote: Counting objects:   0% (1/754)        [35m[friendly-snippets] [0m[36mclone[0m[90m | [0mremote: Counting objects:   1% (8/754)        [35m[friendly-snippets] [0m[36mclone[0m[90m | [0mremote: Counting objects:   2% (16/754)        [35m[friendly-snippets] [0m[36mclone[0m[90m | [0mremote: Counting objects:   3% (23/754)        [35m[friendly-snippets] [0m[36mclone[0m[90m | [0mremote: Counting objects:   4% (31/754)        [35m[friendly-snippets] [0m[36mclone[0m[90m | [0mremote: Counting objects:   5% (38/754)        [35m[friendly-snippets] [0m[36mclone[0m[90m | [0mremote: Counting objects:   6% (46/754)        [35m[friendly-snippets] [0m[36mclone[0m[90m | [0mremote: Counting objects:   7% (53/754)        [35m[friendly-snippets] [0m[36mclone[0m[90m | [0mremote: Counting objects:   8% (61/754)        [35m[friendly-snippets] [0m[36mclone[0m[90m | [0mremote: Counting objects:   9% (68/754)        [35m[friendly-snippets] [0m[36mclone[0m[90m | [0mremote: Counting objects:  10% (76/754)        [35m[friendly-snippets] [0m[36mclone[0m[90m | [0mremote: Counting objects:  11% (83/754)        [35m[friendly-snippets] [0m[36mclone[0m[90m | [0mremote: Counting objects:  12% (91/754)        [35m[friendly-snippets] [0m[36mclone[0m[90m | [0mremote: Counting objects:  13% (99/754)        [35m[friendly-snippets] [0m[36mclone[0m[90m | [0mremote: Counting objects:  14% (106/754)        [35m[friendly-snippets] [0m[36mclone[0m[90m | [0mremote: Counting objects:  15% (114/754)        [35m[friendly-snippets] [0m[36mclone[0m[90m | [0mremote: Counting objects:  16% (121/754)        [35m[friendly-snippets] [0m[36mclone[0m[90m | [0mremote: Counting objects:  17% (129/754)        [35m[friendly-snippets] [0m[36mclone[0m[90m | [0mremote: Counting objects:  18% (136/754)        [35m[friendly-snippets] [0m[36mclone[0m[90m | [0mremote: Counting objects:  19% (144/754)        [35m[friendly-snippets] [0m[36mclone[0m[90m | [0mremote: Counting objects:  20% (151/754)        [35m[friendly-snippets] [0m[36mclone[0m[90m | [0mremote: Counting objects:  21% (159/754)        [35m[friendly-snippets] [0m[36mclone[0m[90m | [0mremote: Counting objects:  22% (166/754)        [35m[friendly-snippets] [0m[36mclone[0m[90m | [0mremote: Counting objects:  23% (174/754)        [35m[friendly-snippets] [0m[36mclone[0m[90m | [0mremote: Counting objects:  24% (181/754)        [35m[friendly-snippets] [0m[36mclone[0m[90m | [0mremote: Counting objects:  25% (189/754)        [35m[friendly-snippets] [0m[36mclone[0m[90m | [0mremote: Counting objects:  26% (197/754)        [35m[friendly-snippets] [0m[36mclone[0m[90m | [0mremote: Counting objects:  27% (204/754)        [35m[friendly-snippets] [0m[36mclone[0m[90m | [0mremote: Counting objects:  28% (212/754)        [35m[friendly-snippets] [0m[36mclone[0m[90m | [0mremote: Counting objects:  29% (219/754)        [35m[friendly-snippets] [0m[36mclone[0m[90m | [0mremote: Counting objects:  30% (227/754)        [35m[friendly-snippets] [0m[36mclone[0m[90m | [0mremote: Counting objects:  31% (234/754)        [35m[friendly-snippets] [0m[36mclone[0m[90m | [0mremote: Counting objects:  32% (242/754)        [35m[friendly-snippets] [0m[36mclone[0m[90m | [0mremote: Counting objects:  33% (249/754)        [35m[friendly-snippets] [0m[36mclone[0m[90m | [0mremote: Counting objects:  34% (257/754)        [35m[friendly-snippets] [0m[36mclone[0m[90m | [0mremote: Counting objects:  35% (264/754)        [35m[friendly-snippets] [0m[36mclone[0m[90m | [0mremote: Counting objects:  36% (272/754)        [35m[friendly-snippets] [0m[36mclone[0m[90m | [0mremote: Counting objects:  37% (279/754)        [35m[friendly-snippets] [0m[36mclone[0m[90m | [0mremote: Counting objects:  38% (287/754)        [35m[friendly-snippets] [0m[36mclone[0m[90m | [0mremote: Counting objects:  39% (295/754)        [35m[friendly-snippets] [0m[36mclone[0m[90m | [0mremote: Counting objects:  40% (302/754)        [35m[friendly-snippets] [0m[36mclone[0m[90m | [0mremote: Counting objects:  41% (310/754)        [35m[friendly-snippets] [0m[36mclone[0m[90m | [0mremote: Counting objects:  42% (317/754)        [35m[friendly-snippets] [0m[36mclone[0m[90m | [0mremote: Counting objects:  43% (325/754)        [35m[friendly-snippets] [0m[36mclone[0m[90m | [0mremote: Counting objects:  44% (332/754)        [35m[friendly-snippets] [0m[36mclone[0m[90m | [0mremote: Counting objects:  45% (340/754)        [35m[friendly-snippets] [0m[36mclone[0m[90m | [0mremote: Counting objects:  46% (347/754)        [35m[friendly-snippets] [0m[36mclone[0m[90m | [0mremote: Counting objects:  47% (355/754)        [35m[friendly-snippets] [0m[36mclone[0m[90m | [0mremote: Counting objects:  48% (362/754)        [35m[friendly-snippets] [0m[36mclone[0m[90m | [0mremote: Counting objects:  49% (370/754)        [35m[friendly-snippets] [0m[36mclone[0m[90m | [0mremote: Counting objects:  50% (377/754)        [35m[friendly-snippets] [0m[36mclone[0m[90m | [0mremote: Counting objects:  51% (385/754)        [35m[friendly-snippets] [0m[36mclone[0m[90m | [0mremote: Counting objects:  52% (393/754)        [35m[friendly-snippets] [0m[36mclone[0m[90m | [0mremote: Counting objects:  53% (400/754)        [35m[friendly-snippets] [0m[36mclone[0m[90m | [0mremote: Counting objects:  54% (408/754)        [35m[friendly-snippets] [0m[36mclone[0m[90m | [0mremote: Counting objects:  55% (415/754)        [35m[friendly-snippets] [0m[36mclone[0m[90m | [0mremote: Counting objects:  56% (423/754)        [35m[friendly-snippets] [0m[36mclone[0m[90m | [0mremote: Counting objects:  57% (430/754)        [35m[friendly-snippets] [0m[36mclone[0m[90m | [0mremote: Counting objects:  58% (438/754)        [35m[friendly-snippets] [0m[36mclone[0m[90m | [0mremote: Counting objects:  59% (445/754)        [35m[friendly-snippets] [0m[36mclone[0m[90m | [0mremote: Counting objects:  60% (453/754)        [35m[friendly-snippets] [0m[36mclone[0m[90m | [0mremote: Counting objects:  61% (460/754)        [35m[friendly-snippets] [0m[36mclone[0m[90m | [0mremote: Counting objects:  62% (468/754)        [35m[friendly-snippets] [0m[36mclone[0m[90m | [0mremote: Counting objects:  63% (476/754)        [35m[friendly-snippets] [0m[36mclone[0m[90m | [0mremote: Counting objects:  64% (483/754)        [35m[friendly-snippets] [0m[36mclone[0m[90m | [0mremote: Counting objects:  65% (491/754)        [35m[friendly-snippets] [0m[36mclone[0m[90m | [0mremote: Counting objects:  66% (498/754)        [35m[friendly-snippets] [0m[36mclone[0m[90m | [0mremote: Counting objects:  67% (506/754)        [35m[friendly-snippets] [0m[36mclone[0m[90m | [0mremote: Counting objects:  68% (513/754)        [35m[friendly-snippets] [0m[36mclone[0m[90m | [0mremote: Counting objects:  69% (521/754)        [35m[friendly-snippets] [0m[36mclone[0m[90m | [0mremote: Counting objects:  70% (528/754)        [35m[friendly-snippets] [0m[36mclone[0m[90m | [0mremote: Counting objects:  71% (536/754)        [35m[friendly-snippets] [0m[36mclone[0m[90m | [0mremote: Counting objects:  72% (543/754)        [35m[friendly-snippets] [0m[36mclone[0m[90m | [0mremote: Counting objects:  73% (551/754)        [35m[friendly-snippets] [0m[36mclone[0m[90m | [0mremote: Counting objects:  74% (558/754)        [35m[friendly-snippets] [0m[36mclone[0m[90m | [0mremote: Counting objects:  75% (566/754)        [35m[friendly-snippets] [0m[36mclone[0m[90m | [0mremote: Counting objects:  76% (574/754)        [35m[friendly-snippets] [0m[36mclone[0m[90m | [0mremote: Counting objects:  77% (581/754)        [35m[friendly-snippets] [0m[36mclone[0m[90m | [0mremote: Counting objects:  78% (589/754)        [35m[friendly-snippets] [0m[36mclone[0m[90m | [0mremote: Counting objects:  79% (596/754)        [35m[friendly-snippets] [0m[36mclone[0m[90m | [0mremote: Counting objects:  80% (604/754)        [35m[friendly-snippets] [0m[36mclone[0m[90m | [0mremote: Counting objects:  81% (611/754)        [35m[friendly-snippets] [0m[36mclone[0m[90m | [0mremote: Counting objects:  82% (619/754)        [35m[friendly-snippets] [0m[36mclone[0m[90m | [0mremote: Counting objects:  83% (626/754)        [35m[friendly-snippets] [0m[36mclone[0m[90m | [0mremote: Counting objects:  84% (634/754)        [35m[friendly-snippets] [0m[36mclone[0m[90m | [0mremote: Counting objects:  85% (641/754)        [35m[friendly-snippets] [0m[36mclone[0m[90m | [0mremote: Counting objects:  86% (649/754)        [35m[friendly-snippets] [0m[36mclone[0m[90m | [0mremote: Counting objects:  87% (656/754)        [35m[friendly-snippets] [0m[36mclone[0m[90m | [0mremote: Counting objects:  88% (664/754)        [35m[friendly-snippets] [0m[36mclone[0m[90m | [0mremote: Counting objects:  89% (672/754)        [35m[friendly-snippets] [0m[36mclone[0m[90m | [0mremote: Counting objects:  90% (679/754)        [35m[friendly-snippets] [0m[36mclone[0m[90m | [0mremote: Counting objects:  91% (687/754)        [35m[friendly-snippets] [0m[36mclone[0m[90m | [0mremote: Counting objects:  92% (694/754)        [35m[friendly-snippets] [0m[36mclone[0m[90m | [0mremote: Counting objects:  93% (702/754)        [35m[friendly-snippets] [0m[36mclone[0m[90m | [0mremote: Counting objects:  94% (709/754)        [35m[friendly-snippets] [0m[36mclone[0m[90m | [0mremote: Counting objects:  95% (717/754)        [35m[friendly-snippets] [0m[36mclone[0m[90m | [0mremote: Counting objects:  96% (724/754)        [35m[friendly-snippets] [0m[36mclone[0m[90m | [0mremote: Counting objects:  97% (732/754)        [35m[friendly-snippets] [0m[36mclone[0m[90m | [0mremote: Counting objects:  98% (739/754)        [35m[friendly-snippets] [0m[36mclone[0m[90m | [0mremote: Counting objects:  99% (747/754)        [35m[friendly-snippets] [0m[36mclone[0m[90m | [0mremote: Counting objects: 100% (754/754)        [35m[friendly-snippets] [0m[36mclone[0m[90m | [0mremote: Counting objects: 100% (754/754), done.        
[35m[friendly-snippets] [0m[36mclone[0m[90m | [0mremote: Compressing objects:   1% (1/70)        [35m[friendly-snippets] [0m[36mclone[0m[90m | [0mremote: Compressing objects:   2% (2/70)        [35m[friendly-snippets] [0m[36mclone[0m[90m | [0mremote: Compressing objects:   4% (3/70)        [35m[friendly-snippets] [0m[36mclone[0m[90m | [0mremote: Compressing objects:   5% (4/70)        [35m[friendly-snippets] [0m[36mclone[0m[90m | [0mremote: Compressing objects:   7% (5/70)        [35m[friendly-snippets] [0m[36mclone[0m[90m | [0mremote: Compressing objects:   8% (6/70)        [35m[friendly-snippets] [0m[36mclone[0m[90m | [0mremote: Compressing objects:  10% (7/70)        [35m[friendly-snippets] [0m[36mclone[0m[90m | [0mremote: Compressing objects:  11% (8/70)        [35m[friendly-snippets] [0m[36mclone[0m[90m | [0mremote: Compressing objects:  12% (9/70)        [35m[friendly-snippets] [0m[36mclone[0m[90m | [0mremote: Compressing objects:  14% (10/70)        [35m[friendly-snippets] [0m[36mclone[0m[90m | [0mremote: Compressing objects:  15% (11/70)        [35m[friendly-snippets] [0m[36mclone[0m[90m | [0mremote: Compressing objects:  17% (12/70)        [35m[friendly-snippets] [0m[36mclone[0m[90m | [0mremote: Compressing objects:  18% (13/70)        [35m[friendly-snippets] [0m[36mclone[0m[90m | [0mremote: Compressing objects:  20% (14/70)        [35m[friendly-snippets] [0m[36mclone[0m[90m | [0mremote: Compressing objects:  21% (15/70)        [35m[friendly-snippets] [0m[36mclone[0m[90m | [0mremote: Compressing objects:  22% (16/70)        [35m[friendly-snippets] [0m[36mclone[0m[90m | [0mremote: Compressing objects:  24% (17/70)        [35m[friendly-snippets] [0m[36mclone[0m[90m | [0mremote: Compressing objects:  25% (18/70)        [35m[friendly-snippets] [0m[36mclone[0m[90m | [0mremote: Compressing objects:  27% (19/70)        [35m[friendly-snippets] [0m[36mclone[0m[90m | [0mremote: Compressing objects:  28% (20/70)        [35m[friendly-snippets] [0m[36mclone[0m[90m | [0mremote: Compressing objects:  30% (21/70)        [35m[friendly-snippets] [0m[36mclone[0m[90m | [0mremote: Compressing objects:  31% (22/70)        [35m[friendly-snippets] [0m[36mclone[0m[90m | [0mremote: Compressing objects:  32% (23/70)        [35m[friendly-snippets] [0m[36mclone[0m[90m | [0mremote: Compressing objects:  34% (24/70)        [35m[friendly-snippets] [0m[36mclone[0m[90m | [0mremote: Compressing objects:  35% (25/70)        [35m[friendly-snippets] [0m[36mclone[0m[90m | [0mremote: Compressing objects:  37% (26/70)        [35m[friendly-snippets] [0m[36mclone[0m[90m | [0mremote: Compressing objects:  38% (27/70)        [35m[friendly-snippets] [0m[36mclone[0m[90m | [0mremote: Compressing objects:  40% (28/70)        [35m[friendly-snippets] [0m[36mclone[0m[90m | [0mremote: Compressing objects:  41% (29/70)        [35m[friendly-snippets] [0m[36mclone[0m[90m | [0mremote: Compressing objects:  42% (30/70)        [35m[friendly-snippets] [0m[36mclone[0m[90m | [0mremote: Compressing objects:  44% (31/70)        [35m[friendly-snippets] [0m[36mclone[0m[90m | [0mremote: Compressing objects:  45% (32/70)        [35m[friendly-snippets] [0m[36mclone[0m[90m | [0mremote: Compressing objects:  47% (33/70)        [35m[friendly-snippets] [0m[36mclone[0m[90m | [0mremote: Compressing objects:  48% (34/70)        [35m[friendly-snippets] [0m[36mclone[0m[90m | [0mremote: Compressing objects:  50% (35/70)        [35m[friendly-snippets] [0m[36mclone[0m[90m | [0mremote: Compressing objects:  51% (36/70)        [35m[friendly-snippets] [0m[36mclone[0m[90m | [0mremote: Compressing objects:  52% (37/70)        [35m[friendly-snippets] [0m[36mclone[0m[90m | [0mremote: Compressing objects:  54% (38/70)        [35m[friendly-snippets] [0m[36mclone[0m[90m | [0mremote: Compressing objects:  55% (39/70)        [35m[friendly-snippets] [0m[36mclone[0m[90m | [0mremote: Compressing objects:  57% (40/70)        [35m[friendly-snippets] [0m[36mclone[0m[90m | [0mremote: Compressing objects:  58% (41/70)        [35m[friendly-snippets] [0m[36mclone[0m[90m | [0mremote: Compressing objects:  60% (42/70)        [35m[friendly-snippets] [0m[36mclone[0m[90m | [0mremote: Compressing objects:  61% (43/70)        [35m[friendly-snippets] [0m[36mclone[0m[90m | [0mremote: Compressing objects:  62% (44/70)        [35m[friendly-snippets] [0m[36mclone[0m[90m | [0mremote: Compressing objects:  64% (45/70)        [35m[friendly-snippets] [0m[36mclone[0m[90m | [0mremote: Compressing objects:  65% (46/70)        [35m[friendly-snippets] [0m[36mclone[0m[90m | [0mremote: Compressing objects:  67% (47/70)        [35m[friendly-snippets] [0m[36mclone[0m[90m | [0mremote: Compressing objects:  68% (48/70)        [35m[friendly-snippets] [0m[36mclone[0m[90m | [0mremote: Compressing objects:  70% (49/70)        [35m[friendly-snippets] [0m[36mclone[0m[90m | [0mremote: Compressing objects:  71% (50/70)        [35m[friendly-snippets] [0m[36mclone[0m[90m | [0mremote: Compressing objects:  72% (51/70)        [35m[friendly-snippets] [0m[36mclone[0m[90m | [0mremote: Compressing objects:  74% (52/70)        [35m[friendly-snippets] [0m[36mclone[0m[90m | [0mremote: Compressing objects:  75% (53/70)        [35m[friendly-snippets] [0m[36mclone[0m[90m | [0mremote: Compressing objects:  77% (54/70)        [35m[friendly-snippets] [0m[36mclone[0m[90m | [0mremote: Compressing objects:  78% (55/70)        [35m[friendly-snippets] [0m[36mclone[0m[90m | [0mremote: Compressing objects:  80% (56/70)        [35m[friendly-snippets] [0m[36mclone[0m[90m | [0mremote: Compressing objects:  81% (57/70)        [35m[friendly-snippets] [0m[36mclone[0m[90m | [0mremote: Compressing objects:  82% (58/70)        [35m[friendly-snippets] [0m[36mclone[0m[90m | [0mremote: Compressing objects:  84% (59/70)        [35m[friendly-snippets] [0m[36mclone[0m[90m | [0mremote: Compressing objects:  85% (60/70)        [35m[friendly-snippets] [0m[36mclone[0m[90m | [0mremote: Compressing objects:  87% (61/70)        [35m[friendly-snippets] [0m[36mclone[0m[90m | [0mremote: Compressing objects:  88% (62/70)        [35m[friendly-snippets] [0m[36mclone[0m[90m | [0mremote: Compressing objects:  90% (63/70)        [35m[friendly-snippets] [0m[36mclone[0m[90m | [0mremote: Compressing objects:  91% (64/70)        [35m[friendly-snippets] [0m[36mclone[0m[90m | [0mremote: Compressing objects:  92% (65/70)        [35m[friendly-snippets] [0m[36mclone[0m[90m | [0mremote: Compressing objects:  94% (66/70)        [35m[friendly-snippets] [0m[36mclone[0m[90m | [0mremote: Compressing objects:  95% (67/70)        [35m[friendly-snippets] [0m[36mclone[0m[90m | [0mremote: Compressing objects:  97% (68/70)        [35m[friendly-snippets] [0m[36mclone[0m[90m | [0mremote: Compressing objects:  98% (69/70)        [35m[friendly-snippets] [0m[36mclone[0m[90m | [0mremote: Compressing objects: 100% (70/70)        [35m[friendly-snippets] [0m[36mclone[0m[90m | [0mremote: Compressing objects: 100% (70/70), done.        
[35m[LazyVim] [0m[36m        clone[0m[90m | [0mReceiving objects:  10% (1685/16842)[35m[LazyVim] [0m[36m        clone[0m[90m | [0mReceiving objects:  11% (1853/16842)[35m[alpha-nvim] [0m[36m     clone[0m[90m | [0mReceiving objects:   0% (1/1132)[35m[alpha-nvim] [0m[36m     clone[0m[90m | [0mReceiving objects:   1% (12/1132)[35m[alpha-nvim] [0m[36m     clone[0m[90m | [0mReceiving objects:   2% (23/1132)[35m[alpha-nvim] [0m[36m     clone[0m[90m | [0mReceiving objects:   3% (34/1132)[35m[alpha-nvim] [0m[36m     clone[0m[90m | [0mReceiving objects:   4% (46/1132)[35m[alpha-nvim] [0m[36m     clone[0m[90m | [0mReceiving objects:   5% (57/1132)[35m[alpha-nvim] [0m[36m     clone[0m[90m | [0mReceiving objects:   6% (68/1132)[35m[alpha-nvim] [0m[36m     clone[0m[90m | [0mReceiving objects:   7% (80/1132)[35m[alpha-nvim] [0m[36m     clone[0m[90m | [0mReceiving objects:   8% (91/1132)[35m[cmp-cmdline] [0m[36m    clone[0m[90m | [0mReceiving objects:  17% (28/162)[35m[cmp-cmdline] [0m[36m    clone[0m[90m | [0mReceiving objects:  18% (30/162)[35m[cmp-cmdline] [0m[36m    clone[0m[90m | [0mReceiving objects:  19% (31/162)[35m[cmp-cmdline] [0m[36m    clone[0m[90m | [0mReceiving objects:  20% (33/162)[35m[cmp-cmdline] [0m[36m    clone[0m[90m | [0mReceiving objects:  21% (35/162)[35m[cmp-cmdline] [0m[36m    clone[0m[90m | [0mReceiving objects:  22% (36/162)[35m[cmp-cmdline] [0m[36m    clone[0m[90m | [0mReceiving objects:  23% (38/162)[35m[cmp-cmdline] [0m[36m    clone[0m[90m | [0mReceiving objects:  24% (39/162)[35m[cmp-cmdline] [0m[36m    clone[0m[90m | [0mReceiving objects:  25% (41/162)[35m[cmp-cmdline] [0m[36m    clone[0m[90m | [0mReceiving objects:  26% (43/162)[35m[cmp-cmdline] [0m[36m    clone[0m[90m | [0mReceiving objects:  27% (44/162)[35m[cmp-cmdline] [0m[36m    clone[0m[90m | [0mremote: Total 162 (delta 1), reused 3 (delta 1), pack-reused 149 (from 1)        
[35m[cmp-cmdline] [0m[36m    clone[0m[90m | [0mReceiving objects:  28% (46/162)[35m[cmp-cmdline] [0m[36m    clone[0m[90m | [0mReceiving objects:  29% (47/162)[35m[cmp-cmdline] [0m[36m    clone[0m[90m | [0mReceiving objects:  30% (49/162)[35m[cmp-cmdline] [0m[36m    clone[0m[90m | [0mReceiving objects:  31% (51/162)[35m[cmp-cmdline] [0m[36m    clone[0m[90m | [0mReceiving objects:  32% (52/162)[35m[cmp-cmdline] [0m[36m    clone[0m[90m | [0mReceiving objects:  33% (54/162)[35m[cmp-cmdline] [0m[36m    clone[0m[90m | [0mReceiving objects:  34% (56/162)[35m[cmp-cmdline] [0m[36m    clone[0m[90m | [0mReceiving objects:  35% (57/162)[35m[cmp-cmdline] [0m[36m    clone[0m[90m | [0mReceiving objects:  36% (59/162)[35m[cmp-cmdline] [0m[36m    clone[0m[90m | [0mReceiving objects:  37% (60/162)[35m[cmp-cmdline] [0m[36m    clone[0m[90m | [0mReceiving objects:  38% (62/162)[35m[cmp-cmdline] [0m[36m    clone[0m[90m | [0mReceiving objects:  39% (64/162)[35m[cmp-cmdline] [0m[36m    clone[0m[90m | [0mReceiving objects:  40% (65/162)[35m[cmp-cmdline] [0m[36m    clone[0m[90m | [0mReceiving objects:  41% (67/162)[35m[cmp-cmdline] [0m[36m    clone[0m[90m | [0mReceiving objects:  42% (69/162)[35m[cmp-cmdline] [0m[36m    clone[0m[90m | [0mReceiving objects:  43% (70/162)[35m[cmp-cmdline] [0m[36m    clone[0m[90m | [0mReceiving objects:  44% (72/162)[35m[cmp-cmdline] [0m[36m    clone[0m[90m | [0mReceiving objects:  45% (73/162)[35m[cmp-cmdline] [0m[36m    clone[0m[90m | [0mReceiving objects:  46% (75/162)[35m[cmp-cmdline] [0m[36m    clone[0m[90m | [0mReceiving objects:  47% (77/162)[35m[cmp-cmdline] [0m[36m    clone[0m[90m | [0mReceiving objects:  48% (78/162)[35m[cmp-cmdline] [0m[36m    clone[0m[90m | [0mReceiving objects:  49% (80/162)[35m[cmp-cmdline] [0m[36m    clone[0m[90m | [0mReceiving objects:  50% (81/162)[35m[cmp-cmdline] [0m[36m    clone[0m[90m | [0mReceiving objects:  51% (83/162)[35m[cmp-cmdline] [0m[36m    clone[0m[90m | [0mReceiving objects:  52% (85/162)[35m[cmp-cmdline] [0m[36m    clone[0m[90m | [0mReceiving objects:  53% (86/162)[35m[cmp-cmdline] [0m[36m    clone[0m[90m | [0mReceiving objects:  54% (88/162)[35m[cmp-cmdline] [0m[36m    clone[0m[90m | [0mReceiving objects:  55% (90/162)[35m[cmp-cmdline] [0m[36m    clone[0m[90m | [0mReceiving objects:  56% (91/162)[35m[cmp-cmdline] [0m[36m    clone[0m[90m | [0mReceiving objects:  57% (93/162)[35m[cmp-cmdline] [0m[36m    clone[0m[90m | [0mReceiving objects:  58% (94/162)[35m[cmp-cmdline] [0m[36m    clone[0m[90m | [0mReceiving objects:  59% (96/162)[35m[cmp-cmdline] [0m[36m    clone[0m[90m | [0mReceiving objects:  60% (98/162)[35m[cmp-cmdline] [0m[36m    clone[0m[90m | [0mReceiving objects:  61% (99/162)[35m[cmp-cmdline] [0m[36m    clone[0m[90m | [0mReceiving objects:  62% (101/162)[35m[cmp-cmdline] [0m[36m    clone[0m[90m | [0mReceiving objects:  63% (103/162)[35m[cmp-cmdline] [0m[36m    clone[0m[90m | [0mReceiving objects:  64% (104/162)[35m[cmp-cmdline] [0m[36m    clone[0m[90m | [0mReceiving objects:  65% (106/162)[35m[cmp-cmdline] [0m[36m    clone[0m[90m | [0mReceiving objects:  66% (107/162)[35m[cmp-cmdline] [0m[36m    clone[0m[90m | [0mReceiving objects:  67% (109/162)[35m[cmp-cmdline] [0m[36m    clone[0m[90m | [0mReceiving objects:  68% (111/162)[35m[cmp-cmdline] [0m[36m    clone[0m[90m | [0mReceiving objects:  69% (112/162)[35m[cmp-cmdline] [0m[36m    clone[0m[90m | [0mReceiving objects:  70% (114/162)[35m[cmp-cmdline] [0m[36m    clone[0m[90m | [0mReceiving objects:  71% (116/162)[35m[cmp-cmdline] [0m[36m    clone[0m[90m | [0mReceiving objects:  72% (117/162)[35m[cmp-cmdline] [0m[36m    clone[0m[90m | [0mReceiving objects:  73% (119/162)[35m[cmp-cmdline] [0m[36m    clone[0m[90m | [0mReceiving objects:  74% (120/162)[35m[cmp-cmdline] [0m[36m    clone[0m[90m | [0mReceiving objects:  75% (122/162)[35m[cmp-cmdline] [0m[36m    clone[0m[90m | [0mReceiving objects:  76% (124/162)[35m[cmp-cmdline] [0m[36m    clone[0m[90m | [0mReceiving objects:  77% (125/162)[35m[cmp-cmdline] [0m[36m    clone[0m[90m | [0mReceiving objects:  78% (127/162)[35m[cmp-cmdline] [0m[36m    clone[0m[90m | [0mReceiving objects:  79% (128/162)[35m[cmp-cmdline] [0m[36m    clone[0m[90m | [0mReceiving objects:  80% (130/162)[35m[cmp-cmdline] [0m[36m    clone[0m[90m | [0mReceiving objects:  81% (132/162)[35m[cmp-cmdline] [0m[36m    clone[0m[90m | [0mReceiving objects:  82% (133/162)[35m[cmp-cmdline] [0m[36m    clone[0m[90m | [0mReceiving objects:  83% (135/162)[35m[cmp-cmdline] [0m[36m    clone[0m[90m | [0mReceiving objects:  84% (137/162)[35m[cmp-cmdline] [0m[36m    clone[0m[90m | [0mReceiving objects:  85% (138/162)[35m[cmp-cmdline] [0m[36m    clone[0m[90m | [0mReceiving objects:  86% (140/162)[35m[cmp-cmdline] [0m[36m    clone[0m[90m | [0mReceiving objects:  87% (141/162)[35m[cmp-cmdline] [0m[36m    clone[0m[90m | [0mReceiving objects:  88% (143/162)[35m[cmp-cmdline] [0m[36m    clone[0m[90m | [0mReceiving objects:  89% (145/162)[35m[cmp-cmdline] [0m[36m    clone[0m[90m | [0mReceiving objects:  90% (146/162)[35m[cmp-cmdline] [0m[36m    clone[0m[90m | [0mReceiving objects:  91% (148/162)[35m[cmp-cmdline] [0m[36m    clone[0m[90m | [0mReceiving objects:  92% (150/162)[35m[cmp-cmdline] [0m[36m    clone[0m[90m | [0mReceiving objects:  93% (151/162)[35m[cmp-cmdline] [0m[36m    clone[0m[90m | [0mReceiving objects:  94% (153/162)[35m[cmp-cmdline] [0m[36m    clone[0m[90m | [0mReceiving objects:  95% (154/162)[35m[cmp-cmdline] [0m[36m    clone[0m[90m | [0mReceiving objects:  96% (156/162)[35m[cmp-cmdline] [0m[36m    clone[0m[90m | [0mReceiving objects:  97% (158/162)[35m[cmp-cmdline] [0m[36m    clone[0m[90m | [0mReceiving objects:  98% (159/162)[35m[cmp-cmdline] [0m[36m    clone[0m[90m | [0mReceiving objects:  99% (161/162)[35m[cmp-cmdline] [0m[36m    clone[0m[90m | [0mReceiving objects: 100% (162/162)[35m[cmp-cmdline] [0m[36m    clone[0m[90m | [0mReceiving objects: 100% (162/162), 21.15 KiB | 251.00 KiB/s, done.
[35m[cmp-cmdline] [0m[36m    clone[0m[90m | [0mResolving deltas:   0% (0/31)[35m[cmp-cmdline] [0m[36m    clone[0m[90m | [0mResolving deltas:   3% (1/31)[35m[cmp-cmdline] [0m[36m    clone[0m[90m | [0mResolving deltas:   6% (2/31)[35m[cmp-cmdline] [0m[36m    clone[0m[90m | [0mResolving deltas:   9% (3/31)[35m[cmp-cmdline] [0m[36m    clone[0m[90m | [0mResolving deltas:  16% (5/31)[35m[cmp-cmdline] [0m[36m    clone[0m[90m | [0mResolving deltas:  19% (6/31)[35m[cmp-cmdline] [0m[36m    clone[0m[90m | [0mResolving deltas:  22% (7/31)[35m[cmp-cmdline] [0m[36m    clone[0m[90m | [0mResolving deltas:  25% (8/31)[35m[cmp-cmdline] [0m[36m    clone[0m[90m | [0mResolving deltas:  29% (9/31)[35m[cmp-cmdline] [0m[36m    clone[0m[90m | [0mResolving deltas:  32% (10/31)[35m[cmp-cmdline] [0m[36m    clone[0m[90m | [0mResolving deltas:  38% (12/31)[35m[cmp-cmdline] [0m[36m    clone[0m[90m | [0mResolving deltas:  41% (13/31)[35m[cmp-cmdline] [0m[36m    clone[0m[90m | [0mResolving deltas:  45% (14/31)[35m[cmp-cmdline] [0m[36m    clone[0m[90m | [0mResolving deltas:  48% (15/31)[35m[cmp-cmdline] [0m[36m    clone[0m[90m | [0mResolving deltas:  51% (16/31)[35m[cmp-cmdline] [0m[36m    clone[0m[90m | [0mResolving deltas:  54% (17/31)[35m[cmp-cmdline] [0m[36m    clone[0m[90m | [0mResolving deltas:  58% (18/31)[35m[cmp-cmdline] [0m[36m    clone[0m[90m | [0mResolving deltas:  61% (19/31)[35m[cmp-cmdline] [0m[36m    clone[0m[90m | [0mResolving deltas:  64% (20/31)[35m[cmp-cmdline] [0m[36m    clone[0m[90m | [0mResolving deltas:  67% (21/31)[35m[cmp-cmdline] [0m[36m    clone[0m[90m | [0mResolving deltas:  70% (22/31)[35m[cmp-cmdline] [0m[36m    clone[0m[90m | [0mResolving deltas:  74% (23/31)[35m[cmp-cmdline] [0m[36m    clone[0m[90m | [0mResolving deltas:  77% (24/31)[35m[cmp-cmdline] [0m[36m    clone[0m[90m | [0mResolving deltas:  80% (25/31)[35m[cmp-cmdline] [0m[36m    clone[0m[90m | [0mResolving deltas:  83% (26/31)[35m[cmp-cmdline] [0m[36m    clone[0m[90m | [0mResolving deltas:  87% (27/31)[35m[cmp-cmdline] [0m[36m    clone[0m[90m | [0mResolving deltas:  90% (28/31)[35m[cmp-cmdline] [0m[36m    clone[0m[90m | [0mResolving deltas:  93% (29/31)[35m[cmp-cmdline] [0m[36m    clone[0m[90m | [0mResolving deltas:  96% (30/31)[35m[cmp-cmdline] [0m[36m    clone[0m[90m | [0mResolving deltas: 100% (31/31)[35m[cmp-cmdline] [0m[36m    clone[0m[90m | [0mResolving deltas: 100% (31/31), done.
[35m[fzf-lua] [0m[36m        clone[0m[90m | [0mremote: Enumerating objects: 12324, done.        
[35m[fzf-lua] [0m[36m        clone[0m[90m | [0mremote: Counting objects:   0% (1/1771)        [35m[fzf-lua] [0m[36m        clone[0m[90m | [0mremote: Counting objects:   1% (18/1771)        [35m[fzf-lua] [0m[36m        clone[0m[90m | [0mremote: Counting objects:   2% (36/1771)        [35m[fzf-lua] [0m[36m        clone[0m[90m | [0mremote: Counting objects:   3% (54/1771)        [35m[fzf-lua] [0m[36m        clone[0m[90m | [0mremote: Counting objects:   4% (71/1771)        [35m[fzf-lua] [0m[36m        clone[0m[90m | [0mremote: Counting objects:   5% (89/1771)        [35m[fzf-lua] [0m[36m        clone[0m[90m | [0mremote: Counting objects:   6% (107/1771)        [35m[fzf-lua] [0m[36m        clone[0m[90m | [0mremote: Counting objects:   7% (124/1771)        [35m[fzf-lua] [0m[36m        clone[0m[90m | [0mremote: Counting objects:   8% (142/1771)        [35m[fzf-lua] [0m[36m        clone[0m[90m | [0mremote: Counting objects:   9% (160/1771)        [35m[fzf-lua] [0m[36m        clone[0m[90m | [0mremote: Counting objects:  10% (178/1771)        [35m[fzf-lua] [0m[36m        clone[0m[90m | [0mremote: Counting objects:  11% (195/1771)        [35m[fzf-lua] [0m[36m        clone[0m[90m | [0mremote: Counting objects:  12% (213/1771)        [35m[fzf-lua] [0m[36m        clone[0m[90m | [0mremote: Counting objects:  13% (231/1771)        [35m[fzf-lua] [0m[36m        clone[0m[90m | [0mremote: Counting objects:  14% (248/1771)        [35m[fzf-lua] [0m[36m        clone[0m[90m | [0mremote: Counting objects:  15% (266/1771)        [35m[fzf-lua] [0m[36m        clone[0m[90m | [0mremote: Counting objects:  16% (284/1771)        [35m[fzf-lua] [0m[36m        clone[0m[90m | [0mremote: Counting objects:  17% (302/1771)        [35m[fzf-lua] [0m[36m        clone[0m[90m | [0mremote: Counting objects:  18% (319/1771)        [35m[fzf-lua] [0m[36m        clone[0m[90m | [0mremote: Counting objects:  19% (337/1771)        [35m[fzf-lua] [0m[36m        clone[0m[90m | [0mremote: Counting objects:  20% (355/1771)        [35m[fzf-lua] [0m[36m        clone[0m[90m | [0mremote: Counting objects:  21% (372/1771)        [35m[fzf-lua] [0m[36m        clone[0m[90m | [0mremote: Counting objects:  22% (390/1771)        [35m[fzf-lua] [0m[36m        clone[0m[90m | [0mremote: Counting objects:  23% (408/1771)        [35m[fzf-lua] [0m[36m        clone[0m[90m | [0mremote: Counting objects:  24% (426/1771)        [35m[fzf-lua] [0m[36m        clone[0m[90m | [0mremote: Counting objects:  25% (443/1771)        [35m[fzf-lua] [0m[36m        clone[0m[90m | [0mremote: Counting objects:  26% (461/1771)        [35m[fzf-lua] [0m[36m        clone[0m[90m | [0mremote: Counting objects:  27% (479/1771)        [35m[fzf-lua] [0m[36m        clone[0m[90m | [0mremote: Counting objects:  28% (496/1771)        [35m[fzf-lua] [0m[36m        clone[0m[90m | [0mremote: Counting objects:  29% (514/1771)        [35m[fzf-lua] [0m[36m        clone[0m[90m | [0mremote: Counting objects:  30% (532/1771)        [35m[fzf-lua] [0m[36m        clone[0m[90m | [0mremote: Counting objects:  31% (550/1771)        [35m[fzf-lua] [0m[36m        clone[0m[90m | [0mremote: Counting objects:  32% (567/1771)        [35m[fzf-lua] [0m[36m        clone[0m[90m | [0mremote: Counting objects:  33% (585/1771)        [35m[fzf-lua] [0m[36m        clone[0m[90m | [0mremote: Counting objects:  34% (603/1771)        [35m[fzf-lua] [0m[36m        clone[0m[90m | [0mremote: Counting objects:  35% (620/1771)        [35m[fzf-lua] [0m[36m        clone[0m[90m | [0mremote: Counting objects:  36% (638/1771)        [35m[fzf-lua] [0m[36m        clone[0m[90m | [0mremote: Counting objects:  37% (656/1771)        [35m[fzf-lua] [0m[36m        clone[0m[90m | [0mremote: Counting objects:  38% (673/1771)        [35m[fzf-lua] [0m[36m        clone[0m[90m | [0mremote: Counting objects:  39% (691/1771)        [35m[fzf-lua] [0m[36m        clone[0m[90m | [0mremote: Counting objects:  40% (709/1771)        [35m[fzf-lua] [0m[36m        clone[0m[90m | [0mremote: Counting objects:  41% (727/1771)        [35m[fzf-lua] [0m[36m        clone[0m[90m | [0mremote: Counting objects:  42% (744/1771)        [35m[fzf-lua] [0m[36m        clone[0m[90m | [0mremote: Counting objects:  43% (762/1771)        [35m[fzf-lua] [0m[36m        clone[0m[90m | [0mremote: Counting objects:  44% (780/1771)        [35m[fzf-lua] [0m[36m        clone[0m[90m | [0mremote: Counting objects:  45% (797/1771)        [35m[fzf-lua] [0m[36m        clone[0m[90m | [0mremote: Counting objects:  46% (815/1771)        [35m[fzf-lua] [0m[36m        clone[0m[90m | [0mremote: Counting objects:  47% (833/1771)        [35m[fzf-lua] [0m[36m        clone[0m[90m | [0mremote: Counting objects:  48% (851/1771)        [35m[fzf-lua] [0m[36m        clone[0m[90m | [0mremote: Counting objects:  49% (868/1771)        [35m[fzf-lua] [0m[36m        clone[0m[90m | [0mremote: Counting objects:  50% (886/1771)        [35m[fzf-lua] [0m[36m        clone[0m[90m | [0mremote: Counting objects:  51% (904/1771)        [35m[fzf-lua] [0m[36m        clone[0m[90m | [0mremote: Counting objects:  52% (921/1771)        [35m[fzf-lua] [0m[36m        clone[0m[90m | [0mremote: Counting objects:  53% (939/1771)        [35m[fzf-lua] [0m[36m        clone[0m[90m | [0mremote: Counting objects:  54% (957/1771)        [35m[fzf-lua] [0m[36m        clone[0m[90m | [0mremote: Counting objects:  55% (975/1771)        [35m[fzf-lua] [0m[36m        clone[0m[90m | [0mremote: Counting objects:  56% (992/1771)        [35m[fzf-lua] [0m[36m        clone[0m[90m | [0mremote: Counting objects:  57% (1010/1771)        [35m[fzf-lua] [0m[36m        clone[0m[90m | [0mremote: Counting objects:  58% (1028/1771)        [35m[fzf-lua] [0m[36m        clone[0m[90m | [0mremote: Counting objects:  59% (1045/1771)        [35m[fzf-lua] [0m[36m        clone[0m[90m | [0mremote: Counting objects:  60% (1063/1771)        [35m[fzf-lua] [0m[36m        clone[0m[90m | [0mremote: Counting objects:  61% (1081/1771)        [35m[fzf-lua] [0m[36m        clone[0m[90m | [0mremote: Counting objects:  62% (1099/1771)        [35m[fzf-lua] [0m[36m        clone[0m[90m | [0mremote: Counting objects:  63% (1116/1771)        [35m[fzf-lua] [0m[36m        clone[0m[90m | [0mremote: Counting objects:  64% (1134/1771)        [35m[fzf-lua] [0m[36m        clone[0m[90m | [0mremote: Counting objects:  65% (1152/1771)        [35m[fzf-lua] [0m[36m        clone[0m[90m | [0mremote: Counting objects:  66% (1169/1771)        [35m[fzf-lua] [0m[36m        clone[0m[90m | [0mremote: Counting objects:  67% (1187/1771)        [35m[fzf-lua] [0m[36m        clone[0m[90m | [0mremote: Counting objects:  68% (1205/1771)        [35m[fzf-lua] [0m[36m        clone[0m[90m | [0mremote: Counting objects:  69% (1222/1771)        [35m[fzf-lua] [0m[36m        clone[0m[90m | [0mremote: Counting objects:  70% (1240/1771)        [35m[fzf-lua] [0m[36m        clone[0m[90m | [0mremote: Counting objects:  71% (1258/1771)        [35m[fzf-lua] [0m[36m        clone[0m[90m | [0mremote: Counting objects:  72% (1276/1771)        [35m[fzf-lua] [0m[36m        clone[0m[90m | [0mremote: Counting objects:  73% (1293/1771)        [35m[fzf-lua] [0m[36m        clone[0m[90m | [0mremote: Counting objects:  74% (1311/1771)        [35m[fzf-lua] [0m[36m        clone[0m[90m | [0mremote: Counting objects:  75% (1329/1771)        [35m[fzf-lua] [0m[36m        clone[0m[90m | [0mremote: Counting objects:  76% (1346/1771)        [35m[fzf-lua] [0m[36m        clone[0m[90m | [0mremote: Counting objects:  77% (1364/1771)        [35m[fzf-lua] [0m[36m        clone[0m[90m | [0mremote: Counting objects:  78% (1382/1771)        [35m[fzf-lua] [0m[36m        clone[0m[90m | [0mremote: Counting objects:  79% (1400/1771)        [35m[fzf-lua] [0m[36m        clone[0m[90m | [0mremote: Counting objects:  80% (1417/1771)        [35m[fzf-lua] [0m[36m        clone[0m[90m | [0mremote: Counting objects:  81% (1435/1771)        [35m[fzf-lua] [0m[36m        clone[0m[90m | [0mremote: Counting objects:  82% (1453/1771)        [35m[fzf-lua] [0m[36m        clone[0m[90m | [0mremote: Counting objects:  83% (1470/1771)        [35m[fzf-lua] [0m[36m        clone[0m[90m | [0mremote: Counting objects:  84% (1488/1771)        [35m[fzf-lua] [0m[36m        clone[0m[90m | [0mremote: Counting objects:  85% (1506/1771)        [35m[fzf-lua] [0m[36m        clone[0m[90m | [0mremote: Counting objects:  86% (1524/1771)        [35m[fzf-lua] [0m[36m        clone[0m[90m | [0mremote: Counting objects:  87% (1541/1771)        [35m[fzf-lua] [0m[36m        clone[0m[90m | [0mremote: Counting objects:  88% (1559/1771)        [35m[fzf-lua] [0m[36m        clone[0m[90m | [0mremote: Counting objects:  89% (1577/1771)        [35m[fzf-lua] [0m[36m        clone[0m[90m | [0mremote: Counting objects:  90% (1594/1771)        [35m[fzf-lua] [0m[36m        clone[0m[90m | [0mremote: Counting objects:  91% (1612/1771)        [35m[fzf-lua] [0m[36m        clone[0m[90m | [0mremote: Counting objects:  92% (1630/1771)        [35m[fzf-lua] [0m[36m        clone[0m[90m | [0mremote: Counting objects:  93% (1648/1771)        [35m[fzf-lua] [0m[36m        clone[0m[90m | [0mremote: Counting objects:  94% (1665/1771)        [35m[fzf-lua] [0m[36m        clone[0m[90m | [0mremote: Counting objects:  95% (1683/1771)        [35m[fzf-lua] [0m[36m        clone[0m[90m | [0mremote: Counting objects:  96% (1701/1771)        [35m[fzf-lua] [0m[36m        clone[0m[90m | [0mremote: Counting objects:  97% (1718/1771)        [35m[fzf-lua] [0m[36m        clone[0m[90m | [0mremote: Counting objects:  98% (1736/1771)        [35m[fzf-lua] [0m[36m        clone[0m[90m | [0mremote: Counting objects:  99% (1754/1771)        [35m[fzf-lua] [0m[36m        clone[0m[90m | [0mremote: Counting objects: 100% (1771/1771)        [35m[fzf-lua] [0m[36m        clone[0m[90m | [0mremote: Counting objects: 100% (1771/1771), done.        
[35m[fzf-lua] [0m[36m        clone[0m[90m | [0mremote: Compressing objects:   0% (1/298)        [35m[fzf-lua] [0m[36m        clone[0m[90m | [0mremote: Compressing objects:   1% (3/298)        [35m[fzf-lua] [0m[36m        clone[0m[90m | [0mremote: Compressing objects:   2% (6/298)        [35m[fzf-lua] [0m[36m        clone[0m[90m | [0mremote: Compressing objects:   3% (9/298)        [35m[fzf-lua] [0m[36m        clone[0m[90m | [0mremote: Compressing objects:   4% (12/298)        [35m[fzf-lua] [0m[36m        clone[0m[90m | [0mremote: Compressing objects:   5% (15/298)        [35m[fzf-lua] [0m[36m        clone[0m[90m | [0mremote: Compressing objects:   6% (18/298)        [35m[fzf-lua] [0m[36m        clone[0m[90m | [0mremote: Compressing objects:   7% (21/298)        [35m[fzf-lua] [0m[36m        clone[0m[90m | [0mremote: Compressing objects:   8% (24/298)        [35m[fzf-lua] [0m[36m        clone[0m[90m | [0mremote: Compressing objects:   9% (27/298)        [35m[fzf-lua] [0m[36m        clone[0m[90m | [0mremote: Compressing objects:  10% (30/298)        [35m[fzf-lua] [0m[36m        clone[0m[90m | [0mremote: Compressing objects:  11% (33/298)        [35m[fzf-lua] [0m[36m        clone[0m[90m | [0mremote: Compressing objects:  12% (36/298)        [35m[fzf-lua] [0m[36m        clone[0m[90m | [0mremote: Compressing objects:  13% (39/298)        [35m[fzf-lua] [0m[36m        clone[0m[90m | [0mremote: Compressing objects:  14% (42/298)        [35m[fzf-lua] [0m[36m        clone[0m[90m | [0mremote: Compressing objects:  15% (45/298)        [35m[fzf-lua] [0m[36m        clone[0m[90m | [0mremote: Compressing objects:  16% (48/298)        [35m[fzf-lua] [0m[36m        clone[0m[90m | [0mremote: Compressing objects:  17% (51/298)        [35m[fzf-lua] [0m[36m        clone[0m[90m | [0mremote: Compressing objects:  18% (54/298)        [35m[fzf-lua] [0m[36m        clone[0m[90m | [0mremote: Compressing objects:  19% (57/298)        [35m[fzf-lua] [0m[36m        clone[0m[90m | [0mremote: Compressing objects:  20% (60/298)        [35m[fzf-lua] [0m[36m        clone[0m[90m | [0mremote: Compressing objects:  21% (63/298)        [35m[fzf-lua] [0m[36m        clone[0m[90m | [0mremote: Compressing objects:  22% (66/298)        [35m[fzf-lua] [0m[36m        clone[0m[90m | [0mremote: Compressing objects:  23% (69/298)        [35m[fzf-lua] [0m[36m        clone[0m[90m | [0mremote: Compressing objects:  24% (72/298)        [35m[fzf-lua] [0m[36m        clone[0m[90m | [0mremote: Compressing objects:  25% (75/298)        [35m[fzf-lua] [0m[36m        clone[0m[90m | [0mremote: Compressing objects:  26% (78/298)        [35m[fzf-lua] [0m[36m        clone[0m[90m | [0mremote: Compressing objects:  27% (81/298)        [35m[fzf-lua] [0m[36m        clone[0m[90m | [0mremote: Compressing objects:  28% (84/298)        [35m[fzf-lua] [0m[36m        clone[0m[90m | [0mremote: Compressing objects:  29% (87/298)        [35m[fzf-lua] [0m[36m        clone[0m[90m | [0mremote: Compressing objects:  30% (90/298)        [35m[fzf-lua] [0m[36m        clone[0m[90m | [0mremote: Compressing objects:  31% (93/298)        [35m[fzf-lua] [0m[36m        clone[0m[90m | [0mremote: Compressing objects:  32% (96/298)        [35m[fzf-lua] [0m[36m        clone[0m[90m | [0mremote: Compressing objects:  33% (99/298)        [35m[fzf-lua] [0m[36m        clone[0m[90m | [0mremote: Compressing objects:  34% (102/298)        [35m[fzf-lua] [0m[36m        clone[0m[90m | [0mremote: Compressing objects:  35% (105/298)        [35m[fzf-lua] [0m[36m        clone[0m[90m | [0mremote: Compressing objects:  36% (108/298)        [35m[fzf-lua] [0m[36m        clone[0m[90m | [0mremote: Compressing objects:  37% (111/298)        [35m[fzf-lua] [0m[36m        clone[0m[90m | [0mremote: Compressing objects:  38% (114/298)        [35m[fzf-lua] [0m[36m        clone[0m[90m | [0mremote: Compressing objects:  39% (117/298)        [35m[fzf-lua] [0m[36m        clone[0m[90m | [0mremote: Compressing objects:  40% (120/298)        [35m[fzf-lua] [0m[36m        clone[0m[90m | [0mremote: Compressing objects:  41% (123/298)        [35m[fzf-lua] [0m[36m        clone[0m[90m | [0mremote: Compressing objects:  42% (126/298)        [35m[fzf-lua] [0m[36m        clone[0m[90m | [0mremote: Compressing objects:  43% (129/298)        [35m[fzf-lua] [0m[36m        clone[0m[90m | [0mremote: Compressing objects:  44% (132/298)        [35m[fzf-lua] [0m[36m        clone[0m[90m | [0mremote: Compressing objects:  45% (135/298)        [35m[fzf-lua] [0m[36m        clone[0m[90m | [0mremote: Compressing objects:  46% (138/298)        [35m[fzf-lua] [0m[36m        clone[0m[90m | [0mremote: Compressing objects:  47% (141/298)        [35m[fzf-lua] [0m[36m        clone[0m[90m | [0mremote: Compressing objects:  48% (144/298)        [35m[fzf-lua] [0m[36m        clone[0m[90m | [0mremote: Compressing objects:  49% (147/298)        [35m[fzf-lua] [0m[36m        clone[0m[90m | [0mremote: Compressing objects:  50% (149/298)        [35m[fzf-lua] [0m[36m        clone[0m[90m | [0mremote: Compressing objects:  51% (152/298)        [35m[fzf-lua] [0m[36m        clone[0m[90m | [0mremote: Compressing objects:  52% (155/298)        [35m[fzf-lua] [0m[36m        clone[0m[90m | [0mremote: Compressing objects:  53% (158/298)        [35m[fzf-lua] [0m[36m        clone[0m[90m | [0mremote: Compressing objects:  54% (161/298)        [35m[fzf-lua] [0m[36m        clone[0m[90m | [0mremote: Compressing objects:  55% (164/298)        [35m[fzf-lua] [0m[36m        clone[0m[90m | [0mremote: Compressing objects:  56% (167/298)        [35m[fzf-lua] [0m[36m        clone[0m[90m | [0mremote: Compressing objects:  57% (170/298)        [35m[fzf-lua] [0m[36m        clone[0m[90m | [0mremote: Compressing objects:  58% (173/298)        [35m[fzf-lua] [0m[36m        clone[0m[90m | [0mremote: Compressing objects:  59% (176/298)        [35m[fzf-lua] [0m[36m        clone[0m[90m | [0mremote: Compressing objects:  60% (179/298)        [35m[fzf-lua] [0m[36m        clone[0m[90m | [0mremote: Compressing objects:  61% (182/298)        [35m[fzf-lua] [0m[36m        clone[0m[90m | [0mremote: Compressing objects:  62% (185/298)        [35m[fzf-lua] [0m[36m        clone[0m[90m | [0mremote: Compressing objects:  63% (188/298)        [35m[fzf-lua] [0m[36m        clone[0m[90m | [0mremote: Compressing objects:  64% (191/298)        [35m[fzf-lua] [0m[36m        clone[0m[90m | [0mremote: Compressing objects:  65% (194/298)        [35m[fzf-lua] [0m[36m        clone[0m[90m | [0mremote: Compressing objects:  66% (197/298)        [35m[fzf-lua] [0m[36m        clone[0m[90m | [0mremote: Compressing objects:  67% (200/298)        [35m[fzf-lua] [0m[36m        clone[0m[90m | [0mremote: Compressing objects:  68% (203/298)        [35m[fzf-lua] [0m[36m        clone[0m[90m | [0mremote: Compressing objects:  69% (206/298)        [35m[fzf-lua] [0m[36m        clone[0m[90m | [0mremote: Compressing objects:  70% (209/298)        [35m[fzf-lua] [0m[36m        clone[0m[90m | [0mremote: Compressing objects:  71% (212/298)        [35m[fzf-lua] [0m[36m        clone[0m[90m | [0mremote: Compressing objects:  72% (215/298)        [35m[fzf-lua] [0m[36m        clone[0m[90m | [0mremote: Compressing objects:  73% (218/298)        [35m[fzf-lua] [0m[36m        clone[0m[90m | [0mremote: Compressing objects:  74% (221/298)        [35m[fzf-lua] [0m[36m        clone[0m[90m | [0mremote: Compressing objects:  75% (224/298)        [35m[fzf-lua] [0m[36m        clone[0m[90m | [0mremote: Compressing objects:  76% (227/298)        [35m[fzf-lua] [0m[36m        clone[0m[90m | [0mremote: Compressing objects:  77% (230/298)        [35m[fzf-lua] [0m[36m        clone[0m[90m | [0mremote: Compressing objects:  78% (233/298)        [35m[fzf-lua] [0m[36m        clone[0m[90m | [0mremote: Compressing objects:  79% (236/298)        [35m[fzf-lua] [0m[36m        clone[0m[90m | [0mremote: Compressing objects:  80% (239/298)        [35m[fzf-lua] [0m[36m        clone[0m[90m | [0mremote: Compressing objects:  81% (242/298)        [35m[fzf-lua] [0m[36m        clone[0m[90m | [0mremote: Compressing objects:  82% (245/298)        [35m[fzf-lua] [0m[36m        clone[0m[90m | [0mremote: Compressing objects:  83% (248/298)        [35m[fzf-lua] [0m[36m        clone[0m[90m | [0mremote: Compressing objects:  84% (251/298)        [35m[fzf-lua] [0m[36m        clone[0m[90m | [0mremote: Compressing objects:  85% (254/298)        [35m[fzf-lua] [0m[36m        clone[0m[90m | [0mremote: Compressing objects:  86% (257/298)        [35m[fzf-lua] [0m[36m        clone[0m[90m | [0mremote: Compressing objects:  87% (260/298)        [35m[fzf-lua] [0m[36m        clone[0m[90m | [0mremote: Compressing objects:  88% (263/298)        [35m[fzf-lua] [0m[36m        clone[0m[90m | [0mremote: Compressing objects:  89% (266/298)        [35m[fzf-lua] [0m[36m        clone[0m[90m | [0mremote: Compressing objects:  90% (269/298)        [35m[fzf-lua] [0m[36m        clone[0m[90m | [0mremote: Compressing objects:  91% (272/298)        [35m[fzf-lua] [0m[36m        clone[0m[90m | [0mremote: Compressing objects:  92% (275/298)        [35m[fzf-lua] [0m[36m        clone[0m[90m | [0mremote: Compressing objects:  93% (278/298)        [35m[fzf-lua] [0m[36m        clone[0m[90m | [0mremote: Compressing objects:  94% (281/298)        [35m[fzf-lua] [0m[36m        clone[0m[90m | [0mremote: Compressing objects:  95% (284/298)        [35m[fzf-lua] [0m[36m        clone[0m[90m | [0mremote: Compressing objects:  96% (287/298)        [35m[fzf-lua] [0m[36m        clone[0m[90m | [0mremote: Compressing objects:  97% (290/298)        [35m[fzf-lua] [0m[36m        clone[0m[90m | [0mremote: Compressing objects:  98% (293/298)        [35m[fzf-lua] [0m[36m        clone[0m[90m | [0mremote: Compressing objects:  99% (296/298)        [35m[fzf-lua] [0m[36m        clone[0m[90m | [0mremote: Compressing objects: 100% (298/298)        [35m[fzf-lua] [0m[36m        clone[0m[90m | [0mremote: Compressing objects: 100% (298/298), done.        
[35m[gitsigns.nvim] [0m[36m  clone[0m[90m | [0mremote: Enumerating objects: 6642, done.        
[35m[gitsigns.nvim] [0m[36m  clone[0m[90m | [0mremote: Counting objects:   3% (1/28)        [35m[gitsigns.nvim] [0m[36m  clone[0m[90m | [0mremote: Counting objects:   7% (2/28)        [35m[gitsigns.nvim] [0m[36m  clone[0m[90m | [0mremote: Counting objects:  10% (3/28)        [35m[gitsigns.nvim] [0m[36m  clone[0m[90m | [0mremote: Counting objects:  14% (4/28)        [35m[gitsigns.nvim] [0m[36m  clone[0m[90m | [0mremote: Counting objects:  17% (5/28)        [35m[gitsigns.nvim] [0m[36m  clone[0m[90m | [0mremote: Counting objects:  21% (6/28)        [35m[gitsigns.nvim] [0m[36m  clone[0m[90m | [0mremote: Counting objects:  25% (7/28)        [35m[gitsigns.nvim] [0m[36m  clone[0m[90m | [0mremote: Counting objects:  28% (8/28)        [35m[gitsigns.nvim] [0m[36m  clone[0m[90m | [0mremote: Counting objects:  32% (9/28)        [35m[gitsigns.nvim] [0m[36m  clone[0m[90m | [0mremote: Counting objects:  35% (10/28)        [35m[gitsigns.nvim] [0m[36m  clone[0m[90m | [0mremote: Counting objects:  39% (11/28)        [35m[gitsigns.nvim] [0m[36m  clone[0m[90m | [0mremote: Counting objects:  42% (12/28)        [35m[gitsigns.nvim] [0m[36m  clone[0m[90m | [0mremote: Counting objects:  46% (13/28)        [35m[gitsigns.nvim] [0m[36m  clone[0m[90m | [0mremote: Counting objects:  50% (14/28)        [35m[gitsigns.nvim] [0m[36m  clone[0m[90m | [0mremote: Counting objects:  53% (15/28)        [35m[gitsigns.nvim] [0m[36m  clone[0m[90m | [0mremote: Counting objects:  57% (16/28)        [35m[gitsigns.nvim] [0m[36m  clone[0m[90m | [0mremote: Counting objects:  60% (17/28)        [35m[gitsigns.nvim] [0m[36m  clone[0m[90m | [0mremote: Counting objects:  64% (18/28)        [35m[gitsigns.nvim] [0m[36m  clone[0m[90m | [0mremote: Counting objects:  67% (19/28)        [35m[gitsigns.nvim] [0m[36m  clone[0m[90m | [0mremote: Counting objects:  71% (20/28)        [35m[gitsigns.nvim] [0m[36m  clone[0m[90m | [0mremote: Counting objects:  75% (21/28)        [35m[gitsigns.nvim] [0m[36m  clone[0m[90m | [0mremote: Counting objects:  78% (22/28)        [35m[gitsigns.nvim] [0m[36m  clone[0m[90m | [0mremote: Counting objects:  82% (23/28)        [35m[gitsigns.nvim] [0m[36m  clone[0m[90m | [0mremote: Counting objects:  85% (24/28)        [35m[gitsigns.nvim] [0m[36m  clone[0m[90m | [0mremote: Counting objects:  89% (25/28)        [35m[gitsigns.nvim] [0m[36m  clone[0m[90m | [0mremote: Counting objects:  92% (26/28)        [35m[gitsigns.nvim] [0m[36m  clone[0m[90m | [0mremote: Counting objects:  96% (27/28)        [35m[gitsigns.nvim] [0m[36m  clone[0m[90m | [0mremote: Counting objects: 100% (28/28)        [35m[gitsigns.nvim] [0m[36m  clone[0m[90m | [0mremote: Counting objects: 100% (28/28), done.        
[35m[gitsigns.nvim] [0m[36m  clone[0m[90m | [0mremote: Compressing objects:   5% (1/19)        [35m[gitsigns.nvim] [0m[36m  clone[0m[90m | [0mremote: Compressing objects:  10% (2/19)        [35m[gitsigns.nvim] [0m[36m  clone[0m[90m | [0mremote: Compressing objects:  15% (3/19)        [35m[gitsigns.nvim] [0m[36m  clone[0m[90m | [0mremote: Compressing objects:  21% (4/19)        [35m[gitsigns.nvim] [0m[36m  clone[0m[90m | [0mremote: Compressing objects:  26% (5/19)        [35m[gitsigns.nvim] [0m[36m  clone[0m[90m | [0mremote: Compressing objects:  31% (6/19)        [35m[gitsigns.nvim] [0m[36m  clone[0m[90m | [0mremote: Compressing objects:  36% (7/19)        [35m[gitsigns.nvim] [0m[36m  clone[0m[90m | [0mremote: Compressing objects:  42% (8/19)        [35m[gitsigns.nvim] [0m[36m  clone[0m[90m | [0mremote: Compressing objects:  47% (9/19)        [35m[gitsigns.nvim] [0m[36m  clone[0m[90m | [0mremote: Compressing objects:  52% (10/19)        [35m[gitsigns.nvim] [0m[36m  clone[0m[90m | [0mremote: Compressing objects:  57% (11/19)        [35m[gitsigns.nvim] [0m[36m  clone[0m[90m | [0mremote: Compressing objects:  63% (12/19)        [35m[gitsigns.nvim] [0m[36m  clone[0m[90m | [0mremote: Compressing objects:  68% (13/19)        [35m[gitsigns.nvim] [0m[36m  clone[0m[90m | [0mremote: Compressing objects:  73% (14/19)        [35m[gitsigns.nvim] [0m[36m  clone[0m[90m | [0mremote: Compressing objects:  78% (15/19)        [35m[gitsigns.nvim] [0m[36m  clone[0m[90m | [0mremote: Compressing objects:  84% (16/19)        [35m[gitsigns.nvim] [0m[36m  clone[0m[90m | [0mremote: Compressing objects:  89% (17/19)        [35m[gitsigns.nvim] [0m[36m  clone[0m[90m | [0mremote: Compressing objects:  94% (18/19)        [35m[gitsigns.nvim] [0m[36m  clone[0m[90m | [0mremote: Compressing objects: 100% (19/19)        [35m[gitsigns.nvim] [0m[36m  clone[0m[90m | [0mremote: Compressing objects: 100% (19/19), done.        
[35m[auto-session] [0m[36m   clone[0m[90m | [0mremote: Enumerating objects: 2876, done.        
[35m[auto-session] [0m[36m   clone[0m[90m | [0mremote: Counting objects:   0% (1/335)        [35m[auto-session] [0m[36m   clone[0m[90m | [0mremote: Counting objects:   1% (4/335)        [35m[auto-session] [0m[36m   clone[0m[90m | [0mremote: Counting objects:   2% (7/335)        [35m[auto-session] [0m[36m   clone[0m[90m | [0mremote: Counting objects:   3% (11/335)        [35m[auto-session] [0m[36m   clone[0m[90m | [0mremote: Counting objects:   4% (14/335)        [35m[auto-session] [0m[36m   clone[0m[90m | [0mremote: Counting objects:   5% (17/335)        [35m[auto-session] [0m[36m   clone[0m[90m | [0mremote: Counting objects:   6% (21/335)        [35m[auto-session] [0m[36m   clone[0m[90m | [0mremote: Counting objects:   7% (24/335)        [35m[auto-session] [0m[36m   clone[0m[90m | [0mremote: Counting objects:   8% (27/335)        [35m[auto-session] [0m[36m   clone[0m[90m | [0mremote: Counting objects:   9% (31/335)        [35m[auto-session] [0m[36m   clone[0m[90m | [0mremote: Counting objects:  10% (34/335)        [35m[auto-session] [0m[36m   clone[0m[90m | [0mremote: Counting objects:  11% (37/335)        [35m[auto-session] [0m[36m   clone[0m[90m | [0mremote: Counting objects:  12% (41/335)        [35m[auto-session] [0m[36m   clone[0m[90m | [0mremote: Counting objects:  13% (44/335)        [35m[auto-session] [0m[36m   clone[0m[90m | [0mremote: Counting objects:  14% (47/335)        [35m[auto-session] [0m[36m   clone[0m[90m | [0mremote: Counting objects:  15% (51/335)        [35m[auto-session] [0m[36m   clone[0m[90m | [0mremote: Counting objects:  16% (54/335)        [35m[auto-session] [0m[36m   clone[0m[90m | [0mremote: Counting objects:  17% (57/335)        [35m[auto-session] [0m[36m   clone[0m[90m | [0mremote: Counting objects:  18% (61/335)        [35m[auto-session] [0m[36m   clone[0m[90m | [0mremote: Counting objects:  19% (64/335)        [35m[auto-session] [0m[36m   clone[0m[90m | [0mremote: Counting objects:  20% (67/335)        [35m[auto-session] [0m[36m   clone[0m[90m | [0mremote: Counting objects:  21% (71/335)        [35m[auto-session] [0m[36m   clone[0m[90m | [0mremote: Counting objects:  22% (74/335)        [35m[auto-session] [0m[36m   clone[0m[90m | [0mremote: Counting objects:  23% (78/335)        [35m[auto-session] [0m[36m   clone[0m[90m | [0mremote: Counting objects:  24% (81/335)        [35m[auto-session] [0m[36m   clone[0m[90m | [0mremote: Counting objects:  25% (84/335)        [35m[auto-session] [0m[36m   clone[0m[90m | [0mremote: Counting objects:  26% (88/335)        [35m[auto-session] [0m[36m   clone[0m[90m | [0mremote: Counting objects:  27% (91/335)        [35m[auto-session] [0m[36m   clone[0m[90m | [0mremote: Counting objects:  28% (94/335)        [35m[auto-session] [0m[36m   clone[0m[90m | [0mremote: Counting objects:  29% (98/335)        [35m[auto-session] [0m[36m   clone[0m[90m | [0mremote: Counting objects:  30% (101/335)        [35m[auto-session] [0m[36m   clone[0m[90m | [0mremote: Counting objects:  31% (104/335)        [35m[auto-session] [0m[36m   clone[0m[90m | [0mremote: Counting objects:  32% (108/335)        [35m[auto-session] [0m[36m   clone[0m[90m | [0mremote: Counting objects:  33% (111/335)        [35m[auto-session] [0m[36m   clone[0m[90m | [0mremote: Counting objects:  34% (114/335)        [35m[auto-session] [0m[36m   clone[0m[90m | [0mremote: Counting objects:  35% (118/335)        [35m[auto-session] [0m[36m   clone[0m[90m | [0mremote: Counting objects:  36% (121/335)        [35m[auto-session] [0m[36m   clone[0m[90m | [0mremote: Counting objects:  37% (124/335)        [35m[auto-session] [0m[36m   clone[0m[90m | [0mremote: Counting objects:  38% (128/335)        [35m[auto-session] [0m[36m   clone[0m[90m | [0mremote: Counting objects:  39% (131/335)        [35m[auto-session] [0m[36m   clone[0m[90m | [0mremote: Counting objects:  40% (134/335)        [35m[auto-session] [0m[36m   clone[0m[90m | [0mremote: Counting objects:  41% (138/335)        [35m[auto-session] [0m[36m   clone[0m[90m | [0mremote: Counting objects:  42% (141/335)        [35m[auto-session] [0m[36m   clone[0m[90m | [0mremote: Counting objects:  43% (145/335)        [35m[auto-session] [0m[36m   clone[0m[90m | [0mremote: Counting objects:  44% (148/335)        [35m[auto-session] [0m[36m   clone[0m[90m | [0mremote: Counting objects:  45% (151/335)        [35m[auto-session] [0m[36m   clone[0m[90m | [0mremote: Counting objects:  46% (155/335)        [35m[auto-session] [0m[36m   clone[0m[90m | [0mremote: Counting objects:  47% (158/335)        [35m[auto-session] [0m[36m   clone[0m[90m | [0mremote: Counting objects:  48% (161/335)        [35m[auto-session] [0m[36m   clone[0m[90m | [0mremote: Counting objects:  49% (165/335)        [35m[auto-session] [0m[36m   clone[0m[90m | [0mremote: Counting objects:  50% (168/335)        [35m[auto-session] [0m[36m   clone[0m[90m | [0mremote: Counting objects:  51% (171/335)        [35m[auto-session] [0m[36m   clone[0m[90m | [0mremote: Counting objects:  52% (175/335)        [35m[auto-session] [0m[36m   clone[0m[90m | [0mremote: Counting objects:  53% (178/335)        [35m[auto-session] [0m[36m   clone[0m[90m | [0mremote: Counting objects:  54% (181/335)        [35m[auto-session] [0m[36m   clone[0m[90m | [0mremote: Counting objects:  55% (185/335)        [35m[auto-session] [0m[36m   clone[0m[90m | [0mremote: Counting objects:  56% (188/335)        [35m[auto-session] [0m[36m   clone[0m[90m | [0mremote: Counting objects:  57% (191/335)        [35m[auto-session] [0m[36m   clone[0m[90m | [0mremote: Counting objects:  58% (195/335)        [35m[auto-session] [0m[36m   clone[0m[90m | [0mremote: Counting objects:  59% (198/335)        [35m[auto-session] [0m[36m   clone[0m[90m | [0mremote: Counting objects:  60% (201/335)        [35m[auto-session] [0m[36m   clone[0m[90m | [0mremote: Counting objects:  61% (205/335)        [35m[auto-session] [0m[36m   clone[0m[90m | [0mremote: Counting objects:  62% (208/335)        [35m[auto-session] [0m[36m   clone[0m[90m | [0mremote: Counting objects:  63% (212/335)        [35m[auto-session] [0m[36m   clone[0m[90m | [0mremote: Counting objects:  64% (215/335)        [35m[auto-session] [0m[36m   clone[0m[90m | [0mremote: Counting objects:  65% (218/335)        [35m[auto-session] [0m[36m   clone[0m[90m | [0mremote: Counting objects:  66% (222/335)        [35m[auto-session] [0m[36m   clone[0m[90m | [0mremote: Counting objects:  67% (225/335)        [35m[auto-session] [0m[36m   clone[0m[90m | [0mremote: Counting objects:  68% (228/335)        [35m[auto-session] [0m[36m   clone[0m[90m | [0mremote: Counting objects:  69% (232/335)        [35m[auto-session] [0m[36m   clone[0m[90m | [0mremote: Counting objects:  70% (235/335)        [35m[auto-session] [0m[36m   clone[0m[90m | [0mremote: Counting objects:  71% (238/335)        [35m[auto-session] [0m[36m   clone[0m[90m | [0mremote: Counting objects:  72% (242/335)        [35m[auto-session] [0m[36m   clone[0m[90m | [0mremote: Counting objects:  73% (245/335)        [35m[auto-session] [0m[36m   clone[0m[90m | [0mremote: Counting objects:  74% (248/335)        [35m[auto-session] [0m[36m   clone[0m[90m | [0mremote: Counting objects:  75% (252/335)        [35m[auto-session] [0m[36m   clone[0m[90m | [0mremote: Counting objects:  76% (255/335)        [35m[auto-session] [0m[36m   clone[0m[90m | [0mremote: Counting objects:  77% (258/335)        [35m[auto-session] [0m[36m   clone[0m[90m | [0mremote: Counting objects:  78% (262/335)        [35m[auto-session] [0m[36m   clone[0m[90m | [0mremote: Counting objects:  79% (265/335)        [35m[auto-session] [0m[36m   clone[0m[90m | [0mremote: Counting objects:  80% (268/335)        [35m[auto-session] [0m[36m   clone[0m[90m | [0mremote: Counting objects:  81% (272/335)        [35m[auto-session] [0m[36m   clone[0m[90m | [0mremote: Counting objects:  82% (275/335)        [35m[auto-session] [0m[36m   clone[0m[90m | [0mremote: Counting objects:  83% (279/335)        [35m[auto-session] [0m[36m   clone[0m[90m | [0mremote: Counting objects:  84% (282/335)        [35m[auto-session] [0m[36m   clone[0m[90m | [0mremote: Counting objects:  85% (285/335)        [35m[auto-session] [0m[36m   clone[0m[90m | [0mremote: Counting objects:  86% (289/335)        [35m[auto-session] [0m[36m   clone[0m[90m | [0mremote: Counting objects:  87% (292/335)        [35m[auto-session] [0m[36m   clone[0m[90m | [0mremote: Counting objects:  88% (295/335)        [35m[auto-session] [0m[36m   clone[0m[90m | [0mremote: Counting objects:  89% (299/335)        [35m[auto-session] [0m[36m   clone[0m[90m | [0mremote: Counting objects:  90% (302/335)        [35m[auto-session] [0m[36m   clone[0m[90m | [0mremote: Counting objects:  91% (305/335)        [35m[auto-session] [0m[36m   clone[0m[90m | [0mremote: Counting objects:  92% (309/335)        [35m[auto-session] [0m[36m   clone[0m[90m | [0mremote: Counting objects:  93% (312/335)        [35m[auto-session] [0m[36m   clone[0m[90m | [0mremote: Counting objects:  94% (315/335)        [35m[auto-session] [0m[36m   clone[0m[90m | [0mremote: Counting objects:  95% (319/335)        [35m[auto-session] [0m[36m   clone[0m[90m | [0mremote: Counting objects:  96% (322/335)        [35m[auto-session] [0m[36m   clone[0m[90m | [0mremote: Counting objects:  97% (325/335)        [35m[auto-session] [0m[36m   clone[0m[90m | [0mremote: Counting objects:  98% (329/335)        [35m[auto-session] [0m[36m   clone[0m[90m | [0mremote: Counting objects:  99% (332/335)        [35m[auto-session] [0m[36m   clone[0m[90m | [0mremote: Counting objects: 100% (335/335)        [35m[auto-session] [0m[36m   clone[0m[90m | [0mremote: Counting objects: 100% (335/335), done.        
[35m[auto-session] [0m[36m   clone[0m[90m | [0mremote: Compressing objects:   0% (1/129)        [35m[auto-session] [0m[36m   clone[0m[90m | [0mremote: Compressing objects:   1% (2/129)        [35m[auto-session] [0m[36m   clone[0m[90m | [0mremote: Compressing objects:   2% (3/129)        [35m[auto-session] [0m[36m   clone[0m[90m | [0mremote: Compressing objects:   3% (4/129)        [35m[auto-session] [0m[36m   clone[0m[90m | [0mremote: Compressing objects:   4% (6/129)        [35m[auto-session] [0m[36m   clone[0m[90m | [0mremote: Compressing objects:   5% (7/129)        [35m[auto-session] [0m[36m   clone[0m[90m | [0mremote: Compressing objects:   6% (8/129)        [35m[auto-session] [0m[36m   clone[0m[90m | [0mremote: Compressing objects:   7% (10/129)        [35m[auto-session] [0m[36m   clone[0m[90m | [0mremote: Compressing objects:   8% (11/129)        [35m[auto-session] [0m[36m   clone[0m[90m | [0mremote: Compressing objects:   9% (12/129)        [35m[auto-session] [0m[36m   clone[0m[90m | [0mremote: Compressing objects:  10% (13/129)        [35m[auto-session] [0m[36m   clone[0m[90m | [0mremote: Compressing objects:  11% (15/129)        [35m[auto-session] [0m[36m   clone[0m[90m | [0mremote: Compressing objects:  12% (16/129)        [35m[auto-session] [0m[36m   clone[0m[90m | [0mremote: Compressing objects:  13% (17/129)        [35m[auto-session] [0m[36m   clone[0m[90m | [0mremote: Compressing objects:  14% (19/129)        [35m[auto-session] [0m[36m   clone[0m[90m | [0mremote: Compressing objects:  15% (20/129)        [35m[auto-session] [0m[36m   clone[0m[90m | [0mremote: Compressing objects:  16% (21/129)        [35m[auto-session] [0m[36m   clone[0m[90m | [0mremote: Compressing objects:  17% (22/129)        [35m[auto-session] [0m[36m   clone[0m[90m | [0mremote: Compressing objects:  18% (24/129)        [35m[auto-session] [0m[36m   clone[0m[90m | [0mremote: Compressing objects:  19% (25/129)        [35m[auto-session] [0m[36m   clone[0m[90m | [0mremote: Compressing objects:  20% (26/129)        [35m[auto-session] [0m[36m   clone[0m[90m | [0mremote: Compressing objects:  21% (28/129)        [35m[auto-session] [0m[36m   clone[0m[90m | [0mremote: Compressing objects:  22% (29/129)        [35m[auto-session] [0m[36m   clone[0m[90m | [0mremote: Compressing objects:  23% (30/129)        [35m[auto-session] [0m[36m   clone[0m[90m | [0mremote: Compressing objects:  24% (31/129)        [35m[auto-session] [0m[36m   clone[0m[90m | [0mremote: Compressing objects:  25% (33/129)        [35m[auto-session] [0m[36m   clone[0m[90m | [0mremote: Compressing objects:  26% (34/129)        [35m[auto-session] [0m[36m   clone[0m[90m | [0mremote: Compressing objects:  27% (35/129)        [35m[auto-session] [0m[36m   clone[0m[90m | [0mremote: Compressing objects:  28% (37/129)        [35m[auto-session] [0m[36m   clone[0m[90m | [0mremote: Compressing objects:  29% (38/129)        [35m[auto-session] [0m[36m   clone[0m[90m | [0mremote: Compressing objects:  30% (39/129)        [35m[auto-session] [0m[36m   clone[0m[90m | [0mremote: Compressing objects:  31% (40/129)        [35m[auto-session] [0m[36m   clone[0m[90m | [0mremote: Compressing objects:  32% (42/129)        [35m[auto-session] [0m[36m   clone[0m[90m | [0mremote: Compressing objects:  33% (43/129)        [35m[auto-session] [0m[36m   clone[0m[90m | [0mremote: Compressing objects:  34% (44/129)        [35m[auto-session] [0m[36m   clone[0m[90m | [0mremote: Compressing objects:  35% (46/129)        [35m[auto-session] [0m[36m   clone[0m[90m | [0mremote: Compressing objects:  36% (47/129)        [35m[auto-session] [0m[36m   clone[0m[90m | [0mremote: Compressing objects:  37% (48/129)        [35m[auto-session] [0m[36m   clone[0m[90m | [0mremote: Compressing objects:  38% (50/129)        [35m[auto-session] [0m[36m   clone[0m[90m | [0mremote: Compressing objects:  39% (51/129)        [35m[auto-session] [0m[36m   clone[0m[90m | [0mremote: Compressing objects:  40% (52/129)        [35m[auto-session] [0m[36m   clone[0m[90m | [0mremote: Compressing objects:  41% (53/129)        [35m[auto-session] [0m[36m   clone[0m[90m | [0mremote: Compressing objects:  42% (55/129)        [35m[auto-session] [0m[36m   clone[0m[90m | [0mremote: Compressing objects:  43% (56/129)        [35m[auto-session] [0m[36m   clone[0m[90m | [0mremote: Compressing objects:  44% (57/129)        [35m[auto-session] [0m[36m   clone[0m[90m | [0mremote: Compressing objects:  45% (59/129)        [35m[auto-session] [0m[36m   clone[0m[90m | [0mremote: Compressing objects:  46% (60/129)        [35m[auto-session] [0m[36m   clone[0m[90m | [0mremote: Compressing objects:  47% (61/129)        [35m[auto-session] [0m[36m   clone[0m[90m | [0mremote: Compressing objects:  48% (62/129)        [35m[auto-session] [0m[36m   clone[0m[90m | [0mremote: Compressing objects:  49% (64/129)        [35m[auto-session] [0m[36m   clone[0m[90m | [0mremote: Compressing objects:  50% (65/129)        [35m[auto-session] [0m[36m   clone[0m[90m | [0mremote: Compressing objects:  51% (66/129)        [35m[auto-session] [0m[36m   clone[0m[90m | [0mremote: Compressing objects:  52% (68/129)        [35m[auto-session] [0m[36m   clone[0m[90m | [0mremote: Compressing objects:  53% (69/129)        [35m[auto-session] [0m[36m   clone[0m[90m | [0mremote: Compressing objects:  54% (70/129)        [35m[auto-session] [0m[36m   clone[0m[90m | [0mremote: Compressing objects:  55% (71/129)        [35m[auto-session] [0m[36m   clone[0m[90m | [0mremote: Compressing objects:  56% (73/129)        [35m[auto-session] [0m[36m   clone[0m[90m | [0mremote: Compressing objects:  57% (74/129)        [35m[auto-session] [0m[36m   clone[0m[90m | [0mremote: Compressing objects:  58% (75/129)        [35m[auto-session] [0m[36m   clone[0m[90m | [0mremote: Compressing objects:  59% (77/129)        [35m[auto-session] [0m[36m   clone[0m[90m | [0mremote: Compressing objects:  60% (78/129)        [35m[auto-session] [0m[36m   clone[0m[90m | [0mremote: Compressing objects:  61% (79/129)        [35m[auto-session] [0m[36m   clone[0m[90m | [0mremote: Compressing objects:  62% (80/129)        [35m[auto-session] [0m[36m   clone[0m[90m | [0mremote: Compressing objects:  63% (82/129)        [35m[auto-session] [0m[36m   clone[0m[90m | [0mremote: Compressing objects:  64% (83/129)        [35m[auto-session] [0m[36m   clone[0m[90m | [0mremote: Compressing objects:  65% (84/129)        [35m[auto-session] [0m[36m   clone[0m[90m | [0mremote: Compressing objects:  66% (86/129)        [35m[auto-session] [0m[36m   clone[0m[90m | [0mremote: Compressing objects:  67% (87/129)        [35m[auto-session] [0m[36m   clone[0m[90m | [0mremote: Compressing objects:  68% (88/129)        [35m[auto-session] [0m[36m   clone[0m[90m | [0mremote: Compressing objects:  69% (90/129)        [35m[auto-session] [0m[36m   clone[0m[90m | [0mremote: Compressing objects:  70% (91/129)        [35m[auto-session] [0m[36m   clone[0m[90m | [0mremote: Compressing objects:  71% (92/129)        [35m[auto-session] [0m[36m   clone[0m[90m | [0mremote: Compressing objects:  72% (93/129)        [35m[auto-session] [0m[36m   clone[0m[90m | [0mremote: Compressing objects:  73% (95/129)        [35m[auto-session] [0m[36m   clone[0m[90m | [0mremote: Compressing objects:  74% (96/129)        [35m[auto-session] [0m[36m   clone[0m[90m | [0mremote: Compressing objects:  75% (97/129)        [35m[auto-session] [0m[36m   clone[0m[90m | [0mremote: Compressing objects:  76% (99/129)        [35m[auto-session] [0m[36m   clone[0m[90m | [0mremote: Compressing objects:  77% (100/129)        [35m[auto-session] [0m[36m   clone[0m[90m | [0mremote: Compressing objects:  78% (101/129)        [35m[auto-session] [0m[36m   clone[0m[90m | [0mremote: Compressing objects:  79% (102/129)        [35m[auto-session] [0m[36m   clone[0m[90m | [0mremote: Compressing objects:  80% (104/129)        [35m[auto-session] [0m[36m   clone[0m[90m | [0mremote: Compressing objects:  81% (105/129)        [35m[auto-session] [0m[36m   clone[0m[90m | [0mremote: Compressing objects:  82% (106/129)        [35m[auto-session] [0m[36m   clone[0m[90m | [0mremote: Compressing objects:  83% (108/129)        [35m[auto-session] [0m[36m   clone[0m[90m | [0mremote: Compressing objects:  84% (109/129)        [35m[auto-session] [0m[36m   clone[0m[90m | [0mremote: Compressing objects:  85% (110/129)        [35m[auto-session] [0m[36m   clone[0m[90m | [0mremote: Compressing objects:  86% (111/129)        [35m[auto-session] [0m[36m   clone[0m[90m | [0mremote: Compressing objects:  87% (113/129)        [35m[auto-session] [0m[36m   clone[0m[90m | [0mremote: Compressing objects:  88% (114/129)        [35m[auto-session] [0m[36m   clone[0m[90m | [0mremote: Compressing objects:  89% (115/129)        [35m[auto-session] [0m[36m   clone[0m[90m | [0mremote: Compressing objects:  90% (117/129)        [35m[auto-session] [0m[36m   clone[0m[90m | [0mremote: Compressing objects:  91% (118/129)        [35m[auto-session] [0m[36m   clone[0m[90m | [0mremote: Compressing objects:  92% (119/129)        [35m[auto-session] [0m[36m   clone[0m[90m | [0mremote: Compressing objects:  93% (120/129)        [35m[auto-session] [0m[36m   clone[0m[90m | [0mremote: Compressing objects:  94% (122/129)        [35m[auto-session] [0m[36m   clone[0m[90m | [0mremote: Compressing objects:  95% (123/129)        [35m[auto-session] [0m[36m   clone[0m[90m | [0mremote: Compressing objects:  96% (124/129)        [35m[auto-session] [0m[36m   clone[0m[90m | [0mremote: Compressing objects:  97% (126/129)        [35m[auto-session] [0m[36m   clone[0m[90m | [0mremote: Compressing objects:  98% (127/129)        [35m[auto-session] [0m[36m   clone[0m[90m | [0mremote: Compressing objects:  99% (128/129)        [35m[auto-session] [0m[36m   clone[0m[90m | [0mremote: Compressing objects: 100% (129/129)        [35m[auto-session] [0m[36m   clone[0m[90m | [0mremote: Compressing objects: 100% (129/129), done.        
[35m[LazyVim] [0m[36m        clone[0m[90m | [0mReceiving objects:  12% (2022/16842)[35m[LazyVim] [0m[36m        clone[0m[90m | [0mReceiving objects:  13% (2190/16842)[35m[LazyVim] [0m[36m        clone[0m[90m | [0mReceiving objects:  14% (2358/16842)[35m[LazyVim] [0m[36m        clone[0m[90m | [0mReceiving objects:  15% (2527/16842)[35m[catppuccin] [0m[36m     clone[0m[90m | [0mReceiving objects:   0% (1/7890)[35m[alpha-nvim] [0m[36m     clone[0m[90m | [0mReceiving objects:   9% (102/1132)[35m[alpha-nvim] [0m[36m     clone[0m[90m | [0mReceiving objects:  10% (114/1132)[35m[alpha-nvim] [0m[36m     clone[0m[90m | [0mReceiving objects:  11% (125/1132)[35m[alpha-nvim] [0m[36m     clone[0m[90m | [0mReceiving objects:  12% (136/1132)[35m[alpha-nvim] [0m[36m     clone[0m[90m | [0mReceiving objects:  13% (148/1132)[35m[alpha-nvim] [0m[36m     clone[0m[90m | [0mReceiving objects:  14% (159/1132)[35m[catppuccin] [0m[36m     clone[0m[90m | [0mReceiving objects:   1% (79/7890)[35m[alpha-nvim] [0m[36m     clone[0m[90m | [0mReceiving objects:  15% (170/1132)[35m[alpha-nvim] [0m[36m     clone[0m[90m | [0mReceiving objects:  16% (182/1132)[35m[alpha-nvim] [0m[36m     clone[0m[90m | [0mReceiving objects:  17% (193/1132)[35m[alpha-nvim] [0m[36m     clone[0m[90m | [0mReceiving objects:  18% (204/1132)[35m[alpha-nvim] [0m[36m     clone[0m[90m | [0mReceiving objects:  19% (216/1132)[35m[alpha-nvim] [0m[36m     clone[0m[90m | [0mReceiving objects:  20% (227/1132)[35m[alpha-nvim] [0m[36m     clone[0m[90m | [0mReceiving objects:  21% (238/1132)[35m[alpha-nvim] [0m[36m     clone[0m[90m | [0mReceiving objects:  22% (250/1132)[35m[alpha-nvim] [0m[36m     clone[0m[90m | [0mReceiving objects:  23% (261/1132)[35m[cmp-nvim-lsp] [0m[36m   clone[0m[90m | [0mReceiving objects:   0% (1/141)[35m[cmp-nvim-lsp] [0m[36m   clone[0m[90m | [0mReceiving objects:   1% (2/141)[35m[cmp-nvim-lsp] [0m[36m   clone[0m[90m | [0mReceiving objects:   2% (3/141)[35m[cmp-nvim-lsp] [0m[36m   clone[0m[90m | [0mReceiving objects:   3% (5/141)[35m[cmp-nvim-lsp] [0m[36m   clone[0m[90m | [0mReceiving objects:   4% (6/141)[35m[alpha-nvim] [0m[36m     clone[0m[90m | [0mReceiving objects:  24% (272/1132)[35m[alpha-nvim] [0m[36m     clone[0m[90m | [0mReceiving objects:  25% (283/1132)[35m[alpha-nvim] [0m[36m     clone[0m[90m | [0mReceiving objects:  26% (295/1132)[35m[alpha-nvim] [0m[36m     clone[0m[90m | [0mReceiving objects:  27% (306/1132)[35m[alpha-nvim] [0m[36m     clone[0m[90m | [0mReceiving objects:  28% (317/1132)[35m[alpha-nvim] [0m[36m     clone[0m[90m | [0mReceiving objects:  29% (329/1132)[35m[cmp-nvim-lsp] [0m[36m   clone[0m[90m | [0mReceiving objects:   5% (8/141)[35m[cmp-nvim-lsp] [0m[36m   clone[0m[90m | [0mReceiving objects:   6% (9/141)[35m[cmp-nvim-lsp] [0m[36m   clone[0m[90m | [0mReceiving objects:   7% (10/141)[35m[cmp-nvim-lsp] [0m[36m   clone[0m[90m | [0mReceiving objects:   8% (12/141)[35m[cmp-nvim-lsp] [0m[36m   clone[0m[90m | [0mReceiving objects:   9% (13/141)[35m[cmp-nvim-lsp] [0m[36m   clone[0m[90m | [0mReceiving objects:  10% (15/141)[35m[cmp-nvim-lsp] [0m[36m   clone[0m[90m | [0mReceiving objects:  11% (16/141)[35m[cmp-nvim-lsp] [0m[36m   clone[0m[90m | [0mReceiving objects:  12% (17/141)[35m[cmp-nvim-lsp] [0m[36m   clone[0m[90m | [0mReceiving objects:  13% (19/141)[35m[cmp-nvim-lsp] [0m[36m   clone[0m[90m | [0mReceiving objects:  14% (20/141)[35m[cmp-nvim-lsp] [0m[36m   clone[0m[90m | [0mReceiving objects:  15% (22/141)[35m[cmp-nvim-lsp] [0m[36m   clone[0m[90m | [0mReceiving objects:  16% (23/141)[35m[cmp-nvim-lsp] [0m[36m   clone[0m[90m | [0mReceiving objects:  17% (24/141)[35m[cmp-nvim-lsp] [0m[36m   clone[0m[90m | [0mReceiving objects:  18% (26/141)[35m[cmp-nvim-lsp] [0m[36m   clone[0m[90m | [0mReceiving objects:  19% (27/141)[35m[cmp-nvim-lsp] [0m[36m   clone[0m[90m | [0mReceiving objects:  20% (29/141)[35m[cmp-nvim-lsp] [0m[36m   clone[0m[90m | [0mReceiving objects:  21% (30/141)[35m[cmp-nvim-lsp] [0m[36m   clone[0m[90m | [0mReceiving objects:  22% (32/141)[35m[alpha-nvim] [0m[36m     clone[0m[90m | [0mReceiving objects:  30% (340/1132)[35m[alpha-nvim] [0m[36m     clone[0m[90m | [0mReceiving objects:  31% (351/1132)[35m[alpha-nvim] [0m[36m     clone[0m[90m | [0mReceiving objects:  32% (363/1132)[35m[alpha-nvim] [0m[36m     clone[0m[90m | [0mReceiving objects:  33% (374/1132)[35m[claudecode.nvim] [0m[36mclone[0m[90m | [0mReceiving objects:   0% (1/1058)[35m[claudecode.nvim] [0m[36mclone[0m[90m | [0mReceiving objects:   1% (11/1058)[35m[cmp-nvim-lsp] [0m[36m   clone[0m[90m | [0mReceiving objects:  23% (33/141)[35m[cmp-nvim-lsp] [0m[36m   clone[0m[90m | [0mReceiving objects:  24% (34/141)[35m[cmp-nvim-lsp] [0m[36m   clone[0m[90m | [0mReceiving objects:  25% (36/141)[35m[cmp-nvim-lsp] [0m[36m   clone[0m[90m | [0mReceiving objects:  26% (37/141)[35m[cmp-nvim-lsp] [0m[36m   clone[0m[90m | [0mReceiving objects:  27% (39/141)[35m[cmp-nvim-lsp] [0m[36m   clone[0m[90m | [0mReceiving objects:  28% (40/141)[35m[cmp-nvim-lsp] [0m[36m   clone[0m[90m | [0mReceiving objects:  29% (41/141)[35m[cmp-nvim-lsp] [0m[36m   clone[0m[90m | [0mReceiving objects:  30% (43/141)[35m[cmp-nvim-lsp] [0m[36m   clone[0m[90m | [0mReceiving objects:  31% (44/141)[35m[cmp-nvim-lsp] [0m[36m   clone[0m[90m | [0mReceiving objects:  32% (46/141)[35m[cmp-nvim-lsp] [0m[36m   clone[0m[90m | [0mReceiving objects:  33% (47/141)[35m[cmp-nvim-lsp] [0m[36m   clone[0m[90m | [0mReceiving objects:  34% (48/141)[35m[cmp-nvim-lsp] [0m[36m   clone[0m[90m | [0mReceiving objects:  35% (50/141)[35m[cmp-nvim-lsp] [0m[36m   clone[0m[90m | [0mReceiving objects:  36% (51/141)[35m[cmp-nvim-lsp] [0m[36m   clone[0m[90m | [0mReceiving objects:  37% (53/141)[35m[cmp-nvim-lsp] [0m[36m   clone[0m[90m | [0mReceiving objects:  38% (54/141)[35m[cmp-nvim-lsp] [0m[36m   clone[0m[90m | [0mReceiving objects:  39% (55/141)[35m[cmp-nvim-lsp] [0m[36m   clone[0m[90m | [0mReceiving objects:  40% (57/141)[35m[cmp-nvim-lsp] [0m[36m   clone[0m[90m | [0mReceiving objects:  41% (58/141)[35m[cmp-nvim-lsp] [0m[36m   clone[0m[90m | [0mReceiving objects:  42% (60/141)[35m[cmp-nvim-lsp] [0m[36m   clone[0m[90m | [0mReceiving objects:  43% (61/141)[35m[cmp-nvim-lsp] [0m[36m   clone[0m[90m | [0mReceiving objects:  44% (63/141)[35m[cmp-nvim-lsp] [0m[36m   clone[0m[90m | [0mReceiving objects:  45% (64/141)[35m[cmp-nvim-lsp] [0m[36m   clone[0m[90m | [0mReceiving objects:  46% (65/141)[35m[cmp-nvim-lsp] [0m[36m   clone[0m[90m | [0mReceiving objects:  47% (67/141)[35m[cmp-nvim-lsp] [0m[36m   clone[0m[90m | [0mReceiving objects:  48% (68/141)[35m[cmp-nvim-lsp] [0m[36m   clone[0m[90m | [0mReceiving objects:  49% (70/141)[35m[cmp-nvim-lsp] [0m[36m   clone[0m[90m | [0mReceiving objects:  50% (71/141)[35m[cmp-nvim-lsp] [0m[36m   clone[0m[90m | [0mReceiving objects:  51% (72/141)[35m[catppuccin] [0m[36m     clone[0m[90m | [0mReceiving objects:   2% (158/7890)[35m[claudecode.nvim] [0m[36mclone[0m[90m | [0mReceiving objects:   2% (22/1058)[35m[claudecode.nvim] [0m[36mclone[0m[90m | [0mReceiving objects:   3% (32/1058)[35m[claudecode.nvim] [0m[36mclone[0m[90m | [0mReceiving objects:   4% (43/1058)[35m[cmp-nvim-lsp] [0m[36m   clone[0m[90m | [0mReceiving objects:  52% (74/141)[35m[cmp-nvim-lsp] [0m[36m   clone[0m[90m | [0mReceiving objects:  53% (75/141)[35m[cmp-nvim-lsp] [0m[36m   clone[0m[90m | [0mReceiving objects:  54% (77/141)[35m[cmp-nvim-lsp] [0m[36m   clone[0m[90m | [0mReceiving objects:  55% (78/141)[35m[cmp-nvim-lsp] [0m[36m   clone[0m[90m | [0mReceiving objects:  56% (79/141)[35m[cmp-nvim-lsp] [0m[36m   clone[0m[90m | [0mReceiving objects:  57% (81/141)[35m[cmp-nvim-lsp] [0m[36m   clone[0m[90m | [0mReceiving objects:  58% (82/141)[35m[cmp-nvim-lsp] [0m[36m   clone[0m[90m | [0mReceiving objects:  59% (84/141)[35m[cmp-nvim-lsp] [0m[36m   clone[0m[90m | [0mReceiving objects:  60% (85/141)[35m[cmp-nvim-lsp] [0m[36m   clone[0m[90m | [0mReceiving objects:  61% (87/141)[35m[cmp-nvim-lsp] [0m[36m   clone[0m[90m | [0mReceiving objects:  62% (88/141)[35m[cmp-nvim-lsp] [0m[36m   clone[0m[90m | [0mReceiving objects:  63% (89/141)[35m[cmp-nvim-lsp] [0m[36m   clone[0m[90m | [0mReceiving objects:  64% (91/141)[35m[cmp-nvim-lsp] [0m[36m   clone[0m[90m | [0mReceiving objects:  65% (92/141)[35m[cmp-nvim-lsp] [0m[36m   clone[0m[90m | [0mReceiving objects:  66% (94/141)[35m[cmp-nvim-lsp] [0m[36m   clone[0m[90m | [0mReceiving objects:  67% (95/141)[35m[cmp-nvim-lsp] [0m[36m   clone[0m[90m | [0mReceiving objects:  68% (96/141)[35m[cmp-nvim-lsp] [0m[36m   clone[0m[90m | [0mReceiving objects:  69% (98/141)[35m[cmp-nvim-lsp] [0m[36m   clone[0m[90m | [0mReceiving objects:  70% (99/141)[35m[cmp-nvim-lsp] [0m[36m   clone[0m[90m | [0mremote: Total 141 (delta 8), reused 9 (delta 7), pack-reused 124 (from 2)        
[35m[cmp-nvim-lsp] [0m[36m   clone[0m[90m | [0mReceiving objects:  71% (101/141)[35m[cmp-nvim-lsp] [0m[36m   clone[0m[90m | [0mReceiving objects:  72% (102/141)[35m[cmp-nvim-lsp] [0m[36m   clone[0m[90m | [0mReceiving objects:  73% (103/141)[35m[cmp-nvim-lsp] [0m[36m   clone[0m[90m | [0mReceiving objects:  74% (105/141)[35m[cmp-nvim-lsp] [0m[36m   clone[0m[90m | [0mReceiving objects:  75% (106/141)[35m[cmp-nvim-lsp] [0m[36m   clone[0m[90m | [0mReceiving objects:  76% (108/141)[35m[cmp-nvim-lsp] [0m[36m   clone[0m[90m | [0mReceiving objects:  77% (109/141)[35m[cmp-nvim-lsp] [0m[36m   clone[0m[90m | [0mReceiving objects:  78% (110/141)[35m[cmp-nvim-lsp] [0m[36m   clone[0m[90m | [0mReceiving objects:  79% (112/141)[35m[cmp-nvim-lsp] [0m[36m   clone[0m[90m | [0mReceiving objects:  80% (113/141)[35m[cmp-nvim-lsp] [0m[36m   clone[0m[90m | [0mReceiving objects:  81% (115/141)[35m[cmp-nvim-lsp] [0m[36m   clone[0m[90m | [0mReceiving objects:  82% (116/141)[35m[cmp-nvim-lsp] [0m[36m   clone[0m[90m | [0mReceiving objects:  83% (118/141)[35m[cmp-nvim-lsp] [0m[36m   clone[0m[90m | [0mReceiving objects:  84% (119/141)[35m[cmp-nvim-lsp] [0m[36m   clone[0m[90m | [0mReceiving objects:  85% (120/141)[35m[claudecode.nvim] [0m[36mclone[0m[90m | [0mReceiving objects:   5% (53/1058)[35m[claudecode.nvim] [0m[36mclone[0m[90m | [0mReceiving objects:   6% (64/1058)[35m[claudecode.nvim] [0m[36mclone[0m[90m | [0mReceiving objects:   7% (75/1058)[35m[cmp-nvim-lsp] [0m[36m   clone[0m[90m | [0mReceiving objects:  86% (122/141)[35m[cmp-nvim-lsp] [0m[36m   clone[0m[90m | [0mReceiving objects:  87% (123/141)[35m[cmp-nvim-lsp] [0m[36m   clone[0m[90m | [0mReceiving objects:  88% (125/141)[35m[cmp-nvim-lsp] [0m[36m   clone[0m[90m | [0mReceiving objects:  89% (126/141)[35m[cmp-nvim-lsp] [0m[36m   clone[0m[90m | [0mReceiving objects:  90% (127/141)[35m[cmp-nvim-lsp] [0m[36m   clone[0m[90m | [0mReceiving objects:  91% (129/141)[35m[cmp-nvim-lsp] [0m[36m   clone[0m[90m | [0mReceiving objects:  92% (130/141)[35m[cmp-nvim-lsp] [0m[36m   clone[0m[90m | [0mReceiving objects:  93% (132/141)[35m[cmp-nvim-lsp] [0m[36m   clone[0m[90m | [0mReceiving objects:  94% (133/141)[35m[cmp-nvim-lsp] [0m[36m   clone[0m[90m | [0mReceiving objects:  95% (134/141)[35m[cmp-nvim-lsp] [0m[36m   clone[0m[90m | [0mReceiving objects:  96% (136/141)[35m[cmp-nvim-lsp] [0m[36m   clone[0m[90m | [0mReceiving objects:  97% (137/141)[35m[cmp-nvim-lsp] [0m[36m   clone[0m[90m | [0mReceiving objects:  98% (139/141)[35m[cmp-nvim-lsp] [0m[36m   clone[0m[90m | [0mReceiving objects:  99% (140/141)[35m[cmp-nvim-lsp] [0m[36m   clone[0m[90m | [0mReceiving objects: 100% (141/141)[35m[claudecode.nvim] [0m[36mclone[0m[90m | [0mReceiving objects:   8% (85/1058)[35m[claudecode.nvim] [0m[36mclone[0m[90m | [0mReceiving objects:   9% (96/1058)[35m[cmp-nvim-lsp] [0m[36m   clone[0m[90m | [0mReceiving objects: 100% (141/141), 21.72 KiB | 5.43 MiB/s, done.
[35m[claudecode.nvim] [0m[36mclone[0m[90m | [0mReceiving objects:  10% (106/1058)[35m[claudecode.nvim] [0m[36mclone[0m[90m | [0mReceiving objects:  11% (117/1058)[35m[claudecode.nvim] [0m[36mclone[0m[90m | [0mReceiving objects:  12% (127/1058)[35m[cmp-nvim-lsp] [0m[36m   clone[0m[90m | [0mResolving deltas:   0% (0/28)[35m[cmp-nvim-lsp] [0m[36m   clone[0m[90m | [0mResolving deltas:   3% (1/28)[35m[cmp-nvim-lsp] [0m[36m   clone[0m[90m | [0mResolving deltas:   7% (2/28)[35m[cmp-nvim-lsp] [0m[36m   clone[0m[90m | [0mResolving deltas:  10% (3/28)[35m[cmp-nvim-lsp] [0m[36m   clone[0m[90m | [0mResolving deltas:  14% (4/28)[35m[cmp-nvim-lsp] [0m[36m   clone[0m[90m | [0mResolving deltas:  17% (5/28)[35m[cmp-nvim-lsp] [0m[36m   clone[0m[90m | [0mResolving deltas:  21% (6/28)[35m[cmp-nvim-lsp] [0m[36m   clone[0m[90m | [0mResolving deltas:  25% (7/28)[35m[cmp-nvim-lsp] [0m[36m   clone[0m[90m | [0mResolving deltas:  28% (8/28)[35m[LuaSnip] [0m[36m        clone[0m[90m | [0mReceiving objects:   0% (1/10973)[35m[cmp_luasnip] [0m[36m    clone[0m[90m | [0mReceiving objects:   0% (1/217)[35m[cmp_luasnip] [0m[36m    clone[0m[90m | [0mReceiving objects:   1% (3/217)[35m[cmp_luasnip] [0m[36m    clone[0m[90m | [0mReceiving objects:   2% (5/217)[35m[cmp_luasnip] [0m[36m    clone[0m[90m | [0mReceiving objects:   3% (7/217)[35m[cmp_luasnip] [0m[36m    clone[0m[90m | [0mReceiving objects:   4% (9/217)[35m[cmp_luasnip] [0m[36m    clone[0m[90m | [0mReceiving objects:   5% (11/217)[35m[cmp_luasnip] [0m[36m    clone[0m[90m | [0mReceiving objects:   6% (14/217)[35m[cmp_luasnip] [0m[36m    clone[0m[90m | [0mReceiving objects:   7% (16/217)[35m[cmp_luasnip] [0m[36m    clone[0m[90m | [0mReceiving objects:   8% (18/217)[35m[cmp_luasnip] [0m[36m    clone[0m[90m | [0mReceiving objects:   9% (20/217)[35m[cmp_luasnip] [0m[36m    clone[0m[90m | [0mReceiving objects:  10% (22/217)[35m[cmp_luasnip] [0m[36m    clone[0m[90m | [0mReceiving objects:  11% (24/217)[35m[cmp-nvim-lsp] [0m[36m   clone[0m[90m | [0mResolving deltas:  32% (9/28)[35m[cmp-nvim-lsp] [0m[36m   clone[0m[90m | [0mResolving deltas:  35% (10/28)[35m[cmp-nvim-lsp] [0m[36m   clone[0m[90m | [0mResolving deltas:  39% (11/28)[35m[cmp-nvim-lsp] [0m[36m   clone[0m[90m | [0mResolving deltas:  42% (12/28)[35m[cmp-nvim-lsp] [0m[36m   clone[0m[90m | [0mResolving deltas:  46% (13/28)[35m[cmp-nvim-lsp] [0m[36m   clone[0m[90m | [0mResolving deltas:  50% (14/28)[35m[cmp-nvim-lsp] [0m[36m   clone[0m[90m | [0mResolving deltas:  53% (15/28)[35m[cmp-nvim-lsp] [0m[36m   clone[0m[90m | [0mResolving deltas:  57% (16/28)[35m[cmp-nvim-lsp] [0m[36m   clone[0m[90m | [0mResolving deltas:  60% (17/28)[35m[cmp-nvim-lsp] [0m[36m   clone[0m[90m | [0mResolving deltas:  64% (18/28)[35m[cmp-nvim-lsp] [0m[36m   clone[0m[90m | [0mResolving deltas:  67% (19/28)[35m[cmp-nvim-lsp] [0m[36m   clone[0m[90m | [0mResolving deltas:  71% (20/28)[35m[cmp-nvim-lsp] [0m[36m   clone[0m[90m | [0mResolving deltas:  75% (21/28)[35m[cmp-nvim-lsp] [0m[36m   clone[0m[90m | [0mResolving deltas:  82% (23/28)[35m[cmp-nvim-lsp] [0m[36m   clone[0m[90m | [0mResolving deltas:  85% (24/28)[35m[cmp-nvim-lsp] [0m[36m   clone[0m[90m | [0mResolving deltas:  89% (25/28)[35m[cmp-nvim-lsp] [0m[36m   clone[0m[90m | [0mResolving deltas:  92% (26/28)[35m[cmp-nvim-lsp] [0m[36m   clone[0m[90m | [0mResolving deltas:  96% (27/28)[35m[cmp-nvim-lsp] [0m[36m   clone[0m[90m | [0mResolving deltas: 100% (28/28)[35m[cmp_luasnip] [0m[36m    clone[0m[90m | [0mReceiving objects:  12% (27/217)[35m[cmp_luasnip] [0m[36m    clone[0m[90m | [0mReceiving objects:  13% (29/217)[35m[cmp_luasnip] [0m[36m    clone[0m[90m | [0mReceiving objects:  14% (31/217)[35m[cmp_luasnip] [0m[36m    clone[0m[90m | [0mReceiving objects:  15% (33/217)[35m[cmp_luasnip] [0m[36m    clone[0m[90m | [0mReceiving objects:  16% (35/217)[35m[cmp_luasnip] [0m[36m    clone[0m[90m | [0mReceiving objects:  17% (37/217)[35m[cmp_luasnip] [0m[36m    clone[0m[90m | [0mReceiving objects:  18% (40/217)[35m[cmp_luasnip] [0m[36m    clone[0m[90m | [0mReceiving objects:  19% (42/217)[35m[cmp_luasnip] [0m[36m    clone[0m[90m | [0mReceiving objects:  20% (44/217)[35m[cmp_luasnip] [0m[36m    clone[0m[90m | [0mReceiving objects:  21% (46/217)[35m[cmp_luasnip] [0m[36m    clone[0m[90m | [0mReceiving objects:  22% (48/217)[35m[cmp-nvim-lsp] [0m[36m   clone[0m[90m | [0mResolving deltas: 100% (28/28), done.
[35m[cmp_luasnip] [0m[36m    clone[0m[90m | [0mReceiving objects:  23% (50/217)[35m[cmp_luasnip] [0m[36m    clone[0m[90m | [0mReceiving objects:  24% (53/217)[35m[cmp_luasnip] [0m[36m    clone[0m[90m | [0mReceiving objects:  25% (55/217)[35m[cmp_luasnip] [0m[36m    clone[0m[90m | [0mReceiving objects:  26% (57/217)[35m[cmp_luasnip] [0m[36m    clone[0m[90m | [0mReceiving objects:  27% (59/217)[35m[cmp_luasnip] [0m[36m    clone[0m[90m | [0mReceiving objects:  28% (61/217)[35m[cmp_luasnip] [0m[36m    clone[0m[90m | [0mReceiving objects:  29% (63/217)[35m[cmp_luasnip] [0m[36m    clone[0m[90m | [0mReceiving objects:  30% (66/217)[35m[cmp_luasnip] [0m[36m    clone[0m[90m | [0mReceiving objects:  31% (68/217)[35m[cmp_luasnip] [0m[36m    clone[0m[90m | [0mReceiving objects:  32% (70/217)[35m[cmp_luasnip] [0m[36m    clone[0m[90m | [0mReceiving objects:  33% (72/217)[35m[cmp_luasnip] [0m[36m    clone[0m[90m | [0mReceiving objects:  34% (74/217)[35m[cmp_luasnip] [0m[36m    clone[0m[90m | [0mReceiving objects:  35% (76/217)[35m[cmp_luasnip] [0m[36m    clone[0m[90m | [0mReceiving objects:  36% (79/217)[35m[cmp_luasnip] [0m[36m    clone[0m[90m | [0mReceiving objects:  37% (81/217)[35m[cmp_luasnip] [0m[36m    clone[0m[90m | [0mReceiving objects:  38% (83/217)[35m[cmp_luasnip] [0m[36m    clone[0m[90m | [0mReceiving objects:  39% (85/217)[35m[cmp_luasnip] [0m[36m    clone[0m[90m | [0mReceiving objects:  40% (87/217)[35m[cmp_luasnip] [0m[36m    clone[0m[90m | [0mReceiving objects:  41% (89/217)[35m[cmp_luasnip] [0m[36m    clone[0m[90m | [0mReceiving objects:  42% (92/217)[35m[cmp_luasnip] [0m[36m    clone[0m[90m | [0mReceiving objects:  43% (94/217)[35m[cmp_luasnip] [0m[36m    clone[0m[90m | [0mReceiving objects:  44% (96/217)[35m[cmp_luasnip] [0m[36m    clone[0m[90m | [0mReceiving objects:  45% (98/217)[35m[cmp_luasnip] [0m[36m    clone[0m[90m | [0mReceiving objects:  46% (100/217)[35m[cmp_luasnip] [0m[36m    clone[0m[90m | [0mReceiving objects:  47% (102/217)[35m[cmp_luasnip] [0m[36m    clone[0m[90m | [0mReceiving objects:  48% (105/217)[35m[cmp_luasnip] [0m[36m    clone[0m[90m | [0mReceiving objects:  49% (107/217)[35m[cmp_luasnip] [0m[36m    clone[0m[90m | [0mReceiving objects:  50% (109/217)[35m[cmp_luasnip] [0m[36m    clone[0m[90m | [0mReceiving objects:  51% (111/217)[35m[cmp_luasnip] [0m[36m    clone[0m[90m | [0mReceiving objects:  52% (113/217)[35m[cmp_luasnip] [0m[36m    clone[0m[90m | [0mReceiving objects:  53% (116/217)[35m[cmp_luasnip] [0m[36m    clone[0m[90m | [0mReceiving objects:  54% (118/217)[35m[cmp_luasnip] [0m[36m    clone[0m[90m | [0mReceiving objects:  55% (120/217)[35m[cmp_luasnip] [0m[36m    clone[0m[90m | [0mReceiving objects:  56% (122/217)[35m[cmp_luasnip] [0m[36m    clone[0m[90m | [0mReceiving objects:  57% (124/217)[35m[cmp_luasnip] [0m[36m    clone[0m[90m | [0mReceiving objects:  58% (126/217)[35m[cmp_luasnip] [0m[36m    clone[0m[90m | [0mReceiving objects:  59% (129/217)[35m[LuaSnip] [0m[36m        clone[0m[90m | [0mReceiving objects:   1% (110/10973)[35m[cmp_luasnip] [0m[36m    clone[0m[90m | [0mReceiving objects:  60% (131/217)[35m[cmp_luasnip] [0m[36m    clone[0m[90m | [0mReceiving objects:  61% (133/217)[35m[cmp_luasnip] [0m[36m    clone[0m[90m | [0mReceiving objects:  62% (135/217)[35m[cmp_luasnip] [0m[36m    clone[0m[90m | [0mReceiving objects:  63% (137/217)[35m[cmp_luasnip] [0m[36m    clone[0m[90m | [0mReceiving objects:  64% (139/217)[35m[cmp_luasnip] [0m[36m    clone[0m[90m | [0mReceiving objects:  65% (142/217)[35m[cmp_luasnip] [0m[36m    clone[0m[90m | [0mReceiving objects:  66% (144/217)[35m[cmp_luasnip] [0m[36m    clone[0m[90m | [0mReceiving objects:  67% (146/217)[35m[cmp_luasnip] [0m[36m    clone[0m[90m | [0mReceiving objects:  68% (148/217)[35m[cmp_luasnip] [0m[36m    clone[0m[90m | [0mReceiving objects:  69% (150/217)[35m[cmp_luasnip] [0m[36m    clone[0m[90m | [0mReceiving objects:  70% (152/217)[35m[cmp_luasnip] [0m[36m    clone[0m[90m | [0mReceiving objects:  71% (155/217)[35m[cmp_luasnip] [0m[36m    clone[0m[90m | [0mReceiving objects:  72% (157/217)[35m[cmp_luasnip] [0m[36m    clone[0m[90m | [0mReceiving objects:  73% (159/217)[35m[cmp_luasnip] [0m[36m    clone[0m[90m | [0mReceiving objects:  74% (161/217)[35m[cmp_luasnip] [0m[36m    clone[0m[90m | [0mReceiving objects:  75% (163/217)[35m[cmp_luasnip] [0m[36m    clone[0m[90m | [0mReceiving objects:  76% (165/217)[35m[cmp_luasnip] [0m[36m    clone[0m[90m | [0mReceiving objects:  77% (168/217)[35m[cmp_luasnip] [0m[36m    clone[0m[90m | [0mReceiving objects:  78% (170/217)[35m[cmp_luasnip] [0m[36m    clone[0m[90m | [0mremote: Total 217 (delta 3), reused 2 (delta 2), pack-reused 181 (from 2)        
[35m[cmp_luasnip] [0m[36m    clone[0m[90m | [0mReceiving objects:  79% (172/217)[35m[cmp_luasnip] [0m[36m    clone[0m[90m | [0mReceiving objects:  80% (174/217)[35m[cmp_luasnip] [0m[36m    clone[0m[90m | [0mReceiving objects:  81% (176/217)[35m[cmp_luasnip] [0m[36m    clone[0m[90m | [0mReceiving objects:  82% (178/217)[35m[cmp_luasnip] [0m[36m    clone[0m[90m | [0mReceiving objects:  83% (181/217)[35m[cmp_luasnip] [0m[36m    clone[0m[90m | [0mReceiving objects:  84% (183/217)[35m[cmp_luasnip] [0m[36m    clone[0m[90m | [0mReceiving objects:  85% (185/217)[35m[cmp_luasnip] [0m[36m    clone[0m[90m | [0mReceiving objects:  86% (187/217)[35m[cmp_luasnip] [0m[36m    clone[0m[90m | [0mReceiving objects:  87% (189/217)[35m[cmp_luasnip] [0m[36m    clone[0m[90m | [0mReceiving objects:  88% (191/217)[35m[alpha-nvim] [0m[36m     clone[0m[90m | [0mReceiving objects:  34% (385/1132)[35m[alpha-nvim] [0m[36m     clone[0m[90m | [0mReceiving objects:  35% (397/1132)[35m[alpha-nvim] [0m[36m     clone[0m[90m | [0mReceiving objects:  36% (408/1132)[35m[alpha-nvim] [0m[36m     clone[0m[90m | [0mReceiving objects:  37% (419/1132)[35m[alpha-nvim] [0m[36m     clone[0m[90m | [0mReceiving objects:  38% (431/1132)[35m[alpha-nvim] [0m[36m     clone[0m[90m | [0mReceiving objects:  39% (442/1132)[35m[alpha-nvim] [0m[36m     clone[0m[90m | [0mReceiving objects:  40% (453/1132)[35m[alpha-nvim] [0m[36m     clone[0m[90m | [0mReceiving objects:  41% (465/1132)[35m[alpha-nvim] [0m[36m     clone[0m[90m | [0mReceiving objects:  42% (476/1132)[35m[alpha-nvim] [0m[36m     clone[0m[90m | [0mReceiving objects:  43% (487/1132)[35m[alpha-nvim] [0m[36m     clone[0m[90m | [0mReceiving objects:  44% (499/1132)[35m[alpha-nvim] [0m[36m     clone[0m[90m | [0mReceiving objects:  45% (510/1132)[35m[alpha-nvim] [0m[36m     clone[0m[90m | [0mReceiving objects:  46% (521/1132)[35m[claudecode.nvim] [0m[36mclone[0m[90m | [0mReceiving objects:  13% (138/1058)[35m[claudecode.nvim] [0m[36mclone[0m[90m | [0mReceiving objects:  14% (149/1058)[35m[claudecode.nvim] [0m[36mclone[0m[90m | [0mReceiving objects:  15% (159/1058)[35m[claudecode.nvim] [0m[36mclone[0m[90m | [0mReceiving objects:  16% (170/1058)[35m[claudecode.nvim] [0m[36mclone[0m[90m | [0mReceiving objects:  17% (180/1058)[35m[claudecode.nvim] [0m[36mclone[0m[90m | [0mReceiving objects:  18% (191/1058)[35m[claudecode.nvim] [0m[36mclone[0m[90m | [0mReceiving objects:  19% (202/1058)[35m[claudecode.nvim] [0m[36mclone[0m[90m | [0mReceiving objects:  20% (212/1058)[35m[claudecode.nvim] [0m[36mclone[0m[90m | [0mReceiving objects:  21% (223/1058)[35m[claudecode.nvim] [0m[36mclone[0m[90m | [0mReceiving objects:  22% (233/1058)[35m[claudecode.nvim] [0m[36mclone[0m[90m | [0mReceiving objects:  23% (244/1058)[35m[claudecode.nvim] [0m[36mclone[0m[90m | [0mReceiving objects:  24% (254/1058)[35m[cmp_luasnip] [0m[36m    clone[0m[90m | [0mReceiving objects:  89% (194/217)[35m[cmp_luasnip] [0m[36m    clone[0m[90m | [0mReceiving objects:  90% (196/217)[35m[cmp_luasnip] [0m[36m    clone[0m[90m | [0mReceiving objects:  91% (198/217)[35m[cmp_luasnip] [0m[36m    clone[0m[90m | [0mReceiving objects:  92% (200/217)[35m[cmp_luasnip] [0m[36m    clone[0m[90m | [0mReceiving objects:  93% (202/217)[35m[cmp_luasnip] [0m[36m    clone[0m[90m | [0mReceiving objects:  94% (204/217)[35m[cmp_luasnip] [0m[36m    clone[0m[90m | [0mReceiving objects:  95% (207/217)[35m[cmp_luasnip] [0m[36m    clone[0m[90m | [0mReceiving objects:  96% (209/217)[35m[cmp_luasnip] [0m[36m    clone[0m[90m | [0mReceiving objects:  97% (211/217)[35m[cmp_luasnip] [0m[36m    clone[0m[90m | [0mReceiving objects:  98% (213/217)[35m[cmp_luasnip] [0m[36m    clone[0m[90m | [0mReceiving objects:  99% (215/217)[35m[cmp_luasnip] [0m[36m    clone[0m[90m | [0mReceiving objects: 100% (217/217)[35m[cmp_luasnip] [0m[36m    clone[0m[90m | [0mReceiving objects: 100% (217/217), 33.51 KiB | 5.58 MiB/s, done.
[35m[alpha-nvim] [0m[36m     clone[0m[90m | [0mReceiving objects:  47% (533/1132)[35m[alpha-nvim] [0m[36m     clone[0m[90m | [0mReceiving objects:  48% (544/1132)[35m[alpha-nvim] [0m[36m     clone[0m[90m | [0mReceiving objects:  49% (555/1132)[35m[alpha-nvim] [0m[36m     clone[0m[90m | [0mReceiving objects:  50% (566/1132)[35m[alpha-nvim] [0m[36m     clone[0m[90m | [0mReceiving objects:  51% (578/1132)[35m[alpha-nvim] [0m[36m     clone[0m[90m | [0mReceiving objects:  52% (589/1132)[35m[alpha-nvim] [0m[36m     clone[0m[90m | [0mReceiving objects:  53% (600/1132)[35m[alpha-nvim] [0m[36m     clone[0m[90m | [0mReceiving objects:  54% (612/1132)[35m[claudecode.nvim] [0m[36mclone[0m[90m | [0mReceiving objects:  25% (265/1058)[35m[claudecode.nvim] [0m[36mclone[0m[90m | [0mReceiving objects:  26% (276/1058)[35m[claudecode.nvim] [0m[36mclone[0m[90m | [0mReceiving objects:  27% (286/1058)[35m[claudecode.nvim] [0m[36mclone[0m[90m | [0mReceiving objects:  28% (297/1058)[35m[claudecode.nvim] [0m[36mclone[0m[90m | [0mReceiving objects:  29% (307/1058)[35m[claudecode.nvim] [0m[36mclone[0m[90m | [0mReceiving objects:  30% (318/1058)[35m[claudecode.nvim] [0m[36mclone[0m[90m | [0mReceiving objects:  31% (328/1058)[35m[cmp_luasnip] [0m[36m    clone[0m[90m | [0mResolving deltas:   0% (0/27)[35m[cmp_luasnip] [0m[36m    clone[0m[90m | [0mResolving deltas:   3% (1/27)[35m[cmp_luasnip] [0m[36m    clone[0m[90m | [0mResolving deltas:   7% (2/27)[35m[cmp_luasnip] [0m[36m    clone[0m[90m | [0mResolving deltas:  11% (3/27)[35m[cmp_luasnip] [0m[36m    clone[0m[90m | [0mResolving deltas:  14% (4/27)[35m[cmp_luasnip] [0m[36m    clone[0m[90m | [0mResolving deltas:  18% (5/27)[35m[cmp_luasnip] [0m[36m    clone[0m[90m | [0mResolving deltas:  22% (6/27)[35m[cmp_luasnip] [0m[36m    clone[0m[90m | [0mResolving deltas:  25% (7/27)[35m[cmp_luasnip] [0m[36m    clone[0m[90m | [0mResolving deltas:  33% (9/27)[35m[cmp_luasnip] [0m[36m    clone[0m[90m | [0mResolving deltas:  37% (10/27)[35m[cmp_luasnip] [0m[36m    clone[0m[90m | [0mResolving deltas:  40% (11/27)[35m[cmp_luasnip] [0m[36m    clone[0m[90m | [0mResolving deltas:  44% (12/27)[35m[cmp_luasnip] [0m[36m    clone[0m[90m | [0mResolving deltas:  48% (13/27)[35m[cmp_luasnip] [0m[36m    clone[0m[90m | [0mResolving deltas:  51% (14/27)[35m[cmp_luasnip] [0m[36m    clone[0m[90m | [0mResolving deltas:  55% (15/27)[35m[cmp_luasnip] [0m[36m    clone[0m[90m | [0mResolving deltas:  59% (16/27)[35m[cmp_luasnip] [0m[36m    clone[0m[90m | [0mResolving deltas:  62% (17/27)[35m[cmp_luasnip] [0m[36m    clone[0m[90m | [0mResolving deltas:  66% (18/27)[35m[cmp_luasnip] [0m[36m    clone[0m[90m | [0mResolving deltas:  70% (19/27)[35m[cmp_luasnip] [0m[36m    clone[0m[90m | [0mResolving deltas:  74% (20/27)[35m[cmp_luasnip] [0m[36m    clone[0m[90m | [0mResolving deltas:  77% (21/27)[35m[cmp_luasnip] [0m[36m    clone[0m[90m | [0mResolving deltas:  81% (22/27)[35m[cmp_luasnip] [0m[36m    clone[0m[90m | [0mResolving deltas:  85% (23/27)[35m[cmp_luasnip] [0m[36m    clone[0m[90m | [0mResolving deltas:  88% (24/27)[35m[cmp_luasnip] [0m[36m    clone[0m[90m | [0mResolving deltas:  92% (25/27)[35m[cmp_luasnip] [0m[36m    clone[0m[90m | [0mResolving deltas:  96% (26/27)[35m[cmp_luasnip] [0m[36m    clone[0m[90m | [0mResolving deltas: 100% (27/27)[35m[cmp_luasnip] [0m[36m    clone[0m[90m | [0mResolving deltas: 100% (27/27), done.
[35m[lazydev.nvim] [0m[36m   clone[0m[90m | [0mremote: Enumerating objects: 567, done.        
[35m[lazydev.nvim] [0m[36m   clone[0m[90m | [0mremote: Counting objects:   2% (1/50)        [35m[lazydev.nvim] [0m[36m   clone[0m[90m | [0mremote: Counting objects:   4% (2/50)        [35m[lazydev.nvim] [0m[36m   clone[0m[90m | [0mremote: Counting objects:   6% (3/50)        [35m[lazydev.nvim] [0m[36m   clone[0m[90m | [0mremote: Counting objects:   8% (4/50)        [35m[lazydev.nvim] [0m[36m   clone[0m[90m | [0mremote: Counting objects:  10% (5/50)        [35m[lazydev.nvim] [0m[36m   clone[0m[90m | [0mremote: Counting objects:  12% (6/50)        [35m[lazydev.nvim] [0m[36m   clone[0m[90m | [0mremote: Counting objects:  14% (7/50)        [35m[lazydev.nvim] [0m[36m   clone[0m[90m | [0mremote: Counting objects:  16% (8/50)        [35m[lazydev.nvim] [0m[36m   clone[0m[90m | [0mremote: Counting objects:  18% (9/50)        [35m[lazydev.nvim] [0m[36m   clone[0m[90m | [0mremote: Counting objects:  20% (10/50)        [35m[lazydev.nvim] [0m[36m   clone[0m[90m | [0mremote: Counting objects:  22% (11/50)        [35m[lazydev.nvim] [0m[36m   clone[0m[90m | [0mremote: Counting objects:  24% (12/50)        [35m[lazydev.nvim] [0m[36m   clone[0m[90m | [0mremote: Counting objects:  26% (13/50)        [35m[lazydev.nvim] [0m[36m   clone[0m[90m | [0mremote: Counting objects:  28% (14/50)        [35m[lazydev.nvim] [0m[36m   clone[0m[90m | [0mremote: Counting objects:  30% (15/50)        [35m[lazydev.nvim] [0m[36m   clone[0m[90m | [0mremote: Counting objects:  32% (16/50)        [35m[lazydev.nvim] [0m[36m   clone[0m[90m | [0mremote: Counting objects:  34% (17/50)        [35m[lazydev.nvim] [0m[36m   clone[0m[90m | [0mremote: Counting objects:  36% (18/50)        [35m[lazydev.nvim] [0m[36m   clone[0m[90m | [0mremote: Counting objects:  38% (19/50)        [35m[lazydev.nvim] [0m[36m   clone[0m[90m | [0mremote: Counting objects:  40% (20/50)        [35m[lazydev.nvim] [0m[36m   clone[0m[90m | [0mremote: Counting objects:  42% (21/50)        [35m[lazydev.nvim] [0m[36m   clone[0m[90m | [0mremote: Counting objects:  44% (22/50)        [35m[lazydev.nvim] [0m[36m   clone[0m[90m | [0mremote: Counting objects:  46% (23/50)        [35m[lazydev.nvim] [0m[36m   clone[0m[90m | [0mremote: Counting objects:  48% (24/50)        [35m[lazydev.nvim] [0m[36m   clone[0m[90m | [0mremote: Counting objects:  50% (25/50)        [35m[lazydev.nvim] [0m[36m   clone[0m[90m | [0mremote: Counting objects:  52% (26/50)        [35m[lazydev.nvim] [0m[36m   clone[0m[90m | [0mremote: Counting objects:  54% (27/50)        [35m[lazydev.nvim] [0m[36m   clone[0m[90m | [0mremote: Counting objects:  56% (28/50)        [35m[lazydev.nvim] [0m[36m   clone[0m[90m | [0mremote: Counting objects:  58% (29/50)        [35m[lazydev.nvim] [0m[36m   clone[0m[90m | [0mremote: Counting objects:  60% (30/50)        [35m[lazydev.nvim] [0m[36m   clone[0m[90m | [0mremote: Counting objects:  62% (31/50)        [35m[lazydev.nvim] [0m[36m   clone[0m[90m | [0mremote: Counting objects:  64% (32/50)        [35m[lazydev.nvim] [0m[36m   clone[0m[90m | [0mremote: Counting objects:  66% (33/50)        [35m[lazydev.nvim] [0m[36m   clone[0m[90m | [0mremote: Counting objects:  68% (34/50)        [35m[lazydev.nvim] [0m[36m   clone[0m[90m | [0mremote: Counting objects:  70% (35/50)        [35m[lazydev.nvim] [0m[36m   clone[0m[90m | [0mremote: Counting objects:  72% (36/50)        [35m[lazydev.nvim] [0m[36m   clone[0m[90m | [0mremote: Counting objects:  74% (37/50)        [35m[lazydev.nvim] [0m[36m   clone[0m[90m | [0mremote: Counting objects:  76% (38/50)        [35m[lazydev.nvim] [0m[36m   clone[0m[90m | [0mremote: Counting objects:  78% (39/50)        [35m[lazydev.nvim] [0m[36m   clone[0m[90m | [0mremote: Counting objects:  80% (40/50)        [35m[lazydev.nvim] [0m[36m   clone[0m[90m | [0mremote: Counting objects:  82% (41/50)        [35m[lazydev.nvim] [0m[36m   clone[0m[90m | [0mremote: Counting objects:  84% (42/50)        [35m[lazydev.nvim] [0m[36m   clone[0m[90m | [0mremote: Counting objects:  86% (43/50)        [35m[lazydev.nvim] [0m[36m   clone[0m[90m | [0mremote: Counting objects:  88% (44/50)        [35m[lazydev.nvim] [0m[36m   clone[0m[90m | [0mremote: Counting objects:  90% (45/50)        [35m[lazydev.nvim] [0m[36m   clone[0m[90m | [0mremote: Counting objects:  92% (46/50)        [35m[lazydev.nvim] [0m[36m   clone[0m[90m | [0mremote: Counting objects:  94% (47/50)        [35m[lazydev.nvim] [0m[36m   clone[0m[90m | [0mremote: Counting objects:  96% (48/50)        [35m[lazydev.nvim] [0m[36m   clone[0m[90m | [0mremote: Counting objects:  98% (49/50)        [35m[lazydev.nvim] [0m[36m   clone[0m[90m | [0mremote: Counting objects: 100% (50/50)        [35m[lazydev.nvim] [0m[36m   clone[0m[90m | [0mremote: Counting objects: 100% (50/50), done.        
[35m[lazydev.nvim] [0m[36m   clone[0m[90m | [0mremote: Compressing objects:  20% (1/5)        [35m[lazydev.nvim] [0m[36m   clone[0m[90m | [0mremote: Compressing objects:  40% (2/5)        [35m[lazydev.nvim] [0m[36m   clone[0m[90m | [0mremote: Compressing objects:  60% (3/5)        [35m[lazydev.nvim] [0m[36m   clone[0m[90m | [0mremote: Compressing objects:  80% (4/5)        [35m[lazydev.nvim] [0m[36m   clone[0m[90m | [0mremote: Compressing objects: 100% (5/5)        [35m[lazydev.nvim] [0m[36m   clone[0m[90m | [0mremote: Compressing objects: 100% (5/5), done.        
[35m[lazygit.nvim] [0m[36m   clone[0m[90m | [0mremote: Enumerating objects: 630, done.        
[35m[lazygit.nvim] [0m[36m   clone[0m[90m | [0mremote: Counting objects:   2% (1/36)        [35m[lazygit.nvim] [0m[36m   clone[0m[90m | [0mremote: Counting objects:   5% (2/36)        [35m[lazygit.nvim] [0m[36m   clone[0m[90m | [0mremote: Counting objects:   8% (3/36)        [35m[lazygit.nvim] [0m[36m   clone[0m[90m | [0mremote: Counting objects:  11% (4/36)        [35m[lazygit.nvim] [0m[36m   clone[0m[90m | [0mremote: Counting objects:  13% (5/36)        [35m[lazygit.nvim] [0m[36m   clone[0m[90m | [0mremote: Counting objects:  16% (6/36)        [35m[lazygit.nvim] [0m[36m   clone[0m[90m | [0mremote: Counting objects:  19% (7/36)        [35m[lazygit.nvim] [0m[36m   clone[0m[90m | [0mremote: Counting objects:  22% (8/36)        [35m[lazygit.nvim] [0m[36m   clone[0m[90m | [0mremote: Counting objects:  25% (9/36)        [35m[lazygit.nvim] [0m[36m   clone[0m[90m | [0mremote: Counting objects:  27% (10/36)        [35m[lazygit.nvim] [0m[36m   clone[0m[90m | [0mremote: Counting objects:  30% (11/36)        [35m[lazygit.nvim] [0m[36m   clone[0m[90m | [0mremote: Counting objects:  33% (12/36)        [35m[lazygit.nvim] [0m[36m   clone[0m[90m | [0mremote: Counting objects:  36% (13/36)        [35m[lazygit.nvim] [0m[36m   clone[0m[90m | [0mremote: Counting objects:  38% (14/36)        [35m[lazygit.nvim] [0m[36m   clone[0m[90m | [0mremote: Counting objects:  41% (15/36)        [35m[lazygit.nvim] [0m[36m   clone[0m[90m | [0mremote: Counting objects:  44% (16/36)        [35m[lazygit.nvim] [0m[36m   clone[0m[90m | [0mremote: Counting objects:  47% (17/36)        [35m[lazygit.nvim] [0m[36m   clone[0m[90m | [0mremote: Counting objects:  50% (18/36)        [35m[lazygit.nvim] [0m[36m   clone[0m[90m | [0mremote: Counting objects:  52% (19/36)        [35m[lazygit.nvim] [0m[36m   clone[0m[90m | [0mremote: Counting objects:  55% (20/36)        [35m[lazygit.nvim] [0m[36m   clone[0m[90m | [0mremote: Counting objects:  58% (21/36)        [35m[lazygit.nvim] [0m[36m   clone[0m[90m | [0mremote: Counting objects:  61% (22/36)        [35m[lazygit.nvim] [0m[36m   clone[0m[90m | [0mremote: Counting objects:  63% (23/36)        [35m[lazygit.nvim] [0m[36m   clone[0m[90m | [0mremote: Counting objects:  66% (24/36)        [35m[lazygit.nvim] [0m[36m   clone[0m[90m | [0mremote: Counting objects:  69% (25/36)        [35m[lazygit.nvim] [0m[36m   clone[0m[90m | [0mremote: Counting objects:  72% (26/36)        [35m[lazygit.nvim] [0m[36m   clone[0m[90m | [0mremote: Counting objects:  75% (27/36)        [35m[lazygit.nvim] [0m[36m   clone[0m[90m | [0mremote: Counting objects:  77% (28/36)        [35m[lazygit.nvim] [0m[36m   clone[0m[90m | [0mremote: Counting objects:  80% (29/36)        [35m[lazygit.nvim] [0m[36m   clone[0m[90m | [0mremote: Counting objects:  83% (30/36)        [35m[lazygit.nvim] [0m[36m   clone[0m[90m | [0mremote: Counting objects:  86% (31/36)        [35m[lazygit.nvim] [0m[36m   clone[0m[90m | [0mremote: Counting objects:  88% (32/36)        [35m[lazygit.nvim] [0m[36m   clone[0m[90m | [0mremote: Counting objects:  91% (33/36)        [35m[lazygit.nvim] [0m[36m   clone[0m[90m | [0mremote: Counting objects:  94% (34/36)        [35m[lazygit.nvim] [0m[36m   clone[0m[90m | [0mremote: Counting objects:  97% (35/36)        [35m[lazygit.nvim] [0m[36m   clone[0m[90m | [0mremote: Counting objects: 100% (36/36)        [35m[lazygit.nvim] [0m[36m   clone[0m[90m | [0mremote: Counting objects: 100% (36/36), done.        
[35m[lazygit.nvim] [0m[36m   clone[0m[90m | [0mremote: Compressing objects:   3% (1/28)        [35m[lazygit.nvim] [0m[36m   clone[0m[90m | [0mremote: Compressing objects:   7% (2/28)        [35m[lazygit.nvim] [0m[36m   clone[0m[90m | [0mremote: Compressing objects:  10% (3/28)        [35m[lazygit.nvim] [0m[36m   clone[0m[90m | [0mremote: Compressing objects:  14% (4/28)        [35m[lazygit.nvim] [0m[36m   clone[0m[90m | [0mremote: Compressing objects:  17% (5/28)        [35m[lazygit.nvim] [0m[36m   clone[0m[90m | [0mremote: Compressing objects:  21% (6/28)        [35m[lazygit.nvim] [0m[36m   clone[0m[90m | [0mremote: Compressing objects:  25% (7/28)        [35m[lazygit.nvim] [0m[36m   clone[0m[90m | [0mremote: Compressing objects:  28% (8/28)        [35m[lazygit.nvim] [0m[36m   clone[0m[90m | [0mremote: Compressing objects:  32% (9/28)        [35m[lazygit.nvim] [0m[36m   clone[0m[90m | [0mremote: Compressing objects:  35% (10/28)        [35m[lazygit.nvim] [0m[36m   clone[0m[90m | [0mremote: Compressing objects:  39% (11/28)        [35m[lazygit.nvim] [0m[36m   clone[0m[90m | [0mremote: Compressing objects:  42% (12/28)        [35m[lazygit.nvim] [0m[36m   clone[0m[90m | [0mremote: Compressing objects:  46% (13/28)        [35m[lazygit.nvim] [0m[36m   clone[0m[90m | [0mremote: Compressing objects:  50% (14/28)        [35m[lazygit.nvim] [0m[36m   clone[0m[90m | [0mremote: Compressing objects:  53% (15/28)        [35m[lazygit.nvim] [0m[36m   clone[0m[90m | [0mremote: Compressing objects:  57% (16/28)        [35m[lazygit.nvim] [0m[36m   clone[0m[90m | [0mremote: Compressing objects:  60% (17/28)        [35m[lazygit.nvim] [0m[36m   clone[0m[90m | [0mremote: Compressing objects:  64% (18/28)        [35m[lazygit.nvim] [0m[36m   clone[0m[90m | [0mremote: Compressing objects:  67% (19/28)        [35m[lazygit.nvim] [0m[36m   clone[0m[90m | [0mremote: Compressing objects:  71% (20/28)        [35m[lazygit.nvim] [0m[36m   clone[0m[90m | [0mremote: Compressing objects:  75% (21/28)        [35m[lazygit.nvim] [0m[36m   clone[0m[90m | [0mremote: Compressing objects:  78% (22/28)        [35m[lazygit.nvim] [0m[36m   clone[0m[90m | [0mremote: Compressing objects:  82% (23/28)        [35m[lazygit.nvim] [0m[36m   clone[0m[90m | [0mremote: Compressing objects:  85% (24/28)        [35m[lazygit.nvim] [0m[36m   clone[0m[90m | [0mremote: Compressing objects:  89% (25/28)        [35m[lazygit.nvim] [0m[36m   clone[0m[90m | [0mremote: Compressing objects:  92% (26/28)        [35m[lazygit.nvim] [0m[36m   clone[0m[90m | [0mremote: Compressing objects:  96% (27/28)        [35m[lazygit.nvim] [0m[36m   clone[0m[90m | [0mremote: Compressing objects: 100% (28/28)        [35m[lazygit.nvim] [0m[36m   clone[0m[90m | [0mremote: Compressing objects: 100% (28/28), done.        
[35m[LazyVim] [0m[36m        clone[0m[90m | [0mReceiving objects:  16% (2695/16842), 1.96 MiB | 3.91 MiB/s[35m[nvim-cmp] [0m[36m       clone[0m[90m | [0mremote: Enumerating objects: 4022, done.        
[35m[nvim-cmp] [0m[36m       clone[0m[90m | [0mremote: Counting objects:   0% (1/895)        [35m[nvim-cmp] [0m[36m       clone[0m[90m | [0mremote: Counting objects:   1% (9/895)        [35m[nvim-cmp] [0m[36m       clone[0m[90m | [0mremote: Counting objects:   2% (18/895)        [35m[nvim-cmp] [0m[36m       clone[0m[90m | [0mremote: Counting objects:   3% (27/895)        [35m[nvim-cmp] [0m[36m       clone[0m[90m | [0mremote: Counting objects:   4% (36/895)        [35m[nvim-cmp] [0m[36m       clone[0m[90m | [0mremote: Counting objects:   5% (45/895)        [35m[nvim-cmp] [0m[36m       clone[0m[90m | [0mremote: Counting objects:   6% (54/895)        [35m[nvim-cmp] [0m[36m       clone[0m[90m | [0mremote: Counting objects:   7% (63/895)        [35m[nvim-cmp] [0m[36m       clone[0m[90m | [0mremote: Counting objects:   8% (72/895)        [35m[nvim-cmp] [0m[36m       clone[0m[90m | [0mremote: Counting objects:   9% (81/895)        [35m[nvim-cmp] [0m[36m       clone[0m[90m | [0mremote: Counting objects:  10% (90/895)        [35m[nvim-cmp] [0m[36m       clone[0m[90m | [0mremote: Counting objects:  11% (99/895)        [35m[nvim-cmp] [0m[36m       clone[0m[90m | [0mremote: Counting objects:  12% (108/895)        [35m[nvim-cmp] [0m[36m       clone[0m[90m | [0mremote: Counting objects:  13% (117/895)        [35m[nvim-cmp] [0m[36m       clone[0m[90m | [0mremote: Counting objects:  14% (126/895)        [35m[nvim-cmp] [0m[36m       clone[0m[90m | [0mremote: Counting objects:  15% (135/895)        [35m[nvim-cmp] [0m[36m       clone[0m[90m | [0mremote: Counting objects:  16% (144/895)        [35m[nvim-cmp] [0m[36m       clone[0m[90m | [0mremote: Counting objects:  17% (153/895)        [35m[nvim-cmp] [0m[36m       clone[0m[90m | [0mremote: Counting objects:  18% (162/895)        [35m[nvim-cmp] [0m[36m       clone[0m[90m | [0mremote: Counting objects:  19% (171/895)        [35m[nvim-cmp] [0m[36m       clone[0m[90m | [0mremote: Counting objects:  20% (179/895)        [35m[nvim-cmp] [0m[36m       clone[0m[90m | [0mremote: Counting objects:  21% (188/895)        [35m[nvim-cmp] [0m[36m       clone[0m[90m | [0mremote: Counting objects:  22% (197/895)        [35m[nvim-cmp] [0m[36m       clone[0m[90m | [0mremote: Counting objects:  23% (206/895)        [35m[nvim-cmp] [0m[36m       clone[0m[90m | [0mremote: Counting objects:  24% (215/895)        [35m[nvim-cmp] [0m[36m       clone[0m[90m | [0mremote: Counting objects:  25% (224/895)        [35m[nvim-cmp] [0m[36m       clone[0m[90m | [0mremote: Counting objects:  26% (233/895)        [35m[nvim-cmp] [0m[36m       clone[0m[90m | [0mremote: Counting objects:  27% (242/895)        [35m[nvim-cmp] [0m[36m       clone[0m[90m | [0mremote: Counting objects:  28% (251/895)        [35m[nvim-cmp] [0m[36m       clone[0m[90m | [0mremote: Counting objects:  29% (260/895)        [35m[nvim-cmp] [0m[36m       clone[0m[90m | [0mremote: Counting objects:  30% (269/895)        [35m[nvim-cmp] [0m[36m       clone[0m[90m | [0mremote: Counting objects:  31% (278/895)        [35m[nvim-cmp] [0m[36m       clone[0m[90m | [0mremote: Counting objects:  32% (287/895)        [35m[nvim-cmp] [0m[36m       clone[0m[90m | [0mremote: Counting objects:  33% (296/895)        [35m[nvim-cmp] [0m[36m       clone[0m[90m | [0mremote: Counting objects:  34% (305/895)        [35m[nvim-cmp] [0m[36m       clone[0m[90m | [0mremote: Counting objects:  35% (314/895)        [35m[nvim-cmp] [0m[36m       clone[0m[90m | [0mremote: Counting objects:  36% (323/895)        [35m[nvim-cmp] [0m[36m       clone[0m[90m | [0mremote: Counting objects:  37% (332/895)        [35m[nvim-cmp] [0m[36m       clone[0m[90m | [0mremote: Counting objects:  38% (341/895)        [35m[nvim-cmp] [0m[36m       clone[0m[90m | [0mremote: Counting objects:  39% (350/895)        [35m[nvim-cmp] [0m[36m       clone[0m[90m | [0mremote: Counting objects:  40% (358/895)        [35m[nvim-cmp] [0m[36m       clone[0m[90m | [0mremote: Counting objects:  41% (367/895)        [35m[nvim-cmp] [0m[36m       clone[0m[90m | [0mremote: Counting objects:  42% (376/895)        [35m[nvim-cmp] [0m[36m       clone[0m[90m | [0mremote: Counting objects:  43% (385/895)        [35m[nvim-cmp] [0m[36m       clone[0m[90m | [0mremote: Counting objects:  44% (394/895)        [35m[nvim-cmp] [0m[36m       clone[0m[90m | [0mremote: Counting objects:  45% (403/895)        [35m[nvim-cmp] [0m[36m       clone[0m[90m | [0mremote: Counting objects:  46% (412/895)        [35m[LazyVim] [0m[36m        clone[0m[90m | [0mReceiving objects:  17% (2864/16842), 1.96 MiB | 3.91 MiB/s[35m[nvim-cmp] [0m[36m       clone[0m[90m | [0mremote: Counting objects:  47% (421/895)        [35m[nvim-cmp] [0m[36m       clone[0m[90m | [0mremote: Counting objects:  48% (430/895)        [35m[nvim-cmp] [0m[36m       clone[0m[90m | [0mremote: Counting objects:  49% (439/895)        [35m[nvim-cmp] [0m[36m       clone[0m[90m | [0mremote: Counting objects:  50% (448/895)        [35m[nvim-cmp] [0m[36m       clone[0m[90m | [0mremote: Counting objects:  51% (457/895)        [35m[nvim-cmp] [0m[36m       clone[0m[90m | [0mremote: Counting objects:  52% (466/895)        [35m[nvim-cmp] [0m[36m       clone[0m[90m | [0mremote: Counting objects:  53% (475/895)        [35m[nvim-cmp] [0m[36m       clone[0m[90m | [0mremote: Counting objects:  54% (484/895)        [35m[nvim-cmp] [0m[36m       clone[0m[90m | [0mremote: Counting objects:  55% (493/895)        [35m[nvim-cmp] [0m[36m       clone[0m[90m | [0mremote: Counting objects:  56% (502/895)        [35m[nvim-cmp] [0m[36m       clone[0m[90m | [0mremote: Counting objects:  57% (511/895)        [35m[nvim-cmp] [0m[36m       clone[0m[90m | [0mremote: Counting objects:  58% (520/895)        [35m[nvim-cmp] [0m[36m       clone[0m[90m | [0mremote: Counting objects:  59% (529/895)        [35m[nvim-cmp] [0m[36m       clone[0m[90m | [0mremote: Counting objects:  60% (537/895)        [35m[nvim-cmp] [0m[36m       clone[0m[90m | [0mremote: Counting objects:  61% (546/895)        [35m[nvim-cmp] [0m[36m       clone[0m[90m | [0mremote: Counting objects:  62% (555/895)        [35m[nvim-cmp] [0m[36m       clone[0m[90m | [0mremote: Counting objects:  63% (564/895)        [35m[nvim-cmp] [0m[36m       clone[0m[90m | [0mremote: Counting objects:  64% (573/895)        [35m[nvim-cmp] [0m[36m       clone[0m[90m | [0mremote: Counting objects:  65% (582/895)        [35m[nvim-cmp] [0m[36m       clone[0m[90m | [0mremote: Counting objects:  66% (591/895)        [35m[nvim-cmp] [0m[36m       clone[0m[90m | [0mremote: Counting objects:  67% (600/895)        [35m[nvim-cmp] [0m[36m       clone[0m[90m | [0mremote: Counting objects:  68% (609/895)        [35m[nvim-ufo] [0m[36m       clone[0m[90m | [0mremote: Enumerating objects: 1648, done.        
[35m[nvim-ufo] [0m[36m       clone[0m[90m | [0mremote: Counting objects:   0% (1/242)        [35m[nvim-ufo] [0m[36m       clone[0m[90m | [0mremote: Counting objects:   1% (3/242)        [35m[nvim-ufo] [0m[36m       clone[0m[90m | [0mremote: Counting objects:   2% (5/242)        [35m[nvim-ufo] [0m[36m       clone[0m[90m | [0mremote: Counting objects:   3% (8/242)        [35m[nvim-ufo] [0m[36m       clone[0m[90m | [0mremote: Counting objects:   4% (10/242)        [35m[nvim-ufo] [0m[36m       clone[0m[90m | [0mremote: Counting objects:   5% (13/242)        [35m[nvim-ufo] [0m[36m       clone[0m[90m | [0mremote: Counting objects:   6% (15/242)        [35m[nvim-ufo] [0m[36m       clone[0m[90m | [0mremote: Counting objects:   7% (17/242)        [35m[nvim-ufo] [0m[36m       clone[0m[90m | [0mremote: Counting objects:   8% (20/242)        [35m[nvim-ufo] [0m[36m       clone[0m[90m | [0mremote: Counting objects:   9% (22/242)        [35m[nvim-ufo] [0m[36m       clone[0m[90m | [0mremote: Counting objects:  10% (25/242)        [35m[nvim-ufo] [0m[36m       clone[0m[90m | [0mremote: Counting objects:  11% (27/242)        [35m[nvim-ufo] [0m[36m       clone[0m[90m | [0mremote: Counting objects:  12% (30/242)        [35m[nvim-ufo] [0m[36m       clone[0m[90m | [0mremote: Counting objects:  13% (32/242)        [35m[nvim-ufo] [0m[36m       clone[0m[90m | [0mremote: Counting objects:  14% (34/242)        [35m[nvim-ufo] [0m[36m       clone[0m[90m | [0mremote: Counting objects:  15% (37/242)        [35m[nvim-ufo] [0m[36m       clone[0m[90m | [0mremote: Counting objects:  16% (39/242)        [35m[nvim-ufo] [0m[36m       clone[0m[90m | [0mremote: Counting objects:  17% (42/242)        [35m[nvim-ufo] [0m[36m       clone[0m[90m | [0mremote: Counting objects:  18% (44/242)        [35m[nvim-ufo] [0m[36m       clone[0m[90m | [0mremote: Counting objects:  19% (46/242)        [35m[nvim-ufo] [0m[36m       clone[0m[90m | [0mremote: Counting objects:  20% (49/242)        [35m[nvim-ufo] [0m[36m       clone[0m[90m | [0mremote: Counting objects:  21% (51/242)        [35m[nvim-ufo] [0m[36m       clone[0m[90m | [0mremote: Counting objects:  22% (54/242)        [35m[nvim-ufo] [0m[36m       clone[0m[90m | [0mremote: Counting objects:  23% (56/242)        [35m[nvim-ufo] [0m[36m       clone[0m[90m | [0mremote: Counting objects:  24% (59/242)        [35m[nvim-ufo] [0m[36m       clone[0m[90m | [0mremote: Counting objects:  25% (61/242)        [35m[nvim-ufo] [0m[36m       clone[0m[90m | [0mremote: Counting objects:  26% (63/242)        [35m[nvim-ufo] [0m[36m       clone[0m[90m | [0mremote: Counting objects:  27% (66/242)        [35m[nvim-ufo] [0m[36m       clone[0m[90m | [0mremote: Counting objects:  28% (68/242)        [35m[nvim-ufo] [0m[36m       clone[0m[90m | [0mremote: Counting objects:  29% (71/242)        [35m[nvim-ufo] [0m[36m       clone[0m[90m | [0mremote: Counting objects:  30% (73/242)        [35m[nvim-ufo] [0m[36m       clone[0m[90m | [0mremote: Counting objects:  31% (76/242)        [35m[nvim-ufo] [0m[36m       clone[0m[90m | [0mremote: Counting objects:  32% (78/242)        [35m[nvim-ufo] [0m[36m       clone[0m[90m | [0mremote: Counting objects:  33% (80/242)        [35m[nvim-ufo] [0m[36m       clone[0m[90m | [0mremote: Counting objects:  34% (83/242)        [35m[nvim-ufo] [0m[36m       clone[0m[90m | [0mremote: Counting objects:  35% (85/242)        [35m[nvim-ufo] [0m[36m       clone[0m[90m | [0mremote: Counting objects:  36% (88/242)        [35m[nvim-ufo] [0m[36m       clone[0m[90m | [0mremote: Counting objects:  37% (90/242)        [35m[nvim-ufo] [0m[36m       clone[0m[90m | [0mremote: Counting objects:  38% (92/242)        [35m[nvim-ufo] [0m[36m       clone[0m[90m | [0mremote: Counting objects:  39% (95/242)        [35m[nvim-ufo] [0m[36m       clone[0m[90m | [0mremote: Counting objects:  40% (97/242)        [35m[nvim-ufo] [0m[36m       clone[0m[90m | [0mremote: Counting objects:  41% (100/242)        [35m[nvim-cmp] [0m[36m       clone[0m[90m | [0mremote: Counting objects:  69% (618/895)        [35m[nvim-cmp] [0m[36m       clone[0m[90m | [0mremote: Counting objects:  70% (627/895)        [35m[nvim-cmp] [0m[36m       clone[0m[90m | [0mremote: Counting objects:  71% (636/895)        [35m[nvim-cmp] [0m[36m       clone[0m[90m | [0mremote: Counting objects:  72% (645/895)        [35m[nvim-cmp] [0m[36m       clone[0m[90m | [0mremote: Counting objects:  73% (654/895)        [35m[nvim-cmp] [0m[36m       clone[0m[90m | [0mremote: Counting objects:  74% (663/895)        [35m[nvim-cmp] [0m[36m       clone[0m[90m | [0mremote: Counting objects:  75% (672/895)        [35m[nvim-cmp] [0m[36m       clone[0m[90m | [0mremote: Counting objects:  76% (681/895)        [35m[nvim-cmp] [0m[36m       clone[0m[90m | [0mremote: Counting objects:  77% (690/895)        [35m[nvim-cmp] [0m[36m       clone[0m[90m | [0mremote: Counting objects:  78% (699/895)        [35m[nvim-cmp] [0m[36m       clone[0m[90m | [0mremote: Counting objects:  79% (708/895)        [35m[nvim-cmp] [0m[36m       clone[0m[90m | [0mremote: Counting objects:  80% (716/895)        [35m[nvim-cmp] [0m[36m       clone[0m[90m | [0mremote: Counting objects:  81% (725/895)        [35m[nvim-cmp] [0m[36m       clone[0m[90m | [0mremote: Counting objects:  82% (734/895)        [35m[nvim-cmp] [0m[36m       clone[0m[90m | [0mremote: Counting objects:  83% (743/895)        [35m[nvim-cmp] [0m[36m       clone[0m[90m | [0mremote: Counting objects:  84% (752/895)        [35m[nvim-cmp] [0m[36m       clone[0m[90m | [0mremote: Counting objects:  85% (761/895)        [35m[nvim-cmp] [0m[36m       clone[0m[90m | [0mremote: Counting objects:  86% (770/895)        [35m[nvim-cmp] [0m[36m       clone[0m[90m | [0mremote: Counting objects:  87% (779/895)        [35m[nvim-cmp] [0m[36m       clone[0m[90m | [0mremote: Counting objects:  88% (788/895)        [35m[nvim-cmp] [0m[36m       clone[0m[90m | [0mremote: Counting objects:  89% (797/895)        [35m[nvim-cmp] [0m[36m       clone[0m[90m | [0mremote: Counting objects:  90% (806/895)        [35m[nvim-cmp] [0m[36m       clone[0m[90m | [0mremote: Counting objects:  91% (815/895)        [35m[nvim-cmp] [0m[36m       clone[0m[90m | [0mremote: Counting objects:  92% (824/895)        [35m[nvim-cmp] [0m[36m       clone[0m[90m | [0mremote: Counting objects:  93% (833/895)        [35m[nvim-cmp] [0m[36m       clone[0m[90m | [0mremote: Counting objects:  94% (842/895)        [35m[nvim-cmp] [0m[36m       clone[0m[90m | [0mremote: Counting objects:  95% (851/895)        [35m[nvim-cmp] [0m[36m       clone[0m[90m | [0mremote: Counting objects:  96% (860/895)        [35m[nvim-cmp] [0m[36m       clone[0m[90m | [0mremote: Counting objects:  97% (869/895)        [35m[nvim-cmp] [0m[36m       clone[0m[90m | [0mremote: Counting objects:  98% (878/895)        [35m[nvim-cmp] [0m[36m       clone[0m[90m | [0mremote: Counting objects:  99% (887/895)        [35m[nvim-cmp] [0m[36m       clone[0m[90m | [0mremote: Counting objects: 100% (895/895)        [35m[nvim-cmp] [0m[36m       clone[0m[90m | [0mremote: Counting objects: 100% (895/895), done.        
[35m[nvim-cmp] [0m[36m       clone[0m[90m | [0mremote: Compressing objects:   0% (1/202)        [35m[nvim-cmp] [0m[36m       clone[0m[90m | [0mremote: Compressing objects:   1% (3/202)        [35m[nvim-cmp] [0m[36m       clone[0m[90m | [0mremote: Compressing objects:   2% (5/202)        [35m[nvim-cmp] [0m[36m       clone[0m[90m | [0mremote: Compressing objects:   3% (7/202)        [35m[nvim-cmp] [0m[36m       clone[0m[90m | [0mremote: Compressing objects:   4% (9/202)        [35m[nvim-cmp] [0m[36m       clone[0m[90m | [0mremote: Compressing objects:   5% (11/202)        [35m[nvim-cmp] [0m[36m       clone[0m[90m | [0mremote: Compressing objects:   6% (13/202)        [35m[nvim-cmp] [0m[36m       clone[0m[90m | [0mremote: Compressing objects:   7% (15/202)        [35m[nvim-cmp] [0m[36m       clone[0m[90m | [0mremote: Compressing objects:   8% (17/202)        [35m[nvim-cmp] [0m[36m       clone[0m[90m | [0mremote: Compressing objects:   9% (19/202)        [35m[nvim-cmp] [0m[36m       clone[0m[90m | [0mremote: Compressing objects:  10% (21/202)        [35m[nvim-cmp] [0m[36m       clone[0m[90m | [0mremote: Compressing objects:  11% (23/202)        [35m[nvim-cmp] [0m[36m       clone[0m[90m | [0mremote: Compressing objects:  12% (25/202)        [35m[nvim-cmp] [0m[36m       clone[0m[90m | [0mremote: Compressing objects:  13% (27/202)        [35m[nvim-cmp] [0m[36m       clone[0m[90m | [0mremote: Compressing objects:  14% (29/202)        [35m[nvim-cmp] [0m[36m       clone[0m[90m | [0mremote: Compressing objects:  15% (31/202)        [35m[nvim-cmp] [0m[36m       clone[0m[90m | [0mremote: Compressing objects:  16% (33/202)        [35m[nvim-cmp] [0m[36m       clone[0m[90m | [0mremote: Compressing objects:  17% (35/202)        [35m[nvim-cmp] [0m[36m       clone[0m[90m | [0mremote: Compressing objects:  18% (37/202)        [35m[nvim-cmp] [0m[36m       clone[0m[90m | [0mremote: Compressing objects:  19% (39/202)        [35m[nvim-cmp] [0m[36m       clone[0m[90m | [0mremote: Compressing objects:  20% (41/202)        [35m[nvim-cmp] [0m[36m       clone[0m[90m | [0mremote: Compressing objects:  21% (43/202)        [35m[nvim-cmp] [0m[36m       clone[0m[90m | [0mremote: Compressing objects:  22% (45/202)        [35m[nvim-cmp] [0m[36m       clone[0m[90m | [0mremote: Compressing objects:  23% (47/202)        [35m[nvim-cmp] [0m[36m       clone[0m[90m | [0mremote: Compressing objects:  24% (49/202)        [35m[nvim-cmp] [0m[36m       clone[0m[90m | [0mremote: Compressing objects:  25% (51/202)        [35m[nvim-cmp] [0m[36m       clone[0m[90m | [0mremote: Compressing objects:  26% (53/202)        [35m[nvim-cmp] [0m[36m       clone[0m[90m | [0mremote: Compressing objects:  27% (55/202)        [35m[nvim-cmp] [0m[36m       clone[0m[90m | [0mremote: Compressing objects:  28% (57/202)        [35m[nvim-cmp] [0m[36m       clone[0m[90m | [0mremote: Compressing objects:  29% (59/202)        [35m[nvim-cmp] [0m[36m       clone[0m[90m | [0mremote: Compressing objects:  30% (61/202)        [35m[nvim-cmp] [0m[36m       clone[0m[90m | [0mremote: Compressing objects:  31% (63/202)        [35m[nvim-cmp] [0m[36m       clone[0m[90m | [0mremote: Compressing objects:  32% (65/202)        [35m[nvim-cmp] [0m[36m       clone[0m[90m | [0mremote: Compressing objects:  33% (67/202)        [35m[nvim-cmp] [0m[36m       clone[0m[90m | [0mremote: Compressing objects:  34% (69/202)        [35m[nvim-cmp] [0m[36m       clone[0m[90m | [0mremote: Compressing objects:  35% (71/202)        [35m[nvim-cmp] [0m[36m       clone[0m[90m | [0mremote: Compressing objects:  36% (73/202)        [35m[nvim-cmp] [0m[36m       clone[0m[90m | [0mremote: Compressing objects:  37% (75/202)        [35m[nvim-cmp] [0m[36m       clone[0m[90m | [0mremote: Compressing objects:  38% (77/202)        [35m[nvim-cmp] [0m[36m       clone[0m[90m | [0mremote: Compressing objects:  39% (79/202)        [35m[nvim-cmp] [0m[36m       clone[0m[90m | [0mremote: Compressing objects:  40% (81/202)        [35m[nvim-cmp] [0m[36m       clone[0m[90m | [0mremote: Compressing objects:  41% (83/202)        [35m[nvim-cmp] [0m[36m       clone[0m[90m | [0mremote: Compressing objects:  42% (85/202)        [35m[nvim-cmp] [0m[36m       clone[0m[90m | [0mremote: Compressing objects:  43% (87/202)        [35m[nvim-cmp] [0m[36m       clone[0m[90m | [0mremote: Compressing objects:  44% (89/202)        [35m[nvim-ufo] [0m[36m       clone[0m[90m | [0mremote: Counting objects:  42% (102/242)        [35m[nvim-ufo] [0m[36m       clone[0m[90m | [0mremote: Counting objects:  43% (105/242)        [35m[nvim-ufo] [0m[36m       clone[0m[90m | [0mremote: Counting objects:  44% (107/242)        [35m[nvim-ufo] [0m[36m       clone[0m[90m | [0mremote: Counting objects:  45% (109/242)        [35m[nvim-ufo] [0m[36m       clone[0m[90m | [0mremote: Counting objects:  46% (112/242)        [35m[nvim-ufo] [0m[36m       clone[0m[90m | [0mremote: Counting objects:  47% (114/242)        [35m[nvim-ufo] [0m[36m       clone[0m[90m | [0mremote: Counting objects:  48% (117/242)        [35m[nvim-ufo] [0m[36m       clone[0m[90m | [0mremote: Counting objects:  49% (119/242)        [35m[nvim-ufo] [0m[36m       clone[0m[90m | [0mremote: Counting objects:  50% (121/242)        [35m[nvim-ufo] [0m[36m       clone[0m[90m | [0mremote: Counting objects:  51% (124/242)        [35m[nvim-ufo] [0m[36m       clone[0m[90m | [0mremote: Counting objects:  52% (126/242)        [35m[nvim-ufo] [0m[36m       clone[0m[90m | [0mremote: Counting objects:  53% (129/242)        [35m[nvim-ufo] [0m[36m       clone[0m[90m | [0mremote: Counting objects:  54% (131/242)        [35m[nvim-ufo] [0m[36m       clone[0m[90m | [0mremote: Counting objects:  55% (134/242)        [35m[nvim-ufo] [0m[36m       clone[0m[90m | [0mremote: Counting objects:  56% (136/242)        [35m[nvim-ufo] [0m[36m       clone[0m[90m | [0mremote: Counting objects:  57% (138/242)        [35m[nvim-ufo] [0m[36m       clone[0m[90m | [0mremote: Counting objects:  58% (141/242)        [35m[nvim-ufo] [0m[36m       clone[0m[90m | [0mremote: Counting objects:  59% (143/242)        [35m[nvim-ufo] [0m[36m       clone[0m[90m | [0mremote: Counting objects:  60% (146/242)        [35m[nvim-ufo] [0m[36m       clone[0m[90m | [0mremote: Counting objects:  61% (148/242)        [35m[nvim-ufo] [0m[36m       clone[0m[90m | [0mremote: Counting objects:  62% (151/242)        [35m[nvim-ufo] [0m[36m       clone[0m[90m | [0mremote: Counting objects:  63% (153/242)        [35m[nvim-ufo] [0m[36m       clone[0m[90m | [0mremote: Counting objects:  64% (155/242)        [35m[nvim-ufo] [0m[36m       clone[0m[90m | [0mremote: Counting objects:  65% (158/242)        [35m[nvim-ufo] [0m[36m       clone[0m[90m | [0mremote: Counting objects:  66% (160/242)        [35m[nvim-ufo] [0m[36m       clone[0m[90m | [0mremote: Counting objects:  67% (163/242)        [35m[nvim-ufo] [0m[36m       clone[0m[90m | [0mremote: Counting objects:  68% (165/242)        [35m[nvim-ufo] [0m[36m       clone[0m[90m | [0mremote: Counting objects:  69% (167/242)        [35m[nvim-ufo] [0m[36m       clone[0m[90m | [0mremote: Counting objects:  70% (170/242)        [35m[nvim-ufo] [0m[36m       clone[0m[90m | [0mremote: Counting objects:  71% (172/242)        [35m[nvim-ufo] [0m[36m       clone[0m[90m | [0mremote: Counting objects:  72% (175/242)        [35m[nvim-ufo] [0m[36m       clone[0m[90m | [0mremote: Counting objects:  73% (177/242)        [35m[nvim-ufo] [0m[36m       clone[0m[90m | [0mremote: Counting objects:  74% (180/242)        [35m[nvim-ufo] [0m[36m       clone[0m[90m | [0mremote: Counting objects:  75% (182/242)        [35m[nvim-ufo] [0m[36m       clone[0m[90m | [0mremote: Counting objects:  76% (184/242)        [35m[nvim-ufo] [0m[36m       clone[0m[90m | [0mremote: Counting objects:  77% (187/242)        [35m[nvim-ufo] [0m[36m       clone[0m[90m | [0mremote: Counting objects:  78% (189/242)        [35m[nvim-ufo] [0m[36m       clone[0m[90m | [0mremote: Counting objects:  79% (192/242)        [35m[nvim-ufo] [0m[36m       clone[0m[90m | [0mremote: Counting objects:  80% (194/242)        [35m[nvim-ufo] [0m[36m       clone[0m[90m | [0mremote: Counting objects:  81% (197/242)        [35m[nvim-ufo] [0m[36m       clone[0m[90m | [0mremote: Counting objects:  82% (199/242)        [35m[nvim-ufo] [0m[36m       clone[0m[90m | [0mremote: Counting objects:  83% (201/242)        [35m[nvim-ufo] [0m[36m       clone[0m[90m | [0mremote: Counting objects:  84% (204/242)        [35m[nvim-ufo] [0m[36m       clone[0m[90m | [0mremote: Counting objects:  85% (206/242)        [35m[nvim-ufo] [0m[36m       clone[0m[90m | [0mremote: Counting objects:  86% (209/242)        [35m[nvim-ufo] [0m[36m       clone[0m[90m | [0mremote: Counting objects:  87% (211/242)        [35m[nvim-ufo] [0m[36m       clone[0m[90m | [0mremote: Counting objects:  88% (213/242)        [35m[nvim-ufo] [0m[36m       clone[0m[90m | [0mremote: Counting objects:  89% (216/242)        [35m[nvim-ufo] [0m[36m       clone[0m[90m | [0mremote: Counting objects:  90% (218/242)        [35m[nvim-ufo] [0m[36m       clone[0m[90m | [0mremote: Counting objects:  91% (221/242)        [35m[nvim-ufo] [0m[36m       clone[0m[90m | [0mremote: Counting objects:  92% (223/242)        [35m[nvim-ufo] [0m[36m       clone[0m[90m | [0mremote: Counting objects:  93% (226/242)        [35m[nvim-ufo] [0m[36m       clone[0m[90m | [0mremote: Counting objects:  94% (228/242)        [35m[nvim-ufo] [0m[36m       clone[0m[90m | [0mremote: Counting objects:  95% (230/242)        [35m[nvim-ufo] [0m[36m       clone[0m[90m | [0mremote: Counting objects:  96% (233/242)        [35m[nvim-ufo] [0m[36m       clone[0m[90m | [0mremote: Counting objects:  97% (235/242)        [35m[nvim-ufo] [0m[36m       clone[0m[90m | [0mremote: Counting objects:  98% (238/242)        [35m[nvim-ufo] [0m[36m       clone[0m[90m | [0mremote: Counting objects:  99% (240/242)        [35m[nvim-ufo] [0m[36m       clone[0m[90m | [0mremote: Counting objects: 100% (242/242)        [35m[nvim-ufo] [0m[36m       clone[0m[90m | [0mremote: Counting objects: 100% (242/242), done.        
[35m[nvim-ufo] [0m[36m       clone[0m[90m | [0mremote: Compressing objects:   2% (1/35)        [35m[nvim-ufo] [0m[36m       clone[0m[90m | [0mremote: Compressing objects:   5% (2/35)        [35m[nvim-ufo] [0m[36m       clone[0m[90m | [0mremote: Compressing objects:   8% (3/35)        [35m[nvim-ufo] [0m[36m       clone[0m[90m | [0mremote: Compressing objects:  11% (4/35)        [35m[nvim-ufo] [0m[36m       clone[0m[90m | [0mremote: Compressing objects:  14% (5/35)        [35m[nvim-ufo] [0m[36m       clone[0m[90m | [0mremote: Compressing objects:  17% (6/35)        [35m[nvim-ufo] [0m[36m       clone[0m[90m | [0mremote: Compressing objects:  20% (7/35)        [35m[nvim-ufo] [0m[36m       clone[0m[90m | [0mremote: Compressing objects:  22% (8/35)        [35m[nvim-ufo] [0m[36m       clone[0m[90m | [0mremote: Compressing objects:  25% (9/35)        [35m[nvim-ufo] [0m[36m       clone[0m[90m | [0mremote: Compressing objects:  28% (10/35)        [35m[nvim-ufo] [0m[36m       clone[0m[90m | [0mremote: Compressing objects:  31% (11/35)        [35m[nvim-ufo] [0m[36m       clone[0m[90m | [0mremote: Compressing objects:  34% (12/35)        [35m[nvim-ufo] [0m[36m       clone[0m[90m | [0mremote: Compressing objects:  37% (13/35)        [35m[nvim-ufo] [0m[36m       clone[0m[90m | [0mremote: Compressing objects:  40% (14/35)        [35m[nvim-ufo] [0m[36m       clone[0m[90m | [0mremote: Compressing objects:  42% (15/35)        [35m[nvim-ufo] [0m[36m       clone[0m[90m | [0mremote: Compressing objects:  45% (16/35)        [35m[nvim-ufo] [0m[36m       clone[0m[90m | [0mremote: Compressing objects:  48% (17/35)        [35m[nvim-ufo] [0m[36m       clone[0m[90m | [0mremote: Compressing objects:  51% (18/35)        [35m[nvim-ufo] [0m[36m       clone[0m[90m | [0mremote: Compressing objects:  54% (19/35)        [35m[nvim-ufo] [0m[36m       clone[0m[90m | [0mremote: Compressing objects:  57% (20/35)        [35m[nvim-ufo] [0m[36m       clone[0m[90m | [0mremote: Compressing objects:  60% (21/35)        [35m[nvim-ufo] [0m[36m       clone[0m[90m | [0mremote: Compressing objects:  62% (22/35)        [35m[nvim-ufo] [0m[36m       clone[0m[90m | [0mremote: Compressing objects:  65% (23/35)        [35m[nvim-ufo] [0m[36m       clone[0m[90m | [0mremote: Compressing objects:  68% (24/35)        [35m[nvim-ufo] [0m[36m       clone[0m[90m | [0mremote: Compressing objects:  71% (25/35)        [35m[nvim-ufo] [0m[36m       clone[0m[90m | [0mremote: Compressing objects:  74% (26/35)        [35m[nvim-ufo] [0m[36m       clone[0m[90m | [0mremote: Compressing objects:  77% (27/35)        [35m[nvim-ufo] [0m[36m       clone[0m[90m | [0mremote: Compressing objects:  80% (28/35)        [35m[nvim-ufo] [0m[36m       clone[0m[90m | [0mremote: Compressing objects:  82% (29/35)        [35m[nvim-ufo] [0m[36m       clone[0m[90m | [0mremote: Compressing objects:  85% (30/35)        [35m[nvim-ufo] [0m[36m       clone[0m[90m | [0mremote: Compressing objects:  88% (31/35)        [35m[nvim-ufo] [0m[36m       clone[0m[90m | [0mremote: Compressing objects:  91% (32/35)        [35m[nvim-ufo] [0m[36m       clone[0m[90m | [0mremote: Compressing objects:  94% (33/35)        [35m[nvim-ufo] [0m[36m       clone[0m[90m | [0mremote: Compressing objects:  97% (34/35)        [35m[nvim-ufo] [0m[36m       clone[0m[90m | [0mremote: Compressing objects: 100% (35/35)        [35m[nvim-ufo] [0m[36m       clone[0m[90m | [0mremote: Compressing objects: 100% (35/35), done.        
[35m[nvim-cmp] [0m[36m       clone[0m[90m | [0mremote: Compressing objects:  45% (91/202)        [35m[nvim-cmp] [0m[36m       clone[0m[90m | [0mremote: Compressing objects:  46% (93/202)        [35m[nvim-cmp] [0m[36m       clone[0m[90m | [0mremote: Compressing objects:  47% (95/202)        [35m[nvim-cmp] [0m[36m       clone[0m[90m | [0mremote: Compressing objects:  48% (97/202)        [35m[nvim-cmp] [0m[36m       clone[0m[90m | [0mremote: Compressing objects:  49% (99/202)        [35m[nvim-cmp] [0m[36m       clone[0m[90m | [0mremote: Compressing objects:  50% (101/202)        [35m[nvim-cmp] [0m[36m       clone[0m[90m | [0mremote: Compressing objects:  51% (104/202)        [35m[nvim-cmp] [0m[36m       clone[0m[90m | [0mremote: Compressing objects:  52% (106/202)        [35m[nvim-cmp] [0m[36m       clone[0m[90m | [0mremote: Compressing objects:  53% (108/202)        [35m[nvim-cmp] [0m[36m       clone[0m[90m | [0mremote: Compressing objects:  54% (110/202)        [35m[nvim-cmp] [0m[36m       clone[0m[90m | [0mremote: Compressing objects:  55% (112/202)        [35m[nvim-cmp] [0m[36m       clone[0m[90m | [0mremote: Compressing objects:  56% (114/202)        [35m[nvim-cmp] [0m[36m       clone[0m[90m | [0mremote: Compressing objects:  57% (116/202)        [35m[nvim-cmp] [0m[36m       clone[0m[90m | [0mremote: Compressing objects:  58% (118/202)        [35m[nvim-cmp] [0m[36m       clone[0m[90m | [0mremote: Compressing objects:  59% (120/202)        [35m[nvim-cmp] [0m[36m       clone[0m[90m | [0mremote: Compressing objects:  60% (122/202)        [35m[nvim-cmp] [0m[36m       clone[0m[90m | [0mremote: Compressing objects:  61% (124/202)        [35m[nvim-cmp] [0m[36m       clone[0m[90m | [0mremote: Compressing objects:  62% (126/202)        [35m[nvim-cmp] [0m[36m       clone[0m[90m | [0mremote: Compressing objects:  63% (128/202)        [35m[nvim-cmp] [0m[36m       clone[0m[90m | [0mremote: Compressing objects:  64% (130/202)        [35m[nvim-cmp] [0m[36m       clone[0m[90m | [0mremote: Compressing objects:  65% (132/202)        [35m[nvim-cmp] [0m[36m       clone[0m[90m | [0mremote: Compressing objects:  66% (134/202)        [35m[nvim-cmp] [0m[36m       clone[0m[90m | [0mremote: Compressing objects:  67% (136/202)        [35m[nvim-cmp] [0m[36m       clone[0m[90m | [0mremote: Compressing objects:  68% (138/202)        [35m[nvim-cmp] [0m[36m       clone[0m[90m | [0mremote: Compressing objects:  69% (140/202)        [35m[nvim-cmp] [0m[36m       clone[0m[90m | [0mremote: Compressing objects:  70% (142/202)        [35m[nvim-cmp] [0m[36m       clone[0m[90m | [0mremote: Compressing objects:  71% (144/202)        [35m[nvim-cmp] [0m[36m       clone[0m[90m | [0mremote: Compressing objects:  72% (146/202)        [35m[nvim-cmp] [0m[36m       clone[0m[90m | [0mremote: Compressing objects:  73% (148/202)        [35m[nvim-cmp] [0m[36m       clone[0m[90m | [0mremote: Compressing objects:  74% (150/202)        [35m[nvim-cmp] [0m[36m       clone[0m[90m | [0mremote: Compressing objects:  75% (152/202)        [35m[nvim-cmp] [0m[36m       clone[0m[90m | [0mremote: Compressing objects:  76% (154/202)        [35m[nvim-cmp] [0m[36m       clone[0m[90m | [0mremote: Compressing objects:  77% (156/202)        [35m[nvim-cmp] [0m[36m       clone[0m[90m | [0mremote: Compressing objects:  78% (158/202)        [35m[nvim-cmp] [0m[36m       clone[0m[90m | [0mremote: Compressing objects:  79% (160/202)        [35m[nvim-cmp] [0m[36m       clone[0m[90m | [0mremote: Compressing objects:  80% (162/202)        [35m[nvim-cmp] [0m[36m       clone[0m[90m | [0mremote: Compressing objects:  81% (164/202)        [35m[nvim-cmp] [0m[36m       clone[0m[90m | [0mremote: Compressing objects:  82% (166/202)        [35m[nvim-cmp] [0m[36m       clone[0m[90m | [0mremote: Compressing objects:  83% (168/202)        [35m[nvim-cmp] [0m[36m       clone[0m[90m | [0mremote: Compressing objects:  84% (170/202)        [35m[nvim-cmp] [0m[36m       clone[0m[90m | [0mremote: Compressing objects:  85% (172/202)        [35m[nvim-cmp] [0m[36m       clone[0m[90m | [0mremote: Compressing objects:  86% (174/202)        [35m[nvim-cmp] [0m[36m       clone[0m[90m | [0mremote: Compressing objects:  87% (176/202)        [35m[nvim-cmp] [0m[36m       clone[0m[90m | [0mremote: Compressing objects:  88% (178/202)        [35m[nvim-cmp] [0m[36m       clone[0m[90m | [0mremote: Compressing objects:  89% (180/202)        [35m[nvim-cmp] [0m[36m       clone[0m[90m | [0mremote: Compressing objects:  90% (182/202)        [35m[nvim-cmp] [0m[36m       clone[0m[90m | [0mremote: Compressing objects:  91% (184/202)        [35m[nvim-cmp] [0m[36m       clone[0m[90m | [0mremote: Compressing objects:  92% (186/202)        [35m[nvim-cmp] [0m[36m       clone[0m[90m | [0mremote: Compressing objects:  93% (188/202)        [35m[nvim-cmp] [0m[36m       clone[0m[90m | [0mremote: Compressing objects:  94% (190/202)        [35m[nvim-cmp] [0m[36m       clone[0m[90m | [0mremote: Compressing objects:  95% (192/202)        [35m[nvim-cmp] [0m[36m       clone[0m[90m | [0mremote: Compressing objects:  96% (194/202)        [35m[nvim-cmp] [0m[36m       clone[0m[90m | [0mremote: Compressing objects:  97% (196/202)        [35m[nvim-cmp] [0m[36m       clone[0m[90m | [0mremote: Compressing objects:  98% (198/202)        [35m[nvim-cmp] [0m[36m       clone[0m[90m | [0mremote: Compressing objects:  99% (200/202)        [35m[nvim-cmp] [0m[36m       clone[0m[90m | [0mremote: Compressing objects: 100% (202/202)        [35m[nvim-cmp] [0m[36m       clone[0m[90m | [0mremote: Compressing objects: 100% (202/202), done.        
[35m[legendary.nvim] [0m[36m clone[0m[90m | [0mremote: Enumerating objects: 3337, done.        
[35m[legendary.nvim] [0m[36m clone[0m[90m | [0mremote: Counting objects:   0% (1/257)        [35m[legendary.nvim] [0m[36m clone[0m[90m | [0mremote: Counting objects:   1% (3/257)        [35m[legendary.nvim] [0m[36m clone[0m[90m | [0mremote: Counting objects:   2% (6/257)        [35m[legendary.nvim] [0m[36m clone[0m[90m | [0mremote: Counting objects:   3% (8/257)        [35m[legendary.nvim] [0m[36m clone[0m[90m | [0mremote: Counting objects:   4% (11/257)        [35m[legendary.nvim] [0m[36m clone[0m[90m | [0mremote: Counting objects:   5% (13/257)        [35m[legendary.nvim] [0m[36m clone[0m[90m | [0mremote: Counting objects:   6% (16/257)        [35m[legendary.nvim] [0m[36m clone[0m[90m | [0mremote: Counting objects:   7% (18/257)        [35m[legendary.nvim] [0m[36m clone[0m[90m | [0mremote: Counting objects:   8% (21/257)        [35m[legendary.nvim] [0m[36m clone[0m[90m | [0mremote: Counting objects:   9% (24/257)        [35m[legendary.nvim] [0m[36m clone[0m[90m | [0mremote: Counting objects:  10% (26/257)        [35m[legendary.nvim] [0m[36m clone[0m[90m | [0mremote: Counting objects:  11% (29/257)        [35m[legendary.nvim] [0m[36m clone[0m[90m | [0mremote: Counting objects:  12% (31/257)        [35m[legendary.nvim] [0m[36m clone[0m[90m | [0mremote: Counting objects:  13% (34/257)        [35m[legendary.nvim] [0m[36m clone[0m[90m | [0mremote: Counting objects:  14% (36/257)        [35m[legendary.nvim] [0m[36m clone[0m[90m | [0mremote: Counting objects:  15% (39/257)        [35m[legendary.nvim] [0m[36m clone[0m[90m | [0mremote: Counting objects:  16% (42/257)        [35m[legendary.nvim] [0m[36m clone[0m[90m | [0mremote: Counting objects:  17% (44/257)        [35m[legendary.nvim] [0m[36m clone[0m[90m | [0mremote: Counting objects:  18% (47/257)        [35m[legendary.nvim] [0m[36m clone[0m[90m | [0mremote: Counting objects:  19% (49/257)        [35m[legendary.nvim] [0m[36m clone[0m[90m | [0mremote: Counting objects:  20% (52/257)        [35m[legendary.nvim] [0m[36m clone[0m[90m | [0mremote: Counting objects:  21% (54/257)        [35m[legendary.nvim] [0m[36m clone[0m[90m | [0mremote: Counting objects:  22% (57/257)        [35m[legendary.nvim] [0m[36m clone[0m[90m | [0mremote: Counting objects:  23% (60/257)        [35m[legendary.nvim] [0m[36m clone[0m[90m | [0mremote: Counting objects:  24% (62/257)        [35m[legendary.nvim] [0m[36m clone[0m[90m | [0mremote: Counting objects:  25% (65/257)        [35m[legendary.nvim] [0m[36m clone[0m[90m | [0mremote: Counting objects:  26% (67/257)        [35m[legendary.nvim] [0m[36m clone[0m[90m | [0mremote: Counting objects:  27% (70/257)        [35m[legendary.nvim] [0m[36m clone[0m[90m | [0mremote: Counting objects:  28% (72/257)        [35m[legendary.nvim] [0m[36m clone[0m[90m | [0mremote: Counting objects:  29% (75/257)        [35m[legendary.nvim] [0m[36m clone[0m[90m | [0mremote: Counting objects:  30% (78/257)        [35m[legendary.nvim] [0m[36m clone[0m[90m | [0mremote: Counting objects:  31% (80/257)        [35m[legendary.nvim] [0m[36m clone[0m[90m | [0mremote: Counting objects:  32% (83/257)        [35m[legendary.nvim] [0m[36m clone[0m[90m | [0mremote: Counting objects:  33% (85/257)        [35m[legendary.nvim] [0m[36m clone[0m[90m | [0mremote: Counting objects:  34% (88/257)        [35m[legendary.nvim] [0m[36m clone[0m[90m | [0mremote: Counting objects:  35% (90/257)        [35m[legendary.nvim] [0m[36m clone[0m[90m | [0mremote: Counting objects:  36% (93/257)        [35m[legendary.nvim] [0m[36m clone[0m[90m | [0mremote: Counting objects:  37% (96/257)        [35m[legendary.nvim] [0m[36m clone[0m[90m | [0mremote: Counting objects:  38% (98/257)        [35m[legendary.nvim] [0m[36m clone[0m[90m | [0mremote: Counting objects:  39% (101/257)        [35m[legendary.nvim] [0m[36m clone[0m[90m | [0mremote: Counting objects:  40% (103/257)        [35m[legendary.nvim] [0m[36m clone[0m[90m | [0mremote: Counting objects:  41% (106/257)        [35m[legendary.nvim] [0m[36m clone[0m[90m | [0mremote: Counting objects:  42% (108/257)        [35m[legendary.nvim] [0m[36m clone[0m[90m | [0mremote: Counting objects:  43% (111/257)        [35m[legendary.nvim] [0m[36m clone[0m[90m | [0mremote: Counting objects:  44% (114/257)        [35m[legendary.nvim] [0m[36m clone[0m[90m | [0mremote: Counting objects:  45% (116/257)        [35m[legendary.nvim] [0m[36m clone[0m[90m | [0mremote: Counting objects:  46% (119/257)        [35m[legendary.nvim] [0m[36m clone[0m[90m | [0mremote: Counting objects:  47% (121/257)        [35m[legendary.nvim] [0m[36m clone[0m[90m | [0mremote: Counting objects:  48% (124/257)        [35m[legendary.nvim] [0m[36m clone[0m[90m | [0mremote: Counting objects:  49% (126/257)        [35m[legendary.nvim] [0m[36m clone[0m[90m | [0mremote: Counting objects:  50% (129/257)        [35m[legendary.nvim] [0m[36m clone[0m[90m | [0mremote: Counting objects:  51% (132/257)        [35m[legendary.nvim] [0m[36m clone[0m[90m | [0mremote: Counting objects:  52% (134/257)        [35m[legendary.nvim] [0m[36m clone[0m[90m | [0mremote: Counting objects:  53% (137/257)        [35m[legendary.nvim] [0m[36m clone[0m[90m | [0mremote: Counting objects:  54% (139/257)        [35m[legendary.nvim] [0m[36m clone[0m[90m | [0mremote: Counting objects:  55% (142/257)        [35m[legendary.nvim] [0m[36m clone[0m[90m | [0mremote: Counting objects:  56% (144/257)        [35m[legendary.nvim] [0m[36m clone[0m[90m | [0mremote: Counting objects:  57% (147/257)        [35m[legendary.nvim] [0m[36m clone[0m[90m | [0mremote: Counting objects:  58% (150/257)        [35m[legendary.nvim] [0m[36m clone[0m[90m | [0mremote: Counting objects:  59% (152/257)        [35m[legendary.nvim] [0m[36m clone[0m[90m | [0mremote: Counting objects:  60% (155/257)        [35m[legendary.nvim] [0m[36m clone[0m[90m | [0mremote: Counting objects:  61% (157/257)        [35m[legendary.nvim] [0m[36m clone[0m[90m | [0mremote: Counting objects:  62% (160/257)        [35m[legendary.nvim] [0m[36m clone[0m[90m | [0mremote: Counting objects:  63% (162/257)        [35m[legendary.nvim] [0m[36m clone[0m[90m | [0mremote: Counting objects:  64% (165/257)        [35m[legendary.nvim] [0m[36m clone[0m[90m | [0mremote: Counting objects:  65% (168/257)        [35m[legendary.nvim] [0m[36m clone[0m[90m | [0mremote: Counting objects:  66% (170/257)        [35m[legendary.nvim] [0m[36m clone[0m[90m | [0mremote: Counting objects:  67% (173/257)        [35m[legendary.nvim] [0m[36m clone[0m[90m | [0mremote: Counting objects:  68% (175/257)        [35m[legendary.nvim] [0m[36m clone[0m[90m | [0mremote: Counting objects:  69% (178/257)        [35m[legendary.nvim] [0m[36m clone[0m[90m | [0mremote: Counting objects:  70% (180/257)        [35m[legendary.nvim] [0m[36m clone[0m[90m | [0mremote: Counting objects:  71% (183/257)        [35m[legendary.nvim] [0m[36m clone[0m[90m | [0mremote: Counting objects:  72% (186/257)        [35m[legendary.nvim] [0m[36m clone[0m[90m | [0mremote: Counting objects:  73% (188/257)        [35m[legendary.nvim] [0m[36m clone[0m[90m | [0mremote: Counting objects:  74% (191/257)        [35m[legendary.nvim] [0m[36m clone[0m[90m | [0mremote: Counting objects:  75% (193/257)        [35m[legendary.nvim] [0m[36m clone[0m[90m | [0mremote: Counting objects:  76% (196/257)        [35m[legendary.nvim] [0m[36m clone[0m[90m | [0mremote: Counting objects:  77% (198/257)        [35m[legendary.nvim] [0m[36m clone[0m[90m | [0mremote: Counting objects:  78% (201/257)        [35m[legendary.nvim] [0m[36m clone[0m[90m | [0mremote: Counting objects:  79% (204/257)        [35m[legendary.nvim] [0m[36m clone[0m[90m | [0mremote: Counting objects:  80% (206/257)        [35m[legendary.nvim] [0m[36m clone[0m[90m | [0mremote: Counting objects:  81% (209/257)        [35m[legendary.nvim] [0m[36m clone[0m[90m | [0mremote: Counting objects:  82% (211/257)        [35m[legendary.nvim] [0m[36m clone[0m[90m | [0mremote: Counting objects:  83% (214/257)        [35m[legendary.nvim] [0m[36m clone[0m[90m | [0mremote: Counting objects:  84% (216/257)        [35m[legendary.nvim] [0m[36m clone[0m[90m | [0mremote: Counting objects:  85% (219/257)        [35m[legendary.nvim] [0m[36m clone[0m[90m | [0mremote: Counting objects:  86% (222/257)        [35m[legendary.nvim] [0m[36m clone[0m[90m | [0mremote: Counting objects:  87% (224/257)        [35m[legendary.nvim] [0m[36m clone[0m[90m | [0mremote: Counting objects:  88% (227/257)        [35m[legendary.nvim] [0m[36m clone[0m[90m | [0mremote: Counting objects:  89% (229/257)        [35m[legendary.nvim] [0m[36m clone[0m[90m | [0mremote: Counting objects:  90% (232/257)        [35m[legendary.nvim] [0m[36m clone[0m[90m | [0mremote: Counting objects:  91% (234/257)        [35m[legendary.nvim] [0m[36m clone[0m[90m | [0mremote: Counting objects:  92% (237/257)        [35m[legendary.nvim] [0m[36m clone[0m[90m | [0mremote: Counting objects:  93% (240/257)        [35m[legendary.nvim] [0m[36m clone[0m[90m | [0mremote: Counting objects:  94% (242/257)        [35m[legendary.nvim] [0m[36m clone[0m[90m | [0mremote: Counting objects:  95% (245/257)        [35m[legendary.nvim] [0m[36m clone[0m[90m | [0mremote: Counting objects:  96% (247/257)        [35m[legendary.nvim] [0m[36m clone[0m[90m | [0mremote: Counting objects:  97% (250/257)        [35m[legendary.nvim] [0m[36m clone[0m[90m | [0mremote: Counting objects:  98% (252/257)        [35m[legendary.nvim] [0m[36m clone[0m[90m | [0mremote: Counting objects:  99% (255/257)        [35m[legendary.nvim] [0m[36m clone[0m[90m | [0mremote: Counting objects: 100% (257/257)        [35m[legendary.nvim] [0m[36m clone[0m[90m | [0mremote: Counting objects: 100% (257/257), done.        
[35m[legendary.nvim] [0m[36m clone[0m[90m | [0mremote: Compressing objects:   1% (1/76)        [35m[legendary.nvim] [0m[36m clone[0m[90m | [0mremote: Compressing objects:   2% (2/76)        [35m[legendary.nvim] [0m[36m clone[0m[90m | [0mremote: Compressing objects:   3% (3/76)        [35m[legendary.nvim] [0m[36m clone[0m[90m | [0mremote: Compressing objects:   5% (4/76)        [35m[legendary.nvim] [0m[36m clone[0m[90m | [0mremote: Compressing objects:   6% (5/76)        [35m[legendary.nvim] [0m[36m clone[0m[90m | [0mremote: Compressing objects:   7% (6/76)        [35m[legendary.nvim] [0m[36m clone[0m[90m | [0mremote: Compressing objects:   9% (7/76)        [35m[legendary.nvim] [0m[36m clone[0m[90m | [0mremote: Compressing objects:  10% (8/76)        [35m[legendary.nvim] [0m[36m clone[0m[90m | [0mremote: Compressing objects:  11% (9/76)        [35m[legendary.nvim] [0m[36m clone[0m[90m | [0mremote: Compressing objects:  13% (10/76)        [35m[legendary.nvim] [0m[36m clone[0m[90m | [0mremote: Compressing objects:  14% (11/76)        [35m[legendary.nvim] [0m[36m clone[0m[90m | [0mremote: Compressing objects:  15% (12/76)        [35m[legendary.nvim] [0m[36m clone[0m[90m | [0mremote: Compressing objects:  17% (13/76)        [35m[legendary.nvim] [0m[36m clone[0m[90m | [0mremote: Compressing objects:  18% (14/76)        [35m[legendary.nvim] [0m[36m clone[0m[90m | [0mremote: Compressing objects:  19% (15/76)        [35m[legendary.nvim] [0m[36m clone[0m[90m | [0mremote: Compressing objects:  21% (16/76)        [35m[legendary.nvim] [0m[36m clone[0m[90m | [0mremote: Compressing objects:  22% (17/76)        [35m[legendary.nvim] [0m[36m clone[0m[90m | [0mremote: Compressing objects:  23% (18/76)        [35m[legendary.nvim] [0m[36m clone[0m[90m | [0mremote: Compressing objects:  25% (19/76)        [35m[legendary.nvim] [0m[36m clone[0m[90m | [0mremote: Compressing objects:  26% (20/76)        [35m[legendary.nvim] [0m[36m clone[0m[90m | [0mremote: Compressing objects:  27% (21/76)        [35m[legendary.nvim] [0m[36m clone[0m[90m | [0mremote: Compressing objects:  28% (22/76)        [35m[legendary.nvim] [0m[36m clone[0m[90m | [0mremote: Compressing objects:  30% (23/76)        [35m[legendary.nvim] [0m[36m clone[0m[90m | [0mremote: Compressing objects:  31% (24/76)        [35m[legendary.nvim] [0m[36m clone[0m[90m | [0mremote: Compressing objects:  32% (25/76)        [35m[legendary.nvim] [0m[36m clone[0m[90m | [0mremote: Compressing objects:  34% (26/76)        [35m[legendary.nvim] [0m[36m clone[0m[90m | [0mremote: Compressing objects:  35% (27/76)        [35m[legendary.nvim] [0m[36m clone[0m[90m | [0mremote: Compressing objects:  36% (28/76)        [35m[legendary.nvim] [0m[36m clone[0m[90m | [0mremote: Compressing objects:  38% (29/76)        [35m[legendary.nvim] [0m[36m clone[0m[90m | [0mremote: Compressing objects:  39% (30/76)        [35m[legendary.nvim] [0m[36m clone[0m[90m | [0mremote: Compressing objects:  40% (31/76)        [35m[legendary.nvim] [0m[36m clone[0m[90m | [0mremote: Compressing objects:  42% (32/76)        [35m[legendary.nvim] [0m[36m clone[0m[90m | [0mremote: Compressing objects:  43% (33/76)        [35m[legendary.nvim] [0m[36m clone[0m[90m | [0mremote: Compressing objects:  44% (34/76)        [35m[legendary.nvim] [0m[36m clone[0m[90m | [0mremote: Compressing objects:  46% (35/76)        [35m[legendary.nvim] [0m[36m clone[0m[90m | [0mremote: Compressing objects:  47% (36/76)        [35m[legendary.nvim] [0m[36m clone[0m[90m | [0mremote: Compressing objects:  48% (37/76)        [35m[legendary.nvim] [0m[36m clone[0m[90m | [0mremote: Compressing objects:  50% (38/76)        [35m[legendary.nvim] [0m[36m clone[0m[90m | [0mremote: Compressing objects:  51% (39/76)        [35m[legendary.nvim] [0m[36m clone[0m[90m | [0mremote: Compressing objects:  52% (40/76)        [35m[legendary.nvim] [0m[36m clone[0m[90m | [0mremote: Compressing objects:  53% (41/76)        [35m[legendary.nvim] [0m[36m clone[0m[90m | [0mremote: Compressing objects:  55% (42/76)        [35m[legendary.nvim] [0m[36m clone[0m[90m | [0mremote: Compressing objects:  56% (43/76)        [35m[legendary.nvim] [0m[36m clone[0m[90m | [0mremote: Compressing objects:  57% (44/76)        [35m[legendary.nvim] [0m[36m clone[0m[90m | [0mremote: Compressing objects:  59% (45/76)        [35m[legendary.nvim] [0m[36m clone[0m[90m | [0mremote: Compressing objects:  60% (46/76)        [35m[legendary.nvim] [0m[36m clone[0m[90m | [0mremote: Compressing objects:  61% (47/76)        [35m[legendary.nvim] [0m[36m clone[0m[90m | [0mremote: Compressing objects:  63% (48/76)        [35m[legendary.nvim] [0m[36m clone[0m[90m | [0mremote: Compressing objects:  64% (49/76)        [35m[legendary.nvim] [0m[36m clone[0m[90m | [0mremote: Compressing objects:  65% (50/76)        [35m[legendary.nvim] [0m[36m clone[0m[90m | [0mremote: Compressing objects:  67% (51/76)        [35m[legendary.nvim] [0m[36m clone[0m[90m | [0mremote: Compressing objects:  68% (52/76)        [35m[legendary.nvim] [0m[36m clone[0m[90m | [0mremote: Compressing objects:  69% (53/76)        [35m[legendary.nvim] [0m[36m clone[0m[90m | [0mremote: Compressing objects:  71% (54/76)        [35m[legendary.nvim] [0m[36m clone[0m[90m | [0mremote: Compressing objects:  72% (55/76)        [35m[legendary.nvim] [0m[36m clone[0m[90m | [0mremote: Compressing objects:  73% (56/76)        [35m[legendary.nvim] [0m[36m clone[0m[90m | [0mremote: Compressing objects:  75% (57/76)        [35m[legendary.nvim] [0m[36m clone[0m[90m | [0mremote: Compressing objects:  76% (58/76)        [35m[legendary.nvim] [0m[36m clone[0m[90m | [0mremote: Compressing objects:  77% (59/76)        [35m[legendary.nvim] [0m[36m clone[0m[90m | [0mremote: Compressing objects:  78% (60/76)        [35m[legendary.nvim] [0m[36m clone[0m[90m | [0mremote: Compressing objects:  80% (61/76)        [35m[legendary.nvim] [0m[36m clone[0m[90m | [0mremote: Compressing objects:  81% (62/76)        [35m[legendary.nvim] [0m[36m clone[0m[90m | [0mremote: Compressing objects:  82% (63/76)        [35m[legendary.nvim] [0m[36m clone[0m[90m | [0mremote: Compressing objects:  84% (64/76)        [35m[legendary.nvim] [0m[36m clone[0m[90m | [0mremote: Compressing objects:  85% (65/76)        [35m[legendary.nvim] [0m[36m clone[0m[90m | [0mremote: Compressing objects:  86% (66/76)        [35m[legendary.nvim] [0m[36m clone[0m[90m | [0mremote: Compressing objects:  88% (67/76)        [35m[legendary.nvim] [0m[36m clone[0m[90m | [0mremote: Compressing objects:  89% (68/76)        [35m[legendary.nvim] [0m[36m clone[0m[90m | [0mremote: Compressing objects:  90% (69/76)        [35m[legendary.nvim] [0m[36m clone[0m[90m | [0mremote: Compressing objects:  92% (70/76)        [35m[legendary.nvim] [0m[36m clone[0m[90m | [0mremote: Compressing objects:  93% (71/76)        [35m[legendary.nvim] [0m[36m clone[0m[90m | [0mremote: Compressing objects:  94% (72/76)        [35m[legendary.nvim] [0m[36m clone[0m[90m | [0mremote: Compressing objects:  96% (73/76)        [35m[legendary.nvim] [0m[36m clone[0m[90m | [0mremote: Compressing objects:  97% (74/76)        [35m[legendary.nvim] [0m[36m clone[0m[90m | [0mremote: Compressing objects:  98% (75/76)        [35m[legendary.nvim] [0m[36m clone[0m[90m | [0mremote: Compressing objects: 100% (76/76)        [35m[legendary.nvim] [0m[36m clone[0m[90m | [0mremote: Compressing objects: 100% (76/76), done.        
[35m[nvim-lspconfig] [0m[36m clone[0m[90m | [0mremote: Enumerating objects: 15482, done.        
[35m[nvim-lspconfig] [0m[36m clone[0m[90m | [0mremote: Counting objects:   0% (1/3162)        [35m[nvim-lspconfig] [0m[36m clone[0m[90m | [0mremote: Counting objects:   1% (32/3162)        [35m[nvim-lspconfig] [0m[36m clone[0m[90m | [0mremote: Counting objects:   2% (64/3162)        [35m[nvim-lspconfig] [0m[36m clone[0m[90m | [0mremote: Counting objects:   3% (95/3162)        [35m[nvim-lspconfig] [0m[36m clone[0m[90m | [0mremote: Counting objects:   4% (127/3162)        [35m[nvim-lspconfig] [0m[36m clone[0m[90m | [0mremote: Counting objects:   5% (159/3162)        [35m[nvim-lspconfig] [0m[36m clone[0m[90m | [0mremote: Counting objects:   6% (190/3162)        [35m[nvim-lspconfig] [0m[36m clone[0m[90m | [0mremote: Counting objects:   7% (222/3162)        [35m[nvim-lspconfig] [0m[36m clone[0m[90m | [0mremote: Counting objects:   8% (253/3162)        [35m[nvim-lspconfig] [0m[36m clone[0m[90m | [0mremote: Counting objects:   9% (285/3162)        [35m[nvim-lspconfig] [0m[36m clone[0m[90m | [0mremote: Counting objects:  10% (317/3162)        [35m[nvim-lspconfig] [0m[36m clone[0m[90m | [0mremote: Counting objects:  11% (348/3162)        [35m[kulala.nvim] [0m[36m    clone[0m[90m | [0mremote: Enumerating objects: 4437, done.        
[35m[kulala.nvim] [0m[36m    clone[0m[90m | [0mremote: Counting objects:   1% (1/81)        [35m[kulala.nvim] [0m[36m    clone[0m[90m | [0mremote: Counting objects:   2% (2/81)        [35m[kulala.nvim] [0m[36m    clone[0m[90m | [0mremote: Counting objects:   3% (3/81)        [35m[kulala.nvim] [0m[36m    clone[0m[90m | [0mremote: Counting objects:   4% (4/81)        [35m[kulala.nvim] [0m[36m    clone[0m[90m | [0mremote: Counting objects:   6% (5/81)        [35m[kulala.nvim] [0m[36m    clone[0m[90m | [0mremote: Counting objects:   7% (6/81)        [35m[kulala.nvim] [0m[36m    clone[0m[90m | [0mremote: Counting objects:   8% (7/81)        [35m[kulala.nvim] [0m[36m    clone[0m[90m | [0mremote: Counting objects:   9% (8/81)        [35m[kulala.nvim] [0m[36m    clone[0m[90m | [0mremote: Counting objects:  11% (9/81)        [35m[kulala.nvim] [0m[36m    clone[0m[90m | [0mremote: Counting objects:  12% (10/81)        [35m[kulala.nvim] [0m[36m    clone[0m[90m | [0mremote: Counting objects:  13% (11/81)        [35m[kulala.nvim] [0m[36m    clone[0m[90m | [0mremote: Counting objects:  14% (12/81)        [35m[kulala.nvim] [0m[36m    clone[0m[90m | [0mremote: Counting objects:  16% (13/81)        [35m[kulala.nvim] [0m[36m    clone[0m[90m | [0mremote: Counting objects:  17% (14/81)        [35m[kulala.nvim] [0m[36m    clone[0m[90m | [0mremote: Counting objects:  18% (15/81)        [35m[kulala.nvim] [0m[36m    clone[0m[90m | [0mremote: Counting objects:  19% (16/81)        [35m[kulala.nvim] [0m[36m    clone[0m[90m | [0mremote: Counting objects:  20% (17/81)        [35m[kulala.nvim] [0m[36m    clone[0m[90m | [0mremote: Counting objects:  22% (18/81)        [35m[kulala.nvim] [0m[36m    clone[0m[90m | [0mremote: Counting objects:  23% (19/81)        [35m[kulala.nvim] [0m[36m    clone[0m[90m | [0mremote: Counting objects:  24% (20/81)        [35m[kulala.nvim] [0m[36m    clone[0m[90m | [0mremote: Counting objects:  25% (21/81)        [35m[kulala.nvim] [0m[36m    clone[0m[90m | [0mremote: Counting objects:  27% (22/81)        [35m[kulala.nvim] [0m[36m    clone[0m[90m | [0mremote: Counting objects:  28% (23/81)        [35m[kulala.nvim] [0m[36m    clone[0m[90m | [0mremote: Counting objects:  29% (24/81)        [35m[nvim-lspconfig] [0m[36m clone[0m[90m | [0mremote: Counting objects:  12% (380/3162)        [35m[nvim-lspconfig] [0m[36m clone[0m[90m | [0mremote: Counting objects:  13% (412/3162)        [35m[nvim-lspconfig] [0m[36m clone[0m[90m | [0mremote: Counting objects:  14% (443/3162)        [35m[nvim-lspconfig] [0m[36m clone[0m[90m | [0mremote: Counting objects:  15% (475/3162)        [35m[nvim-lspconfig] [0m[36m clone[0m[90m | [0mremote: Counting objects:  16% (506/3162)        [35m[nvim-lspconfig] [0m[36m clone[0m[90m | [0mremote: Counting objects:  17% (538/3162)        [35m[nvim-lspconfig] [0m[36m clone[0m[90m | [0mremote: Counting objects:  18% (570/3162)        [35m[nvim-lspconfig] [0m[36m clone[0m[90m | [0mremote: Counting objects:  19% (601/3162)        [35m[nvim-lspconfig] [0m[36m clone[0m[90m | [0mremote: Counting objects:  20% (633/3162)        [35m[nvim-lspconfig] [0m[36m clone[0m[90m | [0mremote: Counting objects:  21% (665/3162)        [35m[nvim-lspconfig] [0m[36m clone[0m[90m | [0mremote: Counting objects:  22% (696/3162)        [35m[nvim-lspconfig] [0m[36m clone[0m[90m | [0mremote: Counting objects:  23% (728/3162)        [35m[nvim-lspconfig] [0m[36m clone[0m[90m | [0mremote: Counting objects:  24% (759/3162)        [35m[nvim-lspconfig] [0m[36m clone[0m[90m | [0mremote: Counting objects:  25% (791/3162)        [35m[nvim-lspconfig] [0m[36m clone[0m[90m | [0mremote: Counting objects:  26% (823/3162)        [35m[nvim-lspconfig] [0m[36m clone[0m[90m | [0mremote: Counting objects:  27% (854/3162)        [35m[nvim-lspconfig] [0m[36m clone[0m[90m | [0mremote: Counting objects:  28% (886/3162)        [35m[nvim-lspconfig] [0m[36m clone[0m[90m | [0mremote: Counting objects:  29% (917/3162)        [35m[nvim-lspconfig] [0m[36m clone[0m[90m | [0mremote: Counting objects:  30% (949/3162)        [35m[nvim-lspconfig] [0m[36m clone[0m[90m | [0mremote: Counting objects:  31% (981/3162)        [35m[nvim-lspconfig] [0m[36m clone[0m[90m | [0mremote: Counting objects:  32% (1012/3162)        [35m[nvim-lspconfig] [0m[36m clone[0m[90m | [0mremote: Counting objects:  33% (1044/3162)        [35m[nvim-lspconfig] [0m[36m clone[0m[90m | [0mremote: Counting objects:  34% (1076/3162)        [35m[nvim-lspconfig] [0m[36m clone[0m[90m | [0mremote: Counting objects:  35% (1107/3162)        [35m[nvim-lspconfig] [0m[36m clone[0m[90m | [0mremote: Counting objects:  36% (1139/3162)        [35m[nvim-lspconfig] [0m[36m clone[0m[90m | [0mremote: Counting objects:  37% (1170/3162)        [35m[nvim-lspconfig] [0m[36m clone[0m[90m | [0mremote: Counting objects:  38% (1202/3162)        [35m[nvim-lspconfig] [0m[36m clone[0m[90m | [0mremote: Counting objects:  39% (1234/3162)        [35m[nvim-lspconfig] [0m[36m clone[0m[90m | [0mremote: Counting objects:  40% (1265/3162)        [35m[nvim-lspconfig] [0m[36m clone[0m[90m | [0mremote: Counting objects:  41% (1297/3162)        [35m[nvim-lspconfig] [0m[36m clone[0m[90m | [0mremote: Counting objects:  42% (1329/3162)        [35m[nvim-lspconfig] [0m[36m clone[0m[90m | [0mremote: Counting objects:  43% (1360/3162)        [35m[nvim-lspconfig] [0m[36m clone[0m[90m | [0mremote: Counting objects:  44% (1392/3162)        [35m[nvim-lspconfig] [0m[36m clone[0m[90m | [0mremote: Counting objects:  45% (1423/3162)        [35m[nvim-lspconfig] [0m[36m clone[0m[90m | [0mremote: Counting objects:  46% (1455/3162)        [35m[nvim-lspconfig] [0m[36m clone[0m[90m | [0mremote: Counting objects:  47% (1487/3162)        [35m[nvim-lspconfig] [0m[36m clone[0m[90m | [0mremote: Counting objects:  48% (1518/3162)        [35m[nvim-lspconfig] [0m[36m clone[0m[90m | [0mremote: Counting objects:  49% (1550/3162)        [35m[nvim-lspconfig] [0m[36m clone[0m[90m | [0mremote: Counting objects:  50% (1581/3162)        [35m[nvim-lspconfig] [0m[36m clone[0m[90m | [0mremote: Counting objects:  51% (1613/3162)        [35m[nvim-lspconfig] [0m[36m clone[0m[90m | [0mremote: Counting objects:  52% (1645/3162)        [35m[nvim-lspconfig] [0m[36m clone[0m[90m | [0mremote: Counting objects:  53% (1676/3162)        [35m[nvim-lspconfig] [0m[36m clone[0m[90m | [0mremote: Counting objects:  54% (1708/3162)        [35m[nvim-lspconfig] [0m[36m clone[0m[90m | [0mremote: Counting objects:  55% (1740/3162)        [35m[nvim-lspconfig] [0m[36m clone[0m[90m | [0mremote: Counting objects:  56% (1771/3162)        [35m[nvim-lspconfig] [0m[36m clone[0m[90m | [0mremote: Counting objects:  57% (1803/3162)        [35m[nvim-lspconfig] [0m[36m clone[0m[90m | [0mremote: Counting objects:  58% (1834/3162)        [35m[nvim-lspconfig] [0m[36m clone[0m[90m | [0mremote: Counting objects:  59% (1866/3162)        [35m[nvim-lspconfig] [0m[36m clone[0m[90m | [0mremote: Counting objects:  60% (1898/3162)        [35m[nvim-lspconfig] [0m[36m clone[0m[90m | [0mremote: Counting objects:  61% (1929/3162)        [35m[nvim-lspconfig] [0m[36m clone[0m[90m | [0mremote: Counting objects:  62% (1961/3162)        [35m[nvim-lspconfig] [0m[36m clone[0m[90m | [0mremote: Counting objects:  63% (1993/3162)        [35m[nvim-lspconfig] [0m[36m clone[0m[90m | [0mremote: Counting objects:  64% (2024/3162)        [35m[nvim-lspconfig] [0m[36m clone[0m[90m | [0mremote: Counting objects:  65% (2056/3162)        [35m[nvim-lspconfig] [0m[36m clone[0m[90m | [0mremote: Counting objects:  66% (2087/3162)        [35m[nvim-lspconfig] [0m[36m clone[0m[90m | [0mremote: Counting objects:  67% (2119/3162)        [35m[nvim-lspconfig] [0m[36m clone[0m[90m | [0mremote: Counting objects:  68% (2151/3162)        [35m[nvim-lspconfig] [0m[36m clone[0m[90m | [0mremote: Counting objects:  69% (2182/3162)        [35m[nvim-lspconfig] [0m[36m clone[0m[90m | [0mremote: Counting objects:  70% (2214/3162)        [35m[nvim-lspconfig] [0m[36m clone[0m[90m | [0mremote: Counting objects:  71% (2246/3162)        [35m[nvim-lspconfig] [0m[36m clone[0m[90m | [0mremote: Counting objects:  72% (2277/3162)        [35m[nvim-lspconfig] [0m[36m clone[0m[90m | [0mremote: Counting objects:  73% (2309/3162)        [35m[nvim-lspconfig] [0m[36m clone[0m[90m | [0mremote: Counting objects:  74% (2340/3162)        [35m[nvim-lspconfig] [0m[36m clone[0m[90m | [0mremote: Counting objects:  75% (2372/3162)        [35m[nvim-lspconfig] [0m[36m clone[0m[90m | [0mremote: Counting objects:  76% (2404/3162)        [35m[nvim-lspconfig] [0m[36m clone[0m[90m | [0mremote: Counting objects:  77% (2435/3162)        [35m[nvim-lspconfig] [0m[36m clone[0m[90m | [0mremote: Counting objects:  78% (2467/3162)        [35m[nvim-lspconfig] [0m[36m clone[0m[90m | [0mremote: Counting objects:  79% (2498/3162)        [35m[nvim-lspconfig] [0m[36m clone[0m[90m | [0mremote: Counting objects:  80% (2530/3162)        [35m[nvim-lspconfig] [0m[36m clone[0m[90m | [0mremote: Counting objects:  81% (2562/3162)        [35m[nvim-lspconfig] [0m[36m clone[0m[90m | [0mremote: Counting objects:  82% (2593/3162)        [35m[nvim-lspconfig] [0m[36m clone[0m[90m | [0mremote: Counting objects:  83% (2625/3162)        [35m[nvim-lspconfig] [0m[36m clone[0m[90m | [0mremote: Counting objects:  84% (2657/3162)        [35m[nvim-lspconfig] [0m[36m clone[0m[90m | [0mremote: Counting objects:  85% (2688/3162)        [35m[nvim-lspconfig] [0m[36m clone[0m[90m | [0mremote: Counting objects:  86% (2720/3162)        [35m[nvim-lspconfig] [0m[36m clone[0m[90m | [0mremote: Counting objects:  87% (2751/3162)        [35m[nvim-lspconfig] [0m[36m clone[0m[90m | [0mremote: Counting objects:  88% (2783/3162)        [35m[nvim-lspconfig] [0m[36m clone[0m[90m | [0mremote: Counting objects:  89% (2815/3162)        [35m[nvim-lspconfig] [0m[36m clone[0m[90m | [0mremote: Counting objects:  90% (2846/3162)        [35m[nvim-lspconfig] [0m[36m clone[0m[90m | [0mremote: Counting objects:  91% (2878/3162)        [35m[nvim-lspconfig] [0m[36m clone[0m[90m | [0mremote: Counting objects:  92% (2910/3162)        [35m[nvim-lspconfig] [0m[36m clone[0m[90m | [0mremote: Counting objects:  93% (2941/3162)        [35m[nvim-lspconfig] [0m[36m clone[0m[90m | [0mremote: Counting objects:  94% (2973/3162)        [35m[nvim-lspconfig] [0m[36m clone[0m[90m | [0mremote: Counting objects:  95% (3004/3162)        [35m[nvim-lspconfig] [0m[36m clone[0m[90m | [0mremote: Counting objects:  96% (3036/3162)        [35m[nvim-lspconfig] [0m[36m clone[0m[90m | [0mremote: Counting objects:  97% (3068/3162)        [35m[nvim-lspconfig] [0m[36m clone[0m[90m | [0mremote: Counting objects:  98% (3099/3162)        [35m[nvim-lspconfig] [0m[36m clone[0m[90m | [0mremote: Counting objects:  99% (3131/3162)        [35m[nvim-lspconfig] [0m[36m clone[0m[90m | [0mremote: Counting objects: 100% (3162/3162)        [35m[nvim-lspconfig] [0m[36m clone[0m[90m | [0mremote: Counting objects: 100% (3162/3162), done.        
[35m[nvim-lspconfig] [0m[36m clone[0m[90m | [0mremote: Compressing objects:   0% (1/145)        [35m[nvim-lspconfig] [0m[36m clone[0m[90m | [0mremote: Compressing objects:   1% (2/145)        [35m[nvim-lspconfig] [0m[36m clone[0m[90m | [0mremote: Compressing objects:   2% (3/145)        [35m[nvim-lspconfig] [0m[36m clone[0m[90m | [0mremote: Compressing objects:   3% (5/145)        [35m[nvim-lspconfig] [0m[36m clone[0m[90m | [0mremote: Compressing objects:   4% (6/145)        [35m[nvim-lspconfig] [0m[36m clone[0m[90m | [0mremote: Compressing objects:   5% (8/145)        [35m[nvim-lspconfig] [0m[36m clone[0m[90m | [0mremote: Compressing objects:   6% (9/145)        [35m[nvim-lspconfig] [0m[36m clone[0m[90m | [0mremote: Compressing objects:   7% (11/145)        [35m[nvim-lspconfig] [0m[36m clone[0m[90m | [0mremote: Compressing objects:   8% (12/145)        [35m[nvim-lspconfig] [0m[36m clone[0m[90m | [0mremote: Compressing objects:   9% (14/145)        [35m[nvim-lspconfig] [0m[36m clone[0m[90m | [0mremote: Compressing objects:  10% (15/145)        [35m[nvim-lspconfig] [0m[36m clone[0m[90m | [0mremote: Compressing objects:  11% (16/145)        [35m[nvim-lspconfig] [0m[36m clone[0m[90m | [0mremote: Compressing objects:  12% (18/145)        [35m[nvim-lspconfig] [0m[36m clone[0m[90m | [0mremote: Compressing objects:  13% (19/145)        [35m[nvim-lspconfig] [0m[36m clone[0m[90m | [0mremote: Compressing objects:  14% (21/145)        [35m[nvim-lspconfig] [0m[36m clone[0m[90m | [0mremote: Compressing objects:  15% (22/145)        [35m[nvim-lspconfig] [0m[36m clone[0m[90m | [0mremote: Compressing objects:  16% (24/145)        [35m[nvim-lspconfig] [0m[36m clone[0m[90m | [0mremote: Compressing objects:  17% (25/145)        [35m[nvim-lspconfig] [0m[36m clone[0m[90m | [0mremote: Compressing objects:  18% (27/145)        [35m[nvim-lspconfig] [0m[36m clone[0m[90m | [0mremote: Compressing objects:  19% (28/145)        [35m[nvim-lspconfig] [0m[36m clone[0m[90m | [0mremote: Compressing objects:  20% (29/145)        [35m[nvim-lspconfig] [0m[36m clone[0m[90m | [0mremote: Compressing objects:  21% (31/145)        [35m[nvim-lspconfig] [0m[36m clone[0m[90m | [0mremote: Compressing objects:  22% (32/145)        [35m[nvim-lspconfig] [0m[36m clone[0m[90m | [0mremote: Compressing objects:  23% (34/145)        [35m[nvim-lspconfig] [0m[36m clone[0m[90m | [0mremote: Compressing objects:  24% (35/145)        [35m[nvim-lspconfig] [0m[36m clone[0m[90m | [0mremote: Compressing objects:  25% (37/145)        [35m[nvim-lspconfig] [0m[36m clone[0m[90m | [0mremote: Compressing objects:  26% (38/145)        [35m[nvim-lspconfig] [0m[36m clone[0m[90m | [0mremote: Compressing objects:  27% (40/145)        [35m[nvim-lspconfig] [0m[36m clone[0m[90m | [0mremote: Compressing objects:  28% (41/145)        [35m[nvim-lspconfig] [0m[36m clone[0m[90m | [0mremote: Compressing objects:  29% (43/145)        [35m[nvim-lspconfig] [0m[36m clone[0m[90m | [0mremote: Compressing objects:  30% (44/145)        [35m[nvim-lspconfig] [0m[36m clone[0m[90m | [0mremote: Compressing objects:  31% (45/145)        [35m[nvim-lspconfig] [0m[36m clone[0m[90m | [0mremote: Compressing objects:  32% (47/145)        [35m[nvim-lspconfig] [0m[36m clone[0m[90m | [0mremote: Compressing objects:  33% (48/145)        [35m[nvim-lspconfig] [0m[36m clone[0m[90m | [0mremote: Compressing objects:  34% (50/145)        [35m[nvim-lspconfig] [0m[36m clone[0m[90m | [0mremote: Compressing objects:  35% (51/145)        [35m[nvim-lspconfig] [0m[36m clone[0m[90m | [0mremote: Compressing objects:  36% (53/145)        [35m[nvim-lspconfig] [0m[36m clone[0m[90m | [0mremote: Compressing objects:  37% (54/145)        [35m[nvim-lspconfig] [0m[36m clone[0m[90m | [0mremote: Compressing objects:  38% (56/145)        [35m[nvim-lspconfig] [0m[36m clone[0m[90m | [0mremote: Compressing objects:  39% (57/145)        [35m[nvim-lspconfig] [0m[36m clone[0m[90m | [0mremote: Compressing objects:  40% (58/145)        [35m[nvim-lspconfig] [0m[36m clone[0m[90m | [0mremote: Compressing objects:  41% (60/145)        [35m[nvim-lspconfig] [0m[36m clone[0m[90m | [0mremote: Compressing objects:  42% (61/145)        [35m[nvim-lspconfig] [0m[36m clone[0m[90m | [0mremote: Compressing objects:  43% (63/145)        [35m[nvim-lspconfig] [0m[36m clone[0m[90m | [0mremote: Compressing objects:  44% (64/145)        [35m[nvim-lspconfig] [0m[36m clone[0m[90m | [0mremote: Compressing objects:  45% (66/145)        [35m[nvim-lspconfig] [0m[36m clone[0m[90m | [0mremote: Compressing objects:  46% (67/145)        [35m[nvim-lspconfig] [0m[36m clone[0m[90m | [0mremote: Compressing objects:  47% (69/145)        [35m[nvim-lspconfig] [0m[36m clone[0m[90m | [0mremote: Compressing objects:  48% (70/145)        [35m[nvim-lspconfig] [0m[36m clone[0m[90m | [0mremote: Compressing objects:  49% (72/145)        [35m[nvim-lspconfig] [0m[36m clone[0m[90m | [0mremote: Compressing objects:  50% (73/145)        [35m[nvim-lspconfig] [0m[36m clone[0m[90m | [0mremote: Compressing objects:  51% (74/145)        [35m[nvim-lspconfig] [0m[36m clone[0m[90m | [0mremote: Compressing objects:  52% (76/145)        [35m[nvim-lspconfig] [0m[36m clone[0m[90m | [0mremote: Compressing objects:  53% (77/145)        [35m[nvim-lspconfig] [0m[36m clone[0m[90m | [0mremote: Compressing objects:  54% (79/145)        [35m[nvim-lspconfig] [0m[36m clone[0m[90m | [0mremote: Compressing objects:  55% (80/145)        [35m[nvim-lspconfig] [0m[36m clone[0m[90m | [0mremote: Compressing objects:  56% (82/145)        [35m[nvim-lspconfig] [0m[36m clone[0m[90m | [0mremote: Compressing objects:  57% (83/145)        [35m[nvim-lspconfig] [0m[36m clone[0m[90m | [0mremote: Compressing objects:  58% (85/145)        [35m[nvim-lspconfig] [0m[36m clone[0m[90m | [0mremote: Compressing objects:  59% (86/145)        [35m[nvim-lspconfig] [0m[36m clone[0m[90m | [0mremote: Compressing objects:  60% (87/145)        [35m[nvim-lspconfig] [0m[36m clone[0m[90m | [0mremote: Compressing objects:  61% (89/145)        [35m[nvim-lspconfig] [0m[36m clone[0m[90m | [0mremote: Compressing objects:  62% (90/145)        [35m[nvim-lspconfig] [0m[36m clone[0m[90m | [0mremote: Compressing objects:  63% (92/145)        [35m[nvim-lspconfig] [0m[36m clone[0m[90m | [0mremote: Compressing objects:  64% (93/145)        [35m[nvim-lspconfig] [0m[36m clone[0m[90m | [0mremote: Compressing objects:  65% (95/145)        [35m[nvim-lspconfig] [0m[36m clone[0m[90m | [0mremote: Compressing objects:  66% (96/145)        [35m[nvim-lspconfig] [0m[36m clone[0m[90m | [0mremote: Compressing objects:  67% (98/145)        [35m[nvim-lspconfig] [0m[36m clone[0m[90m | [0mremote: Compressing objects:  68% (99/145)        [35m[kulala.nvim] [0m[36m    clone[0m[90m | [0mremote: Counting objects:  30% (25/81)        [35m[kulala.nvim] [0m[36m    clone[0m[90m | [0mremote: Counting objects:  32% (26/81)        [35m[kulala.nvim] [0m[36m    clone[0m[90m | [0mremote: Counting objects:  33% (27/81)        [35m[kulala.nvim] [0m[36m    clone[0m[90m | [0mremote: Counting objects:  34% (28/81)        [35m[kulala.nvim] [0m[36m    clone[0m[90m | [0mremote: Counting objects:  35% (29/81)        [35m[kulala.nvim] [0m[36m    clone[0m[90m | [0mremote: Counting objects:  37% (30/81)        [35m[kulala.nvim] [0m[36m    clone[0m[90m | [0mremote: Counting objects:  38% (31/81)        [35m[kulala.nvim] [0m[36m    clone[0m[90m | [0mremote: Counting objects:  39% (32/81)        [35m[kulala.nvim] [0m[36m    clone[0m[90m | [0mremote: Counting objects:  40% (33/81)        [35m[kulala.nvim] [0m[36m    clone[0m[90m | [0mremote: Counting objects:  41% (34/81)        [35m[kulala.nvim] [0m[36m    clone[0m[90m | [0mremote: Counting objects:  43% (35/81)        [35m[kulala.nvim] [0m[36m    clone[0m[90m | [0mremote: Counting objects:  44% (36/81)        [35m[kulala.nvim] [0m[36m    clone[0m[90m | [0mremote: Counting objects:  45% (37/81)        [35m[kulala.nvim] [0m[36m    clone[0m[90m | [0mremote: Counting objects:  46% (38/81)        [35m[kulala.nvim] [0m[36m    clone[0m[90m | [0mremote: Counting objects:  48% (39/81)        [35m[kulala.nvim] [0m[36m    clone[0m[90m | [0mremote: Counting objects:  49% (40/81)        [35m[kulala.nvim] [0m[36m    clone[0m[90m | [0mremote: Counting objects:  50% (41/81)        [35m[kulala.nvim] [0m[36m    clone[0m[90m | [0mremote: Counting objects:  51% (42/81)        [35m[kulala.nvim] [0m[36m    clone[0m[90m | [0mremote: Counting objects:  53% (43/81)        [35m[kulala.nvim] [0m[36m    clone[0m[90m | [0mremote: Counting objects:  54% (44/81)        [35m[kulala.nvim] [0m[36m    clone[0m[90m | [0mremote: Counting objects:  55% (45/81)        [35m[kulala.nvim] [0m[36m    clone[0m[90m | [0mremote: Counting objects:  56% (46/81)        [35m[kulala.nvim] [0m[36m    clone[0m[90m | [0mremote: Counting objects:  58% (47/81)        [35m[kulala.nvim] [0m[36m    clone[0m[90m | [0mremote: Counting objects:  59% (48/81)        [35m[kulala.nvim] [0m[36m    clone[0m[90m | [0mremote: Counting objects:  60% (49/81)        [35m[kulala.nvim] [0m[36m    clone[0m[90m | [0mremote: Counting objects:  61% (50/81)        [35m[kulala.nvim] [0m[36m    clone[0m[90m | [0mremote: Counting objects:  62% (51/81)        [35m[kulala.nvim] [0m[36m    clone[0m[90m | [0mremote: Counting objects:  64% (52/81)        [35m[kulala.nvim] [0m[36m    clone[0m[90m | [0mremote: Counting objects:  65% (53/81)        [35m[kulala.nvim] [0m[36m    clone[0m[90m | [0mremote: Counting objects:  66% (54/81)        [35m[kulala.nvim] [0m[36m    clone[0m[90m | [0mremote: Counting objects:  67% (55/81)        [35m[kulala.nvim] [0m[36m    clone[0m[90m | [0mremote: Counting objects:  69% (56/81)        [35m[kulala.nvim] [0m[36m    clone[0m[90m | [0mremote: Counting objects:  70% (57/81)        [35m[kulala.nvim] [0m[36m    clone[0m[90m | [0mremote: Counting objects:  71% (58/81)        [35m[kulala.nvim] [0m[36m    clone[0m[90m | [0mremote: Counting objects:  72% (59/81)        [35m[kulala.nvim] [0m[36m    clone[0m[90m | [0mremote: Counting objects:  74% (60/81)        [35m[kulala.nvim] [0m[36m    clone[0m[90m | [0mremote: Counting objects:  75% (61/81)        [35m[kulala.nvim] [0m[36m    clone[0m[90m | [0mremote: Counting objects:  76% (62/81)        [35m[kulala.nvim] [0m[36m    clone[0m[90m | [0mremote: Counting objects:  77% (63/81)        [35m[kulala.nvim] [0m[36m    clone[0m[90m | [0mremote: Counting objects:  79% (64/81)        [35m[kulala.nvim] [0m[36m    clone[0m[90m | [0mremote: Counting objects:  80% (65/81)        [35m[kulala.nvim] [0m[36m    clone[0m[90m | [0mremote: Counting objects:  81% (66/81)        [35m[kulala.nvim] [0m[36m    clone[0m[90m | [0mremote: Counting objects:  82% (67/81)        [35m[kulala.nvim] [0m[36m    clone[0m[90m | [0mremote: Counting objects:  83% (68/81)        [35m[kulala.nvim] [0m[36m    clone[0m[90m | [0mremote: Counting objects:  85% (69/81)        [35m[kulala.nvim] [0m[36m    clone[0m[90m | [0mremote: Counting objects:  86% (70/81)        [35m[kulala.nvim] [0m[36m    clone[0m[90m | [0mremote: Counting objects:  87% (71/81)        [35m[kulala.nvim] [0m[36m    clone[0m[90m | [0mremote: Counting objects:  88% (72/81)        [35m[kulala.nvim] [0m[36m    clone[0m[90m | [0mremote: Counting objects:  90% (73/81)        [35m[kulala.nvim] [0m[36m    clone[0m[90m | [0mremote: Counting objects:  91% (74/81)        [35m[kulala.nvim] [0m[36m    clone[0m[90m | [0mremote: Counting objects:  92% (75/81)        [35m[kulala.nvim] [0m[36m    clone[0m[90m | [0mremote: Counting objects:  93% (76/81)        [35m[kulala.nvim] [0m[36m    clone[0m[90m | [0mremote: Counting objects:  95% (77/81)        [35m[kulala.nvim] [0m[36m    clone[0m[90m | [0mremote: Counting objects:  96% (78/81)        [35m[kulala.nvim] [0m[36m    clone[0m[90m | [0mremote: Counting objects:  97% (79/81)        [35m[kulala.nvim] [0m[36m    clone[0m[90m | [0mremote: Counting objects:  98% (80/81)        [35m[kulala.nvim] [0m[36m    clone[0m[90m | [0mremote: Counting objects: 100% (81/81)        [35m[kulala.nvim] [0m[36m    clone[0m[90m | [0mremote: Counting objects: 100% (81/81), done.        
[35m[kulala.nvim] [0m[36m    clone[0m[90m | [0mremote: Compressing objects:   1% (1/81)        [35m[kulala.nvim] [0m[36m    clone[0m[90m | [0mremote: Compressing objects:   2% (2/81)        [35m[kulala.nvim] [0m[36m    clone[0m[90m | [0mremote: Compressing objects:   3% (3/81)        [35m[kulala.nvim] [0m[36m    clone[0m[90m | [0mremote: Compressing objects:   4% (4/81)        [35m[kulala.nvim] [0m[36m    clone[0m[90m | [0mremote: Compressing objects:   6% (5/81)        [35m[kulala.nvim] [0m[36m    clone[0m[90m | [0mremote: Compressing objects:   7% (6/81)        [35m[kulala.nvim] [0m[36m    clone[0m[90m | [0mremote: Compressing objects:   8% (7/81)        [35m[kulala.nvim] [0m[36m    clone[0m[90m | [0mremote: Compressing objects:   9% (8/81)        [35m[kulala.nvim] [0m[36m    clone[0m[90m | [0mremote: Compressing objects:  11% (9/81)        [35m[kulala.nvim] [0m[36m    clone[0m[90m | [0mremote: Compressing objects:  12% (10/81)        [35m[kulala.nvim] [0m[36m    clone[0m[90m | [0mremote: Compressing objects:  13% (11/81)        [35m[kulala.nvim] [0m[36m    clone[0m[90m | [0mremote: Compressing objects:  14% (12/81)        [35m[kulala.nvim] [0m[36m    clone[0m[90m | [0mremote: Compressing objects:  16% (13/81)        [35m[kulala.nvim] [0m[36m    clone[0m[90m | [0mremote: Compressing objects:  17% (14/81)        [35m[kulala.nvim] [0m[36m    clone[0m[90m | [0mremote: Compressing objects:  18% (15/81)        [35m[kulala.nvim] [0m[36m    clone[0m[90m | [0mremote: Compressing objects:  19% (16/81)        [35m[kulala.nvim] [0m[36m    clone[0m[90m | [0mremote: Compressing objects:  20% (17/81)        [35m[kulala.nvim] [0m[36m    clone[0m[90m | [0mremote: Compressing objects:  22% (18/81)        [35m[kulala.nvim] [0m[36m    clone[0m[90m | [0mremote: Compressing objects:  23% (19/81)        [35m[nvim-lspconfig] [0m[36m clone[0m[90m | [0mremote: Compressing objects:  69% (101/145)        [35m[nvim-lspconfig] [0m[36m clone[0m[90m | [0mremote: Compressing objects:  70% (102/145)        [35m[nvim-lspconfig] [0m[36m clone[0m[90m | [0mremote: Compressing objects:  71% (103/145)        [35m[nvim-lspconfig] [0m[36m clone[0m[90m | [0mremote: Compressing objects:  72% (105/145)        [35m[nvim-lspconfig] [0m[36m clone[0m[90m | [0mremote: Compressing objects:  73% (106/145)        [35m[nvim-lspconfig] [0m[36m clone[0m[90m | [0mremote: Compressing objects:  74% (108/145)        [35m[nvim-lspconfig] [0m[36m clone[0m[90m | [0mremote: Compressing objects:  75% (109/145)        [35m[nvim-lspconfig] [0m[36m clone[0m[90m | [0mremote: Compressing objects:  76% (111/145)        [35m[nvim-lspconfig] [0m[36m clone[0m[90m | [0mremote: Compressing objects:  77% (112/145)        [35m[nvim-lspconfig] [0m[36m clone[0m[90m | [0mremote: Compressing objects:  78% (114/145)        [35m[nvim-lspconfig] [0m[36m clone[0m[90m | [0mremote: Compressing objects:  79% (115/145)        [35m[nvim-lspconfig] [0m[36m clone[0m[90m | [0mremote: Compressing objects:  80% (116/145)        [35m[nvim-lspconfig] [0m[36m clone[0m[90m | [0mremote: Compressing objects:  81% (118/145)        [35m[nvim-lspconfig] [0m[36m clone[0m[90m | [0mremote: Compressing objects:  82% (119/145)        [35m[nvim-lspconfig] [0m[36m clone[0m[90m | [0mremote: Compressing objects:  83% (121/145)        [35m[nvim-lspconfig] [0m[36m clone[0m[90m | [0mremote: Compressing objects:  84% (122/145)        [35m[nvim-lspconfig] [0m[36m clone[0m[90m | [0mremote: Compressing objects:  85% (124/145)        [35m[nvim-lspconfig] [0m[36m clone[0m[90m | [0mremote: Compressing objects:  86% (125/145)        [35m[nvim-lspconfig] [0m[36m clone[0m[90m | [0mremote: Compressing objects:  87% (127/145)        [35m[nvim-lspconfig] [0m[36m clone[0m[90m | [0mremote: Compressing objects:  88% (128/145)        [35m[nvim-lspconfig] [0m[36m clone[0m[90m | [0mremote: Compressing objects:  89% (130/145)        [35m[nvim-lspconfig] [0m[36m clone[0m[90m | [0mremote: Compressing objects:  90% (131/145)        [35m[nvim-lspconfig] [0m[36m clone[0m[90m | [0mremote: Compressing objects:  91% (132/145)        [35m[nvim-lspconfig] [0m[36m clone[0m[90m | [0mremote: Compressing objects:  92% (134/145)        [35m[nvim-lspconfig] [0m[36m clone[0m[90m | [0mremote: Compressing objects:  93% (135/145)        [35m[nvim-lspconfig] [0m[36m clone[0m[90m | [0mremote: Compressing objects:  94% (137/145)        [35m[nvim-lspconfig] [0m[36m clone[0m[90m | [0mremote: Compressing objects:  95% (138/145)        [35m[nvim-lspconfig] [0m[36m clone[0m[90m | [0mremote: Compressing objects:  96% (140/145)        [35m[nvim-lspconfig] [0m[36m clone[0m[90m | [0mremote: Compressing objects:  97% (141/145)        [35m[nvim-lspconfig] [0m[36m clone[0m[90m | [0mremote: Compressing objects:  98% (143/145)        [35m[nvim-lspconfig] [0m[36m clone[0m[90m | [0mremote: Compressing objects:  99% (144/145)        [35m[nvim-lspconfig] [0m[36m clone[0m[90m | [0mremote: Compressing objects: 100% (145/145)        [35m[nvim-lspconfig] [0m[36m clone[0m[90m | [0mremote: Compressing objects: 100% (145/145), done.        
[35m[kulala.nvim] [0m[36m    clone[0m[90m | [0mremote: Compressing objects:  24% (20/81)        [35m[kulala.nvim] [0m[36m    clone[0m[90m | [0mremote: Compressing objects:  25% (21/81)        [35m[kulala.nvim] [0m[36m    clone[0m[90m | [0mremote: Compressing objects:  27% (22/81)        [35m[kulala.nvim] [0m[36m    clone[0m[90m | [0mremote: Compressing objects:  28% (23/81)        [35m[kulala.nvim] [0m[36m    clone[0m[90m | [0mremote: Compressing objects:  29% (24/81)        [35m[kulala.nvim] [0m[36m    clone[0m[90m | [0mremote: Compressing objects:  30% (25/81)        [35m[kulala.nvim] [0m[36m    clone[0m[90m | [0mremote: Compressing objects:  32% (26/81)        [35m[kulala.nvim] [0m[36m    clone[0m[90m | [0mremote: Compressing objects:  33% (27/81)        [35m[kulala.nvim] [0m[36m    clone[0m[90m | [0mremote: Compressing objects:  34% (28/81)        [35m[kulala.nvim] [0m[36m    clone[0m[90m | [0mremote: Compressing objects:  35% (29/81)        [35m[kulala.nvim] [0m[36m    clone[0m[90m | [0mremote: Compressing objects:  37% (30/81)        [35m[kulala.nvim] [0m[36m    clone[0m[90m | [0mremote: Compressing objects:  38% (31/81)        [35m[kulala.nvim] [0m[36m    clone[0m[90m | [0mremote: Compressing objects:  39% (32/81)        [35m[kulala.nvim] [0m[36m    clone[0m[90m | [0mremote: Compressing objects:  40% (33/81)        [35m[kulala.nvim] [0m[36m    clone[0m[90m | [0mremote: Compressing objects:  41% (34/81)        [35m[kulala.nvim] [0m[36m    clone[0m[90m | [0mremote: Compressing objects:  43% (35/81)        [35m[kulala.nvim] [0m[36m    clone[0m[90m | [0mremote: Compressing objects:  44% (36/81)        [35m[kulala.nvim] [0m[36m    clone[0m[90m | [0mremote: Compressing objects:  45% (37/81)        [35m[kulala.nvim] [0m[36m    clone[0m[90m | [0mremote: Compressing objects:  46% (38/81)        [35m[kulala.nvim] [0m[36m    clone[0m[90m | [0mremote: Compressing objects:  48% (39/81)        [35m[kulala.nvim] [0m[36m    clone[0m[90m | [0mremote: Compressing objects:  49% (40/81)        [35m[kulala.nvim] [0m[36m    clone[0m[90m | [0mremote: Compressing objects:  50% (41/81)        [35m[kulala.nvim] [0m[36m    clone[0m[90m | [0mremote: Compressing objects:  51% (42/81)        [35m[kulala.nvim] [0m[36m    clone[0m[90m | [0mremote: Compressing objects:  53% (43/81)        [35m[kulala.nvim] [0m[36m    clone[0m[90m | [0mremote: Compressing objects:  54% (44/81)        [35m[kulala.nvim] [0m[36m    clone[0m[90m | [0mremote: Compressing objects:  55% (45/81)        [35m[kulala.nvim] [0m[36m    clone[0m[90m | [0mremote: Compressing objects:  56% (46/81)        [35m[kulala.nvim] [0m[36m    clone[0m[90m | [0mremote: Compressing objects:  58% (47/81)        [35m[kulala.nvim] [0m[36m    clone[0m[90m | [0mremote: Compressing objects:  59% (48/81)        [35m[kulala.nvim] [0m[36m    clone[0m[90m | [0mremote: Compressing objects:  60% (49/81)        [35m[kulala.nvim] [0m[36m    clone[0m[90m | [0mremote: Compressing objects:  61% (50/81)        [35m[kulala.nvim] [0m[36m    clone[0m[90m | [0mremote: Compressing objects:  62% (51/81)        [35m[kulala.nvim] [0m[36m    clone[0m[90m | [0mremote: Compressing objects:  64% (52/81)        [35m[kulala.nvim] [0m[36m    clone[0m[90m | [0mremote: Compressing objects:  65% (53/81)        [35m[kulala.nvim] [0m[36m    clone[0m[90m | [0mremote: Compressing objects:  66% (54/81)        [35m[kulala.nvim] [0m[36m    clone[0m[90m | [0mremote: Compressing objects:  67% (55/81)        [35m[kulala.nvim] [0m[36m    clone[0m[90m | [0mremote: Compressing objects:  69% (56/81)        [35m[kulala.nvim] [0m[36m    clone[0m[90m | [0mremote: Compressing objects:  70% (57/81)        [35m[kulala.nvim] [0m[36m    clone[0m[90m | [0mremote: Compressing objects:  71% (58/81)        [35m[kulala.nvim] [0m[36m    clone[0m[90m | [0mremote: Compressing objects:  72% (59/81)        [35m[kulala.nvim] [0m[36m    clone[0m[90m | [0mremote: Compressing objects:  74% (60/81)        [35m[kulala.nvim] [0m[36m    clone[0m[90m | [0mremote: Compressing objects:  75% (61/81)        [35m[kulala.nvim] [0m[36m    clone[0m[90m | [0mremote: Compressing objects:  76% (62/81)        [35m[kulala.nvim] [0m[36m    clone[0m[90m | [0mremote: Compressing objects:  77% (63/81)        [35m[kulala.nvim] [0m[36m    clone[0m[90m | [0mremote: Compressing objects:  79% (64/81)        [35m[kulala.nvim] [0m[36m    clone[0m[90m | [0mremote: Compressing objects:  80% (65/81)        [35m[kulala.nvim] [0m[36m    clone[0m[90m | [0mremote: Compressing objects:  81% (66/81)        [35m[kulala.nvim] [0m[36m    clone[0m[90m | [0mremote: Compressing objects:  82% (67/81)        [35m[kulala.nvim] [0m[36m    clone[0m[90m | [0mremote: Compressing objects:  83% (68/81)        [35m[kulala.nvim] [0m[36m    clone[0m[90m | [0mremote: Compressing objects:  85% (69/81)        [35m[kulala.nvim] [0m[36m    clone[0m[90m | [0mremote: Compressing objects:  86% (70/81)        [35m[kulala.nvim] [0m[36m    clone[0m[90m | [0mremote: Compressing objects:  87% (71/81)        [35m[kulala.nvim] [0m[36m    clone[0m[90m | [0mremote: Compressing objects:  88% (72/81)        [35m[kulala.nvim] [0m[36m    clone[0m[90m | [0mremote: Compressing objects:  90% (73/81)        [35m[kulala.nvim] [0m[36m    clone[0m[90m | [0mremote: Compressing objects:  91% (74/81)        [35m[kulala.nvim] [0m[36m    clone[0m[90m | [0mremote: Compressing objects:  92% (75/81)        [35m[kulala.nvim] [0m[36m    clone[0m[90m | [0mremote: Compressing objects:  93% (76/81)        [35m[kulala.nvim] [0m[36m    clone[0m[90m | [0mremote: Compressing objects:  95% (77/81)        [35m[kulala.nvim] [0m[36m    clone[0m[90m | [0mremote: Compressing objects:  96% (78/81)        [35m[kulala.nvim] [0m[36m    clone[0m[90m | [0mremote: Compressing objects:  97% (79/81)        [35m[kulala.nvim] [0m[36m    clone[0m[90m | [0mremote: Compressing objects:  98% (80/81)        [35m[kulala.nvim] [0m[36m    clone[0m[90m | [0mremote: Compressing objects: 100% (81/81)        [35m[kulala.nvim] [0m[36m    clone[0m[90m | [0mremote: Compressing objects: 100% (81/81), done.        
[35m[catppuccin] [0m[36m     clone[0m[90m | [0mReceiving objects:   3% (237/7890)[35m[LazyVim] [0m[36m        clone[0m[90m | [0mReceiving objects:  18% (3032/16842), 1.96 MiB | 3.91 MiB/s[35m[catppuccin] [0m[36m     clone[0m[90m | [0mReceiving objects:   4% (316/7890)[35m[alpha-nvim] [0m[36m     clone[0m[90m | [0mReceiving objects:  55% (623/1132)[35m[alpha-nvim] [0m[36m     clone[0m[90m | [0mReceiving objects:  56% (634/1132)[35m[alpha-nvim] [0m[36m     clone[0m[90m | [0mReceiving objects:  57% (646/1132)[35m[alpha-nvim] [0m[36m     clone[0m[90m | [0mReceiving objects:  58% (657/1132)[35m[alpha-nvim] [0m[36m     clone[0m[90m | [0mReceiving objects:  59% (668/1132)[35m[alpha-nvim] [0m[36m     clone[0m[90m | [0mReceiving objects:  60% (680/1132)[35m[alpha-nvim] [0m[36m     clone[0m[90m | [0mReceiving objects:  61% (691/1132)[35m[alpha-nvim] [0m[36m     clone[0m[90m | [0mReceiving objects:  62% (702/1132)[35m[alpha-nvim] [0m[36m     clone[0m[90m | [0mReceiving objects:  63% (714/1132)[35m[alpha-nvim] [0m[36m     clone[0m[90m | [0mReceiving objects:  64% (725/1132)[35m[claudecode.nvim] [0m[36mclone[0m[90m | [0mReceiving objects:  32% (339/1058)[35m[claudecode.nvim] [0m[36mclone[0m[90m | [0mReceiving objects:  33% (350/1058)[35m[alpha-nvim] [0m[36m     clone[0m[90m | [0mReceiving objects:  65% (736/1132)[35m[alpha-nvim] [0m[36m     clone[0m[90m | [0mReceiving objects:  66% (748/1132)[35m[claudecode.nvim] [0m[36mclone[0m[90m | [0mReceiving objects:  34% (360/1058)[35m[alpha-nvim] [0m[36m     clone[0m[90m | [0mReceiving objects:  67% (759/1132)[35m[alpha-nvim] [0m[36m     clone[0m[90m | [0mReceiving objects:  68% (770/1132)[35m[alpha-nvim] [0m[36m     clone[0m[90m | [0mReceiving objects:  69% (782/1132)[35m[alpha-nvim] [0m[36m     clone[0m[90m | [0mReceiving objects:  70% (793/1132)[35m[claudecode.nvim] [0m[36mclone[0m[90m | [0mReceiving objects:  35% (371/1058)[35m[claudecode.nvim] [0m[36mclone[0m[90m | [0mReceiving objects:  36% (381/1058)[35m[claudecode.nvim] [0m[36mclone[0m[90m | [0mReceiving objects:  37% (392/1058)[35m[alpha-nvim] [0m[36m     clone[0m[90m | [0mReceiving objects:  71% (804/1132)[35m[alpha-nvim] [0m[36m     clone[0m[90m | [0mReceiving objects:  72% (816/1132)[35m[LazyVim] [0m[36m        clone[0m[90m | [0mReceiving objects:  19% (3200/16842), 1.96 MiB | 3.91 MiB/s[35m[alpha-nvim] [0m[36m     clone[0m[90m | [0mReceiving objects:  73% (827/1132)[35m[alpha-nvim] [0m[36m     clone[0m[90m | [0mReceiving objects:  74% (838/1132)[35m[alpha-nvim] [0m[36m     clone[0m[90m | [0mReceiving objects:  75% (849/1132)[35m[alpha-nvim] [0m[36m     clone[0m[90m | [0mReceiving objects:  76% (861/1132)[35m[claudecode.nvim] [0m[36mclone[0m[90m | [0mReceiving objects:  38% (403/1058)[35m[alpha-nvim] [0m[36m     clone[0m[90m | [0mReceiving objects:  77% (872/1132)[35m[alpha-nvim] [0m[36m     clone[0m[90m | [0mReceiving objects:  78% (883/1132)[35m[alpha-nvim] [0m[36m     clone[0m[90m | [0mReceiving objects:  79% (895/1132)[35m[alpha-nvim] [0m[36m     clone[0m[90m | [0mReceiving objects:  80% (906/1132)[35m[alpha-nvim] [0m[36m     clone[0m[90m | [0mReceiving objects:  81% (917/1132)[35m[claudecode.nvim] [0m[36mclone[0m[90m | [0mReceiving objects:  39% (413/1058)[35m[claudecode.nvim] [0m[36mclone[0m[90m | [0mReceiving objects:  40% (424/1058)[35m[alpha-nvim] [0m[36m     clone[0m[90m | [0mReceiving objects:  82% (929/1132)[35m[claudecode.nvim] [0m[36mclone[0m[90m | [0mReceiving objects:  41% (434/1058)[35m[LazyVim] [0m[36m        clone[0m[90m | [0mReceiving objects:  20% (3369/16842), 1.96 MiB | 3.91 MiB/s[35m[alpha-nvim] [0m[36m     clone[0m[90m | [0mReceiving objects:  83% (940/1132)[35m[alpha-nvim] [0m[36m     clone[0m[90m | [0mReceiving objects:  84% (951/1132)[35m[alpha-nvim] [0m[36m     clone[0m[90m | [0mReceiving objects:  85% (963/1132)[35m[alpha-nvim] [0m[36m     clone[0m[90m | [0mReceiving objects:  86% (974/1132)[35m[LazyVim] [0m[36m        clone[0m[90m | [0mReceiving objects:  21% (3537/16842), 1.96 MiB | 3.91 MiB/s[35m[alpha-nvim] [0m[36m     clone[0m[90m | [0mReceiving objects:  87% (985/1132)[35m[alpha-nvim] [0m[36m     clone[0m[90m | [0mReceiving objects:  88% (997/1132)[35m[alpha-nvim] [0m[36m     clone[0m[90m | [0mReceiving objects:  89% (1008/1132)[35m[alpha-nvim] [0m[36m     clone[0m[90m | [0mReceiving objects:  90% (1019/1132)[35m[alpha-nvim] [0m[36m     clone[0m[90m | [0mReceiving objects:  91% (1031/1132)[35m[alpha-nvim] [0m[36m     clone[0m[90m | [0mReceiving objects:  92% (1042/1132)[35m[alpha-nvim] [0m[36m     clone[0m[90m | [0mReceiving objects:  93% (1053/1132)[35m[alpha-nvim] [0m[36m     clone[0m[90m | [0mReceiving objects:  94% (1065/1132)[35m[alpha-nvim] [0m[36m     clone[0m[90m | [0mReceiving objects:  95% (1076/1132)[35m[alpha-nvim] [0m[36m     clone[0m[90m | [0mReceiving objects:  96% (1087/1132)[35m[alpha-nvim] [0m[36m     clone[0m[90m | [0mremote: Total 1132 (delta 144), reused 142 (delta 132), pack-reused 910 (from 3)        
[35m[alpha-nvim] [0m[36m     clone[0m[90m | [0mReceiving objects:  97% (1099/1132)[35m[LazyVim] [0m[36m        clone[0m[90m | [0mReceiving objects:  22% (3706/16842), 1.96 MiB | 3.91 MiB/s[35m[alpha-nvim] [0m[36m     clone[0m[90m | [0mReceiving objects:  98% (1110/1132)[35m[alpha-nvim] [0m[36m     clone[0m[90m | [0mReceiving objects:  99% (1121/1132)[35m[alpha-nvim] [0m[36m     clone[0m[90m | [0mReceiving objects: 100% (1132/1132)[35m[alpha-nvim] [0m[36m     clone[0m[90m | [0mReceiving objects: 100% (1132/1132), 138.91 KiB | 474.00 KiB/s, done.
[35m[alpha-nvim] [0m[36m     clone[0m[90m | [0mResolving deltas:   0% (0/288)[35m[alpha-nvim] [0m[36m     clone[0m[90m | [0mResolving deltas:   1% (3/288)[35m[alpha-nvim] [0m[36m     clone[0m[90m | [0mResolving deltas:   2% (6/288)[35m[alpha-nvim] [0m[36m     clone[0m[90m | [0mResolving deltas:   3% (9/288)[35m[alpha-nvim] [0m[36m     clone[0m[90m | [0mResolving deltas:   4% (12/288)[35m[alpha-nvim] [0m[36m     clone[0m[90m | [0mResolving deltas:   5% (15/288)[35m[alpha-nvim] [0m[36m     clone[0m[90m | [0mResolving deltas:   6% (18/288)[35m[alpha-nvim] [0m[36m     clone[0m[90m | [0mResolving deltas:   7% (21/288)[35m[alpha-nvim] [0m[36m     clone[0m[90m | [0mResolving deltas:   8% (24/288)[35m[alpha-nvim] [0m[36m     clone[0m[90m | [0mResolving deltas:   9% (26/288)[35m[alpha-nvim] [0m[36m     clone[0m[90m | [0mResolving deltas:  10% (30/288)[35m[alpha-nvim] [0m[36m     clone[0m[90m | [0mResolving deltas:  11% (33/288)[35m[alpha-nvim] [0m[36m     clone[0m[90m | [0mResolving deltas:  12% (36/288)[35m[alpha-nvim] [0m[36m     clone[0m[90m | [0mResolving deltas:  13% (39/288)[35m[alpha-nvim] [0m[36m     clone[0m[90m | [0mResolving deltas:  14% (41/288)[35m[alpha-nvim] [0m[36m     clone[0m[90m | [0mResolving deltas:  15% (44/288)[35m[alpha-nvim] [0m[36m     clone[0m[90m | [0mResolving deltas:  16% (47/288)[35m[alpha-nvim] [0m[36m     clone[0m[90m | [0mResolving deltas:  17% (49/288)[35m[alpha-nvim] [0m[36m     clone[0m[90m | [0mResolving deltas:  18% (54/288)[35m[alpha-nvim] [0m[36m     clone[0m[90m | [0mResolving deltas:  19% (55/288)[35m[alpha-nvim] [0m[36m     clone[0m[90m | [0mResolving deltas:  20% (58/288)[35m[alpha-nvim] [0m[36m     clone[0m[90m | [0mResolving deltas:  21% (61/288)[35m[alpha-nvim] [0m[36m     clone[0m[90m | [0mResolving deltas:  22% (64/288)[35m[alpha-nvim] [0m[36m     clone[0m[90m | [0mResolving deltas:  24% (70/288)[35m[alpha-nvim] [0m[36m     clone[0m[90m | [0mResolving deltas:  25% (72/288)[35m[alpha-nvim] [0m[36m     clone[0m[90m | [0mResolving deltas:  26% (76/288)[35m[alpha-nvim] [0m[36m     clone[0m[90m | [0mResolving deltas:  27% (78/288)[35m[alpha-nvim] [0m[36m     clone[0m[90m | [0mResolving deltas:  28% (81/288)[35m[alpha-nvim] [0m[36m     clone[0m[90m | [0mResolving deltas:  30% (88/288)[35m[alpha-nvim] [0m[36m     clone[0m[90m | [0mResolving deltas:  31% (90/288)[35m[alpha-nvim] [0m[36m     clone[0m[90m | [0mResolving deltas:  32% (94/288)[35m[alpha-nvim] [0m[36m     clone[0m[90m | [0mResolving deltas:  33% (96/288)[35m[alpha-nvim] [0m[36m     clone[0m[90m | [0mResolving deltas:  34% (100/288)[35m[alpha-nvim] [0m[36m     clone[0m[90m | [0mResolving deltas:  35% (101/288)[35m[alpha-nvim] [0m[36m     clone[0m[90m | [0mResolving deltas:  36% (104/288)[35m[alpha-nvim] [0m[36m     clone[0m[90m | [0mResolving deltas:  37% (107/288)[35m[alpha-nvim] [0m[36m     clone[0m[90m | [0mResolving deltas:  38% (110/288)[35m[alpha-nvim] [0m[36m     clone[0m[90m | [0mResolving deltas:  39% (113/288)[35m[alpha-nvim] [0m[36m     clone[0m[90m | [0mResolving deltas:  40% (117/288)[35m[alpha-nvim] [0m[36m     clone[0m[90m | [0mResolving deltas:  41% (119/288)[35m[alpha-nvim] [0m[36m     clone[0m[90m | [0mResolving deltas:  42% (121/288)[35m[alpha-nvim] [0m[36m     clone[0m[90m | [0mResolving deltas:  43% (124/288)[35m[alpha-nvim] [0m[36m     clone[0m[90m | [0mResolving deltas:  44% (127/288)[35m[alpha-nvim] [0m[36m     clone[0m[90m | [0mResolving deltas:  45% (130/288)[35m[alpha-nvim] [0m[36m     clone[0m[90m | [0mResolving deltas:  46% (133/288)[35m[alpha-nvim] [0m[36m     clone[0m[90m | [0mResolving deltas:  47% (137/288)[35m[alpha-nvim] [0m[36m     clone[0m[90m | [0mResolving deltas:  48% (139/288)[35m[alpha-nvim] [0m[36m     clone[0m[90m | [0mResolving deltas:  49% (142/288)[35m[alpha-nvim] [0m[36m     clone[0m[90m | [0mResolving deltas:  50% (144/288)[35m[alpha-nvim] [0m[36m     clone[0m[90m | [0mResolving deltas:  51% (147/288)[35m[alpha-nvim] [0m[36m     clone[0m[90m | [0mResolving deltas:  52% (150/288)[35m[alpha-nvim] [0m[36m     clone[0m[90m | [0mResolving deltas:  53% (153/288)[35m[alpha-nvim] [0m[36m     clone[0m[90m | [0mResolving deltas:  54% (156/288)[35m[alpha-nvim] [0m[36m     clone[0m[90m | [0mResolving deltas:  55% (159/288)[35m[alpha-nvim] [0m[36m     clone[0m[90m | [0mResolving deltas:  56% (162/288)[35m[alpha-nvim] [0m[36m     clone[0m[90m | [0mResolving deltas:  57% (165/288)[35m[alpha-nvim] [0m[36m     clone[0m[90m | [0mResolving deltas:  58% (168/288)[35m[alpha-nvim] [0m[36m     clone[0m[90m | [0mResolving deltas:  59% (171/288)[35m[alpha-nvim] [0m[36m     clone[0m[90m | [0mResolving deltas:  60% (174/288)[35m[alpha-nvim] [0m[36m     clone[0m[90m | [0mResolving deltas:  61% (176/288)[35m[alpha-nvim] [0m[36m     clone[0m[90m | [0mResolving deltas:  62% (179/288)[35m[alpha-nvim] [0m[36m     clone[0m[90m | [0mResolving deltas:  63% (182/288)[35m[alpha-nvim] [0m[36m     clone[0m[90m | [0mResolving deltas:  64% (186/288)[35m[alpha-nvim] [0m[36m     clone[0m[90m | [0mResolving deltas:  65% (188/288)[35m[alpha-nvim] [0m[36m     clone[0m[90m | [0mResolving deltas:  67% (193/288)[35m[alpha-nvim] [0m[36m     clone[0m[90m | [0mResolving deltas:  68% (196/288)[35m[alpha-nvim] [0m[36m     clone[0m[90m | [0mResolving deltas:  69% (199/288)[35m[alpha-nvim] [0m[36m     clone[0m[90m | [0mResolving deltas:  70% (203/288)[35m[alpha-nvim] [0m[36m     clone[0m[90m | [0mResolving deltas:  71% (205/288)[35m[alpha-nvim] [0m[36m     clone[0m[90m | [0mResolving deltas:  72% (209/288)[35m[alpha-nvim] [0m[36m     clone[0m[90m | [0mResolving deltas:  73% (211/288)[35m[alpha-nvim] [0m[36m     clone[0m[90m | [0mResolving deltas:  74% (214/288)[35m[alpha-nvim] [0m[36m     clone[0m[90m | [0mResolving deltas:  75% (216/288)[35m[alpha-nvim] [0m[36m     clone[0m[90m | [0mResolving deltas:  76% (219/288)[35m[alpha-nvim] [0m[36m     clone[0m[90m | [0mResolving deltas:  77% (222/288)[35m[alpha-nvim] [0m[36m     clone[0m[90m | [0mResolving deltas:  78% (225/288)[35m[alpha-nvim] [0m[36m     clone[0m[90m | [0mResolving deltas:  79% (228/288)[35m[alpha-nvim] [0m[36m     clone[0m[90m | [0mResolving deltas:  80% (231/288)[35m[alpha-nvim] [0m[36m     clone[0m[90m | [0mResolving deltas:  81% (234/288)[35m[alpha-nvim] [0m[36m     clone[0m[90m | [0mResolving deltas:  82% (237/288)[35m[alpha-nvim] [0m[36m     clone[0m[90m | [0mResolving deltas:  83% (240/288)[35m[alpha-nvim] [0m[36m     clone[0m[90m | [0mResolving deltas:  84% (242/288)[35m[alpha-nvim] [0m[36m     clone[0m[90m | [0mResolving deltas:  85% (245/288)[35m[alpha-nvim] [0m[36m     clone[0m[90m | [0mResolving deltas:  86% (250/288)[35m[alpha-nvim] [0m[36m     clone[0m[90m | [0mResolving deltas:  87% (251/288)[35m[alpha-nvim] [0m[36m     clone[0m[90m | [0mResolving deltas:  88% (254/288)[35m[alpha-nvim] [0m[36m     clone[0m[90m | [0mResolving deltas:  89% (257/288)[35m[alpha-nvim] [0m[36m     clone[0m[90m | [0mResolving deltas:  90% (260/288)[35m[alpha-nvim] [0m[36m     clone[0m[90m | [0mResolving deltas:  91% (263/288)[35m[alpha-nvim] [0m[36m     clone[0m[90m | [0mResolving deltas:  92% (265/288)[35m[alpha-nvim] [0m[36m     clone[0m[90m | [0mResolving deltas:  93% (268/288)[35m[alpha-nvim] [0m[36m     clone[0m[90m | [0mResolving deltas:  94% (271/288)[35m[alpha-nvim] [0m[36m     clone[0m[90m | [0mResolving deltas:  95% (274/288)[35m[alpha-nvim] [0m[36m     clone[0m[90m | [0mResolving deltas:  96% (277/288)[35m[alpha-nvim] [0m[36m     clone[0m[90m | [0mResolving deltas:  97% (280/288)[35m[alpha-nvim] [0m[36m     clone[0m[90m | [0mResolving deltas:  98% (283/288)[35m[alpha-nvim] [0m[36m     clone[0m[90m | [0mResolving deltas:  99% (286/288)[35m[alpha-nvim] [0m[36m     clone[0m[90m | [0mResolving deltas: 100% (288/288)[35m[alpha-nvim] [0m[36m     clone[0m[90m | [0mResolving deltas: 100% (288/288), done.
[35m[claudecode.nvim] [0m[36mclone[0m[90m | [0mReceiving objects:  42% (445/1058)[35m[claudecode.nvim] [0m[36mclone[0m[90m | [0mReceiving objects:  43% (455/1058)[35m[claudecode.nvim] [0m[36mclone[0m[90m | [0mReceiving objects:  44% (466/1058)[35m[claudecode.nvim] [0m[36mclone[0m[90m | [0mReceiving objects:  45% (477/1058)[35m[claudecode.nvim] [0m[36mclone[0m[90m | [0mReceiving objects:  46% (487/1058)[35m[claudecode.nvim] [0m[36mclone[0m[90m | [0mReceiving objects:  47% (498/1058)[35m[claudecode.nvim] [0m[36mclone[0m[90m | [0mReceiving objects:  48% (508/1058)[35m[LuaSnip] [0m[36m        clone[0m[90m | [0mReceiving objects:   2% (220/10973)[35m[LuaSnip] [0m[36m        clone[0m[90m | [0mReceiving objects:   3% (330/10973)[35m[LuaSnip] [0m[36m        clone[0m[90m | [0mReceiving objects:   4% (439/10973)[35m[conform.nvim] [0m[36m   clone[0m[90m | [0mReceiving objects:   0% (1/3535)[35m[cmp-path] [0m[36m       clone[0m[90m | [0mReceiving objects:   0% (1/270)[35m[cmp-path] [0m[36m       clone[0m[90m | [0mReceiving objects:   1% (3/270)[35m[cmp-path] [0m[36m       clone[0m[90m | [0mReceiving objects:   2% (6/270)[35m[cmp-path] [0m[36m       clone[0m[90m | [0mReceiving objects:   3% (9/270)[35m[cmp-path] [0m[36m       clone[0m[90m | [0mReceiving objects:   4% (11/270)[35m[cmp-path] [0m[36m       clone[0m[90m | [0mReceiving objects:   5% (14/270)[35m[cmp-path] [0m[36m       clone[0m[90m | [0mReceiving objects:   6% (17/270)[35m[cmp-path] [0m[36m       clone[0m[90m | [0mReceiving objects:   7% (19/270)[35m[conform.nvim] [0m[36m   clone[0m[90m | [0mReceiving objects:   1% (36/3535)[35m[cmp-path] [0m[36m       clone[0m[90m | [0mReceiving objects:   8% (22/270)[35m[cmp-path] [0m[36m       clone[0m[90m | [0mReceiving objects:   9% (25/270)[35m[cmp-path] [0m[36m       clone[0m[90m | [0mReceiving objects:  10% (27/270)[35m[cmp-path] [0m[36m       clone[0m[90m | [0mReceiving objects:  11% (30/270)[35m[cmp-path] [0m[36m       clone[0m[90m | [0mReceiving objects:  12% (33/270)[35m[cmp-path] [0m[36m       clone[0m[90m | [0mReceiving objects:  13% (36/270)[35m[cmp-path] [0m[36m       clone[0m[90m | [0mReceiving objects:  14% (38/270)[35m[LazyVim] [0m[36m        clone[0m[90m | [0mReceiving objects:  23% (3874/16842), 1.96 MiB | 3.91 MiB/s[35m[LazyVim] [0m[36m        clone[0m[90m | [0mReceiving objects:  24% (4043/16842), 1.96 MiB | 3.91 MiB/s[35m[cmp-path] [0m[36m       clone[0m[90m | [0mReceiving objects:  15% (41/270)[35m[cmp-path] [0m[36m       clone[0m[90m | [0mReceiving objects:  16% (44/270)[35m[cmp-path] [0m[36m       clone[0m[90m | [0mReceiving objects:  17% (46/270)[35m[cmp-path] [0m[36m       clone[0m[90m | [0mReceiving objects:  18% (49/270)[35m[cmp-path] [0m[36m       clone[0m[90m | [0mReceiving objects:  19% (52/270)[35m[cmp-path] [0m[36m       clone[0m[90m | [0mReceiving objects:  20% (54/270)[35m[cmp-path] [0m[36m       clone[0m[90m | [0mReceiving objects:  21% (57/270)[35m[cmp-path] [0m[36m       clone[0m[90m | [0mReceiving objects:  22% (60/270)[35m[cmp-path] [0m[36m       clone[0m[90m | [0mReceiving objects:  23% (63/270)[35m[cmp-path] [0m[36m       clone[0m[90m | [0mReceiving objects:  24% (65/270)[35m[cmp-path] [0m[36m       clone[0m[90m | [0mReceiving objects:  25% (68/270)[35m[cmp-path] [0m[36m       clone[0m[90m | [0mReceiving objects:  26% (71/270)[35m[cmp-path] [0m[36m       clone[0m[90m | [0mReceiving objects:  27% (73/270)[35m[cmp-path] [0m[36m       clone[0m[90m | [0mReceiving objects:  28% (76/270)[35m[conform.nvim] [0m[36m   clone[0m[90m | [0mReceiving objects:   2% (71/3535)[35m[LazyVim] [0m[36m        clone[0m[90m | [0mReceiving objects:  25% (4211/16842), 1.96 MiB | 3.91 MiB/s[35m[LazyVim] [0m[36m        clone[0m[90m | [0mReceiving objects:  26% (4379/16842), 1.96 MiB | 3.91 MiB/s[35m[LazyVim] [0m[36m        clone[0m[90m | [0mReceiving objects:  27% (4548/16842), 1.96 MiB | 3.91 MiB/s[35m[LazyVim] [0m[36m        clone[0m[90m | [0mReceiving objects:  28% (4716/16842), 1.96 MiB | 3.91 MiB/s[35m[cmp-path] [0m[36m       clone[0m[90m | [0mReceiving objects:  29% (79/270)[35m[cmp-path] [0m[36m       clone[0m[90m | [0mReceiving objects:  30% (81/270)[35m[cmp-path] [0m[36m       clone[0m[90m | [0mReceiving objects:  31% (84/270)[35m[cmp-path] [0m[36m       clone[0m[90m | [0mReceiving objects:  32% (87/270)[35m[cmp-path] [0m[36m       clone[0m[90m | [0mReceiving objects:  33% (90/270)[35m[cmp-path] [0m[36m       clone[0m[90m | [0mReceiving objects:  34% (92/270)[35m[cmp-path] [0m[36m       clone[0m[90m | [0mReceiving objects:  35% (95/270)[35m[cmp-path] [0m[36m       clone[0m[90m | [0mReceiving objects:  36% (98/270)[35m[cmp-path] [0m[36m       clone[0m[90m | [0mReceiving objects:  37% (100/270)[35m[cmp-path] [0m[36m       clone[0m[90m | [0mReceiving objects:  38% (103/270)[35m[cmp-path] [0m[36m       clone[0m[90m | [0mReceiving objects:  39% (106/270)[35m[cmp-path] [0m[36m       clone[0m[90m | [0mReceiving objects:  40% (108/270)[35m[cmp-path] [0m[36m       clone[0m[90m | [0mReceiving objects:  41% (111/270)[35m[cmp-path] [0m[36m       clone[0m[90m | [0mReceiving objects:  42% (114/270)[35m[conform.nvim] [0m[36m   clone[0m[90m | [0mReceiving objects:   3% (107/3535)[35m[cmp-path] [0m[36m       clone[0m[90m | [0mReceiving objects:  43% (117/270)[35m[cmp-path] [0m[36m       clone[0m[90m | [0mReceiving objects:  44% (119/270)[35m[cmp-path] [0m[36m       clone[0m[90m | [0mReceiving objects:  45% (122/270)[35m[cmp-path] [0m[36m       clone[0m[90m | [0mReceiving objects:  46% (125/270)[35m[cmp-path] [0m[36m       clone[0m[90m | [0mReceiving objects:  47% (127/270)[35m[cmp-path] [0m[36m       clone[0m[90m | [0mReceiving objects:  48% (130/270)[35m[cmp-path] [0m[36m       clone[0m[90m | [0mReceiving objects:  49% (133/270)[35m[cmp-path] [0m[36m       clone[0m[90m | [0mReceiving objects:  50% (135/270)[35m[cmp-path] [0m[36m       clone[0m[90m | [0mReceiving objects:  51% (138/270)[35m[fzf-lua] [0m[36m        clone[0m[90m | [0mReceiving objects:   0% (1/12324)[35m[friendly-snippets] [0m[36mclone[0m[90m | [0mReceiving objects:   0% (1/2380)[35m[cmp-path] [0m[36m       clone[0m[90m | [0mReceiving objects:  52% (141/270)[35m[cmp-path] [0m[36m       clone[0m[90m | [0mReceiving objects:  53% (144/270)[35m[cmp-path] [0m[36m       clone[0m[90m | [0mReceiving objects:  54% (146/270)[35m[cmp-path] [0m[36m       clone[0m[90m | [0mReceiving objects:  55% (149/270)[35m[cmp-path] [0m[36m       clone[0m[90m | [0mReceiving objects:  56% (152/270)[35m[cmp-path] [0m[36m       clone[0m[90m | [0mReceiving objects:  57% (154/270)[35m[cmp-path] [0m[36m       clone[0m[90m | [0mReceiving objects:  58% (157/270)[35m[cmp-path] [0m[36m       clone[0m[90m | [0mReceiving objects:  59% (160/270)[35m[cmp-path] [0m[36m       clone[0m[90m | [0mReceiving objects:  60% (162/270)[35m[cmp-path] [0m[36m       clone[0m[90m | [0mReceiving objects:  61% (165/270)[35m[cmp-path] [0m[36m       clone[0m[90m | [0mReceiving objects:  62% (168/270)[35m[cmp-path] [0m[36m       clone[0m[90m | [0mReceiving objects:  63% (171/270)[35m[conform.nvim] [0m[36m   clone[0m[90m | [0mReceiving objects:   4% (142/3535)[35m[cmp-path] [0m[36m       clone[0m[90m | [0mReceiving objects:  64% (173/270)[35m[cmp-path] [0m[36m       clone[0m[90m | [0mReceiving objects:  65% (176/270)[35m[cmp-path] [0m[36m       clone[0m[90m | [0mReceiving objects:  66% (179/270)[35m[cmp-path] [0m[36m       clone[0m[90m | [0mReceiving objects:  67% (181/270)[35m[cmp-path] [0m[36m       clone[0m[90m | [0mReceiving objects:  68% (184/270)[35m[cmp-path] [0m[36m       clone[0m[90m | [0mReceiving objects:  69% (187/270)[35m[cmp-path] [0m[36m       clone[0m[90m | [0mReceiving objects:  70% (189/270)[35m[cmp-path] [0m[36m       clone[0m[90m | [0mReceiving objects:  71% (192/270)[35m[cmp-path] [0m[36m       clone[0m[90m | [0mReceiving objects:  72% (195/270)[35m[friendly-snippets] [0m[36mclone[0m[90m | [0mReceiving objects:   1% (24/2380)[35m[conform.nvim] [0m[36m   clone[0m[90m | [0mReceiving objects:   5% (177/3535)[35m[cmp-path] [0m[36m       clone[0m[90m | [0mReceiving objects:  73% (198/270)[35m[cmp-path] [0m[36m       clone[0m[90m | [0mReceiving objects:  74% (200/270)[35m[cmp-path] [0m[36m       clone[0m[90m | [0mReceiving objects:  75% (203/270)[35m[cmp-path] [0m[36m       clone[0m[90m | [0mReceiving objects:  76% (206/270)[35m[cmp-path] [0m[36m       clone[0m[90m | [0mReceiving objects:  77% (208/270)[35m[cmp-path] [0m[36m       clone[0m[90m | [0mReceiving objects:  78% (211/270)[35m[cmp-path] [0m[36m       clone[0m[90m | [0mReceiving objects:  79% (214/270)[35m[cmp-path] [0m[36m       clone[0m[90m | [0mReceiving objects:  80% (216/270)[35m[cmp-path] [0m[36m       clone[0m[90m | [0mReceiving objects:  81% (219/270)[35m[cmp-path] [0m[36m       clone[0m[90m | [0mReceiving objects:  82% (222/270)[35m[cmp-path] [0m[36m       clone[0m[90m | [0mReceiving objects:  83% (225/270)[35m[cmp-path] [0m[36m       clone[0m[90m | [0mReceiving objects:  84% (227/270)[35m[cmp-path] [0m[36m       clone[0m[90m | [0mReceiving objects:  85% (230/270)[35m[cmp-path] [0m[36m       clone[0m[90m | [0mremote: Total 270 (delta 1), reused 1 (delta 0), pack-reused 236 (from 2)        
[35m[cmp-path] [0m[36m       clone[0m[90m | [0mReceiving objects:  86% (233/270)[35m[friendly-snippets] [0m[36mclone[0m[90m | [0mReceiving objects:   2% (48/2380)[35m[conform.nvim] [0m[36m   clone[0m[90m | [0mReceiving objects:   6% (213/3535)[35m[fzf-lua] [0m[36m        clone[0m[90m | [0mReceiving objects:   1% (124/12324)[35m[cmp-path] [0m[36m       clone[0m[90m | [0mReceiving objects:  87% (235/270)[35m[cmp-path] [0m[36m       clone[0m[90m | [0mReceiving objects:  88% (238/270)[35m[cmp-path] [0m[36m       clone[0m[90m | [0mReceiving objects:  89% (241/270)[35m[cmp-path] [0m[36m       clone[0m[90m | [0mReceiving objects:  90% (243/270)[35m[cmp-path] [0m[36m       clone[0m[90m | [0mReceiving objects:  91% (246/270)[35m[cmp-path] [0m[36m       clone[0m[90m | [0mReceiving objects:  92% (249/270)[35m[cmp-path] [0m[36m       clone[0m[90m | [0mReceiving objects:  93% (252/270)[35m[cmp-path] [0m[36m       clone[0m[90m | [0mReceiving objects:  94% (254/270)[35m[cmp-path] [0m[36m       clone[0m[90m | [0mReceiving objects:  95% (257/270)[35m[cmp-path] [0m[36m       clone[0m[90m | [0mReceiving objects:  96% (260/270)[35m[cmp-path] [0m[36m       clone[0m[90m | [0mReceiving objects:  97% (262/270)[35m[cmp-path] [0m[36m       clone[0m[90m | [0mReceiving objects:  98% (265/270)[35m[cmp-path] [0m[36m       clone[0m[90m | [0mReceiving objects:  99% (268/270)[35m[cmp-path] [0m[36m       clone[0m[90m | [0mReceiving objects: 100% (270/270)[35m[friendly-snippets] [0m[36mclone[0m[90m | [0mReceiving objects:   3% (72/2380)[35m[cmp-path] [0m[36m       clone[0m[90m | [0mReceiving objects: 100% (270/270), 46.04 KiB | 5.11 MiB/s, done.
[35m[conform.nvim] [0m[36m   clone[0m[90m | [0mReceiving objects:   7% (248/3535)[35m[cmp-path] [0m[36m       clone[0m[90m | [0mResolving deltas:   0% (0/51)[35m[cmp-path] [0m[36m       clone[0m[90m | [0mResolving deltas:   1% (1/51)[35m[cmp-path] [0m[36m       clone[0m[90m | [0mResolving deltas:   3% (2/51)[35m[cmp-path] [0m[36m       clone[0m[90m | [0mResolving deltas:   5% (3/51)[35m[cmp-path] [0m[36m       clone[0m[90m | [0mResolving deltas:   7% (4/51)[35m[cmp-path] [0m[36m       clone[0m[90m | [0mResolving deltas:   9% (5/51)[35m[cmp-path] [0m[36m       clone[0m[90m | [0mResolving deltas:  11% (6/51)[35m[fzf-lua] [0m[36m        clone[0m[90m | [0mReceiving objects:   2% (247/12324)[35m[cmp-path] [0m[36m       clone[0m[90m | [0mResolving deltas:  13% (7/51)[35m[cmp-path] [0m[36m       clone[0m[90m | [0mResolving deltas:  15% (8/51)[35m[cmp-path] [0m[36m       clone[0m[90m | [0mResolving deltas:  17% (9/51)[35m[cmp-path] [0m[36m       clone[0m[90m | [0mResolving deltas:  21% (11/51)[35m[cmp-path] [0m[36m       clone[0m[90m | [0mResolving deltas:  23% (12/51)[35m[cmp-path] [0m[36m       clone[0m[90m | [0mResolving deltas:  25% (13/51)[35m[cmp-path] [0m[36m       clone[0m[90m | [0mResolving deltas:  27% (14/51)[35m[cmp-path] [0m[36m       clone[0m[90m | [0mResolving deltas:  29% (15/51)[35m[cmp-path] [0m[36m       clone[0m[90m | [0mResolving deltas:  31% (16/51)[35m[cmp-path] [0m[36m       clone[0m[90m | [0mResolving deltas:  35% (18/51)[35m[cmp-path] [0m[36m       clone[0m[90m | [0mResolving deltas:  37% (19/51)[35m[cmp-path] [0m[36m       clone[0m[90m | [0mResolving deltas:  39% (20/51)[35m[cmp-path] [0m[36m       clone[0m[90m | [0mResolving deltas:  41% (21/51)[35m[cmp-path] [0m[36m       clone[0m[90m | [0mResolving deltas:  43% (22/51)[35m[cmp-path] [0m[36m       clone[0m[90m | [0mResolving deltas:  45% (23/51)[35m[cmp-path] [0m[36m       clone[0m[90m | [0mResolving deltas:  50% (26/51)[35m[cmp-path] [0m[36m       clone[0m[90m | [0mResolving deltas:  56% (29/51)[35m[cmp-path] [0m[36m       clone[0m[90m | [0mResolving deltas:  58% (30/51)[35m[cmp-path] [0m[36m       clone[0m[90m | [0mResolving deltas:  60% (31/51)[35m[cmp-path] [0m[36m       clone[0m[90m | [0mResolving deltas:  62% (32/51)[35m[cmp-path] [0m[36m       clone[0m[90m | [0mResolving deltas:  64% (33/51)[35m[cmp-path] [0m[36m       clone[0m[90m | [0mResolving deltas:  66% (34/51)[35m[conform.nvim] [0m[36m   clone[0m[90m | [0mReceiving objects:   8% (283/3535)[35m[LuaSnip] [0m[36m        clone[0m[90m | [0mReceiving objects:   5% (549/10973)[35m[cmp-path] [0m[36m       clone[0m[90m | [0mResolving deltas:  68% (35/51)[35m[cmp-path] [0m[36m       clone[0m[90m | [0mResolving deltas:  70% (36/51)[35m[cmp-path] [0m[36m       clone[0m[90m | [0mResolving deltas:  72% (37/51)[35m[cmp-path] [0m[36m       clone[0m[90m | [0mResolving deltas:  74% (38/51)[35m[cmp-path] [0m[36m       clone[0m[90m | [0mResolving deltas:  76% (39/51)[35m[cmp-path] [0m[36m       clone[0m[90m | [0mResolving deltas:  78% (40/51)[35m[cmp-path] [0m[36m       clone[0m[90m | [0mResolving deltas:  80% (41/51)[35m[cmp-path] [0m[36m       clone[0m[90m | [0mResolving deltas:  82% (42/51)[35m[cmp-path] [0m[36m       clone[0m[90m | [0mResolving deltas:  84% (43/51)[35m[cmp-path] [0m[36m       clone[0m[90m | [0mResolving deltas:  86% (44/51)[35m[cmp-path] [0m[36m       clone[0m[90m | [0mResolving deltas:  88% (45/51)[35m[cmp-path] [0m[36m       clone[0m[90m | [0mResolving deltas:  90% (46/51)[35m[cmp-path] [0m[36m       clone[0m[90m | [0mResolving deltas:  92% (47/51)[35m[cmp-path] [0m[36m       clone[0m[90m | [0mResolving deltas:  94% (48/51)[35m[cmp-path] [0m[36m       clone[0m[90m | [0mResolving deltas:  96% (49/51)[35m[cmp-path] [0m[36m       clone[0m[90m | [0mResolving deltas:  98% (50/51)[35m[cmp-path] [0m[36m       clone[0m[90m | [0mResolving deltas: 100% (51/51)[35m[cmp-path] [0m[36m       clone[0m[90m | [0mResolving deltas: 100% (51/51), done.
[35m[conform.nvim] [0m[36m   clone[0m[90m | [0mReceiving objects:   9% (319/3535)[35m[LuaSnip] [0m[36m        clone[0m[90m | [0mReceiving objects:   6% (659/10973)[35m[fzf-lua] [0m[36m        clone[0m[90m | [0mReceiving objects:   3% (370/12324)[35m[LazyVim] [0m[36m        clone[0m[90m | [0mReceiving objects:  29% (4885/16842), 1.96 MiB | 3.91 MiB/s[35m[fzf-lua] [0m[36m        clone[0m[90m | [0mReceiving objects:   4% (493/12324)[35m[LazyVim] [0m[36m        clone[0m[90m | [0mReceiving objects:  30% (5053/16842), 1.96 MiB | 3.91 MiB/s[35m[LazyVim] [0m[36m        clone[0m[90m | [0mReceiving objects:  31% (5222/16842), 1.96 MiB | 3.91 MiB/s[35m[LazyVim] [0m[36m        clone[0m[90m | [0mReceiving objects:  32% (5390/16842), 1.96 MiB | 3.91 MiB/s[35m[LazyVim] [0m[36m        clone[0m[90m | [0mReceiving objects:  33% (5558/16842), 1.96 MiB | 3.91 MiB/s[35m[LazyVim] [0m[36m        clone[0m[90m | [0mReceiving objects:  34% (5727/16842), 1.96 MiB | 3.91 MiB/s[35m[conform.nvim] [0m[36m   clone[0m[90m | [0mReceiving objects:  10% (354/3535)[35m[LazyVim] [0m[36m        clone[0m[90m | [0mReceiving objects:  35% (5895/16842), 1.96 MiB | 3.91 MiB/s[35m[nvim-treesitter] [0m[36mclone[0m[90m | [0mremote: Enumerating objects: 26746, done.        
[35m[nvim-treesitter] [0m[36mclone[0m[90m | [0mremote: Counting objects:   1% (1/76)        [35m[nvim-treesitter] [0m[36mclone[0m[90m | [0mremote: Counting objects:   2% (2/76)        [35m[nvim-treesitter] [0m[36mclone[0m[90m | [0mremote: Counting objects:   3% (3/76)        [35m[nvim-treesitter] [0m[36mclone[0m[90m | [0mremote: Counting objects:   5% (4/76)        [35m[nvim-treesitter] [0m[36mclone[0m[90m | [0mremote: Counting objects:   6% (5/76)        [35m[nvim-treesitter] [0m[36mclone[0m[90m | [0mremote: Counting objects:   7% (6/76)        [35m[nvim-treesitter] [0m[36mclone[0m[90m | [0mremote: Counting objects:   9% (7/76)        [35m[nvim-treesitter] [0m[36mclone[0m[90m | [0mremote: Counting objects:  10% (8/76)        [35m[nvim-treesitter] [0m[36mclone[0m[90m | [0mremote: Counting objects:  11% (9/76)        [35m[nvim-treesitter] [0m[36mclone[0m[90m | [0mremote: Counting objects:  13% (10/76)        [35m[nvim-treesitter] [0m[36mclone[0m[90m | [0mremote: Counting objects:  14% (11/76)        [35m[nvim-treesitter] [0m[36mclone[0m[90m | [0mremote: Counting objects:  15% (12/76)        [35m[nvim-treesitter] [0m[36mclone[0m[90m | [0mremote: Counting objects:  17% (13/76)        [35m[nvim-treesitter] [0m[36mclone[0m[90m | [0mremote: Counting objects:  18% (14/76)        [35m[nvim-treesitter] [0m[36mclone[0m[90m | [0mremote: Counting objects:  19% (15/76)        [35m[nvim-treesitter] [0m[36mclone[0m[90m | [0mremote: Counting objects:  21% (16/76)        [35m[nvim-treesitter] [0m[36mclone[0m[90m | [0mremote: Counting objects:  22% (17/76)        [35m[nvim-treesitter] [0m[36mclone[0m[90m | [0mremote: Counting objects:  23% (18/76)        [35m[nvim-treesitter] [0m[36mclone[0m[90m | [0mremote: Counting objects:  25% (19/76)        [35m[nvim-treesitter] [0m[36mclone[0m[90m | [0mremote: Counting objects:  26% (20/76)        [35m[nvim-treesitter] [0m[36mclone[0m[90m | [0mremote: Counting objects:  27% (21/76)        [35m[nvim-treesitter] [0m[36mclone[0m[90m | [0mremote: Counting objects:  28% (22/76)        [35m[nvim-treesitter] [0m[36mclone[0m[90m | [0mremote: Counting objects:  30% (23/76)        [35m[nvim-treesitter] [0m[36mclone[0m[90m | [0mremote: Counting objects:  31% (24/76)        [35m[nvim-treesitter] [0m[36mclone[0m[90m | [0mremote: Counting objects:  32% (25/76)        [35m[nvim-treesitter] [0m[36mclone[0m[90m | [0mremote: Counting objects:  34% (26/76)        [35m[nvim-treesitter] [0m[36mclone[0m[90m | [0mremote: Counting objects:  35% (27/76)        [35m[nvim-treesitter] [0m[36mclone[0m[90m | [0mremote: Counting objects:  36% (28/76)        [35m[nvim-treesitter] [0m[36mclone[0m[90m | [0mremote: Counting objects:  38% (29/76)        [35m[nvim-treesitter] [0m[36mclone[0m[90m | [0mremote: Counting objects:  39% (30/76)        [35m[nvim-treesitter] [0m[36mclone[0m[90m | [0mremote: Counting objects:  40% (31/76)        [35m[nvim-treesitter] [0m[36mclone[0m[90m | [0mremote: Counting objects:  42% (32/76)        [35m[nvim-treesitter] [0m[36mclone[0m[90m | [0mremote: Counting objects:  43% (33/76)        [35m[nvim-treesitter] [0m[36mclone[0m[90m | [0mremote: Counting objects:  44% (34/76)        [35m[nvim-treesitter] [0m[36mclone[0m[90m | [0mremote: Counting objects:  46% (35/76)        [35m[nvim-treesitter] [0m[36mclone[0m[90m | [0mremote: Counting objects:  47% (36/76)        [35m[nvim-treesitter] [0m[36mclone[0m[90m | [0mremote: Counting objects:  48% (37/76)        [35m[nvim-treesitter] [0m[36mclone[0m[90m | [0mremote: Counting objects:  50% (38/76)        [35m[nvim-treesitter] [0m[36mclone[0m[90m | [0mremote: Counting objects:  51% (39/76)        [35m[nvim-treesitter] [0m[36mclone[0m[90m | [0mremote: Counting objects:  52% (40/76)        [35m[nvim-treesitter] [0m[36mclone[0m[90m | [0mremote: Counting objects:  53% (41/76)        [35m[nvim-treesitter] [0m[36mclone[0m[90m | [0mremote: Counting objects:  55% (42/76)        [35m[nvim-treesitter] [0m[36mclone[0m[90m | [0mremote: Counting objects:  56% (43/76)        [35m[nvim-treesitter] [0m[36mclone[0m[90m | [0mremote: Counting objects:  57% (44/76)        [35m[nvim-treesitter] [0m[36mclone[0m[90m | [0mremote: Counting objects:  59% (45/76)        [35m[nvim-treesitter] [0m[36mclone[0m[90m | [0mremote: Counting objects:  60% (46/76)        [35m[nvim-treesitter] [0m[36mclone[0m[90m | [0mremote: Counting objects:  61% (47/76)        [35m[nvim-treesitter] [0m[36mclone[0m[90m | [0mremote: Counting objects:  63% (48/76)        [35m[nvim-treesitter] [0m[36mclone[0m[90m | [0mremote: Counting objects:  64% (49/76)        [35m[nvim-treesitter] [0m[36mclone[0m[90m | [0mremote: Counting objects:  65% (50/76)        [35m[nvim-treesitter] [0m[36mclone[0m[90m | [0mremote: Counting objects:  67% (51/76)        [35m[nvim-treesitter] [0m[36mclone[0m[90m | [0mremote: Counting objects:  68% (52/76)        [35m[nvim-treesitter] [0m[36mclone[0m[90m | [0mremote: Counting objects:  69% (53/76)        [35m[nvim-treesitter] [0m[36mclone[0m[90m | [0mremote: Counting objects:  71% (54/76)        [35m[nvim-treesitter] [0m[36mclone[0m[90m | [0mremote: Counting objects:  72% (55/76)        [35m[nvim-treesitter] [0m[36mclone[0m[90m | [0mremote: Counting objects:  73% (56/76)        [35m[nvim-treesitter] [0m[36mclone[0m[90m | [0mremote: Counting objects:  75% (57/76)        [35m[nvim-treesitter] [0m[36mclone[0m[90m | [0mremote: Counting objects:  76% (58/76)        [35m[nvim-treesitter] [0m[36mclone[0m[90m | [0mremote: Counting objects:  77% (59/76)        [35m[nvim-treesitter] [0m[36mclone[0m[90m | [0mremote: Counting objects:  78% (60/76)        [35m[nvim-treesitter] [0m[36mclone[0m[90m | [0mremote: Counting objects:  80% (61/76)        [35m[nvim-treesitter] [0m[36mclone[0m[90m | [0mremote: Counting objects:  81% (62/76)        [35m[nvim-treesitter] [0m[36mclone[0m[90m | [0mremote: Counting objects:  82% (63/76)        [35m[nvim-treesitter] [0m[36mclone[0m[90m | [0mremote: Counting objects:  84% (64/76)        [35m[nvim-treesitter] [0m[36mclone[0m[90m | [0mremote: Counting objects:  85% (65/76)        [35m[nvim-treesitter] [0m[36mclone[0m[90m | [0mremote: Counting objects:  86% (66/76)        [35m[nvim-treesitter] [0m[36mclone[0m[90m | [0mremote: Counting objects:  88% (67/76)        [35m[nvim-treesitter] [0m[36mclone[0m[90m | [0mremote: Counting objects:  89% (68/76)        [35m[nvim-treesitter] [0m[36mclone[0m[90m | [0mremote: Counting objects:  90% (69/76)        [35m[nvim-treesitter] [0m[36mclone[0m[90m | [0mremote: Counting objects:  92% (70/76)        [35m[nvim-treesitter] [0m[36mclone[0m[90m | [0mremote: Counting objects:  93% (71/76)        [35m[nvim-treesitter] [0m[36mclone[0m[90m | [0mremote: Counting objects:  94% (72/76)        [35m[nvim-treesitter] [0m[36mclone[0m[90m | [0mremote: Counting objects:  96% (73/76)        [35m[nvim-treesitter] [0m[36mclone[0m[90m | [0mremote: Counting objects:  97% (74/76)        [35m[nvim-treesitter] [0m[36mclone[0m[90m | [0mremote: Counting objects:  98% (75/76)        [35m[nvim-treesitter] [0m[36mclone[0m[90m | [0mremote: Counting objects: 100% (76/76)        [35m[nvim-treesitter] [0m[36mclone[0m[90m | [0mremote: Counting objects: 100% (76/76), done.        
[35m[nvim-treesitter] [0m[36mclone[0m[90m | [0mremote: Compressing objects:   3% (1/29)        [35m[nvim-treesitter] [0m[36mclone[0m[90m | [0mremote: Compressing objects:   6% (2/29)        [35m[nvim-treesitter] [0m[36mclone[0m[90m | [0mremote: Compressing objects:  10% (3/29)        [35m[nvim-treesitter] [0m[36mclone[0m[90m | [0mremote: Compressing objects:  13% (4/29)        [35m[nvim-treesitter] [0m[36mclone[0m[90m | [0mremote: Compressing objects:  17% (5/29)        [35m[nvim-treesitter] [0m[36mclone[0m[90m | [0mremote: Compressing objects:  20% (6/29)        [35m[nvim-treesitter] [0m[36mclone[0m[90m | [0mremote: Compressing objects:  24% (7/29)        [35m[nvim-treesitter] [0m[36mclone[0m[90m | [0mremote: Compressing objects:  27% (8/29)        [35m[nvim-treesitter] [0m[36mclone[0m[90m | [0mremote: Compressing objects:  31% (9/29)        [35m[nvim-treesitter] [0m[36mclone[0m[90m | [0mremote: Compressing objects:  34% (10/29)        [35m[nvim-treesitter] [0m[36mclone[0m[90m | [0mremote: Compressing objects:  37% (11/29)        [35m[nvim-treesitter] [0m[36mclone[0m[90m | [0mremote: Compressing objects:  41% (12/29)        [35m[nvim-treesitter] [0m[36mclone[0m[90m | [0mremote: Compressing objects:  44% (13/29)        [35m[nvim-treesitter] [0m[36mclone[0m[90m | [0mremote: Compressing objects:  48% (14/29)        [35m[nvim-treesitter] [0m[36mclone[0m[90m | [0mremote: Compressing objects:  51% (15/29)        [35m[nvim-treesitter] [0m[36mclone[0m[90m | [0mremote: Compressing objects:  55% (16/29)        [35m[nvim-treesitter] [0m[36mclone[0m[90m | [0mremote: Compressing objects:  58% (17/29)        [35m[nvim-treesitter] [0m[36mclone[0m[90m | [0mremote: Compressing objects:  62% (18/29)        [35m[nvim-treesitter] [0m[36mclone[0m[90m | [0mremote: Compressing objects:  65% (19/29)        [35m[nvim-treesitter] [0m[36mclone[0m[90m | [0mremote: Compressing objects:  68% (20/29)        [35m[nvim-treesitter] [0m[36mclone[0m[90m | [0mremote: Compressing objects:  72% (21/29)        [35m[nvim-treesitter] [0m[36mclone[0m[90m | [0mremote: Compressing objects:  75% (22/29)        [35m[nvim-treesitter] [0m[36mclone[0m[90m | [0mremote: Compressing objects:  79% (23/29)        [35m[nvim-treesitter] [0m[36mclone[0m[90m | [0mremote: Compressing objects:  82% (24/29)        [35m[nvim-treesitter] [0m[36mclone[0m[90m | [0mremote: Compressing objects:  86% (25/29)        [35m[nvim-treesitter] [0m[36mclone[0m[90m | [0mremote: Compressing objects:  89% (26/29)        [35m[nvim-treesitter] [0m[36mclone[0m[90m | [0mremote: Compressing objects:  93% (27/29)        [35m[nvim-treesitter] [0m[36mclone[0m[90m | [0mremote: Compressing objects:  96% (28/29)        [35m[nvim-treesitter] [0m[36mclone[0m[90m | [0mremote: Compressing objects: 100% (29/29)        [35m[nvim-treesitter] [0m[36mclone[0m[90m | [0mremote: Compressing objects: 100% (29/29), done.        
[35m[LazyVim] [0m[36m        clone[0m[90m | [0mReceiving objects:  36% (6064/16842), 1.96 MiB | 3.91 MiB/s[35m[LazyVim] [0m[36m        clone[0m[90m | [0mReceiving objects:  37% (6232/16842), 1.96 MiB | 3.91 MiB/s[35m[LazyVim] [0m[36m        clone[0m[90m | [0mReceiving objects:  38% (6400/16842), 1.96 MiB | 3.91 MiB/s[35m[LazyVim] [0m[36m        clone[0m[90m | [0mReceiving objects:  39% (6569/16842), 1.96 MiB | 3.91 MiB/s[35m[LazyVim] [0m[36m        clone[0m[90m | [0mReceiving objects:  40% (6737/16842), 1.96 MiB | 3.91 MiB/s[35m[LazyVim] [0m[36m        clone[0m[90m | [0mReceiving objects:  41% (6906/16842), 1.96 MiB | 3.91 MiB/s[35m[LazyVim] [0m[36m        clone[0m[90m | [0mReceiving objects:  42% (7074/16842), 1.96 MiB | 3.91 MiB/s[35m[LazyVim] [0m[36m        clone[0m[90m | [0mReceiving objects:  43% (7243/16842), 1.96 MiB | 3.91 MiB/s[35m[LazyVim] [0m[36m        clone[0m[90m | [0mReceiving objects:  44% (7411/16842), 1.96 MiB | 3.91 MiB/s[35m[LazyVim] [0m[36m        clone[0m[90m | [0mReceiving objects:  45% (7579/16842), 1.96 MiB | 3.91 MiB/s[35m[catppuccin] [0m[36m     clone[0m[90m | [0mReceiving objects:   5% (395/7890)[35m[catppuccin] [0m[36m     clone[0m[90m | [0mReceiving objects:   6% (474/7890)[35m[LazyVim] [0m[36m        clone[0m[90m | [0mReceiving objects:  46% (7748/16842), 1.96 MiB | 3.91 MiB/s[35m[LazyVim] [0m[36m        clone[0m[90m | [0mReceiving objects:  47% (7916/16842), 1.96 MiB | 3.91 MiB/s[35m[LazyVim] [0m[36m        clone[0m[90m | [0mReceiving objects:  48% (8085/16842), 1.96 MiB | 3.91 MiB/s[35m[LazyVim] [0m[36m        clone[0m[90m | [0mReceiving objects:  49% (8253/16842), 1.96 MiB | 3.91 MiB/s[35m[catppuccin] [0m[36m     clone[0m[90m | [0mReceiving objects:   7% (553/7890)[35m[LazyVim] [0m[36m        clone[0m[90m | [0mReceiving objects:  50% (8421/16842), 1.96 MiB | 3.91 MiB/s[35m[LazyVim] [0m[36m        clone[0m[90m | [0mReceiving objects:  51% (8590/16842), 1.96 MiB | 3.91 MiB/s[35m[LazyVim] [0m[36m        clone[0m[90m | [0mReceiving objects:  52% (8758/16842), 1.96 MiB | 3.91 MiB/s[35m[LazyVim] [0m[36m        clone[0m[90m | [0mReceiving objects:  53% (8927/16842), 1.96 MiB | 3.91 MiB/s[35m[LazyVim] [0m[36m        clone[0m[90m | [0mReceiving objects:  54% (9095/16842), 1.96 MiB | 3.91 MiB/s[35m[LazyVim] [0m[36m        clone[0m[90m | [0mReceiving objects:  55% (9264/16842), 1.96 MiB | 3.91 MiB/s[35m[LazyVim] [0m[36m        clone[0m[90m | [0mReceiving objects:  56% (9432/16842), 1.96 MiB | 3.91 MiB/s[35m[LazyVim] [0m[36m        clone[0m[90m | [0mReceiving objects:  57% (9600/16842), 1.96 MiB | 3.91 MiB/s[35m[LazyVim] [0m[36m        clone[0m[90m | [0mReceiving objects:  58% (9769/16842), 1.96 MiB | 3.91 MiB/s[35m[LazyVim] [0m[36m        clone[0m[90m | [0mReceiving objects:  59% (9937/16842), 1.96 MiB | 3.91 MiB/s[35m[LazyVim] [0m[36m        clone[0m[90m | [0mReceiving objects:  60% (10106/16842), 1.96 MiB | 3.91 MiB/s[35m[LazyVim] [0m[36m        clone[0m[90m | [0mReceiving objects:  61% (10274/16842), 1.96 MiB | 3.91 MiB/s[35m[LazyVim] [0m[36m        clone[0m[90m | [0mReceiving objects:  62% (10443/16842), 1.96 MiB | 3.91 MiB/s[35m[LazyVim] [0m[36m        clone[0m[90m | [0mReceiving objects:  63% (10611/16842), 1.96 MiB | 3.91 MiB/s[35m[claudecode.nvim] [0m[36mclone[0m[90m | [0mReceiving objects:  49% (519/1058)[35m[claudecode.nvim] [0m[36mclone[0m[90m | [0mReceiving objects:  50% (529/1058)[35m[claudecode.nvim] [0m[36mclone[0m[90m | [0mReceiving objects:  51% (540/1058)[35m[conform.nvim] [0m[36m   clone[0m[90m | [0mReceiving objects:  11% (389/3535)[35m[LazyVim] [0m[36m        clone[0m[90m | [0mReceiving objects:  64% (10779/16842), 1.96 MiB | 3.91 MiB/s[35m[claudecode.nvim] [0m[36mclone[0m[90m | [0mReceiving objects:  52% (551/1058)[35m[LuaSnip] [0m[36m        clone[0m[90m | [0mReceiving objects:   7% (769/10973)[35m[LazyVim] [0m[36m        clone[0m[90m | [0mReceiving objects:  65% (10948/16842), 1.96 MiB | 3.91 MiB/s[35m[LuaSnip] [0m[36m        clone[0m[90m | [0mReceiving objects:   8% (878/10973)[35m[LazyVim] [0m[36m        clone[0m[90m | [0mReceiving objects:  66% (11116/16842), 1.96 MiB | 3.91 MiB/s[35m[claudecode.nvim] [0m[36mclone[0m[90m | [0mReceiving objects:  53% (561/1058)[35m[claudecode.nvim] [0m[36mclone[0m[90m | [0mReceiving objects:  54% (572/1058)[35m[claudecode.nvim] [0m[36mclone[0m[90m | [0mReceiving objects:  55% (582/1058)[35m[claudecode.nvim] [0m[36mclone[0m[90m | [0mReceiving objects:  56% (593/1058)[35m[LazyVim] [0m[36m        clone[0m[90m | [0mReceiving objects:  67% (11285/16842), 1.96 MiB | 3.91 MiB/s[35m[LazyVim] [0m[36m        clone[0m[90m | [0mReceiving objects:  68% (11453/16842), 1.96 MiB | 3.91 MiB/s[35m[LazyVim] [0m[36m        clone[0m[90m | [0mReceiving objects:  69% (11621/16842), 1.96 MiB | 3.91 MiB/s[35m[LazyVim] [0m[36m        clone[0m[90m | [0mReceiving objects:  70% (11790/16842), 1.96 MiB | 3.91 MiB/s[35m[friendly-snippets] [0m[36mclone[0m[90m | [0mReceiving objects:   4% (96/2380)[35m[LazyVim] [0m[36m        clone[0m[90m | [0mReceiving objects:  71% (11958/16842), 1.96 MiB | 3.91 MiB/s[35m[fzf-lua] [0m[36m        clone[0m[90m | [0mReceiving objects:   5% (617/12324)[35m[friendly-snippets] [0m[36mclone[0m[90m | [0mReceiving objects:   5% (119/2380)[35m[LazyVim] [0m[36m        clone[0m[90m | [0mReceiving objects:  72% (12127/16842), 1.96 MiB | 3.91 MiB/s[35m[friendly-snippets] [0m[36mclone[0m[90m | [0mReceiving objects:   6% (143/2380)[35m[friendly-snippets] [0m[36mclone[0m[90m | [0mReceiving objects:   7% (167/2380)[35m[gitsigns.nvim] [0m[36m  clone[0m[90m | [0mReceiving objects:   0% (1/6642)[35m[auto-session] [0m[36m   clone[0m[90m | [0mReceiving objects:   0% (1/2876)[35m[auto-session] [0m[36m   clone[0m[90m | [0mReceiving objects:   1% (29/2876)[35m[gitsigns.nvim] [0m[36m  clone[0m[90m | [0mReceiving objects:   1% (67/6642)[35m[auto-session] [0m[36m   clone[0m[90m | [0mReceiving objects:   2% (58/2876)[35m[auto-session] [0m[36m   clone[0m[90m | [0mReceiving objects:   3% (87/2876)[35m[auto-session] [0m[36m   clone[0m[90m | [0mReceiving objects:   4% (116/2876)[35m[gitsigns.nvim] [0m[36m  clone[0m[90m | [0mReceiving objects:   2% (133/6642)[35m[auto-session] [0m[36m   clone[0m[90m | [0mReceiving objects:   5% (144/2876)[35m[auto-session] [0m[36m   clone[0m[90m | [0mReceiving objects:   6% (173/2876)[35m[auto-session] [0m[36m   clone[0m[90m | [0mReceiving objects:   7% (202/2876)[35m[gitsigns.nvim] [0m[36m  clone[0m[90m | [0mReceiving objects:   3% (200/6642)[35m[auto-session] [0m[36m   clone[0m[90m | [0mReceiving objects:   8% (231/2876)[35m[auto-session] [0m[36m   clone[0m[90m | [0mReceiving objects:   9% (259/2876)[35m[auto-session] [0m[36m   clone[0m[90m | [0mReceiving objects:  10% (288/2876)[35m[auto-session] [0m[36m   clone[0m[90m | [0mReceiving objects:  11% (317/2876)[35m[friendly-snippets] [0m[36mclone[0m[90m | [0mReceiving objects:   8% (191/2380)[35m[auto-session] [0m[36m   clone[0m[90m | [0mReceiving objects:  12% (346/2876)[35m[auto-session] [0m[36m   clone[0m[90m | [0mReceiving objects:  13% (374/2876)[35m[auto-session] [0m[36m   clone[0m[90m | [0mReceiving objects:  14% (403/2876)[35m[auto-session] [0m[36m   clone[0m[90m | [0mReceiving objects:  15% (432/2876)[35m[auto-session] [0m[36m   clone[0m[90m | [0mReceiving objects:  16% (461/2876)[35m[auto-session] [0m[36m   clone[0m[90m | [0mReceiving objects:  17% (489/2876)[35m[auto-session] [0m[36m   clone[0m[90m | [0mReceiving objects:  18% (518/2876)[35m[auto-session] [0m[36m   clone[0m[90m | [0mReceiving objects:  19% (547/2876)[35m[auto-session] [0m[36m   clone[0m[90m | [0mReceiving objects:  20% (576/2876)[35m[auto-session] [0m[36m   clone[0m[90m | [0mReceiving objects:  21% (604/2876)[35m[auto-session] [0m[36m   clone[0m[90m | [0mReceiving objects:  22% (633/2876)[35m[auto-session] [0m[36m   clone[0m[90m | [0mReceiving objects:  23% (662/2876)[35m[auto-session] [0m[36m   clone[0m[90m | [0mReceiving objects:  24% (691/2876)[35m[auto-session] [0m[36m   clone[0m[90m | [0mReceiving objects:  25% (719/2876)[35m[auto-session] [0m[36m   clone[0m[90m | [0mReceiving objects:  26% (748/2876)[35m[auto-session] [0m[36m   clone[0m[90m | [0mReceiving objects:  27% (777/2876)[35m[auto-session] [0m[36m   clone[0m[90m | [0mReceiving objects:  28% (806/2876)[35m[auto-session] [0m[36m   clone[0m[90m | [0mReceiving objects:  29% (835/2876)[35m[auto-session] [0m[36m   clone[0m[90m | [0mReceiving objects:  30% (863/2876)[35m[LazyVim] [0m[36m        clone[0m[90m | [0mReceiving objects:  73% (12295/16842), 1.96 MiB | 3.91 MiB/s[35m[claudecode.nvim] [0m[36mclone[0m[90m | [0mReceiving objects:  57% (604/1058)[35m[claudecode.nvim] [0m[36mclone[0m[90m | [0mReceiving objects:  58% (614/1058)[35m[claudecode.nvim] [0m[36mclone[0m[90m | [0mReceiving objects:  59% (625/1058)[35m[claudecode.nvim] [0m[36mclone[0m[90m | [0mReceiving objects:  60% (635/1058)[35m[auto-session] [0m[36m   clone[0m[90m | [0mReceiving objects:  31% (892/2876)[35m[claudecode.nvim] [0m[36mclone[0m[90m | [0mReceiving objects:  61% (646/1058)[35m[claudecode.nvim] [0m[36mclone[0m[90m | [0mReceiving objects:  62% (656/1058)[35m[claudecode.nvim] [0m[36mclone[0m[90m | [0mReceiving objects:  63% (667/1058)[35m[claudecode.nvim] [0m[36mclone[0m[90m | [0mReceiving objects:  64% (678/1058)[35m[claudecode.nvim] [0m[36mclone[0m[90m | [0mReceiving objects:  65% (688/1058)[35m[claudecode.nvim] [0m[36mclone[0m[90m | [0mReceiving objects:  66% (699/1058)[35m[claudecode.nvim] [0m[36mclone[0m[90m | [0mReceiving objects:  67% (709/1058)[35m[friendly-snippets] [0m[36mclone[0m[90m | [0mReceiving objects:   9% (215/2380)[35m[friendly-snippets] [0m[36mclone[0m[90m | [0mReceiving objects:  10% (238/2380)[35m[LazyVim] [0m[36m        clone[0m[90m | [0mReceiving objects:  74% (12464/16842), 1.96 MiB | 3.91 MiB/s[35m[LazyVim] [0m[36m        clone[0m[90m | [0mReceiving objects:  75% (12632/16842), 1.96 MiB | 3.91 MiB/s[35m[gitsigns.nvim] [0m[36m  clone[0m[90m | [0mReceiving objects:   4% (266/6642)[35m[claudecode.nvim] [0m[36mclone[0m[90m | [0mReceiving objects:  68% (720/1058)[35m[LazyVim] [0m[36m        clone[0m[90m | [0mReceiving objects:  76% (12800/16842), 1.96 MiB | 3.91 MiB/s[35m[claudecode.nvim] [0m[36mclone[0m[90m | [0mReceiving objects:  69% (731/1058)[35m[claudecode.nvim] [0m[36mclone[0m[90m | [0mReceiving objects:  70% (741/1058)[35m[claudecode.nvim] [0m[36mclone[0m[90m | [0mReceiving objects:  71% (752/1058)[35m[claudecode.nvim] [0m[36mclone[0m[90m | [0mReceiving objects:  72% (762/1058)[35m[claudecode.nvim] [0m[36mclone[0m[90m | [0mReceiving objects:  73% (773/1058)[35m[gitsigns.nvim] [0m[36m  clone[0m[90m | [0mReceiving objects:   5% (333/6642)[35m[fzf-lua] [0m[36m        clone[0m[90m | [0mReceiving objects:   6% (740/12324)[35m[catppuccin] [0m[36m     clone[0m[90m | [0mReceiving objects:   8% (632/7890)[35m[LuaSnip] [0m[36m        clone[0m[90m | [0mReceiving objects:   9% (988/10973)[35m[conform.nvim] [0m[36m   clone[0m[90m | [0mReceiving objects:  12% (425/3535)[35m[LuaSnip] [0m[36m        clone[0m[90m | [0mReceiving objects:  10% (1098/10973)[35m[LuaSnip] [0m[36m        clone[0m[90m | [0mReceiving objects:  11% (1208/10973)[35m[LazyVim] [0m[36m        clone[0m[90m | [0mReceiving objects:  77% (12969/16842), 1.96 MiB | 3.91 MiB/s[35m[conform.nvim] [0m[36m   clone[0m[90m | [0mReceiving objects:  13% (460/3535)[35m[LazyVim] [0m[36m        clone[0m[90m | [0mReceiving objects:  78% (13137/16842), 1.96 MiB | 3.91 MiB/s[35m[LazyVim] [0m[36m        clone[0m[90m | [0mReceiving objects:  79% (13306/16842), 1.96 MiB | 3.91 MiB/s[35m[conform.nvim] [0m[36m   clone[0m[90m | [0mReceiving objects:  14% (495/3535)[35m[conform.nvim] [0m[36m   clone[0m[90m | [0mReceiving objects:  15% (531/3535)[35m[conform.nvim] [0m[36m   clone[0m[90m | [0mReceiving objects:  16% (566/3535)[35m[LazyVim] [0m[36m        clone[0m[90m | [0mReceiving objects:  80% (13474/16842), 1.96 MiB | 3.91 MiB/s[35m[LazyVim] [0m[36m        clone[0m[90m | [0mReceiving objects:  81% (13643/16842), 1.96 MiB | 3.91 MiB/s[35m[conform.nvim] [0m[36m   clone[0m[90m | [0mReceiving objects:  17% (601/3535)[35m[LazyVim] [0m[36m        clone[0m[90m | [0mReceiving objects:  82% (13811/16842), 1.96 MiB | 3.91 MiB/s[35m[LazyVim] [0m[36m        clone[0m[90m | [0mReceiving objects:  83% (13979/16842), 1.96 MiB | 3.91 MiB/s[35m[gitsigns.nvim] [0m[36m  clone[0m[90m | [0mReceiving objects:   6% (399/6642)[35m[LazyVim] [0m[36m        clone[0m[90m | [0mReceiving objects:  84% (14148/16842), 3.06 MiB | 3.04 MiB/s[35m[LazyVim] [0m[36m        clone[0m[90m | [0mReceiving objects:  85% (14316/16842), 3.06 MiB | 3.04 MiB/s[35m[LazyVim] [0m[36m        clone[0m[90m | [0mReceiving objects:  86% (14485/16842), 3.06 MiB | 3.04 MiB/s[35m[LazyVim] [0m[36m        clone[0m[90m | [0mReceiving objects:  87% (14653/16842), 3.06 MiB | 3.04 MiB/s[35m[LazyVim] [0m[36m        clone[0m[90m | [0mReceiving objects:  88% (14821/16842), 3.06 MiB | 3.04 MiB/s[35m[gitsigns.nvim] [0m[36m  clone[0m[90m | [0mReceiving objects:   7% (465/6642)[35m[gitsigns.nvim] [0m[36m  clone[0m[90m | [0mReceiving objects:   8% (532/6642)[35m[gitsigns.nvim] [0m[36m  clone[0m[90m | [0mReceiving objects:   9% (598/6642)[35m[LazyVim] [0m[36m        clone[0m[90m | [0mReceiving objects:  88% (14925/16842), 3.06 MiB | 3.04 MiB/s[35m[LazyVim] [0m[36m        clone[0m[90m | [0mReceiving objects:  89% (14990/16842), 3.06 MiB | 3.04 MiB/s[35m[LazyVim] [0m[36m        clone[0m[90m | [0mReceiving objects:  90% (15158/16842), 3.06 MiB | 3.04 MiB/s[35m[LazyVim] [0m[36m        clone[0m[90m | [0mReceiving objects:  91% (15327/16842), 3.06 MiB | 3.04 MiB/s[35m[LazyVim] [0m[36m        clone[0m[90m | [0mReceiving objects:  92% (15495/16842), 3.06 MiB | 3.04 MiB/s[35m[LazyVim] [0m[36m        clone[0m[90m | [0mReceiving objects:  93% (15664/16842), 3.06 MiB | 3.04 MiB/s[35m[lazydev.nvim] [0m[36m   clone[0m[90m | [0mReceiving objects:   0% (1/567)[35m[lazydev.nvim] [0m[36m   clone[0m[90m | [0mReceiving objects:   1% (6/567)[35m[lazydev.nvim] [0m[36m   clone[0m[90m | [0mReceiving objects:   2% (12/567)[35m[lazygit.nvim] [0m[36m   clone[0m[90m | [0mReceiving objects:   0% (1/630)[35m[lazygit.nvim] [0m[36m   clone[0m[90m | [0mReceiving objects:   1% (7/630)[35m[lazydev.nvim] [0m[36m   clone[0m[90m | [0mReceiving objects:   3% (18/567)[35m[lazydev.nvim] [0m[36m   clone[0m[90m | [0mReceiving objects:   4% (23/567)[35m[lazygit.nvim] [0m[36m   clone[0m[90m | [0mReceiving objects:   2% (13/630)[35m[lazygit.nvim] [0m[36m   clone[0m[90m | [0mReceiving objects:   3% (19/630)[35m[lazygit.nvim] [0m[36m   clone[0m[90m | [0mReceiving objects:   4% (26/630)[35m[lazygit.nvim] [0m[36m   clone[0m[90m | [0mReceiving objects:   5% (32/630)[35m[lazydev.nvim] [0m[36m   clone[0m[90m | [0mReceiving objects:   5% (29/567)[35m[lazydev.nvim] [0m[36m   clone[0m[90m | [0mReceiving objects:   6% (35/567)[35m[lazydev.nvim] [0m[36m   clone[0m[90m | [0mReceiving objects:   7% (40/567)[35m[lazygit.nvim] [0m[36m   clone[0m[90m | [0mReceiving objects:   6% (38/630)[35m[lazygit.nvim] [0m[36m   clone[0m[90m | [0mReceiving objects:   7% (45/630)[35m[lazydev.nvim] [0m[36m   clone[0m[90m | [0mReceiving objects:   8% (46/567)[35m[lazydev.nvim] [0m[36m   clone[0m[90m | [0mReceiving objects:   9% (52/567)[35m[lazygit.nvim] [0m[36m   clone[0m[90m | [0mReceiving objects:   8% (51/630)[35m[lazygit.nvim] [0m[36m   clone[0m[90m | [0mReceiving objects:   9% (57/630)[35m[lazydev.nvim] [0m[36m   clone[0m[90m | [0mReceiving objects:  10% (57/567)[35m[lazydev.nvim] [0m[36m   clone[0m[90m | [0mReceiving objects:  11% (63/567)[35m[lazydev.nvim] [0m[36m   clone[0m[90m | [0mReceiving objects:  12% (69/567)[35m[lazygit.nvim] [0m[36m   clone[0m[90m | [0mReceiving objects:  10% (63/630)[35m[lazygit.nvim] [0m[36m   clone[0m[90m | [0mReceiving objects:  11% (70/630)[35m[lazygit.nvim] [0m[36m   clone[0m[90m | [0mReceiving objects:  12% (76/630)[35m[lazygit.nvim] [0m[36m   clone[0m[90m | [0mReceiving objects:  13% (82/630)[35m[lazygit.nvim] [0m[36m   clone[0m[90m | [0mReceiving objects:  14% (89/630)[35m[lazydev.nvim] [0m[36m   clone[0m[90m | [0mReceiving objects:  13% (74/567)[35m[lazydev.nvim] [0m[36m   clone[0m[90m | [0mReceiving objects:  14% (80/567)[35m[lazydev.nvim] [0m[36m   clone[0m[90m | [0mReceiving objects:  15% (86/567)[35m[lazydev.nvim] [0m[36m   clone[0m[90m | [0mReceiving objects:  16% (91/567)[35m[lazygit.nvim] [0m[36m   clone[0m[90m | [0mReceiving objects:  15% (95/630)[35m[lazygit.nvim] [0m[36m   clone[0m[90m | [0mReceiving objects:  16% (101/630)[35m[lazygit.nvim] [0m[36m   clone[0m[90m | [0mReceiving objects:  17% (108/630)[35m[lazygit.nvim] [0m[36m   clone[0m[90m | [0mReceiving objects:  18% (114/630)[35m[lazygit.nvim] [0m[36m   clone[0m[90m | [0mReceiving objects:  19% (120/630)[35m[lazygit.nvim] [0m[36m   clone[0m[90m | [0mReceiving objects:  20% (126/630)[35m[lazydev.nvim] [0m[36m   clone[0m[90m | [0mReceiving objects:  17% (97/567)[35m[lazydev.nvim] [0m[36m   clone[0m[90m | [0mReceiving objects:  18% (103/567)[35m[lazydev.nvim] [0m[36m   clone[0m[90m | [0mReceiving objects:  19% (108/567)[35m[lazygit.nvim] [0m[36m   clone[0m[90m | [0mReceiving objects:  21% (133/630)[35m[lazygit.nvim] [0m[36m   clone[0m[90m | [0mReceiving objects:  22% (139/630)[35m[lazygit.nvim] [0m[36m   clone[0m[90m | [0mReceiving objects:  23% (145/630)[35m[lazygit.nvim] [0m[36m   clone[0m[90m | [0mReceiving objects:  24% (152/630)[35m[lazydev.nvim] [0m[36m   clone[0m[90m | [0mReceiving objects:  20% (114/567)[35m[lazygit.nvim] [0m[36m   clone[0m[90m | [0mReceiving objects:  25% (158/630)[35m[lazygit.nvim] [0m[36m   clone[0m[90m | [0mReceiving objects:  26% (164/630)[35m[lazygit.nvim] [0m[36m   clone[0m[90m | [0mReceiving objects:  27% (171/630)[35m[lazygit.nvim] [0m[36m   clone[0m[90m | [0mReceiving objects:  28% (177/630)[35m[lazygit.nvim] [0m[36m   clone[0m[90m | [0mReceiving objects:  29% (183/630)[35m[lazygit.nvim] [0m[36m   clone[0m[90m | [0mReceiving objects:  30% (189/630)[35m[lazygit.nvim] [0m[36m   clone[0m[90m | [0mReceiving objects:  31% (196/630)[35m[lazygit.nvim] [0m[36m   clone[0m[90m | [0mReceiving objects:  32% (202/630)[35m[lazygit.nvim] [0m[36m   clone[0m[90m | [0mReceiving objects:  33% (208/630)[35m[lazygit.nvim] [0m[36m   clone[0m[90m | [0mReceiving objects:  34% (215/630)[35m[lazygit.nvim] [0m[36m   clone[0m[90m | [0mReceiving objects:  35% (221/630)[35m[lazygit.nvim] [0m[36m   clone[0m[90m | [0mReceiving objects:  36% (227/630)[35m[lazygit.nvim] [0m[36m   clone[0m[90m | [0mReceiving objects:  37% (234/630)[35m[lazygit.nvim] [0m[36m   clone[0m[90m | [0mReceiving objects:  38% (240/630)[35m[lazygit.nvim] [0m[36m   clone[0m[90m | [0mReceiving objects:  39% (246/630)[35m[lazygit.nvim] [0m[36m   clone[0m[90m | [0mReceiving objects:  40% (252/630)[35m[lazygit.nvim] [0m[36m   clone[0m[90m | [0mReceiving objects:  41% (259/630)[35m[lazygit.nvim] [0m[36m   clone[0m[90m | [0mReceiving objects:  42% (265/630)[35m[lazygit.nvim] [0m[36m   clone[0m[90m | [0mReceiving objects:  43% (271/630)[35m[lazygit.nvim] [0m[36m   clone[0m[90m | [0mReceiving objects:  44% (278/630)[35m[lazygit.nvim] [0m[36m   clone[0m[90m | [0mReceiving objects:  45% (284/630)[35m[lazygit.nvim] [0m[36m   clone[0m[90m | [0mReceiving objects:  46% (290/630)[35m[lazygit.nvim] [0m[36m   clone[0m[90m | [0mReceiving objects:  47% (297/630)[35m[lazygit.nvim] [0m[36m   clone[0m[90m | [0mReceiving objects:  48% (303/630)[35m[lazygit.nvim] [0m[36m   clone[0m[90m | [0mReceiving objects:  49% (309/630)[35m[lazygit.nvim] [0m[36m   clone[0m[90m | [0mReceiving objects:  50% (315/630)[35m[lazygit.nvim] [0m[36m   clone[0m[90m | [0mReceiving objects:  51% (322/630)[35m[lazygit.nvim] [0m[36m   clone[0m[90m | [0mReceiving objects:  52% (328/630)[35m[lazygit.nvim] [0m[36m   clone[0m[90m | [0mReceiving objects:  53% (334/630)[35m[lazygit.nvim] [0m[36m   clone[0m[90m | [0mReceiving objects:  54% (341/630)[35m[lazygit.nvim] [0m[36m   clone[0m[90m | [0mReceiving objects:  55% (347/630)[35m[lazygit.nvim] [0m[36m   clone[0m[90m | [0mReceiving objects:  56% (353/630)[35m[lazygit.nvim] [0m[36m   clone[0m[90m | [0mReceiving objects:  57% (360/630)[35m[lazygit.nvim] [0m[36m   clone[0m[90m | [0mReceiving objects:  58% (366/630)[35m[lazygit.nvim] [0m[36m   clone[0m[90m | [0mReceiving objects:  59% (372/630)[35m[lazygit.nvim] [0m[36m   clone[0m[90m | [0mReceiving objects:  60% (378/630)[35m[lazygit.nvim] [0m[36m   clone[0m[90m | [0mReceiving objects:  61% (385/630)[35m[lazygit.nvim] [0m[36m   clone[0m[90m | [0mReceiving objects:  62% (391/630)[35m[lazygit.nvim] [0m[36m   clone[0m[90m | [0mReceiving objects:  63% (397/630)[35m[lazygit.nvim] [0m[36m   clone[0m[90m | [0mReceiving objects:  64% (404/630)[35m[lazygit.nvim] [0m[36m   clone[0m[90m | [0mReceiving objects:  65% (410/630)[35m[lazygit.nvim] [0m[36m   clone[0m[90m | [0mReceiving objects:  66% (416/630)[35m[lazygit.nvim] [0m[36m   clone[0m[90m | [0mReceiving objects:  67% (423/630)[35m[lazygit.nvim] [0m[36m   clone[0m[90m | [0mReceiving objects:  68% (429/630)[35m[lazygit.nvim] [0m[36m   clone[0m[90m | [0mReceiving objects:  69% (435/630)[35m[lazygit.nvim] [0m[36m   clone[0m[90m | [0mReceiving objects:  70% (441/630)[35m[lazygit.nvim] [0m[36m   clone[0m[90m | [0mReceiving objects:  71% (448/630)[35m[lazygit.nvim] [0m[36m   clone[0m[90m | [0mReceiving objects:  72% (454/630)[35m[lazygit.nvim] [0m[36m   clone[0m[90m | [0mReceiving objects:  73% (460/630)[35m[lazygit.nvim] [0m[36m   clone[0m[90m | [0mReceiving objects:  74% (467/630)[35m[lazygit.nvim] [0m[36m   clone[0m[90m | [0mReceiving objects:  75% (473/630)[35m[lazygit.nvim] [0m[36m   clone[0m[90m | [0mReceiving objects:  76% (479/630)[35m[lazygit.nvim] [0m[36m   clone[0m[90m | [0mReceiving objects:  77% (486/630)[35m[lazygit.nvim] [0m[36m   clone[0m[90m | [0mReceiving objects:  78% (492/630)[35m[lazygit.nvim] [0m[36m   clone[0m[90m | [0mReceiving objects:  79% (498/630)[35m[lazygit.nvim] [0m[36m   clone[0m[90m | [0mReceiving objects:  80% (504/630)[35m[lazygit.nvim] [0m[36m   clone[0m[90m | [0mReceiving objects:  81% (511/630)[35m[lazygit.nvim] [0m[36m   clone[0m[90m | [0mReceiving objects:  82% (517/630)[35m[lazygit.nvim] [0m[36m   clone[0m[90m | [0mReceiving objects:  83% (523/630)[35m[lazygit.nvim] [0m[36m   clone[0m[90m | [0mReceiving objects:  84% (530/630)[35m[LazyVim] [0m[36m        clone[0m[90m | [0mReceiving objects:  94% (15832/16842), 3.06 MiB | 3.04 MiB/s[35m[catppuccin] [0m[36m     clone[0m[90m | [0mReceiving objects:   9% (711/7890), 268.00 KiB | 494.00 KiB/s[35m[catppuccin] [0m[36m     clone[0m[90m | [0mReceiving objects:  10% (789/7890), 268.00 KiB | 494.00 KiB/s[35m[catppuccin] [0m[36m     clone[0m[90m | [0mReceiving objects:  11% (868/7890), 268.00 KiB | 494.00 KiB/s[35m[catppuccin] [0m[36m     clone[0m[90m | [0mReceiving objects:  12% (947/7890), 268.00 KiB | 494.00 KiB/s[35m[LazyVim] [0m[36m        clone[0m[90m | [0mReceiving objects:  95% (16000/16842), 3.06 MiB | 3.04 MiB/s[35m[LazyVim] [0m[36m        clone[0m[90m | [0mReceiving objects:  96% (16169/16842), 3.06 MiB | 3.04 MiB/s[35m[LazyVim] [0m[36m        clone[0m[90m | [0mReceiving objects:  97% (16337/16842), 3.06 MiB | 3.04 MiB/s[35m[LazyVim] [0m[36m        clone[0m[90m | [0mReceiving objects:  98% (16506/16842), 3.06 MiB | 3.04 MiB/s[35m[LazyVim] [0m[36m        clone[0m[90m | [0mReceiving objects:  99% (16674/16842), 3.06 MiB | 3.04 MiB/s[35m[LazyVim] [0m[36m        clone[0m[90m | [0mremote: Total 16842 (delta 214), reused 145 (delta 145), pack-reused 16612 (from 2)        
[35m[LazyVim] [0m[36m        clone[0m[90m | [0mReceiving objects: 100% (16842/16842), 3.06 MiB | 3.04 MiB/s[35m[LazyVim] [0m[36m        clone[0m[90m | [0mReceiving objects: 100% (16842/16842), 3.27 MiB | 2.91 MiB/s, done.
[35m[LazyVim] [0m[36m        clone[0m[90m | [0mResolving deltas:   0% (0/9581)[35m[LazyVim] [0m[36m        clone[0m[90m | [0mResolving deltas:   1% (96/9581)[35m[LazyVim] [0m[36m        clone[0m[90m | [0mResolving deltas:   2% (192/9581)[35m[LazyVim] [0m[36m        clone[0m[90m | [0mResolving deltas:   3% (288/9581)[35m[LazyVim] [0m[36m        clone[0m[90m | [0mResolving deltas:   4% (385/9581)[35m[claudecode.nvim] [0m[36mclone[0m[90m | [0mReceiving objects:  74% (783/1058), 212.00 KiB | 324.00 KiB/s[35m[claudecode.nvim] [0m[36mclone[0m[90m | [0mReceiving objects:  75% (794/1058), 212.00 KiB | 324.00 KiB/s[35m[claudecode.nvim] [0m[36mclone[0m[90m | [0mReceiving objects:  76% (805/1058), 212.00 KiB | 324.00 KiB/s[35m[claudecode.nvim] [0m[36mclone[0m[90m | [0mReceiving objects:  77% (815/1058), 212.00 KiB | 324.00 KiB/s[35m[claudecode.nvim] [0m[36mclone[0m[90m | [0mReceiving objects:  78% (826/1058), 212.00 KiB | 324.00 KiB/s[35m[claudecode.nvim] [0m[36mclone[0m[90m | [0mReceiving objects:  79% (836/1058), 212.00 KiB | 324.00 KiB/s[35m[claudecode.nvim] [0m[36mclone[0m[90m | [0mReceiving objects:  80% (847/1058), 212.00 KiB | 324.00 KiB/s[35m[claudecode.nvim] [0m[36mclone[0m[90m | [0mReceiving objects:  81% (857/1058), 212.00 KiB | 324.00 KiB/s[35m[LazyVim] [0m[36m        clone[0m[90m | [0mResolving deltas:   5% (480/9581)[35m[LazyVim] [0m[36m        clone[0m[90m | [0mResolving deltas:   6% (577/9581)[35m[LazyVim] [0m[36m        clone[0m[90m | [0mResolving deltas:   7% (672/9581)[35m[LazyVim] [0m[36m        clone[0m[90m | [0mResolving deltas:   8% (767/9581)[35m[lazygit.nvim] [0m[36m   clone[0m[90m | [0mReceiving objects:  85% (536/630)[35m[lazygit.nvim] [0m[36m   clone[0m[90m | [0mReceiving objects:  86% (542/630)[35m[lazygit.nvim] [0m[36m   clone[0m[90m | [0mReceiving objects:  87% (549/630)[35m[lazygit.nvim] [0m[36m   clone[0m[90m | [0mReceiving objects:  88% (555/630)[35m[lazygit.nvim] [0m[36m   clone[0m[90m | [0mReceiving objects:  89% (561/630)[35m[lazygit.nvim] [0m[36m   clone[0m[90m | [0mReceiving objects:  90% (567/630)[35m[lazygit.nvim] [0m[36m   clone[0m[90m | [0mReceiving objects:  91% (574/630)[35m[LazyVim] [0m[36m        clone[0m[90m | [0mResolving deltas:   9% (863/9581)[35m[LazyVim] [0m[36m        clone[0m[90m | [0mResolving deltas:  10% (959/9581)[35m[claudecode.nvim] [0m[36mclone[0m[90m | [0mReceiving objects:  82% (868/1058), 212.00 KiB | 324.00 KiB/s[35m[claudecode.nvim] [0m[36mclone[0m[90m | [0mReceiving objects:  83% (879/1058), 212.00 KiB | 324.00 KiB/s[35m[claudecode.nvim] [0m[36mclone[0m[90m | [0mReceiving objects:  84% (889/1058), 212.00 KiB | 324.00 KiB/s[35m[claudecode.nvim] [0m[36mclone[0m[90m | [0mReceiving objects:  85% (900/1058), 212.00 KiB | 324.00 KiB/s[35m[claudecode.nvim] [0m[36mclone[0m[90m | [0mReceiving objects:  86% (910/1058), 212.00 KiB | 324.00 KiB/s[35m[claudecode.nvim] [0m[36mclone[0m[90m | [0mReceiving objects:  87% (921/1058), 212.00 KiB | 324.00 KiB/s[35m[LazyVim] [0m[36m        clone[0m[90m | [0mResolving deltas:  11% (1057/9581)[35m[claudecode.nvim] [0m[36mclone[0m[90m | [0mReceiving objects:  88% (932/1058), 212.00 KiB | 324.00 KiB/s[35m[claudecode.nvim] [0m[36mclone[0m[90m | [0mReceiving objects:  89% (942/1058), 212.00 KiB | 324.00 KiB/s[35m[claudecode.nvim] [0m[36mclone[0m[90m | [0mReceiving objects:  90% (953/1058), 212.00 KiB | 324.00 KiB/s[35m[claudecode.nvim] [0m[36mclone[0m[90m | [0mReceiving objects:  91% (963/1058), 212.00 KiB | 324.00 KiB/s[35m[LazyVim] [0m[36m        clone[0m[90m | [0mResolving deltas:  12% (1151/9581)[35m[auto-session] [0m[36m   clone[0m[90m | [0mReceiving objects:  32% (921/2876)[35m[claudecode.nvim] [0m[36mclone[0m[90m | [0mReceiving objects:  92% (974/1058), 212.00 KiB | 324.00 KiB/s[35m[claudecode.nvim] [0m[36mclone[0m[90m | [0mReceiving objects:  93% (984/1058), 212.00 KiB | 324.00 KiB/s[35m[claudecode.nvim] [0m[36mclone[0m[90m | [0mReceiving objects:  94% (995/1058), 212.00 KiB | 324.00 KiB/s[35m[claudecode.nvim] [0m[36mclone[0m[90m | [0mReceiving objects:  95% (1006/1058), 212.00 KiB | 324.00 KiB/s[35m[LazyVim] [0m[36m        clone[0m[90m | [0mResolving deltas:  13% (1246/9581)[35m[LazyVim] [0m[36m        clone[0m[90m | [0mResolving deltas:  14% (1342/9581)[35m[claudecode.nvim] [0m[36mclone[0m[90m | [0mremote: Total 1058 (delta 421), reused 285 (delta 285), pack-reused 590 (from 2)        
[35m[claudecode.nvim] [0m[36mclone[0m[90m | [0mReceiving objects:  96% (1016/1058), 212.00 KiB | 324.00 KiB/s[35m[claudecode.nvim] [0m[36mclone[0m[90m | [0mReceiving objects:  97% (1027/1058), 212.00 KiB | 324.00 KiB/s[35m[claudecode.nvim] [0m[36mclone[0m[90m | [0mReceiving objects:  98% (1037/1058), 212.00 KiB | 324.00 KiB/s[35m[claudecode.nvim] [0m[36mclone[0m[90m | [0mReceiving objects:  99% (1048/1058), 212.00 KiB | 324.00 KiB/s[35m[claudecode.nvim] [0m[36mclone[0m[90m | [0mReceiving objects: 100% (1058/1058), 212.00 KiB | 324.00 KiB/s[35m[LazyVim] [0m[36m        clone[0m[90m | [0mResolving deltas:  15% (1438/9581)[35m[LazyVim] [0m[36m        clone[0m[90m | [0mResolving deltas:  16% (1533/9581)[35m[LuaSnip] [0m[36m        clone[0m[90m | [0mReceiving objects:  12% (1317/10973), 292.00 KiB | 450.00 KiB/s[35m[claudecode.nvim] [0m[36mclone[0m[90m | [0mReceiving objects: 100% (1058/1058), 240.47 KiB | 377.00 KiB/s, done.
[35m[claudecode.nvim] [0m[36mclone[0m[90m | [0mResolving deltas:   0% (0/525)[35m[claudecode.nvim] [0m[36mclone[0m[90m | [0mResolving deltas:   1% (6/525)[35m[claudecode.nvim] [0m[36mclone[0m[90m | [0mResolving deltas:   2% (11/525)[35m[claudecode.nvim] [0m[36mclone[0m[90m | [0mResolving deltas:   3% (16/525)[35m[claudecode.nvim] [0m[36mclone[0m[90m | [0mResolving deltas:   4% (21/525)[35m[friendly-snippets] [0m[36mclone[0m[90m | [0mReceiving objects:  11% (262/2380)[35m[friendly-snippets] [0m[36mclone[0m[90m | [0mReceiving objects:  12% (286/2380)[35m[LazyVim] [0m[36m        clone[0m[90m | [0mResolving deltas:  17% (1629/9581)[35m[LazyVim] [0m[36m        clone[0m[90m | [0mResolving deltas:  18% (1725/9581)[35m[LazyVim] [0m[36m        clone[0m[90m | [0mResolving deltas:  19% (1821/9581)[35m[claudecode.nvim] [0m[36mclone[0m[90m | [0mResolving deltas:   5% (28/525)[35m[claudecode.nvim] [0m[36mclone[0m[90m | [0mResolving deltas:   6% (32/525)[35m[claudecode.nvim] [0m[36mclone[0m[90m | [0mResolving deltas:   7% (37/525)[35m[claudecode.nvim] [0m[36mclone[0m[90m | [0mResolving deltas:   8% (42/525)[35m[claudecode.nvim] [0m[36mclone[0m[90m | [0mResolving deltas:   9% (49/525)[35m[claudecode.nvim] [0m[36mclone[0m[90m | [0mResolving deltas:  10% (54/525)[35m[claudecode.nvim] [0m[36mclone[0m[90m | [0mResolving deltas:  11% (58/525)[35m[claudecode.nvim] [0m[36mclone[0m[90m | [0mResolving deltas:  12% (63/525)[35m[claudecode.nvim] [0m[36mclone[0m[90m | [0mResolving deltas:  13% (70/525)[35m[claudecode.nvim] [0m[36mclone[0m[90m | [0mResolving deltas:  14% (74/525)[35m[claudecode.nvim] [0m[36mclone[0m[90m | [0mResolving deltas:  15% (79/525)[35m[claudecode.nvim] [0m[36mclone[0m[90m | [0mResolving deltas:  16% (84/525)[35m[claudecode.nvim] [0m[36mclone[0m[90m | [0mResolving deltas:  17% (90/525)[35m[claudecode.nvim] [0m[36mclone[0m[90m | [0mResolving deltas:  18% (95/525)[35m[claudecode.nvim] [0m[36mclone[0m[90m | [0mResolving deltas:  19% (100/525)[35m[claudecode.nvim] [0m[36mclone[0m[90m | [0mResolving deltas:  20% (105/525)[35m[claudecode.nvim] [0m[36mclone[0m[90m | [0mResolving deltas:  21% (111/525)[35m[claudecode.nvim] [0m[36mclone[0m[90m | [0mResolving deltas:  22% (116/525)[35m[claudecode.nvim] [0m[36mclone[0m[90m | [0mResolving deltas:  23% (121/525)[35m[claudecode.nvim] [0m[36mclone[0m[90m | [0mResolving deltas:  24% (128/525)[35m[claudecode.nvim] [0m[36mclone[0m[90m | [0mResolving deltas:  25% (133/525)[35m[claudecode.nvim] [0m[36mclone[0m[90m | [0mResolving deltas:  26% (137/525)[35m[claudecode.nvim] [0m[36mclone[0m[90m | [0mResolving deltas:  27% (142/525)[35m[claudecode.nvim] [0m[36mclone[0m[90m | [0mResolving deltas:  28% (147/525)[35m[claudecode.nvim] [0m[36mclone[0m[90m | [0mResolving deltas:  29% (153/525)[35m[auto-session] [0m[36m   clone[0m[90m | [0mReceiving objects:  33% (950/2876)[35m[auto-session] [0m[36m   clone[0m[90m | [0mReceiving objects:  34% (978/2876)[35m[auto-session] [0m[36m   clone[0m[90m | [0mReceiving objects:  35% (1007/2876)[35m[auto-session] [0m[36m   clone[0m[90m | [0mReceiving objects:  36% (1036/2876)[35m[auto-session] [0m[36m   clone[0m[90m | [0mReceiving objects:  37% (1065/2876)[35m[auto-session] [0m[36m   clone[0m[90m | [0mReceiving objects:  38% (1093/2876)[35m[LazyVim] [0m[36m        clone[0m[90m | [0mResolving deltas:  20% (1917/9581)[35m[LazyVim] [0m[36m        clone[0m[90m | [0mResolving deltas:  21% (2013/9581)[35m[claudecode.nvim] [0m[36mclone[0m[90m | [0mResolving deltas:  30% (158/525)[35m[claudecode.nvim] [0m[36mclone[0m[90m | [0mResolving deltas:  31% (163/525)[35m[claudecode.nvim] [0m[36mclone[0m[90m | [0mResolving deltas:  32% (168/525)[35m[claudecode.nvim] [0m[36mclone[0m[90m | [0mResolving deltas:  33% (174/525)[35m[claudecode.nvim] [0m[36mclone[0m[90m | [0mResolving deltas:  34% (179/525)[35m[claudecode.nvim] [0m[36mclone[0m[90m | [0mResolving deltas:  35% (184/525)[35m[claudecode.nvim] [0m[36mclone[0m[90m | [0mResolving deltas:  36% (190/525)[35m[claudecode.nvim] [0m[36mclone[0m[90m | [0mResolving deltas:  37% (195/525)[35m[claudecode.nvim] [0m[36mclone[0m[90m | [0mResolving deltas:  38% (201/525)[35m[claudecode.nvim] [0m[36mclone[0m[90m | [0mResolving deltas:  39% (205/525)[35m[claudecode.nvim] [0m[36mclone[0m[90m | [0mResolving deltas:  40% (210/525)[35m[claudecode.nvim] [0m[36mclone[0m[90m | [0mResolving deltas:  41% (216/525)[35m[claudecode.nvim] [0m[36mclone[0m[90m | [0mResolving deltas:  42% (221/525)[35m[claudecode.nvim] [0m[36mclone[0m[90m | [0mResolving deltas:  43% (226/525)[35m[claudecode.nvim] [0m[36mclone[0m[90m | [0mResolving deltas:  44% (233/525)[35m[claudecode.nvim] [0m[36mclone[0m[90m | [0mResolving deltas:  45% (238/525)[35m[claudecode.nvim] [0m[36mclone[0m[90m | [0mResolving deltas:  46% (243/525)[35m[claudecode.nvim] [0m[36mclone[0m[90m | [0mResolving deltas:  47% (247/525)[35m[claudecode.nvim] [0m[36mclone[0m[90m | [0mResolving deltas:  48% (253/525)[35m[claudecode.nvim] [0m[36mclone[0m[90m | [0mResolving deltas:  49% (258/525)[35m[claudecode.nvim] [0m[36mclone[0m[90m | [0mResolving deltas:  50% (263/525)[35m[claudecode.nvim] [0m[36mclone[0m[90m | [0mResolving deltas:  51% (268/525)[35m[claudecode.nvim] [0m[36mclone[0m[90m | [0mResolving deltas:  52% (273/525)[35m[claudecode.nvim] [0m[36mclone[0m[90m | [0mResolving deltas:  53% (279/525)[35m[claudecode.nvim] [0m[36mclone[0m[90m | [0mResolving deltas:  54% (284/525)[35m[claudecode.nvim] [0m[36mclone[0m[90m | [0mResolving deltas:  55% (290/525)[35m[claudecode.nvim] [0m[36mclone[0m[90m | [0mResolving deltas:  56% (294/525)[35m[claudecode.nvim] [0m[36mclone[0m[90m | [0mResolving deltas:  57% (302/525)[35m[claudecode.nvim] [0m[36mclone[0m[90m | [0mResolving deltas:  58% (305/525)[35m[claudecode.nvim] [0m[36mclone[0m[90m | [0mResolving deltas:  59% (310/525)[35m[claudecode.nvim] [0m[36mclone[0m[90m | [0mResolving deltas:  60% (316/525)[35m[claudecode.nvim] [0m[36mclone[0m[90m | [0mResolving deltas:  61% (321/525)[35m[claudecode.nvim] [0m[36mclone[0m[90m | [0mResolving deltas:  62% (327/525)[35m[claudecode.nvim] [0m[36mclone[0m[90m | [0mResolving deltas:  63% (332/525)[35m[claudecode.nvim] [0m[36mclone[0m[90m | [0mResolving deltas:  64% (336/525)[35m[claudecode.nvim] [0m[36mclone[0m[90m | [0mResolving deltas:  65% (342/525)[35m[claudecode.nvim] [0m[36mclone[0m[90m | [0mResolving deltas:  66% (347/525)[35m[auto-session] [0m[36m   clone[0m[90m | [0mReceiving objects:  39% (1122/2876)[35m[auto-session] [0m[36m   clone[0m[90m | [0mReceiving objects:  40% (1151/2876)[35m[auto-session] [0m[36m   clone[0m[90m | [0mReceiving objects:  41% (1180/2876)[35m[auto-session] [0m[36m   clone[0m[90m | [0mReceiving objects:  42% (1208/2876)[35m[auto-session] [0m[36m   clone[0m[90m | [0mReceiving objects:  43% (1237/2876)[35m[LazyVim] [0m[36m        clone[0m[90m | [0mResolving deltas:  22% (2108/9581)[35m[LazyVim] [0m[36m        clone[0m[90m | [0mResolving deltas:  23% (2204/9581)[35m[LazyVim] [0m[36m        clone[0m[90m | [0mResolving deltas:  24% (2300/9581)[35m[claudecode.nvim] [0m[36mclone[0m[90m | [0mResolving deltas:  67% (353/525)[35m[claudecode.nvim] [0m[36mclone[0m[90m | [0mResolving deltas:  68% (359/525)[35m[claudecode.nvim] [0m[36mclone[0m[90m | [0mResolving deltas:  69% (363/525)[35m[claudecode.nvim] [0m[36mclone[0m[90m | [0mResolving deltas:  70% (368/525)[35m[claudecode.nvim] [0m[36mclone[0m[90m | [0mResolving deltas:  71% (374/525)[35m[claudecode.nvim] [0m[36mclone[0m[90m | [0mResolving deltas:  72% (379/525)[35m[claudecode.nvim] [0m[36mclone[0m[90m | [0mResolving deltas:  73% (385/525)[35m[claudecode.nvim] [0m[36mclone[0m[90m | [0mResolving deltas:  74% (389/525)[35m[claudecode.nvim] [0m[36mclone[0m[90m | [0mResolving deltas:  75% (394/525)[35m[claudecode.nvim] [0m[36mclone[0m[90m | [0mResolving deltas:  76% (401/525)[35m[claudecode.nvim] [0m[36mclone[0m[90m | [0mResolving deltas:  77% (405/525)[35m[claudecode.nvim] [0m[36mclone[0m[90m | [0mResolving deltas:  78% (410/525)[35m[claudecode.nvim] [0m[36mclone[0m[90m | [0mResolving deltas:  79% (415/525)[35m[claudecode.nvim] [0m[36mclone[0m[90m | [0mResolving deltas:  80% (421/525)[35m[claudecode.nvim] [0m[36mclone[0m[90m | [0mResolving deltas:  81% (426/525)[35m[claudecode.nvim] [0m[36mclone[0m[90m | [0mResolving deltas:  82% (431/525)[35m[claudecode.nvim] [0m[36mclone[0m[90m | [0mResolving deltas:  83% (436/525)[35m[claudecode.nvim] [0m[36mclone[0m[90m | [0mResolving deltas:  84% (441/525)[35m[claudecode.nvim] [0m[36mclone[0m[90m | [0mResolving deltas:  85% (447/525)[35m[claudecode.nvim] [0m[36mclone[0m[90m | [0mResolving deltas:  86% (452/525)[35m[claudecode.nvim] [0m[36mclone[0m[90m | [0mResolving deltas:  87% (457/525)[35m[claudecode.nvim] [0m[36mclone[0m[90m | [0mResolving deltas:  88% (462/525)[35m[claudecode.nvim] [0m[36mclone[0m[90m | [0mResolving deltas:  89% (468/525)[35m[claudecode.nvim] [0m[36mclone[0m[90m | [0mResolving deltas:  90% (474/525)[35m[claudecode.nvim] [0m[36mclone[0m[90m | [0mResolving deltas:  91% (479/525)[35m[claudecode.nvim] [0m[36mclone[0m[90m | [0mResolving deltas:  92% (484/525)[35m[claudecode.nvim] [0m[36mclone[0m[90m | [0mResolving deltas:  93% (489/525)[35m[claudecode.nvim] [0m[36mclone[0m[90m | [0mResolving deltas:  94% (495/525)[35m[claudecode.nvim] [0m[36mclone[0m[90m | [0mResolving deltas:  95% (501/525)[35m[claudecode.nvim] [0m[36mclone[0m[90m | [0mResolving deltas:  96% (504/525)[35m[claudecode.nvim] [0m[36mclone[0m[90m | [0mResolving deltas:  97% (510/525)[35m[claudecode.nvim] [0m[36mclone[0m[90m | [0mResolving deltas:  98% (517/525)[35m[auto-session] [0m[36m   clone[0m[90m | [0mReceiving objects:  44% (1266/2876)[35m[auto-session] [0m[36m   clone[0m[90m | [0mReceiving objects:  45% (1295/2876)[35m[LazyVim] [0m[36m        clone[0m[90m | [0mResolving deltas:  25% (2397/9581)[35m[LazyVim] [0m[36m        clone[0m[90m | [0mResolving deltas:  26% (2492/9581)[35m[LazyVim] [0m[36m        clone[0m[90m | [0mResolving deltas:  27% (2587/9581)[35m[claudecode.nvim] [0m[36mclone[0m[90m | [0mResolving deltas:  99% (520/525)[35m[claudecode.nvim] [0m[36mclone[0m[90m | [0mResolving deltas: 100% (525/525)[35m[claudecode.nvim] [0m[36mclone[0m[90m | [0mResolving deltas: 100% (525/525), done.
[35m[fzf-lua] [0m[36m        clone[0m[90m | [0mReceiving objects:   7% (863/12324)[35m[LazyVim] [0m[36m        clone[0m[90m | [0mResolving deltas:  28% (2683/9581)[35m[LazyVim] [0m[36m        clone[0m[90m | [0mResolving deltas:  29% (2779/9581)[35m[LazyVim] [0m[36m        clone[0m[90m | [0mResolving deltas:  30% (2875/9581)[35m[lazydev.nvim] [0m[36m   clone[0m[90m | [0mReceiving objects:  21% (120/567)[35m[lazydev.nvim] [0m[36m   clone[0m[90m | [0mReceiving objects:  22% (125/567)[35m[LazyVim] [0m[36m        clone[0m[90m | [0mResolving deltas:  31% (2974/9581)[35m[lazydev.nvim] [0m[36m   clone[0m[90m | [0mReceiving objects:  23% (131/567)[35m[lazydev.nvim] [0m[36m   clone[0m[90m | [0mReceiving objects:  24% (137/567)[35m[lazydev.nvim] [0m[36m   clone[0m[90m | [0mReceiving objects:  25% (142/567)[35m[LazyVim] [0m[36m        clone[0m[90m | [0mResolving deltas:  32% (3067/9581)[35m[LazyVim] [0m[36m        clone[0m[90m | [0mResolving deltas:  33% (3164/9581)[35m[LazyVim] [0m[36m        clone[0m[90m | [0mResolving deltas:  34% (3258/9581)[35m[LazyVim] [0m[36m        clone[0m[90m | [0mResolving deltas:  35% (3354/9581)[35m[LazyVim] [0m[36m        clone[0m[90m | [0mResolving deltas:  36% (3451/9581)[35m[LazyVim] [0m[36m        clone[0m[90m | [0mResolving deltas:  37% (3545/9581)[35m[LazyVim] [0m[36m        clone[0m[90m | [0mResolving deltas:  38% (3641/9581)[35m[LazyVim] [0m[36m        clone[0m[90m | [0mResolving deltas:  39% (3737/9581)[35m[LazyVim] [0m[36m        clone[0m[90m | [0mResolving deltas:  40% (3833/9581)[35m[LazyVim] [0m[36m        clone[0m[90m | [0mResolving deltas:  41% (3929/9581)[35m[LazyVim] [0m[36m        clone[0m[90m | [0mResolving deltas:  42% (4025/9581)[35m[LazyVim] [0m[36m        clone[0m[90m | [0mResolving deltas:  43% (4120/9581)[35m[LazyVim] [0m[36m        clone[0m[90m | [0mResolving deltas:  44% (4216/9581)[35m[LazyVim] [0m[36m        clone[0m[90m | [0mResolving deltas:  45% (4312/9581)[35m[friendly-snippets] [0m[36mclone[0m[90m | [0mReceiving objects:  13% (310/2380)[35m[LazyVim] [0m[36m        clone[0m[90m | [0mResolving deltas:  46% (4408/9581)[35m[LazyVim] [0m[36m        clone[0m[90m | [0mResolving deltas:  47% (4505/9581)[35m[LazyVim] [0m[36m        clone[0m[90m | [0mResolving deltas:  48% (4601/9581)[35m[friendly-snippets] [0m[36mclone[0m[90m | [0mReceiving objects:  14% (334/2380)[35m[LazyVim] [0m[36m        clone[0m[90m | [0mResolving deltas:  49% (4696/9581)[35m[LazyVim] [0m[36m        clone[0m[90m | [0mResolving deltas:  50% (4791/9581)[35m[friendly-snippets] [0m[36mclone[0m[90m | [0mReceiving objects:  15% (357/2380)[35m[LazyVim] [0m[36m        clone[0m[90m | [0mResolving deltas:  51% (4887/9581)[35m[LazyVim] [0m[36m        clone[0m[90m | [0mResolving deltas:  52% (4983/9581)[35m[LazyVim] [0m[36m        clone[0m[90m | [0mResolving deltas:  53% (5078/9581)[35m[LazyVim] [0m[36m        clone[0m[90m | [0mResolving deltas:  54% (5175/9581)[35m[LazyVim] [0m[36m        clone[0m[90m | [0mResolving deltas:  55% (5270/9581)[35m[LazyVim] [0m[36m        clone[0m[90m | [0mResolving deltas:  56% (5367/9581)[35m[LazyVim] [0m[36m        clone[0m[90m | [0mResolving deltas:  57% (5462/9581)[35m[LazyVim] [0m[36m        clone[0m[90m | [0mResolving deltas:  58% (5557/9581)[35m[LazyVim] [0m[36m        clone[0m[90m | [0mResolving deltas:  59% (5654/9581)[35m[LazyVim] [0m[36m        clone[0m[90m | [0mResolving deltas:  60% (5749/9581)[35m[LazyVim] [0m[36m        clone[0m[90m | [0mResolving deltas:  61% (5845/9581)[35m[LazyVim] [0m[36m        clone[0m[90m | [0mResolving deltas:  62% (5942/9581)[35m[LazyVim] [0m[36m        clone[0m[90m | [0mResolving deltas:  63% (6037/9581)[35m[LazyVim] [0m[36m        clone[0m[90m | [0mResolving deltas:  64% (6132/9581)[35m[LazyVim] [0m[36m        clone[0m[90m | [0mResolving deltas:  65% (6228/9581)[35m[LazyVim] [0m[36m        clone[0m[90m | [0mResolving deltas:  66% (6324/9581)[35m[LazyVim] [0m[36m        clone[0m[90m | [0mResolving deltas:  67% (6420/9581)[35m[LazyVim] [0m[36m        clone[0m[90m | [0mResolving deltas:  68% (6516/9581)[35m[friendly-snippets] [0m[36mclone[0m[90m | [0mReceiving objects:  16% (381/2380)[35m[LazyVim] [0m[36m        clone[0m[90m | [0mResolving deltas:  69% (6611/9581)[35m[LazyVim] [0m[36m        clone[0m[90m | [0mResolving deltas:  70% (6707/9581)[35m[friendly-snippets] [0m[36mclone[0m[90m | [0mReceiving objects:  17% (405/2380)[35m[LazyVim] [0m[36m        clone[0m[90m | [0mResolving deltas:  71% (6803/9581)[35m[LazyVim] [0m[36m        clone[0m[90m | [0mResolving deltas:  72% (6899/9581)[35m[friendly-snippets] [0m[36mclone[0m[90m | [0mReceiving objects:  18% (429/2380)[35m[LazyVim] [0m[36m        clone[0m[90m | [0mResolving deltas:  73% (6995/9581)[35m[LazyVim] [0m[36m        clone[0m[90m | [0mResolving deltas:  74% (7092/9581)[35m[friendly-snippets] [0m[36mclone[0m[90m | [0mReceiving objects:  19% (453/2380)[35m[LazyVim] [0m[36m        clone[0m[90m | [0mResolving deltas:  75% (7186/9581)[35m[LazyVim] [0m[36m        clone[0m[90m | [0mResolving deltas:  76% (7282/9581)[35m[LazyVim] [0m[36m        clone[0m[90m | [0mResolving deltas:  77% (7379/9581)[35m[LazyVim] [0m[36m        clone[0m[90m | [0mResolving deltas:  78% (7474/9581)[35m[LazyVim] [0m[36m        clone[0m[90m | [0mResolving deltas:  79% (7569/9581)[35m[LazyVim] [0m[36m        clone[0m[90m | [0mResolving deltas:  80% (7665/9581)[35m[lazydev.nvim] [0m[36m   clone[0m[90m | [0mReceiving objects:  26% (148/567)[35m[LazyVim] [0m[36m        clone[0m[90m | [0mResolving deltas:  81% (7762/9581)[35m[lazydev.nvim] [0m[36m   clone[0m[90m | [0mReceiving objects:  27% (154/567)[35m[lazydev.nvim] [0m[36m   clone[0m[90m | [0mReceiving objects:  28% (159/567)[35m[lazydev.nvim] [0m[36m   clone[0m[90m | [0mReceiving objects:  29% (165/567)[35m[lazydev.nvim] [0m[36m   clone[0m[90m | [0mReceiving objects:  30% (171/567)[35m[catppuccin] [0m[36m     clone[0m[90m | [0mReceiving objects:  13% (1026/7890), 268.00 KiB | 494.00 KiB/s[35m[LazyVim] [0m[36m        clone[0m[90m | [0mResolving deltas:  82% (7857/9581)[35m[lazydev.nvim] [0m[36m   clone[0m[90m | [0mReceiving objects:  31% (176/567)[35m[fzf-lua] [0m[36m        clone[0m[90m | [0mReceiving objects:   8% (986/12324)[35m[LazyVim] [0m[36m        clone[0m[90m | [0mResolving deltas:  83% (7954/9581)[35m[LazyVim] [0m[36m        clone[0m[90m | [0mResolving deltas:  84% (8049/9581)[35m[LazyVim] [0m[36m        clone[0m[90m | [0mResolving deltas:  85% (8144/9581)[35m[LazyVim] [0m[36m        clone[0m[90m | [0mResolving deltas:  86% (8240/9581)[35m[LazyVim] [0m[36m        clone[0m[90m | [0mResolving deltas:  87% (8338/9581)[35m[LuaSnip] [0m[36m        clone[0m[90m | [0mReceiving objects:  13% (1427/10973), 292.00 KiB | 450.00 KiB/s[35m[LazyVim] [0m[36m        clone[0m[90m | [0mResolving deltas:  88% (8432/9581)[35m[LazyVim] [0m[36m        clone[0m[90m | [0mResolving deltas:  89% (8528/9581)[35m[LazyVim] [0m[36m        clone[0m[90m | [0mResolving deltas:  90% (8623/9581)[35m[LazyVim] [0m[36m        clone[0m[90m | [0mResolving deltas:  91% (8719/9581)[35m[LazyVim] [0m[36m        clone[0m[90m | [0mResolving deltas:  92% (8816/9581)[35m[LazyVim] [0m[36m        clone[0m[90m | [0mResolving deltas:  93% (8911/9581)[35m[lazydev.nvim] [0m[36m   clone[0m[90m | [0mReceiving objects:  32% (182/567)[35m[lazydev.nvim] [0m[36m   clone[0m[90m | [0mReceiving objects:  33% (188/567)[35m[LazyVim] [0m[36m        clone[0m[90m | [0mResolving deltas:  94% (9007/9581)[35m[conform.nvim] [0m[36m   clone[0m[90m | [0mReceiving objects:  18% (637/3535)[35m[LuaSnip] [0m[36m        clone[0m[90m | [0mReceiving objects:  14% (1537/10973), 292.00 KiB | 450.00 KiB/s[35m[lazydev.nvim] [0m[36m   clone[0m[90m | [0mReceiving objects:  34% (193/567)[35m[lazydev.nvim] [0m[36m   clone[0m[90m | [0mReceiving objects:  35% (199/567)[35m[lazydev.nvim] [0m[36m   clone[0m[90m | [0mReceiving objects:  36% (205/567)[35m[lazydev.nvim] [0m[36m   clone[0m[90m | [0mReceiving objects:  37% (210/567)[35m[lazydev.nvim] [0m[36m   clone[0m[90m | [0mReceiving objects:  38% (216/567)[35m[lazydev.nvim] [0m[36m   clone[0m[90m | [0mReceiving objects:  39% (222/567)[35m[lazydev.nvim] [0m[36m   clone[0m[90m | [0mReceiving objects:  40% (227/567)[35m[lazydev.nvim] [0m[36m   clone[0m[90m | [0mReceiving objects:  41% (233/567)[35m[lazydev.nvim] [0m[36m   clone[0m[90m | [0mReceiving objects:  42% (239/567)[35m[lazydev.nvim] [0m[36m   clone[0m[90m | [0mReceiving objects:  43% (244/567)[35m[lazydev.nvim] [0m[36m   clone[0m[90m | [0mReceiving objects:  44% (250/567)[35m[lazydev.nvim] [0m[36m   clone[0m[90m | [0mReceiving objects:  45% (256/567)[35m[lazydev.nvim] [0m[36m   clone[0m[90m | [0mReceiving objects:  46% (261/567)[35m[lazydev.nvim] [0m[36m   clone[0m[90m | [0mReceiving objects:  47% (267/567)[35m[lazydev.nvim] [0m[36m   clone[0m[90m | [0mReceiving objects:  48% (273/567)[35m[lazydev.nvim] [0m[36m   clone[0m[90m | [0mReceiving objects:  49% (278/567)[35m[lazydev.nvim] [0m[36m   clone[0m[90m | [0mReceiving objects:  50% (284/567)[35m[lazydev.nvim] [0m[36m   clone[0m[90m | [0mReceiving objects:  51% (290/567)[35m[lazydev.nvim] [0m[36m   clone[0m[90m | [0mReceiving objects:  52% (295/567)[35m[lazydev.nvim] [0m[36m   clone[0m[90m | [0mReceiving objects:  53% (301/567)[35m[lazydev.nvim] [0m[36m   clone[0m[90m | [0mReceiving objects:  54% (307/567)[35m[lazydev.nvim] [0m[36m   clone[0m[90m | [0mReceiving objects:  55% (312/567)[35m[lazydev.nvim] [0m[36m   clone[0m[90m | [0mReceiving objects:  56% (318/567)[35m[lazydev.nvim] [0m[36m   clone[0m[90m | [0mReceiving objects:  57% (324/567)[35m[lazydev.nvim] [0m[36m   clone[0m[90m | [0mReceiving objects:  58% (329/567)[35m[lazydev.nvim] [0m[36m   clone[0m[90m | [0mReceiving objects:  59% (335/567)[35m[lazydev.nvim] [0m[36m   clone[0m[90m | [0mReceiving objects:  60% (341/567)[35m[lazydev.nvim] [0m[36m   clone[0m[90m | [0mReceiving objects:  61% (346/567)[35m[lazydev.nvim] [0m[36m   clone[0m[90m | [0mReceiving objects:  62% (352/567)[35m[lazydev.nvim] [0m[36m   clone[0m[90m | [0mReceiving objects:  63% (358/567)[35m[lazydev.nvim] [0m[36m   clone[0m[90m | [0mReceiving objects:  64% (363/567)[35m[lazydev.nvim] [0m[36m   clone[0m[90m | [0mReceiving objects:  65% (369/567)[35m[lazydev.nvim] [0m[36m   clone[0m[90m | [0mReceiving objects:  66% (375/567)[35m[lazydev.nvim] [0m[36m   clone[0m[90m | [0mReceiving objects:  67% (380/567)[35m[lazydev.nvim] [0m[36m   clone[0m[90m | [0mReceiving objects:  68% (386/567)[35m[lazydev.nvim] [0m[36m   clone[0m[90m | [0mReceiving objects:  69% (392/567)[35m[lazydev.nvim] [0m[36m   clone[0m[90m | [0mReceiving objects:  70% (397/567)[35m[lazydev.nvim] [0m[36m   clone[0m[90m | [0mReceiving objects:  71% (403/567)[35m[lazydev.nvim] [0m[36m   clone[0m[90m | [0mReceiving objects:  72% (409/567)[35m[lazydev.nvim] [0m[36m   clone[0m[90m | [0mReceiving objects:  73% (414/567)[35m[lazydev.nvim] [0m[36m   clone[0m[90m | [0mReceiving objects:  74% (420/567)[35m[lazydev.nvim] [0m[36m   clone[0m[90m | [0mReceiving objects:  75% (426/567)[35m[lazydev.nvim] [0m[36m   clone[0m[90m | [0mReceiving objects:  76% (431/567)[35m[lazydev.nvim] [0m[36m   clone[0m[90m | [0mremote: Total 567 (delta 47), reused 45 (delta 45), pack-reused 517 (from 1)        
[35m[LazyVim] [0m[36m        clone[0m[90m | [0mResolving deltas:  95% (9102/9581)[35m[LazyVim] [0m[36m        clone[0m[90m | [0mResolving deltas:  96% (9198/9581)[35m[LazyVim] [0m[36m        clone[0m[90m | [0mResolving deltas:  97% (9295/9581)[35m[lazydev.nvim] [0m[36m   clone[0m[90m | [0mReceiving objects:  77% (437/567)[35m[lazydev.nvim] [0m[36m   clone[0m[90m | [0mReceiving objects:  78% (443/567)[35m[lazydev.nvim] [0m[36m   clone[0m[90m | [0mReceiving objects:  79% (448/567)[35m[lazydev.nvim] [0m[36m   clone[0m[90m | [0mReceiving objects:  80% (454/567)[35m[lazydev.nvim] [0m[36m   clone[0m[90m | [0mReceiving objects:  81% (460/567)[35m[lazydev.nvim] [0m[36m   clone[0m[90m | [0mReceiving objects:  82% (465/567)[35m[lazydev.nvim] [0m[36m   clone[0m[90m | [0mReceiving objects:  83% (471/567)[35m[lazydev.nvim] [0m[36m   clone[0m[90m | [0mReceiving objects:  84% (477/567)[35m[lazydev.nvim] [0m[36m   clone[0m[90m | [0mReceiving objects:  85% (482/567)[35m[lazydev.nvim] [0m[36m   clone[0m[90m | [0mReceiving objects:  86% (488/567)[35m[lazydev.nvim] [0m[36m   clone[0m[90m | [0mReceiving objects:  87% (494/567)[35m[lazydev.nvim] [0m[36m   clone[0m[90m | [0mReceiving objects:  88% (499/567)[35m[lazydev.nvim] [0m[36m   clone[0m[90m | [0mReceiving objects:  89% (505/567)[35m[lazydev.nvim] [0m[36m   clone[0m[90m | [0mReceiving objects:  90% (511/567)[35m[lazydev.nvim] [0m[36m   clone[0m[90m | [0mReceiving objects:  91% (516/567)[35m[lazydev.nvim] [0m[36m   clone[0m[90m | [0mReceiving objects:  92% (522/567)[35m[lazydev.nvim] [0m[36m   clone[0m[90m | [0mReceiving objects:  93% (528/567)[35m[lazydev.nvim] [0m[36m   clone[0m[90m | [0mReceiving objects:  94% (533/567)[35m[lazydev.nvim] [0m[36m   clone[0m[90m | [0mReceiving objects:  95% (539/567)[35m[lazydev.nvim] [0m[36m   clone[0m[90m | [0mReceiving objects:  96% (545/567)[35m[lazydev.nvim] [0m[36m   clone[0m[90m | [0mReceiving objects:  97% (550/567)[35m[lazydev.nvim] [0m[36m   clone[0m[90m | [0mReceiving objects:  98% (556/567)[35m[lazydev.nvim] [0m[36m   clone[0m[90m | [0mReceiving objects:  99% (562/567)[35m[lazydev.nvim] [0m[36m   clone[0m[90m | [0mReceiving objects: 100% (567/567)[35m[LazyVim] [0m[36m        clone[0m[90m | [0mResolving deltas:  98% (9390/9581)[35m[LazyVim] [0m[36m        clone[0m[90m | [0mResolving deltas:  99% (9488/9581)[35m[lazydev.nvim] [0m[36m   clone[0m[90m | [0mReceiving objects: 100% (567/567), 138.20 KiB | 1.01 MiB/s, done.
[35m[lazydev.nvim] [0m[36m   clone[0m[90m | [0mResolving deltas:   0% (0/251)[35m[LazyVim] [0m[36m        clone[0m[90m | [0mResolving deltas: 100% (9581/9581)[35m[lazydev.nvim] [0m[36m   clone[0m[90m | [0mResolving deltas:   1% (4/251)[35m[lazydev.nvim] [0m[36m   clone[0m[90m | [0mResolving deltas:   2% (6/251)[35m[lazydev.nvim] [0m[36m   clone[0m[90m | [0mResolving deltas:   3% (8/251)[35m[lazydev.nvim] [0m[36m   clone[0m[90m | [0mResolving deltas:   5% (13/251)[35m[lazydev.nvim] [0m[36m   clone[0m[90m | [0mResolving deltas:   6% (17/251)[35m[lazydev.nvim] [0m[36m   clone[0m[90m | [0mResolving deltas:   7% (18/251)[35m[lazydev.nvim] [0m[36m   clone[0m[90m | [0mResolving deltas:   8% (21/251)[35m[lazydev.nvim] [0m[36m   clone[0m[90m | [0mResolving deltas:   9% (24/251)[35m[lazydev.nvim] [0m[36m   clone[0m[90m | [0mResolving deltas:  10% (26/251)[35m[lazydev.nvim] [0m[36m   clone[0m[90m | [0mResolving deltas:  11% (28/251)[35m[lazydev.nvim] [0m[36m   clone[0m[90m | [0mResolving deltas:  12% (31/251)[35m[LazyVim] [0m[36m        clone[0m[90m | [0mResolving deltas: 100% (9581/9581), done.
[35m[LuaSnip] [0m[36m        clone[0m[90m | [0mReceiving objects:  15% (1646/10973), 292.00 KiB | 450.00 KiB/s[35m[lazydev.nvim] [0m[36m   clone[0m[90m | [0mResolving deltas:  13% (33/251)[35m[lazydev.nvim] [0m[36m   clone[0m[90m | [0mResolving deltas:  14% (36/251)[35m[lazydev.nvim] [0m[36m   clone[0m[90m | [0mResolving deltas:  15% (38/251)[35m[lazydev.nvim] [0m[36m   clone[0m[90m | [0mResolving deltas:  16% (41/251)[35m[lazydev.nvim] [0m[36m   clone[0m[90m | [0mResolving deltas:  17% (43/251)[35m[lazydev.nvim] [0m[36m   clone[0m[90m | [0mResolving deltas:  18% (46/251)[35m[lazydev.nvim] [0m[36m   clone[0m[90m | [0mResolving deltas:  19% (48/251)[35m[lazydev.nvim] [0m[36m   clone[0m[90m | [0mResolving deltas:  20% (52/251)[35m[lazydev.nvim] [0m[36m   clone[0m[90m | [0mResolving deltas:  21% (53/251)[35m[lazydev.nvim] [0m[36m   clone[0m[90m | [0mResolving deltas:  22% (56/251)[35m[lazydev.nvim] [0m[36m   clone[0m[90m | [0mResolving deltas:  23% (59/251)[35m[lazydev.nvim] [0m[36m   clone[0m[90m | [0mResolving deltas:  24% (61/251)[35m[lazydev.nvim] [0m[36m   clone[0m[90m | [0mResolving deltas:  25% (65/251)[35m[lazydev.nvim] [0m[36m   clone[0m[90m | [0mResolving deltas:  26% (66/251)[35m[lazydev.nvim] [0m[36m   clone[0m[90m | [0mResolving deltas:  27% (68/251)[35m[lazydev.nvim] [0m[36m   clone[0m[90m | [0mResolving deltas:  29% (73/251)[35m[lazydev.nvim] [0m[36m   clone[0m[90m | [0mResolving deltas:  30% (76/251)[35m[lazydev.nvim] [0m[36m   clone[0m[90m | [0mResolving deltas:  31% (78/251)[35m[lazydev.nvim] [0m[36m   clone[0m[90m | [0mResolving deltas:  32% (81/251)[35m[lazydev.nvim] [0m[36m   clone[0m[90m | [0mResolving deltas:  33% (84/251)[35m[lazydev.nvim] [0m[36m   clone[0m[90m | [0mResolving deltas:  34% (86/251)[35m[lazydev.nvim] [0m[36m   clone[0m[90m | [0mResolving deltas:  35% (88/251)[35m[lazydev.nvim] [0m[36m   clone[0m[90m | [0mResolving deltas:  36% (91/251)[35m[lazydev.nvim] [0m[36m   clone[0m[90m | [0mResolving deltas:  37% (95/251)[35m[lazydev.nvim] [0m[36m   clone[0m[90m | [0mResolving deltas:  38% (96/251)[35m[lazydev.nvim] [0m[36m   clone[0m[90m | [0mResolving deltas:  39% (100/251)[35m[lazydev.nvim] [0m[36m   clone[0m[90m | [0mResolving deltas:  40% (101/251)[35m[lazydev.nvim] [0m[36m   clone[0m[90m | [0mResolving deltas:  41% (103/251)[35m[lazydev.nvim] [0m[36m   clone[0m[90m | [0mResolving deltas:  42% (106/251)[35m[lazydev.nvim] [0m[36m   clone[0m[90m | [0mResolving deltas:  43% (108/251)[35m[lazydev.nvim] [0m[36m   clone[0m[90m | [0mResolving deltas:  44% (111/251)[35m[lazydev.nvim] [0m[36m   clone[0m[90m | [0mResolving deltas:  45% (113/251)[35m[lazydev.nvim] [0m[36m   clone[0m[90m | [0mResolving deltas:  46% (116/251)[35m[lazydev.nvim] [0m[36m   clone[0m[90m | [0mResolving deltas:  47% (120/251)[35m[lazydev.nvim] [0m[36m   clone[0m[90m | [0mResolving deltas:  48% (121/251)[35m[lazydev.nvim] [0m[36m   clone[0m[90m | [0mResolving deltas:  49% (123/251)[35m[lazydev.nvim] [0m[36m   clone[0m[90m | [0mResolving deltas:  50% (126/251)[35m[lazydev.nvim] [0m[36m   clone[0m[90m | [0mResolving deltas:  51% (129/251)[35m[lazydev.nvim] [0m[36m   clone[0m[90m | [0mResolving deltas:  52% (132/251)[35m[lazydev.nvim] [0m[36m   clone[0m[90m | [0mResolving deltas:  53% (134/251)[35m[lazydev.nvim] [0m[36m   clone[0m[90m | [0mResolving deltas:  54% (136/251)[35m[lazydev.nvim] [0m[36m   clone[0m[90m | [0mResolving deltas:  55% (139/251)[35m[lazydev.nvim] [0m[36m   clone[0m[90m | [0mResolving deltas:  56% (142/251)[35m[lazydev.nvim] [0m[36m   clone[0m[90m | [0mResolving deltas:  57% (144/251)[35m[lazydev.nvim] [0m[36m   clone[0m[90m | [0mResolving deltas:  58% (147/251)[35m[lazydev.nvim] [0m[36m   clone[0m[90m | [0mResolving deltas:  59% (150/251)[35m[lazydev.nvim] [0m[36m   clone[0m[90m | [0mResolving deltas:  60% (151/251)[35m[lazydev.nvim] [0m[36m   clone[0m[90m | [0mResolving deltas:  61% (154/251)[35m[lazydev.nvim] [0m[36m   clone[0m[90m | [0mResolving deltas:  62% (156/251)[35m[lazydev.nvim] [0m[36m   clone[0m[90m | [0mResolving deltas:  63% (159/251)[35m[lazydev.nvim] [0m[36m   clone[0m[90m | [0mResolving deltas:  64% (161/251)[35m[lazydev.nvim] [0m[36m   clone[0m[90m | [0mResolving deltas:  65% (165/251)[35m[conform.nvim] [0m[36m   clone[0m[90m | [0mReceiving objects:  19% (672/3535)[35m[conform.nvim] [0m[36m   clone[0m[90m | [0mReceiving objects:  20% (707/3535)[35m[lazydev.nvim] [0m[36m   clone[0m[90m | [0mResolving deltas:  66% (166/251)[35m[lazydev.nvim] [0m[36m   clone[0m[90m | [0mResolving deltas:  67% (169/251)[35m[lazydev.nvim] [0m[36m   clone[0m[90m | [0mResolving deltas:  68% (171/251)[35m[lazydev.nvim] [0m[36m   clone[0m[90m | [0mResolving deltas:  69% (175/251)[35m[lazydev.nvim] [0m[36m   clone[0m[90m | [0mResolving deltas:  70% (176/251)[35m[lazydev.nvim] [0m[36m   clone[0m[90m | [0mResolving deltas:  71% (179/251)[35m[lazydev.nvim] [0m[36m   clone[0m[90m | [0mResolving deltas:  72% (181/251)[35m[lazydev.nvim] [0m[36m   clone[0m[90m | [0mResolving deltas:  73% (184/251)[35m[lazydev.nvim] [0m[36m   clone[0m[90m | [0mResolving deltas:  74% (186/251)[35m[lazydev.nvim] [0m[36m   clone[0m[90m | [0mResolving deltas:  75% (189/251)[35m[lazydev.nvim] [0m[36m   clone[0m[90m | [0mResolving deltas:  76% (191/251)[35m[lazydev.nvim] [0m[36m   clone[0m[90m | [0mResolving deltas:  77% (194/251)[35m[lazydev.nvim] [0m[36m   clone[0m[90m | [0mResolving deltas:  78% (196/251)[35m[lazydev.nvim] [0m[36m   clone[0m[90m | [0mResolving deltas:  79% (199/251)[35m[lazydev.nvim] [0m[36m   clone[0m[90m | [0mResolving deltas:  80% (201/251)[35m[lazydev.nvim] [0m[36m   clone[0m[90m | [0mResolving deltas:  81% (204/251)[35m[lazydev.nvim] [0m[36m   clone[0m[90m | [0mResolving deltas:  82% (206/251)[35m[lazydev.nvim] [0m[36m   clone[0m[90m | [0mResolving deltas:  83% (209/251)[35m[lazydev.nvim] [0m[36m   clone[0m[90m | [0mResolving deltas:  84% (211/251)[35m[lazydev.nvim] [0m[36m   clone[0m[90m | [0mResolving deltas:  85% (214/251)[35m[lazydev.nvim] [0m[36m   clone[0m[90m | [0mResolving deltas:  86% (216/251)[35m[lazydev.nvim] [0m[36m   clone[0m[90m | [0mResolving deltas:  87% (219/251)[35m[lazydev.nvim] [0m[36m   clone[0m[90m | [0mResolving deltas:  88% (221/251)[35m[lazydev.nvim] [0m[36m   clone[0m[90m | [0mResolving deltas:  89% (224/251)[35m[lazydev.nvim] [0m[36m   clone[0m[90m | [0mResolving deltas:  90% (226/251)[35m[lazydev.nvim] [0m[36m   clone[0m[90m | [0mResolving deltas:  91% (229/251)[35m[lazydev.nvim] [0m[36m   clone[0m[90m | [0mResolving deltas:  92% (231/251)[35m[lazydev.nvim] [0m[36m   clone[0m[90m | [0mResolving deltas:  93% (234/251)[35m[lazydev.nvim] [0m[36m   clone[0m[90m | [0mResolving deltas:  94% (236/251)[35m[lazydev.nvim] [0m[36m   clone[0m[90m | [0mResolving deltas:  95% (239/251)[35m[lazydev.nvim] [0m[36m   clone[0m[90m | [0mResolving deltas:  96% (241/251)[35m[lazydev.nvim] [0m[36m   clone[0m[90m | [0mResolving deltas:  97% (244/251)[35m[lazydev.nvim] [0m[36m   clone[0m[90m | [0mResolving deltas:  98% (246/251)[35m[lazydev.nvim] [0m[36m   clone[0m[90m | [0mResolving deltas:  99% (249/251)[35m[lazydev.nvim] [0m[36m   clone[0m[90m | [0mResolving deltas: 100% (251/251)[35m[lazydev.nvim] [0m[36m   clone[0m[90m | [0mResolving deltas: 100% (251/251), done.
[35m[conform.nvim] [0m[36m   clone[0m[90m | [0mReceiving objects:  21% (743/3535), 284.00 KiB | 551.00 KiB/s[35m[friendly-snippets] [0m[36mclone[0m[90m | [0mReceiving objects:  20% (476/2380), 244.00 KiB | 458.00 KiB/s[35m[conform.nvim] [0m[36m   clone[0m[90m | [0mReceiving objects:  22% (778/3535), 284.00 KiB | 551.00 KiB/s[35m[conform.nvim] [0m[36m   clone[0m[90m | [0mReceiving objects:  23% (814/3535), 284.00 KiB | 551.00 KiB/s[35m[conform.nvim] [0m[36m   clone[0m[90m | [0mReceiving objects:  24% (849/3535), 284.00 KiB | 551.00 KiB/s[35m[conform.nvim] [0m[36m   clone[0m[90m | [0mReceiving objects:  25% (884/3535), 284.00 KiB | 551.00 KiB/s[35m[conform.nvim] [0m[36m   clone[0m[90m | [0mReceiving objects:  26% (920/3535), 284.00 KiB | 551.00 KiB/s[35m[conform.nvim] [0m[36m   clone[0m[90m | [0mReceiving objects:  27% (955/3535), 284.00 KiB | 551.00 KiB/s[35m[conform.nvim] [0m[36m   clone[0m[90m | [0mReceiving objects:  28% (990/3535), 284.00 KiB | 551.00 KiB/s[35m[conform.nvim] [0m[36m   clone[0m[90m | [0mReceiving objects:  29% (1026/3535), 284.00 KiB | 551.00 KiB/s[35m[conform.nvim] [0m[36m   clone[0m[90m | [0mReceiving objects:  30% (1061/3535), 284.00 KiB | 551.00 KiB/s[35m[conform.nvim] [0m[36m   clone[0m[90m | [0mReceiving objects:  31% (1096/3535), 284.00 KiB | 551.00 KiB/s[35m[conform.nvim] [0m[36m   clone[0m[90m | [0mReceiving objects:  32% (1132/3535), 284.00 KiB | 551.00 KiB/s[35m[conform.nvim] [0m[36m   clone[0m[90m | [0mReceiving objects:  33% (1167/3535), 284.00 KiB | 551.00 KiB/s[35m[conform.nvim] [0m[36m   clone[0m[90m | [0mReceiving objects:  34% (1202/3535), 284.00 KiB | 551.00 KiB/s[35m[conform.nvim] [0m[36m   clone[0m[90m | [0mReceiving objects:  35% (1238/3535), 284.00 KiB | 551.00 KiB/s[35m[conform.nvim] [0m[36m   clone[0m[90m | [0mReceiving objects:  36% (1273/3535), 284.00 KiB | 551.00 KiB/s[35m[conform.nvim] [0m[36m   clone[0m[90m | [0mReceiving objects:  37% (1308/3535), 284.00 KiB | 551.00 KiB/s[35m[conform.nvim] [0m[36m   clone[0m[90m | [0mReceiving objects:  38% (1344/3535), 284.00 KiB | 551.00 KiB/s[35m[gitsigns.nvim] [0m[36m  clone[0m[90m | [0mReceiving objects:  10% (665/6642)[35m[lazygit.nvim] [0m[36m   clone[0m[90m | [0mReceiving objects:  92% (580/630)[35m[lazygit.nvim] [0m[36m   clone[0m[90m | [0mReceiving objects:  93% (586/630)[35m[lazygit.nvim] [0m[36m   clone[0m[90m | [0mremote: Total 630 (delta 9), reused 8 (delta 8), pack-reused 594 (from 3)        
[35m[lazygit.nvim] [0m[36m   clone[0m[90m | [0mReceiving objects:  94% (593/630)[35m[lazygit.nvim] [0m[36m   clone[0m[90m | [0mReceiving objects:  95% (599/630)[35m[lazygit.nvim] [0m[36m   clone[0m[90m | [0mReceiving objects:  96% (605/630)[35m[lazygit.nvim] [0m[36m   clone[0m[90m | [0mReceiving objects:  97% (612/630)[35m[lazygit.nvim] [0m[36m   clone[0m[90m | [0mReceiving objects:  98% (618/630)[35m[lazygit.nvim] [0m[36m   clone[0m[90m | [0mReceiving objects:  99% (624/630)[35m[lazygit.nvim] [0m[36m   clone[0m[90m | [0mReceiving objects: 100% (630/630)[35m[lazygit.nvim] [0m[36m   clone[0m[90m | [0mReceiving objects: 100% (630/630), 112.16 KiB | 627.00 KiB/s, done.
[35m[lazygit.nvim] [0m[36m   clone[0m[90m | [0mResolving deltas:   0% (0/165)[35m[gitsigns.nvim] [0m[36m  clone[0m[90m | [0mReceiving objects:  11% (731/6642)[35m[lazygit.nvim] [0m[36m   clone[0m[90m | [0mResolving deltas:   1% (2/165)[35m[lazygit.nvim] [0m[36m   clone[0m[90m | [0mResolving deltas:   3% (5/165)[35m[lazygit.nvim] [0m[36m   clone[0m[90m | [0mResolving deltas:   4% (7/165)[35m[lazygit.nvim] [0m[36m   clone[0m[90m | [0mResolving deltas:   5% (9/165)[35m[lazygit.nvim] [0m[36m   clone[0m[90m | [0mResolving deltas:   6% (10/165)[35m[lazygit.nvim] [0m[36m   clone[0m[90m | [0mResolving deltas:   7% (12/165)[35m[lazygit.nvim] [0m[36m   clone[0m[90m | [0mResolving deltas:   8% (14/165)[35m[lazygit.nvim] [0m[36m   clone[0m[90m | [0mResolving deltas:   9% (15/165)[35m[lazygit.nvim] [0m[36m   clone[0m[90m | [0mResolving deltas:  10% (17/165)[35m[lazygit.nvim] [0m[36m   clone[0m[90m | [0mResolving deltas:  11% (19/165)[35m[lazygit.nvim] [0m[36m   clone[0m[90m | [0mResolving deltas:  12% (20/165)[35m[lazygit.nvim] [0m[36m   clone[0m[90m | [0mResolving deltas:  13% (22/165)[35m[lazygit.nvim] [0m[36m   clone[0m[90m | [0mResolving deltas:  14% (24/165)[35m[lazygit.nvim] [0m[36m   clone[0m[90m | [0mResolving deltas:  15% (25/165)[35m[lazygit.nvim] [0m[36m   clone[0m[90m | [0mResolving deltas:  16% (27/165)[35m[lazygit.nvim] [0m[36m   clone[0m[90m | [0mResolving deltas:  17% (29/165)[35m[lazygit.nvim] [0m[36m   clone[0m[90m | [0mResolving deltas:  18% (31/165)[35m[lazygit.nvim] [0m[36m   clone[0m[90m | [0mResolving deltas:  19% (32/165)[35m[lazygit.nvim] [0m[36m   clone[0m[90m | [0mResolving deltas:  20% (33/165)[35m[lazygit.nvim] [0m[36m   clone[0m[90m | [0mResolving deltas:  21% (35/165)[35m[lazygit.nvim] [0m[36m   clone[0m[90m | [0mResolving deltas:  22% (37/165)[35m[lazygit.nvim] [0m[36m   clone[0m[90m | [0mResolving deltas:  23% (38/165)[35m[lazygit.nvim] [0m[36m   clone[0m[90m | [0mResolving deltas:  24% (40/165)[35m[lazygit.nvim] [0m[36m   clone[0m[90m | [0mResolving deltas:  25% (42/165)[35m[lazygit.nvim] [0m[36m   clone[0m[90m | [0mResolving deltas:  26% (44/165)[35m[lazygit.nvim] [0m[36m   clone[0m[90m | [0mResolving deltas:  27% (45/165)[35m[lazygit.nvim] [0m[36m   clone[0m[90m | [0mResolving deltas:  28% (47/165)[35m[lazygit.nvim] [0m[36m   clone[0m[90m | [0mResolving deltas:  29% (48/165)[35m[lazygit.nvim] [0m[36m   clone[0m[90m | [0mResolving deltas:  30% (50/165)[35m[lazygit.nvim] [0m[36m   clone[0m[90m | [0mResolving deltas:  32% (53/165)[35m[lazygit.nvim] [0m[36m   clone[0m[90m | [0mResolving deltas:  33% (55/165)[35m[lazygit.nvim] [0m[36m   clone[0m[90m | [0mResolving deltas:  34% (57/165)[35m[lazygit.nvim] [0m[36m   clone[0m[90m | [0mResolving deltas:  35% (58/165)[35m[lazygit.nvim] [0m[36m   clone[0m[90m | [0mResolving deltas:  36% (60/165)[35m[gitsigns.nvim] [0m[36m  clone[0m[90m | [0mReceiving objects:  12% (798/6642)[35m[lazygit.nvim] [0m[36m   clone[0m[90m | [0mResolving deltas:  37% (62/165)[35m[lazygit.nvim] [0m[36m   clone[0m[90m | [0mResolving deltas:  38% (63/165)[35m[lazygit.nvim] [0m[36m   clone[0m[90m | [0mResolving deltas:  40% (66/165)[35m[lazygit.nvim] [0m[36m   clone[0m[90m | [0mResolving deltas:  41% (68/165)[35m[lazygit.nvim] [0m[36m   clone[0m[90m | [0mResolving deltas:  42% (70/165)[35m[lazygit.nvim] [0m[36m   clone[0m[90m | [0mResolving deltas:  43% (71/165)[35m[lazygit.nvim] [0m[36m   clone[0m[90m | [0mResolving deltas:  44% (73/165)[35m[lazygit.nvim] [0m[36m   clone[0m[90m | [0mResolving deltas:  45% (75/165)[35m[lazygit.nvim] [0m[36m   clone[0m[90m | [0mResolving deltas:  46% (76/165)[35m[lazygit.nvim] [0m[36m   clone[0m[90m | [0mResolving deltas:  47% (78/165)[35m[lazygit.nvim] [0m[36m   clone[0m[90m | [0mResolving deltas:  48% (80/165)[35m[lazygit.nvim] [0m[36m   clone[0m[90m | [0mResolving deltas:  49% (81/165)[35m[lazygit.nvim] [0m[36m   clone[0m[90m | [0mResolving deltas:  50% (83/165)[35m[lazygit.nvim] [0m[36m   clone[0m[90m | [0mResolving deltas:  51% (85/165)[35m[lazygit.nvim] [0m[36m   clone[0m[90m | [0mResolving deltas:  52% (86/165)[35m[lazygit.nvim] [0m[36m   clone[0m[90m | [0mResolving deltas:  53% (88/165)[35m[lazygit.nvim] [0m[36m   clone[0m[90m | [0mResolving deltas:  54% (90/165)[35m[lazygit.nvim] [0m[36m   clone[0m[90m | [0mResolving deltas:  55% (91/165)[35m[lazygit.nvim] [0m[36m   clone[0m[90m | [0mResolving deltas:  56% (93/165)[35m[lazygit.nvim] [0m[36m   clone[0m[90m | [0mResolving deltas:  57% (95/165)[35m[lazygit.nvim] [0m[36m   clone[0m[90m | [0mResolving deltas:  58% (96/165)[35m[lazygit.nvim] [0m[36m   clone[0m[90m | [0mResolving deltas:  59% (98/165)[35m[lazygit.nvim] [0m[36m   clone[0m[90m | [0mResolving deltas:  60% (99/165)[35m[lazygit.nvim] [0m[36m   clone[0m[90m | [0mResolving deltas:  61% (101/165)[35m[lazygit.nvim] [0m[36m   clone[0m[90m | [0mResolving deltas:  62% (103/165)[35m[lazygit.nvim] [0m[36m   clone[0m[90m | [0mResolving deltas:  63% (104/165)[35m[lazygit.nvim] [0m[36m   clone[0m[90m | [0mResolving deltas:  64% (106/165)[35m[lazygit.nvim] [0m[36m   clone[0m[90m | [0mResolving deltas:  65% (108/165)[35m[lazygit.nvim] [0m[36m   clone[0m[90m | [0mResolving deltas:  66% (109/165)[35m[lazygit.nvim] [0m[36m   clone[0m[90m | [0mResolving deltas:  67% (111/165)[35m[lazygit.nvim] [0m[36m   clone[0m[90m | [0mResolving deltas:  68% (113/165)[35m[lazygit.nvim] [0m[36m   clone[0m[90m | [0mResolving deltas:  69% (114/165)[35m[lazygit.nvim] [0m[36m   clone[0m[90m | [0mResolving deltas:  70% (116/165)[35m[lazygit.nvim] [0m[36m   clone[0m[90m | [0mResolving deltas:  71% (118/165)[35m[lazygit.nvim] [0m[36m   clone[0m[90m | [0mResolving deltas:  72% (119/165)[35m[lazygit.nvim] [0m[36m   clone[0m[90m | [0mResolving deltas:  73% (121/165)[35m[lazygit.nvim] [0m[36m   clone[0m[90m | [0mResolving deltas:  75% (124/165)[35m[lazygit.nvim] [0m[36m   clone[0m[90m | [0mResolving deltas:  76% (126/165)[35m[lazygit.nvim] [0m[36m   clone[0m[90m | [0mResolving deltas:  77% (128/165)[35m[lazygit.nvim] [0m[36m   clone[0m[90m | [0mResolving deltas:  78% (129/165)[35m[lazygit.nvim] [0m[36m   clone[0m[90m | [0mResolving deltas:  80% (132/165)[35m[lazygit.nvim] [0m[36m   clone[0m[90m | [0mResolving deltas:  81% (134/165)[35m[lazygit.nvim] [0m[36m   clone[0m[90m | [0mResolving deltas:  83% (137/165)[35m[lazygit.nvim] [0m[36m   clone[0m[90m | [0mResolving deltas:  84% (139/165)[35m[lazygit.nvim] [0m[36m   clone[0m[90m | [0mResolving deltas:  85% (141/165)[35m[lazygit.nvim] [0m[36m   clone[0m[90m | [0mResolving deltas:  86% (143/165)[35m[lazygit.nvim] [0m[36m   clone[0m[90m | [0mResolving deltas:  87% (144/165)[35m[lazygit.nvim] [0m[36m   clone[0m[90m | [0mResolving deltas:  88% (146/165)[35m[lazygit.nvim] [0m[36m   clone[0m[90m | [0mResolving deltas:  89% (147/165)[35m[lazygit.nvim] [0m[36m   clone[0m[90m | [0mResolving deltas:  90% (149/165)[35m[lazygit.nvim] [0m[36m   clone[0m[90m | [0mResolving deltas:  91% (151/165)[35m[lazygit.nvim] [0m[36m   clone[0m[90m | [0mResolving deltas:  92% (152/165)[35m[lazygit.nvim] [0m[36m   clone[0m[90m | [0mResolving deltas:  93% (154/165)[35m[lazygit.nvim] [0m[36m   clone[0m[90m | [0mResolving deltas:  94% (156/165)[35m[lazygit.nvim] [0m[36m   clone[0m[90m | [0mResolving deltas:  95% (157/165)[35m[lazygit.nvim] [0m[36m   clone[0m[90m | [0mResolving deltas:  96% (159/165)[35m[lazygit.nvim] [0m[36m   clone[0m[90m | [0mResolving deltas:  97% (161/165)[35m[lazygit.nvim] [0m[36m   clone[0m[90m | [0mResolving deltas:  98% (162/165)[35m[lazygit.nvim] [0m[36m   clone[0m[90m | [0mResolving deltas:  99% (164/165)[35m[lazygit.nvim] [0m[36m   clone[0m[90m | [0mResolving deltas: 100% (165/165)[35m[lazygit.nvim] [0m[36m   clone[0m[90m | [0mResolving deltas: 100% (165/165), done.
[35m[nvim-cmp] [0m[36m       clone[0m[90m | [0mReceiving objects:   0% (1/4022)[35m[nvim-cmp] [0m[36m       clone[0m[90m | [0mReceiving objects:   1% (41/4022)[35m[nvim-cmp] [0m[36m       clone[0m[90m | [0mReceiving objects:   2% (81/4022)[35m[nvim-cmp] [0m[36m       clone[0m[90m | [0mReceiving objects:   3% (121/4022)[35m[nvim-cmp] [0m[36m       clone[0m[90m | [0mReceiving objects:   4% (161/4022)[35m[nvim-cmp] [0m[36m       clone[0m[90m | [0mReceiving objects:   5% (202/4022)[35m[nvim-cmp] [0m[36m       clone[0m[90m | [0mReceiving objects:   6% (242/4022)[35m[nvim-ufo] [0m[36m       clone[0m[90m | [0mReceiving objects:   0% (1/1648)[35m[nvim-ufo] [0m[36m       clone[0m[90m | [0mReceiving objects:   1% (17/1648)[35m[nvim-ufo] [0m[36m       clone[0m[90m | [0mReceiving objects:   2% (33/1648)[35m[nvim-ufo] [0m[36m       clone[0m[90m | [0mReceiving objects:   3% (50/1648)[35m[nvim-ufo] [0m[36m       clone[0m[90m | [0mReceiving objects:   4% (66/1648)[35m[nvim-ufo] [0m[36m       clone[0m[90m | [0mReceiving objects:   5% (83/1648)[35m[nvim-ufo] [0m[36m       clone[0m[90m | [0mReceiving objects:   6% (99/1648)[35m[nvim-ufo] [0m[36m       clone[0m[90m | [0mReceiving objects:   7% (116/1648)[35m[nvim-ufo] [0m[36m       clone[0m[90m | [0mReceiving objects:   8% (132/1648)[35m[nvim-ufo] [0m[36m       clone[0m[90m | [0mReceiving objects:   9% (149/1648)[35m[nvim-ufo] [0m[36m       clone[0m[90m | [0mReceiving objects:  10% (165/1648)[35m[nvim-ufo] [0m[36m       clone[0m[90m | [0mReceiving objects:  11% (182/1648)[35m[nvim-ufo] [0m[36m       clone[0m[90m | [0mReceiving objects:  12% (198/1648)[35m[nvim-ufo] [0m[36m       clone[0m[90m | [0mReceiving objects:  13% (215/1648)[35m[nvim-ufo] [0m[36m       clone[0m[90m | [0mReceiving objects:  14% (231/1648)[35m[nvim-ufo] [0m[36m       clone[0m[90m | [0mReceiving objects:  15% (248/1648)[35m[nvim-ufo] [0m[36m       clone[0m[90m | [0mReceiving objects:  16% (264/1648)[35m[nvim-ufo] [0m[36m       clone[0m[90m | [0mReceiving objects:  17% (281/1648)[35m[nvim-ufo] [0m[36m       clone[0m[90m | [0mReceiving objects:  18% (297/1648)[35m[nvim-ufo] [0m[36m       clone[0m[90m | [0mReceiving objects:  19% (314/1648)[35m[nvim-ufo] [0m[36m       clone[0m[90m | [0mReceiving objects:  20% (330/1648)[35m[nvim-ufo] [0m[36m       clone[0m[90m | [0mReceiving objects:  21% (347/1648)[35m[nvim-ufo] [0m[36m       clone[0m[90m | [0mReceiving objects:  22% (363/1648)[35m[nvim-ufo] [0m[36m       clone[0m[90m | [0mReceiving objects:  23% (380/1648)[35m[nvim-ufo] [0m[36m       clone[0m[90m | [0mReceiving objects:  24% (396/1648)[35m[nvim-ufo] [0m[36m       clone[0m[90m | [0mReceiving objects:  25% (412/1648)[35m[nvim-ufo] [0m[36m       clone[0m[90m | [0mReceiving objects:  26% (429/1648)[35m[nvim-ufo] [0m[36m       clone[0m[90m | [0mReceiving objects:  27% (445/1648)[35m[nvim-ufo] [0m[36m       clone[0m[90m | [0mReceiving objects:  28% (462/1648)[35m[nvim-ufo] [0m[36m       clone[0m[90m | [0mReceiving objects:  29% (478/1648)[35m[nvim-ufo] [0m[36m       clone[0m[90m | [0mReceiving objects:  30% (495/1648)[35m[nvim-ufo] [0m[36m       clone[0m[90m | [0mReceiving objects:  31% (511/1648)[35m[nvim-ufo] [0m[36m       clone[0m[90m | [0mReceiving objects:  32% (528/1648)[35m[nvim-ufo] [0m[36m       clone[0m[90m | [0mReceiving objects:  33% (544/1648)[35m[nvim-ufo] [0m[36m       clone[0m[90m | [0mReceiving objects:  34% (561/1648)[35m[nvim-ufo] [0m[36m       clone[0m[90m | [0mReceiving objects:  35% (577/1648)[35m[nvim-ufo] [0m[36m       clone[0m[90m | [0mReceiving objects:  36% (594/1648)[35m[nvim-ufo] [0m[36m       clone[0m[90m | [0mReceiving objects:  37% (610/1648)[35m[nvim-ufo] [0m[36m       clone[0m[90m | [0mReceiving objects:  38% (627/1648)[35m[nvim-ufo] [0m[36m       clone[0m[90m | [0mReceiving objects:  39% (643/1648)[35m[nvim-ufo] [0m[36m       clone[0m[90m | [0mReceiving objects:  40% (660/1648)[35m[nvim-ufo] [0m[36m       clone[0m[90m | [0mReceiving objects:  41% (676/1648)[35m[nvim-ufo] [0m[36m       clone[0m[90m | [0mReceiving objects:  42% (693/1648)[35m[nvim-ufo] [0m[36m       clone[0m[90m | [0mReceiving objects:  43% (709/1648)[35m[nvim-ufo] [0m[36m       clone[0m[90m | [0mReceiving objects:  44% (726/1648)[35m[nvim-ufo] [0m[36m       clone[0m[90m | [0mReceiving objects:  45% (742/1648)[35m[nvim-lspconfig] [0m[36m clone[0m[90m | [0mReceiving objects:   0% (1/15482)[35m[nvim-ufo] [0m[36m       clone[0m[90m | [0mReceiving objects:  46% (759/1648)[35m[nvim-ufo] [0m[36m       clone[0m[90m | [0mReceiving objects:  47% (775/1648)[35m[nvim-ufo] [0m[36m       clone[0m[90m | [0mReceiving objects:  48% (792/1648)[35m[nvim-ufo] [0m[36m       clone[0m[90m | [0mReceiving objects:  49% (808/1648)[35m[nvim-ufo] [0m[36m       clone[0m[90m | [0mReceiving objects:  50% (824/1648)[35m[nvim-ufo] [0m[36m       clone[0m[90m | [0mReceiving objects:  51% (841/1648)[35m[legendary.nvim] [0m[36m clone[0m[90m | [0mReceiving objects:   0% (1/3337)[35m[legendary.nvim] [0m[36m clone[0m[90m | [0mReceiving objects:   1% (34/3337)[35m[legendary.nvim] [0m[36m clone[0m[90m | [0mReceiving objects:   2% (67/3337)[35m[legendary.nvim] [0m[36m clone[0m[90m | [0mReceiving objects:   3% (101/3337)[35m[nvim-lspconfig] [0m[36m clone[0m[90m | [0mReceiving objects:   1% (155/15482)[35m[legendary.nvim] [0m[36m clone[0m[90m | [0mReceiving objects:   4% (134/3337)[35m[legendary.nvim] [0m[36m clone[0m[90m | [0mReceiving objects:   5% (167/3337)[35m[legendary.nvim] [0m[36m clone[0m[90m | [0mReceiving objects:   6% (201/3337)[35m[legendary.nvim] [0m[36m clone[0m[90m | [0mReceiving objects:   7% (234/3337)[35m[legendary.nvim] [0m[36m clone[0m[90m | [0mReceiving objects:   8% (267/3337)[35m[legendary.nvim] [0m[36m clone[0m[90m | [0mReceiving objects:   9% (301/3337)[35m[legendary.nvim] [0m[36m clone[0m[90m | [0mReceiving objects:  10% (334/3337)[35m[legendary.nvim] [0m[36m clone[0m[90m | [0mReceiving objects:  11% (368/3337)[35m[legendary.nvim] [0m[36m clone[0m[90m | [0mReceiving objects:  12% (401/3337)[35m[legendary.nvim] [0m[36m clone[0m[90m | [0mReceiving objects:  13% (434/3337)[35m[nvim-ufo] [0m[36m       clone[0m[90m | [0mReceiving objects:  52% (857/1648)[35m[nvim-ufo] [0m[36m       clone[0m[90m | [0mReceiving objects:  53% (874/1648)[35m[nvim-ufo] [0m[36m       clone[0m[90m | [0mReceiving objects:  54% (890/1648)[35m[nvim-ufo] [0m[36m       clone[0m[90m | [0mReceiving objects:  55% (907/1648)[35m[legendary.nvim] [0m[36m clone[0m[90m | [0mReceiving objects:  14% (468/3337)[35m[legendary.nvim] [0m[36m clone[0m[90m | [0mReceiving objects:  15% (501/3337)[35m[legendary.nvim] [0m[36m clone[0m[90m | [0mReceiving objects:  16% (534/3337)[35m[legendary.nvim] [0m[36m clone[0m[90m | [0mReceiving objects:  17% (568/3337)[35m[legendary.nvim] [0m[36m clone[0m[90m | [0mReceiving objects:  18% (601/3337)[35m[legendary.nvim] [0m[36m clone[0m[90m | [0mReceiving objects:  19% (635/3337)[35m[legendary.nvim] [0m[36m clone[0m[90m | [0mReceiving objects:  20% (668/3337)[35m[legendary.nvim] [0m[36m clone[0m[90m | [0mReceiving objects:  21% (701/3337)[35m[legendary.nvim] [0m[36m clone[0m[90m | [0mReceiving objects:  22% (735/3337)[35m[legendary.nvim] [0m[36m clone[0m[90m | [0mReceiving objects:  23% (768/3337)[35m[nvim-ufo] [0m[36m       clone[0m[90m | [0mReceiving objects:  56% (923/1648)[35m[nvim-ufo] [0m[36m       clone[0m[90m | [0mReceiving objects:  57% (940/1648)[35m[nvim-ufo] [0m[36m       clone[0m[90m | [0mReceiving objects:  58% (956/1648)[35m[nvim-ufo] [0m[36m       clone[0m[90m | [0mReceiving objects:  59% (973/1648)[35m[nvim-ufo] [0m[36m       clone[0m[90m | [0mReceiving objects:  60% (989/1648)[35m[nvim-ufo] [0m[36m       clone[0m[90m | [0mReceiving objects:  61% (1006/1648)[35m[nvim-ufo] [0m[36m       clone[0m[90m | [0mReceiving objects:  62% (1022/1648)[35m[nvim-treesitter] [0m[36mclone[0m[90m | [0mReceiving objects:   0% (1/26746)[35m[nvim-ufo] [0m[36m       clone[0m[90m | [0mReceiving objects:  63% (1039/1648)[35m[nvim-ufo] [0m[36m       clone[0m[90m | [0mReceiving objects:  64% (1055/1648)[35m[nvim-ufo] [0m[36m       clone[0m[90m | [0mReceiving objects:  65% (1072/1648)[35m[nvim-ufo] [0m[36m       clone[0m[90m | [0mReceiving objects:  66% (1088/1648)[35m[nvim-ufo] [0m[36m       clone[0m[90m | [0mReceiving objects:  67% (1105/1648)[35m[nvim-ufo] [0m[36m       clone[0m[90m | [0mReceiving objects:  68% (1121/1648)[35m[nvim-ufo] [0m[36m       clone[0m[90m | [0mReceiving objects:  69% (1138/1648)[35m[nvim-ufo] [0m[36m       clone[0m[90m | [0mReceiving objects:  70% (1154/1648)[35m[catppuccin] [0m[36m     clone[0m[90m | [0mReceiving objects:  14% (1105/7890), 268.00 KiB | 494.00 KiB/s[35m[nvim-ufo] [0m[36m       clone[0m[90m | [0mReceiving objects:  71% (1171/1648)[35m[nvim-ufo] [0m[36m       clone[0m[90m | [0mReceiving objects:  72% (1187/1648)[35m[nvim-ufo] [0m[36m       clone[0m[90m | [0mReceiving objects:  73% (1204/1648)[35m[catppuccin] [0m[36m     clone[0m[90m | [0mReceiving objects:  15% (1184/7890), 268.00 KiB | 494.00 KiB/s[35m[catppuccin] [0m[36m     clone[0m[90m | [0mReceiving objects:  16% (1263/7890), 268.00 KiB | 494.00 KiB/s[35m[catppuccin] [0m[36m     clone[0m[90m | [0mReceiving objects:  17% (1342/7890), 268.00 KiB | 494.00 KiB/s[35m[catppuccin] [0m[36m     clone[0m[90m | [0mReceiving objects:  18% (1421/7890), 268.00 KiB | 494.00 KiB/s[35m[nvim-ufo] [0m[36m       clone[0m[90m | [0mReceiving objects:  74% (1220/1648)[35m[nvim-ufo] [0m[36m       clone[0m[90m | [0mReceiving objects:  75% (1236/1648)[35m[nvim-ufo] [0m[36m       clone[0m[90m | [0mReceiving objects:  76% (1253/1648)[35m[kulala.nvim] [0m[36m    clone[0m[90m | [0mReceiving objects:   0% (1/4437)[35m[kulala.nvim] [0m[36m    clone[0m[90m | [0mReceiving objects:   1% (45/4437)[35m[kulala.nvim] [0m[36m    clone[0m[90m | [0mReceiving objects:   2% (89/4437)[35m[nvim-cmp] [0m[36m       clone[0m[90m | [0mReceiving objects:   7% (282/4022)[35m[kulala.nvim] [0m[36m    clone[0m[90m | [0mReceiving objects:   3% (134/4437)[35m[nvim-cmp] [0m[36m       clone[0m[90m | [0mReceiving objects:   8% (322/4022)[35m[friendly-snippets] [0m[36mclone[0m[90m | [0mReceiving objects:  21% (500/2380), 244.00 KiB | 458.00 KiB/s[35m[nvim-ufo] [0m[36m       clone[0m[90m | [0mReceiving objects:  77% (1269/1648)[35m[nvim-ufo] [0m[36m       clone[0m[90m | [0mReceiving objects:  78% (1286/1648)[35m[nvim-ufo] [0m[36m       clone[0m[90m | [0mReceiving objects:  79% (1302/1648)[35m[nvim-cmp] [0m[36m       clone[0m[90m | [0mReceiving objects:   9% (362/4022)[35m[nvim-ufo] [0m[36m       clone[0m[90m | [0mReceiving objects:  80% (1319/1648)[35m[nvim-ufo] [0m[36m       clone[0m[90m | [0mReceiving objects:  81% (1335/1648)[35m[nvim-ufo] [0m[36m       clone[0m[90m | [0mReceiving objects:  82% (1352/1648)[35m[nvim-cmp] [0m[36m       clone[0m[90m | [0mReceiving objects:  10% (403/4022)[35m[auto-session] [0m[36m   clone[0m[90m | [0mReceiving objects:  46% (1323/2876)[35m[auto-session] [0m[36m   clone[0m[90m | [0mReceiving objects:  47% (1352/2876)[35m[nvim-cmp] [0m[36m       clone[0m[90m | [0mReceiving objects:  11% (443/4022)[35m[auto-session] [0m[36m   clone[0m[90m | [0mReceiving objects:  48% (1381/2876)[35m[auto-session] [0m[36m   clone[0m[90m | [0mReceiving objects:  49% (1410/2876)[35m[LuaSnip] [0m[36m        clone[0m[90m | [0mReceiving objects:  16% (1756/10973), 292.00 KiB | 450.00 KiB/s[35m[auto-session] [0m[36m   clone[0m[90m | [0mReceiving objects:  50% (1438/2876)[35m[auto-session] [0m[36m   clone[0m[90m | [0mReceiving objects:  51% (1467/2876)[35m[auto-session] [0m[36m   clone[0m[90m | [0mReceiving objects:  52% (1496/2876)[35m[auto-session] [0m[36m   clone[0m[90m | [0mReceiving objects:  53% (1525/2876)[35m[auto-session] [0m[36m   clone[0m[90m | [0mReceiving objects:  54% (1554/2876)[35m[fzf-lua] [0m[36m        clone[0m[90m | [0mReceiving objects:   9% (1110/12324), 204.00 KiB | 319.00 KiB/s[35m[auto-session] [0m[36m   clone[0m[90m | [0mReceiving objects:  55% (1582/2876)[35m[friendly-snippets] [0m[36mclone[0m[90m | [0mReceiving objects:  22% (524/2380), 244.00 KiB | 458.00 KiB/s[35m[friendly-snippets] [0m[36mclone[0m[90m | [0mReceiving objects:  23% (548/2380), 244.00 KiB | 458.00 KiB/s[35m[friendly-snippets] [0m[36mclone[0m[90m | [0mReceiving objects:  24% (572/2380), 244.00 KiB | 458.00 KiB/s[35m[friendly-snippets] [0m[36mclone[0m[90m | [0mReceiving objects:  25% (595/2380), 244.00 KiB | 458.00 KiB/s[35m[friendly-snippets] [0m[36mclone[0m[90m | [0mReceiving objects:  26% (619/2380), 244.00 KiB | 458.00 KiB/s[35m[friendly-snippets] [0m[36mclone[0m[90m | [0mReceiving objects:  27% (643/2380), 244.00 KiB | 458.00 KiB/s[35m[friendly-snippets] [0m[36mclone[0m[90m | [0mReceiving objects:  28% (667/2380), 244.00 KiB | 458.00 KiB/s[35m[gitsigns.nvim] [0m[36m  clone[0m[90m | [0mReceiving objects:  13% (864/6642), 204.00 KiB | 381.00 KiB/s[35m[friendly-snippets] [0m[36mclone[0m[90m | [0mReceiving objects:  29% (691/2380), 244.00 KiB | 458.00 KiB/s[35m[friendly-snippets] [0m[36mclone[0m[90m | [0mReceiving objects:  30% (714/2380), 244.00 KiB | 458.00 KiB/s[35m[LuaSnip] [0m[36m        clone[0m[90m | [0mReceiving objects:  17% (1866/10973), 292.00 KiB | 450.00 KiB/s[35m[fzf-lua] [0m[36m        clone[0m[90m | [0mReceiving objects:  10% (1233/12324), 204.00 KiB | 319.00 KiB/s[35m[LuaSnip] [0m[36m        clone[0m[90m | [0mReceiving objects:  18% (1976/10973), 292.00 KiB | 450.00 KiB/s[35m[LuaSnip] [0m[36m        clone[0m[90m | [0mReceiving objects:  19% (2085/10973), 292.00 KiB | 450.00 KiB/s[35m[LuaSnip] [0m[36m        clone[0m[90m | [0mReceiving objects:  20% (2195/10973), 292.00 KiB | 450.00 KiB/s[35m[conform.nvim] [0m[36m   clone[0m[90m | [0mReceiving objects:  39% (1379/3535), 284.00 KiB | 551.00 KiB/s[35m[conform.nvim] [0m[36m   clone[0m[90m | [0mReceiving objects:  40% (1414/3535), 284.00 KiB | 551.00 KiB/s[35m[conform.nvim] [0m[36m   clone[0m[90m | [0mReceiving objects:  41% (1450/3535), 284.00 KiB | 551.00 KiB/s[35m[conform.nvim] [0m[36m   clone[0m[90m | [0mReceiving objects:  42% (1485/3535), 284.00 KiB | 551.00 KiB/s[35m[conform.nvim] [0m[36m   clone[0m[90m | [0mReceiving objects:  43% (1521/3535), 284.00 KiB | 551.00 KiB/s[35m[conform.nvim] [0m[36m   clone[0m[90m | [0mReceiving objects:  44% (1556/3535), 284.00 KiB | 551.00 KiB/s[35m[conform.nvim] [0m[36m   clone[0m[90m | [0mReceiving objects:  45% (1591/3535), 284.00 KiB | 551.00 KiB/s[35m[conform.nvim] [0m[36m   clone[0m[90m | [0mReceiving objects:  46% (1627/3535), 284.00 KiB | 551.00 KiB/s[35m[conform.nvim] [0m[36m   clone[0m[90m | [0mReceiving objects:  47% (1662/3535), 284.00 KiB | 551.00 KiB/s[35m[conform.nvim] [0m[36m   clone[0m[90m | [0mReceiving objects:  48% (1697/3535), 284.00 KiB | 551.00 KiB/s[35m[conform.nvim] [0m[36m   clone[0m[90m | [0mReceiving objects:  49% (1733/3535), 284.00 KiB | 551.00 KiB/s[35m[conform.nvim] [0m[36m   clone[0m[90m | [0mReceiving objects:  50% (1768/3535), 284.00 KiB | 551.00 KiB/s[35m[conform.nvim] [0m[36m   clone[0m[90m | [0mReceiving objects:  51% (1803/3535), 284.00 KiB | 551.00 KiB/s[35m[conform.nvim] [0m[36m   clone[0m[90m | [0mReceiving objects:  52% (1839/3535), 284.00 KiB | 551.00 KiB/s[35m[conform.nvim] [0m[36m   clone[0m[90m | [0mReceiving objects:  53% (1874/3535), 284.00 KiB | 551.00 KiB/s[35m[conform.nvim] [0m[36m   clone[0m[90m | [0mReceiving objects:  54% (1909/3535), 284.00 KiB | 551.00 KiB/s[35m[conform.nvim] [0m[36m   clone[0m[90m | [0mReceiving objects:  55% (1945/3535), 284.00 KiB | 551.00 KiB/s[35m[conform.nvim] [0m[36m   clone[0m[90m | [0mReceiving objects:  56% (1980/3535), 284.00 KiB | 551.00 KiB/s[35m[conform.nvim] [0m[36m   clone[0m[90m | [0mReceiving objects:  57% (2015/3535), 284.00 KiB | 551.00 KiB/s[35m[conform.nvim] [0m[36m   clone[0m[90m | [0mReceiving objects:  58% (2051/3535), 284.00 KiB | 551.00 KiB/s[35m[conform.nvim] [0m[36m   clone[0m[90m | [0mReceiving objects:  59% (2086/3535), 284.00 KiB | 551.00 KiB/s[35m[conform.nvim] [0m[36m   clone[0m[90m | [0mReceiving objects:  60% (2121/3535), 284.00 KiB | 551.00 KiB/s[35m[conform.nvim] [0m[36m   clone[0m[90m | [0mReceiving objects:  61% (2157/3535), 284.00 KiB | 551.00 KiB/s[35m[conform.nvim] [0m[36m   clone[0m[90m | [0mReceiving objects:  62% (2192/3535), 284.00 KiB | 551.00 KiB/s[35m[conform.nvim] [0m[36m   clone[0m[90m | [0mReceiving objects:  63% (2228/3535), 284.00 KiB | 551.00 KiB/s[35m[conform.nvim] [0m[36m   clone[0m[90m | [0mReceiving objects:  64% (2263/3535), 284.00 KiB | 551.00 KiB/s[35m[conform.nvim] [0m[36m   clone[0m[90m | [0mReceiving objects:  65% (2298/3535), 284.00 KiB | 551.00 KiB/s[35m[conform.nvim] [0m[36m   clone[0m[90m | [0mReceiving objects:  66% (2334/3535), 284.00 KiB | 551.00 KiB/s[35m[nvim-treesitter] [0m[36mclone[0m[90m | [0mReceiving objects:   1% (268/26746)[35m[gitsigns.nvim] [0m[36m  clone[0m[90m | [0mReceiving objects:  14% (930/6642), 204.00 KiB | 381.00 KiB/s[35m[gitsigns.nvim] [0m[36m  clone[0m[90m | [0mReceiving objects:  15% (997/6642), 204.00 KiB | 381.00 KiB/s[35m[catppuccin] [0m[36m     clone[0m[90m | [0mReceiving objects:  19% (1500/7890), 268.00 KiB | 494.00 KiB/s[35m[gitsigns.nvim] [0m[36m  clone[0m[90m | [0mReceiving objects:  16% (1063/6642), 204.00 KiB | 381.00 KiB/s[35m[legendary.nvim] [0m[36m clone[0m[90m | [0mReceiving objects:  24% (801/3337)[35m[legendary.nvim] [0m[36m clone[0m[90m | [0mReceiving objects:  25% (835/3337)[35m[legendary.nvim] [0m[36m clone[0m[90m | [0mReceiving objects:  26% (868/3337)[35m[gitsigns.nvim] [0m[36m  clone[0m[90m | [0mReceiving objects:  17% (1130/6642), 204.00 KiB | 381.00 KiB/s[35m[legendary.nvim] [0m[36m clone[0m[90m | [0mReceiving objects:  27% (901/3337)[35m[gitsigns.nvim] [0m[36m  clone[0m[90m | [0mReceiving objects:  18% (1196/6642), 204.00 KiB | 381.00 KiB/s[35m[legendary.nvim] [0m[36m clone[0m[90m | [0mReceiving objects:  28% (935/3337)[35m[legendary.nvim] [0m[36m clone[0m[90m | [0mReceiving objects:  29% (968/3337)[35m[legendary.nvim] [0m[36m clone[0m[90m | [0mReceiving objects:  30% (1002/3337)[35m[legendary.nvim] [0m[36m clone[0m[90m | [0mReceiving objects:  31% (1035/3337)[35m[gitsigns.nvim] [0m[36m  clone[0m[90m | [0mReceiving objects:  19% (1262/6642), 204.00 KiB | 381.00 KiB/s[35m[gitsigns.nvim] [0m[36m  clone[0m[90m | [0mReceiving objects:  20% (1329/6642), 204.00 KiB | 381.00 KiB/s[35m[gitsigns.nvim] [0m[36m  clone[0m[90m | [0mReceiving objects:  21% (1395/6642), 204.00 KiB | 381.00 KiB/s[35m[Comment.nvim] [0m[36m   clone[0m[90m | [0mUpdating files:  12% (2/16)[35m[Comment.nvim] [0m[36m   clone[0m[90m | [0mUpdating files:  18% (3/16)[35m[catppuccin] [0m[36m     clone[0m[90m | [0mReceiving objects:  20% (1578/7890), 268.00 KiB | 494.00 KiB/s[35m[Comment.nvim] [0m[36m   clone[0m[90m | [0mUpdating files:  25% (4/16)[35m[Comment.nvim] [0m[36m   clone[0m[90m | [0mUpdating files:  31% (5/16)[35m[Comment.nvim] [0m[36m   clone[0m[90m | [0mUpdating files:  37% (6/16)[35m[Comment.nvim] [0m[36m   clone[0m[90m | [0mUpdating files:  43% (7/16)[35m[catppuccin] [0m[36m     clone[0m[90m | [0mReceiving objects:  21% (1657/7890), 268.00 KiB | 494.00 KiB/s[35m[catppuccin] [0m[36m     clone[0m[90m | [0mReceiving objects:  22% (1736/7890), 268.00 KiB | 494.00 KiB/s[35m[Comment.nvim] [0m[36m   clone[0m[90m | [0mUpdating files:  50% (8/16)[35m[catppuccin] [0m[36m     clone[0m[90m | [0mReceiving objects:  23% (1815/7890), 268.00 KiB | 494.00 KiB/s[35m[catppuccin] [0m[36m     clone[0m[90m | [0mReceiving objects:  24% (1894/7890), 268.00 KiB | 494.00 KiB/s[35m[Comment.nvim] [0m[36m   clone[0m[90m | [0mUpdating files:  56% (9/16)[35m[Comment.nvim] [0m[36m   clone[0m[90m | [0mUpdating files:  62% (10/16)[35m[Comment.nvim] [0m[36m   clone[0m[90m | [0mUpdating files:  68% (11/16)[35m[Comment.nvim] [0m[36m   clone[0m[90m | [0mUpdating files:  75% (12/16)[35m[Comment.nvim] [0m[36m   clone[0m[90m | [0mUpdating files:  81% (13/16)[35m[Comment.nvim] [0m[36m   clone[0m[90m | [0mUpdating files:  87% (14/16)[35m[Comment.nvim] [0m[36m   clone[0m[90m | [0mUpdating files:  93% (15/16)[35m[Comment.nvim] [0m[36m   clone[0m[90m | [0mUpdating files: 100% (16/16)[35m[Comment.nvim] [0m[36m   clone[0m[90m | [0mUpdating files: 100% (16/16), done.
[35m[catppuccin] [0m[36m     clone[0m[90m | [0mReceiving objects:  25% (1973/7890), 268.00 KiB | 494.00 KiB/s[35m[catppuccin] [0m[36m     clone[0m[90m | [0mReceiving objects:  26% (2052/7890), 268.00 KiB | 494.00 KiB/s[35m[nvim-ufo] [0m[36m       clone[0m[90m | [0mReceiving objects:  83% (1368/1648)[35m[nvim-ufo] [0m[36m       clone[0m[90m | [0mReceiving objects:  84% (1385/1648)[35m[nvim-ufo] [0m[36m       clone[0m[90m | [0mReceiving objects:  85% (1401/1648)[35m[catppuccin] [0m[36m     clone[0m[90m | [0mReceiving objects:  27% (2131/7890), 268.00 KiB | 494.00 KiB/s[35m[catppuccin] [0m[36m     clone[0m[90m | [0mReceiving objects:  28% (2210/7890), 268.00 KiB | 494.00 KiB/s[35m[nvim-ufo] [0m[36m       clone[0m[90m | [0mReceiving objects:  86% (1418/1648)[35m[nvim-ufo] [0m[36m       clone[0m[90m | [0mReceiving objects:  87% (1434/1648)[35m[nvim-ufo] [0m[36m       clone[0m[90m | [0mReceiving objects:  88% (1451/1648)[35m[nvim-ufo] [0m[36m       clone[0m[90m | [0mReceiving objects:  89% (1467/1648)[35m[nvim-ufo] [0m[36m       clone[0m[90m | [0mReceiving objects:  90% (1484/1648)[35m[nvim-ufo] [0m[36m       clone[0m[90m | [0mReceiving objects:  91% (1500/1648)[35m[nvim-ufo] [0m[36m       clone[0m[90m | [0mremote: Total 1648 (delta 223), reused 212 (delta 207), pack-reused 1406 (from 2)        
[35m[nvim-ufo] [0m[36m       clone[0m[90m | [0mReceiving objects:  92% (1517/1648)[35m[nvim-ufo] [0m[36m       clone[0m[90m | [0mReceiving objects:  93% (1533/1648)[35m[nvim-ufo] [0m[36m       clone[0m[90m | [0mReceiving objects:  94% (1550/1648)[35m[nvim-ufo] [0m[36m       clone[0m[90m | [0mReceiving objects:  95% (1566/1648)[35m[nvim-ufo] [0m[36m       clone[0m[90m | [0mReceiving objects:  96% (1583/1648)[35m[nvim-ufo] [0m[36m       clone[0m[90m | [0mReceiving objects:  97% (1599/1648)[35m[nvim-ufo] [0m[36m       clone[0m[90m | [0mReceiving objects:  98% (1616/1648)[35m[nvim-ufo] [0m[36m       clone[0m[90m | [0mReceiving objects:  99% (1632/1648)[35m[nvim-ufo] [0m[36m       clone[0m[90m | [0mReceiving objects: 100% (1648/1648)[35m[catppuccin] [0m[36m     clone[0m[90m | [0mReceiving objects:  29% (2289/7890), 268.00 KiB | 494.00 KiB/s[35m[nvim-ufo] [0m[36m       clone[0m[90m | [0mReceiving objects: 100% (1648/1648), 183.74 KiB | 790.00 KiB/s, done.
[35m[kulala.nvim] [0m[36m    clone[0m[90m | [0mReceiving objects:   4% (178/4437)[35m[nvim-ufo] [0m[36m       clone[0m[90m | [0mResolving deltas:   0% (0/791)[35m[nvim-ufo] [0m[36m       clone[0m[90m | [0mResolving deltas:   1% (8/791)[35m[nvim-ufo] [0m[36m       clone[0m[90m | [0mResolving deltas:   2% (16/791)[35m[nvim-ufo] [0m[36m       clone[0m[90m | [0mResolving deltas:   3% (24/791)[35m[nvim-ufo] [0m[36m       clone[0m[90m | [0mResolving deltas:   4% (32/791)[35m[nvim-ufo] [0m[36m       clone[0m[90m | [0mResolving deltas:   5% (40/791)[35m[nvim-ufo] [0m[36m       clone[0m[90m | [0mResolving deltas:   6% (48/791)[35m[nvim-ufo] [0m[36m       clone[0m[90m | [0mResolving deltas:   7% (56/791)[35m[nvim-ufo] [0m[36m       clone[0m[90m | [0mResolving deltas:   8% (64/791)[35m[nvim-ufo] [0m[36m       clone[0m[90m | [0mResolving deltas:   9% (72/791)[35m[nvim-ufo] [0m[36m       clone[0m[90m | [0mResolving deltas:  10% (80/791)[35m[nvim-ufo] [0m[36m       clone[0m[90m | [0mResolving deltas:  11% (88/791)[35m[nvim-ufo] [0m[36m       clone[0m[90m | [0mResolving deltas:  12% (96/791)[35m[nvim-ufo] [0m[36m       clone[0m[90m | [0mResolving deltas:  13% (103/791)[35m[nvim-ufo] [0m[36m       clone[0m[90m | [0mResolving deltas:  14% (111/791)[35m[nvim-ufo] [0m[36m       clone[0m[90m | [0mResolving deltas:  15% (119/791)[35m[nvim-ufo] [0m[36m       clone[0m[90m | [0mResolving deltas:  16% (127/791)[35m[nvim-ufo] [0m[36m       clone[0m[90m | [0mResolving deltas:  17% (135/791)[35m[nvim-ufo] [0m[36m       clone[0m[90m | [0mResolving deltas:  18% (143/791)[35m[nvim-ufo] [0m[36m       clone[0m[90m | [0mResolving deltas:  19% (151/791)[35m[nvim-ufo] [0m[36m       clone[0m[90m | [0mResolving deltas:  20% (159/791)[35m[nvim-ufo] [0m[36m       clone[0m[90m | [0mResolving deltas:  21% (168/791)[35m[nvim-ufo] [0m[36m       clone[0m[90m | [0mResolving deltas:  22% (175/791)[35m[nvim-ufo] [0m[36m       clone[0m[90m | [0mResolving deltas:  23% (182/791)[35m[nvim-ufo] [0m[36m       clone[0m[90m | [0mResolving deltas:  24% (190/791)[35m[nvim-ufo] [0m[36m       clone[0m[90m | [0mResolving deltas:  25% (200/791)[35m[nvim-ufo] [0m[36m       clone[0m[90m | [0mResolving deltas:  26% (206/791)[35m[nvim-ufo] [0m[36m       clone[0m[90m | [0mResolving deltas:  27% (215/791)[35m[nvim-ufo] [0m[36m       clone[0m[90m | [0mResolving deltas:  28% (224/791)[35m[nvim-ufo] [0m[36m       clone[0m[90m | [0mResolving deltas:  29% (230/791)[35m[nvim-ufo] [0m[36m       clone[0m[90m | [0mResolving deltas:  30% (238/791)[35m[nvim-ufo] [0m[36m       clone[0m[90m | [0mResolving deltas:  31% (246/791)[35m[nvim-ufo] [0m[36m       clone[0m[90m | [0mResolving deltas:  32% (254/791)[35m[nvim-ufo] [0m[36m       clone[0m[90m | [0mResolving deltas:  33% (262/791)[35m[nvim-ufo] [0m[36m       clone[0m[90m | [0mResolving deltas:  34% (269/791)[35m[nvim-ufo] [0m[36m       clone[0m[90m | [0mResolving deltas:  35% (277/791)[35m[nvim-ufo] [0m[36m       clone[0m[90m | [0mResolving deltas:  36% (285/791)[35m[nvim-ufo] [0m[36m       clone[0m[90m | [0mResolving deltas:  37% (293/791)[35m[nvim-ufo] [0m[36m       clone[0m[90m | [0mResolving deltas:  38% (301/791)[35m[nvim-ufo] [0m[36m       clone[0m[90m | [0mResolving deltas:  39% (309/791)[35m[nvim-ufo] [0m[36m       clone[0m[90m | [0mResolving deltas:  40% (317/791)[35m[nvim-ufo] [0m[36m       clone[0m[90m | [0mResolving deltas:  41% (325/791)[35m[nvim-ufo] [0m[36m       clone[0m[90m | [0mResolving deltas:  42% (333/791)[35m[nvim-ufo] [0m[36m       clone[0m[90m | [0mResolving deltas:  43% (341/791)[35m[nvim-ufo] [0m[36m       clone[0m[90m | [0mResolving deltas:  44% (350/791)[35m[nvim-ufo] [0m[36m       clone[0m[90m | [0mResolving deltas:  45% (357/791)[35m[nvim-ufo] [0m[36m       clone[0m[90m | [0mResolving deltas:  46% (365/791)[35m[nvim-ufo] [0m[36m       clone[0m[90m | [0mResolving deltas:  47% (372/791)[35m[nvim-ufo] [0m[36m       clone[0m[90m | [0mResolving deltas:  48% (383/791)[35m[nvim-ufo] [0m[36m       clone[0m[90m | [0mResolving deltas:  49% (389/791)[35m[nvim-ufo] [0m[36m       clone[0m[90m | [0mResolving deltas:  50% (396/791)[35m[nvim-ufo] [0m[36m       clone[0m[90m | [0mResolving deltas:  51% (404/791)[35m[nvim-ufo] [0m[36m       clone[0m[90m | [0mResolving deltas:  52% (414/791)[35m[nvim-ufo] [0m[36m       clone[0m[90m | [0mResolving deltas:  53% (421/791)[35m[nvim-ufo] [0m[36m       clone[0m[90m | [0mResolving deltas:  54% (428/791)[35m[nvim-ufo] [0m[36m       clone[0m[90m | [0mResolving deltas:  55% (437/791)[35m[nvim-ufo] [0m[36m       clone[0m[90m | [0mResolving deltas:  56% (443/791)[35m[nvim-ufo] [0m[36m       clone[0m[90m | [0mResolving deltas:  57% (451/791)[35m[nvim-ufo] [0m[36m       clone[0m[90m | [0mResolving deltas:  58% (459/791)[35m[nvim-ufo] [0m[36m       clone[0m[90m | [0mResolving deltas:  59% (467/791)[35m[kulala.nvim] [0m[36m    clone[0m[90m | [0mReceiving objects:   5% (222/4437)[35m[nvim-ufo] [0m[36m       clone[0m[90m | [0mResolving deltas:  60% (475/791)[35m[nvim-ufo] [0m[36m       clone[0m[90m | [0mResolving deltas:  61% (483/791)[35m[nvim-ufo] [0m[36m       clone[0m[90m | [0mResolving deltas:  62% (491/791)[35m[nvim-ufo] [0m[36m       clone[0m[90m | [0mResolving deltas:  63% (499/791)[35m[nvim-ufo] [0m[36m       clone[0m[90m | [0mResolving deltas:  64% (507/791)[35m[nvim-ufo] [0m[36m       clone[0m[90m | [0mResolving deltas:  65% (517/791)[35m[nvim-ufo] [0m[36m       clone[0m[90m | [0mResolving deltas:  66% (523/791)[35m[nvim-ufo] [0m[36m       clone[0m[90m | [0mResolving deltas:  67% (530/791)[35m[nvim-ufo] [0m[36m       clone[0m[90m | [0mResolving deltas:  68% (538/791)[35m[nvim-ufo] [0m[36m       clone[0m[90m | [0mResolving deltas:  69% (546/791)[35m[nvim-ufo] [0m[36m       clone[0m[90m | [0mResolving deltas:  70% (554/791)[35m[nvim-ufo] [0m[36m       clone[0m[90m | [0mResolving deltas:  71% (563/791)[35m[nvim-ufo] [0m[36m       clone[0m[90m | [0mResolving deltas:  72% (570/791)[35m[nvim-ufo] [0m[36m       clone[0m[90m | [0mResolving deltas:  73% (578/791)[35m[nvim-ufo] [0m[36m       clone[0m[90m | [0mResolving deltas:  74% (587/791)[35m[nvim-ufo] [0m[36m       clone[0m[90m | [0mResolving deltas:  75% (594/791)[35m[nvim-ufo] [0m[36m       clone[0m[90m | [0mResolving deltas:  76% (602/791)[35m[nvim-ufo] [0m[36m       clone[0m[90m | [0mResolving deltas:  77% (610/791)[35m[nvim-ufo] [0m[36m       clone[0m[90m | [0mResolving deltas:  78% (617/791)[35m[nvim-ufo] [0m[36m       clone[0m[90m | [0mResolving deltas:  79% (625/791)[35m[nvim-ufo] [0m[36m       clone[0m[90m | [0mResolving deltas:  80% (633/791)[35m[nvim-ufo] [0m[36m       clone[0m[90m | [0mResolving deltas:  81% (641/791)[35m[nvim-ufo] [0m[36m       clone[0m[90m | [0mResolving deltas:  82% (649/791)[35m[nvim-ufo] [0m[36m       clone[0m[90m | [0mResolving deltas:  83% (657/791)[35m[nvim-ufo] [0m[36m       clone[0m[90m | [0mResolving deltas:  84% (665/791)[35m[nvim-ufo] [0m[36m       clone[0m[90m | [0mResolving deltas:  85% (673/791)[35m[nvim-ufo] [0m[36m       clone[0m[90m | [0mResolving deltas:  86% (681/791)[35m[nvim-ufo] [0m[36m       clone[0m[90m | [0mResolving deltas:  87% (689/791)[35m[nvim-ufo] [0m[36m       clone[0m[90m | [0mResolving deltas:  88% (697/791)[35m[nvim-ufo] [0m[36m       clone[0m[90m | [0mResolving deltas:  89% (704/791)[35m[nvim-ufo] [0m[36m       clone[0m[90m | [0mResolving deltas:  90% (714/791)[35m[nvim-ufo] [0m[36m       clone[0m[90m | [0mResolving deltas:  91% (721/791)[35m[nvim-ufo] [0m[36m       clone[0m[90m | [0mResolving deltas:  92% (728/791)[35m[nvim-ufo] [0m[36m       clone[0m[90m | [0mResolving deltas:  93% (736/791)[35m[nvim-ufo] [0m[36m       clone[0m[90m | [0mResolving deltas:  94% (745/791)[35m[nvim-ufo] [0m[36m       clone[0m[90m | [0mResolving deltas:  95% (755/791)[35m[nvim-ufo] [0m[36m       clone[0m[90m | [0mResolving deltas:  96% (760/791)[35m[nvim-ufo] [0m[36m       clone[0m[90m | [0mResolving deltas:  97% (768/791)[35m[nvim-ufo] [0m[36m       clone[0m[90m | [0mResolving deltas:  98% (776/791)[35m[nvim-ufo] [0m[36m       clone[0m[90m | [0mResolving deltas:  99% (784/791)[35m[nvim-ufo] [0m[36m       clone[0m[90m | [0mResolving deltas: 100% (791/791)[35m[nvim-ufo] [0m[36m       clone[0m[90m | [0mResolving deltas: 100% (791/791), done.
[35m[conform.nvim] [0m[36m   clone[0m[90m | [0mReceiving objects:  67% (2369/3535), 284.00 KiB | 551.00 KiB/s[35m[nvim-cmp] [0m[36m       clone[0m[90m | [0mReceiving objects:  12% (483/4022)[35m[nvim-cmp] [0m[36m       clone[0m[90m | [0mReceiving objects:  13% (523/4022)[35m[legendary.nvim] [0m[36m clone[0m[90m | [0mReceiving objects:  32% (1068/3337)[35m[nvim-cmp] [0m[36m       clone[0m[90m | [0mReceiving objects:  14% (564/4022)[35m[nvim-cmp] [0m[36m       clone[0m[90m | [0mReceiving objects:  15% (604/4022)[35m[auto-session] [0m[36m   clone[0m[90m | [0mReceiving objects:  56% (1611/2876), 332.00 KiB | 495.00 KiB/s[35m[auto-session] [0m[36m   clone[0m[90m | [0mReceiving objects:  57% (1640/2876), 332.00 KiB | 495.00 KiB/s[35m[auto-session] [0m[36m   clone[0m[90m | [0mReceiving objects:  58% (1669/2876), 332.00 KiB | 495.00 KiB/s[35m[auto-session] [0m[36m   clone[0m[90m | [0mReceiving objects:  59% (1697/2876), 332.00 KiB | 495.00 KiB/s[35m[auto-session] [0m[36m   clone[0m[90m | [0mReceiving objects:  60% (1726/2876), 332.00 KiB | 495.00 KiB/s[35m[auto-session] [0m[36m   clone[0m[90m | [0mReceiving objects:  61% (1755/2876), 332.00 KiB | 495.00 KiB/s[35m[auto-session] [0m[36m   clone[0m[90m | [0mReceiving objects:  62% (1784/2876), 332.00 KiB | 495.00 KiB/s[35m[auto-session] [0m[36m   clone[0m[90m | [0mReceiving objects:  63% (1812/2876), 332.00 KiB | 495.00 KiB/s[35m[auto-session] [0m[36m   clone[0m[90m | [0mReceiving objects:  64% (1841/2876), 332.00 KiB | 495.00 KiB/s[35m[auto-session] [0m[36m   clone[0m[90m | [0mReceiving objects:  65% (1870/2876), 332.00 KiB | 495.00 KiB/s[35m[auto-session] [0m[36m   clone[0m[90m | [0mReceiving objects:  66% (1899/2876), 332.00 KiB | 495.00 KiB/s[35m[auto-session] [0m[36m   clone[0m[90m | [0mReceiving objects:  67% (1927/2876), 332.00 KiB | 495.00 KiB/s[35m[auto-session] [0m[36m   clone[0m[90m | [0mReceiving objects:  68% (1956/2876), 332.00 KiB | 495.00 KiB/s[35m[auto-session] [0m[36m   clone[0m[90m | [0mReceiving objects:  69% (1985/2876), 332.00 KiB | 495.00 KiB/s[35m[LuaSnip] [0m[36m        clone[0m[90m | [0mReceiving objects:  21% (2305/10973), 292.00 KiB | 450.00 KiB/s[35m[auto-session] [0m[36m   clone[0m[90m | [0mReceiving objects:  70% (2014/2876), 332.00 KiB | 495.00 KiB/s[35m[friendly-snippets] [0m[36mclone[0m[90m | [0mReceiving objects:  31% (738/2380), 244.00 KiB | 458.00 KiB/s[35m[auto-session] [0m[36m   clone[0m[90m | [0mReceiving objects:  71% (2042/2876), 332.00 KiB | 495.00 KiB/s[35m[auto-session] [0m[36m   clone[0m[90m | [0mReceiving objects:  72% (2071/2876), 332.00 KiB | 495.00 KiB/s[35m[auto-session] [0m[36m   clone[0m[90m | [0mReceiving objects:  73% (2100/2876), 332.00 KiB | 495.00 KiB/s[35m[auto-session] [0m[36m   clone[0m[90m | [0mReceiving objects:  74% (2129/2876), 332.00 KiB | 495.00 KiB/s[35m[nvim-cmp] [0m[36m       clone[0m[90m | [0mReceiving objects:  16% (644/4022)[35m[nvim-cmp] [0m[36m       clone[0m[90m | [0mReceiving objects:  17% (684/4022)[35m[auto-session] [0m[36m   clone[0m[90m | [0mReceiving objects:  75% (2157/2876), 332.00 KiB | 495.00 KiB/s[35m[auto-session] [0m[36m   clone[0m[90m | [0mReceiving objects:  76% (2186/2876), 332.00 KiB | 495.00 KiB/s[35m[friendly-snippets] [0m[36mclone[0m[90m | [0mReceiving objects:  32% (762/2380), 244.00 KiB | 458.00 KiB/s[35m[friendly-snippets] [0m[36mclone[0m[90m | [0mReceiving objects:  33% (786/2380), 244.00 KiB | 458.00 KiB/s[35m[friendly-snippets] [0m[36mclone[0m[90m | [0mReceiving objects:  34% (810/2380), 244.00 KiB | 458.00 KiB/s[35m[friendly-snippets] [0m[36mclone[0m[90m | [0mReceiving objects:  35% (833/2380), 244.00 KiB | 458.00 KiB/s[35m[friendly-snippets] [0m[36mclone[0m[90m | [0mReceiving objects:  36% (857/2380), 244.00 KiB | 458.00 KiB/s[35m[friendly-snippets] [0m[36mclone[0m[90m | [0mReceiving objects:  37% (881/2380), 244.00 KiB | 458.00 KiB/s[35m[friendly-snippets] [0m[36mclone[0m[90m | [0mReceiving objects:  38% (905/2380), 244.00 KiB | 458.00 KiB/s[35m[friendly-snippets] [0m[36mclone[0m[90m | [0mReceiving objects:  39% (929/2380), 244.00 KiB | 458.00 KiB/s[35m[friendly-snippets] [0m[36mclone[0m[90m | [0mReceiving objects:  40% (952/2380), 244.00 KiB | 458.00 KiB/s[35m[friendly-snippets] [0m[36mclone[0m[90m | [0mReceiving objects:  41% (976/2380), 244.00 KiB | 458.00 KiB/s[35m[friendly-snippets] [0m[36mclone[0m[90m | [0mReceiving objects:  42% (1000/2380), 244.00 KiB | 458.00 KiB/s[35m[friendly-snippets] [0m[36mclone[0m[90m | [0mReceiving objects:  43% (1024/2380), 244.00 KiB | 458.00 KiB/s[35m[friendly-snippets] [0m[36mclone[0m[90m | [0mReceiving objects:  44% (1048/2380), 244.00 KiB | 458.00 KiB/s[35m[friendly-snippets] [0m[36mclone[0m[90m | [0mReceiving objects:  45% (1071/2380), 244.00 KiB | 458.00 KiB/s[35m[LuaSnip] [0m[36m        clone[0m[90m | [0mReceiving objects:  22% (2415/10973), 292.00 KiB | 450.00 KiB/s[35m[friendly-snippets] [0m[36mclone[0m[90m | [0mReceiving objects:  46% (1095/2380), 244.00 KiB | 458.00 KiB/s[35m[friendly-snippets] [0m[36mclone[0m[90m | [0mReceiving objects:  47% (1119/2380), 244.00 KiB | 458.00 KiB/s[35m[friendly-snippets] [0m[36mclone[0m[90m | [0mReceiving objects:  48% (1143/2380), 244.00 KiB | 458.00 KiB/s[35m[friendly-snippets] [0m[36mclone[0m[90m | [0mReceiving objects:  49% (1167/2380), 244.00 KiB | 458.00 KiB/s[35m[friendly-snippets] [0m[36mclone[0m[90m | [0mReceiving objects:  50% (1190/2380), 244.00 KiB | 458.00 KiB/s[35m[friendly-snippets] [0m[36mclone[0m[90m | [0mReceiving objects:  51% (1214/2380), 244.00 KiB | 458.00 KiB/s[35m[friendly-snippets] [0m[36mclone[0m[90m | [0mReceiving objects:  52% (1238/2380), 244.00 KiB | 458.00 KiB/s[35m[friendly-snippets] [0m[36mclone[0m[90m | [0mReceiving objects:  53% (1262/2380), 244.00 KiB | 458.00 KiB/s[35m[friendly-snippets] [0m[36mclone[0m[90m | [0mReceiving objects:  54% (1286/2380), 244.00 KiB | 458.00 KiB/s[35m[friendly-snippets] [0m[36mclone[0m[90m | [0mReceiving objects:  55% (1309/2380), 244.00 KiB | 458.00 KiB/s[35m[friendly-snippets] [0m[36mclone[0m[90m | [0mReceiving objects:  56% (1333/2380), 244.00 KiB | 458.00 KiB/s[35m[friendly-snippets] [0m[36mclone[0m[90m | [0mReceiving objects:  57% (1357/2380), 244.00 KiB | 458.00 KiB/s[35m[fzf-lua] [0m[36m        clone[0m[90m | [0mReceiving objects:  11% (1356/12324), 204.00 KiB | 319.00 KiB/s[35m[conform.nvim] [0m[36m   clone[0m[90m | [0mReceiving objects:  68% (2404/3535), 284.00 KiB | 551.00 KiB/s[35m[LuaSnip] [0m[36m        clone[0m[90m | [0mReceiving objects:  23% (2524/10973), 292.00 KiB | 450.00 KiB/s[35m[LuaSnip] [0m[36m        clone[0m[90m | [0mReceiving objects:  24% (2634/10973), 292.00 KiB | 450.00 KiB/s[35m[LuaSnip] [0m[36m        clone[0m[90m | [0mReceiving objects:  25% (2744/10973), 292.00 KiB | 450.00 KiB/s[35m[LuaSnip] [0m[36m        clone[0m[90m | [0mReceiving objects:  26% (2853/10973), 292.00 KiB | 450.00 KiB/s[35m[friendly-snippets] [0m[36mclone[0m[90m | [0mReceiving objects:  58% (1381/2380), 244.00 KiB | 458.00 KiB/s[35m[friendly-snippets] [0m[36mclone[0m[90m | [0mReceiving objects:  59% (1405/2380), 244.00 KiB | 458.00 KiB/s[35m[friendly-snippets] [0m[36mclone[0m[90m | [0mReceiving objects:  60% (1428/2380), 244.00 KiB | 458.00 KiB/s[35m[friendly-snippets] [0m[36mclone[0m[90m | [0mReceiving objects:  61% (1452/2380), 244.00 KiB | 458.00 KiB/s[35m[friendly-snippets] [0m[36mclone[0m[90m | [0mReceiving objects:  62% (1476/2380), 244.00 KiB | 458.00 KiB/s[35m[LuaSnip] [0m[36m        clone[0m[90m | [0mReceiving objects:  27% (2963/10973), 292.00 KiB | 450.00 KiB/s[35m[LuaSnip] [0m[36m        clone[0m[90m | [0mReceiving objects:  28% (3073/10973), 292.00 KiB | 450.00 KiB/s[35m[friendly-snippets] [0m[36mclone[0m[90m | [0mReceiving objects:  63% (1500/2380), 244.00 KiB | 458.00 KiB/s[35m[friendly-snippets] [0m[36mclone[0m[90m | [0mReceiving objects:  64% (1524/2380), 244.00 KiB | 458.00 KiB/s[35m[friendly-snippets] [0m[36mclone[0m[90m | [0mReceiving objects:  65% (1547/2380), 244.00 KiB | 458.00 KiB/s[35m[friendly-snippets] [0m[36mclone[0m[90m | [0mReceiving objects:  66% (1571/2380), 244.00 KiB | 458.00 KiB/s[35m[friendly-snippets] [0m[36mclone[0m[90m | [0mReceiving objects:  67% (1595/2380), 244.00 KiB | 458.00 KiB/s[35m[friendly-snippets] [0m[36mclone[0m[90m | [0mReceiving objects:  68% (1619/2380), 244.00 KiB | 458.00 KiB/s[35m[friendly-snippets] [0m[36mclone[0m[90m | [0mReceiving objects:  69% (1643/2380), 244.00 KiB | 458.00 KiB/s[35m[friendly-snippets] [0m[36mclone[0m[90m | [0mReceiving objects:  70% (1666/2380), 244.00 KiB | 458.00 KiB/s[35m[friendly-snippets] [0m[36mclone[0m[90m | [0mReceiving objects:  71% (1690/2380), 244.00 KiB | 458.00 KiB/s[35m[friendly-snippets] [0m[36mclone[0m[90m | [0mReceiving objects:  72% (1714/2380), 244.00 KiB | 458.00 KiB/s[35m[friendly-snippets] [0m[36mclone[0m[90m | [0mReceiving objects:  73% (1738/2380), 244.00 KiB | 458.00 KiB/s[35m[gitsigns.nvim] [0m[36m  clone[0m[90m | [0mReceiving objects:  22% (1462/6642), 204.00 KiB | 381.00 KiB/s[35m[LuaSnip] [0m[36m        clone[0m[90m | [0mReceiving objects:  29% (3183/10973), 292.00 KiB | 450.00 KiB/s[35m[conform.nvim] [0m[36m   clone[0m[90m | [0mReceiving objects:  69% (2440/3535), 284.00 KiB | 551.00 KiB/s[35m[friendly-snippets] [0m[36mclone[0m[90m | [0mReceiving objects:  74% (1762/2380), 244.00 KiB | 458.00 KiB/s[35m[friendly-snippets] [0m[36mclone[0m[90m | [0mReceiving objects:  75% (1785/2380), 244.00 KiB | 458.00 KiB/s[35m[conform.nvim] [0m[36m   clone[0m[90m | [0mReceiving objects:  70% (2475/3535), 284.00 KiB | 551.00 KiB/s[35m[conform.nvim] [0m[36m   clone[0m[90m | [0mReceiving objects:  71% (2510/3535), 284.00 KiB | 551.00 KiB/s[35m[conform.nvim] [0m[36m   clone[0m[90m | [0mReceiving objects:  72% (2546/3535), 284.00 KiB | 551.00 KiB/s[35m[conform.nvim] [0m[36m   clone[0m[90m | [0mReceiving objects:  73% (2581/3535), 284.00 KiB | 551.00 KiB/s[35m[conform.nvim] [0m[36m   clone[0m[90m | [0mReceiving objects:  74% (2616/3535), 284.00 KiB | 551.00 KiB/s[35m[conform.nvim] [0m[36m   clone[0m[90m | [0mReceiving objects:  75% (2652/3535), 284.00 KiB | 551.00 KiB/s[35m[conform.nvim] [0m[36m   clone[0m[90m | [0mReceiving objects:  76% (2687/3535), 284.00 KiB | 551.00 KiB/s[35m[conform.nvim] [0m[36m   clone[0m[90m | [0mReceiving objects:  77% (2722/3535), 284.00 KiB | 551.00 KiB/s[35m[conform.nvim] [0m[36m   clone[0m[90m | [0mReceiving objects:  78% (2758/3535), 284.00 KiB | 551.00 KiB/s[35m[conform.nvim] [0m[36m   clone[0m[90m | [0mReceiving objects:  79% (2793/3535), 284.00 KiB | 551.00 KiB/s[35m[conform.nvim] [0m[36m   clone[0m[90m | [0mReceiving objects:  80% (2828/3535), 284.00 KiB | 551.00 KiB/s[35m[conform.nvim] [0m[36m   clone[0m[90m | [0mReceiving objects:  81% (2864/3535), 284.00 KiB | 551.00 KiB/s[35m[conform.nvim] [0m[36m   clone[0m[90m | [0mReceiving objects:  82% (2899/3535), 284.00 KiB | 551.00 KiB/s[35m[conform.nvim] [0m[36m   clone[0m[90m | [0mReceiving objects:  83% (2935/3535), 284.00 KiB | 551.00 KiB/s[35m[conform.nvim] [0m[36m   clone[0m[90m | [0mReceiving objects:  84% (2970/3535), 284.00 KiB | 551.00 KiB/s[35m[conform.nvim] [0m[36m   clone[0m[90m | [0mReceiving objects:  85% (3005/3535), 284.00 KiB | 551.00 KiB/s[35m[conform.nvim] [0m[36m   clone[0m[90m | [0mReceiving objects:  86% (3041/3535), 284.00 KiB | 551.00 KiB/s[35m[conform.nvim] [0m[36m   clone[0m[90m | [0mReceiving objects:  87% (3076/3535), 284.00 KiB | 551.00 KiB/s[35m[conform.nvim] [0m[36m   clone[0m[90m | [0mReceiving objects:  88% (3111/3535), 284.00 KiB | 551.00 KiB/s[35m[conform.nvim] [0m[36m   clone[0m[90m | [0mReceiving objects:  89% (3147/3535), 284.00 KiB | 551.00 KiB/s[35m[conform.nvim] [0m[36m   clone[0m[90m | [0mReceiving objects:  90% (3182/3535), 284.00 KiB | 551.00 KiB/s[35m[conform.nvim] [0m[36m   clone[0m[90m | [0mReceiving objects:  91% (3217/3535), 284.00 KiB | 551.00 KiB/s[35m[conform.nvim] [0m[36m   clone[0m[90m | [0mReceiving objects:  92% (3253/3535), 284.00 KiB | 551.00 KiB/s[35m[conform.nvim] [0m[36m   clone[0m[90m | [0mReceiving objects:  93% (3288/3535), 284.00 KiB | 551.00 KiB/s[35m[conform.nvim] [0m[36m   clone[0m[90m | [0mReceiving objects:  94% (3323/3535), 284.00 KiB | 551.00 KiB/s[35m[conform.nvim] [0m[36m   clone[0m[90m | [0mReceiving objects:  95% (3359/3535), 284.00 KiB | 551.00 KiB/s[35m[conform.nvim] [0m[36m   clone[0m[90m | [0mReceiving objects:  96% (3394/3535), 284.00 KiB | 551.00 KiB/s[35m[conform.nvim] [0m[36m   clone[0m[90m | [0mReceiving objects:  97% (3429/3535), 588.00 KiB | 579.00 KiB/s[35m[conform.nvim] [0m[36m   clone[0m[90m | [0mReceiving objects:  98% (3465/3535), 588.00 KiB | 579.00 KiB/s[35m[conform.nvim] [0m[36m   clone[0m[90m | [0mReceiving objects:  99% (3500/3535), 588.00 KiB | 579.00 KiB/s[35m[conform.nvim] [0m[36m   clone[0m[90m | [0mremote: Total 3535 (delta 1069), reused 886 (delta 875), pack-reused 2435 (from 1)        
[35m[conform.nvim] [0m[36m   clone[0m[90m | [0mReceiving objects: 100% (3535/3535), 588.00 KiB | 579.00 KiB/s[35m[conform.nvim] [0m[36m   clone[0m[90m | [0mReceiving objects: 100% (3535/3535), 603.63 KiB | 601.00 KiB/s, done.
[35m[conform.nvim] [0m[36m   clone[0m[90m | [0mResolving deltas:   0% (0/1988)[35m[conform.nvim] [0m[36m   clone[0m[90m | [0mResolving deltas:   1% (20/1988)[35m[conform.nvim] [0m[36m   clone[0m[90m | [0mResolving deltas:   2% (41/1988)[35m[conform.nvim] [0m[36m   clone[0m[90m | [0mResolving deltas:   3% (60/1988)[35m[conform.nvim] [0m[36m   clone[0m[90m | [0mResolving deltas:   4% (80/1988)[35m[conform.nvim] [0m[36m   clone[0m[90m | [0mResolving deltas:   5% (101/1988)[35m[conform.nvim] [0m[36m   clone[0m[90m | [0mResolving deltas:   6% (120/1988)[35m[conform.nvim] [0m[36m   clone[0m[90m | [0mResolving deltas:   7% (143/1988)[35m[conform.nvim] [0m[36m   clone[0m[90m | [0mResolving deltas:   8% (161/1988)[35m[conform.nvim] [0m[36m   clone[0m[90m | [0mResolving deltas:   9% (179/1988)[35m[conform.nvim] [0m[36m   clone[0m[90m | [0mResolving deltas:  10% (200/1988)[35m[nvim-treesitter] [0m[36mclone[0m[90m | [0mReceiving objects:   2% (535/26746)[35m[conform.nvim] [0m[36m   clone[0m[90m | [0mResolving deltas:  11% (220/1988)[35m[conform.nvim] [0m[36m   clone[0m[90m | [0mResolving deltas:  12% (240/1988)[35m[conform.nvim] [0m[36m   clone[0m[90m | [0mResolving deltas:  13% (259/1988)[35m[conform.nvim] [0m[36m   clone[0m[90m | [0mResolving deltas:  14% (279/1988)[35m[conform.nvim] [0m[36m   clone[0m[90m | [0mResolving deltas:  15% (299/1988)[35m[conform.nvim] [0m[36m   clone[0m[90m | [0mResolving deltas:  16% (319/1988)[35m[conform.nvim] [0m[36m   clone[0m[90m | [0mResolving deltas:  17% (338/1988)[35m[conform.nvim] [0m[36m   clone[0m[90m | [0mResolving deltas:  18% (358/1988)[35m[conform.nvim] [0m[36m   clone[0m[90m | [0mResolving deltas:  19% (379/1988)[35m[conform.nvim] [0m[36m   clone[0m[90m | [0mResolving deltas:  20% (398/1988)[35m[conform.nvim] [0m[36m   clone[0m[90m | [0mResolving deltas:  21% (418/1988)[35m[conform.nvim] [0m[36m   clone[0m[90m | [0mResolving deltas:  22% (439/1988)[35m[conform.nvim] [0m[36m   clone[0m[90m | [0mResolving deltas:  23% (458/1988)[35m[conform.nvim] [0m[36m   clone[0m[90m | [0mResolving deltas:  24% (478/1988)[35m[conform.nvim] [0m[36m   clone[0m[90m | [0mResolving deltas:  25% (497/1988)[35m[conform.nvim] [0m[36m   clone[0m[90m | [0mResolving deltas:  26% (517/1988)[35m[conform.nvim] [0m[36m   clone[0m[90m | [0mResolving deltas:  27% (538/1988)[35m[conform.nvim] [0m[36m   clone[0m[90m | [0mResolving deltas:  28% (558/1988)[35m[conform.nvim] [0m[36m   clone[0m[90m | [0mResolving deltas:  29% (577/1988)[35m[conform.nvim] [0m[36m   clone[0m[90m | [0mResolving deltas:  30% (597/1988)[35m[conform.nvim] [0m[36m   clone[0m[90m | [0mResolving deltas:  31% (617/1988)[35m[conform.nvim] [0m[36m   clone[0m[90m | [0mResolving deltas:  32% (638/1988)[35m[conform.nvim] [0m[36m   clone[0m[90m | [0mResolving deltas:  33% (657/1988)[35m[conform.nvim] [0m[36m   clone[0m[90m | [0mResolving deltas:  34% (677/1988)[35m[conform.nvim] [0m[36m   clone[0m[90m | [0mResolving deltas:  35% (696/1988)[35m[conform.nvim] [0m[36m   clone[0m[90m | [0mResolving deltas:  36% (716/1988)[35m[conform.nvim] [0m[36m   clone[0m[90m | [0mResolving deltas:  37% (736/1988)[35m[conform.nvim] [0m[36m   clone[0m[90m | [0mResolving deltas:  38% (756/1988)[35m[conform.nvim] [0m[36m   clone[0m[90m | [0mResolving deltas:  39% (776/1988)[35m[conform.nvim] [0m[36m   clone[0m[90m | [0mResolving deltas:  40% (796/1988)[35m[conform.nvim] [0m[36m   clone[0m[90m | [0mResolving deltas:  41% (818/1988)[35m[conform.nvim] [0m[36m   clone[0m[90m | [0mResolving deltas:  42% (835/1988)[35m[conform.nvim] [0m[36m   clone[0m[90m | [0mResolving deltas:  43% (855/1988)[35m[conform.nvim] [0m[36m   clone[0m[90m | [0mResolving deltas:  44% (875/1988)[35m[conform.nvim] [0m[36m   clone[0m[90m | [0mResolving deltas:  45% (895/1988)[35m[conform.nvim] [0m[36m   clone[0m[90m | [0mResolving deltas:  46% (915/1988)[35m[conform.nvim] [0m[36m   clone[0m[90m | [0mResolving deltas:  47% (935/1988)[35m[conform.nvim] [0m[36m   clone[0m[90m | [0mResolving deltas:  48% (955/1988)[35m[conform.nvim] [0m[36m   clone[0m[90m | [0mResolving deltas:  49% (975/1988)[35m[conform.nvim] [0m[36m   clone[0m[90m | [0mResolving deltas:  50% (994/1988)[35m[conform.nvim] [0m[36m   clone[0m[90m | [0mResolving deltas:  51% (1014/1988)[35m[conform.nvim] [0m[36m   clone[0m[90m | [0mResolving deltas:  52% (1034/1988)[35m[conform.nvim] [0m[36m   clone[0m[90m | [0mResolving deltas:  53% (1055/1988)[35m[conform.nvim] [0m[36m   clone[0m[90m | [0mResolving deltas:  54% (1074/1988)[35m[conform.nvim] [0m[36m   clone[0m[90m | [0mResolving deltas:  55% (1094/1988)[35m[conform.nvim] [0m[36m   clone[0m[90m | [0mResolving deltas:  56% (1114/1988)[35m[conform.nvim] [0m[36m   clone[0m[90m | [0mResolving deltas:  57% (1134/1988)[35m[conform.nvim] [0m[36m   clone[0m[90m | [0mResolving deltas:  58% (1154/1988)[35m[conform.nvim] [0m[36m   clone[0m[90m | [0mResolving deltas:  59% (1173/1988)[35m[conform.nvim] [0m[36m   clone[0m[90m | [0mResolving deltas:  60% (1193/1988)[35m[conform.nvim] [0m[36m   clone[0m[90m | [0mResolving deltas:  61% (1215/1988)[35m[conform.nvim] [0m[36m   clone[0m[90m | [0mResolving deltas:  62% (1233/1988)[35m[conform.nvim] [0m[36m   clone[0m[90m | [0mResolving deltas:  63% (1253/1988)[35m[conform.nvim] [0m[36m   clone[0m[90m | [0mResolving deltas:  64% (1274/1988)[35m[conform.nvim] [0m[36m   clone[0m[90m | [0mResolving deltas:  65% (1293/1988)[35m[conform.nvim] [0m[36m   clone[0m[90m | [0mResolving deltas:  66% (1313/1988)[35m[catppuccin] [0m[36m     clone[0m[90m | [0mReceiving objects:  29% (2319/7890), 572.00 KiB | 463.00 KiB/s[35m[catppuccin] [0m[36m     clone[0m[90m | [0mReceiving objects:  30% (2367/7890), 572.00 KiB | 463.00 KiB/s[35m[catppuccin] [0m[36m     clone[0m[90m | [0mReceiving objects:  31% (2446/7890), 572.00 KiB | 463.00 KiB/s[35m[catppuccin] [0m[36m     clone[0m[90m | [0mReceiving objects:  32% (2525/7890), 572.00 KiB | 463.00 KiB/s[35m[conform.nvim] [0m[36m   clone[0m[90m | [0mResolving deltas:  67% (1332/1988)[35m[conform.nvim] [0m[36m   clone[0m[90m | [0mResolving deltas:  68% (1353/1988)[35m[conform.nvim] [0m[36m   clone[0m[90m | [0mResolving deltas:  69% (1372/1988)[35m[conform.nvim] [0m[36m   clone[0m[90m | [0mResolving deltas:  70% (1393/1988)[35m[conform.nvim] [0m[36m   clone[0m[90m | [0mResolving deltas:  71% (1414/1988)[35m[conform.nvim] [0m[36m   clone[0m[90m | [0mResolving deltas:  72% (1432/1988)[35m[conform.nvim] [0m[36m   clone[0m[90m | [0mResolving deltas:  73% (1452/1988)[35m[conform.nvim] [0m[36m   clone[0m[90m | [0mResolving deltas:  74% (1472/1988)[35m[conform.nvim] [0m[36m   clone[0m[90m | [0mResolving deltas:  75% (1491/1988)[35m[conform.nvim] [0m[36m   clone[0m[90m | [0mResolving deltas:  76% (1511/1988)[35m[conform.nvim] [0m[36m   clone[0m[90m | [0mResolving deltas:  77% (1531/1988)[35m[gitsigns.nvim] [0m[36m  clone[0m[90m | [0mReceiving objects:  23% (1528/6642), 204.00 KiB | 381.00 KiB/s[35m[conform.nvim] [0m[36m   clone[0m[90m | [0mResolving deltas:  78% (1551/1988)[35m[conform.nvim] [0m[36m   clone[0m[90m | [0mResolving deltas:  79% (1571/1988)[35m[conform.nvim] [0m[36m   clone[0m[90m | [0mResolving deltas:  80% (1593/1988)[35m[conform.nvim] [0m[36m   clone[0m[90m | [0mResolving deltas:  81% (1611/1988)[35m[conform.nvim] [0m[36m   clone[0m[90m | [0mResolving deltas:  82% (1631/1988)[35m[conform.nvim] [0m[36m   clone[0m[90m | [0mResolving deltas:  83% (1651/1988)[35m[conform.nvim] [0m[36m   clone[0m[90m | [0mResolving deltas:  84% (1670/1988)[35m[conform.nvim] [0m[36m   clone[0m[90m | [0mResolving deltas:  85% (1691/1988)[35m[conform.nvim] [0m[36m   clone[0m[90m | [0mResolving deltas:  86% (1714/1988)[35m[conform.nvim] [0m[36m   clone[0m[90m | [0mResolving deltas:  87% (1730/1988)[35m[conform.nvim] [0m[36m   clone[0m[90m | [0mResolving deltas:  88% (1750/1988)[35m[conform.nvim] [0m[36m   clone[0m[90m | [0mResolving deltas:  89% (1770/1988)[35m[conform.nvim] [0m[36m   clone[0m[90m | [0mResolving deltas:  90% (1790/1988)[35m[conform.nvim] [0m[36m   clone[0m[90m | [0mResolving deltas:  91% (1812/1988)[35m[conform.nvim] [0m[36m   clone[0m[90m | [0mResolving deltas:  92% (1829/1988)[35m[conform.nvim] [0m[36m   clone[0m[90m | [0mResolving deltas:  93% (1849/1988)[35m[conform.nvim] [0m[36m   clone[0m[90m | [0mResolving deltas:  94% (1869/1988)[35m[conform.nvim] [0m[36m   clone[0m[90m | [0mResolving deltas:  95% (1891/1988)[35m[conform.nvim] [0m[36m   clone[0m[90m | [0mResolving deltas:  96% (1909/1988)[35m[conform.nvim] [0m[36m   clone[0m[90m | [0mResolving deltas:  97% (1929/1988)[35m[conform.nvim] [0m[36m   clone[0m[90m | [0mResolving deltas:  98% (1949/1988)[35m[conform.nvim] [0m[36m   clone[0m[90m | [0mResolving deltas:  99% (1969/1988)[35m[conform.nvim] [0m[36m   clone[0m[90m | [0mResolving deltas: 100% (1988/1988)[35m[conform.nvim] [0m[36m   clone[0m[90m | [0mResolving deltas: 100% (1988/1988), done.
[35m[gitsigns.nvim] [0m[36m  clone[0m[90m | [0mReceiving objects:  24% (1595/6642), 204.00 KiB | 381.00 KiB/s[35m[catppuccin] [0m[36m     clone[0m[90m | [0mReceiving objects:  33% (2604/7890), 572.00 KiB | 463.00 KiB/s[35m[legendary.nvim] [0m[36m clone[0m[90m | [0mReceiving objects:  33% (1102/3337)[35m[gitsigns.nvim] [0m[36m  clone[0m[90m | [0mReceiving objects:  25% (1661/6642), 204.00 KiB | 381.00 KiB/s[35m[gitsigns.nvim] [0m[36m  clone[0m[90m | [0mReceiving objects:  26% (1727/6642), 204.00 KiB | 381.00 KiB/s[35m[nvim-cmp] [0m[36m       clone[0m[90m | [0mReceiving objects:  18% (724/4022)[35m[legendary.nvim] [0m[36m clone[0m[90m | [0mReceiving objects:  34% (1135/3337)[35m[nvim-treesitter] [0m[36mclone[0m[90m | [0mReceiving objects:   3% (803/26746)[35m[legendary.nvim] [0m[36m clone[0m[90m | [0mReceiving objects:  35% (1168/3337)[35m[legendary.nvim] [0m[36m clone[0m[90m | [0mReceiving objects:  36% (1202/3337)[35m[legendary.nvim] [0m[36m clone[0m[90m | [0mReceiving objects:  37% (1235/3337)[35m[legendary.nvim] [0m[36m clone[0m[90m | [0mReceiving objects:  38% (1269/3337)[35m[catppuccin] [0m[36m     clone[0m[90m | [0mReceiving objects:  34% (2683/7890), 572.00 KiB | 463.00 KiB/s[35m[catppuccin] [0m[36m     clone[0m[90m | [0mReceiving objects:  35% (2762/7890), 572.00 KiB | 463.00 KiB/s[35m[gitsigns.nvim] [0m[36m  clone[0m[90m | [0mReceiving objects:  27% (1794/6642), 204.00 KiB | 381.00 KiB/s[35m[catppuccin] [0m[36m     clone[0m[90m | [0mReceiving objects:  36% (2841/7890), 572.00 KiB | 463.00 KiB/s[35m[legendary.nvim] [0m[36m clone[0m[90m | [0mReceiving objects:  39% (1302/3337)[35m[catppuccin] [0m[36m     clone[0m[90m | [0mReceiving objects:  37% (2920/7890), 572.00 KiB | 463.00 KiB/s[35m[catppuccin] [0m[36m     clone[0m[90m | [0mReceiving objects:  38% (2999/7890), 572.00 KiB | 463.00 KiB/s[35m[catppuccin] [0m[36m     clone[0m[90m | [0mReceiving objects:  39% (3078/7890), 572.00 KiB | 463.00 KiB/s[35m[gitsigns.nvim] [0m[36m  clone[0m[90m | [0mReceiving objects:  28% (1860/6642), 204.00 KiB | 381.00 KiB/s[35m[catppuccin] [0m[36m     clone[0m[90m | [0mReceiving objects:  40% (3156/7890), 572.00 KiB | 463.00 KiB/s[35m[catppuccin] [0m[36m     clone[0m[90m | [0mReceiving objects:  41% (3235/7890), 572.00 KiB | 463.00 KiB/s[35m[gitsigns.nvim] [0m[36m  clone[0m[90m | [0mReceiving objects:  29% (1927/6642), 204.00 KiB | 381.00 KiB/s[35m[gitsigns.nvim] [0m[36m  clone[0m[90m | [0mReceiving objects:  30% (1993/6642), 204.00 KiB | 381.00 KiB/s[35m[gitsigns.nvim] [0m[36m  clone[0m[90m | [0mReceiving objects:  31% (2060/6642), 204.00 KiB | 381.00 KiB/s[35m[catppuccin] [0m[36m     clone[0m[90m | [0mReceiving objects:  42% (3314/7890), 572.00 KiB | 463.00 KiB/s[35m[catppuccin] [0m[36m     clone[0m[90m | [0mReceiving objects:  43% (3393/7890), 572.00 KiB | 463.00 KiB/s[35m[gitsigns.nvim] [0m[36m  clone[0m[90m | [0mReceiving objects:  32% (2126/6642), 204.00 KiB | 381.00 KiB/s[35m[gitsigns.nvim] [0m[36m  clone[0m[90m | [0mReceiving objects:  33% (2192/6642), 204.00 KiB | 381.00 KiB/s[35m[gitsigns.nvim] [0m[36m  clone[0m[90m | [0mReceiving objects:  34% (2259/6642), 204.00 KiB | 381.00 KiB/s[35m[gitsigns.nvim] [0m[36m  clone[0m[90m | [0mReceiving objects:  35% (2325/6642), 204.00 KiB | 381.00 KiB/s[35m[catppuccin] [0m[36m     clone[0m[90m | [0mReceiving objects:  44% (3472/7890), 572.00 KiB | 463.00 KiB/s[35m[catppuccin] [0m[36m     clone[0m[90m | [0mReceiving objects:  45% (3551/7890), 572.00 KiB | 463.00 KiB/s[35m[catppuccin] [0m[36m     clone[0m[90m | [0mReceiving objects:  46% (3630/7890), 572.00 KiB | 463.00 KiB/s[35m[catppuccin] [0m[36m     clone[0m[90m | [0mReceiving objects:  47% (3709/7890), 572.00 KiB | 463.00 KiB/s[35m[kulala.nvim] [0m[36m    clone[0m[90m | [0mReceiving objects:   6% (267/4437)[35m[legendary.nvim] [0m[36m clone[0m[90m | [0mReceiving objects:  40% (1335/3337)[35m[nvim-lspconfig] [0m[36m clone[0m[90m | [0mReceiving objects:   2% (310/15482)[35m[kulala.nvim] [0m[36m    clone[0m[90m | [0mReceiving objects:   7% (311/4437)[35m[nvim-cmp] [0m[36m       clone[0m[90m | [0mReceiving objects:  19% (765/4022), 228.00 KiB | 424.00 KiB/s[35m[nvim-cmp] [0m[36m       clone[0m[90m | [0mReceiving objects:  20% (805/4022), 228.00 KiB | 424.00 KiB/s[35m[auto-session] [0m[36m   clone[0m[90m | [0mReceiving objects:  77% (2215/2876), 332.00 KiB | 495.00 KiB/s[35m[auto-session] [0m[36m   clone[0m[90m | [0mReceiving objects:  78% (2244/2876), 332.00 KiB | 495.00 KiB/s[35m[auto-session] [0m[36m   clone[0m[90m | [0mReceiving objects:  79% (2273/2876), 332.00 KiB | 495.00 KiB/s[35m[auto-session] [0m[36m   clone[0m[90m | [0mReceiving objects:  80% (2301/2876), 332.00 KiB | 495.00 KiB/s[35m[auto-session] [0m[36m   clone[0m[90m | [0mReceiving objects:  81% (2330/2876), 332.00 KiB | 495.00 KiB/s[35m[auto-session] [0m[36m   clone[0m[90m | [0mReceiving objects:  82% (2359/2876), 332.00 KiB | 495.00 KiB/s[35m[auto-session] [0m[36m   clone[0m[90m | [0mReceiving objects:  83% (2388/2876), 332.00 KiB | 495.00 KiB/s[35m[auto-session] [0m[36m   clone[0m[90m | [0mReceiving objects:  84% (2416/2876), 332.00 KiB | 495.00 KiB/s[35m[auto-session] [0m[36m   clone[0m[90m | [0mReceiving objects:  85% (2445/2876), 332.00 KiB | 495.00 KiB/s[35m[auto-session] [0m[36m   clone[0m[90m | [0mReceiving objects:  86% (2474/2876), 332.00 KiB | 495.00 KiB/s[35m[auto-session] [0m[36m   clone[0m[90m | [0mReceiving objects:  87% (2503/2876), 332.00 KiB | 495.00 KiB/s[35m[auto-session] [0m[36m   clone[0m[90m | [0mReceiving objects:  88% (2531/2876), 332.00 KiB | 495.00 KiB/s[35m[fzf-lua] [0m[36m        clone[0m[90m | [0mReceiving objects:  11% (1395/12324), 204.00 KiB | 319.00 KiB/s[35m[fzf-lua] [0m[36m        clone[0m[90m | [0mReceiving objects:  12% (1479/12324), 204.00 KiB | 319.00 KiB/s[35m[LuaSnip] [0m[36m        clone[0m[90m | [0mReceiving objects:  30% (3292/10973), 652.00 KiB | 498.00 KiB/s[35m[LuaSnip] [0m[36m        clone[0m[90m | [0mReceiving objects:  31% (3402/10973), 652.00 KiB | 498.00 KiB/s[35m[LuaSnip] [0m[36m        clone[0m[90m | [0mReceiving objects:  32% (3512/10973), 652.00 KiB | 498.00 KiB/s[35m[LuaSnip] [0m[36m        clone[0m[90m | [0mReceiving objects:  33% (3622/10973), 652.00 KiB | 498.00 KiB/s[35m[auto-session] [0m[36m   clone[0m[90m | [0mReceiving objects:  89% (2560/2876), 332.00 KiB | 495.00 KiB/s[35m[LuaSnip] [0m[36m        clone[0m[90m | [0mReceiving objects:  34% (3731/10973), 652.00 KiB | 498.00 KiB/s[35m[LuaSnip] [0m[36m        clone[0m[90m | [0mReceiving objects:  35% (3841/10973), 652.00 KiB | 498.00 KiB/s[35m[LuaSnip] [0m[36m        clone[0m[90m | [0mReceiving objects:  36% (3951/10973), 652.00 KiB | 498.00 KiB/s[35m[auto-session] [0m[36m   clone[0m[90m | [0mReceiving objects:  90% (2589/2876), 332.00 KiB | 495.00 KiB/s[35m[auto-session] [0m[36m   clone[0m[90m | [0mReceiving objects:  91% (2618/2876), 332.00 KiB | 495.00 KiB/s[35m[auto-session] [0m[36m   clone[0m[90m | [0mReceiving objects:  92% (2646/2876), 332.00 KiB | 495.00 KiB/s[35m[auto-session] [0m[36m   clone[0m[90m | [0mReceiving objects:  93% (2675/2876), 332.00 KiB | 495.00 KiB/s[35m[auto-session] [0m[36m   clone[0m[90m | [0mReceiving objects:  94% (2704/2876), 332.00 KiB | 495.00 KiB/s[35m[friendly-snippets] [0m[36mclone[0m[90m | [0mReceiving objects:  75% (1801/2380), 468.00 KiB | 418.00 KiB/s[35m[friendly-snippets] [0m[36mclone[0m[90m | [0mReceiving objects:  76% (1809/2380), 468.00 KiB | 418.00 KiB/s[35m[friendly-snippets] [0m[36mclone[0m[90m | [0mReceiving objects:  77% (1833/2380), 468.00 KiB | 418.00 KiB/s[35m[friendly-snippets] [0m[36mclone[0m[90m | [0mReceiving objects:  78% (1857/2380), 468.00 KiB | 418.00 KiB/s[35m[friendly-snippets] [0m[36mclone[0m[90m | [0mReceiving objects:  79% (1881/2380), 468.00 KiB | 418.00 KiB/s[35m[friendly-snippets] [0m[36mclone[0m[90m | [0mReceiving objects:  80% (1904/2380), 468.00 KiB | 418.00 KiB/s[35m[friendly-snippets] [0m[36mclone[0m[90m | [0mReceiving objects:  81% (1928/2380), 468.00 KiB | 418.00 KiB/s[35m[friendly-snippets] [0m[36mclone[0m[90m | [0mReceiving objects:  82% (1952/2380), 468.00 KiB | 418.00 KiB/s[35m[friendly-snippets] [0m[36mclone[0m[90m | [0mReceiving objects:  83% (1976/2380), 468.00 KiB | 418.00 KiB/s[35m[friendly-snippets] [0m[36mclone[0m[90m | [0mReceiving objects:  84% (2000/2380), 468.00 KiB | 418.00 KiB/s[35m[friendly-snippets] [0m[36mclone[0m[90m | [0mReceiving objects:  85% (2023/2380), 468.00 KiB | 418.00 KiB/s[35m[friendly-snippets] [0m[36mclone[0m[90m | [0mReceiving objects:  86% (2047/2380), 468.00 KiB | 418.00 KiB/s[35m[auto-session] [0m[36m   clone[0m[90m | [0mReceiving objects:  95% (2733/2876), 332.00 KiB | 495.00 KiB/s[35m[auto-session] [0m[36m   clone[0m[90m | [0mReceiving objects:  96% (2761/2876), 332.00 KiB | 495.00 KiB/s[35m[auto-session] [0m[36m   clone[0m[90m | [0mReceiving objects:  97% (2790/2876), 332.00 KiB | 495.00 KiB/s[35m[auto-session] [0m[36m   clone[0m[90m | [0mReceiving objects:  98% (2819/2876), 332.00 KiB | 495.00 KiB/s[35m[auto-session] [0m[36m   clone[0m[90m | [0mremote: Total 2876 (delta 223), reused 226 (delta 199), pack-reused 2541 (from 2)        
[35m[auto-session] [0m[36m   clone[0m[90m | [0mReceiving objects:  99% (2848/2876), 332.00 KiB | 495.00 KiB/s[35m[auto-session] [0m[36m   clone[0m[90m | [0mReceiving objects: 100% (2876/2876), 332.00 KiB | 495.00 KiB/s[35m[auto-session] [0m[36m   clone[0m[90m | [0mReceiving objects: 100% (2876/2876), 574.17 KiB | 622.00 KiB/s, done.
[35m[nvim-cmp] [0m[36m       clone[0m[90m | [0mReceiving objects:  21% (845/4022), 228.00 KiB | 424.00 KiB/s[35m[nvim-cmp] [0m[36m       clone[0m[90m | [0mReceiving objects:  22% (885/4022), 228.00 KiB | 424.00 KiB/s[35m[nvim-cmp] [0m[36m       clone[0m[90m | [0mReceiving objects:  23% (926/4022), 228.00 KiB | 424.00 KiB/s[35m[nvim-cmp] [0m[36m       clone[0m[90m | [0mReceiving objects:  24% (966/4022), 228.00 KiB | 424.00 KiB/s[35m[auto-session] [0m[36m   clone[0m[90m | [0mResolving deltas:   0% (0/1249)[35m[auto-session] [0m[36m   clone[0m[90m | [0mResolving deltas:   1% (13/1249)[35m[auto-session] [0m[36m   clone[0m[90m | [0mResolving deltas:   2% (25/1249)[35m[auto-session] [0m[36m   clone[0m[90m | [0mResolving deltas:   3% (40/1249)[35m[auto-session] [0m[36m   clone[0m[90m | [0mResolving deltas:   4% (50/1249)[35m[auto-session] [0m[36m   clone[0m[90m | [0mResolving deltas:   5% (63/1249)[35m[auto-session] [0m[36m   clone[0m[90m | [0mResolving deltas:   6% (76/1249)[35m[auto-session] [0m[36m   clone[0m[90m | [0mResolving deltas:   7% (88/1249)[35m[auto-session] [0m[36m   clone[0m[90m | [0mResolving deltas:   8% (102/1249)[35m[nvim-cmp] [0m[36m       clone[0m[90m | [0mReceiving objects:  25% (1006/4022), 228.00 KiB | 424.00 KiB/s[35m[nvim-cmp] [0m[36m       clone[0m[90m | [0mReceiving objects:  26% (1046/4022), 228.00 KiB | 424.00 KiB/s[35m[nvim-cmp] [0m[36m       clone[0m[90m | [0mReceiving objects:  27% (1086/4022), 228.00 KiB | 424.00 KiB/s[35m[nvim-cmp] [0m[36m       clone[0m[90m | [0mReceiving objects:  28% (1127/4022), 228.00 KiB | 424.00 KiB/s[35m[auto-session] [0m[36m   clone[0m[90m | [0mResolving deltas:   9% (113/1249)[35m[auto-session] [0m[36m   clone[0m[90m | [0mResolving deltas:  10% (125/1249)[35m[auto-session] [0m[36m   clone[0m[90m | [0mResolving deltas:  11% (138/1249)[35m[auto-session] [0m[36m   clone[0m[90m | [0mResolving deltas:  12% (150/1249)[35m[auto-session] [0m[36m   clone[0m[90m | [0mResolving deltas:  13% (164/1249)[35m[auto-session] [0m[36m   clone[0m[90m | [0mResolving deltas:  14% (178/1249)[35m[auto-session] [0m[36m   clone[0m[90m | [0mResolving deltas:  15% (188/1249)[35m[auto-session] [0m[36m   clone[0m[90m | [0mResolving deltas:  16% (200/1249)[35m[auto-session] [0m[36m   clone[0m[90m | [0mResolving deltas:  17% (213/1249)[35m[auto-session] [0m[36m   clone[0m[90m | [0mResolving deltas:  18% (225/1249)[35m[auto-session] [0m[36m   clone[0m[90m | [0mResolving deltas:  19% (238/1249)[35m[nvim-cmp] [0m[36m       clone[0m[90m | [0mReceiving objects:  29% (1167/4022), 228.00 KiB | 424.00 KiB/s[35m[nvim-cmp] [0m[36m       clone[0m[90m | [0mReceiving objects:  30% (1207/4022), 228.00 KiB | 424.00 KiB/s[35m[nvim-cmp] [0m[36m       clone[0m[90m | [0mReceiving objects:  31% (1247/4022), 228.00 KiB | 424.00 KiB/s[35m[auto-session] [0m[36m   clone[0m[90m | [0mResolving deltas:  20% (250/1249)[35m[auto-session] [0m[36m   clone[0m[90m | [0mResolving deltas:  21% (263/1249)[35m[auto-session] [0m[36m   clone[0m[90m | [0mResolving deltas:  22% (275/1249)[35m[auto-session] [0m[36m   clone[0m[90m | [0mResolving deltas:  23% (288/1249)[35m[auto-session] [0m[36m   clone[0m[90m | [0mResolving deltas:  24% (300/1249)[35m[auto-session] [0m[36m   clone[0m[90m | [0mResolving deltas:  25% (313/1249)[35m[auto-session] [0m[36m   clone[0m[90m | [0mResolving deltas:  26% (325/1249)[35m[auto-session] [0m[36m   clone[0m[90m | [0mResolving deltas:  27% (338/1249)[35m[auto-session] [0m[36m   clone[0m[90m | [0mResolving deltas:  28% (351/1249)[35m[auto-session] [0m[36m   clone[0m[90m | [0mResolving deltas:  29% (363/1249)[35m[auto-session] [0m[36m   clone[0m[90m | [0mResolving deltas:  30% (375/1249)[35m[auto-session] [0m[36m   clone[0m[90m | [0mResolving deltas:  31% (388/1249)[35m[auto-session] [0m[36m   clone[0m[90m | [0mResolving deltas:  32% (400/1249)[35m[auto-session] [0m[36m   clone[0m[90m | [0mResolving deltas:  33% (413/1249)[35m[auto-session] [0m[36m   clone[0m[90m | [0mResolving deltas:  34% (425/1249)[35m[auto-session] [0m[36m   clone[0m[90m | [0mResolving deltas:  35% (438/1249)[35m[auto-session] [0m[36m   clone[0m[90m | [0mResolving deltas:  36% (450/1249)[35m[friendly-snippets] [0m[36mclone[0m[90m | [0mReceiving objects:  87% (2071/2380), 468.00 KiB | 418.00 KiB/s[35m[friendly-snippets] [0m[36mclone[0m[90m | [0mReceiving objects:  88% (2095/2380), 468.00 KiB | 418.00 KiB/s[35m[friendly-snippets] [0m[36mclone[0m[90m | [0mReceiving objects:  89% (2119/2380), 468.00 KiB | 418.00 KiB/s[35m[friendly-snippets] [0m[36mclone[0m[90m | [0mReceiving objects:  90% (2142/2380), 468.00 KiB | 418.00 KiB/s[35m[friendly-snippets] [0m[36mclone[0m[90m | [0mReceiving objects:  91% (2166/2380), 468.00 KiB | 418.00 KiB/s[35m[auto-session] [0m[36m   clone[0m[90m | [0mResolving deltas:  37% (465/1249)[35m[auto-session] [0m[36m   clone[0m[90m | [0mResolving deltas:  38% (475/1249)[35m[auto-session] [0m[36m   clone[0m[90m | [0mResolving deltas:  39% (488/1249)[35m[auto-session] [0m[36m   clone[0m[90m | [0mResolving deltas:  40% (500/1249)[35m[auto-session] [0m[36m   clone[0m[90m | [0mResolving deltas:  41% (513/1249)[35m[auto-session] [0m[36m   clone[0m[90m | [0mResolving deltas:  42% (527/1249)[35m[auto-session] [0m[36m   clone[0m[90m | [0mResolving deltas:  43% (538/1249)[35m[auto-session] [0m[36m   clone[0m[90m | [0mResolving deltas:  44% (554/1249)[35m[auto-session] [0m[36m   clone[0m[90m | [0mResolving deltas:  45% (563/1249)[35m[auto-session] [0m[36m   clone[0m[90m | [0mResolving deltas:  46% (575/1249)[35m[friendly-snippets] [0m[36mclone[0m[90m | [0mReceiving objects:  92% (2190/2380), 468.00 KiB | 418.00 KiB/s[35m[friendly-snippets] [0m[36mclone[0m[90m | [0mReceiving objects:  93% (2214/2380), 468.00 KiB | 418.00 KiB/s[35m[friendly-snippets] [0m[36mclone[0m[90m | [0mReceiving objects:  94% (2238/2380), 468.00 KiB | 418.00 KiB/s[35m[friendly-snippets] [0m[36mclone[0m[90m | [0mReceiving objects:  95% (2261/2380), 468.00 KiB | 418.00 KiB/s[35m[friendly-snippets] [0m[36mclone[0m[90m | [0mremote: Total 2380 (delta 725), reused 684 (delta 684), pack-reused 1626 (from 2)        
[35m[friendly-snippets] [0m[36mclone[0m[90m | [0mReceiving objects:  96% (2285/2380), 468.00 KiB | 418.00 KiB/s[35m[friendly-snippets] [0m[36mclone[0m[90m | [0mReceiving objects:  97% (2309/2380), 468.00 KiB | 418.00 KiB/s[35m[friendly-snippets] [0m[36mclone[0m[90m | [0mReceiving objects:  98% (2333/2380), 468.00 KiB | 418.00 KiB/s[35m[friendly-snippets] [0m[36mclone[0m[90m | [0mReceiving objects:  99% (2357/2380), 468.00 KiB | 418.00 KiB/s[35m[friendly-snippets] [0m[36mclone[0m[90m | [0mReceiving objects: 100% (2380/2380), 468.00 KiB | 418.00 KiB/s[35m[auto-session] [0m[36m   clone[0m[90m | [0mResolving deltas:  47% (591/1249)[35m[auto-session] [0m[36m   clone[0m[90m | [0mResolving deltas:  48% (601/1249)[35m[auto-session] [0m[36m   clone[0m[90m | [0mResolving deltas:  49% (615/1249)[35m[auto-session] [0m[36m   clone[0m[90m | [0mResolving deltas:  50% (626/1249)[35m[auto-session] [0m[36m   clone[0m[90m | [0mResolving deltas:  51% (637/1249)[35m[auto-session] [0m[36m   clone[0m[90m | [0mResolving deltas:  52% (650/1249)[35m[auto-session] [0m[36m   clone[0m[90m | [0mResolving deltas:  53% (662/1249)[35m[auto-session] [0m[36m   clone[0m[90m | [0mResolving deltas:  54% (675/1249)[35m[auto-session] [0m[36m   clone[0m[90m | [0mResolving deltas:  55% (687/1249)[35m[friendly-snippets] [0m[36mclone[0m[90m | [0mReceiving objects: 100% (2380/2380), 500.35 KiB | 450.00 KiB/s, done.
[35m[auto-session] [0m[36m   clone[0m[90m | [0mResolving deltas:  56% (700/1249)[35m[auto-session] [0m[36m   clone[0m[90m | [0mResolving deltas:  57% (712/1249)[35m[auto-session] [0m[36m   clone[0m[90m | [0mResolving deltas:  58% (725/1249)[35m[auto-session] [0m[36m   clone[0m[90m | [0mResolving deltas:  59% (737/1249)[35m[auto-session] [0m[36m   clone[0m[90m | [0mResolving deltas:  60% (750/1249)[35m[auto-session] [0m[36m   clone[0m[90m | [0mResolving deltas:  61% (762/1249)[35m[auto-session] [0m[36m   clone[0m[90m | [0mResolving deltas:  62% (775/1249)[35m[auto-session] [0m[36m   clone[0m[90m | [0mResolving deltas:  63% (787/1249)[35m[auto-session] [0m[36m   clone[0m[90m | [0mResolving deltas:  64% (800/1249)[35m[auto-session] [0m[36m   clone[0m[90m | [0mResolving deltas:  65% (812/1249)[35m[auto-session] [0m[36m   clone[0m[90m | [0mResolving deltas:  66% (826/1249)[35m[auto-session] [0m[36m   clone[0m[90m | [0mResolving deltas:  67% (837/1249)[35m[auto-session] [0m[36m   clone[0m[90m | [0mResolving deltas:  68% (850/1249)[35m[friendly-snippets] [0m[36mclone[0m[90m | [0mResolving deltas:   0% (0/1311)[35m[friendly-snippets] [0m[36mclone[0m[90m | [0mResolving deltas:   1% (14/1311)[35m[friendly-snippets] [0m[36mclone[0m[90m | [0mResolving deltas:   2% (27/1311)[35m[friendly-snippets] [0m[36mclone[0m[90m | [0mResolving deltas:   3% (43/1311)[35m[auto-session] [0m[36m   clone[0m[90m | [0mResolving deltas:  69% (863/1249)[35m[auto-session] [0m[36m   clone[0m[90m | [0mResolving deltas:  70% (875/1249)[35m[auto-session] [0m[36m   clone[0m[90m | [0mResolving deltas:  71% (888/1249)[35m[auto-session] [0m[36m   clone[0m[90m | [0mResolving deltas:  72% (900/1249)[35m[auto-session] [0m[36m   clone[0m[90m | [0mResolving deltas:  73% (913/1249)[35m[auto-session] [0m[36m   clone[0m[90m | [0mResolving deltas:  74% (926/1249)[35m[auto-session] [0m[36m   clone[0m[90m | [0mResolving deltas:  75% (937/1249)[35m[auto-session] [0m[36m   clone[0m[90m | [0mResolving deltas:  76% (951/1249)[35m[auto-session] [0m[36m   clone[0m[90m | [0mResolving deltas:  77% (962/1249)[35m[auto-session] [0m[36m   clone[0m[90m | [0mResolving deltas:  78% (976/1249)[35m[auto-session] [0m[36m   clone[0m[90m | [0mResolving deltas:  79% (987/1249)[35m[friendly-snippets] [0m[36mclone[0m[90m | [0mResolving deltas:   4% (53/1311)[35m[friendly-snippets] [0m[36mclone[0m[90m | [0mResolving deltas:   5% (66/1311)[35m[friendly-snippets] [0m[36mclone[0m[90m | [0mResolving deltas:   6% (79/1311)[35m[friendly-snippets] [0m[36mclone[0m[90m | [0mResolving deltas:   7% (92/1311)[35m[friendly-snippets] [0m[36mclone[0m[90m | [0mResolving deltas:   8% (107/1311)[35m[friendly-snippets] [0m[36mclone[0m[90m | [0mResolving deltas:   9% (118/1311)[35m[friendly-snippets] [0m[36mclone[0m[90m | [0mResolving deltas:  10% (132/1311)[35m[friendly-snippets] [0m[36mclone[0m[90m | [0mResolving deltas:  11% (145/1311)[35m[friendly-snippets] [0m[36mclone[0m[90m | [0mResolving deltas:  12% (158/1311)[35m[friendly-snippets] [0m[36mclone[0m[90m | [0mResolving deltas:  13% (171/1311)[35m[friendly-snippets] [0m[36mclone[0m[90m | [0mResolving deltas:  14% (184/1311)[35m[friendly-snippets] [0m[36mclone[0m[90m | [0mResolving deltas:  15% (198/1311)[35m[friendly-snippets] [0m[36mclone[0m[90m | [0mResolving deltas:  16% (210/1311)[35m[auto-session] [0m[36m   clone[0m[90m | [0mResolving deltas:  80% (1000/1249)[35m[auto-session] [0m[36m   clone[0m[90m | [0mResolving deltas:  81% (1012/1249)[35m[auto-session] [0m[36m   clone[0m[90m | [0mResolving deltas:  82% (1025/1249)[35m[auto-session] [0m[36m   clone[0m[90m | [0mResolving deltas:  83% (1037/1249)[35m[auto-session] [0m[36m   clone[0m[90m | [0mResolving deltas:  84% (1050/1249)[35m[auto-session] [0m[36m   clone[0m[90m | [0mResolving deltas:  85% (1062/1249)[35m[auto-session] [0m[36m   clone[0m[90m | [0mResolving deltas:  86% (1076/1249)[35m[auto-session] [0m[36m   clone[0m[90m | [0mResolving deltas:  87% (1087/1249)[35m[auto-session] [0m[36m   clone[0m[90m | [0mResolving deltas:  88% (1100/1249)[35m[auto-session] [0m[36m   clone[0m[90m | [0mResolving deltas:  89% (1113/1249)[35m[auto-session] [0m[36m   clone[0m[90m | [0mResolving deltas:  90% (1125/1249)[35m[friendly-snippets] [0m[36mclone[0m[90m | [0mResolving deltas:  17% (223/1311)[35m[friendly-snippets] [0m[36mclone[0m[90m | [0mResolving deltas:  18% (236/1311)[35m[friendly-snippets] [0m[36mclone[0m[90m | [0mResolving deltas:  19% (250/1311)[35m[friendly-snippets] [0m[36mclone[0m[90m | [0mResolving deltas:  20% (263/1311)[35m[friendly-snippets] [0m[36mclone[0m[90m | [0mResolving deltas:  21% (276/1311)[35m[friendly-snippets] [0m[36mclone[0m[90m | [0mResolving deltas:  22% (290/1311)[35m[friendly-snippets] [0m[36mclone[0m[90m | [0mResolving deltas:  23% (303/1311)[35m[friendly-snippets] [0m[36mclone[0m[90m | [0mResolving deltas:  24% (316/1311)[35m[friendly-snippets] [0m[36mclone[0m[90m | [0mResolving deltas:  25% (328/1311)[35m[friendly-snippets] [0m[36mclone[0m[90m | [0mResolving deltas:  26% (341/1311)[35m[friendly-snippets] [0m[36mclone[0m[90m | [0mResolving deltas:  27% (356/1311)[35m[auto-session] [0m[36m   clone[0m[90m | [0mResolving deltas:  91% (1137/1249)[35m[auto-session] [0m[36m   clone[0m[90m | [0mResolving deltas:  92% (1150/1249)[35m[auto-session] [0m[36m   clone[0m[90m | [0mResolving deltas:  93% (1162/1249)[35m[auto-session] [0m[36m   clone[0m[90m | [0mResolving deltas:  94% (1175/1249)[35m[auto-session] [0m[36m   clone[0m[90m | [0mResolving deltas:  95% (1187/1249)[35m[auto-session] [0m[36m   clone[0m[90m | [0mResolving deltas:  96% (1200/1249)[35m[auto-session] [0m[36m   clone[0m[90m | [0mResolving deltas:  97% (1212/1249)[35m[auto-session] [0m[36m   clone[0m[90m | [0mResolving deltas:  98% (1225/1249)[35m[auto-session] [0m[36m   clone[0m[90m | [0mResolving deltas:  99% (1237/1249)[35m[auto-session] [0m[36m   clone[0m[90m | [0mResolving deltas: 100% (1249/1249)[35m[friendly-snippets] [0m[36mclone[0m[90m | [0mResolving deltas:  28% (368/1311)[35m[friendly-snippets] [0m[36mclone[0m[90m | [0mResolving deltas:  29% (381/1311)[35m[friendly-snippets] [0m[36mclone[0m[90m | [0mResolving deltas:  30% (394/1311)[35m[friendly-snippets] [0m[36mclone[0m[90m | [0mResolving deltas:  31% (409/1311)[35m[friendly-snippets] [0m[36mclone[0m[90m | [0mResolving deltas:  32% (420/1311)[35m[friendly-snippets] [0m[36mclone[0m[90m | [0mResolving deltas:  33% (433/1311)[35m[friendly-snippets] [0m[36mclone[0m[90m | [0mResolving deltas:  34% (446/1311)[35m[friendly-snippets] [0m[36mclone[0m[90m | [0mResolving deltas:  35% (459/1311)[35m[friendly-snippets] [0m[36mclone[0m[90m | [0mResolving deltas:  36% (473/1311)[35m[auto-session] [0m[36m   clone[0m[90m | [0mResolving deltas: 100% (1249/1249), done.
[35m[friendly-snippets] [0m[36mclone[0m[90m | [0mResolving deltas:  37% (486/1311)[35m[friendly-snippets] [0m[36mclone[0m[90m | [0mResolving deltas:  38% (499/1311)[35m[friendly-snippets] [0m[36mclone[0m[90m | [0mResolving deltas:  39% (512/1311)[35m[friendly-snippets] [0m[36mclone[0m[90m | [0mResolving deltas:  40% (526/1311)[35m[friendly-snippets] [0m[36mclone[0m[90m | [0mResolving deltas:  41% (538/1311)[35m[friendly-snippets] [0m[36mclone[0m[90m | [0mResolving deltas:  42% (551/1311)[35m[friendly-snippets] [0m[36mclone[0m[90m | [0mResolving deltas:  43% (564/1311)[35m[friendly-snippets] [0m[36mclone[0m[90m | [0mResolving deltas:  44% (577/1311)[35m[friendly-snippets] [0m[36mclone[0m[90m | [0mResolving deltas:  45% (590/1311)[35m[friendly-snippets] [0m[36mclone[0m[90m | [0mResolving deltas:  46% (606/1311)[35m[friendly-snippets] [0m[36mclone[0m[90m | [0mResolving deltas:  47% (617/1311)[35m[LuaSnip] [0m[36m        clone[0m[90m | [0mReceiving objects:  37% (4061/10973), 652.00 KiB | 498.00 KiB/s[35m[LuaSnip] [0m[36m        clone[0m[90m | [0mReceiving objects:  38% (4170/10973), 652.00 KiB | 498.00 KiB/s[35m[friendly-snippets] [0m[36mclone[0m[90m | [0mResolving deltas:  48% (631/1311)[35m[friendly-snippets] [0m[36mclone[0m[90m | [0mResolving deltas:  49% (643/1311)[35m[friendly-snippets] [0m[36mclone[0m[90m | [0mResolving deltas:  50% (656/1311)[35m[friendly-snippets] [0m[36mclone[0m[90m | [0mResolving deltas:  51% (669/1311)[35m[friendly-snippets] [0m[36mclone[0m[90m | [0mResolving deltas:  52% (684/1311)[35m[friendly-snippets] [0m[36mclone[0m[90m | [0mResolving deltas:  53% (695/1311)[35m[friendly-snippets] [0m[36mclone[0m[90m | [0mResolving deltas:  54% (708/1311)[35m[friendly-snippets] [0m[36mclone[0m[90m | [0mResolving deltas:  55% (722/1311)[35m[LuaSnip] [0m[36m        clone[0m[90m | [0mReceiving objects:  39% (4280/10973), 652.00 KiB | 498.00 KiB/s[35m[LuaSnip] [0m[36m        clone[0m[90m | [0mReceiving objects:  40% (4390/10973), 652.00 KiB | 498.00 KiB/s[35m[LuaSnip] [0m[36m        clone[0m[90m | [0mReceiving objects:  41% (4499/10973), 652.00 KiB | 498.00 KiB/s[35m[LuaSnip] [0m[36m        clone[0m[90m | [0mReceiving objects:  42% (4609/10973), 652.00 KiB | 498.00 KiB/s[35m[LuaSnip] [0m[36m        clone[0m[90m | [0mReceiving objects:  43% (4719/10973), 652.00 KiB | 498.00 KiB/s[35m[friendly-snippets] [0m[36mclone[0m[90m | [0mResolving deltas:  56% (735/1311)[35m[friendly-snippets] [0m[36mclone[0m[90m | [0mResolving deltas:  57% (748/1311)[35m[friendly-snippets] [0m[36mclone[0m[90m | [0mResolving deltas:  58% (761/1311)[35m[friendly-snippets] [0m[36mclone[0m[90m | [0mResolving deltas:  59% (774/1311)[35m[friendly-snippets] [0m[36mclone[0m[90m | [0mResolving deltas:  60% (787/1311)[35m[friendly-snippets] [0m[36mclone[0m[90m | [0mResolving deltas:  61% (800/1311)[35m[friendly-snippets] [0m[36mclone[0m[90m | [0mResolving deltas:  62% (813/1311)[35m[friendly-snippets] [0m[36mclone[0m[90m | [0mResolving deltas:  63% (827/1311)[35m[friendly-snippets] [0m[36mclone[0m[90m | [0mResolving deltas:  64% (840/1311)[35m[friendly-snippets] [0m[36mclone[0m[90m | [0mResolving deltas:  65% (853/1311)[35m[friendly-snippets] [0m[36mclone[0m[90m | [0mResolving deltas:  66% (866/1311)[35m[friendly-snippets] [0m[36mclone[0m[90m | [0mResolving deltas:  67% (879/1311)[35m[friendly-snippets] [0m[36mclone[0m[90m | [0mResolving deltas:  68% (892/1311)[35m[friendly-snippets] [0m[36mclone[0m[90m | [0mResolving deltas:  69% (905/1311)[35m[friendly-snippets] [0m[36mclone[0m[90m | [0mResolving deltas:  70% (919/1311)[35m[LuaSnip] [0m[36m        clone[0m[90m | [0mReceiving objects:  44% (4829/10973), 652.00 KiB | 498.00 KiB/s[35m[LuaSnip] [0m[36m        clone[0m[90m | [0mReceiving objects:  45% (4938/10973), 652.00 KiB | 498.00 KiB/s[35m[friendly-snippets] [0m[36mclone[0m[90m | [0mResolving deltas:  71% (931/1311)[35m[friendly-snippets] [0m[36mclone[0m[90m | [0mResolving deltas:  72% (944/1311)[35m[friendly-snippets] [0m[36mclone[0m[90m | [0mResolving deltas:  73% (958/1311)[35m[friendly-snippets] [0m[36mclone[0m[90m | [0mResolving deltas:  74% (971/1311)[35m[friendly-snippets] [0m[36mclone[0m[90m | [0mResolving deltas:  75% (985/1311)[35m[friendly-snippets] [0m[36mclone[0m[90m | [0mResolving deltas:  76% (997/1311)[35m[friendly-snippets] [0m[36mclone[0m[90m | [0mResolving deltas:  77% (1010/1311)[35m[friendly-snippets] [0m[36mclone[0m[90m | [0mResolving deltas:  78% (1023/1311)[35m[friendly-snippets] [0m[36mclone[0m[90m | [0mResolving deltas:  79% (1036/1311)[35m[friendly-snippets] [0m[36mclone[0m[90m | [0mResolving deltas:  80% (1050/1311)[35m[LuaSnip] [0m[36m        clone[0m[90m | [0mReceiving objects:  46% (5048/10973), 652.00 KiB | 498.00 KiB/s[35m[LuaSnip] [0m[36m        clone[0m[90m | [0mReceiving objects:  47% (5158/10973), 652.00 KiB | 498.00 KiB/s[35m[friendly-snippets] [0m[36mclone[0m[90m | [0mResolving deltas:  81% (1062/1311)[35m[friendly-snippets] [0m[36mclone[0m[90m | [0mResolving deltas:  82% (1076/1311)[35m[friendly-snippets] [0m[36mclone[0m[90m | [0mResolving deltas:  83% (1089/1311)[35m[friendly-snippets] [0m[36mclone[0m[90m | [0mResolving deltas:  84% (1102/1311)[35m[friendly-snippets] [0m[36mclone[0m[90m | [0mResolving deltas:  85% (1116/1311)[35m[friendly-snippets] [0m[36mclone[0m[90m | [0mResolving deltas:  86% (1128/1311)[35m[friendly-snippets] [0m[36mclone[0m[90m | [0mResolving deltas:  87% (1142/1311)[35m[friendly-snippets] [0m[36mclone[0m[90m | [0mResolving deltas:  88% (1154/1311)[35m[gitsigns.nvim] [0m[36m  clone[0m[90m | [0mReceiving objects:  36% (2392/6642), 204.00 KiB | 381.00 KiB/s[35m[gitsigns.nvim] [0m[36m  clone[0m[90m | [0mReceiving objects:  37% (2458/6642), 204.00 KiB | 381.00 KiB/s[35m[friendly-snippets] [0m[36mclone[0m[90m | [0mResolving deltas:  89% (1167/1311)[35m[friendly-snippets] [0m[36mclone[0m[90m | [0mResolving deltas:  90% (1180/1311)[35m[friendly-snippets] [0m[36mclone[0m[90m | [0mResolving deltas:  91% (1195/1311)[35m[friendly-snippets] [0m[36mclone[0m[90m | [0mResolving deltas:  92% (1207/1311)[35m[friendly-snippets] [0m[36mclone[0m[90m | [0mResolving deltas:  93% (1220/1311)[35m[friendly-snippets] [0m[36mclone[0m[90m | [0mResolving deltas:  94% (1233/1311)[35m[friendly-snippets] [0m[36mclone[0m[90m | [0mResolving deltas:  95% (1246/1311)[35m[friendly-snippets] [0m[36mclone[0m[90m | [0mResolving deltas:  96% (1259/1311)[35m[friendly-snippets] [0m[36mclone[0m[90m | [0mResolving deltas:  97% (1272/1311)[35m[friendly-snippets] [0m[36mclone[0m[90m | [0mResolving deltas:  98% (1285/1311)[35m[friendly-snippets] [0m[36mclone[0m[90m | [0mResolving deltas:  99% (1299/1311)[35m[friendly-snippets] [0m[36mclone[0m[90m | [0mResolving deltas: 100% (1311/1311)[35m[friendly-snippets] [0m[36mclone[0m[90m | [0mResolving deltas: 100% (1311/1311), done.
[35m[LuaSnip] [0m[36m        clone[0m[90m | [0mReceiving objects:  48% (5268/10973), 652.00 KiB | 498.00 KiB/s[35m[LuaSnip] [0m[36m        clone[0m[90m | [0mReceiving objects:  49% (5377/10973), 652.00 KiB | 498.00 KiB/s[35m[LuaSnip] [0m[36m        clone[0m[90m | [0mReceiving objects:  50% (5487/10973), 652.00 KiB | 498.00 KiB/s[35m[LuaSnip] [0m[36m        clone[0m[90m | [0mReceiving objects:  51% (5597/10973), 652.00 KiB | 498.00 KiB/s[35m[catppuccin] [0m[36m     clone[0m[90m | [0mReceiving objects:  48% (3788/7890), 572.00 KiB | 463.00 KiB/s[35m[LuaSnip] [0m[36m        clone[0m[90m | [0mReceiving objects:  52% (5706/10973), 652.00 KiB | 498.00 KiB/s[35m[catppuccin] [0m[36m     clone[0m[90m | [0mReceiving objects:  49% (3867/7890), 572.00 KiB | 463.00 KiB/s[35m[catppuccin] [0m[36m     clone[0m[90m | [0mReceiving objects:  50% (3945/7890), 572.00 KiB | 463.00 KiB/s[35m[catppuccin] [0m[36m     clone[0m[90m | [0mReceiving objects:  51% (4024/7890), 572.00 KiB | 463.00 KiB/s[35m[gitsigns.nvim] [0m[36m  clone[0m[90m | [0mReceiving objects:  38% (2524/6642), 204.00 KiB | 381.00 KiB/s[35m[gitsigns.nvim] [0m[36m  clone[0m[90m | [0mReceiving objects:  39% (2591/6642), 204.00 KiB | 381.00 KiB/s[35m[nvim-treesitter] [0m[36mclone[0m[90m | [0mReceiving objects:   4% (1070/26746), 284.01 KiB | 510.00 KiB/s[35m[legendary.nvim] [0m[36m clone[0m[90m | [0mReceiving objects:  41% (1369/3337), 284.00 KiB | 487.00 KiB/s[35m[legendary.nvim] [0m[36m clone[0m[90m | [0mReceiving objects:  42% (1402/3337), 284.00 KiB | 487.00 KiB/s[35m[legendary.nvim] [0m[36m clone[0m[90m | [0mReceiving objects:  43% (1435/3337), 284.00 KiB | 487.00 KiB/s[35m[legendary.nvim] [0m[36m clone[0m[90m | [0mReceiving objects:  44% (1469/3337), 284.00 KiB | 487.00 KiB/s[35m[legendary.nvim] [0m[36m clone[0m[90m | [0mReceiving objects:  45% (1502/3337), 284.00 KiB | 487.00 KiB/s[35m[legendary.nvim] [0m[36m clone[0m[90m | [0mReceiving objects:  46% (1536/3337), 284.00 KiB | 487.00 KiB/s[35m[gitsigns.nvim] [0m[36m  clone[0m[90m | [0mReceiving objects:  40% (2657/6642), 204.00 KiB | 381.00 KiB/s[35m[gitsigns.nvim] [0m[36m  clone[0m[90m | [0mReceiving objects:  41% (2724/6642), 204.00 KiB | 381.00 KiB/s[35m[gitsigns.nvim] [0m[36m  clone[0m[90m | [0mReceiving objects:  42% (2790/6642), 204.00 KiB | 381.00 KiB/s[35m[gitsigns.nvim] [0m[36m  clone[0m[90m | [0mReceiving objects:  43% (2857/6642), 204.00 KiB | 381.00 KiB/s[35m[gitsigns.nvim] [0m[36m  clone[0m[90m | [0mReceiving objects:  44% (2923/6642), 204.00 KiB | 381.00 KiB/s[35m[gitsigns.nvim] [0m[36m  clone[0m[90m | [0mReceiving objects:  45% (2989/6642), 204.00 KiB | 381.00 KiB/s[35m[nvim-cmp] [0m[36m       clone[0m[90m | [0mReceiving objects:  32% (1288/4022), 228.00 KiB | 424.00 KiB/s[35m[catppuccin] [0m[36m     clone[0m[90m | [0mReceiving objects:  52% (4103/7890), 572.00 KiB | 463.00 KiB/s[35m[nvim-cmp] [0m[36m       clone[0m[90m | [0mReceiving objects:  33% (1328/4022), 228.00 KiB | 424.00 KiB/s[35m[nvim-cmp] [0m[36m       clone[0m[90m | [0mReceiving objects:  34% (1368/4022), 228.00 KiB | 424.00 KiB/s[35m[catppuccin] [0m[36m     clone[0m[90m | [0mReceiving objects:  53% (4182/7890), 572.00 KiB | 463.00 KiB/s[35m[catppuccin] [0m[36m     clone[0m[90m | [0mReceiving objects:  54% (4261/7890), 572.00 KiB | 463.00 KiB/s[35m[catppuccin] [0m[36m     clone[0m[90m | [0mReceiving objects:  55% (4340/7890), 572.00 KiB | 463.00 KiB/s[35m[catppuccin] [0m[36m     clone[0m[90m | [0mReceiving objects:  56% (4419/7890), 572.00 KiB | 463.00 KiB/s[35m[catppuccin] [0m[36m     clone[0m[90m | [0mReceiving objects:  57% (4498/7890), 572.00 KiB | 463.00 KiB/s[35m[catppuccin] [0m[36m     clone[0m[90m | [0mReceiving objects:  58% (4577/7890), 572.00 KiB | 463.00 KiB/s[35m[legendary.nvim] [0m[36m clone[0m[90m | [0mReceiving objects:  47% (1569/3337), 284.00 KiB | 487.00 KiB/s[35m[legendary.nvim] [0m[36m clone[0m[90m | [0mReceiving objects:  48% (1602/3337), 284.00 KiB | 487.00 KiB/s[35m[legendary.nvim] [0m[36m clone[0m[90m | [0mReceiving objects:  49% (1636/3337), 284.00 KiB | 487.00 KiB/s[35m[legendary.nvim] [0m[36m clone[0m[90m | [0mReceiving objects:  50% (1669/3337), 284.00 KiB | 487.00 KiB/s[35m[legendary.nvim] [0m[36m clone[0m[90m | [0mReceiving objects:  51% (1702/3337), 284.00 KiB | 487.00 KiB/s[35m[legendary.nvim] [0m[36m clone[0m[90m | [0mReceiving objects:  52% (1736/3337), 284.00 KiB | 487.00 KiB/s[35m[legendary.nvim] [0m[36m clone[0m[90m | [0mReceiving objects:  53% (1769/3337), 284.00 KiB | 487.00 KiB/s[35m[legendary.nvim] [0m[36m clone[0m[90m | [0mReceiving objects:  54% (1802/3337), 284.00 KiB | 487.00 KiB/s[35m[legendary.nvim] [0m[36m clone[0m[90m | [0mReceiving objects:  55% (1836/3337), 284.00 KiB | 487.00 KiB/s[35m[gitsigns.nvim] [0m[36m  clone[0m[90m | [0mReceiving objects:  46% (3056/6642), 204.00 KiB | 381.00 KiB/s[35m[gitsigns.nvim] [0m[36m  clone[0m[90m | [0mReceiving objects:  47% (3122/6642), 204.00 KiB | 381.00 KiB/s[35m[nvim-treesitter] [0m[36mclone[0m[90m | [0mReceiving objects:   5% (1338/26746), 284.01 KiB | 510.00 KiB/s[35m[legendary.nvim] [0m[36m clone[0m[90m | [0mReceiving objects:  56% (1869/3337), 284.00 KiB | 487.00 KiB/s[35m[legendary.nvim] [0m[36m clone[0m[90m | [0mReceiving objects:  57% (1903/3337), 284.00 KiB | 487.00 KiB/s[35m[legendary.nvim] [0m[36m clone[0m[90m | [0mReceiving objects:  58% (1936/3337), 284.00 KiB | 487.00 KiB/s[35m[gitsigns.nvim] [0m[36m  clone[0m[90m | [0mReceiving objects:  48% (3189/6642), 204.00 KiB | 381.00 KiB/s[35m[catppuccin] [0m[36m     clone[0m[90m | [0mReceiving objects:  59% (4656/7890), 572.00 KiB | 463.00 KiB/s[35m[gitsigns.nvim] [0m[36m  clone[0m[90m | [0mReceiving objects:  49% (3255/6642), 204.00 KiB | 381.00 KiB/s[35m[catppuccin] [0m[36m     clone[0m[90m | [0mReceiving objects:  60% (4734/7890), 572.00 KiB | 463.00 KiB/s[35m[catppuccin] [0m[36m     clone[0m[90m | [0mReceiving objects:  61% (4813/7890), 572.00 KiB | 463.00 KiB/s[35m[catppuccin] [0m[36m     clone[0m[90m | [0mReceiving objects:  62% (4892/7890), 572.00 KiB | 463.00 KiB/s[35m[catppuccin] [0m[36m     clone[0m[90m | [0mReceiving objects:  63% (4971/7890), 572.00 KiB | 463.00 KiB/s[35m[catppuccin] [0m[36m     clone[0m[90m | [0mReceiving objects:  64% (5050/7890), 572.00 KiB | 463.00 KiB/s[35m[catppuccin] [0m[36m     clone[0m[90m | [0mReceiving objects:  65% (5129/7890), 572.00 KiB | 463.00 KiB/s[35m[legendary.nvim] [0m[36m clone[0m[90m | [0mReceiving objects:  59% (1969/3337), 284.00 KiB | 487.00 KiB/s[35m[legendary.nvim] [0m[36m clone[0m[90m | [0mReceiving objects:  60% (2003/3337), 284.00 KiB | 487.00 KiB/s[35m[legendary.nvim] [0m[36m clone[0m[90m | [0mReceiving objects:  61% (2036/3337), 284.00 KiB | 487.00 KiB/s[35m[gitsigns.nvim] [0m[36m  clone[0m[90m | [0mReceiving objects:  49% (3295/6642), 204.00 KiB | 381.00 KiB/s[35m[gitsigns.nvim] [0m[36m  clone[0m[90m | [0mReceiving objects:  50% (3321/6642), 204.00 KiB | 381.00 KiB/s[35m[gitsigns.nvim] [0m[36m  clone[0m[90m | [0mReceiving objects:  51% (3388/6642), 204.00 KiB | 381.00 KiB/s[35m[gitsigns.nvim] [0m[36m  clone[0m[90m | [0mReceiving objects:  52% (3454/6642), 532.00 KiB | 516.00 KiB/s[35m[gitsigns.nvim] [0m[36m  clone[0m[90m | [0mReceiving objects:  53% (3521/6642), 532.00 KiB | 516.00 KiB/s[35m[gitsigns.nvim] [0m[36m  clone[0m[90m | [0mReceiving objects:  54% (3587/6642), 532.00 KiB | 516.00 KiB/s[35m[gitsigns.nvim] [0m[36m  clone[0m[90m | [0mReceiving objects:  55% (3654/6642), 532.00 KiB | 516.00 KiB/s[35m[gitsigns.nvim] [0m[36m  clone[0m[90m | [0mReceiving objects:  56% (3720/6642), 532.00 KiB | 516.00 KiB/s[35m[kulala.nvim] [0m[36m    clone[0m[90m | [0mReceiving objects:   8% (355/4437), 284.00 KiB | 472.00 KiB/s[35m[kulala.nvim] [0m[36m    clone[0m[90m | [0mReceiving objects:   9% (400/4437), 284.00 KiB | 472.00 KiB/s[35m[nvim-lspconfig] [0m[36m clone[0m[90m | [0mReceiving objects:   3% (465/15482), 260.00 KiB | 503.00 KiB/s[35m[kulala.nvim] [0m[36m    clone[0m[90m | [0mReceiving objects:  10% (444/4437), 284.00 KiB | 472.00 KiB/s[35m[nvim-cmp] [0m[36m       clone[0m[90m | [0mReceiving objects:  35% (1408/4022), 228.00 KiB | 424.00 KiB/s[35m[nvim-cmp] [0m[36m       clone[0m[90m | [0mReceiving objects:  36% (1448/4022), 228.00 KiB | 424.00 KiB/s[35m[nvim-cmp] [0m[36m       clone[0m[90m | [0mReceiving objects:  37% (1489/4022), 228.00 KiB | 424.00 KiB/s[35m[nvim-cmp] [0m[36m       clone[0m[90m | [0mReceiving objects:  38% (1529/4022), 228.00 KiB | 424.00 KiB/s[35m[nvim-cmp] [0m[36m       clone[0m[90m | [0mReceiving objects:  39% (1569/4022), 228.00 KiB | 424.00 KiB/s[35m[nvim-cmp] [0m[36m       clone[0m[90m | [0mReceiving objects:  40% (1609/4022), 228.00 KiB | 424.00 KiB/s[35m[nvim-cmp] [0m[36m       clone[0m[90m | [0mReceiving objects:  41% (1650/4022), 228.00 KiB | 424.00 KiB/s[35m[nvim-cmp] [0m[36m       clone[0m[90m | [0mReceiving objects:  42% (1690/4022), 228.00 KiB | 424.00 KiB/s[35m[nvim-cmp] [0m[36m       clone[0m[90m | [0mReceiving objects:  43% (1730/4022), 228.00 KiB | 424.00 KiB/s[35m[fzf-lua] [0m[36m        clone[0m[90m | [0mReceiving objects:  13% (1603/12324), 372.00 KiB | 293.00 KiB/s[35m[fzf-lua] [0m[36m        clone[0m[90m | [0mReceiving objects:  14% (1726/12324), 372.00 KiB | 293.00 KiB/s[35m[LuaSnip] [0m[36m        clone[0m[90m | [0mReceiving objects:  53% (5816/10973), 652.00 KiB | 498.00 KiB/s[35m[LuaSnip] [0m[36m        clone[0m[90m | [0mReceiving objects:  54% (5926/10973), 652.00 KiB | 498.00 KiB/s[35m[LuaSnip] [0m[36m        clone[0m[90m | [0mReceiving objects:  55% (6036/10973), 652.00 KiB | 498.00 KiB/s[35m[nvim-cmp] [0m[36m       clone[0m[90m | [0mReceiving objects:  44% (1770/4022), 228.00 KiB | 424.00 KiB/s[35m[nvim-cmp] [0m[36m       clone[0m[90m | [0mReceiving objects:  45% (1810/4022), 228.00 KiB | 424.00 KiB/s[35m[nvim-cmp] [0m[36m       clone[0m[90m | [0mReceiving objects:  46% (1851/4022), 228.00 KiB | 424.00 KiB/s[35m[nvim-cmp] [0m[36m       clone[0m[90m | [0mReceiving objects:  47% (1891/4022), 228.00 KiB | 424.00 KiB/s[35m[nvim-cmp] [0m[36m       clone[0m[90m | [0mReceiving objects:  48% (1931/4022), 228.00 KiB | 424.00 KiB/s[35m[nvim-cmp] [0m[36m       clone[0m[90m | [0mReceiving objects:  49% (1971/4022), 228.00 KiB | 424.00 KiB/s[35m[nvim-cmp] [0m[36m       clone[0m[90m | [0mReceiving objects:  50% (2011/4022), 228.00 KiB | 424.00 KiB/s[35m[nvim-cmp] [0m[36m       clone[0m[90m | [0mReceiving objects:  51% (2052/4022), 228.00 KiB | 424.00 KiB/s[35m[nvim-cmp] [0m[36m       clone[0m[90m | [0mReceiving objects:  52% (2092/4022), 228.00 KiB | 424.00 KiB/s[35m[nvim-cmp] [0m[36m       clone[0m[90m | [0mReceiving objects:  53% (2132/4022), 228.00 KiB | 424.00 KiB/s[35m[LuaSnip] [0m[36m        clone[0m[90m | [0mReceiving objects:  56% (6145/10973), 652.00 KiB | 498.00 KiB/s[35m[LuaSnip] [0m[36m        clone[0m[90m | [0mReceiving objects:  57% (6255/10973), 652.00 KiB | 498.00 KiB/s[35m[nvim-cmp] [0m[36m       clone[0m[90m | [0mReceiving objects:  54% (2172/4022), 228.00 KiB | 424.00 KiB/s[35m[nvim-cmp] [0m[36m       clone[0m[90m | [0mReceiving objects:  55% (2213/4022), 228.00 KiB | 424.00 KiB/s[35m[nvim-cmp] [0m[36m       clone[0m[90m | [0mReceiving objects:  56% (2253/4022), 228.00 KiB | 424.00 KiB/s[35m[LuaSnip] [0m[36m        clone[0m[90m | [0mReceiving objects:  58% (6365/10973), 652.00 KiB | 498.00 KiB/s[35m[fzf-lua] [0m[36m        clone[0m[90m | [0mReceiving objects:  15% (1849/12324), 372.00 KiB | 293.00 KiB/s[35m[LuaSnip] [0m[36m        clone[0m[90m | [0mReceiving objects:  59% (6475/10973), 652.00 KiB | 498.00 KiB/s[35m[LuaSnip] [0m[36m        clone[0m[90m | [0mReceiving objects:  60% (6584/10973), 652.00 KiB | 498.00 KiB/s[35m[LuaSnip] [0m[36m        clone[0m[90m | [0mReceiving objects:  61% (6694/10973), 652.00 KiB | 498.00 KiB/s[35m[LuaSnip] [0m[36m        clone[0m[90m | [0mReceiving objects:  62% (6804/10973), 652.00 KiB | 498.00 KiB/s[35m[LuaSnip] [0m[36m        clone[0m[90m | [0mReceiving objects:  63% (6913/10973), 652.00 KiB | 498.00 KiB/s[35m[LuaSnip] [0m[36m        clone[0m[90m | [0mReceiving objects:  64% (7023/10973), 652.00 KiB | 498.00 KiB/s[35m[LuaSnip] [0m[36m        clone[0m[90m | [0mReceiving objects:  65% (7133/10973), 652.00 KiB | 498.00 KiB/s[35m[LuaSnip] [0m[36m        clone[0m[90m | [0mReceiving objects:  66% (7243/10973), 652.00 KiB | 498.00 KiB/s[35m[LuaSnip] [0m[36m        clone[0m[90m | [0mReceiving objects:  67% (7352/10973), 652.00 KiB | 498.00 KiB/s[35m[LuaSnip] [0m[36m        clone[0m[90m | [0mReceiving objects:  68% (7462/10973), 652.00 KiB | 498.00 KiB/s[35m[gitsigns.nvim] [0m[36m  clone[0m[90m | [0mReceiving objects:  57% (3786/6642), 532.00 KiB | 516.00 KiB/s[35m[LuaSnip] [0m[36m        clone[0m[90m | [0mReceiving objects:  69% (7572/10973), 652.00 KiB | 498.00 KiB/s[35m[LuaSnip] [0m[36m        clone[0m[90m | [0mReceiving objects:  70% (7682/10973), 652.00 KiB | 498.00 KiB/s[35m[LuaSnip] [0m[36m        clone[0m[90m | [0mReceiving objects:  71% (7791/10973), 652.00 KiB | 498.00 KiB/s[35m[LuaSnip] [0m[36m        clone[0m[90m | [0mReceiving objects:  72% (7901/10973), 652.00 KiB | 498.00 KiB/s[35m[LuaSnip] [0m[36m        clone[0m[90m | [0mReceiving objects:  73% (8011/10973), 652.00 KiB | 498.00 KiB/s[35m[catppuccin] [0m[36m     clone[0m[90m | [0mReceiving objects:  66% (5208/7890), 572.00 KiB | 463.00 KiB/s[35m[catppuccin] [0m[36m     clone[0m[90m | [0mReceiving objects:  67% (5287/7890), 572.00 KiB | 463.00 KiB/s[35m[catppuccin] [0m[36m     clone[0m[90m | [0mReceiving objects:  68% (5366/7890), 572.00 KiB | 463.00 KiB/s[35m[catppuccin] [0m[36m     clone[0m[90m | [0mReceiving objects:  69% (5445/7890), 572.00 KiB | 463.00 KiB/s[35m[catppuccin] [0m[36m     clone[0m[90m | [0mReceiving objects:  70% (5523/7890), 572.00 KiB | 463.00 KiB/s[35m[catppuccin] [0m[36m     clone[0m[90m | [0mReceiving objects:  71% (5602/7890), 572.00 KiB | 463.00 KiB/s[35m[catppuccin] [0m[36m     clone[0m[90m | [0mReceiving objects:  72% (5681/7890), 572.00 KiB | 463.00 KiB/s[35m[legendary.nvim] [0m[36m clone[0m[90m | [0mReceiving objects:  62% (2069/3337), 284.00 KiB | 487.00 KiB/s[35m[legendary.nvim] [0m[36m clone[0m[90m | [0mReceiving objects:  63% (2103/3337), 284.00 KiB | 487.00 KiB/s[35m[legendary.nvim] [0m[36m clone[0m[90m | [0mReceiving objects:  64% (2136/3337), 284.00 KiB | 487.00 KiB/s[35m[legendary.nvim] [0m[36m clone[0m[90m | [0mReceiving objects:  65% (2170/3337), 284.00 KiB | 487.00 KiB/s[35m[legendary.nvim] [0m[36m clone[0m[90m | [0mReceiving objects:  66% (2203/3337), 284.00 KiB | 487.00 KiB/s[35m[legendary.nvim] [0m[36m clone[0m[90m | [0mReceiving objects:  67% (2236/3337), 284.00 KiB | 487.00 KiB/s[35m[catppuccin] [0m[36m     clone[0m[90m | [0mReceiving objects:  73% (5760/7890), 572.00 KiB | 463.00 KiB/s[35m[catppuccin] [0m[36m     clone[0m[90m | [0mReceiving objects:  74% (5839/7890), 572.00 KiB | 463.00 KiB/s[35m[catppuccin] [0m[36m     clone[0m[90m | [0mReceiving objects:  75% (5918/7890), 572.00 KiB | 463.00 KiB/s[35m[nvim-treesitter] [0m[36mclone[0m[90m | [0mReceiving objects:   6% (1605/26746), 284.01 KiB | 510.00 KiB/s[35m[catppuccin] [0m[36m     clone[0m[90m | [0mReceiving objects:  76% (5997/7890), 572.00 KiB | 463.00 KiB/s[35m[gitsigns.nvim] [0m[36m  clone[0m[90m | [0mReceiving objects:  58% (3853/6642), 532.00 KiB | 516.00 KiB/s[35m[catppuccin] [0m[36m     clone[0m[90m | [0mReceiving objects:  77% (6076/7890), 572.00 KiB | 463.00 KiB/s[35m[gitsigns.nvim] [0m[36m  clone[0m[90m | [0mReceiving objects:  59% (3919/6642), 532.00 KiB | 516.00 KiB/s[35m[catppuccin] [0m[36m     clone[0m[90m | [0mReceiving objects:  78% (6155/7890), 572.00 KiB | 463.00 KiB/s[35m[gitsigns.nvim] [0m[36m  clone[0m[90m | [0mReceiving objects:  60% (3986/6642), 532.00 KiB | 516.00 KiB/s[35m[gitsigns.nvim] [0m[36m  clone[0m[90m | [0mReceiving objects:  61% (4052/6642), 532.00 KiB | 516.00 KiB/s[35m[catppuccin] [0m[36m     clone[0m[90m | [0mReceiving objects:  79% (6234/7890), 572.00 KiB | 463.00 KiB/s[35m[catppuccin] [0m[36m     clone[0m[90m | [0mReceiving objects:  80% (6312/7890), 572.00 KiB | 463.00 KiB/s[35m[catppuccin] [0m[36m     clone[0m[90m | [0mReceiving objects:  81% (6391/7890), 572.00 KiB | 463.00 KiB/s[35m[catppuccin] [0m[36m     clone[0m[90m | [0mReceiving objects:  82% (6470/7890), 572.00 KiB | 463.00 KiB/s[35m[catppuccin] [0m[36m     clone[0m[90m | [0mReceiving objects:  83% (6549/7890), 572.00 KiB | 463.00 KiB/s[35m[catppuccin] [0m[36m     clone[0m[90m | [0mReceiving objects:  84% (6628/7890), 572.00 KiB | 463.00 KiB/s[35m[catppuccin] [0m[36m     clone[0m[90m | [0mReceiving objects:  85% (6707/7890), 572.00 KiB | 463.00 KiB/s[35m[legendary.nvim] [0m[36m clone[0m[90m | [0mReceiving objects:  68% (2270/3337), 284.00 KiB | 487.00 KiB/s[35m[legendary.nvim] [0m[36m clone[0m[90m | [0mReceiving objects:  69% (2303/3337), 284.00 KiB | 487.00 KiB/s[35m[legendary.nvim] [0m[36m clone[0m[90m | [0mReceiving objects:  70% (2336/3337), 284.00 KiB | 487.00 KiB/s[35m[legendary.nvim] [0m[36m clone[0m[90m | [0mReceiving objects:  71% (2370/3337), 284.00 KiB | 487.00 KiB/s[35m[legendary.nvim] [0m[36m clone[0m[90m | [0mReceiving objects:  72% (2403/3337), 284.00 KiB | 487.00 KiB/s[35m[legendary.nvim] [0m[36m clone[0m[90m | [0mReceiving objects:  73% (2437/3337), 284.00 KiB | 487.00 KiB/s[35m[legendary.nvim] [0m[36m clone[0m[90m | [0mReceiving objects:  74% (2470/3337), 284.00 KiB | 487.00 KiB/s[35m[gitsigns.nvim] [0m[36m  clone[0m[90m | [0mReceiving objects:  62% (4119/6642), 532.00 KiB | 516.00 KiB/s[35m[gitsigns.nvim] [0m[36m  clone[0m[90m | [0mReceiving objects:  63% (4185/6642), 532.00 KiB | 516.00 KiB/s[35m[legendary.nvim] [0m[36m clone[0m[90m | [0mReceiving objects:  75% (2503/3337), 284.00 KiB | 487.00 KiB/s[35m[legendary.nvim] [0m[36m clone[0m[90m | [0mReceiving objects:  76% (2537/3337), 284.00 KiB | 487.00 KiB/s[35m[legendary.nvim] [0m[36m clone[0m[90m | [0mReceiving objects:  77% (2570/3337), 284.00 KiB | 487.00 KiB/s[35m[legendary.nvim] [0m[36m clone[0m[90m | [0mReceiving objects:  78% (2603/3337), 284.00 KiB | 487.00 KiB/s[35m[gitsigns.nvim] [0m[36m  clone[0m[90m | [0mReceiving objects:  64% (4251/6642), 532.00 KiB | 516.00 KiB/s[35m[legendary.nvim] [0m[36m clone[0m[90m | [0mReceiving objects:  79% (2637/3337), 284.00 KiB | 487.00 KiB/s[35m[legendary.nvim] [0m[36m clone[0m[90m | [0mReceiving objects:  80% (2670/3337), 284.00 KiB | 487.00 KiB/s[35m[kulala.nvim] [0m[36m    clone[0m[90m | [0mReceiving objects:  11% (489/4437), 284.00 KiB | 472.00 KiB/s[35m[legendary.nvim] [0m[36m clone[0m[90m | [0mReceiving objects:  81% (2703/3337), 284.00 KiB | 487.00 KiB/s[35m[legendary.nvim] [0m[36m clone[0m[90m | [0mReceiving objects:  82% (2737/3337), 284.00 KiB | 487.00 KiB/s[35m[gitsigns.nvim] [0m[36m  clone[0m[90m | [0mReceiving objects:  65% (4318/6642), 532.00 KiB | 516.00 KiB/s[35m[gitsigns.nvim] [0m[36m  clone[0m[90m | [0mReceiving objects:  66% (4384/6642), 532.00 KiB | 516.00 KiB/s[35m[legendary.nvim] [0m[36m clone[0m[90m | [0mReceiving objects:  83% (2770/3337), 284.00 KiB | 487.00 KiB/s[35m[gitsigns.nvim] [0m[36m  clone[0m[90m | [0mReceiving objects:  67% (4451/6642), 532.00 KiB | 516.00 KiB/s[35m[legendary.nvim] [0m[36m clone[0m[90m | [0mReceiving objects:  84% (2804/3337), 284.00 KiB | 487.00 KiB/s[35m[gitsigns.nvim] [0m[36m  clone[0m[90m | [0mReceiving objects:  68% (4517/6642), 532.00 KiB | 516.00 KiB/s[35m[legendary.nvim] [0m[36m clone[0m[90m | [0mReceiving objects:  85% (2837/3337), 284.00 KiB | 487.00 KiB/s[35m[gitsigns.nvim] [0m[36m  clone[0m[90m | [0mReceiving objects:  69% (4583/6642), 532.00 KiB | 516.00 KiB/s[35m[nvim-cmp] [0m[36m       clone[0m[90m | [0mReceiving objects:  57% (2293/4022), 228.00 KiB | 424.00 KiB/s[35m[nvim-cmp] [0m[36m       clone[0m[90m | [0mReceiving objects:  58% (2333/4022), 228.00 KiB | 424.00 KiB/s[35m[nvim-cmp] [0m[36m       clone[0m[90m | [0mReceiving objects:  59% (2373/4022), 228.00 KiB | 424.00 KiB/s[35m[gitsigns.nvim] [0m[36m  clone[0m[90m | [0mReceiving objects:  70% (4650/6642), 532.00 KiB | 516.00 KiB/s[35m[gitsigns.nvim] [0m[36m  clone[0m[90m | [0mReceiving objects:  71% (4716/6642), 532.00 KiB | 516.00 KiB/s[35m[gitsigns.nvim] [0m[36m  clone[0m[90m | [0mReceiving objects:  72% (4783/6642), 532.00 KiB | 516.00 KiB/s[35m[nvim-treesitter] [0m[36mclone[0m[90m | [0mReceiving objects:   7% (1873/26746), 284.01 KiB | 510.00 KiB/s[35m[gitsigns.nvim] [0m[36m  clone[0m[90m | [0mReceiving objects:  73% (4849/6642), 532.00 KiB | 516.00 KiB/s[35m[gitsigns.nvim] [0m[36m  clone[0m[90m | [0mReceiving objects:  74% (4916/6642), 532.00 KiB | 516.00 KiB/s[35m[gitsigns.nvim] [0m[36m  clone[0m[90m | [0mReceiving objects:  75% (4982/6642), 532.00 KiB | 516.00 KiB/s[35m[gitsigns.nvim] [0m[36m  clone[0m[90m | [0mReceiving objects:  76% (5048/6642), 532.00 KiB | 516.00 KiB/s[35m[nvim-treesitter] [0m[36mclone[0m[90m | [0mReceiving objects:   8% (2140/26746), 284.01 KiB | 510.00 KiB/s[35m[kulala.nvim] [0m[36m    clone[0m[90m | [0mReceiving objects:  12% (533/4437), 284.00 KiB | 472.00 KiB/s[35m[kulala.nvim] [0m[36m    clone[0m[90m | [0mReceiving objects:  13% (577/4437), 284.00 KiB | 472.00 KiB/s[35m[kulala.nvim] [0m[36m    clone[0m[90m | [0mReceiving objects:  14% (622/4437), 284.00 KiB | 472.00 KiB/s[35m[kulala.nvim] [0m[36m    clone[0m[90m | [0mReceiving objects:  15% (666/4437), 284.00 KiB | 472.00 KiB/s[35m[kulala.nvim] [0m[36m    clone[0m[90m | [0mReceiving objects:  16% (710/4437), 284.00 KiB | 472.00 KiB/s[35m[kulala.nvim] [0m[36m    clone[0m[90m | [0mReceiving objects:  17% (755/4437), 284.00 KiB | 472.00 KiB/s[35m[kulala.nvim] [0m[36m    clone[0m[90m | [0mReceiving objects:  18% (799/4437), 284.00 KiB | 472.00 KiB/s[35m[kulala.nvim] [0m[36m    clone[0m[90m | [0mReceiving objects:  19% (844/4437), 284.00 KiB | 472.00 KiB/s[35m[kulala.nvim] [0m[36m    clone[0m[90m | [0mReceiving objects:  20% (888/4437), 284.00 KiB | 472.00 KiB/s[35m[kulala.nvim] [0m[36m    clone[0m[90m | [0mReceiving objects:  21% (932/4437), 284.00 KiB | 472.00 KiB/s[35m[kulala.nvim] [0m[36m    clone[0m[90m | [0mReceiving objects:  22% (977/4437), 284.00 KiB | 472.00 KiB/s[35m[kulala.nvim] [0m[36m    clone[0m[90m | [0mReceiving objects:  23% (1021/4437), 284.00 KiB | 472.00 KiB/s[35m[nvim-lspconfig] [0m[36m clone[0m[90m | [0mReceiving objects:   4% (620/15482), 260.00 KiB | 503.00 KiB/s[35m[kulala.nvim] [0m[36m    clone[0m[90m | [0mReceiving objects:  24% (1065/4437), 284.00 KiB | 472.00 KiB/s[35m[kulala.nvim] [0m[36m    clone[0m[90m | [0mReceiving objects:  25% (1110/4437), 284.00 KiB | 472.00 KiB/s[35m[kulala.nvim] [0m[36m    clone[0m[90m | [0mReceiving objects:  26% (1154/4437), 284.00 KiB | 472.00 KiB/s[35m[kulala.nvim] [0m[36m    clone[0m[90m | [0mReceiving objects:  27% (1198/4437), 284.00 KiB | 472.00 KiB/s[35m[kulala.nvim] [0m[36m    clone[0m[90m | [0mReceiving objects:  28% (1243/4437), 284.00 KiB | 472.00 KiB/s[35m[kulala.nvim] [0m[36m    clone[0m[90m | [0mReceiving objects:  29% (1287/4437), 284.00 KiB | 472.00 KiB/s[35m[kulala.nvim] [0m[36m    clone[0m[90m | [0mReceiving objects:  30% (1332/4437), 284.00 KiB | 472.00 KiB/s[35m[kulala.nvim] [0m[36m    clone[0m[90m | [0mReceiving objects:  31% (1376/4437), 284.00 KiB | 472.00 KiB/s[35m[kulala.nvim] [0m[36m    clone[0m[90m | [0mReceiving objects:  32% (1420/4437), 284.00 KiB | 472.00 KiB/s[35m[kulala.nvim] [0m[36m    clone[0m[90m | [0mReceiving objects:  33% (1465/4437), 284.00 KiB | 472.00 KiB/s[35m[kulala.nvim] [0m[36m    clone[0m[90m | [0mReceiving objects:  34% (1509/4437), 284.00 KiB | 472.00 KiB/s[35m[kulala.nvim] [0m[36m    clone[0m[90m | [0mReceiving objects:  35% (1553/4437), 284.00 KiB | 472.00 KiB/s[35m[kulala.nvim] [0m[36m    clone[0m[90m | [0mReceiving objects:  36% (1598/4437), 284.00 KiB | 472.00 KiB/s[35m[kulala.nvim] [0m[36m    clone[0m[90m | [0mReceiving objects:  37% (1642/4437), 284.00 KiB | 472.00 KiB/s[35m[kulala.nvim] [0m[36m    clone[0m[90m | [0mReceiving objects:  38% (1687/4437), 284.00 KiB | 472.00 KiB/s[35m[nvim-cmp] [0m[36m       clone[0m[90m | [0mReceiving objects:  60% (2414/4022), 228.00 KiB | 424.00 KiB/s[35m[nvim-cmp] [0m[36m       clone[0m[90m | [0mReceiving objects:  61% (2454/4022), 228.00 KiB | 424.00 KiB/s[35m[kulala.nvim] [0m[36m    clone[0m[90m | [0mReceiving objects:  39% (1731/4437), 284.00 KiB | 472.00 KiB/s[35m[catppuccin] [0m[36m     clone[0m[90m | [0mReceiving objects:  86% (6786/7890), 572.00 KiB | 463.00 KiB/s[35m[fzf-lua] [0m[36m        clone[0m[90m | [0mReceiving objects:  16% (1972/12324), 372.00 KiB | 293.00 KiB/s[35m[LuaSnip] [0m[36m        clone[0m[90m | [0mReceiving objects:  74% (8121/10973), 652.00 KiB | 498.00 KiB/s[35m[LuaSnip] [0m[36m        clone[0m[90m | [0mReceiving objects:  75% (8230/10973), 652.00 KiB | 498.00 KiB/s[35m[LuaSnip] [0m[36m        clone[0m[90m | [0mReceiving objects:  76% (8340/10973), 652.00 KiB | 498.00 KiB/s[35m[LuaSnip] [0m[36m        clone[0m[90m | [0mReceiving objects:  77% (8450/10973), 652.00 KiB | 498.00 KiB/s[35m[LuaSnip] [0m[36m        clone[0m[90m | [0mReceiving objects:  78% (8559/10973), 652.00 KiB | 498.00 KiB/s[35m[fzf-lua] [0m[36m        clone[0m[90m | [0mReceiving objects:  17% (2096/12324), 372.00 KiB | 293.00 KiB/s[35m[LuaSnip] [0m[36m        clone[0m[90m | [0mReceiving objects:  79% (8669/10973), 652.00 KiB | 498.00 KiB/s[35m[LuaSnip] [0m[36m        clone[0m[90m | [0mReceiving objects:  80% (8779/10973), 652.00 KiB | 498.00 KiB/s[35m[LuaSnip] [0m[36m        clone[0m[90m | [0mReceiving objects:  81% (8889/10973), 652.00 KiB | 498.00 KiB/s[35m[nvim-cmp] [0m[36m       clone[0m[90m | [0mReceiving objects:  62% (2494/4022), 228.00 KiB | 424.00 KiB/s[35m[nvim-cmp] [0m[36m       clone[0m[90m | [0mReceiving objects:  63% (2534/4022), 228.00 KiB | 424.00 KiB/s[35m[nvim-cmp] [0m[36m       clone[0m[90m | [0mReceiving objects:  64% (2575/4022), 228.00 KiB | 424.00 KiB/s[35m[cmp-buffer] [0m[36m     clone[0m[90m | [0mUpdating files:  28% (2/7)[35m[cmp-buffer] [0m[36m     clone[0m[90m | [0mUpdating files:  42% (3/7)[35m[cmp-buffer] [0m[36m     clone[0m[90m | [0mUpdating files:  57% (4/7)[35m[cmp-buffer] [0m[36m     clone[0m[90m | [0mUpdating files:  71% (5/7)[35m[cmp-buffer] [0m[36m     clone[0m[90m | [0mUpdating files:  85% (6/7)[35m[nvim-cmp] [0m[36m       clone[0m[90m | [0mReceiving objects:  65% (2615/4022), 228.00 KiB | 424.00 KiB/s[35m[nvim-cmp] [0m[36m       clone[0m[90m | [0mReceiving objects:  66% (2655/4022), 228.00 KiB | 424.00 KiB/s[35m[cmp-buffer] [0m[36m     clone[0m[90m | [0mUpdating files: 100% (7/7)[35m[nvim-cmp] [0m[36m       clone[0m[90m | [0mReceiving objects:  67% (2695/4022), 228.00 KiB | 424.00 KiB/s[35m[cmp-buffer] [0m[36m     clone[0m[90m | [0mUpdating files: 100% (7/7), done.
[35m[LuaSnip] [0m[36m        clone[0m[90m | [0mReceiving objects:  82% (8998/10973), 652.00 KiB | 498.00 KiB/s[35m[nvim-cmp] [0m[36m       clone[0m[90m | [0mReceiving objects:  68% (2735/4022), 228.00 KiB | 424.00 KiB/s[35m[nvim-cmp] [0m[36m       clone[0m[90m | [0mReceiving objects:  69% (2776/4022), 228.00 KiB | 424.00 KiB/s[35m[nvim-cmp] [0m[36m       clone[0m[90m | [0mReceiving objects:  70% (2816/4022), 228.00 KiB | 424.00 KiB/s[35m[nvim-cmp] [0m[36m       clone[0m[90m | [0mReceiving objects:  71% (2856/4022), 228.00 KiB | 424.00 KiB/s[35m[nvim-cmp] [0m[36m       clone[0m[90m | [0mReceiving objects:  72% (2896/4022), 228.00 KiB | 424.00 KiB/s[35m[nvim-cmp] [0m[36m       clone[0m[90m | [0mReceiving objects:  73% (2937/4022), 228.00 KiB | 424.00 KiB/s[35m[LuaSnip] [0m[36m        clone[0m[90m | [0mReceiving objects:  83% (9108/10973), 652.00 KiB | 498.00 KiB/s[35m[gitsigns.nvim] [0m[36m  clone[0m[90m | [0mReceiving objects:  77% (5115/6642), 532.00 KiB | 516.00 KiB/s[35m[LuaSnip] [0m[36m        clone[0m[90m | [0mReceiving objects:  84% (9218/10973), 652.00 KiB | 498.00 KiB/s[35m[LuaSnip] [0m[36m        clone[0m[90m | [0mReceiving objects:  85% (9328/10973), 652.00 KiB | 498.00 KiB/s[35m[LuaSnip] [0m[36m        clone[0m[90m | [0mReceiving objects:  86% (9437/10973), 652.00 KiB | 498.00 KiB/s[35m[LuaSnip] [0m[36m        clone[0m[90m | [0mReceiving objects:  87% (9547/10973), 652.00 KiB | 498.00 KiB/s[35m[LuaSnip] [0m[36m        clone[0m[90m | [0mReceiving objects:  88% (9657/10973), 652.00 KiB | 498.00 KiB/s[35m[LuaSnip] [0m[36m        clone[0m[90m | [0mReceiving objects:  89% (9766/10973), 652.00 KiB | 498.00 KiB/s[35m[LuaSnip] [0m[36m        clone[0m[90m | [0mReceiving objects:  90% (9876/10973), 652.00 KiB | 498.00 KiB/s[35m[catppuccin] [0m[36m     clone[0m[90m | [0mReceiving objects:  87% (6865/7890), 572.00 KiB | 463.00 KiB/s[35m[legendary.nvim] [0m[36m clone[0m[90m | [0mReceiving objects:  86% (2870/3337), 284.00 KiB | 487.00 KiB/s[35m[catppuccin] [0m[36m     clone[0m[90m | [0mReceiving objects:  88% (6944/7890), 572.00 KiB | 463.00 KiB/s[35m[nvim-treesitter] [0m[36mclone[0m[90m | [0mReceiving objects:   9% (2408/26746), 284.01 KiB | 510.00 KiB/s[35m[catppuccin] [0m[36m     clone[0m[90m | [0mReceiving objects:  89% (7023/7890), 572.00 KiB | 463.00 KiB/s[35m[gitsigns.nvim] [0m[36m  clone[0m[90m | [0mReceiving objects:  78% (5181/6642), 532.00 KiB | 516.00 KiB/s[35m[gitsigns.nvim] [0m[36m  clone[0m[90m | [0mReceiving objects:  79% (5248/6642), 532.00 KiB | 516.00 KiB/s[35m[gitsigns.nvim] [0m[36m  clone[0m[90m | [0mReceiving objects:  80% (5314/6642), 532.00 KiB | 516.00 KiB/s[35m[gitsigns.nvim] [0m[36m  clone[0m[90m | [0mReceiving objects:  81% (5381/6642), 532.00 KiB | 516.00 KiB/s[35m[fzf-lua] [0m[36m        clone[0m[90m | [0mReceiving objects:  18% (2219/12324), 372.00 KiB | 293.00 KiB/s[35m[catppuccin] [0m[36m     clone[0m[90m | [0mReceiving objects:  90% (7101/7890), 572.00 KiB | 463.00 KiB/s[35m[catppuccin] [0m[36m     clone[0m[90m | [0mReceiving objects:  91% (7180/7890), 572.00 KiB | 463.00 KiB/s[35m[catppuccin] [0m[36m     clone[0m[90m | [0mReceiving objects:  92% (7259/7890), 572.00 KiB | 463.00 KiB/s[35m[catppuccin] [0m[36m     clone[0m[90m | [0mReceiving objects:  93% (7338/7890), 572.00 KiB | 463.00 KiB/s[35m[catppuccin] [0m[36m     clone[0m[90m | [0mReceiving objects:  94% (7417/7890), 572.00 KiB | 463.00 KiB/s[35m[catppuccin] [0m[36m     clone[0m[90m | [0mReceiving objects:  95% (7496/7890), 572.00 KiB | 463.00 KiB/s[35m[legendary.nvim] [0m[36m clone[0m[90m | [0mReceiving objects:  87% (2904/3337), 284.00 KiB | 487.00 KiB/s[35m[catppuccin] [0m[36m     clone[0m[90m | [0mReceiving objects:  96% (7575/7890), 572.00 KiB | 463.00 KiB/s[35m[legendary.nvim] [0m[36m clone[0m[90m | [0mReceiving objects:  88% (2937/3337), 284.00 KiB | 487.00 KiB/s[35m[gitsigns.nvim] [0m[36m  clone[0m[90m | [0mReceiving objects:  82% (5447/6642), 532.00 KiB | 516.00 KiB/s[35m[gitsigns.nvim] [0m[36m  clone[0m[90m | [0mReceiving objects:  83% (5513/6642), 532.00 KiB | 516.00 KiB/s[35m[kulala.nvim] [0m[36m    clone[0m[90m | [0mReceiving objects:  40% (1775/4437), 284.00 KiB | 472.00 KiB/s[35m[gitsigns.nvim] [0m[36m  clone[0m[90m | [0mReceiving objects:  84% (5580/6642), 532.00 KiB | 516.00 KiB/s[35m[kulala.nvim] [0m[36m    clone[0m[90m | [0mReceiving objects:  41% (1820/4437), 284.00 KiB | 472.00 KiB/s[35m[legendary.nvim] [0m[36m clone[0m[90m | [0mReceiving objects:  89% (2970/3337), 284.00 KiB | 487.00 KiB/s[35m[legendary.nvim] [0m[36m clone[0m[90m | [0mReceiving objects:  90% (3004/3337), 284.00 KiB | 487.00 KiB/s[35m[kulala.nvim] [0m[36m    clone[0m[90m | [0mReceiving objects:  42% (1864/4437), 284.00 KiB | 472.00 KiB/s[35m[kulala.nvim] [0m[36m    clone[0m[90m | [0mReceiving objects:  43% (1908/4437), 284.00 KiB | 472.00 KiB/s[35m[kulala.nvim] [0m[36m    clone[0m[90m | [0mReceiving objects:  44% (1953/4437), 284.00 KiB | 472.00 KiB/s[35m[kulala.nvim] [0m[36m    clone[0m[90m | [0mReceiving objects:  45% (1997/4437), 284.00 KiB | 472.00 KiB/s[35m[gitsigns.nvim] [0m[36m  clone[0m[90m | [0mReceiving objects:  85% (5646/6642), 532.00 KiB | 516.00 KiB/s[35m[gitsigns.nvim] [0m[36m  clone[0m[90m | [0mReceiving objects:  86% (5713/6642), 532.00 KiB | 516.00 KiB/s[35m[gitsigns.nvim] [0m[36m  clone[0m[90m | [0mReceiving objects:  87% (5779/6642), 532.00 KiB | 516.00 KiB/s[35m[kulala.nvim] [0m[36m    clone[0m[90m | [0mReceiving objects:  46% (2042/4437), 284.00 KiB | 472.00 KiB/s[35m[kulala.nvim] [0m[36m    clone[0m[90m | [0mReceiving objects:  47% (2086/4437), 284.00 KiB | 472.00 KiB/s[35m[kulala.nvim] [0m[36m    clone[0m[90m | [0mReceiving objects:  48% (2130/4437), 284.00 KiB | 472.00 KiB/s[35m[gitsigns.nvim] [0m[36m  clone[0m[90m | [0mReceiving objects:  88% (5845/6642), 532.00 KiB | 516.00 KiB/s[35m[kulala.nvim] [0m[36m    clone[0m[90m | [0mReceiving objects:  49% (2175/4437), 284.00 KiB | 472.00 KiB/s[35m[legendary.nvim] [0m[36m clone[0m[90m | [0mReceiving objects:  91% (3037/3337), 284.00 KiB | 487.00 KiB/s[35m[gitsigns.nvim] [0m[36m  clone[0m[90m | [0mReceiving objects:  89% (5912/6642), 532.00 KiB | 516.00 KiB/s[35m[nvim-cmp] [0m[36m       clone[0m[90m | [0mReceiving objects:  74% (2977/4022), 228.00 KiB | 424.00 KiB/s[35m[gitsigns.nvim] [0m[36m  clone[0m[90m | [0mReceiving objects:  90% (5978/6642), 532.00 KiB | 516.00 KiB/s[35m[nvim-cmp] [0m[36m       clone[0m[90m | [0mReceiving objects:  75% (3017/4022), 228.00 KiB | 424.00 KiB/s[35m[nvim-treesitter] [0m[36mclone[0m[90m | [0mReceiving objects:  10% (2675/26746), 284.01 KiB | 510.00 KiB/s[35m[kulala.nvim] [0m[36m    clone[0m[90m | [0mReceiving objects:  50% (2219/4437), 284.00 KiB | 472.00 KiB/s[35m[kulala.nvim] [0m[36m    clone[0m[90m | [0mReceiving objects:  51% (2263/4437), 284.00 KiB | 472.00 KiB/s[35m[kulala.nvim] [0m[36m    clone[0m[90m | [0mReceiving objects:  52% (2308/4437), 284.00 KiB | 472.00 KiB/s[35m[kulala.nvim] [0m[36m    clone[0m[90m | [0mReceiving objects:  53% (2352/4437), 284.00 KiB | 472.00 KiB/s[35m[kulala.nvim] [0m[36m    clone[0m[90m | [0mReceiving objects:  54% (2396/4437), 284.00 KiB | 472.00 KiB/s[35m[fzf-lua] [0m[36m        clone[0m[90m | [0mReceiving objects:  19% (2342/12324), 372.00 KiB | 293.00 KiB/s[35m[kulala.nvim] [0m[36m    clone[0m[90m | [0mReceiving objects:  55% (2441/4437), 284.00 KiB | 472.00 KiB/s[35m[kulala.nvim] [0m[36m    clone[0m[90m | [0mReceiving objects:  56% (2485/4437), 284.00 KiB | 472.00 KiB/s[35m[gitsigns.nvim] [0m[36m  clone[0m[90m | [0mReceiving objects:  91% (6045/6642), 532.00 KiB | 516.00 KiB/s[35m[gitsigns.nvim] [0m[36m  clone[0m[90m | [0mReceiving objects:  92% (6111/6642), 532.00 KiB | 516.00 KiB/s[35m[fzf-lua] [0m[36m        clone[0m[90m | [0mReceiving objects:  20% (2465/12324), 372.00 KiB | 293.00 KiB/s[35m[kulala.nvim] [0m[36m    clone[0m[90m | [0mReceiving objects:  57% (2530/4437), 284.00 KiB | 472.00 KiB/s[35m[kulala.nvim] [0m[36m    clone[0m[90m | [0mReceiving objects:  58% (2574/4437), 284.00 KiB | 472.00 KiB/s[35m[kulala.nvim] [0m[36m    clone[0m[90m | [0mReceiving objects:  59% (2618/4437), 284.00 KiB | 472.00 KiB/s[35m[kulala.nvim] [0m[36m    clone[0m[90m | [0mReceiving objects:  60% (2663/4437), 284.00 KiB | 472.00 KiB/s[35m[kulala.nvim] [0m[36m    clone[0m[90m | [0mReceiving objects:  61% (2707/4437), 284.00 KiB | 472.00 KiB/s[35m[kulala.nvim] [0m[36m    clone[0m[90m | [0mReceiving objects:  62% (2751/4437), 284.00 KiB | 472.00 KiB/s[35m[kulala.nvim] [0m[36m    clone[0m[90m | [0mReceiving objects:  63% (2796/4437), 284.00 KiB | 472.00 KiB/s[35m[gitsigns.nvim] [0m[36m  clone[0m[90m | [0mReceiving objects:  93% (6178/6642), 532.00 KiB | 516.00 KiB/s[35m[kulala.nvim] [0m[36m    clone[0m[90m | [0mReceiving objects:  64% (2840/4437), 284.00 KiB | 472.00 KiB/s[35m[kulala.nvim] [0m[36m    clone[0m[90m | [0mReceiving objects:  65% (2885/4437), 284.00 KiB | 472.00 KiB/s[35m[kulala.nvim] [0m[36m    clone[0m[90m | [0mReceiving objects:  66% (2929/4437), 284.00 KiB | 472.00 KiB/s[35m[gitsigns.nvim] [0m[36m  clone[0m[90m | [0mReceiving objects:  94% (6244/6642), 532.00 KiB | 516.00 KiB/s[35m[LuaSnip] [0m[36m        clone[0m[90m | [0mReceiving objects:  91% (9986/10973), 652.00 KiB | 498.00 KiB/s[35m[kulala.nvim] [0m[36m    clone[0m[90m | [0mReceiving objects:  67% (2973/4437), 284.00 KiB | 472.00 KiB/s[35m[kulala.nvim] [0m[36m    clone[0m[90m | [0mReceiving objects:  68% (3018/4437), 284.00 KiB | 472.00 KiB/s[35m[kulala.nvim] [0m[36m    clone[0m[90m | [0mReceiving objects:  69% (3062/4437), 284.00 KiB | 472.00 KiB/s[35m[kulala.nvim] [0m[36m    clone[0m[90m | [0mReceiving objects:  70% (3106/4437), 284.00 KiB | 472.00 KiB/s[35m[gitsigns.nvim] [0m[36m  clone[0m[90m | [0mReceiving objects:  95% (6310/6642), 532.00 KiB | 516.00 KiB/s[35m[kulala.nvim] [0m[36m    clone[0m[90m | [0mReceiving objects:  71% (3151/4437), 284.00 KiB | 472.00 KiB/s[35m[kulala.nvim] [0m[36m    clone[0m[90m | [0mReceiving objects:  72% (3195/4437), 284.00 KiB | 472.00 KiB/s[35m[kulala.nvim] [0m[36m    clone[0m[90m | [0mReceiving objects:  73% (3240/4437), 284.00 KiB | 472.00 KiB/s[35m[gitsigns.nvim] [0m[36m  clone[0m[90m | [0mReceiving objects:  96% (6377/6642), 532.00 KiB | 516.00 KiB/s[35m[kulala.nvim] [0m[36m    clone[0m[90m | [0mReceiving objects:  74% (3284/4437), 284.00 KiB | 472.00 KiB/s[35m[kulala.nvim] [0m[36m    clone[0m[90m | [0mReceiving objects:  75% (3328/4437), 284.00 KiB | 472.00 KiB/s[35m[gitsigns.nvim] [0m[36m  clone[0m[90m | [0mReceiving objects:  97% (6443/6642), 532.00 KiB | 516.00 KiB/s[35m[kulala.nvim] [0m[36m    clone[0m[90m | [0mReceiving objects:  76% (3373/4437), 284.00 KiB | 472.00 KiB/s[35m[kulala.nvim] [0m[36m    clone[0m[90m | [0mReceiving objects:  77% (3417/4437), 284.00 KiB | 472.00 KiB/s[35m[nvim-lspconfig] [0m[36m clone[0m[90m | [0mReceiving objects:   5% (775/15482), 260.00 KiB | 503.00 KiB/s[35m[kulala.nvim] [0m[36m    clone[0m[90m | [0mReceiving objects:  78% (3461/4437), 284.00 KiB | 472.00 KiB/s[35m[kulala.nvim] [0m[36m    clone[0m[90m | [0mReceiving objects:  79% (3506/4437), 284.00 KiB | 472.00 KiB/s[35m[kulala.nvim] [0m[36m    clone[0m[90m | [0mReceiving objects:  80% (3550/4437), 284.00 KiB | 472.00 KiB/s[35m[kulala.nvim] [0m[36m    clone[0m[90m | [0mReceiving objects:  81% (3594/4437), 284.00 KiB | 472.00 KiB/s[35m[kulala.nvim] [0m[36m    clone[0m[90m | [0mReceiving objects:  82% (3639/4437), 284.00 KiB | 472.00 KiB/s[35m[kulala.nvim] [0m[36m    clone[0m[90m | [0mReceiving objects:  83% (3683/4437), 284.00 KiB | 472.00 KiB/s[35m[kulala.nvim] [0m[36m    clone[0m[90m | [0mReceiving objects:  84% (3728/4437), 284.00 KiB | 472.00 KiB/s[35m[kulala.nvim] [0m[36m    clone[0m[90m | [0mReceiving objects:  85% (3772/4437), 284.00 KiB | 472.00 KiB/s[35m[kulala.nvim] [0m[36m    clone[0m[90m | [0mReceiving objects:  86% (3816/4437), 284.00 KiB | 472.00 KiB/s[35m[kulala.nvim] [0m[36m    clone[0m[90m | [0mReceiving objects:  87% (3861/4437), 284.00 KiB | 472.00 KiB/s[35m[kulala.nvim] [0m[36m    clone[0m[90m | [0mReceiving objects:  88% (3905/4437), 284.00 KiB | 472.00 KiB/s[35m[kulala.nvim] [0m[36m    clone[0m[90m | [0mReceiving objects:  89% (3949/4437), 284.00 KiB | 472.00 KiB/s[35m[kulala.nvim] [0m[36m    clone[0m[90m | [0mReceiving objects:  90% (3994/4437), 284.00 KiB | 472.00 KiB/s[35m[kulala.nvim] [0m[36m    clone[0m[90m | [0mReceiving objects:  91% (4038/4437), 284.00 KiB | 472.00 KiB/s[35m[kulala.nvim] [0m[36m    clone[0m[90m | [0mReceiving objects:  92% (4083/4437), 284.00 KiB | 472.00 KiB/s[35m[nvim-cmp] [0m[36m       clone[0m[90m | [0mReceiving objects:  75% (3023/4022), 412.00 KiB | 388.00 KiB/s[35m[nvim-treesitter] [0m[36mclone[0m[90m | [0mReceiving objects:  11% (2943/26746), 284.01 KiB | 510.00 KiB/s[35m[gitsigns.nvim] [0m[36m  clone[0m[90m | [0mReceiving objects:  98% (6510/6642), 532.00 KiB | 516.00 KiB/s[35m[nvim-treesitter] [0m[36mclone[0m[90m | [0mReceiving objects:  12% (3210/26746), 284.01 KiB | 510.00 KiB/s[35m[gitsigns.nvim] [0m[36m  clone[0m[90m | [0mReceiving objects:  99% (6576/6642), 532.00 KiB | 516.00 KiB/s[35m[fzf-lua] [0m[36m        clone[0m[90m | [0mReceiving objects:  21% (2589/12324), 372.00 KiB | 293.00 KiB/s[35m[LuaSnip] [0m[36m        clone[0m[90m | [0mReceiving objects:  92% (10096/10973), 1.13 MiB | 637.00 KiB/s [35m[LuaSnip] [0m[36m        clone[0m[90m | [0mReceiving objects:  93% (10205/10973), 1.13 MiB | 637.00 KiB/s[35m[fzf-lua] [0m[36m        clone[0m[90m | [0mReceiving objects:  22% (2712/12324), 372.00 KiB | 293.00 KiB/s[35m[LuaSnip] [0m[36m        clone[0m[90m | [0mReceiving objects:  94% (10315/10973), 1.13 MiB | 637.00 KiB/s[35m[nvim-lspconfig] [0m[36m clone[0m[90m | [0mReceiving objects:   5% (807/15482), 604.00 KiB | 578.00 KiB/s[35m[nvim-cmp] [0m[36m       clone[0m[90m | [0mReceiving objects:  76% (3057/4022), 412.00 KiB | 388.00 KiB/s[35m[nvim-cmp] [0m[36m       clone[0m[90m | [0mReceiving objects:  77% (3097/4022), 412.00 KiB | 388.00 KiB/s[35m[nvim-cmp] [0m[36m       clone[0m[90m | [0mReceiving objects:  78% (3138/4022), 412.00 KiB | 388.00 KiB/s[35m[nvim-cmp] [0m[36m       clone[0m[90m | [0mReceiving objects:  79% (3178/4022), 412.00 KiB | 388.00 KiB/s[35m[nvim-cmp] [0m[36m       clone[0m[90m | [0mReceiving objects:  80% (3218/4022), 412.00 KiB | 388.00 KiB/s[35m[catppuccin] [0m[36m     clone[0m[90m | [0mReceiving objects:  97% (7654/7890), 1.04 MiB | 570.00 KiB/s  [35m[catppuccin] [0m[36m     clone[0m[90m | [0mReceiving objects:  98% (7733/7890), 1.04 MiB | 570.00 KiB/s[35m[catppuccin] [0m[36m     clone[0m[90m | [0mReceiving objects:  99% (7812/7890), 1.04 MiB | 570.00 KiB/s[35m[catppuccin] [0m[36m     clone[0m[90m | [0mremote: Total 7890 (delta 734), reused 582 (delta 579), pack-reused 7018 (from 4)        
[35m[catppuccin] [0m[36m     clone[0m[90m | [0mReceiving objects: 100% (7890/7890), 1.04 MiB | 570.00 KiB/s[35m[catppuccin] [0m[36m     clone[0m[90m | [0mReceiving objects: 100% (7890/7890), 1.06 MiB | 587.00 KiB/s, done.
[35m[catppuccin] [0m[36m     clone[0m[90m | [0mResolving deltas:   0% (0/3829)[35m[catppuccin] [0m[36m     clone[0m[90m | [0mResolving deltas:   1% (39/3829)[35m[LuaSnip] [0m[36m        clone[0m[90m | [0mReceiving objects:  95% (10425/10973), 1.13 MiB | 637.00 KiB/s[35m[legendary.nvim] [0m[36m clone[0m[90m | [0mReceiving objects:  91% (3062/3337), 284.00 KiB | 487.00 KiB/s[35m[catppuccin] [0m[36m     clone[0m[90m | [0mResolving deltas:   2% (80/3829)[35m[catppuccin] [0m[36m     clone[0m[90m | [0mResolving deltas:   3% (115/3829)[35m[catppuccin] [0m[36m     clone[0m[90m | [0mResolving deltas:   4% (154/3829)[35m[catppuccin] [0m[36m     clone[0m[90m | [0mResolving deltas:   5% (192/3829)[35m[catppuccin] [0m[36m     clone[0m[90m | [0mResolving deltas:   6% (233/3829)[35m[catppuccin] [0m[36m     clone[0m[90m | [0mResolving deltas:   7% (270/3829)[35m[LuaSnip] [0m[36m        clone[0m[90m | [0mReceiving objects:  96% (10535/10973), 1.13 MiB | 637.00 KiB/s[35m[catppuccin] [0m[36m     clone[0m[90m | [0mResolving deltas:   8% (307/3829)[35m[catppuccin] [0m[36m     clone[0m[90m | [0mResolving deltas:   9% (345/3829)[35m[catppuccin] [0m[36m     clone[0m[90m | [0mResolving deltas:  10% (383/3829)[35m[LuaSnip] [0m[36m        clone[0m[90m | [0mReceiving objects:  97% (10644/10973), 1.13 MiB | 637.00 KiB/s[35m[catppuccin] [0m[36m     clone[0m[90m | [0mResolving deltas:  11% (422/3829)[35m[catppuccin] [0m[36m     clone[0m[90m | [0mResolving deltas:  12% (460/3829)[35m[catppuccin] [0m[36m     clone[0m[90m | [0mResolving deltas:  13% (498/3829)[35m[LuaSnip] [0m[36m        clone[0m[90m | [0mReceiving objects:  98% (10754/10973), 1.13 MiB | 637.00 KiB/s[35m[catppuccin] [0m[36m     clone[0m[90m | [0mResolving deltas:  14% (538/3829)[35m[catppuccin] [0m[36m     clone[0m[90m | [0mResolving deltas:  15% (578/3829)[35m[catppuccin] [0m[36m     clone[0m[90m | [0mResolving deltas:  16% (613/3829)[35m[LuaSnip] [0m[36m        clone[0m[90m | [0mReceiving objects:  99% (10864/10973), 1.13 MiB | 637.00 KiB/s[35m[catppuccin] [0m[36m     clone[0m[90m | [0mResolving deltas:  17% (651/3829)[35m[catppuccin] [0m[36m     clone[0m[90m | [0mResolving deltas:  18% (690/3829)[35m[catppuccin] [0m[36m     clone[0m[90m | [0mResolving deltas:  19% (728/3829)[35m[catppuccin] [0m[36m     clone[0m[90m | [0mResolving deltas:  20% (766/3829)[35m[catppuccin] [0m[36m     clone[0m[90m | [0mResolving deltas:  21% (805/3829)[35m[catppuccin] [0m[36m     clone[0m[90m | [0mResolving deltas:  22% (843/3829)[35m[legendary.nvim] [0m[36m clone[0m[90m | [0mReceiving objects:  92% (3071/3337), 476.00 KiB | 438.00 KiB/s[35m[LuaSnip] [0m[36m        clone[0m[90m | [0mremote: Total 10973 (delta 252), reused 219 (delta 219), pack-reused 10671 (from 3)        
[35m[LuaSnip] [0m[36m        clone[0m[90m | [0mReceiving objects: 100% (10973/10973), 1.13 MiB | 637.00 KiB/s[35m[LuaSnip] [0m[36m        clone[0m[90m | [0mReceiving objects: 100% (10973/10973), 1.24 MiB | 684.00 KiB/s, done.
[35m[LuaSnip] [0m[36m        clone[0m[90m | [0mResolving deltas:   0% (0/5318)[35m[catppuccin] [0m[36m     clone[0m[90m | [0mResolving deltas:  23% (881/3829)[35m[catppuccin] [0m[36m     clone[0m[90m | [0mResolving deltas:  24% (919/3829)[35m[catppuccin] [0m[36m     clone[0m[90m | [0mResolving deltas:  25% (958/3829)[35m[catppuccin] [0m[36m     clone[0m[90m | [0mResolving deltas:  26% (996/3829)[35m[catppuccin] [0m[36m     clone[0m[90m | [0mResolving deltas:  27% (1034/3829)[35m[nvim-treesitter] [0m[36mclone[0m[90m | [0mReceiving objects:  12% (3216/26746), 1004.01 KiB | 943.00 KiB/s[35m[catppuccin] [0m[36m     clone[0m[90m | [0mResolving deltas:  28% (1073/3829)[35m[catppuccin] [0m[36m     clone[0m[90m | [0mResolving deltas:  29% (1111/3829)[35m[catppuccin] [0m[36m     clone[0m[90m | [0mResolving deltas:  30% (1150/3829)[35m[LuaSnip] [0m[36m        clone[0m[90m | [0mResolving deltas:   1% (54/5318)[35m[LuaSnip] [0m[36m        clone[0m[90m | [0mResolving deltas:   2% (107/5318)[35m[catppuccin] [0m[36m     clone[0m[90m | [0mResolving deltas:  31% (1187/3829)[35m[catppuccin] [0m[36m     clone[0m[90m | [0mResolving deltas:  32% (1226/3829)[35m[catppuccin] [0m[36m     clone[0m[90m | [0mResolving deltas:  33% (1264/3829)[35m[catppuccin] [0m[36m     clone[0m[90m | [0mResolving deltas:  34% (1302/3829)[35m[catppuccin] [0m[36m     clone[0m[90m | [0mResolving deltas:  35% (1341/3829)[35m[catppuccin] [0m[36m     clone[0m[90m | [0mResolving deltas:  36% (1380/3829)[35m[catppuccin] [0m[36m     clone[0m[90m | [0mResolving deltas:  37% (1417/3829)[35m[gitsigns.nvim] [0m[36m  clone[0m[90m | [0mremote: Total 6642 (delta 12), reused 11 (delta 7), pack-reused 6614 (from 2)        
[35m[gitsigns.nvim] [0m[36m  clone[0m[90m | [0mReceiving objects: 100% (6642/6642), 532.00 KiB | 516.00 KiB/s[35m[gitsigns.nvim] [0m[36m  clone[0m[90m | [0mReceiving objects: 100% (6642/6642), 832.72 KiB | 562.00 KiB/s, done.
[35m[LuaSnip] [0m[36m        clone[0m[90m | [0mResolving deltas:   3% (160/5318)[35m[LuaSnip] [0m[36m        clone[0m[90m | [0mResolving deltas:   4% (213/5318)[35m[LuaSnip] [0m[36m        clone[0m[90m | [0mResolving deltas:   5% (266/5318)[35m[LuaSnip] [0m[36m        clone[0m[90m | [0mResolving deltas:   6% (320/5318)[35m[LuaSnip] [0m[36m        clone[0m[90m | [0mResolving deltas:   7% (373/5318)[35m[LuaSnip] [0m[36m        clone[0m[90m | [0mResolving deltas:   8% (426/5318)[35m[nvim-treesitter] [0m[36mclone[0m[90m | [0mReceiving objects:  13% (3477/26746), 1004.01 KiB | 943.00 KiB/s[35m[catppuccin] [0m[36m     clone[0m[90m | [0mResolving deltas:  38% (1456/3829)[35m[catppuccin] [0m[36m     clone[0m[90m | [0mResolving deltas:  39% (1494/3829)[35m[catppuccin] [0m[36m     clone[0m[90m | [0mResolving deltas:  40% (1532/3829)[35m[catppuccin] [0m[36m     clone[0m[90m | [0mResolving deltas:  41% (1570/3829)[35m[catppuccin] [0m[36m     clone[0m[90m | [0mResolving deltas:  42% (1609/3829)[35m[catppuccin] [0m[36m     clone[0m[90m | [0mResolving deltas:  43% (1647/3829)[35m[LuaSnip] [0m[36m        clone[0m[90m | [0mResolving deltas:   9% (479/5318)[35m[LuaSnip] [0m[36m        clone[0m[90m | [0mResolving deltas:  10% (532/5318)[35m[LuaSnip] [0m[36m        clone[0m[90m | [0mResolving deltas:  11% (585/5318)[35m[gitsigns.nvim] [0m[36m  clone[0m[90m | [0mResolving deltas:   0% (0/3232)[35m[gitsigns.nvim] [0m[36m  clone[0m[90m | [0mResolving deltas:   1% (33/3232)[35m[gitsigns.nvim] [0m[36m  clone[0m[90m | [0mResolving deltas:   2% (65/3232)[35m[catppuccin] [0m[36m     clone[0m[90m | [0mResolving deltas:  44% (1685/3829)[35m[catppuccin] [0m[36m     clone[0m[90m | [0mResolving deltas:  45% (1724/3829)[35m[catppuccin] [0m[36m     clone[0m[90m | [0mResolving deltas:  46% (1762/3829)[35m[catppuccin] [0m[36m     clone[0m[90m | [0mResolving deltas:  47% (1800/3829)[35m[catppuccin] [0m[36m     clone[0m[90m | [0mResolving deltas:  48% (1838/3829)[35m[catppuccin] [0m[36m     clone[0m[90m | [0mResolving deltas:  49% (1877/3829)[35m[LuaSnip] [0m[36m        clone[0m[90m | [0mResolving deltas:  12% (639/5318)[35m[LuaSnip] [0m[36m        clone[0m[90m | [0mResolving deltas:  13% (692/5318)[35m[LuaSnip] [0m[36m        clone[0m[90m | [0mResolving deltas:  14% (745/5318)[35m[LuaSnip] [0m[36m        clone[0m[90m | [0mResolving deltas:  15% (798/5318)[35m[LuaSnip] [0m[36m        clone[0m[90m | [0mResolving deltas:  16% (851/5318)[35m[gitsigns.nvim] [0m[36m  clone[0m[90m | [0mResolving deltas:   3% (97/3232)[35m[gitsigns.nvim] [0m[36m  clone[0m[90m | [0mResolving deltas:   4% (130/3232)[35m[gitsigns.nvim] [0m[36m  clone[0m[90m | [0mResolving deltas:   5% (162/3232)[35m[legendary.nvim] [0m[36m clone[0m[90m | [0mReceiving objects:  93% (3104/3337), 476.00 KiB | 438.00 KiB/s[35m[legendary.nvim] [0m[36m clone[0m[90m | [0mReceiving objects:  94% (3137/3337), 476.00 KiB | 438.00 KiB/s[35m[catppuccin] [0m[36m     clone[0m[90m | [0mResolving deltas:  50% (1915/3829)[35m[catppuccin] [0m[36m     clone[0m[90m | [0mResolving deltas:  51% (1953/3829)[35m[catppuccin] [0m[36m     clone[0m[90m | [0mResolving deltas:  52% (1992/3829)[35m[catppuccin] [0m[36m     clone[0m[90m | [0mResolving deltas:  53% (2030/3829)[35m[catppuccin] [0m[36m     clone[0m[90m | [0mResolving deltas:  54% (2068/3829)[35m[catppuccin] [0m[36m     clone[0m[90m | [0mResolving deltas:  55% (2107/3829)[35m[catppuccin] [0m[36m     clone[0m[90m | [0mResolving deltas:  56% (2146/3829)[35m[catppuccin] [0m[36m     clone[0m[90m | [0mResolving deltas:  57% (2183/3829)[35m[catppuccin] [0m[36m     clone[0m[90m | [0mResolving deltas:  58% (2221/3829)[35m[catppuccin] [0m[36m     clone[0m[90m | [0mResolving deltas:  59% (2260/3829)[35m[LuaSnip] [0m[36m        clone[0m[90m | [0mResolving deltas:  17% (905/5318)[35m[LuaSnip] [0m[36m        clone[0m[90m | [0mResolving deltas:  18% (958/5318)[35m[LuaSnip] [0m[36m        clone[0m[90m | [0mResolving deltas:  19% (1011/5318)[35m[LuaSnip] [0m[36m        clone[0m[90m | [0mResolving deltas:  20% (1065/5318)[35m[LuaSnip] [0m[36m        clone[0m[90m | [0mResolving deltas:  21% (1117/5318)[35m[gitsigns.nvim] [0m[36m  clone[0m[90m | [0mResolving deltas:   6% (194/3232)[35m[gitsigns.nvim] [0m[36m  clone[0m[90m | [0mResolving deltas:   7% (227/3232)[35m[gitsigns.nvim] [0m[36m  clone[0m[90m | [0mResolving deltas:   8% (260/3232)[35m[gitsigns.nvim] [0m[36m  clone[0m[90m | [0mResolving deltas:   9% (291/3232)[35m[gitsigns.nvim] [0m[36m  clone[0m[90m | [0mResolving deltas:  10% (324/3232)[35m[gitsigns.nvim] [0m[36m  clone[0m[90m | [0mResolving deltas:  11% (356/3232)[35m[legendary.nvim] [0m[36m clone[0m[90m | [0mReceiving objects:  95% (3171/3337), 476.00 KiB | 438.00 KiB/s[35m[legendary.nvim] [0m[36m clone[0m[90m | [0mReceiving objects:  96% (3204/3337), 476.00 KiB | 438.00 KiB/s[35m[legendary.nvim] [0m[36m clone[0m[90m | [0mReceiving objects:  97% (3237/3337), 476.00 KiB | 438.00 KiB/s[35m[legendary.nvim] [0m[36m clone[0m[90m | [0mremote: Total 3337 (delta 209), reused 181 (delta 181), pack-reused 3080 (from 2)        
[35m[legendary.nvim] [0m[36m clone[0m[90m | [0mReceiving objects:  98% (3271/3337), 476.00 KiB | 438.00 KiB/s[35m[legendary.nvim] [0m[36m clone[0m[90m | [0mReceiving objects:  99% (3304/3337), 476.00 KiB | 438.00 KiB/s[35m[legendary.nvim] [0m[36m clone[0m[90m | [0mReceiving objects: 100% (3337/3337), 476.00 KiB | 438.00 KiB/s[35m[catppuccin] [0m[36m     clone[0m[90m | [0mResolving deltas:  60% (2298/3829)[35m[catppuccin] [0m[36m     clone[0m[90m | [0mResolving deltas:  61% (2336/3829)[35m[catppuccin] [0m[36m     clone[0m[90m | [0mResolving deltas:  62% (2375/3829)[35m[catppuccin] [0m[36m     clone[0m[90m | [0mResolving deltas:  63% (2413/3829)[35m[catppuccin] [0m[36m     clone[0m[90m | [0mResolving deltas:  64% (2451/3829)[35m[catppuccin] [0m[36m     clone[0m[90m | [0mResolving deltas:  65% (2489/3829)[35m[catppuccin] [0m[36m     clone[0m[90m | [0mResolving deltas:  66% (2528/3829)[35m[catppuccin] [0m[36m     clone[0m[90m | [0mResolving deltas:  67% (2566/3829)[35m[catppuccin] [0m[36m     clone[0m[90m | [0mResolving deltas:  68% (2604/3829)[35m[LuaSnip] [0m[36m        clone[0m[90m | [0mResolving deltas:  22% (1171/5318)[35m[LuaSnip] [0m[36m        clone[0m[90m | [0mResolving deltas:  23% (1224/5318)[35m[LuaSnip] [0m[36m        clone[0m[90m | [0mResolving deltas:  24% (1277/5318)[35m[gitsigns.nvim] [0m[36m  clone[0m[90m | [0mResolving deltas:  12% (388/3232)[35m[gitsigns.nvim] [0m[36m  clone[0m[90m | [0mResolving deltas:  13% (421/3232)[35m[gitsigns.nvim] [0m[36m  clone[0m[90m | [0mResolving deltas:  14% (453/3232)[35m[gitsigns.nvim] [0m[36m  clone[0m[90m | [0mResolving deltas:  15% (485/3232)[35m[gitsigns.nvim] [0m[36m  clone[0m[90m | [0mResolving deltas:  16% (518/3232)[35m[gitsigns.nvim] [0m[36m  clone[0m[90m | [0mResolving deltas:  17% (550/3232)[35m[gitsigns.nvim] [0m[36m  clone[0m[90m | [0mResolving deltas:  18% (582/3232)[35m[gitsigns.nvim] [0m[36m  clone[0m[90m | [0mResolving deltas:  19% (615/3232)[35m[legendary.nvim] [0m[36m clone[0m[90m | [0mReceiving objects: 100% (3337/3337), 509.76 KiB | 469.00 KiB/s, done.
[35m[kulala.nvim] [0m[36m    clone[0m[90m | [0mReceiving objects:  92% (4099/4437), 284.00 KiB | 472.00 KiB/s[35m[kulala.nvim] [0m[36m    clone[0m[90m | [0mReceiving objects:  93% (4127/4437), 284.00 KiB | 472.00 KiB/s[35m[kulala.nvim] [0m[36m    clone[0m[90m | [0mReceiving objects:  94% (4171/4437), 284.00 KiB | 472.00 KiB/s[35m[kulala.nvim] [0m[36m    clone[0m[90m | [0mReceiving objects:  95% (4216/4437), 284.00 KiB | 472.00 KiB/s[35m[kulala.nvim] [0m[36m    clone[0m[90m | [0mReceiving objects:  96% (4260/4437), 284.00 KiB | 472.00 KiB/s[35m[catppuccin] [0m[36m     clone[0m[90m | [0mResolving deltas:  69% (2643/3829)[35m[catppuccin] [0m[36m     clone[0m[90m | [0mResolving deltas:  70% (2681/3829)[35m[catppuccin] [0m[36m     clone[0m[90m | [0mResolving deltas:  71% (2719/3829)[35m[catppuccin] [0m[36m     clone[0m[90m | [0mResolving deltas:  72% (2757/3829)[35m[catppuccin] [0m[36m     clone[0m[90m | [0mResolving deltas:  73% (2796/3829)[35m[catppuccin] [0m[36m     clone[0m[90m | [0mResolving deltas:  74% (2834/3829)[35m[catppuccin] [0m[36m     clone[0m[90m | [0mResolving deltas:  75% (2872/3829)[35m[catppuccin] [0m[36m     clone[0m[90m | [0mResolving deltas:  76% (2911/3829)[35m[catppuccin] [0m[36m     clone[0m[90m | [0mResolving deltas:  77% (2949/3829)[35m[catppuccin] [0m[36m     clone[0m[90m | [0mResolving deltas:  78% (2989/3829)[35m[LuaSnip] [0m[36m        clone[0m[90m | [0mResolving deltas:  25% (1330/5318)[35m[LuaSnip] [0m[36m        clone[0m[90m | [0mResolving deltas:  26% (1383/5318)[35m[LuaSnip] [0m[36m        clone[0m[90m | [0mResolving deltas:  27% (1436/5318)[35m[LuaSnip] [0m[36m        clone[0m[90m | [0mResolving deltas:  28% (1493/5318)[35m[LuaSnip] [0m[36m        clone[0m[90m | [0mResolving deltas:  29% (1543/5318)[35m[LuaSnip] [0m[36m        clone[0m[90m | [0mResolving deltas:  30% (1596/5318)[35m[LuaSnip] [0m[36m        clone[0m[90m | [0mResolving deltas:  31% (1649/5318)[35m[gitsigns.nvim] [0m[36m  clone[0m[90m | [0mResolving deltas:  20% (647/3232)[35m[gitsigns.nvim] [0m[36m  clone[0m[90m | [0mResolving deltas:  21% (679/3232)[35m[gitsigns.nvim] [0m[36m  clone[0m[90m | [0mResolving deltas:  22% (712/3232)[35m[gitsigns.nvim] [0m[36m  clone[0m[90m | [0mResolving deltas:  23% (744/3232)[35m[gitsigns.nvim] [0m[36m  clone[0m[90m | [0mResolving deltas:  24% (776/3232)[35m[gitsigns.nvim] [0m[36m  clone[0m[90m | [0mResolving deltas:  25% (808/3232)[35m[gitsigns.nvim] [0m[36m  clone[0m[90m | [0mResolving deltas:  26% (841/3232)[35m[gitsigns.nvim] [0m[36m  clone[0m[90m | [0mResolving deltas:  27% (873/3232)[35m[gitsigns.nvim] [0m[36m  clone[0m[90m | [0mResolving deltas:  28% (906/3232)[35m[gitsigns.nvim] [0m[36m  clone[0m[90m | [0mResolving deltas:  29% (939/3232)[35m[kulala.nvim] [0m[36m    clone[0m[90m | [0mReceiving objects:  97% (4304/4437), 284.00 KiB | 472.00 KiB/s[35m[kulala.nvim] [0m[36m    clone[0m[90m | [0mReceiving objects:  98% (4349/4437), 284.00 KiB | 472.00 KiB/s[35m[catppuccin] [0m[36m     clone[0m[90m | [0mResolving deltas:  79% (3025/3829)[35m[catppuccin] [0m[36m     clone[0m[90m | [0mResolving deltas:  80% (3064/3829)[35m[catppuccin] [0m[36m     clone[0m[90m | [0mResolving deltas:  81% (3102/3829)[35m[catppuccin] [0m[36m     clone[0m[90m | [0mResolving deltas:  82% (3140/3829)[35m[catppuccin] [0m[36m     clone[0m[90m | [0mResolving deltas:  83% (3179/3829)[35m[catppuccin] [0m[36m     clone[0m[90m | [0mResolving deltas:  84% (3217/3829)[35m[catppuccin] [0m[36m     clone[0m[90m | [0mResolving deltas:  85% (3255/3829)[35m[catppuccin] [0m[36m     clone[0m[90m | [0mResolving deltas:  86% (3293/3829)[35m[legendary.nvim] [0m[36m clone[0m[90m | [0mResolving deltas:   0% (0/1562)[35m[legendary.nvim] [0m[36m clone[0m[90m | [0mResolving deltas:   1% (16/1562)[35m[legendary.nvim] [0m[36m clone[0m[90m | [0mResolving deltas:   2% (32/1562)[35m[legendary.nvim] [0m[36m clone[0m[90m | [0mResolving deltas:   3% (47/1562)[35m[legendary.nvim] [0m[36m clone[0m[90m | [0mResolving deltas:   4% (63/1562)[35m[legendary.nvim] [0m[36m clone[0m[90m | [0mResolving deltas:   5% (79/1562)[35m[legendary.nvim] [0m[36m clone[0m[90m | [0mResolving deltas:   6% (94/1562)[35m[LuaSnip] [0m[36m        clone[0m[90m | [0mResolving deltas:  32% (1702/5318)[35m[LuaSnip] [0m[36m        clone[0m[90m | [0mResolving deltas:  33% (1755/5318)[35m[LuaSnip] [0m[36m        clone[0m[90m | [0mResolving deltas:  34% (1810/5318)[35m[LuaSnip] [0m[36m        clone[0m[90m | [0mResolving deltas:  35% (1863/5318)[35m[LuaSnip] [0m[36m        clone[0m[90m | [0mResolving deltas:  36% (1915/5318)[35m[LuaSnip] [0m[36m        clone[0m[90m | [0mResolving deltas:  37% (1968/5318)[35m[LuaSnip] [0m[36m        clone[0m[90m | [0mResolving deltas:  38% (2021/5318)[35m[gitsigns.nvim] [0m[36m  clone[0m[90m | [0mResolving deltas:  30% (970/3232)[35m[gitsigns.nvim] [0m[36m  clone[0m[90m | [0mResolving deltas:  31% (1002/3232)[35m[gitsigns.nvim] [0m[36m  clone[0m[90m | [0mResolving deltas:  32% (1035/3232)[35m[gitsigns.nvim] [0m[36m  clone[0m[90m | [0mResolving deltas:  33% (1067/3232)[35m[gitsigns.nvim] [0m[36m  clone[0m[90m | [0mResolving deltas:  34% (1099/3232)[35m[gitsigns.nvim] [0m[36m  clone[0m[90m | [0mResolving deltas:  35% (1132/3232)[35m[gitsigns.nvim] [0m[36m  clone[0m[90m | [0mResolving deltas:  36% (1164/3232)[35m[gitsigns.nvim] [0m[36m  clone[0m[90m | [0mResolving deltas:  37% (1196/3232)[35m[gitsigns.nvim] [0m[36m  clone[0m[90m | [0mResolving deltas:  38% (1229/3232)[35m[catppuccin] [0m[36m     clone[0m[90m | [0mResolving deltas:  87% (3332/3829)[35m[catppuccin] [0m[36m     clone[0m[90m | [0mResolving deltas:  88% (3370/3829)[35m[catppuccin] [0m[36m     clone[0m[90m | [0mResolving deltas:  89% (3408/3829)[35m[catppuccin] [0m[36m     clone[0m[90m | [0mResolving deltas:  90% (3447/3829)[35m[catppuccin] [0m[36m     clone[0m[90m | [0mResolving deltas:  91% (3485/3829)[35m[catppuccin] [0m[36m     clone[0m[90m | [0mResolving deltas:  92% (3524/3829)[35m[catppuccin] [0m[36m     clone[0m[90m | [0mResolving deltas:  93% (3561/3829)[35m[catppuccin] [0m[36m     clone[0m[90m | [0mResolving deltas:  94% (3600/3829)[35m[legendary.nvim] [0m[36m clone[0m[90m | [0mResolving deltas:   7% (110/1562)[35m[legendary.nvim] [0m[36m clone[0m[90m | [0mResolving deltas:   8% (125/1562)[35m[legendary.nvim] [0m[36m clone[0m[90m | [0mResolving deltas:   9% (141/1562)[35m[LuaSnip] [0m[36m        clone[0m[90m | [0mResolving deltas:  39% (2075/5318)[35m[LuaSnip] [0m[36m        clone[0m[90m | [0mResolving deltas:  40% (2129/5318)[35m[LuaSnip] [0m[36m        clone[0m[90m | [0mResolving deltas:  41% (2181/5318)[35m[LuaSnip] [0m[36m        clone[0m[90m | [0mResolving deltas:  42% (2237/5318)[35m[LuaSnip] [0m[36m        clone[0m[90m | [0mResolving deltas:  43% (2288/5318)[35m[LuaSnip] [0m[36m        clone[0m[90m | [0mResolving deltas:  44% (2340/5318)[35m[gitsigns.nvim] [0m[36m  clone[0m[90m | [0mResolving deltas:  39% (1261/3232)[35m[gitsigns.nvim] [0m[36m  clone[0m[90m | [0mResolving deltas:  40% (1293/3232)[35m[gitsigns.nvim] [0m[36m  clone[0m[90m | [0mResolving deltas:  41% (1326/3232)[35m[gitsigns.nvim] [0m[36m  clone[0m[90m | [0mResolving deltas:  42% (1358/3232)[35m[gitsigns.nvim] [0m[36m  clone[0m[90m | [0mResolving deltas:  43% (1390/3232)[35m[gitsigns.nvim] [0m[36m  clone[0m[90m | [0mResolving deltas:  44% (1423/3232)[35m[gitsigns.nvim] [0m[36m  clone[0m[90m | [0mResolving deltas:  45% (1456/3232)[35m[gitsigns.nvim] [0m[36m  clone[0m[90m | [0mResolving deltas:  46% (1487/3232)[35m[gitsigns.nvim] [0m[36m  clone[0m[90m | [0mResolving deltas:  47% (1520/3232)[35m[nvim-treesitter] [0m[36mclone[0m[90m | [0mReceiving objects:  14% (3745/26746), 1004.01 KiB | 943.00 KiB/s[35m[catppuccin] [0m[36m     clone[0m[90m | [0mResolving deltas:  95% (3638/3829)[35m[catppuccin] [0m[36m     clone[0m[90m | [0mResolving deltas:  96% (3676/3829)[35m[catppuccin] [0m[36m     clone[0m[90m | [0mResolving deltas:  97% (3715/3829)[35m[catppuccin] [0m[36m     clone[0m[90m | [0mResolving deltas:  98% (3753/3829)[35m[catppuccin] [0m[36m     clone[0m[90m | [0mResolving deltas:  99% (3791/3829)[35m[catppuccin] [0m[36m     clone[0m[90m | [0mResolving deltas: 100% (3829/3829)[35m[catppuccin] [0m[36m     clone[0m[90m | [0mResolving deltas: 100% (3829/3829), done.
[35m[LuaSnip] [0m[36m        clone[0m[90m | [0mResolving deltas:  45% (2394/5318)[35m[LuaSnip] [0m[36m        clone[0m[90m | [0mResolving deltas:  46% (2448/5318)[35m[LuaSnip] [0m[36m        clone[0m[90m | [0mResolving deltas:  47% (2500/5318)[35m[LuaSnip] [0m[36m        clone[0m[90m | [0mResolving deltas:  48% (2553/5318)[35m[LuaSnip] [0m[36m        clone[0m[90m | [0mResolving deltas:  49% (2607/5318)[35m[LuaSnip] [0m[36m        clone[0m[90m | [0mResolving deltas:  50% (2659/5318)[35m[legendary.nvim] [0m[36m clone[0m[90m | [0mResolving deltas:  10% (157/1562)[35m[legendary.nvim] [0m[36m clone[0m[90m | [0mResolving deltas:  11% (172/1562)[35m[legendary.nvim] [0m[36m clone[0m[90m | [0mResolving deltas:  12% (188/1562)[35m[legendary.nvim] [0m[36m clone[0m[90m | [0mResolving deltas:  13% (204/1562)[35m[legendary.nvim] [0m[36m clone[0m[90m | [0mResolving deltas:  14% (219/1562)[35m[legendary.nvim] [0m[36m clone[0m[90m | [0mResolving deltas:  15% (235/1562)[35m[legendary.nvim] [0m[36m clone[0m[90m | [0mResolving deltas:  16% (250/1562)[35m[legendary.nvim] [0m[36m clone[0m[90m | [0mResolving deltas:  17% (266/1562)[35m[gitsigns.nvim] [0m[36m  clone[0m[90m | [0mResolving deltas:  48% (1552/3232)[35m[gitsigns.nvim] [0m[36m  clone[0m[90m | [0mResolving deltas:  49% (1584/3232)[35m[gitsigns.nvim] [0m[36m  clone[0m[90m | [0mResolving deltas:  50% (1616/3232)[35m[gitsigns.nvim] [0m[36m  clone[0m[90m | [0mResolving deltas:  51% (1649/3232)[35m[gitsigns.nvim] [0m[36m  clone[0m[90m | [0mResolving deltas:  52% (1681/3232)[35m[gitsigns.nvim] [0m[36m  clone[0m[90m | [0mResolving deltas:  53% (1713/3232)[35m[gitsigns.nvim] [0m[36m  clone[0m[90m | [0mResolving deltas:  54% (1748/3232)[35m[gitsigns.nvim] [0m[36m  clone[0m[90m | [0mResolving deltas:  55% (1778/3232)[35m[gitsigns.nvim] [0m[36m  clone[0m[90m | [0mResolving deltas:  56% (1810/3232)[35m[gitsigns.nvim] [0m[36m  clone[0m[90m | [0mResolving deltas:  57% (1843/3232)[35m[nvim-cmp] [0m[36m       clone[0m[90m | [0mReceiving objects:  81% (3258/4022), 412.00 KiB | 388.00 KiB/s[35m[nvim-cmp] [0m[36m       clone[0m[90m | [0mReceiving objects:  82% (3299/4022), 412.00 KiB | 388.00 KiB/s[35m[nvim-cmp] [0m[36m       clone[0m[90m | [0mReceiving objects:  83% (3339/4022), 412.00 KiB | 388.00 KiB/s[35m[nvim-lspconfig] [0m[36m clone[0m[90m | [0mReceiving objects:   6% (929/15482), 604.00 KiB | 578.00 KiB/s[35m[LuaSnip] [0m[36m        clone[0m[90m | [0mResolving deltas:  51% (2713/5318)[35m[LuaSnip] [0m[36m        clone[0m[90m | [0mResolving deltas:  52% (2766/5318)[35m[LuaSnip] [0m[36m        clone[0m[90m | [0mResolving deltas:  53% (2819/5318)[35m[LuaSnip] [0m[36m        clone[0m[90m | [0mResolving deltas:  54% (2873/5318)[35m[LuaSnip] [0m[36m        clone[0m[90m | [0mResolving deltas:  55% (2925/5318)[35m[LuaSnip] [0m[36m        clone[0m[90m | [0mResolving deltas:  56% (2980/5318)[35m[LuaSnip] [0m[36m        clone[0m[90m | [0mResolving deltas:  57% (3032/5318)[35m[LuaSnip] [0m[36m        clone[0m[90m | [0mResolving deltas:  58% (3085/5318)[35m[legendary.nvim] [0m[36m clone[0m[90m | [0mResolving deltas:  18% (282/1562)[35m[legendary.nvim] [0m[36m clone[0m[90m | [0mResolving deltas:  19% (297/1562)[35m[legendary.nvim] [0m[36m clone[0m[90m | [0mResolving deltas:  20% (313/1562)[35m[legendary.nvim] [0m[36m clone[0m[90m | [0mResolving deltas:  21% (329/1562)[35m[legendary.nvim] [0m[36m clone[0m[90m | [0mResolving deltas:  22% (344/1562)[35m[legendary.nvim] [0m[36m clone[0m[90m | [0mResolving deltas:  23% (360/1562)[35m[legendary.nvim] [0m[36m clone[0m[90m | [0mResolving deltas:  24% (375/1562)[35m[legendary.nvim] [0m[36m clone[0m[90m | [0mResolving deltas:  25% (391/1562)[35m[legendary.nvim] [0m[36m clone[0m[90m | [0mResolving deltas:  26% (407/1562)[35m[legendary.nvim] [0m[36m clone[0m[90m | [0mResolving deltas:  27% (422/1562)[35m[legendary.nvim] [0m[36m clone[0m[90m | [0mResolving deltas:  28% (438/1562)[35m[legendary.nvim] [0m[36m clone[0m[90m | [0mResolving deltas:  29% (453/1562)[35m[legendary.nvim] [0m[36m clone[0m[90m | [0mResolving deltas:  30% (469/1562)[35m[gitsigns.nvim] [0m[36m  clone[0m[90m | [0mResolving deltas:  58% (1875/3232)[35m[gitsigns.nvim] [0m[36m  clone[0m[90m | [0mResolving deltas:  59% (1907/3232)[35m[gitsigns.nvim] [0m[36m  clone[0m[90m | [0mResolving deltas:  60% (1940/3232)[35m[gitsigns.nvim] [0m[36m  clone[0m[90m | [0mResolving deltas:  61% (1972/3232)[35m[gitsigns.nvim] [0m[36m  clone[0m[90m | [0mResolving deltas:  62% (2004/3232)[35m[gitsigns.nvim] [0m[36m  clone[0m[90m | [0mResolving deltas:  63% (2037/3232)[35m[gitsigns.nvim] [0m[36m  clone[0m[90m | [0mResolving deltas:  64% (2071/3232)[35m[gitsigns.nvim] [0m[36m  clone[0m[90m | [0mResolving deltas:  65% (2101/3232)[35m[gitsigns.nvim] [0m[36m  clone[0m[90m | [0mResolving deltas:  66% (2134/3232)[35m[gitsigns.nvim] [0m[36m  clone[0m[90m | [0mResolving deltas:  67% (2166/3232)[35m[gitsigns.nvim] [0m[36m  clone[0m[90m | [0mResolving deltas:  68% (2198/3232)[35m[gitsigns.nvim] [0m[36m  clone[0m[90m | [0mResolving deltas:  69% (2231/3232)[35m[LuaSnip] [0m[36m        clone[0m[90m | [0mResolving deltas:  59% (3138/5318)[35m[LuaSnip] [0m[36m        clone[0m[90m | [0mResolving deltas:  60% (3192/5318)[35m[LuaSnip] [0m[36m        clone[0m[90m | [0mResolving deltas:  61% (3245/5318)[35m[LuaSnip] [0m[36m        clone[0m[90m | [0mResolving deltas:  62% (3299/5318)[35m[LuaSnip] [0m[36m        clone[0m[90m | [0mResolving deltas:  63% (3351/5318)[35m[LuaSnip] [0m[36m        clone[0m[90m | [0mResolving deltas:  64% (3405/5318)[35m[legendary.nvim] [0m[36m clone[0m[90m | [0mResolving deltas:  31% (485/1562)[35m[legendary.nvim] [0m[36m clone[0m[90m | [0mResolving deltas:  32% (500/1562)[35m[legendary.nvim] [0m[36m clone[0m[90m | [0mResolving deltas:  33% (516/1562)[35m[legendary.nvim] [0m[36m clone[0m[90m | [0mResolving deltas:  34% (532/1562)[35m[legendary.nvim] [0m[36m clone[0m[90m | [0mResolving deltas:  35% (547/1562)[35m[legendary.nvim] [0m[36m clone[0m[90m | [0mResolving deltas:  36% (563/1562)[35m[legendary.nvim] [0m[36m clone[0m[90m | [0mResolving deltas:  37% (578/1562)[35m[legendary.nvim] [0m[36m clone[0m[90m | [0mResolving deltas:  38% (594/1562)[35m[legendary.nvim] [0m[36m clone[0m[90m | [0mResolving deltas:  39% (611/1562)[35m[gitsigns.nvim] [0m[36m  clone[0m[90m | [0mResolving deltas:  70% (2263/3232)[35m[gitsigns.nvim] [0m[36m  clone[0m[90m | [0mResolving deltas:  71% (2295/3232)[35m[gitsigns.nvim] [0m[36m  clone[0m[90m | [0mResolving deltas:  72% (2329/3232)[35m[gitsigns.nvim] [0m[36m  clone[0m[90m | [0mResolving deltas:  73% (2361/3232)[35m[gitsigns.nvim] [0m[36m  clone[0m[90m | [0mResolving deltas:  74% (2392/3232)[35m[gitsigns.nvim] [0m[36m  clone[0m[90m | [0mResolving deltas:  75% (2424/3232)[35m[gitsigns.nvim] [0m[36m  clone[0m[90m | [0mResolving deltas:  76% (2457/3232)[35m[gitsigns.nvim] [0m[36m  clone[0m[90m | [0mResolving deltas:  77% (2489/3232)[35m[gitsigns.nvim] [0m[36m  clone[0m[90m | [0mResolving deltas:  78% (2521/3232)[35m[LuaSnip] [0m[36m        clone[0m[90m | [0mResolving deltas:  65% (3458/5318)[35m[LuaSnip] [0m[36m        clone[0m[90m | [0mResolving deltas:  66% (3510/5318)[35m[fzf-lua] [0m[36m        clone[0m[90m | [0mReceiving objects:  23% (2835/12324), 372.00 KiB | 293.00 KiB/s[35m[fzf-lua] [0m[36m        clone[0m[90m | [0mReceiving objects:  24% (2958/12324), 372.00 KiB | 293.00 KiB/s[35m[fzf-lua] [0m[36m        clone[0m[90m | [0mReceiving objects:  25% (3081/12324), 372.00 KiB | 293.00 KiB/s[35m[kulala.nvim] [0m[36m    clone[0m[90m | [0mReceiving objects:  99% (4393/4437), 284.00 KiB | 472.00 KiB/s[35m[kulala.nvim] [0m[36m    clone[0m[90m | [0mremote: Total 4437 (delta 0), reused 5 (delta 0), pack-reused 4356 (from 4)        
[35m[kulala.nvim] [0m[36m    clone[0m[90m | [0mReceiving objects: 100% (4437/4437), 284.00 KiB | 472.00 KiB/s[35m[kulala.nvim] [0m[36m    clone[0m[90m | [0mReceiving objects: 100% (4437/4437), 870.95 KiB | 808.00 KiB/s, done.
[35m[kulala.nvim] [0m[36m    clone[0m[90m | [0mResolving deltas:   0% (0/2159)[35m[kulala.nvim] [0m[36m    clone[0m[90m | [0mResolving deltas:   1% (22/2159)[35m[kulala.nvim] [0m[36m    clone[0m[90m | [0mResolving deltas:   2% (44/2159)[35m[kulala.nvim] [0m[36m    clone[0m[90m | [0mResolving deltas:   3% (65/2159)[35m[kulala.nvim] [0m[36m    clone[0m[90m | [0mResolving deltas:   4% (87/2159)[35m[kulala.nvim] [0m[36m    clone[0m[90m | [0mResolving deltas:   5% (108/2159)[35m[kulala.nvim] [0m[36m    clone[0m[90m | [0mResolving deltas:   6% (130/2159)[35m[kulala.nvim] [0m[36m    clone[0m[90m | [0mResolving deltas:   7% (152/2159)[35m[kulala.nvim] [0m[36m    clone[0m[90m | [0mResolving deltas:   8% (174/2159)[35m[kulala.nvim] [0m[36m    clone[0m[90m | [0mResolving deltas:   9% (195/2159)[35m[legendary.nvim] [0m[36m clone[0m[90m | [0mResolving deltas:  40% (625/1562)[35m[legendary.nvim] [0m[36m clone[0m[90m | [0mResolving deltas:  41% (641/1562)[35m[legendary.nvim] [0m[36m clone[0m[90m | [0mResolving deltas:  42% (657/1562)[35m[legendary.nvim] [0m[36m clone[0m[90m | [0mResolving deltas:  43% (672/1562)[35m[legendary.nvim] [0m[36m clone[0m[90m | [0mResolving deltas:  44% (688/1562)[35m[legendary.nvim] [0m[36m clone[0m[90m | [0mResolving deltas:  45% (703/1562)[35m[legendary.nvim] [0m[36m clone[0m[90m | [0mResolving deltas:  46% (719/1562)[35m[legendary.nvim] [0m[36m clone[0m[90m | [0mResolving deltas:  47% (735/1562)[35m[legendary.nvim] [0m[36m clone[0m[90m | [0mResolving deltas:  48% (750/1562)[35m[legendary.nvim] [0m[36m clone[0m[90m | [0mResolving deltas:  49% (766/1562)[35m[legendary.nvim] [0m[36m clone[0m[90m | [0mResolving deltas:  50% (781/1562)[35m[legendary.nvim] [0m[36m clone[0m[90m | [0mResolving deltas:  51% (797/1562)[35m[legendary.nvim] [0m[36m clone[0m[90m | [0mResolving deltas:  52% (813/1562)[35m[legendary.nvim] [0m[36m clone[0m[90m | [0mResolving deltas:  53% (829/1562)[35m[legendary.nvim] [0m[36m clone[0m[90m | [0mResolving deltas:  54% (844/1562)[35m[legendary.nvim] [0m[36m clone[0m[90m | [0mResolving deltas:  55% (860/1562)[35m[legendary.nvim] [0m[36m clone[0m[90m | [0mResolving deltas:  56% (875/1562)[35m[legendary.nvim] [0m[36m clone[0m[90m | [0mResolving deltas:  57% (891/1562)[35m[legendary.nvim] [0m[36m clone[0m[90m | [0mResolving deltas:  58% (906/1562)[35m[legendary.nvim] [0m[36m clone[0m[90m | [0mResolving deltas:  59% (922/1562)[35m[legendary.nvim] [0m[36m clone[0m[90m | [0mResolving deltas:  60% (938/1562)[35m[legendary.nvim] [0m[36m clone[0m[90m | [0mResolving deltas:  61% (953/1562)[35m[legendary.nvim] [0m[36m clone[0m[90m | [0mResolving deltas:  62% (969/1562)[35m[legendary.nvim] [0m[36m clone[0m[90m | [0mResolving deltas:  63% (985/1562)[35m[legendary.nvim] [0m[36m clone[0m[90m | [0mResolving deltas:  64% (1000/1562)[35m[legendary.nvim] [0m[36m clone[0m[90m | [0mResolving deltas:  65% (1016/1562)[35m[legendary.nvim] [0m[36m clone[0m[90m | [0mResolving deltas:  66% (1031/1562)[35m[legendary.nvim] [0m[36m clone[0m[90m | [0mResolving deltas:  67% (1047/1562)[35m[legendary.nvim] [0m[36m clone[0m[90m | [0mResolving deltas:  68% (1063/1562)[35m[legendary.nvim] [0m[36m clone[0m[90m | [0mResolving deltas:  69% (1078/1562)[35m[legendary.nvim] [0m[36m clone[0m[90m | [0mResolving deltas:  70% (1094/1562)[35m[legendary.nvim] [0m[36m clone[0m[90m | [0mResolving deltas:  71% (1110/1562)[35m[legendary.nvim] [0m[36m clone[0m[90m | [0mResolving deltas:  72% (1125/1562)[35m[legendary.nvim] [0m[36m clone[0m[90m | [0mResolving deltas:  73% (1141/1562)[35m[legendary.nvim] [0m[36m clone[0m[90m | [0mResolving deltas:  74% (1156/1562)[35m[legendary.nvim] [0m[36m clone[0m[90m | [0mResolving deltas:  75% (1172/1562)[35m[legendary.nvim] [0m[36m clone[0m[90m | [0mResolving deltas:  76% (1188/1562)[35m[legendary.nvim] [0m[36m clone[0m[90m | [0mResolving deltas:  77% (1203/1562)[35m[legendary.nvim] [0m[36m clone[0m[90m | [0mResolving deltas:  78% (1219/1562)[35m[legendary.nvim] [0m[36m clone[0m[90m | [0mResolving deltas:  79% (1235/1562)[35m[legendary.nvim] [0m[36m clone[0m[90m | [0mResolving deltas:  80% (1250/1562)[35m[legendary.nvim] [0m[36m clone[0m[90m | [0mResolving deltas:  81% (1267/1562)[35m[legendary.nvim] [0m[36m clone[0m[90m | [0mResolving deltas:  82% (1281/1562)[35m[legendary.nvim] [0m[36m clone[0m[90m | [0mResolving deltas:  83% (1298/1562)[35m[legendary.nvim] [0m[36m clone[0m[90m | [0mResolving deltas:  84% (1313/1562)[35m[legendary.nvim] [0m[36m clone[0m[90m | [0mResolving deltas:  85% (1328/1562)[35m[legendary.nvim] [0m[36m clone[0m[90m | [0mResolving deltas:  86% (1344/1562)[35m[legendary.nvim] [0m[36m clone[0m[90m | [0mResolving deltas:  87% (1359/1562)[35m[legendary.nvim] [0m[36m clone[0m[90m | [0mResolving deltas:  88% (1375/1562)[35m[legendary.nvim] [0m[36m clone[0m[90m | [0mResolving deltas:  89% (1391/1562)[35m[legendary.nvim] [0m[36m clone[0m[90m | [0mResolving deltas:  90% (1407/1562)[35m[legendary.nvim] [0m[36m clone[0m[90m | [0mResolving deltas:  91% (1423/1562)[35m[legendary.nvim] [0m[36m clone[0m[90m | [0mResolving deltas:  92% (1438/1562)[35m[legendary.nvim] [0m[36m clone[0m[90m | [0mResolving deltas:  93% (1453/1562)[35m[legendary.nvim] [0m[36m clone[0m[90m | [0mResolving deltas:  94% (1470/1562)[35m[legendary.nvim] [0m[36m clone[0m[90m | [0mResolving deltas:  95% (1484/1562)[35m[legendary.nvim] [0m[36m clone[0m[90m | [0mResolving deltas:  96% (1500/1562)[35m[legendary.nvim] [0m[36m clone[0m[90m | [0mResolving deltas:  97% (1516/1562)[35m[legendary.nvim] [0m[36m clone[0m[90m | [0mResolving deltas:  98% (1531/1562)[35m[legendary.nvim] [0m[36m clone[0m[90m | [0mResolving deltas:  99% (1548/1562)[35m[legendary.nvim] [0m[36m clone[0m[90m | [0mResolving deltas: 100% (1562/1562)[35m[gitsigns.nvim] [0m[36m  clone[0m[90m | [0mResolving deltas:  79% (2554/3232)[35m[gitsigns.nvim] [0m[36m  clone[0m[90m | [0mResolving deltas:  80% (2588/3232)[35m[gitsigns.nvim] [0m[36m  clone[0m[90m | [0mResolving deltas:  81% (2618/3232)[35m[gitsigns.nvim] [0m[36m  clone[0m[90m | [0mResolving deltas:  82% (2651/3232)[35m[gitsigns.nvim] [0m[36m  clone[0m[90m | [0mResolving deltas:  83% (2684/3232)[35m[gitsigns.nvim] [0m[36m  clone[0m[90m | [0mResolving deltas:  84% (2715/3232)[35m[gitsigns.nvim] [0m[36m  clone[0m[90m | [0mResolving deltas:  85% (2748/3232)[35m[gitsigns.nvim] [0m[36m  clone[0m[90m | [0mResolving deltas:  86% (2780/3232)[35m[gitsigns.nvim] [0m[36m  clone[0m[90m | [0mResolving deltas:  87% (2813/3232)[35m[gitsigns.nvim] [0m[36m  clone[0m[90m | [0mResolving deltas:  88% (2846/3232)[35m[gitsigns.nvim] [0m[36m  clone[0m[90m | [0mResolving deltas:  89% (2877/3232)[35m[gitsigns.nvim] [0m[36m  clone[0m[90m | [0mResolving deltas:  90% (2909/3232)[35m[gitsigns.nvim] [0m[36m  clone[0m[90m | [0mResolving deltas:  91% (2942/3232)[35m[gitsigns.nvim] [0m[36m  clone[0m[90m | [0mResolving deltas:  92% (2975/3232)[35m[gitsigns.nvim] [0m[36m  clone[0m[90m | [0mResolving deltas:  93% (3006/3232)[35m[gitsigns.nvim] [0m[36m  clone[0m[90m | [0mResolving deltas:  94% (3039/3232)[35m[gitsigns.nvim] [0m[36m  clone[0m[90m | [0mResolving deltas:  95% (3071/3232)[35m[gitsigns.nvim] [0m[36m  clone[0m[90m | [0mResolving deltas:  96% (3103/3232)[35m[gitsigns.nvim] [0m[36m  clone[0m[90m | [0mResolving deltas:  97% (3136/3232)[35m[gitsigns.nvim] [0m[36m  clone[0m[90m | [0mResolving deltas:  98% (3168/3232)[35m[gitsigns.nvim] [0m[36m  clone[0m[90m | [0mResolving deltas:  99% (3200/3232)[35m[gitsigns.nvim] [0m[36m  clone[0m[90m | [0mResolving deltas: 100% (3232/3232)[35m[LuaSnip] [0m[36m        clone[0m[90m | [0mResolving deltas:  67% (3564/5318)[35m[LuaSnip] [0m[36m        clone[0m[90m | [0mResolving deltas:  68% (3617/5318)[35m[LuaSnip] [0m[36m        clone[0m[90m | [0mResolving deltas:  69% (3670/5318)[35m[LuaSnip] [0m[36m        clone[0m[90m | [0mResolving deltas:  70% (3724/5318)[35m[LuaSnip] [0m[36m        clone[0m[90m | [0mResolving deltas:  71% (3776/5318)[35m[LuaSnip] [0m[36m        clone[0m[90m | [0mResolving deltas:  72% (3829/5318)[35m[LuaSnip] [0m[36m        clone[0m[90m | [0mResolving deltas:  73% (3883/5318)[35m[LuaSnip] [0m[36m        clone[0m[90m | [0mResolving deltas:  74% (3936/5318)[35m[LuaSnip] [0m[36m        clone[0m[90m | [0mResolving deltas:  75% (3989/5318)[35m[LuaSnip] [0m[36m        clone[0m[90m | [0mResolving deltas:  76% (4042/5318)[35m[LuaSnip] [0m[36m        clone[0m[90m | [0mResolving deltas:  77% (4095/5318)[35m[LuaSnip] [0m[36m        clone[0m[90m | [0mResolving deltas:  78% (4149/5318)[35m[LuaSnip] [0m[36m        clone[0m[90m | [0mResolving deltas:  79% (4202/5318)[35m[LuaSnip] [0m[36m        clone[0m[90m | [0mResolving deltas:  80% (4255/5318)[35m[LuaSnip] [0m[36m        clone[0m[90m | [0mResolving deltas:  81% (4308/5318)[35m[LuaSnip] [0m[36m        clone[0m[90m | [0mResolving deltas:  82% (4361/5318)[35m[LuaSnip] [0m[36m        clone[0m[90m | [0mResolving deltas:  83% (4414/5318)[35m[LuaSnip] [0m[36m        clone[0m[90m | [0mResolving deltas:  84% (4470/5318)[35m[LuaSnip] [0m[36m        clone[0m[90m | [0mResolving deltas:  85% (4521/5318)[35m[LuaSnip] [0m[36m        clone[0m[90m | [0mResolving deltas:  86% (4574/5318)[35m[LuaSnip] [0m[36m        clone[0m[90m | [0mResolving deltas:  87% (4627/5318)[35m[LuaSnip] [0m[36m        clone[0m[90m | [0mResolving deltas:  88% (4680/5318)[35m[LuaSnip] [0m[36m        clone[0m[90m | [0mResolving deltas:  89% (4734/5318)[35m[LuaSnip] [0m[36m        clone[0m[90m | [0mResolving deltas:  90% (4787/5318)[35m[LuaSnip] [0m[36m        clone[0m[90m | [0mResolving deltas:  91% (4840/5318)[35m[LuaSnip] [0m[36m        clone[0m[90m | [0mResolving deltas:  92% (4894/5318)[35m[LuaSnip] [0m[36m        clone[0m[90m | [0mResolving deltas:  93% (4946/5318)[35m[LuaSnip] [0m[36m        clone[0m[90m | [0mResolving deltas:  94% (4999/5318)[35m[LuaSnip] [0m[36m        clone[0m[90m | [0mResolving deltas:  95% (5054/5318)[35m[LuaSnip] [0m[36m        clone[0m[90m | [0mResolving deltas:  96% (5106/5318)[35m[LuaSnip] [0m[36m        clone[0m[90m | [0mResolving deltas:  97% (5159/5318)[35m[LuaSnip] [0m[36m        clone[0m[90m | [0mResolving deltas:  98% (5213/5318)[35m[LuaSnip] [0m[36m        clone[0m[90m | [0mResolving deltas:  99% (5266/5318)[35m[LuaSnip] [0m[36m        clone[0m[90m | [0mResolving deltas: 100% (5318/5318)[35m[LuaSnip] [0m[36m        clone[0m[90m | [0mResolving deltas: 100% (5318/5318), done.
[35m[nvim-cmp] [0m[36m       clone[0m[90m | [0mReceiving objects:  84% (3379/4022), 412.00 KiB | 388.00 KiB/s[35m[nvim-cmp] [0m[36m       clone[0m[90m | [0mReceiving objects:  85% (3419/4022), 412.00 KiB | 388.00 KiB/s[35m[kulala.nvim] [0m[36m    clone[0m[90m | [0mResolving deltas:  10% (216/2159)[35m[kulala.nvim] [0m[36m    clone[0m[90m | [0mResolving deltas:  11% (238/2159)[35m[kulala.nvim] [0m[36m    clone[0m[90m | [0mResolving deltas:  12% (260/2159)[35m[kulala.nvim] [0m[36m    clone[0m[90m | [0mResolving deltas:  13% (281/2159)[35m[kulala.nvim] [0m[36m    clone[0m[90m | [0mResolving deltas:  14% (305/2159)[35m[kulala.nvim] [0m[36m    clone[0m[90m | [0mResolving deltas:  15% (324/2159)[35m[kulala.nvim] [0m[36m    clone[0m[90m | [0mResolving deltas:  16% (346/2159)[35m[kulala.nvim] [0m[36m    clone[0m[90m | [0mResolving deltas:  17% (368/2159)[35m[kulala.nvim] [0m[36m    clone[0m[90m | [0mResolving deltas:  18% (389/2159)[35m[kulala.nvim] [0m[36m    clone[0m[90m | [0mResolving deltas:  19% (411/2159)[35m[kulala.nvim] [0m[36m    clone[0m[90m | [0mResolving deltas:  20% (432/2159)[35m[kulala.nvim] [0m[36m    clone[0m[90m | [0mResolving deltas:  21% (454/2159)[35m[kulala.nvim] [0m[36m    clone[0m[90m | [0mResolving deltas:  22% (475/2159)[35m[kulala.nvim] [0m[36m    clone[0m[90m | [0mResolving deltas:  23% (497/2159)[35m[kulala.nvim] [0m[36m    clone[0m[90m | [0mResolving deltas:  24% (519/2159)[35m[kulala.nvim] [0m[36m    clone[0m[90m | [0mResolving deltas:  25% (540/2159)[35m[kulala.nvim] [0m[36m    clone[0m[90m | [0mResolving deltas:  26% (562/2159)[35m[kulala.nvim] [0m[36m    clone[0m[90m | [0mResolving deltas:  27% (583/2159)[35m[kulala.nvim] [0m[36m    clone[0m[90m | [0mResolving deltas:  28% (605/2159)[35m[kulala.nvim] [0m[36m    clone[0m[90m | [0mResolving deltas:  29% (627/2159)[35m[kulala.nvim] [0m[36m    clone[0m[90m | [0mResolving deltas:  30% (648/2159)[35m[kulala.nvim] [0m[36m    clone[0m[90m | [0mResolving deltas:  31% (670/2159)[35m[kulala.nvim] [0m[36m    clone[0m[90m | [0mResolving deltas:  32% (691/2159)[35m[kulala.nvim] [0m[36m    clone[0m[90m | [0mResolving deltas:  33% (714/2159)[35m[kulala.nvim] [0m[36m    clone[0m[90m | [0mResolving deltas:  34% (735/2159)[35m[kulala.nvim] [0m[36m    clone[0m[90m | [0mResolving deltas:  35% (756/2159)[35m[kulala.nvim] [0m[36m    clone[0m[90m | [0mResolving deltas:  36% (778/2159)[35m[kulala.nvim] [0m[36m    clone[0m[90m | [0mResolving deltas:  37% (799/2159)[35m[kulala.nvim] [0m[36m    clone[0m[90m | [0mResolving deltas:  38% (821/2159)[35m[kulala.nvim] [0m[36m    clone[0m[90m | [0mResolving deltas:  39% (843/2159)[35m[kulala.nvim] [0m[36m    clone[0m[90m | [0mResolving deltas:  40% (864/2159)[35m[kulala.nvim] [0m[36m    clone[0m[90m | [0mResolving deltas:  41% (886/2159)[35m[kulala.nvim] [0m[36m    clone[0m[90m | [0mResolving deltas:  42% (907/2159)[35m[kulala.nvim] [0m[36m    clone[0m[90m | [0mResolving deltas:  43% (929/2159)[35m[kulala.nvim] [0m[36m    clone[0m[90m | [0mResolving deltas:  44% (950/2159)[35m[kulala.nvim] [0m[36m    clone[0m[90m | [0mResolving deltas:  45% (972/2159)[35m[kulala.nvim] [0m[36m    clone[0m[90m | [0mResolving deltas:  46% (995/2159)[35m[kulala.nvim] [0m[36m    clone[0m[90m | [0mResolving deltas:  47% (1015/2159)[35m[kulala.nvim] [0m[36m    clone[0m[90m | [0mResolving deltas:  48% (1038/2159)[35m[kulala.nvim] [0m[36m    clone[0m[90m | [0mResolving deltas:  49% (1058/2159)[35m[kulala.nvim] [0m[36m    clone[0m[90m | [0mResolving deltas:  50% (1080/2159)[35m[kulala.nvim] [0m[36m    clone[0m[90m | [0mResolving deltas:  51% (1102/2159)[35m[kulala.nvim] [0m[36m    clone[0m[90m | [0mResolving deltas:  52% (1123/2159)[35m[kulala.nvim] [0m[36m    clone[0m[90m | [0mResolving deltas:  53% (1145/2159)[35m[kulala.nvim] [0m[36m    clone[0m[90m | [0mResolving deltas:  54% (1166/2159)[35m[kulala.nvim] [0m[36m    clone[0m[90m | [0mResolving deltas:  55% (1188/2159)[35m[kulala.nvim] [0m[36m    clone[0m[90m | [0mResolving deltas:  56% (1210/2159)[35m[kulala.nvim] [0m[36m    clone[0m[90m | [0mResolving deltas:  57% (1232/2159)[35m[kulala.nvim] [0m[36m    clone[0m[90m | [0mResolving deltas:  58% (1253/2159)[35m[kulala.nvim] [0m[36m    clone[0m[90m | [0mResolving deltas:  59% (1275/2159)[35m[kulala.nvim] [0m[36m    clone[0m[90m | [0mResolving deltas:  60% (1296/2159)[35m[kulala.nvim] [0m[36m    clone[0m[90m | [0mResolving deltas:  61% (1317/2159)[35m[kulala.nvim] [0m[36m    clone[0m[90m | [0mResolving deltas:  62% (1339/2159)[35m[kulala.nvim] [0m[36m    clone[0m[90m | [0mResolving deltas:  63% (1361/2159)[35m[kulala.nvim] [0m[36m    clone[0m[90m | [0mResolving deltas:  64% (1382/2159)[35m[kulala.nvim] [0m[36m    clone[0m[90m | [0mResolving deltas:  65% (1405/2159)[35m[kulala.nvim] [0m[36m    clone[0m[90m | [0mResolving deltas:  66% (1425/2159)[35m[kulala.nvim] [0m[36m    clone[0m[90m | [0mResolving deltas:  67% (1447/2159)[35m[kulala.nvim] [0m[36m    clone[0m[90m | [0mResolving deltas:  68% (1469/2159)[35m[kulala.nvim] [0m[36m    clone[0m[90m | [0mResolving deltas:  69% (1492/2159)[35m[kulala.nvim] [0m[36m    clone[0m[90m | [0mResolving deltas:  70% (1512/2159)[35m[kulala.nvim] [0m[36m    clone[0m[90m | [0mResolving deltas:  71% (1533/2159)[35m[legendary.nvim] [0m[36m clone[0m[90m | [0mResolving deltas: 100% (1562/1562), done.
[35m[gitsigns.nvim] [0m[36m  clone[0m[90m | [0mResolving deltas: 100% (3232/3232), done.
[35m[kulala.nvim] [0m[36m    clone[0m[90m | [0mResolving deltas:  72% (1555/2159)[35m[kulala.nvim] [0m[36m    clone[0m[90m | [0mResolving deltas:  73% (1577/2159)[35m[kulala.nvim] [0m[36m    clone[0m[90m | [0mResolving deltas:  74% (1598/2159)[35m[kulala.nvim] [0m[36m    clone[0m[90m | [0mResolving deltas:  75% (1621/2159)[35m[kulala.nvim] [0m[36m    clone[0m[90m | [0mResolving deltas:  76% (1641/2159)[35m[kulala.nvim] [0m[36m    clone[0m[90m | [0mResolving deltas:  77% (1663/2159)[35m[kulala.nvim] [0m[36m    clone[0m[90m | [0mResolving deltas:  78% (1685/2159)[35m[kulala.nvim] [0m[36m    clone[0m[90m | [0mResolving deltas:  79% (1706/2159)[35m[kulala.nvim] [0m[36m    clone[0m[90m | [0mResolving deltas:  80% (1728/2159)[35m[kulala.nvim] [0m[36m    clone[0m[90m | [0mResolving deltas:  81% (1749/2159)[35m[kulala.nvim] [0m[36m    clone[0m[90m | [0mResolving deltas:  82% (1771/2159)[35m[kulala.nvim] [0m[36m    clone[0m[90m | [0mResolving deltas:  83% (1795/2159)[35m[kulala.nvim] [0m[36m    clone[0m[90m | [0mResolving deltas:  84% (1814/2159)[35m[kulala.nvim] [0m[36m    clone[0m[90m | [0mResolving deltas:  85% (1836/2159)[35m[kulala.nvim] [0m[36m    clone[0m[90m | [0mResolving deltas:  86% (1857/2159)[35m[kulala.nvim] [0m[36m    clone[0m[90m | [0mResolving deltas:  87% (1879/2159)[35m[kulala.nvim] [0m[36m    clone[0m[90m | [0mResolving deltas:  88% (1900/2159)[35m[kulala.nvim] [0m[36m    clone[0m[90m | [0mResolving deltas:  89% (1923/2159)[35m[kulala.nvim] [0m[36m    clone[0m[90m | [0mResolving deltas:  90% (1946/2159)[35m[kulala.nvim] [0m[36m    clone[0m[90m | [0mResolving deltas:  91% (1966/2159)[35m[kulala.nvim] [0m[36m    clone[0m[90m | [0mResolving deltas:  92% (1987/2159)[35m[kulala.nvim] [0m[36m    clone[0m[90m | [0mResolving deltas:  93% (2008/2159)[35m[kulala.nvim] [0m[36m    clone[0m[90m | [0mResolving deltas:  94% (2030/2159)[35m[kulala.nvim] [0m[36m    clone[0m[90m | [0mResolving deltas:  95% (2052/2159)[35m[kulala.nvim] [0m[36m    clone[0m[90m | [0mResolving deltas:  96% (2074/2159)[35m[kulala.nvim] [0m[36m    clone[0m[90m | [0mResolving deltas:  97% (2095/2159)[35m[kulala.nvim] [0m[36m    clone[0m[90m | [0mResolving deltas:  98% (2116/2159)[35m[kulala.nvim] [0m[36m    clone[0m[90m | [0mResolving deltas:  99% (2138/2159)[35m[kulala.nvim] [0m[36m    clone[0m[90m | [0mResolving deltas: 100% (2159/2159)[35m[kulala.nvim] [0m[36m    clone[0m[90m | [0mResolving deltas: 100% (2159/2159), done.
[35m[nvim-treesitter] [0m[36mclone[0m[90m | [0mReceiving objects:  15% (4012/26746), 1004.01 KiB | 943.00 KiB/s[35m[fzf-lua] [0m[36m        clone[0m[90m | [0mReceiving objects:  26% (3205/12324), 372.00 KiB | 293.00 KiB/s[35m[fzf-lua] [0m[36m        clone[0m[90m | [0mReceiving objects:  27% (3328/12324), 372.00 KiB | 293.00 KiB/s[35m[fzf-lua] [0m[36m        clone[0m[90m | [0mReceiving objects:  28% (3451/12324), 372.00 KiB | 293.00 KiB/s[35m[nvim-cmp] [0m[36m       clone[0m[90m | [0mReceiving objects:  86% (3459/4022), 412.00 KiB | 388.00 KiB/s[35m[nvim-cmp] [0m[36m       clone[0m[90m | [0mReceiving objects:  87% (3500/4022), 412.00 KiB | 388.00 KiB/s[35m[nvim-cmp] [0m[36m       clone[0m[90m | [0mReceiving objects:  88% (3540/4022), 412.00 KiB | 388.00 KiB/s[35m[nvim-cmp] [0m[36m       clone[0m[90m | [0mReceiving objects:  89% (3580/4022), 412.00 KiB | 388.00 KiB/s[35m[nvim-cmp] [0m[36m       clone[0m[90m | [0mReceiving objects:  90% (3620/4022), 412.00 KiB | 388.00 KiB/s[35m[nvim-cmp] [0m[36m       clone[0m[90m | [0mReceiving objects:  91% (3661/4022), 412.00 KiB | 388.00 KiB/s[35m[nvim-lspconfig] [0m[36m clone[0m[90m | [0mReceiving objects:   7% (1084/15482), 604.00 KiB | 578.00 KiB/s[35m[nvim-cmp] [0m[36m       clone[0m[90m | [0mReceiving objects:  92% (3701/4022), 412.00 KiB | 388.00 KiB/s[35m[nvim-cmp] [0m[36m       clone[0m[90m | [0mReceiving objects:  93% (3741/4022), 412.00 KiB | 388.00 KiB/s[35m[fzf-lua] [0m[36m        clone[0m[90m | [0mReceiving objects:  29% (3574/12324), 788.00 KiB | 443.00 KiB/s[35m[nvim-cmp] [0m[36m       clone[0m[90m | [0mReceiving objects:  94% (3781/4022), 412.00 KiB | 388.00 KiB/s[35m[nvim-treesitter] [0m[36mclone[0m[90m | [0mReceiving objects:  16% (4280/26746), 1004.01 KiB | 943.00 KiB/s[35m[fzf-lua] [0m[36m        clone[0m[90m | [0mReceiving objects:  30% (3698/12324), 788.00 KiB | 443.00 KiB/s[35m[nvim-cmp] [0m[36m       clone[0m[90m | [0mReceiving objects:  95% (3821/4022), 412.00 KiB | 388.00 KiB/s[35m[nvim-cmp] [0m[36m       clone[0m[90m | [0mReceiving objects:  96% (3862/4022), 412.00 KiB | 388.00 KiB/s[35m[nvim-cmp] [0m[36m       clone[0m[90m | [0mReceiving objects:  97% (3902/4022), 412.00 KiB | 388.00 KiB/s[35m[fzf-lua] [0m[36m        clone[0m[90m | [0mReceiving objects:  31% (3821/12324), 788.00 KiB | 443.00 KiB/s[35m[nvim-cmp] [0m[36m       clone[0m[90m | [0mremote: Total 4022 (delta 835), reused 693 (delta 693), pack-reused 3127 (from 3)        
[35m[nvim-cmp] [0m[36m       clone[0m[90m | [0mReceiving objects:  98% (3942/4022), 412.00 KiB | 388.00 KiB/s[35m[nvim-cmp] [0m[36m       clone[0m[90m | [0mReceiving objects:  99% (3982/4022), 412.00 KiB | 388.00 KiB/s[35m[nvim-cmp] [0m[36m       clone[0m[90m | [0mReceiving objects: 100% (4022/4022), 412.00 KiB | 388.00 KiB/s[35m[nvim-cmp] [0m[36m       clone[0m[90m | [0mReceiving objects: 100% (4022/4022), 509.95 KiB | 416.00 KiB/s, done.
[35m[nvim-cmp] [0m[36m       clone[0m[90m | [0mResolving deltas:   0% (0/2087)[35m[nvim-cmp] [0m[36m       clone[0m[90m | [0mResolving deltas:   1% (21/2087)[35m[nvim-cmp] [0m[36m       clone[0m[90m | [0mResolving deltas:   2% (42/2087)[35m[nvim-treesitter] [0m[36mclone[0m[90m | [0mReceiving objects:  17% (4547/26746), 1004.01 KiB | 943.00 KiB/s[35m[nvim-cmp] [0m[36m       clone[0m[90m | [0mResolving deltas:   3% (63/2087)[35m[nvim-cmp] [0m[36m       clone[0m[90m | [0mResolving deltas:   4% (84/2087)[35m[nvim-cmp] [0m[36m       clone[0m[90m | [0mResolving deltas:   5% (105/2087)[35m[nvim-cmp] [0m[36m       clone[0m[90m | [0mResolving deltas:   6% (126/2087)[35m[nvim-cmp] [0m[36m       clone[0m[90m | [0mResolving deltas:   7% (148/2087)[35m[nvim-cmp] [0m[36m       clone[0m[90m | [0mResolving deltas:   8% (168/2087)[35m[nvim-cmp] [0m[36m       clone[0m[90m | [0mResolving deltas:   9% (188/2087)[35m[nvim-cmp] [0m[36m       clone[0m[90m | [0mResolving deltas:  10% (211/2087)[35m[nvim-cmp] [0m[36m       clone[0m[90m | [0mResolving deltas:  11% (230/2087)[35m[nvim-cmp] [0m[36m       clone[0m[90m | [0mResolving deltas:  12% (251/2087)[35m[nvim-cmp] [0m[36m       clone[0m[90m | [0mResolving deltas:  13% (272/2087)[35m[nvim-cmp] [0m[36m       clone[0m[90m | [0mResolving deltas:  14% (293/2087)[35m[nvim-cmp] [0m[36m       clone[0m[90m | [0mResolving deltas:  15% (314/2087)[35m[nvim-cmp] [0m[36m       clone[0m[90m | [0mResolving deltas:  16% (334/2087)[35m[nvim-cmp] [0m[36m       clone[0m[90m | [0mResolving deltas:  17% (355/2087)[35m[nvim-cmp] [0m[36m       clone[0m[90m | [0mResolving deltas:  18% (376/2087)[35m[nvim-cmp] [0m[36m       clone[0m[90m | [0mResolving deltas:  19% (397/2087)[35m[nvim-cmp] [0m[36m       clone[0m[90m | [0mResolving deltas:  20% (418/2087)[35m[nvim-cmp] [0m[36m       clone[0m[90m | [0mResolving deltas:  21% (439/2087)[35m[nvim-cmp] [0m[36m       clone[0m[90m | [0mResolving deltas:  22% (460/2087)[35m[nvim-cmp] [0m[36m       clone[0m[90m | [0mResolving deltas:  23% (481/2087)[35m[nvim-cmp] [0m[36m       clone[0m[90m | [0mResolving deltas:  24% (502/2087)[35m[nvim-cmp] [0m[36m       clone[0m[90m | [0mResolving deltas:  25% (522/2087)[35m[nvim-cmp] [0m[36m       clone[0m[90m | [0mResolving deltas:  26% (545/2087)[35m[nvim-cmp] [0m[36m       clone[0m[90m | [0mResolving deltas:  27% (564/2087)[35m[nvim-cmp] [0m[36m       clone[0m[90m | [0mResolving deltas:  28% (585/2087)[35m[nvim-cmp] [0m[36m       clone[0m[90m | [0mResolving deltas:  29% (606/2087)[35m[nvim-cmp] [0m[36m       clone[0m[90m | [0mResolving deltas:  30% (627/2087)[35m[nvim-cmp] [0m[36m       clone[0m[90m | [0mResolving deltas:  31% (647/2087)[35m[nvim-cmp] [0m[36m       clone[0m[90m | [0mResolving deltas:  32% (668/2087)[35m[nvim-cmp] [0m[36m       clone[0m[90m | [0mResolving deltas:  33% (689/2087)[35m[nvim-cmp] [0m[36m       clone[0m[90m | [0mResolving deltas:  34% (710/2087)[35m[nvim-cmp] [0m[36m       clone[0m[90m | [0mResolving deltas:  35% (731/2087)[35m[nvim-cmp] [0m[36m       clone[0m[90m | [0mResolving deltas:  36% (752/2087)[35m[nvim-cmp] [0m[36m       clone[0m[90m | [0mResolving deltas:  37% (773/2087)[35m[nvim-cmp] [0m[36m       clone[0m[90m | [0mResolving deltas:  38% (794/2087)[35m[nvim-cmp] [0m[36m       clone[0m[90m | [0mResolving deltas:  39% (814/2087)[35m[nvim-cmp] [0m[36m       clone[0m[90m | [0mResolving deltas:  40% (835/2087)[35m[nvim-cmp] [0m[36m       clone[0m[90m | [0mResolving deltas:  41% (856/2087)[35m[nvim-cmp] [0m[36m       clone[0m[90m | [0mResolving deltas:  42% (877/2087)[35m[nvim-cmp] [0m[36m       clone[0m[90m | [0mResolving deltas:  43% (899/2087)[35m[nvim-treesitter] [0m[36mclone[0m[90m | [0mReceiving objects:  18% (4815/26746), 1004.01 KiB | 943.00 KiB/s[35m[nvim-cmp] [0m[36m       clone[0m[90m | [0mResolving deltas:  44% (920/2087)[35m[nvim-cmp] [0m[36m       clone[0m[90m | [0mResolving deltas:  45% (940/2087)[35m[nvim-cmp] [0m[36m       clone[0m[90m | [0mResolving deltas:  46% (961/2087)[35m[nvim-cmp] [0m[36m       clone[0m[90m | [0mResolving deltas:  47% (983/2087)[35m[nvim-cmp] [0m[36m       clone[0m[90m | [0mResolving deltas:  48% (1003/2087)[35m[nvim-cmp] [0m[36m       clone[0m[90m | [0mResolving deltas:  49% (1023/2087)[35m[nvim-cmp] [0m[36m       clone[0m[90m | [0mResolving deltas:  50% (1044/2087)[35m[nvim-cmp] [0m[36m       clone[0m[90m | [0mResolving deltas:  51% (1065/2087)[35m[nvim-cmp] [0m[36m       clone[0m[90m | [0mResolving deltas:  52% (1086/2087)[35m[nvim-cmp] [0m[36m       clone[0m[90m | [0mResolving deltas:  53% (1107/2087)[35m[nvim-cmp] [0m[36m       clone[0m[90m | [0mResolving deltas:  54% (1127/2087)[35m[fzf-lua] [0m[36m        clone[0m[90m | [0mReceiving objects:  32% (3944/12324), 788.00 KiB | 443.00 KiB/s[35m[nvim-cmp] [0m[36m       clone[0m[90m | [0mResolving deltas:  55% (1148/2087)[35m[nvim-cmp] [0m[36m       clone[0m[90m | [0mResolving deltas:  56% (1169/2087)[35m[nvim-cmp] [0m[36m       clone[0m[90m | [0mResolving deltas:  57% (1190/2087)[35m[nvim-cmp] [0m[36m       clone[0m[90m | [0mResolving deltas:  58% (1211/2087)[35m[nvim-cmp] [0m[36m       clone[0m[90m | [0mResolving deltas:  59% (1232/2087)[35m[nvim-cmp] [0m[36m       clone[0m[90m | [0mResolving deltas:  60% (1253/2087)[35m[fzf-lua] [0m[36m        clone[0m[90m | [0mReceiving objects:  33% (4067/12324), 788.00 KiB | 443.00 KiB/s[35m[nvim-cmp] [0m[36m       clone[0m[90m | [0mResolving deltas:  61% (1274/2087)[35m[nvim-cmp] [0m[36m       clone[0m[90m | [0mResolving deltas:  62% (1294/2087)[35m[nvim-cmp] [0m[36m       clone[0m[90m | [0mResolving deltas:  63% (1317/2087)[35m[nvim-cmp] [0m[36m       clone[0m[90m | [0mResolving deltas:  64% (1336/2087)[35m[nvim-cmp] [0m[36m       clone[0m[90m | [0mResolving deltas:  65% (1357/2087)[35m[nvim-cmp] [0m[36m       clone[0m[90m | [0mResolving deltas:  66% (1378/2087)[35m[nvim-cmp] [0m[36m       clone[0m[90m | [0mResolving deltas:  67% (1399/2087)[35m[nvim-cmp] [0m[36m       clone[0m[90m | [0mResolving deltas:  68% (1420/2087)[35m[nvim-cmp] [0m[36m       clone[0m[90m | [0mResolving deltas:  69% (1441/2087)[35m[nvim-cmp] [0m[36m       clone[0m[90m | [0mResolving deltas:  70% (1465/2087)[35m[nvim-cmp] [0m[36m       clone[0m[90m | [0mResolving deltas:  71% (1482/2087)[35m[nvim-cmp] [0m[36m       clone[0m[90m | [0mResolving deltas:  72% (1504/2087)[35m[nvim-cmp] [0m[36m       clone[0m[90m | [0mResolving deltas:  73% (1524/2087)[35m[nvim-cmp] [0m[36m       clone[0m[90m | [0mResolving deltas:  74% (1545/2087)[35m[nvim-cmp] [0m[36m       clone[0m[90m | [0mResolving deltas:  75% (1566/2087)[35m[nvim-cmp] [0m[36m       clone[0m[90m | [0mResolving deltas:  76% (1587/2087)[35m[nvim-cmp] [0m[36m       clone[0m[90m | [0mResolving deltas:  77% (1609/2087)[35m[nvim-cmp] [0m[36m       clone[0m[90m | [0mResolving deltas:  78% (1628/2087)[35m[nvim-cmp] [0m[36m       clone[0m[90m | [0mResolving deltas:  79% (1649/2087)[35m[nvim-cmp] [0m[36m       clone[0m[90m | [0mResolving deltas:  80% (1670/2087)[35m[nvim-cmp] [0m[36m       clone[0m[90m | [0mResolving deltas:  81% (1692/2087)[35m[nvim-cmp] [0m[36m       clone[0m[90m | [0mResolving deltas:  82% (1712/2087)[35m[nvim-cmp] [0m[36m       clone[0m[90m | [0mResolving deltas:  83% (1734/2087)[35m[nvim-cmp] [0m[36m       clone[0m[90m | [0mResolving deltas:  84% (1755/2087)[35m[nvim-cmp] [0m[36m       clone[0m[90m | [0mResolving deltas:  85% (1777/2087)[35m[nvim-cmp] [0m[36m       clone[0m[90m | [0mResolving deltas:  86% (1795/2087)[35m[nvim-cmp] [0m[36m       clone[0m[90m | [0mResolving deltas:  87% (1817/2087)[35m[nvim-cmp] [0m[36m       clone[0m[90m | [0mResolving deltas:  88% (1837/2087)[35m[nvim-cmp] [0m[36m       clone[0m[90m | [0mResolving deltas:  89% (1859/2087)[35m[nvim-cmp] [0m[36m       clone[0m[90m | [0mResolving deltas:  90% (1880/2087)[35m[fzf-lua] [0m[36m        clone[0m[90m | [0mReceiving objects:  34% (4191/12324), 788.00 KiB | 443.00 KiB/s[35m[nvim-cmp] [0m[36m       clone[0m[90m | [0mResolving deltas:  91% (1900/2087)[35m[nvim-cmp] [0m[36m       clone[0m[90m | [0mResolving deltas:  92% (1921/2087)[35m[nvim-cmp] [0m[36m       clone[0m[90m | [0mResolving deltas:  93% (1941/2087)[35m[nvim-cmp] [0m[36m       clone[0m[90m | [0mResolving deltas:  94% (1962/2087)[35m[nvim-cmp] [0m[36m       clone[0m[90m | [0mResolving deltas:  95% (1983/2087)[35m[nvim-cmp] [0m[36m       clone[0m[90m | [0mResolving deltas:  96% (2004/2087)[35m[nvim-cmp] [0m[36m       clone[0m[90m | [0mResolving deltas:  97% (2025/2087)[35m[nvim-cmp] [0m[36m       clone[0m[90m | [0mResolving deltas:  98% (2046/2087)[35m[nvim-cmp] [0m[36m       clone[0m[90m | [0mResolving deltas:  99% (2068/2087)[35m[nvim-cmp] [0m[36m       clone[0m[90m | [0mResolving deltas: 100% (2087/2087)[35m[fzf-lua] [0m[36m        clone[0m[90m | [0mReceiving objects:  35% (4314/12324), 788.00 KiB | 443.00 KiB/s[35m[nvim-cmp] [0m[36m       clone[0m[90m | [0mResolving deltas: 100% (2087/2087), done.
[35m[nvim-treesitter] [0m[36mclone[0m[90m | [0mReceiving objects:  19% (5082/26746), 1004.01 KiB | 943.00 KiB/s[35m[fzf-lua] [0m[36m        clone[0m[90m | [0mReceiving objects:  36% (4437/12324), 788.00 KiB | 443.00 KiB/s[35m[fzf-lua] [0m[36m        clone[0m[90m | [0mReceiving objects:  37% (4560/12324), 788.00 KiB | 443.00 KiB/s[35m[fzf-lua] [0m[36m        clone[0m[90m | [0mReceiving objects:  38% (4684/12324), 788.00 KiB | 443.00 KiB/s[35m[fzf-lua] [0m[36m        clone[0m[90m | [0mReceiving objects:  39% (4807/12324), 788.00 KiB | 443.00 KiB/s[35m[nvim-lspconfig] [0m[36m clone[0m[90m | [0mReceiving objects:   8% (1239/15482), 604.00 KiB | 578.00 KiB/s[35m[nvim-treesitter] [0m[36mclone[0m[90m | [0mReceiving objects:  20% (5350/26746), 1004.01 KiB | 943.00 KiB/s[35m[fzf-lua] [0m[36m        clone[0m[90m | [0mReceiving objects:  40% (4930/12324), 788.00 KiB | 443.00 KiB/s[35m[fzf-lua] [0m[36m        clone[0m[90m | [0mReceiving objects:  41% (5053/12324), 788.00 KiB | 443.00 KiB/s[35m[fzf-lua] [0m[36m        clone[0m[90m | [0mReceiving objects:  42% (5177/12324), 788.00 KiB | 443.00 KiB/s[35m[fzf-lua] [0m[36m        clone[0m[90m | [0mReceiving objects:  43% (5300/12324), 788.00 KiB | 443.00 KiB/s[35m[nvim-treesitter] [0m[36mclone[0m[90m | [0mReceiving objects:  21% (5617/26746), 1004.01 KiB | 943.00 KiB/s[35m[fzf-lua] [0m[36m        clone[0m[90m | [0mReceiving objects:  44% (5423/12324), 788.00 KiB | 443.00 KiB/s[35m[fzf-lua] [0m[36m        clone[0m[90m | [0mReceiving objects:  45% (5546/12324), 788.00 KiB | 443.00 KiB/s[35m[fzf-lua] [0m[36m        clone[0m[90m | [0mReceiving objects:  46% (5670/12324), 788.00 KiB | 443.00 KiB/s[35m[fzf-lua] [0m[36m        clone[0m[90m | [0mReceiving objects:  47% (5793/12324), 788.00 KiB | 443.00 KiB/s[35m[nvim-treesitter] [0m[36mclone[0m[90m | [0mReceiving objects:  22% (5885/26746), 1004.01 KiB | 943.00 KiB/s[35m[fzf-lua] [0m[36m        clone[0m[90m | [0mReceiving objects:  48% (5916/12324), 788.00 KiB | 443.00 KiB/s[35m[nvim-treesitter] [0m[36mclone[0m[90m | [0mReceiving objects:  23% (6152/26746), 1004.01 KiB | 943.00 KiB/s[35m[nvim-lspconfig] [0m[36m clone[0m[90m | [0mReceiving objects:   9% (1394/15482), 604.00 KiB | 578.00 KiB/s[35m[fzf-lua] [0m[36m        clone[0m[90m | [0mReceiving objects:  49% (6039/12324), 788.00 KiB | 443.00 KiB/s[35m[fzf-lua] [0m[36m        clone[0m[90m | [0mReceiving objects:  50% (6162/12324), 788.00 KiB | 443.00 KiB/s[35m[fzf-lua] [0m[36m        clone[0m[90m | [0mReceiving objects:  51% (6286/12324), 788.00 KiB | 443.00 KiB/s[35m[fzf-lua] [0m[36m        clone[0m[90m | [0mReceiving objects:  52% (6409/12324), 788.00 KiB | 443.00 KiB/s[35m[fzf-lua] [0m[36m        clone[0m[90m | [0mReceiving objects:  53% (6532/12324), 788.00 KiB | 443.00 KiB/s[35m[fzf-lua] [0m[36m        clone[0m[90m | [0mReceiving objects:  54% (6655/12324), 788.00 KiB | 443.00 KiB/s[35m[nvim-lspconfig] [0m[36m clone[0m[90m | [0mReceiving objects:  10% (1549/15482), 604.00 KiB | 578.00 KiB/s[35m[fzf-lua] [0m[36m        clone[0m[90m | [0mReceiving objects:  55% (6779/12324), 788.00 KiB | 443.00 KiB/s[35m[fzf-lua] [0m[36m        clone[0m[90m | [0mReceiving objects:  56% (6902/12324), 788.00 KiB | 443.00 KiB/s[35m[nvim-treesitter] [0m[36mclone[0m[90m | [0mReceiving objects:  24% (6420/26746), 1004.01 KiB | 943.00 KiB/s[35m[fzf-lua] [0m[36m        clone[0m[90m | [0mReceiving objects:  57% (7025/12324), 788.00 KiB | 443.00 KiB/s[35m[nvim-treesitter] [0m[36mclone[0m[90m | [0mReceiving objects:  25% (6687/26746), 1004.01 KiB | 943.00 KiB/s[35m[nvim-treesitter] [0m[36mclone[0m[90m | [0mReceiving objects:  26% (6954/26746), 1004.01 KiB | 943.00 KiB/s[35m[fzf-lua] [0m[36m        clone[0m[90m | [0mReceiving objects:  58% (7148/12324), 788.00 KiB | 443.00 KiB/s[35m[fzf-lua] [0m[36m        clone[0m[90m | [0mReceiving objects:  59% (7272/12324), 788.00 KiB | 443.00 KiB/s[35m[fzf-lua] [0m[36m        clone[0m[90m | [0mReceiving objects:  60% (7395/12324), 788.00 KiB | 443.00 KiB/s[35m[fzf-lua] [0m[36m        clone[0m[90m | [0mReceiving objects:  61% (7518/12324), 788.00 KiB | 443.00 KiB/s[35m[fzf-lua] [0m[36m        clone[0m[90m | [0mReceiving objects:  62% (7641/12324), 788.00 KiB | 443.00 KiB/s[35m[nvim-treesitter] [0m[36mclone[0m[90m | [0mReceiving objects:  27% (7222/26746), 1004.01 KiB | 943.00 KiB/s[35m[nvim-treesitter] [0m[36mclone[0m[90m | [0mReceiving objects:  28% (7489/26746), 1004.01 KiB | 943.00 KiB/s[35m[nvim-treesitter] [0m[36mclone[0m[90m | [0mReceiving objects:  29% (7757/26746), 1004.01 KiB | 943.00 KiB/s[35m[nvim-lspconfig] [0m[36m clone[0m[90m | [0mReceiving objects:  11% (1704/15482), 604.00 KiB | 578.00 KiB/s[35m[fzf-lua] [0m[36m        clone[0m[90m | [0mReceiving objects:  63% (7765/12324), 788.00 KiB | 443.00 KiB/s[35m[fzf-lua] [0m[36m        clone[0m[90m | [0mReceiving objects:  64% (7888/12324), 788.00 KiB | 443.00 KiB/s[35m[fzf-lua] [0m[36m        clone[0m[90m | [0mReceiving objects:  65% (8011/12324), 788.00 KiB | 443.00 KiB/s[35m[fzf-lua] [0m[36m        clone[0m[90m | [0mReceiving objects:  65% (8025/12324), 788.00 KiB | 443.00 KiB/s[35m[fzf-lua] [0m[36m        clone[0m[90m | [0mReceiving objects:  66% (8134/12324), 788.00 KiB | 443.00 KiB/s[35m[nvim-treesitter] [0m[36mclone[0m[90m | [0mReceiving objects:  30% (8024/26746), 1004.01 KiB | 943.00 KiB/s[35m[fzf-lua] [0m[36m        clone[0m[90m | [0mReceiving objects:  67% (8258/12324), 788.00 KiB | 443.00 KiB/s[35m[fzf-lua] [0m[36m        clone[0m[90m | [0mReceiving objects:  68% (8381/12324), 788.00 KiB | 443.00 KiB/s[35m[nvim-treesitter] [0m[36mclone[0m[90m | [0mReceiving objects:  31% (8292/26746), 1004.01 KiB | 943.00 KiB/s[35m[fzf-lua] [0m[36m        clone[0m[90m | [0mReceiving objects:  69% (8504/12324), 788.00 KiB | 443.00 KiB/s[35m[fzf-lua] [0m[36m        clone[0m[90m | [0mReceiving objects:  70% (8627/12324), 788.00 KiB | 443.00 KiB/s[35m[nvim-treesitter] [0m[36mclone[0m[90m | [0mReceiving objects:  32% (8559/26746), 1004.01 KiB | 943.00 KiB/s[35m[fzf-lua] [0m[36m        clone[0m[90m | [0mReceiving objects:  71% (8751/12324), 788.00 KiB | 443.00 KiB/s[35m[nvim-treesitter] [0m[36mclone[0m[90m | [0mReceiving objects:  33% (8827/26746), 1004.01 KiB | 943.00 KiB/s[35m[fzf-lua] [0m[36m        clone[0m[90m | [0mReceiving objects:  72% (8874/12324), 788.00 KiB | 443.00 KiB/s[35m[fzf-lua] [0m[36m        clone[0m[90m | [0mReceiving objects:  73% (8997/12324), 788.00 KiB | 443.00 KiB/s[35m[nvim-treesitter] [0m[36mclone[0m[90m | [0mReceiving objects:  34% (9094/26746), 1004.01 KiB | 943.00 KiB/s[35m[fzf-lua] [0m[36m        clone[0m[90m | [0mReceiving objects:  74% (9120/12324), 788.00 KiB | 443.00 KiB/s[35m[nvim-lspconfig] [0m[36m clone[0m[90m | [0mReceiving objects:  12% (1858/15482), 604.00 KiB | 578.00 KiB/s[35m[cmp-path] [0m[36m       clone[0m[90m | [0mUpdating files:  50% (2/4)[35m[cmp-path] [0m[36m       clone[0m[90m | [0mUpdating files:  75% (3/4)[35m[cmp-path] [0m[36m       clone[0m[90m | [0mUpdating files: 100% (4/4)[35m[cmp-path] [0m[36m       clone[0m[90m | [0mUpdating files: 100% (4/4), done.
[35m[cmp-nvim-lsp] [0m[36m   clone[0m[90m | [0mUpdating files:  28% (2/7)[35m[cmp-nvim-lsp] [0m[36m   clone[0m[90m | [0mUpdating files:  42% (3/7)[35m[cmp-nvim-lsp] [0m[36m   clone[0m[90m | [0mUpdating files:  57% (4/7)[35m[cmp-nvim-lsp] [0m[36m   clone[0m[90m | [0mUpdating files:  71% (5/7)[35m[cmp-nvim-lsp] [0m[36m   clone[0m[90m | [0mUpdating files:  85% (6/7)[35m[cmp-nvim-lsp] [0m[36m   clone[0m[90m | [0mUpdating files: 100% (7/7)[35m[cmp-nvim-lsp] [0m[36m   clone[0m[90m | [0mUpdating files: 100% (7/7), done.
[35m[fzf-lua] [0m[36m        clone[0m[90m | [0mReceiving objects:  75% (9243/12324), 788.00 KiB | 443.00 KiB/s[35m[nvim-treesitter] [0m[36mclone[0m[90m | [0mReceiving objects:  35% (9362/26746), 1004.01 KiB | 943.00 KiB/s[35m[cmp-cmdline] [0m[36m    clone[0m[90m | [0mUpdating files:  50% (2/4)[35m[cmp-cmdline] [0m[36m    clone[0m[90m | [0mUpdating files:  75% (3/4)[35m[fzf-lua] [0m[36m        clone[0m[90m | [0mReceiving objects:  76% (9367/12324), 788.00 KiB | 443.00 KiB/s[35m[fzf-lua] [0m[36m        clone[0m[90m | [0mReceiving objects:  77% (9490/12324), 788.00 KiB | 443.00 KiB/s[35m[cmp-cmdline] [0m[36m    clone[0m[90m | [0mUpdating files: 100% (4/4)[35m[cmp-cmdline] [0m[36m    clone[0m[90m | [0mUpdating files: 100% (4/4), done.
[35m[fzf-lua] [0m[36m        clone[0m[90m | [0mReceiving objects:  78% (9613/12324), 788.00 KiB | 443.00 KiB/s[35m[fzf-lua] [0m[36m        clone[0m[90m | [0mReceiving objects:  79% (9736/12324), 788.00 KiB | 443.00 KiB/s[35m[nvim-treesitter] [0m[36mclone[0m[90m | [0mReceiving objects:  36% (9629/26746), 1004.01 KiB | 943.00 KiB/s[35m[lazygit.nvim] [0m[36m   clone[0m[90m | [0mUpdating files:  15% (2/13)[35m[cmp_luasnip] [0m[36m    clone[0m[90m | [0mUpdating files:  40% (2/5)[35m[lazygit.nvim] [0m[36m   clone[0m[90m | [0mUpdating files:  23% (3/13)[35m[cmp_luasnip] [0m[36m    clone[0m[90m | [0mUpdating files:  60% (3/5)[35m[lazygit.nvim] [0m[36m   clone[0m[90m | [0mUpdating files:  30% (4/13)[35m[lazygit.nvim] [0m[36m   clone[0m[90m | [0mUpdating files:  38% (5/13)[35m[cmp_luasnip] [0m[36m    clone[0m[90m | [0mUpdating files:  80% (4/5)[35m[lazygit.nvim] [0m[36m   clone[0m[90m | [0mUpdating files:  46% (6/13)[35m[cmp_luasnip] [0m[36m    clone[0m[90m | [0mUpdating files: 100% (5/5)[35m[cmp_luasnip] [0m[36m    clone[0m[90m | [0mUpdating files: 100% (5/5), done.
[35m[lazygit.nvim] [0m[36m   clone[0m[90m | [0mUpdating files:  53% (7/13)[35m[lazygit.nvim] [0m[36m   clone[0m[90m | [0mUpdating files:  61% (8/13)[35m[lazygit.nvim] [0m[36m   clone[0m[90m | [0mUpdating files:  69% (9/13)[35m[lazygit.nvim] [0m[36m   clone[0m[90m | [0mUpdating files:  76% (10/13)[35m[lazygit.nvim] [0m[36m   clone[0m[90m | [0mUpdating files:  84% (11/13)[35m[lazygit.nvim] [0m[36m   clone[0m[90m | [0mUpdating files:  92% (12/13)[35m[lazygit.nvim] [0m[36m   clone[0m[90m | [0mUpdating files: 100% (13/13)[35m[lazygit.nvim] [0m[36m   clone[0m[90m | [0mUpdating files: 100% (13/13), done.
[35m[nvim-lspconfig] [0m[36m clone[0m[90m | [0mReceiving objects:  13% (2013/15482), 1.16 MiB | 765.00 KiB/s  [35m[nvim-treesitter] [0m[36mclone[0m[90m | [0mReceiving objects:  37% (9897/26746), 1004.01 KiB | 943.00 KiB/s[35m[nvim-treesitter] [0m[36mclone[0m[90m | [0mReceiving objects:  38% (10164/26746), 1004.01 KiB | 943.00 KiB/s[35m[nvim-treesitter] [0m[36mclone[0m[90m | [0mReceiving objects:  39% (10431/26746), 2.16 MiB | 1.38 MiB/s     [35m[lazydev.nvim] [0m[36m   clone[0m[90m | [0mUpdating files:   5% (2/34)[35m[lazydev.nvim] [0m[36m   clone[0m[90m | [0mUpdating files:   8% (3/34)[35m[lazydev.nvim] [0m[36m   clone[0m[90m | [0mUpdating files:  11% (4/34)[35m[lazydev.nvim] [0m[36m   clone[0m[90m | [0mUpdating files:  14% (5/34)[35m[nvim-treesitter] [0m[36mclone[0m[90m | [0mReceiving objects:  40% (10699/26746), 2.16 MiB | 1.38 MiB/s[35m[lazydev.nvim] [0m[36m   clone[0m[90m | [0mUpdating files:  17% (6/34)[35m[nvim-treesitter] [0m[36mclone[0m[90m | [0mReceiving objects:  41% (10966/26746), 2.16 MiB | 1.38 MiB/s[35m[lazydev.nvim] [0m[36m   clone[0m[90m | [0mUpdating files:  20% (7/34)[35m[lazydev.nvim] [0m[36m   clone[0m[90m | [0mUpdating files:  23% (8/34)[35m[lazydev.nvim] [0m[36m   clone[0m[90m | [0mUpdating files:  26% (9/34)[35m[lazydev.nvim] [0m[36m   clone[0m[90m | [0mUpdating files:  29% (10/34)[35m[lazydev.nvim] [0m[36m   clone[0m[90m | [0mUpdating files:  32% (11/34)[35m[lazydev.nvim] [0m[36m   clone[0m[90m | [0mUpdating files:  35% (12/34)[35m[lazydev.nvim] [0m[36m   clone[0m[90m | [0mUpdating files:  38% (13/34)[35m[lazydev.nvim] [0m[36m   clone[0m[90m | [0mUpdating files:  41% (14/34)[35m[lazydev.nvim] [0m[36m   clone[0m[90m | [0mUpdating files:  44% (15/34)[35m[lazydev.nvim] [0m[36m   clone[0m[90m | [0mUpdating files:  47% (16/34)[35m[lazydev.nvim] [0m[36m   clone[0m[90m | [0mUpdating files:  50% (17/34)[35m[lazydev.nvim] [0m[36m   clone[0m[90m | [0mUpdating files:  52% (18/34)[35m[fzf-lua] [0m[36m        clone[0m[90m | [0mReceiving objects:  80% (9860/12324), 788.00 KiB | 443.00 KiB/s[35m[nvim-treesitter] [0m[36mclone[0m[90m | [0mReceiving objects:  42% (11234/26746), 2.16 MiB | 1.38 MiB/s[35m[fzf-lua] [0m[36m        clone[0m[90m | [0mReceiving objects:  81% (9983/12324), 788.00 KiB | 443.00 KiB/s[35m[lazydev.nvim] [0m[36m   clone[0m[90m | [0mUpdating files:  55% (19/34)[35m[lazydev.nvim] [0m[36m   clone[0m[90m | [0mUpdating files:  58% (20/34)[35m[lazydev.nvim] [0m[36m   clone[0m[90m | [0mUpdating files:  61% (21/34)[35m[lazydev.nvim] [0m[36m   clone[0m[90m | [0mUpdating files:  64% (22/34)[35m[lazydev.nvim] [0m[36m   clone[0m[90m | [0mUpdating files:  67% (23/34)[35m[fzf-lua] [0m[36m        clone[0m[90m | [0mReceiving objects:  82% (10106/12324), 788.00 KiB | 443.00 KiB/s[35m[lazydev.nvim] [0m[36m   clone[0m[90m | [0mUpdating files:  70% (24/34)[35m[lazydev.nvim] [0m[36m   clone[0m[90m | [0mUpdating files:  73% (25/34)[35m[lazydev.nvim] [0m[36m   clone[0m[90m | [0mUpdating files:  76% (26/34)[35m[fzf-lua] [0m[36m        clone[0m[90m | [0mReceiving objects:  83% (10229/12324), 788.00 KiB | 443.00 KiB/s[35m[lazydev.nvim] [0m[36m   clone[0m[90m | [0mUpdating files:  79% (27/34)[35m[lazydev.nvim] [0m[36m   clone[0m[90m | [0mUpdating files:  82% (28/34)[35m[lazydev.nvim] [0m[36m   clone[0m[90m | [0mUpdating files:  85% (29/34)[35m[nvim-treesitter] [0m[36mclone[0m[90m | [0mReceiving objects:  43% (11501/26746), 2.16 MiB | 1.38 MiB/s[35m[lazydev.nvim] [0m[36m   clone[0m[90m | [0mUpdating files:  88% (30/34)[35m[lazydev.nvim] [0m[36m   clone[0m[90m | [0mUpdating files:  91% (31/34)[35m[lazydev.nvim] [0m[36m   clone[0m[90m | [0mUpdating files:  94% (32/34)[35m[lazydev.nvim] [0m[36m   clone[0m[90m | [0mUpdating files:  97% (33/34)[35m[lazydev.nvim] [0m[36m   clone[0m[90m | [0mUpdating files: 100% (34/34)[35m[lazydev.nvim] [0m[36m   clone[0m[90m | [0mUpdating files: 100% (34/34), done.
[35m[nvim-treesitter] [0m[36mclone[0m[90m | [0mReceiving objects:  44% (11769/26746), 2.16 MiB | 1.38 MiB/s[35m[fzf-lua] [0m[36m        clone[0m[90m | [0mReceiving objects:  84% (10353/12324), 788.00 KiB | 443.00 KiB/s[35m[nvim-treesitter] [0m[36mclone[0m[90m | [0mReceiving objects:  45% (12036/26746), 2.16 MiB | 1.38 MiB/s[35m[nvim-lspconfig] [0m[36m clone[0m[90m | [0mReceiving objects:  14% (2168/15482), 1.16 MiB | 765.00 KiB/s[35m[fzf-lua] [0m[36m        clone[0m[90m | [0mReceiving objects:  85% (10476/12324), 788.00 KiB | 443.00 KiB/s[35m[nvim-treesitter] [0m[36mclone[0m[90m | [0mReceiving objects:  46% (12304/26746), 2.16 MiB | 1.38 MiB/s[35m[fzf-lua] [0m[36m        clone[0m[90m | [0mReceiving objects:  86% (10599/12324), 788.00 KiB | 443.00 KiB/s[35m[nvim-treesitter] [0m[36mclone[0m[90m | [0mReceiving objects:  47% (12571/26746), 2.16 MiB | 1.38 MiB/s[35m[nvim-treesitter] [0m[36mclone[0m[90m | [0mReceiving objects:  48% (12839/26746), 2.16 MiB | 1.38 MiB/s[35m[nvim-lspconfig] [0m[36m clone[0m[90m | [0mReceiving objects:  15% (2323/15482), 1.16 MiB | 765.00 KiB/s[35m[nvim-treesitter] [0m[36mclone[0m[90m | [0mReceiving objects:  49% (13106/26746), 2.16 MiB | 1.38 MiB/s[35m[nvim-treesitter] [0m[36mclone[0m[90m | [0mReceiving objects:  50% (13373/26746), 2.16 MiB | 1.38 MiB/s[35m[nvim-treesitter] [0m[36mclone[0m[90m | [0mReceiving objects:  51% (13641/26746), 2.16 MiB | 1.38 MiB/s[35m[nvim-treesitter] [0m[36mclone[0m[90m | [0mReceiving objects:  52% (13908/26746), 2.16 MiB | 1.38 MiB/s[35m[nvim-treesitter] [0m[36mclone[0m[90m | [0mReceiving objects:  53% (14176/26746), 2.16 MiB | 1.38 MiB/s[35m[fzf-lua] [0m[36m        clone[0m[90m | [0mReceiving objects:  87% (10722/12324), 1.34 MiB | 597.00 KiB/s  [35m[fzf-lua] [0m[36m        clone[0m[90m | [0mReceiving objects:  88% (10846/12324), 1.34 MiB | 597.00 KiB/s[35m[fzf-lua] [0m[36m        clone[0m[90m | [0mReceiving objects:  89% (10969/12324), 1.34 MiB | 597.00 KiB/s[35m[fzf-lua] [0m[36m        clone[0m[90m | [0mReceiving objects:  90% (11092/12324), 1.34 MiB | 597.00 KiB/s[35m[fzf-lua] [0m[36m        clone[0m[90m | [0mReceiving objects:  91% (11215/12324), 1.34 MiB | 597.00 KiB/s[35m[fzf-lua] [0m[36m        clone[0m[90m | [0mReceiving objects:  92% (11339/12324), 1.34 MiB | 597.00 KiB/s[35m[nvim-treesitter] [0m[36mclone[0m[90m | [0mReceiving objects:  54% (14443/26746), 2.16 MiB | 1.38 MiB/s[35m[nvim-treesitter] [0m[36mclone[0m[90m | [0mReceiving objects:  55% (14711/26746), 2.16 MiB | 1.38 MiB/s[35m[nvim-treesitter] [0m[36mclone[0m[90m | [0mReceiving objects:  56% (14978/26746), 2.16 MiB | 1.38 MiB/s[35m[nvim-treesitter] [0m[36mclone[0m[90m | [0mReceiving objects:  57% (15246/26746), 2.16 MiB | 1.38 MiB/s[35m[nvim-lspconfig] [0m[36m clone[0m[90m | [0mReceiving objects:  16% (2478/15482), 1.16 MiB | 765.00 KiB/s[35m[fzf-lua] [0m[36m        clone[0m[90m | [0mReceiving objects:  93% (11462/12324), 1.34 MiB | 597.00 KiB/s[35m[fzf-lua] [0m[36m        clone[0m[90m | [0mReceiving objects:  94% (11585/12324), 1.34 MiB | 597.00 KiB/s[35m[fzf-lua] [0m[36m        clone[0m[90m | [0mReceiving objects:  95% (11708/12324), 1.34 MiB | 597.00 KiB/s[35m[fzf-lua] [0m[36m        clone[0m[90m | [0mReceiving objects:  96% (11832/12324), 1.34 MiB | 597.00 KiB/s[35m[fzf-lua] [0m[36m        clone[0m[90m | [0mReceiving objects:  97% (11955/12324), 1.34 MiB | 597.00 KiB/s[35m[fzf-lua] [0m[36m        clone[0m[90m | [0mReceiving objects:  98% (12078/12324), 1.34 MiB | 597.00 KiB/s[35m[fzf-lua] [0m[36m        clone[0m[90m | [0mReceiving objects:  99% (12201/12324), 1.34 MiB | 597.00 KiB/s[35m[nvim-treesitter] [0m[36mclone[0m[90m | [0mReceiving objects:  58% (15513/26746), 2.16 MiB | 1.38 MiB/s[35m[fzf-lua] [0m[36m        clone[0m[90m | [0mremote: Total 12324 (delta 1622), reused 1477 (delta 1470), pack-reused 10553 (from 2)        
[35m[fzf-lua] [0m[36m        clone[0m[90m | [0mReceiving objects: 100% (12324/12324), 1.34 MiB | 597.00 KiB/s[35m[fzf-lua] [0m[36m        clone[0m[90m | [0mReceiving objects: 100% (12324/12324), 1.45 MiB | 641.00 KiB/s, done.
[35m[fzf-lua] [0m[36m        clone[0m[90m | [0mResolving deltas:   0% (0/6464)[35m[fzf-lua] [0m[36m        clone[0m[90m | [0mResolving deltas:   1% (68/6464)[35m[fzf-lua] [0m[36m        clone[0m[90m | [0mResolving deltas:   2% (130/6464)[35m[fzf-lua] [0m[36m        clone[0m[90m | [0mResolving deltas:   3% (194/6464)[35m[fzf-lua] [0m[36m        clone[0m[90m | [0mResolving deltas:   4% (259/6464)[35m[fzf-lua] [0m[36m        clone[0m[90m | [0mResolving deltas:   5% (325/6464)[35m[fzf-lua] [0m[36m        clone[0m[90m | [0mResolving deltas:   6% (388/6464)[35m[fzf-lua] [0m[36m        clone[0m[90m | [0mResolving deltas:   7% (453/6464)[35m[fzf-lua] [0m[36m        clone[0m[90m | [0mResolving deltas:   8% (519/6464)[35m[nvim-lspconfig] [0m[36m clone[0m[90m | [0mReceiving objects:  17% (2632/15482), 1.16 MiB | 765.00 KiB/s[35m[fzf-lua] [0m[36m        clone[0m[90m | [0mResolving deltas:   9% (582/6464)[35m[fzf-lua] [0m[36m        clone[0m[90m | [0mResolving deltas:  10% (647/6464)[35m[fzf-lua] [0m[36m        clone[0m[90m | [0mResolving deltas:  11% (712/6464)[35m[fzf-lua] [0m[36m        clone[0m[90m | [0mResolving deltas:  12% (777/6464)[35m[fzf-lua] [0m[36m        clone[0m[90m | [0mResolving deltas:  13% (841/6464)[35m[fzf-lua] [0m[36m        clone[0m[90m | [0mResolving deltas:  14% (905/6464)[35m[fzf-lua] [0m[36m        clone[0m[90m | [0mResolving deltas:  15% (970/6464)[35m[fzf-lua] [0m[36m        clone[0m[90m | [0mResolving deltas:  16% (1035/6464)[35m[fzf-lua] [0m[36m        clone[0m[90m | [0mResolving deltas:  17% (1099/6464)[35m[fzf-lua] [0m[36m        clone[0m[90m | [0mResolving deltas:  18% (1164/6464)[35m[fzf-lua] [0m[36m        clone[0m[90m | [0mResolving deltas:  19% (1229/6464)[35m[fzf-lua] [0m[36m        clone[0m[90m | [0mResolving deltas:  20% (1293/6464)[35m[fzf-lua] [0m[36m        clone[0m[90m | [0mResolving deltas:  21% (1358/6464)[35m[fzf-lua] [0m[36m        clone[0m[90m | [0mResolving deltas:  22% (1423/6464)[35m[fzf-lua] [0m[36m        clone[0m[90m | [0mResolving deltas:  23% (1487/6464)[35m[fzf-lua] [0m[36m        clone[0m[90m | [0mResolving deltas:  24% (1552/6464)[35m[fzf-lua] [0m[36m        clone[0m[90m | [0mResolving deltas:  25% (1616/6464)[35m[fzf-lua] [0m[36m        clone[0m[90m | [0mResolving deltas:  26% (1681/6464)[35m[fzf-lua] [0m[36m        clone[0m[90m | [0mResolving deltas:  27% (1746/6464)[35m[fzf-lua] [0m[36m        clone[0m[90m | [0mResolving deltas:  28% (1810/6464)[35m[fzf-lua] [0m[36m        clone[0m[90m | [0mResolving deltas:  29% (1875/6464)[35m[fzf-lua] [0m[36m        clone[0m[90m | [0mResolving deltas:  30% (1941/6464)[35m[fzf-lua] [0m[36m        clone[0m[90m | [0mResolving deltas:  31% (2005/6464)[35m[fzf-lua] [0m[36m        clone[0m[90m | [0mResolving deltas:  32% (2069/6464)[35m[fzf-lua] [0m[36m        clone[0m[90m | [0mResolving deltas:  33% (2134/6464)[35m[fzf-lua] [0m[36m        clone[0m[90m | [0mResolving deltas:  34% (2201/6464)[35m[fzf-lua] [0m[36m        clone[0m[90m | [0mResolving deltas:  35% (2264/6464)[35m[fzf-lua] [0m[36m        clone[0m[90m | [0mResolving deltas:  36% (2328/6464)[35m[fzf-lua] [0m[36m        clone[0m[90m | [0mResolving deltas:  37% (2392/6464)[35m[fzf-lua] [0m[36m        clone[0m[90m | [0mResolving deltas:  38% (2457/6464)[35m[fzf-lua] [0m[36m        clone[0m[90m | [0mResolving deltas:  39% (2521/6464)[35m[fzf-lua] [0m[36m        clone[0m[90m | [0mResolving deltas:  40% (2587/6464)[35m[fzf-lua] [0m[36m        clone[0m[90m | [0mResolving deltas:  41% (2651/6464)[35m[fzf-lua] [0m[36m        clone[0m[90m | [0mResolving deltas:  42% (2715/6464)[35m[fzf-lua] [0m[36m        clone[0m[90m | [0mResolving deltas:  43% (2780/6464)[35m[fzf-lua] [0m[36m        clone[0m[90m | [0mResolving deltas:  44% (2845/6464)[35m[fzf-lua] [0m[36m        clone[0m[90m | [0mResolving deltas:  45% (2909/6464)[35m[fzf-lua] [0m[36m        clone[0m[90m | [0mResolving deltas:  46% (2974/6464)[35m[fzf-lua] [0m[36m        clone[0m[90m | [0mResolving deltas:  47% (3039/6464)[35m[fzf-lua] [0m[36m        clone[0m[90m | [0mResolving deltas:  48% (3103/6464)[35m[fzf-lua] [0m[36m        clone[0m[90m | [0mResolving deltas:  49% (3169/6464)[35m[fzf-lua] [0m[36m        clone[0m[90m | [0mResolving deltas:  50% (3233/6464)[35m[fzf-lua] [0m[36m        clone[0m[90m | [0mResolving deltas:  51% (3297/6464)[35m[fzf-lua] [0m[36m        clone[0m[90m | [0mResolving deltas:  52% (3362/6464)[35m[fzf-lua] [0m[36m        clone[0m[90m | [0mResolving deltas:  53% (3426/6464)[35m[fzf-lua] [0m[36m        clone[0m[90m | [0mResolving deltas:  54% (3491/6464)[35m[fzf-lua] [0m[36m        clone[0m[90m | [0mResolving deltas:  55% (3556/6464)[35m[fzf-lua] [0m[36m        clone[0m[90m | [0mResolving deltas:  56% (3620/6464)[35m[fzf-lua] [0m[36m        clone[0m[90m | [0mResolving deltas:  57% (3685/6464)[35m[fzf-lua] [0m[36m        clone[0m[90m | [0mResolving deltas:  58% (3750/6464)[35m[fzf-lua] [0m[36m        clone[0m[90m | [0mResolving deltas:  59% (3814/6464)[35m[fzf-lua] [0m[36m        clone[0m[90m | [0mResolving deltas:  60% (3880/6464)[35m[fzf-lua] [0m[36m        clone[0m[90m | [0mResolving deltas:  61% (3944/6464)[35m[fzf-lua] [0m[36m        clone[0m[90m | [0mResolving deltas:  62% (4008/6464)[35m[fzf-lua] [0m[36m        clone[0m[90m | [0mResolving deltas:  63% (4073/6464)[35m[fzf-lua] [0m[36m        clone[0m[90m | [0mResolving deltas:  64% (4137/6464)[35m[fzf-lua] [0m[36m        clone[0m[90m | [0mResolving deltas:  65% (4202/6464)[35m[fzf-lua] [0m[36m        clone[0m[90m | [0mResolving deltas:  66% (4267/6464)[35m[fzf-lua] [0m[36m        clone[0m[90m | [0mResolving deltas:  67% (4331/6464)[35m[fzf-lua] [0m[36m        clone[0m[90m | [0mResolving deltas:  68% (4396/6464)[35m[fzf-lua] [0m[36m        clone[0m[90m | [0mResolving deltas:  69% (4461/6464)[35m[fzf-lua] [0m[36m        clone[0m[90m | [0mResolving deltas:  70% (4525/6464)[35m[fzf-lua] [0m[36m        clone[0m[90m | [0mResolving deltas:  71% (4590/6464)[35m[fzf-lua] [0m[36m        clone[0m[90m | [0mResolving deltas:  72% (4655/6464)[35m[fzf-lua] [0m[36m        clone[0m[90m | [0mResolving deltas:  73% (4720/6464)[35m[fzf-lua] [0m[36m        clone[0m[90m | [0mResolving deltas:  74% (4784/6464)[35m[fzf-lua] [0m[36m        clone[0m[90m | [0mResolving deltas:  75% (4848/6464)[35m[fzf-lua] [0m[36m        clone[0m[90m | [0mResolving deltas:  76% (4915/6464)[35m[nvim-treesitter] [0m[36mclone[0m[90m | [0mReceiving objects:  59% (15781/26746), 2.16 MiB | 1.38 MiB/s[35m[fzf-lua] [0m[36m        clone[0m[90m | [0mResolving deltas:  77% (4978/6464)[35m[fzf-lua] [0m[36m        clone[0m[90m | [0mResolving deltas:  78% (5042/6464)[35m[fzf-lua] [0m[36m        clone[0m[90m | [0mResolving deltas:  79% (5108/6464)[35m[fzf-lua] [0m[36m        clone[0m[90m | [0mResolving deltas:  80% (5174/6464)[35m[fzf-lua] [0m[36m        clone[0m[90m | [0mResolving deltas:  81% (5236/6464)[35m[fzf-lua] [0m[36m        clone[0m[90m | [0mResolving deltas:  82% (5301/6464)[35m[nvim-treesitter] [0m[36mclone[0m[90m | [0mReceiving objects:  60% (16048/26746), 2.16 MiB | 1.38 MiB/s[35m[fzf-lua] [0m[36m        clone[0m[90m | [0mResolving deltas:  83% (5366/6464)[35m[fzf-lua] [0m[36m        clone[0m[90m | [0mResolving deltas:  84% (5431/6464)[35m[fzf-lua] [0m[36m        clone[0m[90m | [0mResolving deltas:  85% (5497/6464)[35m[fzf-lua] [0m[36m        clone[0m[90m | [0mResolving deltas:  86% (5560/6464)[35m[fzf-lua] [0m[36m        clone[0m[90m | [0mResolving deltas:  87% (5624/6464)[35m[fzf-lua] [0m[36m        clone[0m[90m | [0mResolving deltas:  88% (5689/6464)[35m[fzf-lua] [0m[36m        clone[0m[90m | [0mResolving deltas:  89% (5753/6464)[35m[fzf-lua] [0m[36m        clone[0m[90m | [0mResolving deltas:  90% (5818/6464)[35m[fzf-lua] [0m[36m        clone[0m[90m | [0mResolving deltas:  91% (5883/6464)[35m[fzf-lua] [0m[36m        clone[0m[90m | [0mResolving deltas:  92% (5947/6464)[35m[fzf-lua] [0m[36m        clone[0m[90m | [0mResolving deltas:  93% (6012/6464)[35m[fzf-lua] [0m[36m        clone[0m[90m | [0mResolving deltas:  94% (6080/6464)[35m[fzf-lua] [0m[36m        clone[0m[90m | [0mResolving deltas:  95% (6144/6464)[35m[fzf-lua] [0m[36m        clone[0m[90m | [0mResolving deltas:  96% (6206/6464)[35m[fzf-lua] [0m[36m        clone[0m[90m | [0mResolving deltas:  97% (6271/6464)[35m[fzf-lua] [0m[36m        clone[0m[90m | [0mResolving deltas:  98% (6335/6464)[35m[nvim-treesitter] [0m[36mclone[0m[90m | [0mReceiving objects:  61% (16316/26746), 2.16 MiB | 1.38 MiB/s[35m[fzf-lua] [0m[36m        clone[0m[90m | [0mResolving deltas:  99% (6400/6464)[35m[fzf-lua] [0m[36m        clone[0m[90m | [0mResolving deltas: 100% (6464/6464)[35m[fzf-lua] [0m[36m        clone[0m[90m | [0mResolving deltas: 100% (6464/6464), done.
[35m[nvim-treesitter] [0m[36mclone[0m[90m | [0mReceiving objects:  62% (16583/26746), 2.16 MiB | 1.38 MiB/s[35m[nvim-treesitter] [0m[36mclone[0m[90m | [0mReceiving objects:  63% (16850/26746), 2.16 MiB | 1.38 MiB/s[35m[nvim-lspconfig] [0m[36m clone[0m[90m | [0mReceiving objects:  18% (2787/15482), 1.16 MiB | 765.00 KiB/s[35m[nvim-treesitter] [0m[36mclone[0m[90m | [0mReceiving objects:  64% (17118/26746), 2.16 MiB | 1.38 MiB/s[35m[nvim-treesitter] [0m[36mclone[0m[90m | [0mReceiving objects:  65% (17385/26746), 2.16 MiB | 1.38 MiB/s[35m[nvim-treesitter] [0m[36mclone[0m[90m | [0mReceiving objects:  66% (17653/26746), 2.16 MiB | 1.38 MiB/s[35m[nvim-treesitter] [0m[36mclone[0m[90m | [0mReceiving objects:  67% (17920/26746), 2.16 MiB | 1.38 MiB/s[35m[nvim-treesitter] [0m[36mclone[0m[90m | [0mReceiving objects:  68% (18188/26746), 2.16 MiB | 1.38 MiB/s[35m[alpha-nvim] [0m[36m     clone[0m[90m | [0mUpdating files:  11% (2/18)[35m[nvim-treesitter] [0m[36mclone[0m[90m | [0mReceiving objects:  69% (18455/26746), 2.16 MiB | 1.38 MiB/s[35m[alpha-nvim] [0m[36m     clone[0m[90m | [0mUpdating files:  16% (3/18)[35m[alpha-nvim] [0m[36m     clone[0m[90m | [0mUpdating files:  22% (4/18)[35m[alpha-nvim] [0m[36m     clone[0m[90m | [0mUpdating files:  27% (5/18)[35m[alpha-nvim] [0m[36m     clone[0m[90m | [0mUpdating files:  33% (6/18)[35m[alpha-nvim] [0m[36m     clone[0m[90m | [0mUpdating files:  38% (7/18)[35m[alpha-nvim] [0m[36m     clone[0m[90m | [0mUpdating files:  44% (8/18)[35m[alpha-nvim] [0m[36m     clone[0m[90m | [0mUpdating files:  50% (9/18)[35m[alpha-nvim] [0m[36m     clone[0m[90m | [0mUpdating files:  55% (10/18)[35m[alpha-nvim] [0m[36m     clone[0m[90m | [0mUpdating files:  61% (11/18)[35m[alpha-nvim] [0m[36m     clone[0m[90m | [0mUpdating files:  66% (12/18)[35m[nvim-treesitter] [0m[36mclone[0m[90m | [0mReceiving objects:  70% (18723/26746), 2.16 MiB | 1.38 MiB/s[35m[alpha-nvim] [0m[36m     clone[0m[90m | [0mUpdating files:  72% (13/18)[35m[nvim-treesitter] [0m[36mclone[0m[90m | [0mReceiving objects:  71% (18990/26746), 2.16 MiB | 1.38 MiB/s[35m[nvim-treesitter] [0m[36mclone[0m[90m | [0mReceiving objects:  72% (19258/26746), 2.16 MiB | 1.38 MiB/s[35m[alpha-nvim] [0m[36m     clone[0m[90m | [0mUpdating files:  77% (14/18)[35m[nvim-treesitter] [0m[36mclone[0m[90m | [0mReceiving objects:  73% (19525/26746), 2.16 MiB | 1.38 MiB/s[35m[alpha-nvim] [0m[36m     clone[0m[90m | [0mUpdating files:  83% (15/18)[35m[alpha-nvim] [0m[36m     clone[0m[90m | [0mUpdating files:  88% (16/18)[35m[alpha-nvim] [0m[36m     clone[0m[90m | [0mUpdating files:  94% (17/18)[35m[alpha-nvim] [0m[36m     clone[0m[90m | [0mUpdating files: 100% (18/18)[35m[alpha-nvim] [0m[36m     clone[0m[90m | [0mUpdating files: 100% (18/18), done.
[35m[nvim-ufo] [0m[36m       clone[0m[90m | [0mUpdating files:   3% (2/54)[35m[nvim-ufo] [0m[36m       clone[0m[90m | [0mUpdating files:   5% (3/54)[35m[nvim-ufo] [0m[36m       clone[0m[90m | [0mUpdating files:   7% (4/54)[35m[nvim-ufo] [0m[36m       clone[0m[90m | [0mUpdating files:   9% (5/54)[35m[nvim-ufo] [0m[36m       clone[0m[90m | [0mUpdating files:  11% (6/54)[35m[nvim-ufo] [0m[36m       clone[0m[90m | [0mUpdating files:  12% (7/54)[35m[nvim-ufo] [0m[36m       clone[0m[90m | [0mUpdating files:  14% (8/54)[35m[nvim-ufo] [0m[36m       clone[0m[90m | [0mUpdating files:  16% (9/54)[35m[nvim-ufo] [0m[36m       clone[0m[90m | [0mUpdating files:  18% (10/54)[35m[nvim-ufo] [0m[36m       clone[0m[90m | [0mUpdating files:  20% (11/54)[35m[nvim-ufo] [0m[36m       clone[0m[90m | [0mUpdating files:  22% (12/54)[35m[nvim-ufo] [0m[36m       clone[0m[90m | [0mUpdating files:  24% (13/54)[35m[nvim-ufo] [0m[36m       clone[0m[90m | [0mUpdating files:  25% (14/54)[35m[nvim-lspconfig] [0m[36m clone[0m[90m | [0mReceiving objects:  19% (2942/15482), 1.16 MiB | 765.00 KiB/s[35m[nvim-ufo] [0m[36m       clone[0m[90m | [0mUpdating files:  27% (15/54)[35m[nvim-ufo] [0m[36m       clone[0m[90m | [0mUpdating files:  29% (16/54)[35m[nvim-ufo] [0m[36m       clone[0m[90m | [0mUpdating files:  31% (17/54)[35m[nvim-ufo] [0m[36m       clone[0m[90m | [0mUpdating files:  33% (18/54)[35m[nvim-ufo] [0m[36m       clone[0m[90m | [0mUpdating files:  35% (19/54)[35m[nvim-ufo] [0m[36m       clone[0m[90m | [0mUpdating files:  37% (20/54)[35m[nvim-ufo] [0m[36m       clone[0m[90m | [0mUpdating files:  38% (21/54)[35m[nvim-ufo] [0m[36m       clone[0m[90m | [0mUpdating files:  40% (22/54)[35m[nvim-ufo] [0m[36m       clone[0m[90m | [0mUpdating files:  42% (23/54)[35m[nvim-ufo] [0m[36m       clone[0m[90m | [0mUpdating files:  44% (24/54)[35m[nvim-ufo] [0m[36m       clone[0m[90m | [0mUpdating files:  46% (25/54)[35m[nvim-ufo] [0m[36m       clone[0m[90m | [0mUpdating files:  48% (26/54)[35m[nvim-ufo] [0m[36m       clone[0m[90m | [0mUpdating files:  50% (27/54)[35m[nvim-ufo] [0m[36m       clone[0m[90m | [0mUpdating files:  51% (28/54)[35m[nvim-ufo] [0m[36m       clone[0m[90m | [0mUpdating files:  53% (29/54)[35m[nvim-treesitter] [0m[36mclone[0m[90m | [0mReceiving objects:  74% (19793/26746), 2.16 MiB | 1.38 MiB/s[35m[nvim-ufo] [0m[36m       clone[0m[90m | [0mUpdating files:  55% (30/54)[35m[nvim-ufo] [0m[36m       clone[0m[90m | [0mUpdating files:  57% (31/54)[35m[nvim-ufo] [0m[36m       clone[0m[90m | [0mUpdating files:  59% (32/54)[35m[nvim-ufo] [0m[36m       clone[0m[90m | [0mUpdating files:  61% (33/54)[35m[nvim-ufo] [0m[36m       clone[0m[90m | [0mUpdating files:  62% (34/54)[35m[nvim-ufo] [0m[36m       clone[0m[90m | [0mUpdating files:  64% (35/54)[35m[nvim-ufo] [0m[36m       clone[0m[90m | [0mUpdating files:  66% (36/54)[35m[nvim-treesitter] [0m[36mclone[0m[90m | [0mReceiving objects:  75% (20060/26746), 2.16 MiB | 1.38 MiB/s[35m[nvim-ufo] [0m[36m       clone[0m[90m | [0mUpdating files:  68% (37/54)[35m[nvim-ufo] [0m[36m       clone[0m[90m | [0mUpdating files:  70% (38/54)[35m[nvim-ufo] [0m[36m       clone[0m[90m | [0mUpdating files:  72% (39/54)[35m[nvim-ufo] [0m[36m       clone[0m[90m | [0mUpdating files:  74% (40/54)[35m[nvim-ufo] [0m[36m       clone[0m[90m | [0mUpdating files:  75% (41/54)[35m[nvim-ufo] [0m[36m       clone[0m[90m | [0mUpdating files:  77% (42/54)[35m[nvim-treesitter] [0m[36mclone[0m[90m | [0mReceiving objects:  76% (20327/26746), 2.16 MiB | 1.38 MiB/s[35m[nvim-ufo] [0m[36m       clone[0m[90m | [0mUpdating files:  79% (43/54)[35m[nvim-ufo] [0m[36m       clone[0m[90m | [0mUpdating files:  81% (44/54)[35m[nvim-treesitter] [0m[36mclone[0m[90m | [0mReceiving objects:  77% (20595/26746), 2.16 MiB | 1.38 MiB/s[35m[nvim-ufo] [0m[36m       clone[0m[90m | [0mUpdating files:  83% (45/54)[35m[nvim-ufo] [0m[36m       clone[0m[90m | [0mUpdating files:  85% (46/54)[35m[nvim-ufo] [0m[36m       clone[0m[90m | [0mUpdating files:  87% (47/54)[35m[nvim-ufo] [0m[36m       clone[0m[90m | [0mUpdating files:  88% (48/54)[35m[nvim-ufo] [0m[36m       clone[0m[90m | [0mUpdating files:  90% (49/54)[35m[nvim-ufo] [0m[36m       clone[0m[90m | [0mUpdating files:  92% (50/54)[35m[nvim-ufo] [0m[36m       clone[0m[90m | [0mUpdating files:  94% (51/54)[35m[nvim-ufo] [0m[36m       clone[0m[90m | [0mUpdating files:  96% (52/54)[35m[nvim-ufo] [0m[36m       clone[0m[90m | [0mUpdating files:  98% (53/54)[35m[nvim-ufo] [0m[36m       clone[0m[90m | [0mUpdating files: 100% (54/54)[35m[nvim-ufo] [0m[36m       clone[0m[90m | [0mUpdating files: 100% (54/54), done.
[35m[nvim-treesitter] [0m[36mclone[0m[90m | [0mReceiving objects:  78% (20862/26746), 2.16 MiB | 1.38 MiB/s[35m[nvim-treesitter] [0m[36mclone[0m[90m | [0mReceiving objects:  79% (21130/26746), 2.16 MiB | 1.38 MiB/s[35m[nvim-lspconfig] [0m[36m clone[0m[90m | [0mReceiving objects:  20% (3097/15482), 1.16 MiB | 765.00 KiB/s[35m[nvim-treesitter] [0m[36mclone[0m[90m | [0mReceiving objects:  80% (21397/26746), 2.16 MiB | 1.38 MiB/s[35m[nvim-treesitter] [0m[36mclone[0m[90m | [0mReceiving objects:  81% (21665/26746), 2.16 MiB | 1.38 MiB/s[35m[nvim-treesitter] [0m[36mclone[0m[90m | [0mReceiving objects:  82% (21932/26746), 2.16 MiB | 1.38 MiB/s[35m[nvim-treesitter] [0m[36mclone[0m[90m | [0mReceiving objects:  83% (22200/26746), 2.16 MiB | 1.38 MiB/s[35m[nvim-treesitter] [0m[36mclone[0m[90m | [0mReceiving objects:  84% (22467/26746), 2.16 MiB | 1.38 MiB/s[35m[nvim-lspconfig] [0m[36m clone[0m[90m | [0mReceiving objects:  21% (3252/15482), 1.16 MiB | 765.00 KiB/s[35m[nvim-treesitter] [0m[36mclone[0m[90m | [0mReceiving objects:  85% (22735/26746), 2.16 MiB | 1.38 MiB/s[35m[nvim-treesitter] [0m[36mclone[0m[90m | [0mReceiving objects:  86% (23002/26746), 2.16 MiB | 1.38 MiB/s[35m[LazyVim] [0m[36m        clone[0m[90m | [0mUpdating files:   1% (2/192)[35m[nvim-treesitter] [0m[36mclone[0m[90m | [0mReceiving objects:  87% (23270/26746), 2.16 MiB | 1.38 MiB/s[35m[LazyVim] [0m[36m        clone[0m[90m | [0mUpdating files:   2% (4/192)[35m[nvim-treesitter] [0m[36mclone[0m[90m | [0mReceiving objects:  88% (23537/26746), 2.16 MiB | 1.38 MiB/s[35m[LazyVim] [0m[36m        clone[0m[90m | [0mUpdating files:   3% (6/192)[35m[LazyVim] [0m[36m        clone[0m[90m | [0mUpdating files:   4% (8/192)[35m[nvim-treesitter] [0m[36mclone[0m[90m | [0mReceiving objects:  89% (23804/26746), 2.16 MiB | 1.38 MiB/s[35m[LazyVim] [0m[36m        clone[0m[90m | [0mUpdating files:   5% (10/192)[35m[LazyVim] [0m[36m        clone[0m[90m | [0mUpdating files:   6% (12/192)[35m[LazyVim] [0m[36m        clone[0m[90m | [0mUpdating files:   7% (14/192)[35m[LazyVim] [0m[36m        clone[0m[90m | [0mUpdating files:   8% (16/192)[35m[LazyVim] [0m[36m        clone[0m[90m | [0mUpdating files:   9% (18/192)[35m[LazyVim] [0m[36m        clone[0m[90m | [0mUpdating files:  10% (20/192)[35m[LazyVim] [0m[36m        clone[0m[90m | [0mUpdating files:  11% (22/192)[35m[nvim-treesitter] [0m[36mclone[0m[90m | [0mReceiving objects:  90% (24072/26746), 2.16 MiB | 1.38 MiB/s[35m[LazyVim] [0m[36m        clone[0m[90m | [0mUpdating files:  12% (24/192)[35m[LazyVim] [0m[36m        clone[0m[90m | [0mUpdating files:  13% (25/192)[35m[LazyVim] [0m[36m        clone[0m[90m | [0mUpdating files:  14% (27/192)[35m[LazyVim] [0m[36m        clone[0m[90m | [0mUpdating files:  15% (29/192)[35m[Comment.nvim] [0m[36m   clone[0m[90m | [0m[34mFinished task clone in 4542ms[0m
[35m[nvim-treesitter] [0m[36mclone[0m[90m | [0mReceiving objects:  91% (24339/26746), 2.16 MiB | 1.38 MiB/s[35m[LazyVim] [0m[36m        clone[0m[90m | [0mUpdating files:  16% (31/192)[35m[Comment.nvim] [0m[36mcheckout[0m[90m | [0m[34mRunning task checkout[0m
[35m[Comment.nvim] [0m[36mcheckout[0m[90m | [0m[34mFinished task checkout in 21ms[0m
[35m[LazyVim] [0m[36m        clone[0m[90m | [0mUpdating files:  17% (33/192)[35m[LazyVim] [0m[36m        clone[0m[90m | [0mUpdating files:  18% (35/192)[35m[LazyVim] [0m[36m        clone[0m[90m | [0mUpdating files:  19% (37/192)[35m[LazyVim] [0m[36m        clone[0m[90m | [0mUpdating files:  20% (39/192)[35m[LazyVim] [0m[36m        clone[0m[90m | [0mUpdating files:  21% (41/192)[35m[LazyVim] [0m[36m        clone[0m[90m | [0mUpdating files:  22% (43/192)[35m[LazyVim] [0m[36m        clone[0m[90m | [0mUpdating files:  23% (45/192)[35m[LazyVim] [0m[36m        clone[0m[90m | [0mUpdating files:  24% (47/192)[35m[LazyVim] [0m[36m        clone[0m[90m | [0mUpdating files:  25% (48/192)[35m[LazyVim] [0m[36m        clone[0m[90m | [0mUpdating files:  26% (50/192)[35m[LazyVim] [0m[36m        clone[0m[90m | [0mUpdating files:  27% (52/192)[35m[LazyVim] [0m[36m        clone[0m[90m | [0mUpdating files:  28% (54/192)[35m[LazyVim] [0m[36m        clone[0m[90m | [0mUpdating files:  29% (56/192)[35m[LazyVim] [0m[36m        clone[0m[90m | [0mUpdating files:  30% (58/192)[35m[LazyVim] [0m[36m        clone[0m[90m | [0mUpdating files:  31% (60/192)[35m[nvim-treesitter] [0m[36mclone[0m[90m | [0mReceiving objects:  92% (24607/26746), 2.16 MiB | 1.38 MiB/s[35m[nvim-lspconfig] [0m[36m clone[0m[90m | [0mReceiving objects:  22% (3407/15482), 1.16 MiB | 765.00 KiB/s[35m[LazyVim] [0m[36m        clone[0m[90m | [0mUpdating files:  32% (62/192)[35m[Comment.nvim] [0m[36m    docs[0m[90m | [0m[34mRunning task docs[0m
[35m[Comment.nvim] [0m[36m    docs[0m[90m | [0m
[35m[Comment.nvim] [0m[36m    docs[0m[90m | [0m[34mFinished task docs in 19ms[0m
[35m[LazyVim] [0m[36m        clone[0m[90m | [0mUpdating files:  33% (64/192)[35m[LazyVim] [0m[36m        clone[0m[90m | [0mUpdating files:  34% (66/192)[35m[nvim-web-devicons] [0m[36mclone[0m[90m | [0m[34mRunning task clone[0m
[35m[nvim-lspconfig] [0m[36m clone[0m[90m | [0mReceiving objects:  23% (3561/15482), 1.16 MiB | 765.00 KiB/s[35m[LazyVim] [0m[36m        clone[0m[90m | [0mUpdating files:  35% (68/192)[35m[nvim-treesitter] [0m[36mclone[0m[90m | [0mReceiving objects:  93% (24874/26746), 2.16 MiB | 1.38 MiB/s[35m[LazyVim] [0m[36m        clone[0m[90m | [0mUpdating files:  36% (70/192)[35m[LazyVim] [0m[36m        clone[0m[90m | [0mUpdating files:  37% (72/192)[35m[LazyVim] [0m[36m        clone[0m[90m | [0mUpdating files:  38% (73/192)[35m[LazyVim] [0m[36m        clone[0m[90m | [0mUpdating files:  39% (75/192)[35m[LazyVim] [0m[36m        clone[0m[90m | [0mUpdating files:  40% (77/192)[35m[LazyVim] [0m[36m        clone[0m[90m | [0mUpdating files:  41% (79/192)[35m[LazyVim] [0m[36m        clone[0m[90m | [0mUpdating files:  42% (81/192)[35m[LazyVim] [0m[36m        clone[0m[90m | [0mUpdating files:  43% (83/192)[35m[LazyVim] [0m[36m        clone[0m[90m | [0mUpdating files:  44% (85/192)[35m[LazyVim] [0m[36m        clone[0m[90m | [0mUpdating files:  45% (87/192)[35m[LazyVim] [0m[36m        clone[0m[90m | [0mUpdating files:  46% (89/192)[35m[LazyVim] [0m[36m        clone[0m[90m | [0mUpdating files:  47% (91/192)[35m[LazyVim] [0m[36m        clone[0m[90m | [0mUpdating files:  48% (93/192)[35m[LazyVim] [0m[36m        clone[0m[90m | [0mUpdating files:  49% (95/192)[35m[LazyVim] [0m[36m        clone[0m[90m | [0mUpdating files:  50% (96/192)[35m[nvim-treesitter] [0m[36mclone[0m[90m | [0mReceiving objects:  94% (25142/26746), 2.16 MiB | 1.38 MiB/s[35m[nvim-treesitter] [0m[36mclone[0m[90m | [0mReceiving objects:  95% (25409/26746), 2.16 MiB | 1.38 MiB/s[35m[nvim-treesitter] [0m[36mclone[0m[90m | [0mReceiving objects:  96% (25677/26746), 2.16 MiB | 1.38 MiB/s[35m[LazyVim] [0m[36m        clone[0m[90m | [0mUpdating files:  51% (98/192)[35m[LazyVim] [0m[36m        clone[0m[90m | [0mUpdating files:  52% (100/192)[35m[LazyVim] [0m[36m        clone[0m[90m | [0mUpdating files:  53% (102/192)[35m[LazyVim] [0m[36m        clone[0m[90m | [0mUpdating files:  54% (104/192)[35m[LazyVim] [0m[36m        clone[0m[90m | [0mUpdating files:  55% (106/192)[35m[LazyVim] [0m[36m        clone[0m[90m | [0mUpdating files:  56% (108/192)[35m[LazyVim] [0m[36m        clone[0m[90m | [0mUpdating files:  57% (110/192)[35m[LazyVim] [0m[36m        clone[0m[90m | [0mUpdating files:  58% (112/192)[35m[LazyVim] [0m[36m        clone[0m[90m | [0mUpdating files:  59% (114/192)[35m[LazyVim] [0m[36m        clone[0m[90m | [0mUpdating files:  60% (116/192)[35m[LazyVim] [0m[36m        clone[0m[90m | [0mUpdating files:  61% (118/192)[35m[LazyVim] [0m[36m        clone[0m[90m | [0mUpdating files:  62% (120/192)[35m[LazyVim] [0m[36m        clone[0m[90m | [0mUpdating files:  63% (121/192)[35m[LazyVim] [0m[36m        clone[0m[90m | [0mUpdating files:  64% (123/192)[35m[LazyVim] [0m[36m        clone[0m[90m | [0mUpdating files:  65% (125/192)[35m[LazyVim] [0m[36m        clone[0m[90m | [0mUpdating files:  66% (127/192)[35m[LazyVim] [0m[36m        clone[0m[90m | [0mUpdating files:  67% (129/192)[35m[LazyVim] [0m[36m        clone[0m[90m | [0mUpdating files:  68% (131/192)[35m[LazyVim] [0m[36m        clone[0m[90m | [0mUpdating files:  69% (133/192)[35m[LazyVim] [0m[36m        clone[0m[90m | [0mUpdating files:  70% (135/192)[35m[LazyVim] [0m[36m        clone[0m[90m | [0mUpdating files:  71% (137/192)[35m[LazyVim] [0m[36m        clone[0m[90m | [0mUpdating files:  72% (139/192)[35m[LazyVim] [0m[36m        clone[0m[90m | [0mUpdating files:  73% (141/192)[35m[LazyVim] [0m[36m        clone[0m[90m | [0mUpdating files:  74% (143/192)[35m[LazyVim] [0m[36m        clone[0m[90m | [0mUpdating files:  75% (144/192)[35m[LazyVim] [0m[36m        clone[0m[90m | [0mUpdating files:  76% (146/192)[35m[LazyVim] [0m[36m        clone[0m[90m | [0mUpdating files:  77% (148/192)[35m[LazyVim] [0m[36m        clone[0m[90m | [0mUpdating files:  78% (150/192)[35m[LazyVim] [0m[36m        clone[0m[90m | [0mUpdating files:  79% (152/192)[35m[LazyVim] [0m[36m        clone[0m[90m | [0mUpdating files:  80% (154/192)[35m[LazyVim] [0m[36m        clone[0m[90m | [0mUpdating files:  81% (156/192)[35m[LazyVim] [0m[36m        clone[0m[90m | [0mUpdating files:  82% (158/192)[35m[LazyVim] [0m[36m        clone[0m[90m | [0mUpdating files:  83% (160/192)[35m[LazyVim] [0m[36m        clone[0m[90m | [0mUpdating files:  84% (162/192)[35m[LazyVim] [0m[36m        clone[0m[90m | [0mUpdating files:  85% (164/192)[35m[LazyVim] [0m[36m        clone[0m[90m | [0mUpdating files:  86% (166/192)[35m[LazyVim] [0m[36m        clone[0m[90m | [0mUpdating files:  87% (168/192)[35m[LazyVim] [0m[36m        clone[0m[90m | [0mUpdating files:  88% (169/192)[35m[LazyVim] [0m[36m        clone[0m[90m | [0mUpdating files:  89% (171/192)[35m[LazyVim] [0m[36m        clone[0m[90m | [0mUpdating files:  90% (173/192)[35m[LazyVim] [0m[36m        clone[0m[90m | [0mUpdating files:  91% (175/192)[35m[LazyVim] [0m[36m        clone[0m[90m | [0mUpdating files:  92% (177/192)[35m[LazyVim] [0m[36m        clone[0m[90m | [0mUpdating files:  93% (179/192)[35m[LazyVim] [0m[36m        clone[0m[90m | [0mUpdating files:  94% (181/192)[35m[LazyVim] [0m[36m        clone[0m[90m | [0mUpdating files:  95% (183/192)[35m[LazyVim] [0m[36m        clone[0m[90m | [0mUpdating files:  96% (185/192)[35m[LazyVim] [0m[36m        clone[0m[90m | [0mUpdating files:  97% (187/192)[35m[LazyVim] [0m[36m        clone[0m[90m | [0mUpdating files:  98% (189/192)[35m[LazyVim] [0m[36m        clone[0m[90m | [0mUpdating files:  99% (191/192)[35m[LazyVim] [0m[36m        clone[0m[90m | [0mUpdating files: 100% (192/192)[35m[LazyVim] [0m[36m        clone[0m[90m | [0mUpdating files: 100% (192/192), done.
[35m[nvim-lspconfig] [0m[36m clone[0m[90m | [0mReceiving objects:  23% (3574/15482), 1.16 MiB | 765.00 KiB/s[35m[nvim-lspconfig] [0m[36m clone[0m[90m | [0mReceiving objects:  24% (3716/15482), 1.82 MiB | 910.00 KiB/s[35m[nvim-lspconfig] [0m[36m clone[0m[90m | [0mReceiving objects:  25% (3871/15482), 1.82 MiB | 910.00 KiB/s[35m[nvim-lspconfig] [0m[36m clone[0m[90m | [0mReceiving objects:  26% (4026/15482), 1.82 MiB | 910.00 KiB/s[35m[nvim-lspconfig] [0m[36m clone[0m[90m | [0mReceiving objects:  27% (4181/15482), 1.82 MiB | 910.00 KiB/s[35m[nvim-lspconfig] [0m[36m clone[0m[90m | [0mReceiving objects:  28% (4335/15482), 1.82 MiB | 910.00 KiB/s[35m[nvim-lspconfig] [0m[36m clone[0m[90m | [0mReceiving objects:  29% (4490/15482), 1.82 MiB | 910.00 KiB/s[35m[nvim-lspconfig] [0m[36m clone[0m[90m | [0mReceiving objects:  30% (4645/15482), 1.82 MiB | 910.00 KiB/s[35m[nvim-lspconfig] [0m[36m clone[0m[90m | [0mReceiving objects:  31% (4800/15482), 1.82 MiB | 910.00 KiB/s[35m[nvim-lspconfig] [0m[36m clone[0m[90m | [0mReceiving objects:  32% (4955/15482), 1.82 MiB | 910.00 KiB/s[35m[nvim-lspconfig] [0m[36m clone[0m[90m | [0mReceiving objects:  33% (5110/15482), 1.82 MiB | 910.00 KiB/s[35m[nvim-lspconfig] [0m[36m clone[0m[90m | [0mReceiving objects:  34% (5264/15482), 1.82 MiB | 910.00 KiB/s[35m[nvim-lspconfig] [0m[36m clone[0m[90m | [0mReceiving objects:  35% (5419/15482), 1.82 MiB | 910.00 KiB/s[35m[nvim-lspconfig] [0m[36m clone[0m[90m | [0mReceiving objects:  36% (5574/15482), 1.82 MiB | 910.00 KiB/s[35m[nvim-lspconfig] [0m[36m clone[0m[90m | [0mReceiving objects:  37% (5729/15482), 1.82 MiB | 910.00 KiB/s[35m[nvim-lspconfig] [0m[36m clone[0m[90m | [0mReceiving objects:  38% (5884/15482), 1.82 MiB | 910.00 KiB/s[35m[nvim-lspconfig] [0m[36m clone[0m[90m | [0mReceiving objects:  39% (6038/15482), 1.82 MiB | 910.00 KiB/s[35m[nvim-lspconfig] [0m[36m clone[0m[90m | [0mReceiving objects:  40% (6193/15482), 1.82 MiB | 910.00 KiB/s[35m[nvim-lspconfig] [0m[36m clone[0m[90m | [0mReceiving objects:  41% (6348/15482), 1.82 MiB | 910.00 KiB/s[35m[nvim-lspconfig] [0m[36m clone[0m[90m | [0mReceiving objects:  42% (6503/15482), 1.82 MiB | 910.00 KiB/s[35m[nvim-lspconfig] [0m[36m clone[0m[90m | [0mReceiving objects:  43% (6658/15482), 1.82 MiB | 910.00 KiB/s[35m[nvim-lspconfig] [0m[36m clone[0m[90m | [0mReceiving objects:  44% (6813/15482), 1.82 MiB | 910.00 KiB/s[35m[nvim-lspconfig] [0m[36m clone[0m[90m | [0mReceiving objects:  45% (6967/15482), 1.82 MiB | 910.00 KiB/s[35m[nvim-lspconfig] [0m[36m clone[0m[90m | [0mReceiving objects:  46% (7122/15482), 1.82 MiB | 910.00 KiB/s[35m[nvim-lspconfig] [0m[36m clone[0m[90m | [0mReceiving objects:  47% (7277/15482), 1.82 MiB | 910.00 KiB/s[35m[nvim-lspconfig] [0m[36m clone[0m[90m | [0mReceiving objects:  48% (7432/15482), 1.82 MiB | 910.00 KiB/s[35m[nvim-lspconfig] [0m[36m clone[0m[90m | [0mReceiving objects:  49% (7587/15482), 1.82 MiB | 910.00 KiB/s[35m[nvim-lspconfig] [0m[36m clone[0m[90m | [0mReceiving objects:  50% (7741/15482), 1.82 MiB | 910.00 KiB/s[35m[nvim-lspconfig] [0m[36m clone[0m[90m | [0mReceiving objects:  51% (7896/15482), 1.82 MiB | 910.00 KiB/s[35m[nvim-lspconfig] [0m[36m clone[0m[90m | [0mReceiving objects:  52% (8051/15482), 1.82 MiB | 910.00 KiB/s[35m[nvim-lspconfig] [0m[36m clone[0m[90m | [0mReceiving objects:  53% (8206/15482), 1.82 MiB | 910.00 KiB/s[35m[nvim-lspconfig] [0m[36m clone[0m[90m | [0mReceiving objects:  54% (8361/15482), 1.82 MiB | 910.00 KiB/s[35m[nvim-lspconfig] [0m[36m clone[0m[90m | [0mReceiving objects:  55% (8516/15482), 1.82 MiB | 910.00 KiB/s[35m[nvim-lspconfig] [0m[36m clone[0m[90m | [0mReceiving objects:  56% (8670/15482), 1.82 MiB | 910.00 KiB/s[35m[nvim-lspconfig] [0m[36m clone[0m[90m | [0mReceiving objects:  57% (8825/15482), 1.82 MiB | 910.00 KiB/s[35m[nvim-lspconfig] [0m[36m clone[0m[90m | [0mReceiving objects:  58% (8980/15482), 1.82 MiB | 910.00 KiB/s[35m[nvim-lspconfig] [0m[36m clone[0m[90m | [0mReceiving objects:  59% (9135/15482), 1.82 MiB | 910.00 KiB/s[35m[nvim-lspconfig] [0m[36m clone[0m[90m | [0mReceiving objects:  60% (9290/15482), 1.82 MiB | 910.00 KiB/s[35m[nvim-lspconfig] [0m[36m clone[0m[90m | [0mReceiving objects:  61% (9445/15482), 1.82 MiB | 910.00 KiB/s[35m[nvim-lspconfig] [0m[36m clone[0m[90m | [0mReceiving objects:  62% (9599/15482), 1.82 MiB | 910.00 KiB/s[35m[nvim-lspconfig] [0m[36m clone[0m[90m | [0mReceiving objects:  63% (9754/15482), 1.82 MiB | 910.00 KiB/s[35m[nvim-lspconfig] [0m[36m clone[0m[90m | [0mReceiving objects:  64% (9909/15482), 1.82 MiB | 910.00 KiB/s[35m[nvim-lspconfig] [0m[36m clone[0m[90m | [0mReceiving objects:  65% (10064/15482), 1.82 MiB | 910.00 KiB/s[35m[nvim-lspconfig] [0m[36m clone[0m[90m | [0mReceiving objects:  66% (10219/15482), 1.82 MiB | 910.00 KiB/s[35m[nvim-lspconfig] [0m[36m clone[0m[90m | [0mReceiving objects:  67% (10373/15482), 1.82 MiB | 910.00 KiB/s[35m[nvim-lspconfig] [0m[36m clone[0m[90m | [0mReceiving objects:  68% (10528/15482), 1.82 MiB | 910.00 KiB/s[35m[nvim-lspconfig] [0m[36m clone[0m[90m | [0mReceiving objects:  69% (10683/15482), 1.82 MiB | 910.00 KiB/s[35m[nvim-treesitter] [0m[36mclone[0m[90m | [0mReceiving objects:  96% (25908/26746), 2.16 MiB | 1.38 MiB/s[35m[nvim-treesitter] [0m[36mclone[0m[90m | [0mReceiving objects:  97% (25944/26746), 2.16 MiB | 1.38 MiB/s[35m[nvim-treesitter] [0m[36mclone[0m[90m | [0mReceiving objects:  98% (26212/26746), 2.16 MiB | 1.38 MiB/s[35m[nvim-treesitter] [0m[36mclone[0m[90m | [0mReceiving objects:  99% (26479/26746), 2.16 MiB | 1.38 MiB/s[35m[nvim-treesitter] [0m[36mclone[0m[90m | [0mremote: Total 26746 (delta 49), reused 49 (delta 43), pack-reused 26670 (from 2)        
[35m[nvim-treesitter] [0m[36mclone[0m[90m | [0mReceiving objects: 100% (26746/26746), 2.16 MiB | 1.38 MiB/s[35m[nvim-treesitter] [0m[36mclone[0m[90m | [0mReceiving objects: 100% (26746/26746), 3.54 MiB | 1.74 MiB/s, done.
[35m[nvim-treesitter] [0m[36mclone[0m[90m | [0mResolving deltas:   0% (0/14690)[35m[nvim-treesitter] [0m[36mclone[0m[90m | [0mResolving deltas:   1% (147/14690)[35m[nvim-treesitter] [0m[36mclone[0m[90m | [0mResolving deltas:   2% (294/14690)[35m[nvim-treesitter] [0m[36mclone[0m[90m | [0mResolving deltas:   3% (441/14690)[35m[nvim-treesitter] [0m[36mclone[0m[90m | [0mResolving deltas:   4% (588/14690)[35m[nvim-treesitter] [0m[36mclone[0m[90m | [0mResolving deltas:   5% (735/14690)[35m[nvim-treesitter] [0m[36mclone[0m[90m | [0mResolving deltas:   6% (882/14690)[35m[nvim-treesitter] [0m[36mclone[0m[90m | [0mResolving deltas:   7% (1030/14690)[35m[nvim-treesitter] [0m[36mclone[0m[90m | [0mResolving deltas:   8% (1176/14690)[35m[nvim-treesitter] [0m[36mclone[0m[90m | [0mResolving deltas:   9% (1323/14690)[35m[nvim-treesitter] [0m[36mclone[0m[90m | [0mResolving deltas:  10% (1472/14690)[35m[nvim-treesitter] [0m[36mclone[0m[90m | [0mResolving deltas:  11% (1616/14690)[35m[nvim-treesitter] [0m[36mclone[0m[90m | [0mResolving deltas:  12% (1763/14690)[35m[nvim-treesitter] [0m[36mclone[0m[90m | [0mResolving deltas:  13% (1913/14690)[35m[nvim-treesitter] [0m[36mclone[0m[90m | [0mResolving deltas:  14% (2057/14690)[35m[nvim-treesitter] [0m[36mclone[0m[90m | [0mResolving deltas:  15% (2204/14690)[35m[nvim-treesitter] [0m[36mclone[0m[90m | [0mResolving deltas:  16% (2351/14690)[35m[nvim-treesitter] [0m[36mclone[0m[90m | [0mResolving deltas:  17% (2498/14690)[35m[nvim-treesitter] [0m[36mclone[0m[90m | [0mResolving deltas:  18% (2646/14690)[35m[nvim-treesitter] [0m[36mclone[0m[90m | [0mResolving deltas:  19% (2792/14690)[35m[nvim-treesitter] [0m[36mclone[0m[90m | [0mResolving deltas:  20% (2939/14690)[35m[nvim-treesitter] [0m[36mclone[0m[90m | [0mResolving deltas:  21% (3086/14690)[35m[nvim-treesitter] [0m[36mclone[0m[90m | [0mResolving deltas:  22% (3233/14690)[35m[nvim-treesitter] [0m[36mclone[0m[90m | [0mResolving deltas:  23% (3380/14690)[35m[nvim-treesitter] [0m[36mclone[0m[90m | [0mResolving deltas:  24% (3526/14690)[35m[nvim-treesitter] [0m[36mclone[0m[90m | [0mResolving deltas:  25% (3674/14690)[35m[nvim-treesitter] [0m[36mclone[0m[90m | [0mResolving deltas:  26% (3820/14690)[35m[nvim-treesitter] [0m[36mclone[0m[90m | [0mResolving deltas:  27% (3967/14690)[35m[nvim-treesitter] [0m[36mclone[0m[90m | [0mResolving deltas:  28% (4114/14690)[35m[nvim-treesitter] [0m[36mclone[0m[90m | [0mResolving deltas:  29% (4261/14690)[35m[nvim-treesitter] [0m[36mclone[0m[90m | [0mResolving deltas:  30% (4408/14690)[35m[nvim-treesitter] [0m[36mclone[0m[90m | [0mResolving deltas:  31% (4554/14690)[35m[nvim-treesitter] [0m[36mclone[0m[90m | [0mResolving deltas:  32% (4701/14690)[35m[nvim-treesitter] [0m[36mclone[0m[90m | [0mResolving deltas:  33% (4848/14690)[35m[nvim-treesitter] [0m[36mclone[0m[90m | [0mResolving deltas:  34% (4996/14690)[35m[nvim-treesitter] [0m[36mclone[0m[90m | [0mResolving deltas:  35% (5143/14690)[35m[nvim-treesitter] [0m[36mclone[0m[90m | [0mResolving deltas:  36% (5290/14690)[35m[nvim-treesitter] [0m[36mclone[0m[90m | [0mResolving deltas:  37% (5436/14690)[35m[nvim-treesitter] [0m[36mclone[0m[90m | [0mResolving deltas:  38% (5583/14690)[35m[nvim-treesitter] [0m[36mclone[0m[90m | [0mResolving deltas:  39% (5730/14690)[35m[nvim-treesitter] [0m[36mclone[0m[90m | [0mResolving deltas:  40% (5876/14690)[35m[nvim-treesitter] [0m[36mclone[0m[90m | [0mResolving deltas:  41% (6023/14690)[35m[nvim-treesitter] [0m[36mclone[0m[90m | [0mResolving deltas:  42% (6170/14690)[35m[nvim-treesitter] [0m[36mclone[0m[90m | [0mResolving deltas:  43% (6317/14690)[35m[nvim-treesitter] [0m[36mclone[0m[90m | [0mResolving deltas:  44% (6465/14690)[35m[nvim-treesitter] [0m[36mclone[0m[90m | [0mResolving deltas:  45% (6612/14690)[35m[nvim-treesitter] [0m[36mclone[0m[90m | [0mResolving deltas:  46% (6758/14690)[35m[nvim-treesitter] [0m[36mclone[0m[90m | [0mResolving deltas:  47% (6905/14690)[35m[nvim-treesitter] [0m[36mclone[0m[90m | [0mResolving deltas:  48% (7053/14690)[35m[nvim-treesitter] [0m[36mclone[0m[90m | [0mResolving deltas:  49% (7201/14690)[35m[nvim-treesitter] [0m[36mclone[0m[90m | [0mResolving deltas:  50% (7345/14690)[35m[nvim-treesitter] [0m[36mclone[0m[90m | [0mResolving deltas:  51% (7492/14690)[35m[nvim-treesitter] [0m[36mclone[0m[90m | [0mResolving deltas:  52% (7640/14690)[35m[nvim-treesitter] [0m[36mclone[0m[90m | [0mResolving deltas:  53% (7786/14690)[35m[nvim-treesitter] [0m[36mclone[0m[90m | [0mResolving deltas:  54% (7934/14690)[35m[nvim-treesitter] [0m[36mclone[0m[90m | [0mResolving deltas:  55% (8080/14690)[35m[nvim-treesitter] [0m[36mclone[0m[90m | [0mResolving deltas:  56% (8227/14690)[35m[nvim-treesitter] [0m[36mclone[0m[90m | [0mResolving deltas:  57% (8374/14690)[35m[nvim-treesitter] [0m[36mclone[0m[90m | [0mResolving deltas:  58% (8522/14690)[35m[nvim-treesitter] [0m[36mclone[0m[90m | [0mResolving deltas:  59% (8668/14690)[35m[nvim-treesitter] [0m[36mclone[0m[90m | [0mResolving deltas:  60% (8814/14690)[35m[nvim-treesitter] [0m[36mclone[0m[90m | [0mResolving deltas:  61% (8962/14690)[35m[nvim-treesitter] [0m[36mclone[0m[90m | [0mResolving deltas:  62% (9110/14690)[35m[nvim-treesitter] [0m[36mclone[0m[90m | [0mResolving deltas:  63% (9255/14690)[35m[nvim-treesitter] [0m[36mclone[0m[90m | [0mResolving deltas:  64% (9402/14690)[35m[nvim-treesitter] [0m[36mclone[0m[90m | [0mResolving deltas:  65% (9549/14690)[35m[nvim-treesitter] [0m[36mclone[0m[90m | [0mResolving deltas:  66% (9696/14690)[35m[nvim-treesitter] [0m[36mclone[0m[90m | [0mResolving deltas:  67% (9843/14690)[35m[nvim-treesitter] [0m[36mclone[0m[90m | [0mResolving deltas:  68% (9991/14690)[35m[nvim-treesitter] [0m[36mclone[0m[90m | [0mResolving deltas:  69% (10137/14690)[35m[nvim-treesitter] [0m[36mclone[0m[90m | [0mResolving deltas:  70% (10283/14690)[35m[nvim-treesitter] [0m[36mclone[0m[90m | [0mResolving deltas:  71% (10432/14690)[35m[nvim-treesitter] [0m[36mclone[0m[90m | [0mResolving deltas:  72% (10578/14690)[35m[nvim-treesitter] [0m[36mclone[0m[90m | [0mResolving deltas:  73% (10724/14690)[35m[nvim-treesitter] [0m[36mclone[0m[90m | [0mResolving deltas:  74% (10871/14690)[35m[nvim-treesitter] [0m[36mclone[0m[90m | [0mResolving deltas:  75% (11018/14690)[35m[nvim-treesitter] [0m[36mclone[0m[90m | [0mResolving deltas:  76% (11165/14690)[35m[nvim-treesitter] [0m[36mclone[0m[90m | [0mResolving deltas:  77% (11312/14690)[35m[nvim-treesitter] [0m[36mclone[0m[90m | [0mResolving deltas:  78% (11459/14690)[35m[nvim-treesitter] [0m[36mclone[0m[90m | [0mResolving deltas:  79% (11608/14690)[35m[nvim-treesitter] [0m[36mclone[0m[90m | [0mResolving deltas:  80% (11752/14690)[35m[nvim-treesitter] [0m[36mclone[0m[90m | [0mResolving deltas:  81% (11899/14690)[35m[nvim-treesitter] [0m[36mclone[0m[90m | [0mResolving deltas:  82% (12046/14690)[35m[nvim-treesitter] [0m[36mclone[0m[90m | [0mResolving deltas:  83% (12193/14690)[35m[nvim-treesitter] [0m[36mclone[0m[90m | [0mResolving deltas:  84% (12340/14690)[35m[nvim-treesitter] [0m[36mclone[0m[90m | [0mResolving deltas:  85% (12487/14690)[35m[nvim-treesitter] [0m[36mclone[0m[90m | [0mResolving deltas:  86% (12634/14690)[35m[nvim-treesitter] [0m[36mclone[0m[90m | [0mResolving deltas:  87% (12781/14690)[35m[nvim-treesitter] [0m[36mclone[0m[90m | [0mResolving deltas:  88% (12928/14690)[35m[nvim-treesitter] [0m[36mclone[0m[90m | [0mResolving deltas:  89% (13078/14690)[35m[nvim-treesitter] [0m[36mclone[0m[90m | [0mResolving deltas:  90% (13221/14690)[35m[nvim-lspconfig] [0m[36m clone[0m[90m | [0mReceiving objects:  70% (10838/15482), 1.82 MiB | 910.00 KiB/s[35m[nvim-lspconfig] [0m[36m clone[0m[90m | [0mReceiving objects:  71% (10993/15482), 1.82 MiB | 910.00 KiB/s[35m[nvim-lspconfig] [0m[36m clone[0m[90m | [0mReceiving objects:  72% (11148/15482), 1.82 MiB | 910.00 KiB/s[35m[nvim-lspconfig] [0m[36m clone[0m[90m | [0mReceiving objects:  73% (11302/15482), 1.82 MiB | 910.00 KiB/s[35m[nvim-lspconfig] [0m[36m clone[0m[90m | [0mReceiving objects:  74% (11457/15482), 1.82 MiB | 910.00 KiB/s[35m[nvim-treesitter] [0m[36mclone[0m[90m | [0mResolving deltas:  91% (13368/14690)[35m[nvim-lspconfig] [0m[36m clone[0m[90m | [0mReceiving objects:  75% (11612/15482), 1.82 MiB | 910.00 KiB/s[35m[nvim-treesitter] [0m[36mclone[0m[90m | [0mResolving deltas:  92% (13515/14690)[35m[nvim-treesitter] [0m[36mclone[0m[90m | [0mResolving deltas:  93% (13662/14690)[35m[nvim-treesitter] [0m[36mclone[0m[90m | [0mResolving deltas:  94% (13810/14690)[35m[nvim-treesitter] [0m[36mclone[0m[90m | [0mResolving deltas:  95% (13956/14690)[35m[nvim-lspconfig] [0m[36m clone[0m[90m | [0mReceiving objects:  76% (11767/15482), 1.82 MiB | 910.00 KiB/s[35m[nvim-treesitter] [0m[36mclone[0m[90m | [0mResolving deltas:  96% (14103/14690)[35m[nvim-treesitter] [0m[36mclone[0m[90m | [0mResolving deltas:  97% (14250/14690)[35m[nvim-treesitter] [0m[36mclone[0m[90m | [0mResolving deltas:  98% (14397/14690)[35m[nvim-lspconfig] [0m[36m clone[0m[90m | [0mReceiving objects:  77% (11922/15482), 1.82 MiB | 910.00 KiB/s[35m[nvim-treesitter] [0m[36mclone[0m[90m | [0mResolving deltas:  99% (14544/14690)[35m[nvim-lspconfig] [0m[36m clone[0m[90m | [0mReceiving objects:  78% (12076/15482), 1.82 MiB | 910.00 KiB/s[35m[nvim-treesitter] [0m[36mclone[0m[90m | [0mResolving deltas: 100% (14690/14690)[35m[nvim-treesitter] [0m[36mclone[0m[90m | [0mResolving deltas: 100% (14690/14690), done.
[35m[nvim-lspconfig] [0m[36m clone[0m[90m | [0mReceiving objects:  79% (12231/15482), 1.82 MiB | 910.00 KiB/s[35m[nvim-lspconfig] [0m[36m clone[0m[90m | [0mReceiving objects:  80% (12386/15482), 1.82 MiB | 910.00 KiB/s[35m[nvim-lspconfig] [0m[36m clone[0m[90m | [0mReceiving objects:  81% (12541/15482), 1.82 MiB | 910.00 KiB/s[35m[nvim-lspconfig] [0m[36m clone[0m[90m | [0mReceiving objects:  82% (12696/15482), 1.82 MiB | 910.00 KiB/s[35m[nvim-lspconfig] [0m[36m clone[0m[90m | [0mReceiving objects:  83% (12851/15482), 1.82 MiB | 910.00 KiB/s[35m[nvim-lspconfig] [0m[36m clone[0m[90m | [0mReceiving objects:  84% (13005/15482), 1.82 MiB | 910.00 KiB/s[35m[nvim-lspconfig] [0m[36m clone[0m[90m | [0mReceiving objects:  85% (13160/15482), 1.82 MiB | 910.00 KiB/s[35m[nvim-lspconfig] [0m[36m clone[0m[90m | [0mReceiving objects:  86% (13315/15482), 1.82 MiB | 910.00 KiB/s[35m[nvim-lspconfig] [0m[36m clone[0m[90m | [0mReceiving objects:  87% (13470/15482), 1.82 MiB | 910.00 KiB/s[35m[nvim-lspconfig] [0m[36m clone[0m[90m | [0mReceiving objects:  88% (13625/15482), 1.82 MiB | 910.00 KiB/s[35m[nvim-lspconfig] [0m[36m clone[0m[90m | [0mReceiving objects:  89% (13779/15482), 1.82 MiB | 910.00 KiB/s[35m[nvim-lspconfig] [0m[36m clone[0m[90m | [0mReceiving objects:  90% (13934/15482), 1.82 MiB | 910.00 KiB/s[35m[nvim-lspconfig] [0m[36m clone[0m[90m | [0mReceiving objects:  91% (14089/15482), 1.82 MiB | 910.00 KiB/s[35m[nvim-lspconfig] [0m[36m clone[0m[90m | [0mReceiving objects:  92% (14244/15482), 1.82 MiB | 910.00 KiB/s[35m[nvim-lspconfig] [0m[36m clone[0m[90m | [0mReceiving objects:  93% (14399/15482), 1.82 MiB | 910.00 KiB/s[35m[nvim-lspconfig] [0m[36m clone[0m[90m | [0mReceiving objects:  94% (14554/15482), 1.82 MiB | 910.00 KiB/s[35m[nvim-lspconfig] [0m[36m clone[0m[90m | [0mReceiving objects:  95% (14708/15482), 1.82 MiB | 910.00 KiB/s[35m[nvim-lspconfig] [0m[36m clone[0m[90m | [0mReceiving objects:  96% (14863/15482), 1.82 MiB | 910.00 KiB/s[35m[nvim-lspconfig] [0m[36m clone[0m[90m | [0mReceiving objects:  97% (15018/15482), 1.82 MiB | 910.00 KiB/s[35m[nvim-lspconfig] [0m[36m clone[0m[90m | [0mReceiving objects:  98% (15173/15482), 1.82 MiB | 910.00 KiB/s[35m[nvim-lspconfig] [0m[36m clone[0m[90m | [0mReceiving objects:  99% (15328/15482), 1.82 MiB | 910.00 KiB/s[35m[nvim-lspconfig] [0m[36m clone[0m[90m | [0mremote: Total 15482 (delta 3115), reused 3025 (delta 3015), pack-reused 12320 (from 4)        
[35m[nvim-lspconfig] [0m[36m clone[0m[90m | [0mReceiving objects: 100% (15482/15482), 1.82 MiB | 910.00 KiB/s[35m[nvim-lspconfig] [0m[36m clone[0m[90m | [0mReceiving objects: 100% (15482/15482), 3.00 MiB | 1.33 MiB/s, done.
[35m[nvim-lspconfig] [0m[36m clone[0m[90m | [0mResolving deltas:   0% (0/8824)[35m[nvim-lspconfig] [0m[36m clone[0m[90m | [0mResolving deltas:   1% (89/8824)[35m[nvim-lspconfig] [0m[36m clone[0m[90m | [0mResolving deltas:   2% (177/8824)[35m[nvim-lspconfig] [0m[36m clone[0m[90m | [0mResolving deltas:   3% (265/8824)[35m[nvim-lspconfig] [0m[36m clone[0m[90m | [0mResolving deltas:   4% (353/8824)[35m[nvim-lspconfig] [0m[36m clone[0m[90m | [0mResolving deltas:   5% (443/8824)[35m[nvim-lspconfig] [0m[36m clone[0m[90m | [0mResolving deltas:   6% (530/8824)[35m[nvim-lspconfig] [0m[36m clone[0m[90m | [0mResolving deltas:   7% (619/8824)[35m[nvim-lspconfig] [0m[36m clone[0m[90m | [0mResolving deltas:   8% (706/8824)[35m[nvim-lspconfig] [0m[36m clone[0m[90m | [0mResolving deltas:   9% (795/8824)[35m[nvim-lspconfig] [0m[36m clone[0m[90m | [0mResolving deltas:  10% (883/8824)[35m[nvim-lspconfig] [0m[36m clone[0m[90m | [0mResolving deltas:  11% (971/8824)[35m[nvim-lspconfig] [0m[36m clone[0m[90m | [0mResolving deltas:  12% (1060/8824)[35m[nvim-lspconfig] [0m[36m clone[0m[90m | [0mResolving deltas:  13% (1149/8824)[35m[nvim-lspconfig] [0m[36m clone[0m[90m | [0mResolving deltas:  14% (1236/8824)[35m[nvim-lspconfig] [0m[36m clone[0m[90m | [0mResolving deltas:  15% (1324/8824)[35m[nvim-lspconfig] [0m[36m clone[0m[90m | [0mResolving deltas:  16% (1413/8824)[35m[nvim-lspconfig] [0m[36m clone[0m[90m | [0mResolving deltas:  17% (1501/8824)[35m[nvim-lspconfig] [0m[36m clone[0m[90m | [0mResolving deltas:  18% (1589/8824)[35m[nvim-lspconfig] [0m[36m clone[0m[90m | [0mResolving deltas:  19% (1677/8824)[35m[nvim-lspconfig] [0m[36m clone[0m[90m | [0mResolving deltas:  20% (1766/8824)[35m[nvim-lspconfig] [0m[36m clone[0m[90m | [0mResolving deltas:  21% (1854/8824)[35m[nvim-lspconfig] [0m[36m clone[0m[90m | [0mResolving deltas:  22% (1943/8824)[35m[nvim-lspconfig] [0m[36m clone[0m[90m | [0mResolving deltas:  23% (2031/8824)[35m[nvim-lspconfig] [0m[36m clone[0m[90m | [0mResolving deltas:  24% (2118/8824)[35m[nvim-lspconfig] [0m[36m clone[0m[90m | [0mResolving deltas:  25% (2206/8824)[35m[nvim-lspconfig] [0m[36m clone[0m[90m | [0mResolving deltas:  26% (2295/8824)[35m[nvim-lspconfig] [0m[36m clone[0m[90m | [0mResolving deltas:  27% (2383/8824)[35m[nvim-lspconfig] [0m[36m clone[0m[90m | [0mResolving deltas:  28% (2471/8824)[35m[nvim-lspconfig] [0m[36m clone[0m[90m | [0mResolving deltas:  29% (2559/8824)[35m[nvim-lspconfig] [0m[36m clone[0m[90m | [0mResolving deltas:  30% (2648/8824)[35m[nvim-lspconfig] [0m[36m clone[0m[90m | [0mResolving deltas:  31% (2737/8824)[35m[nvim-lspconfig] [0m[36m clone[0m[90m | [0mResolving deltas:  32% (2824/8824)[35m[nvim-lspconfig] [0m[36m clone[0m[90m | [0mResolving deltas:  33% (2912/8824)[35m[nvim-lspconfig] [0m[36m clone[0m[90m | [0mResolving deltas:  34% (3001/8824)[35m[nvim-lspconfig] [0m[36m clone[0m[90m | [0mResolving deltas:  35% (3089/8824)[35m[nvim-lspconfig] [0m[36m clone[0m[90m | [0mResolving deltas:  36% (3177/8824)[35m[nvim-lspconfig] [0m[36m clone[0m[90m | [0mResolving deltas:  37% (3265/8824)[35m[nvim-lspconfig] [0m[36m clone[0m[90m | [0mResolving deltas:  38% (3354/8824)[35m[nvim-lspconfig] [0m[36m clone[0m[90m | [0mResolving deltas:  39% (3442/8824)[35m[nvim-lspconfig] [0m[36m clone[0m[90m | [0mResolving deltas:  40% (3530/8824)[35m[nvim-lspconfig] [0m[36m clone[0m[90m | [0mResolving deltas:  41% (3618/8824)[35m[nvim-lspconfig] [0m[36m clone[0m[90m | [0mResolving deltas:  42% (3709/8824)[35m[nvim-lspconfig] [0m[36m clone[0m[90m | [0mResolving deltas:  43% (3795/8824)[35m[nvim-lspconfig] [0m[36m clone[0m[90m | [0mResolving deltas:  44% (3883/8824)[35m[nvim-lspconfig] [0m[36m clone[0m[90m | [0mResolving deltas:  45% (3971/8824)[35m[nvim-lspconfig] [0m[36m clone[0m[90m | [0mResolving deltas:  46% (4060/8824)[35m[nvim-lspconfig] [0m[36m clone[0m[90m | [0mResolving deltas:  47% (4148/8824)[35m[nvim-lspconfig] [0m[36m clone[0m[90m | [0mResolving deltas:  48% (4237/8824)[35m[nvim-lspconfig] [0m[36m clone[0m[90m | [0mResolving deltas:  49% (4324/8824)[35m[nvim-lspconfig] [0m[36m clone[0m[90m | [0mResolving deltas:  50% (4412/8824)[35m[nvim-lspconfig] [0m[36m clone[0m[90m | [0mResolving deltas:  51% (4501/8824)[35m[nvim-lspconfig] [0m[36m clone[0m[90m | [0mResolving deltas:  52% (4591/8824)[35m[nvim-lspconfig] [0m[36m clone[0m[90m | [0mResolving deltas:  53% (4678/8824)[35m[nvim-lspconfig] [0m[36m clone[0m[90m | [0mResolving deltas:  54% (4765/8824)[35m[nvim-lspconfig] [0m[36m clone[0m[90m | [0mResolving deltas:  55% (4855/8824)[35m[nvim-lspconfig] [0m[36m clone[0m[90m | [0mResolving deltas:  56% (4942/8824)[35m[nvim-web-devicons] [0m[36mclone[0m[90m | [0mCloning into 'C:/Users/tOpGuNN/AppData/Local/nvim-data/lazy/nvim-web-devicons'...
[35m[nvim-lspconfig] [0m[36m clone[0m[90m | [0mResolving deltas:  57% (5030/8824)[35m[nvim-lspconfig] [0m[36m clone[0m[90m | [0mResolving deltas:  58% (5118/8824)[35m[nvim-lspconfig] [0m[36m clone[0m[90m | [0mResolving deltas:  59% (5208/8824)[35m[nvim-lspconfig] [0m[36m clone[0m[90m | [0mResolving deltas:  60% (5295/8824)[35m[nvim-lspconfig] [0m[36m clone[0m[90m | [0mResolving deltas:  61% (5383/8824)[35m[nvim-lspconfig] [0m[36m clone[0m[90m | [0mResolving deltas:  62% (5471/8824)[35m[nvim-lspconfig] [0m[36m clone[0m[90m | [0mResolving deltas:  63% (5560/8824)[35m[nvim-lspconfig] [0m[36m clone[0m[90m | [0mResolving deltas:  64% (5648/8824)[35m[nvim-lspconfig] [0m[36m clone[0m[90m | [0mResolving deltas:  65% (5737/8824)[35m[nvim-lspconfig] [0m[36m clone[0m[90m | [0mResolving deltas:  66% (5825/8824)[35m[nvim-lspconfig] [0m[36m clone[0m[90m | [0mResolving deltas:  67% (5913/8824)[35m[conform.nvim] [0m[36m   clone[0m[90m | [0mUpdating files:   0% (2/325)[35m[nvim-lspconfig] [0m[36m clone[0m[90m | [0mResolving deltas:  68% (6001/8824)[35m[conform.nvim] [0m[36m   clone[0m[90m | [0mUpdating files:   1% (4/325)[35m[nvim-lspconfig] [0m[36m clone[0m[90m | [0mResolving deltas:  69% (6089/8824)[35m[nvim-lspconfig] [0m[36m clone[0m[90m | [0mResolving deltas:  70% (6177/8824)[35m[nvim-lspconfig] [0m[36m clone[0m[90m | [0mResolving deltas:  71% (6266/8824)[35m[nvim-lspconfig] [0m[36m clone[0m[90m | [0mResolving deltas:  72% (6354/8824)[35m[nvim-lspconfig] [0m[36m clone[0m[90m | [0mResolving deltas:  73% (6443/8824)[35m[claudecode.nvim] [0m[36mclone[0m[90m | [0mUpdating files:   0% (2/291)[35m[conform.nvim] [0m[36m   clone[0m[90m | [0mUpdating files:   2% (7/325)[35m[nvim-lspconfig] [0m[36m clone[0m[90m | [0mResolving deltas:  74% (6530/8824)[35m[claudecode.nvim] [0m[36mclone[0m[90m | [0mUpdating files:   1% (3/291)[35m[nvim-lspconfig] [0m[36m clone[0m[90m | [0mResolving deltas:  75% (6618/8824)[35m[nvim-lspconfig] [0m[36m clone[0m[90m | [0mResolving deltas:  76% (6707/8824)[35m[nvim-lspconfig] [0m[36m clone[0m[90m | [0mResolving deltas:  77% (6795/8824)[35m[nvim-lspconfig] [0m[36m clone[0m[90m | [0mResolving deltas:  78% (6883/8824)[35m[conform.nvim] [0m[36m   clone[0m[90m | [0mUpdating files:   3% (10/325)[35m[nvim-lspconfig] [0m[36m clone[0m[90m | [0mResolving deltas:  79% (6971/8824)[35m[claudecode.nvim] [0m[36mclone[0m[90m | [0mUpdating files:   2% (6/291)[35m[nvim-lspconfig] [0m[36m clone[0m[90m | [0mResolving deltas:  80% (7060/8824)[35m[nvim-lspconfig] [0m[36m clone[0m[90m | [0mResolving deltas:  81% (7149/8824)[35m[nvim-lspconfig] [0m[36m clone[0m[90m | [0mResolving deltas:  82% (7236/8824)[35m[conform.nvim] [0m[36m   clone[0m[90m | [0mUpdating files:   4% (13/325)[35m[nvim-lspconfig] [0m[36m clone[0m[90m | [0mResolving deltas:  83% (7324/8824)[35m[claudecode.nvim] [0m[36mclone[0m[90m | [0mUpdating files:   3% (9/291)[35m[nvim-lspconfig] [0m[36m clone[0m[90m | [0mResolving deltas:  84% (7413/8824)[35m[nvim-lspconfig] [0m[36m clone[0m[90m | [0mResolving deltas:  85% (7501/8824)[35m[nvim-lspconfig] [0m[36m clone[0m[90m | [0mResolving deltas:  86% (7589/8824)[35m[conform.nvim] [0m[36m   clone[0m[90m | [0mUpdating files:   5% (17/325)[35m[nvim-lspconfig] [0m[36m clone[0m[90m | [0mResolving deltas:  87% (7677/8824)[35m[nvim-lspconfig] [0m[36m clone[0m[90m | [0mResolving deltas:  88% (7766/8824)[35m[nvim-lspconfig] [0m[36m clone[0m[90m | [0mResolving deltas:  89% (7854/8824)[35m[claudecode.nvim] [0m[36mclone[0m[90m | [0mUpdating files:   4% (12/291)[35m[nvim-lspconfig] [0m[36m clone[0m[90m | [0mResolving deltas:  90% (7943/8824)[35m[nvim-lspconfig] [0m[36m clone[0m[90m | [0mResolving deltas:  91% (8030/8824)[35m[conform.nvim] [0m[36m   clone[0m[90m | [0mUpdating files:   6% (20/325)[35m[claudecode.nvim] [0m[36mclone[0m[90m | [0mUpdating files:   5% (15/291)[35m[claudecode.nvim] [0m[36mclone[0m[90m | [0mUpdating files:   6% (18/291)[35m[nvim-lspconfig] [0m[36m clone[0m[90m | [0mResolving deltas:  92% (8119/8824)[35m[nvim-lspconfig] [0m[36m clone[0m[90m | [0mResolving deltas:  93% (8207/8824)[35m[nvim-lspconfig] [0m[36m clone[0m[90m | [0mResolving deltas:  94% (8295/8824)[35m[conform.nvim] [0m[36m   clone[0m[90m | [0mUpdating files:   7% (23/325)[35m[nvim-lspconfig] [0m[36m clone[0m[90m | [0mResolving deltas:  95% (8385/8824)[35m[nvim-lspconfig] [0m[36m clone[0m[90m | [0mResolving deltas:  96% (8472/8824)[35m[nvim-lspconfig] [0m[36m clone[0m[90m | [0mResolving deltas:  97% (8560/8824)[35m[claudecode.nvim] [0m[36mclone[0m[90m | [0mUpdating files:   7% (21/291)[35m[conform.nvim] [0m[36m   clone[0m[90m | [0mUpdating files:   8% (26/325)[35m[nvim-lspconfig] [0m[36m clone[0m[90m | [0mResolving deltas:  98% (8648/8824)[35m[nvim-lspconfig] [0m[36m clone[0m[90m | [0mResolving deltas:  99% (8736/8824)[35m[nvim-lspconfig] [0m[36m clone[0m[90m | [0mResolving deltas: 100% (8824/8824)[35m[claudecode.nvim] [0m[36mclone[0m[90m | [0mUpdating files:   8% (24/291)[35m[claudecode.nvim] [0m[36mclone[0m[90m | [0mUpdating files:   9% (27/291)[35m[conform.nvim] [0m[36m   clone[0m[90m | [0mUpdating files:   9% (30/325)[35m[conform.nvim] [0m[36m   clone[0m[90m | [0mUpdating files:  10% (33/325)[35m[nvim-lspconfig] [0m[36m clone[0m[90m | [0mResolving deltas: 100% (8824/8824), done.
[35m[claudecode.nvim] [0m[36mclone[0m[90m | [0mUpdating files:  10% (30/291)[35m[conform.nvim] [0m[36m   clone[0m[90m | [0mUpdating files:  11% (36/325)[35m[claudecode.nvim] [0m[36mclone[0m[90m | [0mUpdating files:  11% (33/291)[35m[conform.nvim] [0m[36m   clone[0m[90m | [0mUpdating files:  12% (39/325)[35m[claudecode.nvim] [0m[36mclone[0m[90m | [0mUpdating files:  12% (35/291)[35m[claudecode.nvim] [0m[36mclone[0m[90m | [0mUpdating files:  13% (38/291)[35m[claudecode.nvim] [0m[36mclone[0m[90m | [0mUpdating files:  14% (41/291)[35m[conform.nvim] [0m[36m   clone[0m[90m | [0mUpdating files:  13% (43/325)[35m[conform.nvim] [0m[36m   clone[0m[90m | [0mUpdating files:  14% (46/325)[35m[claudecode.nvim] [0m[36mclone[0m[90m | [0mUpdating files:  15% (44/291)[35m[conform.nvim] [0m[36m   clone[0m[90m | [0mUpdating files:  15% (49/325)[35m[claudecode.nvim] [0m[36mclone[0m[90m | [0mUpdating files:  16% (47/291)[35m[conform.nvim] [0m[36m   clone[0m[90m | [0mUpdating files:  16% (52/325)[35m[claudecode.nvim] [0m[36mclone[0m[90m | [0mUpdating files:  17% (50/291)[35m[conform.nvim] [0m[36m   clone[0m[90m | [0mUpdating files:  17% (56/325)[35m[claudecode.nvim] [0m[36mclone[0m[90m | [0mUpdating files:  18% (53/291)[35m[conform.nvim] [0m[36m   clone[0m[90m | [0mUpdating files:  18% (59/325)[35m[claudecode.nvim] [0m[36mclone[0m[90m | [0mUpdating files:  19% (56/291)[35m[conform.nvim] [0m[36m   clone[0m[90m | [0mUpdating files:  19% (62/325)[35m[claudecode.nvim] [0m[36mclone[0m[90m | [0mUpdating files:  20% (59/291)[35m[conform.nvim] [0m[36m   clone[0m[90m | [0mUpdating files:  20% (65/325)[35m[conform.nvim] [0m[36m   clone[0m[90m | [0mUpdating files:  21% (69/325)[35m[claudecode.nvim] [0m[36mclone[0m[90m | [0mUpdating files:  21% (62/291)[35m[conform.nvim] [0m[36m   clone[0m[90m | [0mUpdating files:  22% (72/325)[35m[claudecode.nvim] [0m[36mclone[0m[90m | [0mUpdating files:  22% (65/291)[35m[conform.nvim] [0m[36m   clone[0m[90m | [0mUpdating files:  23% (75/325)[35m[claudecode.nvim] [0m[36mclone[0m[90m | [0mUpdating files:  23% (67/291)[35m[conform.nvim] [0m[36m   clone[0m[90m | [0mUpdating files:  24% (78/325)[35m[claudecode.nvim] [0m[36mclone[0m[90m | [0mUpdating files:  24% (70/291)[35m[conform.nvim] [0m[36m   clone[0m[90m | [0mUpdating files:  25% (82/325)[35m[conform.nvim] [0m[36m   clone[0m[90m | [0mUpdating files:  26% (85/325)[35m[conform.nvim] [0m[36m   clone[0m[90m | [0mUpdating files:  27% (88/325)[35m[claudecode.nvim] [0m[36mclone[0m[90m | [0mUpdating files:  25% (73/291)[35m[conform.nvim] [0m[36m   clone[0m[90m | [0mUpdating files:  28% (91/325)[35m[claudecode.nvim] [0m[36mclone[0m[90m | [0mUpdating files:  26% (76/291)[35m[conform.nvim] [0m[36m   clone[0m[90m | [0mUpdating files:  29% (95/325)[35m[claudecode.nvim] [0m[36mclone[0m[90m | [0mUpdating files:  27% (79/291)[35m[conform.nvim] [0m[36m   clone[0m[90m | [0mUpdating files:  30% (98/325)[35m[claudecode.nvim] [0m[36mclone[0m[90m | [0mUpdating files:  28% (82/291)[35m[conform.nvim] [0m[36m   clone[0m[90m | [0mUpdating files:  31% (101/325)[35m[conform.nvim] [0m[36m   clone[0m[90m | [0mUpdating files:  32% (104/325)[35m[claudecode.nvim] [0m[36mclone[0m[90m | [0mUpdating files:  29% (85/291)[35m[conform.nvim] [0m[36m   clone[0m[90m | [0mUpdating files:  33% (108/325)[35m[claudecode.nvim] [0m[36mclone[0m[90m | [0mUpdating files:  30% (88/291)[35m[conform.nvim] [0m[36m   clone[0m[90m | [0mUpdating files:  34% (111/325)[35m[conform.nvim] [0m[36m   clone[0m[90m | [0mUpdating files:  35% (114/325)[35m[claudecode.nvim] [0m[36mclone[0m[90m | [0mUpdating files:  31% (91/291)[35m[conform.nvim] [0m[36m   clone[0m[90m | [0mUpdating files:  36% (117/325)[35m[claudecode.nvim] [0m[36mclone[0m[90m | [0mUpdating files:  32% (94/291)[35m[conform.nvim] [0m[36m   clone[0m[90m | [0mUpdating files:  37% (121/325)[35m[claudecode.nvim] [0m[36mclone[0m[90m | [0mUpdating files:  33% (97/291)[35m[conform.nvim] [0m[36m   clone[0m[90m | [0mUpdating files:  38% (124/325)[35m[claudecode.nvim] [0m[36mclone[0m[90m | [0mUpdating files:  34% (99/291)[35m[conform.nvim] [0m[36m   clone[0m[90m | [0mUpdating files:  39% (127/325)[35m[claudecode.nvim] [0m[36mclone[0m[90m | [0mUpdating files:  35% (102/291)[35m[conform.nvim] [0m[36m   clone[0m[90m | [0mUpdating files:  40% (130/325)[35m[claudecode.nvim] [0m[36mclone[0m[90m | [0mUpdating files:  36% (105/291)[35m[conform.nvim] [0m[36m   clone[0m[90m | [0mUpdating files:  41% (134/325)[35m[claudecode.nvim] [0m[36mclone[0m[90m | [0mUpdating files:  37% (108/291)[35m[conform.nvim] [0m[36m   clone[0m[90m | [0mUpdating files:  42% (137/325)[35m[conform.nvim] [0m[36m   clone[0m[90m | [0mUpdating files:  43% (140/325)[35m[claudecode.nvim] [0m[36mclone[0m[90m | [0mUpdating files:  38% (111/291)[35m[conform.nvim] [0m[36m   clone[0m[90m | [0mUpdating files:  44% (143/325)[35m[claudecode.nvim] [0m[36mclone[0m[90m | [0mUpdating files:  39% (114/291)[35m[conform.nvim] [0m[36m   clone[0m[90m | [0mUpdating files:  45% (147/325)[35m[claudecode.nvim] [0m[36mclone[0m[90m | [0mUpdating files:  40% (117/291)[35m[conform.nvim] [0m[36m   clone[0m[90m | [0mUpdating files:  46% (150/325)[35m[claudecode.nvim] [0m[36mclone[0m[90m | [0mUpdating files:  41% (120/291)[35m[conform.nvim] [0m[36m   clone[0m[90m | [0mUpdating files:  47% (153/325)[35m[conform.nvim] [0m[36m   clone[0m[90m | [0mUpdating files:  48% (156/325)[35m[claudecode.nvim] [0m[36mclone[0m[90m | [0mUpdating files:  42% (123/291)[35m[conform.nvim] [0m[36m   clone[0m[90m | [0mUpdating files:  49% (160/325)[35m[claudecode.nvim] [0m[36mclone[0m[90m | [0mUpdating files:  43% (126/291)[35m[conform.nvim] [0m[36m   clone[0m[90m | [0mUpdating files:  50% (163/325)[35m[claudecode.nvim] [0m[36mclone[0m[90m | [0mUpdating files:  44% (129/291)[35m[conform.nvim] [0m[36m   clone[0m[90m | [0mUpdating files:  51% (166/325)[35m[conform.nvim] [0m[36m   clone[0m[90m | [0mUpdating files:  52% (169/325)[35m[claudecode.nvim] [0m[36mclone[0m[90m | [0mUpdating files:  45% (131/291)[35m[claudecode.nvim] [0m[36mclone[0m[90m | [0mUpdating files:  46% (134/291)[35m[conform.nvim] [0m[36m   clone[0m[90m | [0mUpdating files:  53% (173/325)[35m[conform.nvim] [0m[36m   clone[0m[90m | [0mUpdating files:  54% (176/325)[35m[claudecode.nvim] [0m[36mclone[0m[90m | [0mUpdating files:  47% (137/291)[35m[conform.nvim] [0m[36m   clone[0m[90m | [0mUpdating files:  55% (179/325)[35m[conform.nvim] [0m[36m   clone[0m[90m | [0mUpdating files:  56% (182/325)[35m[claudecode.nvim] [0m[36mclone[0m[90m | [0mUpdating files:  48% (140/291)[35m[conform.nvim] [0m[36m   clone[0m[90m | [0mUpdating files:  57% (186/325)[35m[claudecode.nvim] [0m[36mclone[0m[90m | [0mUpdating files:  49% (143/291)[35m[conform.nvim] [0m[36m   clone[0m[90m | [0mUpdating files:  58% (189/325)[35m[claudecode.nvim] [0m[36mclone[0m[90m | [0mUpdating files:  50% (146/291)[35m[conform.nvim] [0m[36m   clone[0m[90m | [0mUpdating files:  59% (192/325)[35m[conform.nvim] [0m[36m   clone[0m[90m | [0mUpdating files:  60% (195/325)[35m[claudecode.nvim] [0m[36mclone[0m[90m | [0mUpdating files:  51% (149/291)[35m[claudecode.nvim] [0m[36mclone[0m[90m | [0mUpdating files:  52% (152/291)[35m[conform.nvim] [0m[36m   clone[0m[90m | [0mUpdating files:  61% (199/325)[35m[claudecode.nvim] [0m[36mclone[0m[90m | [0mUpdating files:  53% (155/291)[35m[conform.nvim] [0m[36m   clone[0m[90m | [0mUpdating files:  62% (202/325)[35m[conform.nvim] [0m[36m   clone[0m[90m | [0mUpdating files:  63% (205/325)[35m[claudecode.nvim] [0m[36mclone[0m[90m | [0mUpdating files:  54% (158/291)[35m[conform.nvim] [0m[36m   clone[0m[90m | [0mUpdating files:  64% (208/325)[35m[claudecode.nvim] [0m[36mclone[0m[90m | [0mUpdating files:  55% (161/291)[35m[conform.nvim] [0m[36m   clone[0m[90m | [0mUpdating files:  65% (212/325)[35m[claudecode.nvim] [0m[36mclone[0m[90m | [0mUpdating files:  56% (163/291)[35m[conform.nvim] [0m[36m   clone[0m[90m | [0mUpdating files:  66% (215/325)[35m[claudecode.nvim] [0m[36mclone[0m[90m | [0mUpdating files:  57% (166/291)[35m[conform.nvim] [0m[36m   clone[0m[90m | [0mUpdating files:  67% (218/325)[35m[claudecode.nvim] [0m[36mclone[0m[90m | [0mUpdating files:  58% (169/291)[35m[conform.nvim] [0m[36m   clone[0m[90m | [0mUpdating files:  68% (221/325)[35m[claudecode.nvim] [0m[36mclone[0m[90m | [0mUpdating files:  59% (172/291)[35m[claudecode.nvim] [0m[36mclone[0m[90m | [0mUpdating files:  60% (175/291)[35m[conform.nvim] [0m[36m   clone[0m[90m | [0mUpdating files:  69% (225/325)[35m[claudecode.nvim] [0m[36mclone[0m[90m | [0mUpdating files:  61% (178/291)[35m[conform.nvim] [0m[36m   clone[0m[90m | [0mUpdating files:  70% (228/325)[35m[conform.nvim] [0m[36m   clone[0m[90m | [0mUpdating files:  71% (231/325)[35m[claudecode.nvim] [0m[36mclone[0m[90m | [0mUpdating files:  62% (181/291)[35m[conform.nvim] [0m[36m   clone[0m[90m | [0mUpdating files:  72% (234/325)[35m[claudecode.nvim] [0m[36mclone[0m[90m | [0mUpdating files:  63% (184/291)[35m[conform.nvim] [0m[36m   clone[0m[90m | [0mUpdating files:  73% (238/325)[35m[claudecode.nvim] [0m[36mclone[0m[90m | [0mUpdating files:  64% (187/291)[35m[conform.nvim] [0m[36m   clone[0m[90m | [0mUpdating files:  74% (241/325)[35m[conform.nvim] [0m[36m   clone[0m[90m | [0mUpdating files:  74% (243/325)[35m[claudecode.nvim] [0m[36mclone[0m[90m | [0mUpdating files:  65% (190/291)[35m[conform.nvim] [0m[36m   clone[0m[90m | [0mUpdating files:  75% (244/325)[35m[claudecode.nvim] [0m[36mclone[0m[90m | [0mUpdating files:  66% (193/291)[35m[conform.nvim] [0m[36m   clone[0m[90m | [0mUpdating files:  76% (247/325)[35m[claudecode.nvim] [0m[36mclone[0m[90m | [0mUpdating files:  67% (195/291)[35m[conform.nvim] [0m[36m   clone[0m[90m | [0mUpdating files:  77% (251/325)[35m[claudecode.nvim] [0m[36mclone[0m[90m | [0mUpdating files:  68% (198/291)[35m[conform.nvim] [0m[36m   clone[0m[90m | [0mUpdating files:  78% (254/325)[35m[claudecode.nvim] [0m[36mclone[0m[90m | [0mUpdating files:  69% (201/291)[35m[conform.nvim] [0m[36m   clone[0m[90m | [0mUpdating files:  79% (257/325)[35m[claudecode.nvim] [0m[36mclone[0m[90m | [0mUpdating files:  70% (204/291)[35m[conform.nvim] [0m[36m   clone[0m[90m | [0mUpdating files:  80% (260/325)[35m[claudecode.nvim] [0m[36mclone[0m[90m | [0mUpdating files:  71% (207/291)[35m[conform.nvim] [0m[36m   clone[0m[90m | [0mUpdating files:  81% (264/325)[35m[claudecode.nvim] [0m[36mclone[0m[90m | [0mUpdating files:  72% (210/291)[35m[conform.nvim] [0m[36m   clone[0m[90m | [0mUpdating files:  82% (267/325)[35m[claudecode.nvim] [0m[36mclone[0m[90m | [0mUpdating files:  73% (213/291)[35m[conform.nvim] [0m[36m   clone[0m[90m | [0mUpdating files:  83% (270/325)[35m[claudecode.nvim] [0m[36mclone[0m[90m | [0mUpdating files:  74% (216/291)[35m[conform.nvim] [0m[36m   clone[0m[90m | [0mUpdating files:  84% (273/325)[35m[claudecode.nvim] [0m[36mclone[0m[90m | [0mUpdating files:  75% (219/291)[35m[conform.nvim] [0m[36m   clone[0m[90m | [0mUpdating files:  85% (277/325)[35m[claudecode.nvim] [0m[36mclone[0m[90m | [0mUpdating files:  76% (222/291)[35m[conform.nvim] [0m[36m   clone[0m[90m | [0mUpdating files:  86% (280/325)[35m[conform.nvim] [0m[36m   clone[0m[90m | [0mUpdating files:  87% (283/325)[35m[claudecode.nvim] [0m[36mclone[0m[90m | [0mUpdating files:  77% (225/291)[35m[conform.nvim] [0m[36m   clone[0m[90m | [0mUpdating files:  88% (286/325)[35m[claudecode.nvim] [0m[36mclone[0m[90m | [0mUpdating files:  78% (227/291)[35m[claudecode.nvim] [0m[36mclone[0m[90m | [0mUpdating files:  79% (230/291)[35m[conform.nvim] [0m[36m   clone[0m[90m | [0mUpdating files:  89% (290/325)[35m[claudecode.nvim] [0m[36mclone[0m[90m | [0mUpdating files:  80% (233/291)[35m[conform.nvim] [0m[36m   clone[0m[90m | [0mUpdating files:  90% (293/325)[35m[claudecode.nvim] [0m[36mclone[0m[90m | [0mUpdating files:  81% (236/291)[35m[conform.nvim] [0m[36m   clone[0m[90m | [0mUpdating files:  91% (296/325)[35m[claudecode.nvim] [0m[36mclone[0m[90m | [0mUpdating files:  82% (239/291)[35m[conform.nvim] [0m[36m   clone[0m[90m | [0mUpdating files:  92% (299/325)[35m[claudecode.nvim] [0m[36mclone[0m[90m | [0mUpdating files:  83% (242/291)[35m[conform.nvim] [0m[36m   clone[0m[90m | [0mUpdating files:  93% (303/325)[35m[claudecode.nvim] [0m[36mclone[0m[90m | [0mUpdating files:  84% (245/291)[35m[conform.nvim] [0m[36m   clone[0m[90m | [0mUpdating files:  94% (306/325)[35m[claudecode.nvim] [0m[36mclone[0m[90m | [0mUpdating files:  85% (248/291)[35m[claudecode.nvim] [0m[36mclone[0m[90m | [0mUpdating files:  86% (251/291)[35m[conform.nvim] [0m[36m   clone[0m[90m | [0mUpdating files:  95% (309/325)[35m[claudecode.nvim] [0m[36mclone[0m[90m | [0mUpdating files:  87% (254/291)[35m[conform.nvim] [0m[36m   clone[0m[90m | [0mUpdating files:  96% (312/325)[35m[claudecode.nvim] [0m[36mclone[0m[90m | [0mUpdating files:  88% (257/291)[35m[claudecode.nvim] [0m[36mclone[0m[90m | [0mUpdating files:  89% (259/291)[35m[conform.nvim] [0m[36m   clone[0m[90m | [0mUpdating files:  97% (316/325)[35m[claudecode.nvim] [0m[36mclone[0m[90m | [0mUpdating files:  90% (262/291)[35m[conform.nvim] [0m[36m   clone[0m[90m | [0mUpdating files:  98% (319/325)[35m[conform.nvim] [0m[36m   clone[0m[90m | [0mUpdating files:  99% (322/325)[35m[claudecode.nvim] [0m[36mclone[0m[90m | [0mUpdating files:  91% (265/291)[35m[conform.nvim] [0m[36m   clone[0m[90m | [0mUpdating files: 100% (325/325)[35m[conform.nvim] [0m[36m   clone[0m[90m | [0mUpdating files: 100% (325/325), done.
[35m[claudecode.nvim] [0m[36mclone[0m[90m | [0mUpdating files:  92% (268/291)[35m[claudecode.nvim] [0m[36mclone[0m[90m | [0mUpdating files:  93% (271/291)[35m[claudecode.nvim] [0m[36mclone[0m[90m | [0mUpdating files:  94% (274/291)[35m[claudecode.nvim] [0m[36mclone[0m[90m | [0mUpdating files:  95% (277/291)[35m[claudecode.nvim] [0m[36mclone[0m[90m | [0mUpdating files:  96% (280/291)[35m[claudecode.nvim] [0m[36mclone[0m[90m | [0mUpdating files:  97% (283/291)[35m[claudecode.nvim] [0m[36mclone[0m[90m | [0mUpdating files:  98% (286/291)[35m[claudecode.nvim] [0m[36mclone[0m[90m | [0mUpdating files:  99% (289/291)[35m[claudecode.nvim] [0m[36mclone[0m[90m | [0mUpdating files: 100% (291/291)[35m[claudecode.nvim] [0m[36mclone[0m[90m | [0mUpdating files: 100% (291/291), done.
[35m[friendly-snippets] [0m[36mclone[0m[90m | [0mUpdating files:   1% (2/150)[35m[friendly-snippets] [0m[36mclone[0m[90m | [0mUpdating files:   2% (3/150)[35m[auto-session] [0m[36m   clone[0m[90m | [0mUpdating files:   2% (2/70)[35m[auto-session] [0m[36m   clone[0m[90m | [0mUpdating files:   4% (3/70)[35m[friendly-snippets] [0m[36mclone[0m[90m | [0mUpdating files:   3% (5/150)[35m[auto-session] [0m[36m   clone[0m[90m | [0mUpdating files:   5% (4/70)[35m[friendly-snippets] [0m[36mclone[0m[90m | [0mUpdating files:   4% (6/150)[35m[auto-session] [0m[36m   clone[0m[90m | [0mUpdating files:   7% (5/70)[35m[auto-session] [0m[36m   clone[0m[90m | [0mUpdating files:   8% (6/70)[35m[auto-session] [0m[36m   clone[0m[90m | [0mUpdating files:  10% (7/70)[35m[friendly-snippets] [0m[36mclone[0m[90m | [0mUpdating files:   5% (8/150)[35m[auto-session] [0m[36m   clone[0m[90m | [0mUpdating files:  11% (8/70)[35m[friendly-snippets] [0m[36mclone[0m[90m | [0mUpdating files:   6% (9/150)[35m[auto-session] [0m[36m   clone[0m[90m | [0mUpdating files:  12% (9/70)[35m[auto-session] [0m[36m   clone[0m[90m | [0mUpdating files:  14% (10/70)[35m[friendly-snippets] [0m[36mclone[0m[90m | [0mUpdating files:   7% (11/150)[35m[auto-session] [0m[36m   clone[0m[90m | [0mUpdating files:  15% (11/70)[35m[friendly-snippets] [0m[36mclone[0m[90m | [0mUpdating files:   8% (12/150)[35m[auto-session] [0m[36m   clone[0m[90m | [0mUpdating files:  17% (12/70)[35m[auto-session] [0m[36m   clone[0m[90m | [0mUpdating files:  18% (13/70)[35m[friendly-snippets] [0m[36mclone[0m[90m | [0mUpdating files:   9% (14/150)[35m[auto-session] [0m[36m   clone[0m[90m | [0mUpdating files:  20% (14/70)[35m[auto-session] [0m[36m   clone[0m[90m | [0mUpdating files:  21% (15/70)[35m[friendly-snippets] [0m[36mclone[0m[90m | [0mUpdating files:  10% (15/150)[35m[friendly-snippets] [0m[36mclone[0m[90m | [0mUpdating files:  11% (17/150)[35m[auto-session] [0m[36m   clone[0m[90m | [0mUpdating files:  22% (16/70)[35m[friendly-snippets] [0m[36mclone[0m[90m | [0mUpdating files:  12% (18/150)[35m[auto-session] [0m[36m   clone[0m[90m | [0mUpdating files:  24% (17/70)[35m[auto-session] [0m[36m   clone[0m[90m | [0mUpdating files:  25% (18/70)[35m[auto-session] [0m[36m   clone[0m[90m | [0mUpdating files:  27% (19/70)[35m[friendly-snippets] [0m[36mclone[0m[90m | [0mUpdating files:  13% (20/150)[35m[auto-session] [0m[36m   clone[0m[90m | [0mUpdating files:  28% (20/70)[35m[auto-session] [0m[36m   clone[0m[90m | [0mUpdating files:  30% (21/70)[35m[friendly-snippets] [0m[36mclone[0m[90m | [0mUpdating files:  14% (21/150)[35m[auto-session] [0m[36m   clone[0m[90m | [0mUpdating files:  31% (22/70)[35m[auto-session] [0m[36m   clone[0m[90m | [0mUpdating files:  32% (23/70)[35m[friendly-snippets] [0m[36mclone[0m[90m | [0mUpdating files:  15% (23/150)[35m[auto-session] [0m[36m   clone[0m[90m | [0mUpdating files:  34% (24/70)[35m[friendly-snippets] [0m[36mclone[0m[90m | [0mUpdating files:  16% (24/150)[35m[friendly-snippets] [0m[36mclone[0m[90m | [0mUpdating files:  17% (26/150)[35m[auto-session] [0m[36m   clone[0m[90m | [0mUpdating files:  35% (25/70)[35m[friendly-snippets] [0m[36mclone[0m[90m | [0mUpdating files:  18% (27/150)[35m[auto-session] [0m[36m   clone[0m[90m | [0mUpdating files:  37% (26/70)[35m[auto-session] [0m[36m   clone[0m[90m | [0mUpdating files:  38% (27/70)[35m[friendly-snippets] [0m[36mclone[0m[90m | [0mUpdating files:  19% (29/150)[35m[friendly-snippets] [0m[36mclone[0m[90m | [0mUpdating files:  20% (30/150)[35m[auto-session] [0m[36m   clone[0m[90m | [0mUpdating files:  40% (28/70)[35m[auto-session] [0m[36m   clone[0m[90m | [0mUpdating files:  41% (29/70)[35m[friendly-snippets] [0m[36mclone[0m[90m | [0mUpdating files:  21% (32/150)[35m[auto-session] [0m[36m   clone[0m[90m | [0mUpdating files:  42% (30/70)[35m[friendly-snippets] [0m[36mclone[0m[90m | [0mUpdating files:  22% (33/150)[35m[auto-session] [0m[36m   clone[0m[90m | [0mUpdating files:  44% (31/70)[35m[auto-session] [0m[36m   clone[0m[90m | [0mUpdating files:  45% (32/70)[35m[auto-session] [0m[36m   clone[0m[90m | [0mUpdating files:  47% (33/70)[35m[friendly-snippets] [0m[36mclone[0m[90m | [0mUpdating files:  23% (35/150)[35m[auto-session] [0m[36m   clone[0m[90m | [0mUpdating files:  48% (34/70)[35m[auto-session] [0m[36m   clone[0m[90m | [0mUpdating files:  50% (35/70)[35m[friendly-snippets] [0m[36mclone[0m[90m | [0mUpdating files:  24% (36/150)[35m[friendly-snippets] [0m[36mclone[0m[90m | [0mUpdating files:  25% (38/150)[35m[friendly-snippets] [0m[36mclone[0m[90m | [0mUpdating files:  26% (39/150)[35m[friendly-snippets] [0m[36mclone[0m[90m | [0mUpdating files:  27% (41/150)[35m[friendly-snippets] [0m[36mclone[0m[90m | [0mUpdating files:  28% (42/150)[35m[auto-session] [0m[36m   clone[0m[90m | [0mUpdating files:  51% (36/70)[35m[friendly-snippets] [0m[36mclone[0m[90m | [0mUpdating files:  29% (44/150)[35m[auto-session] [0m[36m   clone[0m[90m | [0mUpdating files:  52% (37/70)[35m[friendly-snippets] [0m[36mclone[0m[90m | [0mUpdating files:  30% (45/150)[35m[auto-session] [0m[36m   clone[0m[90m | [0mUpdating files:  54% (38/70)[35m[friendly-snippets] [0m[36mclone[0m[90m | [0mUpdating files:  31% (47/150)[35m[friendly-snippets] [0m[36mclone[0m[90m | [0mUpdating files:  32% (48/150)[35m[auto-session] [0m[36m   clone[0m[90m | [0mUpdating files:  55% (39/70)[35m[auto-session] [0m[36m   clone[0m[90m | [0mUpdating files:  57% (40/70)[35m[auto-session] [0m[36m   clone[0m[90m | [0mUpdating files:  58% (41/70)[35m[friendly-snippets] [0m[36mclone[0m[90m | [0mUpdating files:  33% (50/150)[35m[auto-session] [0m[36m   clone[0m[90m | [0mUpdating files:  60% (42/70)[35m[friendly-snippets] [0m[36mclone[0m[90m | [0mUpdating files:  34% (51/150)[35m[auto-session] [0m[36m   clone[0m[90m | [0mUpdating files:  61% (43/70)[35m[auto-session] [0m[36m   clone[0m[90m | [0mUpdating files:  62% (44/70)[35m[auto-session] [0m[36m   clone[0m[90m | [0mUpdating files:  64% (45/70)[35m[friendly-snippets] [0m[36mclone[0m[90m | [0mUpdating files:  35% (53/150)[35m[auto-session] [0m[36m   clone[0m[90m | [0mUpdating files:  65% (46/70)[35m[friendly-snippets] [0m[36mclone[0m[90m | [0mUpdating files:  36% (54/150)[35m[auto-session] [0m[36m   clone[0m[90m | [0mUpdating files:  67% (47/70)[35m[auto-session] [0m[36m   clone[0m[90m | [0mUpdating files:  68% (48/70)[35m[friendly-snippets] [0m[36mclone[0m[90m | [0mUpdating files:  37% (56/150)[35m[auto-session] [0m[36m   clone[0m[90m | [0mUpdating files:  70% (49/70)[35m[auto-session] [0m[36m   clone[0m[90m | [0mUpdating files:  71% (50/70)[35m[friendly-snippets] [0m[36mclone[0m[90m | [0mUpdating files:  38% (57/150)[35m[auto-session] [0m[36m   clone[0m[90m | [0mUpdating files:  72% (51/70)[35m[auto-session] [0m[36m   clone[0m[90m | [0mUpdating files:  74% (52/70)[35m[friendly-snippets] [0m[36mclone[0m[90m | [0mUpdating files:  39% (59/150)[35m[auto-session] [0m[36m   clone[0m[90m | [0mUpdating files:  75% (53/70)[35m[auto-session] [0m[36m   clone[0m[90m | [0mUpdating files:  77% (54/70)[35m[friendly-snippets] [0m[36mclone[0m[90m | [0mUpdating files:  40% (60/150)[35m[auto-session] [0m[36m   clone[0m[90m | [0mUpdating files:  78% (55/70)[35m[friendly-snippets] [0m[36mclone[0m[90m | [0mUpdating files:  41% (62/150)[35m[auto-session] [0m[36m   clone[0m[90m | [0mUpdating files:  80% (56/70)[35m[friendly-snippets] [0m[36mclone[0m[90m | [0mUpdating files:  42% (63/150)[35m[auto-session] [0m[36m   clone[0m[90m | [0mUpdating files:  81% (57/70)[35m[auto-session] [0m[36m   clone[0m[90m | [0mUpdating files:  82% (58/70)[35m[auto-session] [0m[36m   clone[0m[90m | [0mUpdating files:  84% (59/70)[35m[friendly-snippets] [0m[36mclone[0m[90m | [0mUpdating files:  43% (65/150)[35m[auto-session] [0m[36m   clone[0m[90m | [0mUpdating files:  85% (60/70)[35m[auto-session] [0m[36m   clone[0m[90m | [0mUpdating files:  87% (61/70)[35m[friendly-snippets] [0m[36mclone[0m[90m | [0mUpdating files:  44% (66/150)[35m[auto-session] [0m[36m   clone[0m[90m | [0mUpdating files:  88% (62/70)[35m[friendly-snippets] [0m[36mclone[0m[90m | [0mUpdating files:  45% (68/150)[35m[auto-session] [0m[36m   clone[0m[90m | [0mUpdating files:  90% (63/70)[35m[friendly-snippets] [0m[36mclone[0m[90m | [0mUpdating files:  46% (69/150)[35m[auto-session] [0m[36m   clone[0m[90m | [0mUpdating files:  91% (64/70)[35m[auto-session] [0m[36m   clone[0m[90m | [0mUpdating files:  92% (65/70)[35m[friendly-snippets] [0m[36mclone[0m[90m | [0mUpdating files:  47% (71/150)[35m[friendly-snippets] [0m[36mclone[0m[90m | [0mUpdating files:  48% (72/150)[35m[auto-session] [0m[36m   clone[0m[90m | [0mUpdating files:  94% (66/70)[35m[auto-session] [0m[36m   clone[0m[90m | [0mUpdating files:  95% (67/70)[35m[friendly-snippets] [0m[36mclone[0m[90m | [0mUpdating files:  49% (74/150)[35m[friendly-snippets] [0m[36mclone[0m[90m | [0mUpdating files:  50% (75/150)[35m[auto-session] [0m[36m   clone[0m[90m | [0mUpdating files:  97% (68/70)[35m[auto-session] [0m[36m   clone[0m[90m | [0mUpdating files:  98% (69/70)[35m[auto-session] [0m[36m   clone[0m[90m | [0mUpdating files: 100% (70/70)[35m[auto-session] [0m[36m   clone[0m[90m | [0mUpdating files: 100% (70/70), done.
[35m[friendly-snippets] [0m[36mclone[0m[90m | [0mUpdating files:  51% (77/150)[35m[friendly-snippets] [0m[36mclone[0m[90m | [0mUpdating files:  52% (78/150)[35m[friendly-snippets] [0m[36mclone[0m[90m | [0mUpdating files:  53% (80/150)[35m[friendly-snippets] [0m[36mclone[0m[90m | [0mUpdating files:  54% (81/150)[35m[friendly-snippets] [0m[36mclone[0m[90m | [0mUpdating files:  55% (83/150)[35m[friendly-snippets] [0m[36mclone[0m[90m | [0mUpdating files:  56% (84/150)[35m[friendly-snippets] [0m[36mclone[0m[90m | [0mUpdating files:  57% (86/150)[35m[friendly-snippets] [0m[36mclone[0m[90m | [0mUpdating files:  58% (87/150)[35m[friendly-snippets] [0m[36mclone[0m[90m | [0mUpdating files:  59% (89/150)[35m[friendly-snippets] [0m[36mclone[0m[90m | [0mUpdating files:  60% (90/150)[35m[friendly-snippets] [0m[36mclone[0m[90m | [0mUpdating files:  61% (92/150)[35m[friendly-snippets] [0m[36mclone[0m[90m | [0mUpdating files:  62% (93/150)[35m[friendly-snippets] [0m[36mclone[0m[90m | [0mUpdating files:  63% (95/150)[35m[friendly-snippets] [0m[36mclone[0m[90m | [0mUpdating files:  64% (96/150)[35m[friendly-snippets] [0m[36mclone[0m[90m | [0mUpdating files:  65% (98/150)[35m[friendly-snippets] [0m[36mclone[0m[90m | [0mUpdating files:  66% (99/150)[35m[friendly-snippets] [0m[36mclone[0m[90m | [0mUpdating files:  67% (101/150)[35m[friendly-snippets] [0m[36mclone[0m[90m | [0mUpdating files:  68% (102/150)[35m[friendly-snippets] [0m[36mclone[0m[90m | [0mUpdating files:  69% (104/150)[35m[friendly-snippets] [0m[36mclone[0m[90m | [0mUpdating files:  70% (105/150)[35m[friendly-snippets] [0m[36mclone[0m[90m | [0mUpdating files:  71% (107/150)[35m[friendly-snippets] [0m[36mclone[0m[90m | [0mUpdating files:  72% (108/150)[35m[friendly-snippets] [0m[36mclone[0m[90m | [0mUpdating files:  73% (110/150)[35m[friendly-snippets] [0m[36mclone[0m[90m | [0mUpdating files:  74% (111/150)[35m[friendly-snippets] [0m[36mclone[0m[90m | [0mUpdating files:  75% (113/150)[35m[friendly-snippets] [0m[36mclone[0m[90m | [0mUpdating files:  76% (114/150)[35m[legendary.nvim] [0m[36m clone[0m[90m | [0mUpdating files:   2% (2/98)[35m[friendly-snippets] [0m[36mclone[0m[90m | [0mUpdating files:  77% (116/150)[35m[legendary.nvim] [0m[36m clone[0m[90m | [0mUpdating files:   3% (3/98)[35m[friendly-snippets] [0m[36mclone[0m[90m | [0mUpdating files:  78% (117/150)[35m[legendary.nvim] [0m[36m clone[0m[90m | [0mUpdating files:   4% (4/98)[35m[friendly-snippets] [0m[36mclone[0m[90m | [0mUpdating files:  79% (119/150)[35m[legendary.nvim] [0m[36m clone[0m[90m | [0mUpdating files:   5% (5/98)[35m[friendly-snippets] [0m[36mclone[0m[90m | [0mUpdating files:  80% (120/150)[35m[legendary.nvim] [0m[36m clone[0m[90m | [0mUpdating files:   6% (6/98)[35m[legendary.nvim] [0m[36m clone[0m[90m | [0mUpdating files:   7% (7/98)[35m[friendly-snippets] [0m[36mclone[0m[90m | [0mUpdating files:  81% (122/150)[35m[legendary.nvim] [0m[36m clone[0m[90m | [0mUpdating files:   8% (8/98)[35m[friendly-snippets] [0m[36mclone[0m[90m | [0mUpdating files:  82% (123/150)[35m[legendary.nvim] [0m[36m clone[0m[90m | [0mUpdating files:   9% (9/98)[35m[legendary.nvim] [0m[36m clone[0m[90m | [0mUpdating files:  10% (10/98)[35m[friendly-snippets] [0m[36mclone[0m[90m | [0mUpdating files:  83% (125/150)[35m[friendly-snippets] [0m[36mclone[0m[90m | [0mUpdating files:  84% (126/150)[35m[legendary.nvim] [0m[36m clone[0m[90m | [0mUpdating files:  11% (11/98)[35m[legendary.nvim] [0m[36m clone[0m[90m | [0mUpdating files:  12% (12/98)[35m[legendary.nvim] [0m[36m clone[0m[90m | [0mUpdating files:  13% (13/98)[35m[friendly-snippets] [0m[36mclone[0m[90m | [0mUpdating files:  85% (128/150)[35m[legendary.nvim] [0m[36m clone[0m[90m | [0mUpdating files:  14% (14/98)[35m[legendary.nvim] [0m[36m clone[0m[90m | [0mUpdating files:  15% (15/98)[35m[legendary.nvim] [0m[36m clone[0m[90m | [0mUpdating files:  16% (16/98)[35m[friendly-snippets] [0m[36mclone[0m[90m | [0mUpdating files:  86% (129/150)[35m[friendly-snippets] [0m[36mclone[0m[90m | [0mUpdating files:  87% (131/150)[35m[legendary.nvim] [0m[36m clone[0m[90m | [0mUpdating files:  17% (17/98)[35m[legendary.nvim] [0m[36m clone[0m[90m | [0mUpdating files:  18% (18/98)[35m[legendary.nvim] [0m[36m clone[0m[90m | [0mUpdating files:  19% (19/98)[35m[friendly-snippets] [0m[36mclone[0m[90m | [0mUpdating files:  88% (132/150)[35m[legendary.nvim] [0m[36m clone[0m[90m | [0mUpdating files:  20% (20/98)[35m[friendly-snippets] [0m[36mclone[0m[90m | [0mUpdating files:  89% (134/150)[35m[friendly-snippets] [0m[36mclone[0m[90m | [0mUpdating files:  90% (135/150)[35m[legendary.nvim] [0m[36m clone[0m[90m | [0mUpdating files:  21% (21/98)[35m[legendary.nvim] [0m[36m clone[0m[90m | [0mUpdating files:  22% (22/98)[35m[friendly-snippets] [0m[36mclone[0m[90m | [0mUpdating files:  91% (137/150)[35m[friendly-snippets] [0m[36mclone[0m[90m | [0mUpdating files:  92% (138/150)[35m[legendary.nvim] [0m[36m clone[0m[90m | [0mUpdating files:  23% (23/98)[35m[legendary.nvim] [0m[36m clone[0m[90m | [0mUpdating files:  24% (24/98)[35m[legendary.nvim] [0m[36m clone[0m[90m | [0mUpdating files:  25% (25/98)[35m[legendary.nvim] [0m[36m clone[0m[90m | [0mUpdating files:  26% (26/98)[35m[friendly-snippets] [0m[36mclone[0m[90m | [0mUpdating files:  93% (140/150)[35m[legendary.nvim] [0m[36m clone[0m[90m | [0mUpdating files:  27% (27/98)[35m[legendary.nvim] [0m[36m clone[0m[90m | [0mUpdating files:  28% (28/98)[35m[friendly-snippets] [0m[36mclone[0m[90m | [0mUpdating files:  94% (141/150)[35m[legendary.nvim] [0m[36m clone[0m[90m | [0mUpdating files:  29% (29/98)[35m[legendary.nvim] [0m[36m clone[0m[90m | [0mUpdating files:  30% (30/98)[35m[legendary.nvim] [0m[36m clone[0m[90m | [0mUpdating files:  31% (31/98)[35m[friendly-snippets] [0m[36mclone[0m[90m | [0mUpdating files:  95% (143/150)[35m[friendly-snippets] [0m[36mclone[0m[90m | [0mUpdating files:  96% (144/150)[35m[legendary.nvim] [0m[36m clone[0m[90m | [0mUpdating files:  32% (32/98)[35m[legendary.nvim] [0m[36m clone[0m[90m | [0mUpdating files:  33% (33/98)[35m[legendary.nvim] [0m[36m clone[0m[90m | [0mUpdating files:  34% (34/98)[35m[friendly-snippets] [0m[36mclone[0m[90m | [0mUpdating files:  97% (146/150)[35m[legendary.nvim] [0m[36m clone[0m[90m | [0mUpdating files:  35% (35/98)[35m[legendary.nvim] [0m[36m clone[0m[90m | [0mUpdating files:  36% (36/98)[35m[legendary.nvim] [0m[36m clone[0m[90m | [0mUpdating files:  37% (37/98)[35m[friendly-snippets] [0m[36mclone[0m[90m | [0mUpdating files:  98% (147/150)[35m[legendary.nvim] [0m[36m clone[0m[90m | [0mUpdating files:  38% (38/98)[35m[friendly-snippets] [0m[36mclone[0m[90m | [0mUpdating files:  99% (149/150)[35m[friendly-snippets] [0m[36mclone[0m[90m | [0mUpdating files: 100% (150/150)[35m[legendary.nvim] [0m[36m clone[0m[90m | [0mUpdating files:  39% (39/98)[35m[friendly-snippets] [0m[36mclone[0m[90m | [0mUpdating files: 100% (150/150), done.
[35m[legendary.nvim] [0m[36m clone[0m[90m | [0mUpdating files:  40% (40/98)[35m[legendary.nvim] [0m[36m clone[0m[90m | [0mUpdating files:  41% (41/98)[35m[legendary.nvim] [0m[36m clone[0m[90m | [0mUpdating files:  42% (42/98)[35m[legendary.nvim] [0m[36m clone[0m[90m | [0mUpdating files:  43% (43/98)[35m[legendary.nvim] [0m[36m clone[0m[90m | [0mUpdating files:  44% (44/98)[35m[legendary.nvim] [0m[36m clone[0m[90m | [0mUpdating files:  45% (45/98)[35m[legendary.nvim] [0m[36m clone[0m[90m | [0mUpdating files:  46% (46/98)[35m[legendary.nvim] [0m[36m clone[0m[90m | [0mUpdating files:  47% (47/98)[35m[legendary.nvim] [0m[36m clone[0m[90m | [0mUpdating files:  48% (48/98)[35m[legendary.nvim] [0m[36m clone[0m[90m | [0mUpdating files:  50% (49/98)[35m[legendary.nvim] [0m[36m clone[0m[90m | [0mUpdating files:  51% (50/98)[35m[legendary.nvim] [0m[36m clone[0m[90m | [0mUpdating files:  52% (51/98)[35m[legendary.nvim] [0m[36m clone[0m[90m | [0mUpdating files:  53% (52/98)[35m[legendary.nvim] [0m[36m clone[0m[90m | [0mUpdating files:  54% (53/98)[35m[legendary.nvim] [0m[36m clone[0m[90m | [0mUpdating files:  55% (54/98)[35m[legendary.nvim] [0m[36m clone[0m[90m | [0mUpdating files:  56% (55/98)[35m[legendary.nvim] [0m[36m clone[0m[90m | [0mUpdating files:  57% (56/98)[35m[legendary.nvim] [0m[36m clone[0m[90m | [0mUpdating files:  58% (57/98)[35m[legendary.nvim] [0m[36m clone[0m[90m | [0mUpdating files:  59% (58/98)[35m[legendary.nvim] [0m[36m clone[0m[90m | [0mUpdating files:  60% (59/98)[35m[legendary.nvim] [0m[36m clone[0m[90m | [0mUpdating files:  61% (60/98)[35m[legendary.nvim] [0m[36m clone[0m[90m | [0mUpdating files:  62% (61/98)[35m[legendary.nvim] [0m[36m clone[0m[90m | [0mUpdating files:  63% (62/98)[35m[legendary.nvim] [0m[36m clone[0m[90m | [0mUpdating files:  64% (63/98)[35m[legendary.nvim] [0m[36m clone[0m[90m | [0mUpdating files:  65% (64/98)[35m[legendary.nvim] [0m[36m clone[0m[90m | [0mUpdating files:  66% (65/98)[35m[legendary.nvim] [0m[36m clone[0m[90m | [0mUpdating files:  67% (66/98)[35m[legendary.nvim] [0m[36m clone[0m[90m | [0mUpdating files:  68% (67/98)[35m[legendary.nvim] [0m[36m clone[0m[90m | [0mUpdating files:  69% (68/98)[35m[legendary.nvim] [0m[36m clone[0m[90m | [0mUpdating files:  70% (69/98)[35m[legendary.nvim] [0m[36m clone[0m[90m | [0mUpdating files:  71% (70/98)[35m[legendary.nvim] [0m[36m clone[0m[90m | [0mUpdating files:  72% (71/98)[35m[legendary.nvim] [0m[36m clone[0m[90m | [0mUpdating files:  73% (72/98)[35m[legendary.nvim] [0m[36m clone[0m[90m | [0mUpdating files:  74% (73/98)[35m[legendary.nvim] [0m[36m clone[0m[90m | [0mUpdating files:  75% (74/98)[35m[legendary.nvim] [0m[36m clone[0m[90m | [0mUpdating files:  76% (75/98)[35m[legendary.nvim] [0m[36m clone[0m[90m | [0mUpdating files:  77% (76/98)[35m[legendary.nvim] [0m[36m clone[0m[90m | [0mUpdating files:  78% (77/98)[35m[legendary.nvim] [0m[36m clone[0m[90m | [0mUpdating files:  79% (78/98)[35m[legendary.nvim] [0m[36m clone[0m[90m | [0mUpdating files:  80% (79/98)[35m[legendary.nvim] [0m[36m clone[0m[90m | [0mUpdating files:  81% (80/98)[35m[legendary.nvim] [0m[36m clone[0m[90m | [0mUpdating files:  82% (81/98)[35m[legendary.nvim] [0m[36m clone[0m[90m | [0mUpdating files:  83% (82/98)[35m[legendary.nvim] [0m[36m clone[0m[90m | [0mUpdating files:  84% (83/98)[35m[legendary.nvim] [0m[36m clone[0m[90m | [0mUpdating files:  85% (84/98)[35m[legendary.nvim] [0m[36m clone[0m[90m | [0mUpdating files:  86% (85/98)[35m[legendary.nvim] [0m[36m clone[0m[90m | [0mUpdating files:  87% (86/98)[35m[legendary.nvim] [0m[36m clone[0m[90m | [0mUpdating files:  88% (87/98)[35m[legendary.nvim] [0m[36m clone[0m[90m | [0mUpdating files:  89% (88/98)[35m[legendary.nvim] [0m[36m clone[0m[90m | [0mUpdating files:  90% (89/98)[35m[legendary.nvim] [0m[36m clone[0m[90m | [0mUpdating files:  91% (90/98)[35m[legendary.nvim] [0m[36m clone[0m[90m | [0mUpdating files:  92% (91/98)[35m[legendary.nvim] [0m[36m clone[0m[90m | [0mUpdating files:  93% (92/98)[35m[legendary.nvim] [0m[36m clone[0m[90m | [0mUpdating files:  94% (93/98)[35m[legendary.nvim] [0m[36m clone[0m[90m | [0mUpdating files:  95% (94/98)[35m[legendary.nvim] [0m[36m clone[0m[90m | [0mUpdating files:  96% (95/98)[35m[legendary.nvim] [0m[36m clone[0m[90m | [0mUpdating files:  97% (96/98)[35m[legendary.nvim] [0m[36m clone[0m[90m | [0mUpdating files:  98% (97/98)[35m[legendary.nvim] [0m[36m clone[0m[90m | [0mUpdating files: 100% (98/98)[35m[legendary.nvim] [0m[36m clone[0m[90m | [0mUpdating files: 100% (98/98), done.
[35m[nvim-cmp] [0m[36m       clone[0m[90m | [0mUpdating files:   2% (2/73)[35m[nvim-cmp] [0m[36m       clone[0m[90m | [0mUpdating files:   4% (3/73)[35m[nvim-cmp] [0m[36m       clone[0m[90m | [0mUpdating files:   5% (4/73)[35m[nvim-cmp] [0m[36m       clone[0m[90m | [0mUpdating files:   6% (5/73)[35m[nvim-cmp] [0m[36m       clone[0m[90m | [0mUpdating files:   8% (6/73)[35m[catppuccin] [0m[36m     clone[0m[90m | [0mUpdating files:   1% (2/151)[35m[nvim-cmp] [0m[36m       clone[0m[90m | [0mUpdating files:   9% (7/73)[35m[catppuccin] [0m[36m     clone[0m[90m | [0mUpdating files:   2% (4/151)[35m[nvim-cmp] [0m[36m       clone[0m[90m | [0mUpdating files:  10% (8/73)[35m[catppuccin] [0m[36m     clone[0m[90m | [0mUpdating files:   3% (5/151)[35m[nvim-cmp] [0m[36m       clone[0m[90m | [0mUpdating files:  12% (9/73)[35m[nvim-cmp] [0m[36m       clone[0m[90m | [0mUpdating files:  13% (10/73)[35m[catppuccin] [0m[36m     clone[0m[90m | [0mUpdating files:   4% (7/151)[35m[catppuccin] [0m[36m     clone[0m[90m | [0mUpdating files:   5% (8/151)[35m[nvim-cmp] [0m[36m       clone[0m[90m | [0mUpdating files:  15% (11/73)[35m[catppuccin] [0m[36m     clone[0m[90m | [0mUpdating files:   6% (10/151)[35m[nvim-cmp] [0m[36m       clone[0m[90m | [0mUpdating files:  16% (12/73)[35m[nvim-cmp] [0m[36m       clone[0m[90m | [0mUpdating files:  17% (13/73)[35m[catppuccin] [0m[36m     clone[0m[90m | [0mUpdating files:   7% (11/151)[35m[nvim-cmp] [0m[36m       clone[0m[90m | [0mUpdating files:  19% (14/73)[35m[catppuccin] [0m[36m     clone[0m[90m | [0mUpdating files:   8% (13/151)[35m[catppuccin] [0m[36m     clone[0m[90m | [0mUpdating files:   9% (14/151)[35m[nvim-cmp] [0m[36m       clone[0m[90m | [0mUpdating files:  20% (15/73)[35m[nvim-cmp] [0m[36m       clone[0m[90m | [0mUpdating files:  21% (16/73)[35m[gitsigns.nvim] [0m[36m  clone[0m[90m | [0mUpdating files:   1% (2/105)[35m[nvim-cmp] [0m[36m       clone[0m[90m | [0mUpdating files:  23% (17/73)[35m[nvim-cmp] [0m[36m       clone[0m[90m | [0mUpdating files:  24% (18/73)[35m[gitsigns.nvim] [0m[36m  clone[0m[90m | [0mUpdating files:   2% (3/105)[35m[gitsigns.nvim] [0m[36m  clone[0m[90m | [0mUpdating files:   3% (4/105)[35m[catppuccin] [0m[36m     clone[0m[90m | [0mUpdating files:  10% (16/151)[35m[nvim-cmp] [0m[36m       clone[0m[90m | [0mUpdating files:  26% (19/73)[35m[nvim-cmp] [0m[36m       clone[0m[90m | [0mUpdating files:  27% (20/73)[35m[gitsigns.nvim] [0m[36m  clone[0m[90m | [0mUpdating files:   4% (5/105)[35m[catppuccin] [0m[36m     clone[0m[90m | [0mUpdating files:  11% (17/151)[35m[nvim-cmp] [0m[36m       clone[0m[90m | [0mUpdating files:  28% (21/73)[35m[nvim-cmp] [0m[36m       clone[0m[90m | [0mUpdating files:  30% (22/73)[35m[gitsigns.nvim] [0m[36m  clone[0m[90m | [0mUpdating files:   5% (6/105)[35m[gitsigns.nvim] [0m[36m  clone[0m[90m | [0mUpdating files:   6% (7/105)[35m[catppuccin] [0m[36m     clone[0m[90m | [0mUpdating files:  12% (19/151)[35m[catppuccin] [0m[36m     clone[0m[90m | [0mUpdating files:  13% (20/151)[35m[nvim-cmp] [0m[36m       clone[0m[90m | [0mUpdating files:  31% (23/73)[35m[nvim-cmp] [0m[36m       clone[0m[90m | [0mUpdating files:  32% (24/73)[35m[kulala.nvim] [0m[36m    clone[0m[90m | [0mUpdating files:   1% (2/176)[35m[gitsigns.nvim] [0m[36m  clone[0m[90m | [0mUpdating files:   7% (8/105)[35m[nvim-cmp] [0m[36m       clone[0m[90m | [0mUpdating files:  34% (25/73)[35m[catppuccin] [0m[36m     clone[0m[90m | [0mUpdating files:  14% (22/151)[35m[catppuccin] [0m[36m     clone[0m[90m | [0mUpdating files:  15% (23/151)[35m[gitsigns.nvim] [0m[36m  clone[0m[90m | [0mUpdating files:   8% (9/105)[35m[gitsigns.nvim] [0m[36m  clone[0m[90m | [0mUpdating files:   9% (10/105)[35m[nvim-cmp] [0m[36m       clone[0m[90m | [0mUpdating files:  35% (26/73)[35m[nvim-cmp] [0m[36m       clone[0m[90m | [0mUpdating files:  36% (27/73)[35m[nvim-cmp] [0m[36m       clone[0m[90m | [0mUpdating files:  38% (28/73)[35m[kulala.nvim] [0m[36m    clone[0m[90m | [0mUpdating files:   2% (4/176)[35m[kulala.nvim] [0m[36m    clone[0m[90m | [0mUpdating files:   3% (6/176)[35m[gitsigns.nvim] [0m[36m  clone[0m[90m | [0mUpdating files:  10% (11/105)[35m[gitsigns.nvim] [0m[36m  clone[0m[90m | [0mUpdating files:  11% (12/105)[35m[catppuccin] [0m[36m     clone[0m[90m | [0mUpdating files:  16% (25/151)[35m[nvim-cmp] [0m[36m       clone[0m[90m | [0mUpdating files:  39% (29/73)[35m[nvim-cmp] [0m[36m       clone[0m[90m | [0mUpdating files:  41% (30/73)[35m[gitsigns.nvim] [0m[36m  clone[0m[90m | [0mUpdating files:  12% (13/105)[35m[gitsigns.nvim] [0m[36m  clone[0m[90m | [0mUpdating files:  13% (14/105)[35m[gitsigns.nvim] [0m[36m  clone[0m[90m | [0mUpdating files:  14% (15/105)[35m[kulala.nvim] [0m[36m    clone[0m[90m | [0mUpdating files:   4% (8/176)[35m[kulala.nvim] [0m[36m    clone[0m[90m | [0mUpdating files:   5% (9/176)[35m[catppuccin] [0m[36m     clone[0m[90m | [0mUpdating files:  17% (26/151)[35m[nvim-cmp] [0m[36m       clone[0m[90m | [0mUpdating files:  42% (31/73)[35m[nvim-cmp] [0m[36m       clone[0m[90m | [0mUpdating files:  43% (32/73)[35m[nvim-cmp] [0m[36m       clone[0m[90m | [0mUpdating files:  45% (33/73)[35m[gitsigns.nvim] [0m[36m  clone[0m[90m | [0mUpdating files:  15% (16/105)[35m[gitsigns.nvim] [0m[36m  clone[0m[90m | [0mUpdating files:  16% (17/105)[35m[gitsigns.nvim] [0m[36m  clone[0m[90m | [0mUpdating files:  17% (18/105)[35m[gitsigns.nvim] [0m[36m  clone[0m[90m | [0mUpdating files:  18% (19/105)[35m[kulala.nvim] [0m[36m    clone[0m[90m | [0mUpdating files:   6% (11/176)[35m[kulala.nvim] [0m[36m    clone[0m[90m | [0mUpdating files:   7% (13/176)[35m[catppuccin] [0m[36m     clone[0m[90m | [0mUpdating files:  18% (28/151)[35m[catppuccin] [0m[36m     clone[0m[90m | [0mUpdating files:  19% (29/151)[35m[nvim-cmp] [0m[36m       clone[0m[90m | [0mUpdating files:  46% (34/73)[35m[gitsigns.nvim] [0m[36m  clone[0m[90m | [0mUpdating files:  19% (20/105)[35m[gitsigns.nvim] [0m[36m  clone[0m[90m | [0mUpdating files:  20% (21/105)[35m[kulala.nvim] [0m[36m    clone[0m[90m | [0mUpdating files:   8% (15/176)[35m[kulala.nvim] [0m[36m    clone[0m[90m | [0mUpdating files:   9% (16/176)[35m[catppuccin] [0m[36m     clone[0m[90m | [0mUpdating files:  20% (31/151)[35m[catppuccin] [0m[36m     clone[0m[90m | [0mUpdating files:  21% (32/151)[35m[gitsigns.nvim] [0m[36m  clone[0m[90m | [0mUpdating files:  21% (23/105)[35m[gitsigns.nvim] [0m[36m  clone[0m[90m | [0mUpdating files:  22% (24/105)[35m[kulala.nvim] [0m[36m    clone[0m[90m | [0mUpdating files:  10% (18/176)[35m[kulala.nvim] [0m[36m    clone[0m[90m | [0mUpdating files:  11% (20/176)[35m[gitsigns.nvim] [0m[36m  clone[0m[90m | [0mUpdating files:  23% (25/105)[35m[gitsigns.nvim] [0m[36m  clone[0m[90m | [0mUpdating files:  24% (26/105)[35m[kulala.nvim] [0m[36m    clone[0m[90m | [0mUpdating files:  12% (22/176)[35m[gitsigns.nvim] [0m[36m  clone[0m[90m | [0mUpdating files:  25% (27/105)[35m[gitsigns.nvim] [0m[36m  clone[0m[90m | [0mUpdating files:  26% (28/105)[35m[kulala.nvim] [0m[36m    clone[0m[90m | [0mUpdating files:  13% (23/176)[35m[gitsigns.nvim] [0m[36m  clone[0m[90m | [0mUpdating files:  27% (29/105)[35m[kulala.nvim] [0m[36m    clone[0m[90m | [0mUpdating files:  14% (25/176)[35m[gitsigns.nvim] [0m[36m  clone[0m[90m | [0mUpdating files:  28% (30/105)[35m[kulala.nvim] [0m[36m    clone[0m[90m | [0mUpdating files:  15% (27/176)[35m[gitsigns.nvim] [0m[36m  clone[0m[90m | [0mUpdating files:  29% (31/105)[35m[kulala.nvim] [0m[36m    clone[0m[90m | [0mUpdating files:  16% (29/176)[35m[gitsigns.nvim] [0m[36m  clone[0m[90m | [0mUpdating files:  30% (32/105)[35m[gitsigns.nvim] [0m[36m  clone[0m[90m | [0mUpdating files:  31% (33/105)[35m[kulala.nvim] [0m[36m    clone[0m[90m | [0mUpdating files:  17% (30/176)[35m[gitsigns.nvim] [0m[36m  clone[0m[90m | [0mUpdating files:  32% (34/105)[35m[kulala.nvim] [0m[36m    clone[0m[90m | [0mUpdating files:  18% (32/176)[35m[gitsigns.nvim] [0m[36m  clone[0m[90m | [0mUpdating files:  33% (35/105)[35m[gitsigns.nvim] [0m[36m  clone[0m[90m | [0mUpdating files:  34% (36/105)[35m[kulala.nvim] [0m[36m    clone[0m[90m | [0mUpdating files:  19% (34/176)[35m[kulala.nvim] [0m[36m    clone[0m[90m | [0mUpdating files:  20% (36/176)[35m[gitsigns.nvim] [0m[36m  clone[0m[90m | [0mUpdating files:  35% (37/105)[35m[gitsigns.nvim] [0m[36m  clone[0m[90m | [0mUpdating files:  36% (38/105)[35m[nvim-cmp] [0m[36m       clone[0m[90m | [0mUpdating files:  47% (35/73)[35m[nvim-cmp] [0m[36m       clone[0m[90m | [0mUpdating files:  49% (36/73)[35m[kulala.nvim] [0m[36m    clone[0m[90m | [0mUpdating files:  21% (37/176)[35m[kulala.nvim] [0m[36m    clone[0m[90m | [0mUpdating files:  22% (39/176)[35m[gitsigns.nvim] [0m[36m  clone[0m[90m | [0mUpdating files:  37% (39/105)[35m[gitsigns.nvim] [0m[36m  clone[0m[90m | [0mUpdating files:  38% (40/105)[35m[nvim-cmp] [0m[36m       clone[0m[90m | [0mUpdating files:  50% (37/73)[35m[nvim-cmp] [0m[36m       clone[0m[90m | [0mUpdating files:  52% (38/73)[35m[nvim-cmp] [0m[36m       clone[0m[90m | [0mUpdating files:  53% (39/73)[35m[kulala.nvim] [0m[36m    clone[0m[90m | [0mUpdating files:  23% (41/176)[35m[gitsigns.nvim] [0m[36m  clone[0m[90m | [0mUpdating files:  39% (41/105)[35m[nvim-cmp] [0m[36m       clone[0m[90m | [0mUpdating files:  54% (40/73)[35m[nvim-cmp] [0m[36m       clone[0m[90m | [0mUpdating files:  56% (41/73)[35m[gitsigns.nvim] [0m[36m  clone[0m[90m | [0mUpdating files:  40% (42/105)[35m[catppuccin] [0m[36m     clone[0m[90m | [0mUpdating files:  22% (34/151)[35m[catppuccin] [0m[36m     clone[0m[90m | [0mUpdating files:  23% (35/151)[35m[nvim-cmp] [0m[36m       clone[0m[90m | [0mUpdating files:  57% (42/73)[35m[nvim-cmp] [0m[36m       clone[0m[90m | [0mUpdating files:  58% (43/73)[35m[nvim-cmp] [0m[36m       clone[0m[90m | [0mUpdating files:  60% (44/73)[35m[gitsigns.nvim] [0m[36m  clone[0m[90m | [0mUpdating files:  41% (44/105)[35m[gitsigns.nvim] [0m[36m  clone[0m[90m | [0mUpdating files:  42% (45/105)[35m[gitsigns.nvim] [0m[36m  clone[0m[90m | [0mUpdating files:  43% (46/105)[35m[nvim-cmp] [0m[36m       clone[0m[90m | [0mUpdating files:  61% (45/73)[35m[gitsigns.nvim] [0m[36m  clone[0m[90m | [0mUpdating files:  44% (47/105)[35m[gitsigns.nvim] [0m[36m  clone[0m[90m | [0mUpdating files:  45% (48/105)[35m[nvim-cmp] [0m[36m       clone[0m[90m | [0mUpdating files:  63% (46/73)[35m[nvim-cmp] [0m[36m       clone[0m[90m | [0mUpdating files:  64% (47/73)[35m[gitsigns.nvim] [0m[36m  clone[0m[90m | [0mUpdating files:  46% (49/105)[35m[nvim-cmp] [0m[36m       clone[0m[90m | [0mUpdating files:  65% (48/73)[35m[nvim-cmp] [0m[36m       clone[0m[90m | [0mUpdating files:  67% (49/73)[35m[nvim-cmp] [0m[36m       clone[0m[90m | [0mUpdating files:  68% (50/73)[35m[gitsigns.nvim] [0m[36m  clone[0m[90m | [0mUpdating files:  47% (50/105)[35m[gitsigns.nvim] [0m[36m  clone[0m[90m | [0mUpdating files:  48% (51/105)[35m[catppuccin] [0m[36m     clone[0m[90m | [0mUpdating files:  24% (37/151)[35m[catppuccin] [0m[36m     clone[0m[90m | [0mUpdating files:  25% (38/151)[35m[nvim-cmp] [0m[36m       clone[0m[90m | [0mUpdating files:  69% (51/73)[35m[nvim-cmp] [0m[36m       clone[0m[90m | [0mUpdating files:  71% (52/73)[35m[nvim-cmp] [0m[36m       clone[0m[90m | [0mUpdating files:  72% (53/73)[35m[catppuccin] [0m[36m     clone[0m[90m | [0mUpdating files:  26% (40/151)[35m[nvim-cmp] [0m[36m       clone[0m[90m | [0mUpdating files:  73% (54/73)[35m[nvim-cmp] [0m[36m       clone[0m[90m | [0mUpdating files:  75% (55/73)[35m[gitsigns.nvim] [0m[36m  clone[0m[90m | [0mUpdating files:  49% (52/105)[35m[gitsigns.nvim] [0m[36m  clone[0m[90m | [0mUpdating files:  50% (53/105)[35m[gitsigns.nvim] [0m[36m  clone[0m[90m | [0mUpdating files:  51% (54/105)[35m[catppuccin] [0m[36m     clone[0m[90m | [0mUpdating files:  27% (41/151)[35m[catppuccin] [0m[36m     clone[0m[90m | [0mUpdating files:  28% (43/151)[35m[catppuccin] [0m[36m     clone[0m[90m | [0mUpdating files:  29% (44/151)[35m[nvim-cmp] [0m[36m       clone[0m[90m | [0mUpdating files:  76% (56/73)[35m[nvim-cmp] [0m[36m       clone[0m[90m | [0mUpdating files:  78% (57/73)[35m[nvim-cmp] [0m[36m       clone[0m[90m | [0mUpdating files:  79% (58/73)[35m[gitsigns.nvim] [0m[36m  clone[0m[90m | [0mUpdating files:  52% (55/105)[35m[gitsigns.nvim] [0m[36m  clone[0m[90m | [0mUpdating files:  53% (56/105)[35m[catppuccin] [0m[36m     clone[0m[90m | [0mUpdating files:  30% (46/151)[35m[catppuccin] [0m[36m     clone[0m[90m | [0mUpdating files:  31% (47/151)[35m[nvim-cmp] [0m[36m       clone[0m[90m | [0mUpdating files:  80% (59/73)[35m[nvim-cmp] [0m[36m       clone[0m[90m | [0mUpdating files:  82% (60/73)[35m[nvim-cmp] [0m[36m       clone[0m[90m | [0mUpdating files:  83% (61/73)[35m[gitsigns.nvim] [0m[36m  clone[0m[90m | [0mUpdating files:  54% (57/105)[35m[gitsigns.nvim] [0m[36m  clone[0m[90m | [0mUpdating files:  55% (58/105)[35m[nvim-cmp] [0m[36m       clone[0m[90m | [0mUpdating files:  84% (62/73)[35m[nvim-cmp] [0m[36m       clone[0m[90m | [0mUpdating files:  86% (63/73)[35m[catppuccin] [0m[36m     clone[0m[90m | [0mUpdating files:  32% (49/151)[35m[catppuccin] [0m[36m     clone[0m[90m | [0mUpdating files:  33% (50/151)[35m[gitsigns.nvim] [0m[36m  clone[0m[90m | [0mUpdating files:  56% (59/105)[35m[gitsigns.nvim] [0m[36m  clone[0m[90m | [0mUpdating files:  57% (60/105)[35m[nvim-cmp] [0m[36m       clone[0m[90m | [0mUpdating files:  87% (64/73)[35m[nvim-cmp] [0m[36m       clone[0m[90m | [0mUpdating files:  89% (65/73)[35m[catppuccin] [0m[36m     clone[0m[90m | [0mUpdating files:  34% (52/151)[35m[catppuccin] [0m[36m     clone[0m[90m | [0mUpdating files:  35% (53/151)[35m[gitsigns.nvim] [0m[36m  clone[0m[90m | [0mUpdating files:  58% (61/105)[35m[gitsigns.nvim] [0m[36m  clone[0m[90m | [0mUpdating files:  59% (62/105)[35m[LuaSnip] [0m[36m        clone[0m[90m | [0mUpdating files:   1% (2/177)[35m[nvim-cmp] [0m[36m       clone[0m[90m | [0mUpdating files:  90% (66/73)[35m[nvim-cmp] [0m[36m       clone[0m[90m | [0mUpdating files:  91% (67/73)[35m[nvim-cmp] [0m[36m       clone[0m[90m | [0mUpdating files:  93% (68/73)[35m[nvim-cmp] [0m[36m       clone[0m[90m | [0mUpdating files:  94% (69/73)[35m[catppuccin] [0m[36m     clone[0m[90m | [0mUpdating files:  36% (55/151)[35m[catppuccin] [0m[36m     clone[0m[90m | [0mUpdating files:  37% (56/151)[35m[gitsigns.nvim] [0m[36m  clone[0m[90m | [0mUpdating files:  60% (63/105)[35m[LuaSnip] [0m[36m        clone[0m[90m | [0mUpdating files:   2% (4/177)[35m[LuaSnip] [0m[36m        clone[0m[90m | [0mUpdating files:   3% (6/177)[35m[nvim-cmp] [0m[36m       clone[0m[90m | [0mUpdating files:  95% (70/73)[35m[nvim-cmp] [0m[36m       clone[0m[90m | [0mUpdating files:  97% (71/73)[35m[catppuccin] [0m[36m     clone[0m[90m | [0mUpdating files:  38% (58/151)[35m[catppuccin] [0m[36m     clone[0m[90m | [0mUpdating files:  39% (59/151)[35m[catppuccin] [0m[36m     clone[0m[90m | [0mUpdating files:  40% (61/151)[35m[kulala.nvim] [0m[36m    clone[0m[90m | [0mUpdating files:  24% (43/176)[35m[kulala.nvim] [0m[36m    clone[0m[90m | [0mUpdating files:  25% (44/176)[35m[gitsigns.nvim] [0m[36m  clone[0m[90m | [0mUpdating files:  61% (65/105)[35m[gitsigns.nvim] [0m[36m  clone[0m[90m | [0mUpdating files:  62% (66/105)[35m[gitsigns.nvim] [0m[36m  clone[0m[90m | [0mUpdating files:  63% (67/105)[35m[gitsigns.nvim] [0m[36m  clone[0m[90m | [0mUpdating files:  64% (68/105)[35m[nvim-cmp] [0m[36m       clone[0m[90m | [0mUpdating files:  98% (72/73)[35m[nvim-cmp] [0m[36m       clone[0m[90m | [0mUpdating files: 100% (73/73)[35m[nvim-cmp] [0m[36m       clone[0m[90m | [0mUpdating files: 100% (73/73), done.
[35m[catppuccin] [0m[36m     clone[0m[90m | [0mUpdating files:  41% (62/151)[35m[catppuccin] [0m[36m     clone[0m[90m | [0mUpdating files:  42% (64/151)[35m[LuaSnip] [0m[36m        clone[0m[90m | [0mUpdating files:   4% (8/177)[35m[LuaSnip] [0m[36m        clone[0m[90m | [0mUpdating files:   5% (9/177)[35m[kulala.nvim] [0m[36m    clone[0m[90m | [0mUpdating files:  26% (46/176)[35m[kulala.nvim] [0m[36m    clone[0m[90m | [0mUpdating files:  27% (48/176)[35m[gitsigns.nvim] [0m[36m  clone[0m[90m | [0mUpdating files:  65% (69/105)[35m[gitsigns.nvim] [0m[36m  clone[0m[90m | [0mUpdating files:  66% (70/105)[35m[gitsigns.nvim] [0m[36m  clone[0m[90m | [0mUpdating files:  67% (71/105)[35m[catppuccin] [0m[36m     clone[0m[90m | [0mUpdating files:  43% (65/151)[35m[catppuccin] [0m[36m     clone[0m[90m | [0mUpdating files:  44% (67/151)[35m[catppuccin] [0m[36m     clone[0m[90m | [0mUpdating files:  45% (68/151)[35m[LuaSnip] [0m[36m        clone[0m[90m | [0mUpdating files:   6% (11/177)[35m[LuaSnip] [0m[36m        clone[0m[90m | [0mUpdating files:   7% (13/177)[35m[kulala.nvim] [0m[36m    clone[0m[90m | [0mUpdating files:  28% (50/176)[35m[kulala.nvim] [0m[36m    clone[0m[90m | [0mUpdating files:  29% (52/176)[35m[kulala.nvim] [0m[36m    clone[0m[90m | [0mUpdating files:  30% (53/176)[35m[gitsigns.nvim] [0m[36m  clone[0m[90m | [0mUpdating files:  68% (72/105)[35m[gitsigns.nvim] [0m[36m  clone[0m[90m | [0mUpdating files:  69% (73/105)[35m[gitsigns.nvim] [0m[36m  clone[0m[90m | [0mUpdating files:  70% (74/105)[35m[gitsigns.nvim] [0m[36m  clone[0m[90m | [0mUpdating files:  71% (75/105)[35m[gitsigns.nvim] [0m[36m  clone[0m[90m | [0mUpdating files:  72% (76/105)[35m[catppuccin] [0m[36m     clone[0m[90m | [0mUpdating files:  46% (70/151)[35m[catppuccin] [0m[36m     clone[0m[90m | [0mUpdating files:  47% (71/151)[35m[catppuccin] [0m[36m     clone[0m[90m | [0mUpdating files:  48% (73/151)[35m[LuaSnip] [0m[36m        clone[0m[90m | [0mUpdating files:   8% (15/177)[35m[LuaSnip] [0m[36m        clone[0m[90m | [0mUpdating files:   9% (16/177)[35m[kulala.nvim] [0m[36m    clone[0m[90m | [0mUpdating files:  31% (55/176)[35m[gitsigns.nvim] [0m[36m  clone[0m[90m | [0mUpdating files:  73% (77/105)[35m[gitsigns.nvim] [0m[36m  clone[0m[90m | [0mUpdating files:  74% (78/105)[35m[gitsigns.nvim] [0m[36m  clone[0m[90m | [0mUpdating files:  75% (79/105)[35m[catppuccin] [0m[36m     clone[0m[90m | [0mUpdating files:  49% (74/151)[35m[catppuccin] [0m[36m     clone[0m[90m | [0mUpdating files:  50% (76/151)[35m[LuaSnip] [0m[36m        clone[0m[90m | [0mUpdating files:  10% (18/177)[35m[LuaSnip] [0m[36m        clone[0m[90m | [0mUpdating files:  11% (20/177)[35m[kulala.nvim] [0m[36m    clone[0m[90m | [0mUpdating files:  32% (57/176)[35m[kulala.nvim] [0m[36m    clone[0m[90m | [0mUpdating files:  33% (59/176)[35m[kulala.nvim] [0m[36m    clone[0m[90m | [0mUpdating files:  34% (60/176)[35m[gitsigns.nvim] [0m[36m  clone[0m[90m | [0mUpdating files:  76% (80/105)[35m[gitsigns.nvim] [0m[36m  clone[0m[90m | [0mUpdating files:  77% (81/105)[35m[gitsigns.nvim] [0m[36m  clone[0m[90m | [0mUpdating files:  78% (82/105)[35m[catppuccin] [0m[36m     clone[0m[90m | [0mUpdating files:  51% (78/151)[35m[catppuccin] [0m[36m     clone[0m[90m | [0mUpdating files:  52% (79/151)[35m[catppuccin] [0m[36m     clone[0m[90m | [0mUpdating files:  53% (81/151)[35m[kulala.nvim] [0m[36m    clone[0m[90m | [0mUpdating files:  35% (62/176)[35m[LuaSnip] [0m[36m        clone[0m[90m | [0mUpdating files:  12% (22/177)[35m[LuaSnip] [0m[36m        clone[0m[90m | [0mUpdating files:  13% (24/177)[35m[gitsigns.nvim] [0m[36m  clone[0m[90m | [0mUpdating files:  79% (83/105)[35m[gitsigns.nvim] [0m[36m  clone[0m[90m | [0mUpdating files:  80% (84/105)[35m[gitsigns.nvim] [0m[36m  clone[0m[90m | [0mUpdating files:  81% (86/105)[35m[catppuccin] [0m[36m     clone[0m[90m | [0mUpdating files:  54% (82/151)[35m[catppuccin] [0m[36m     clone[0m[90m | [0mUpdating files:  55% (84/151)[35m[catppuccin] [0m[36m     clone[0m[90m | [0mUpdating files:  56% (85/151)[35m[kulala.nvim] [0m[36m    clone[0m[90m | [0mUpdating files:  36% (64/176)[35m[kulala.nvim] [0m[36m    clone[0m[90m | [0mUpdating files:  37% (66/176)[35m[kulala.nvim] [0m[36m    clone[0m[90m | [0mUpdating files:  38% (67/176)[35m[gitsigns.nvim] [0m[36m  clone[0m[90m | [0mUpdating files:  82% (87/105)[35m[gitsigns.nvim] [0m[36m  clone[0m[90m | [0mUpdating files:  83% (88/105)[35m[LuaSnip] [0m[36m        clone[0m[90m | [0mUpdating files:  14% (25/177)[35m[LuaSnip] [0m[36m        clone[0m[90m | [0mUpdating files:  15% (27/177)[35m[catppuccin] [0m[36m     clone[0m[90m | [0mUpdating files:  57% (87/151)[35m[catppuccin] [0m[36m     clone[0m[90m | [0mUpdating files:  58% (88/151)[35m[gitsigns.nvim] [0m[36m  clone[0m[90m | [0mUpdating files:  84% (89/105)[35m[gitsigns.nvim] [0m[36m  clone[0m[90m | [0mUpdating files:  85% (90/105)[35m[kulala.nvim] [0m[36m    clone[0m[90m | [0mUpdating files:  39% (69/176)[35m[catppuccin] [0m[36m     clone[0m[90m | [0mUpdating files:  59% (90/151)[35m[catppuccin] [0m[36m     clone[0m[90m | [0mUpdating files:  60% (91/151)[35m[gitsigns.nvim] [0m[36m  clone[0m[90m | [0mUpdating files:  86% (91/105)[35m[gitsigns.nvim] [0m[36m  clone[0m[90m | [0mUpdating files:  87% (92/105)[35m[kulala.nvim] [0m[36m    clone[0m[90m | [0mUpdating files:  40% (71/176)[35m[LuaSnip] [0m[36m        clone[0m[90m | [0mUpdating files:  16% (29/177)[35m[gitsigns.nvim] [0m[36m  clone[0m[90m | [0mUpdating files:  88% (93/105)[35m[gitsigns.nvim] [0m[36m  clone[0m[90m | [0mUpdating files:  89% (94/105)[35m[gitsigns.nvim] [0m[36m  clone[0m[90m | [0mUpdating files:  90% (95/105)[35m[catppuccin] [0m[36m     clone[0m[90m | [0mUpdating files:  61% (93/151)[35m[catppuccin] [0m[36m     clone[0m[90m | [0mUpdating files:  62% (94/151)[35m[kulala.nvim] [0m[36m    clone[0m[90m | [0mUpdating files:  41% (73/176)[35m[kulala.nvim] [0m[36m    clone[0m[90m | [0mUpdating files:  42% (74/176)[35m[LuaSnip] [0m[36m        clone[0m[90m | [0mUpdating files:  17% (31/177)[35m[LuaSnip] [0m[36m        clone[0m[90m | [0mUpdating files:  18% (32/177)[35m[LuaSnip] [0m[36m        clone[0m[90m | [0mUpdating files:  19% (34/177)[35m[gitsigns.nvim] [0m[36m  clone[0m[90m | [0mUpdating files:  91% (96/105)[35m[gitsigns.nvim] [0m[36m  clone[0m[90m | [0mUpdating files:  92% (97/105)[35m[gitsigns.nvim] [0m[36m  clone[0m[90m | [0mUpdating files:  93% (98/105)[35m[catppuccin] [0m[36m     clone[0m[90m | [0mUpdating files:  63% (96/151)[35m[catppuccin] [0m[36m     clone[0m[90m | [0mUpdating files:  64% (97/151)[35m[catppuccin] [0m[36m     clone[0m[90m | [0mUpdating files:  65% (99/151)[35m[kulala.nvim] [0m[36m    clone[0m[90m | [0mUpdating files:  43% (76/176)[35m[gitsigns.nvim] [0m[36m  clone[0m[90m | [0mUpdating files:  94% (99/105)[35m[gitsigns.nvim] [0m[36m  clone[0m[90m | [0mUpdating files:  95% (100/105)[35m[gitsigns.nvim] [0m[36m  clone[0m[90m | [0mUpdating files:  96% (101/105)[35m[LuaSnip] [0m[36m        clone[0m[90m | [0mUpdating files:  20% (36/177)[35m[catppuccin] [0m[36m     clone[0m[90m | [0mUpdating files:  66% (100/151)[35m[catppuccin] [0m[36m     clone[0m[90m | [0mUpdating files:  67% (102/151)[35m[kulala.nvim] [0m[36m    clone[0m[90m | [0mUpdating files:  44% (78/176)[35m[kulala.nvim] [0m[36m    clone[0m[90m | [0mUpdating files:  45% (80/176)[35m[kulala.nvim] [0m[36m    clone[0m[90m | [0mUpdating files:  46% (81/176)[35m[gitsigns.nvim] [0m[36m  clone[0m[90m | [0mUpdating files:  97% (102/105)[35m[gitsigns.nvim] [0m[36m  clone[0m[90m | [0mUpdating files:  98% (103/105)[35m[gitsigns.nvim] [0m[36m  clone[0m[90m | [0mUpdating files:  99% (104/105)[35m[LuaSnip] [0m[36m        clone[0m[90m | [0mUpdating files:  21% (38/177)[35m[LuaSnip] [0m[36m        clone[0m[90m | [0mUpdating files:  22% (39/177)[35m[catppuccin] [0m[36m     clone[0m[90m | [0mUpdating files:  68% (103/151)[35m[catppuccin] [0m[36m     clone[0m[90m | [0mUpdating files:  69% (105/151)[35m[catppuccin] [0m[36m     clone[0m[90m | [0mUpdating files:  70% (106/151)[35m[gitsigns.nvim] [0m[36m  clone[0m[90m | [0mUpdating files: 100% (105/105)[35m[gitsigns.nvim] [0m[36m  clone[0m[90m | [0mUpdating files: 100% (105/105), done.
[35m[kulala.nvim] [0m[36m    clone[0m[90m | [0mUpdating files:  47% (83/176)[35m[LuaSnip] [0m[36m        clone[0m[90m | [0mUpdating files:  23% (41/177)[35m[LuaSnip] [0m[36m        clone[0m[90m | [0mUpdating files:  23% (42/177)[35m[LuaSnip] [0m[36m        clone[0m[90m | [0mUpdating files:  24% (43/177)[35m[catppuccin] [0m[36m     clone[0m[90m | [0mUpdating files:  71% (108/151)[35m[kulala.nvim] [0m[36m    clone[0m[90m | [0mUpdating files:  48% (85/176)[35m[LuaSnip] [0m[36m        clone[0m[90m | [0mUpdating files:  25% (45/177)[35m[catppuccin] [0m[36m     clone[0m[90m | [0mUpdating files:  72% (109/151)[35m[catppuccin] [0m[36m     clone[0m[90m | [0mUpdating files:  73% (111/151)[35m[kulala.nvim] [0m[36m    clone[0m[90m | [0mUpdating files:  49% (87/176)[35m[kulala.nvim] [0m[36m    clone[0m[90m | [0mUpdating files:  50% (88/176)[35m[LuaSnip] [0m[36m        clone[0m[90m | [0mUpdating files:  26% (47/177)[35m[LuaSnip] [0m[36m        clone[0m[90m | [0mUpdating files:  27% (48/177)[35m[catppuccin] [0m[36m     clone[0m[90m | [0mUpdating files:  74% (112/151)[35m[catppuccin] [0m[36m     clone[0m[90m | [0mUpdating files:  75% (114/151)[35m[catppuccin] [0m[36m     clone[0m[90m | [0mUpdating files:  76% (115/151)[35m[kulala.nvim] [0m[36m    clone[0m[90m | [0mUpdating files:  51% (90/176)[35m[LuaSnip] [0m[36m        clone[0m[90m | [0mUpdating files:  28% (50/177)[35m[LuaSnip] [0m[36m        clone[0m[90m | [0mUpdating files:  29% (52/177)[35m[catppuccin] [0m[36m     clone[0m[90m | [0mUpdating files:  77% (117/151)[35m[kulala.nvim] [0m[36m    clone[0m[90m | [0mUpdating files:  52% (92/176)[35m[LuaSnip] [0m[36m        clone[0m[90m | [0mUpdating files:  30% (54/177)[35m[LuaSnip] [0m[36m        clone[0m[90m | [0mUpdating files:  31% (55/177)[35m[catppuccin] [0m[36m     clone[0m[90m | [0mUpdating files:  78% (118/151)[35m[catppuccin] [0m[36m     clone[0m[90m | [0mUpdating files:  79% (120/151)[35m[kulala.nvim] [0m[36m    clone[0m[90m | [0mUpdating files:  53% (94/176)[35m[kulala.nvim] [0m[36m    clone[0m[90m | [0mUpdating files:  54% (96/176)[35m[LuaSnip] [0m[36m        clone[0m[90m | [0mUpdating files:  32% (57/177)[35m[catppuccin] [0m[36m     clone[0m[90m | [0mUpdating files:  80% (121/151)[35m[kulala.nvim] [0m[36m    clone[0m[90m | [0mUpdating files:  55% (97/176)[35m[kulala.nvim] [0m[36m    clone[0m[90m | [0mUpdating files:  55% (98/176)[35m[LuaSnip] [0m[36m        clone[0m[90m | [0mUpdating files:  33% (59/177)[35m[catppuccin] [0m[36m     clone[0m[90m | [0mUpdating files:  81% (123/151)[35m[catppuccin] [0m[36m     clone[0m[90m | [0mUpdating files:  82% (124/151)[35m[kulala.nvim] [0m[36m    clone[0m[90m | [0mUpdating files:  56% (99/176)[35m[kulala.nvim] [0m[36m    clone[0m[90m | [0mUpdating files:  57% (101/176)[35m[LuaSnip] [0m[36m        clone[0m[90m | [0mUpdating files:  34% (61/177)[35m[LuaSnip] [0m[36m        clone[0m[90m | [0mUpdating files:  35% (62/177)[35m[catppuccin] [0m[36m     clone[0m[90m | [0mUpdating files:  83% (126/151)[35m[catppuccin] [0m[36m     clone[0m[90m | [0mUpdating files:  84% (127/151)[35m[LuaSnip] [0m[36m        clone[0m[90m | [0mUpdating files:  36% (64/177)[35m[kulala.nvim] [0m[36m    clone[0m[90m | [0mUpdating files:  58% (103/176)[35m[kulala.nvim] [0m[36m    clone[0m[90m | [0mUpdating files:  59% (104/176)[35m[LuaSnip] [0m[36m        clone[0m[90m | [0mUpdating files:  37% (66/177)[35m[catppuccin] [0m[36m     clone[0m[90m | [0mUpdating files:  85% (129/151)[35m[catppuccin] [0m[36m     clone[0m[90m | [0mUpdating files:  86% (130/151)[35m[kulala.nvim] [0m[36m    clone[0m[90m | [0mUpdating files:  60% (106/176)[35m[LuaSnip] [0m[36m        clone[0m[90m | [0mUpdating files:  38% (68/177)[35m[kulala.nvim] [0m[36m    clone[0m[90m | [0mUpdating files:  61% (108/176)[35m[LuaSnip] [0m[36m        clone[0m[90m | [0mUpdating files:  39% (70/177)[35m[LuaSnip] [0m[36m        clone[0m[90m | [0mUpdating files:  40% (71/177)[35m[catppuccin] [0m[36m     clone[0m[90m | [0mUpdating files:  87% (132/151)[35m[catppuccin] [0m[36m     clone[0m[90m | [0mUpdating files:  88% (133/151)[35m[kulala.nvim] [0m[36m    clone[0m[90m | [0mUpdating files:  62% (110/176)[35m[kulala.nvim] [0m[36m    clone[0m[90m | [0mUpdating files:  63% (111/176)[35m[LuaSnip] [0m[36m        clone[0m[90m | [0mUpdating files:  41% (73/177)[35m[catppuccin] [0m[36m     clone[0m[90m | [0mUpdating files:  89% (135/151)[35m[catppuccin] [0m[36m     clone[0m[90m | [0mUpdating files:  90% (136/151)[35m[kulala.nvim] [0m[36m    clone[0m[90m | [0mUpdating files:  64% (113/176)[35m[LuaSnip] [0m[36m        clone[0m[90m | [0mUpdating files:  42% (75/177)[35m[catppuccin] [0m[36m     clone[0m[90m | [0mUpdating files:  91% (138/151)[35m[catppuccin] [0m[36m     clone[0m[90m | [0mUpdating files:  92% (139/151)[35m[kulala.nvim] [0m[36m    clone[0m[90m | [0mUpdating files:  65% (115/176)[35m[LuaSnip] [0m[36m        clone[0m[90m | [0mUpdating files:  43% (77/177)[35m[kulala.nvim] [0m[36m    clone[0m[90m | [0mUpdating files:  66% (117/176)[35m[kulala.nvim] [0m[36m    clone[0m[90m | [0mUpdating files:  67% (118/176)[35m[catppuccin] [0m[36m     clone[0m[90m | [0mUpdating files:  93% (141/151)[35m[catppuccin] [0m[36m     clone[0m[90m | [0mUpdating files:  94% (142/151)[35m[LuaSnip] [0m[36m        clone[0m[90m | [0mUpdating files:  44% (78/177)[35m[kulala.nvim] [0m[36m    clone[0m[90m | [0mUpdating files:  68% (120/176)[35m[catppuccin] [0m[36m     clone[0m[90m | [0mUpdating files:  95% (144/151)[35m[catppuccin] [0m[36m     clone[0m[90m | [0mUpdating files:  96% (145/151)[35m[LuaSnip] [0m[36m        clone[0m[90m | [0mUpdating files:  45% (80/177)[35m[LuaSnip] [0m[36m        clone[0m[90m | [0mUpdating files:  46% (82/177)[35m[kulala.nvim] [0m[36m    clone[0m[90m | [0mUpdating files:  69% (122/176)[35m[kulala.nvim] [0m[36m    clone[0m[90m | [0mUpdating files:  70% (124/176)[35m[catppuccin] [0m[36m     clone[0m[90m | [0mUpdating files:  97% (147/151)[35m[catppuccin] [0m[36m     clone[0m[90m | [0mUpdating files:  98% (148/151)[35m[LuaSnip] [0m[36m        clone[0m[90m | [0mUpdating files:  47% (84/177)[35m[LuaSnip] [0m[36m        clone[0m[90m | [0mUpdating files:  48% (85/177)[35m[kulala.nvim] [0m[36m    clone[0m[90m | [0mUpdating files:  71% (125/176)[35m[kulala.nvim] [0m[36m    clone[0m[90m | [0mUpdating files:  72% (127/176)[35m[catppuccin] [0m[36m     clone[0m[90m | [0mUpdating files:  99% (150/151)[35m[catppuccin] [0m[36m     clone[0m[90m | [0mUpdating files: 100% (151/151)[35m[catppuccin] [0m[36m     clone[0m[90m | [0mUpdating files: 100% (151/151), done.
[35m[LuaSnip] [0m[36m        clone[0m[90m | [0mUpdating files:  49% (87/177)[35m[LuaSnip] [0m[36m        clone[0m[90m | [0mUpdating files:  50% (89/177)[35m[kulala.nvim] [0m[36m    clone[0m[90m | [0mUpdating files:  73% (129/176)[35m[kulala.nvim] [0m[36m    clone[0m[90m | [0mUpdating files:  74% (131/176)[35m[kulala.nvim] [0m[36m    clone[0m[90m | [0mUpdating files:  75% (132/176)[35m[LuaSnip] [0m[36m        clone[0m[90m | [0mUpdating files:  51% (91/177)[35m[LuaSnip] [0m[36m        clone[0m[90m | [0mUpdating files:  52% (93/177)[35m[LuaSnip] [0m[36m        clone[0m[90m | [0mUpdating files:  53% (94/177)[35m[kulala.nvim] [0m[36m    clone[0m[90m | [0mUpdating files:  76% (134/176)[35m[kulala.nvim] [0m[36m    clone[0m[90m | [0mUpdating files:  77% (136/176)[35m[LuaSnip] [0m[36m        clone[0m[90m | [0mUpdating files:  54% (96/177)[35m[kulala.nvim] [0m[36m    clone[0m[90m | [0mUpdating files:  78% (138/176)[35m[LuaSnip] [0m[36m        clone[0m[90m | [0mUpdating files:  55% (98/177)[35m[LuaSnip] [0m[36m        clone[0m[90m | [0mUpdating files:  56% (100/177)[35m[LuaSnip] [0m[36m        clone[0m[90m | [0mUpdating files:  57% (101/177)[35m[kulala.nvim] [0m[36m    clone[0m[90m | [0mUpdating files:  79% (140/176)[35m[LuaSnip] [0m[36m        clone[0m[90m | [0mUpdating files:  58% (103/177)[35m[kulala.nvim] [0m[36m    clone[0m[90m | [0mUpdating files:  80% (141/176)[35m[kulala.nvim] [0m[36m    clone[0m[90m | [0mUpdating files:  81% (143/176)[35m[LuaSnip] [0m[36m        clone[0m[90m | [0mUpdating files:  59% (105/177)[35m[kulala.nvim] [0m[36m    clone[0m[90m | [0mUpdating files:  82% (145/176)[35m[LuaSnip] [0m[36m        clone[0m[90m | [0mUpdating files:  60% (107/177)[35m[LuaSnip] [0m[36m        clone[0m[90m | [0mUpdating files:  61% (108/177)[35m[kulala.nvim] [0m[36m    clone[0m[90m | [0mUpdating files:  83% (147/176)[35m[kulala.nvim] [0m[36m    clone[0m[90m | [0mUpdating files:  84% (148/176)[35m[LuaSnip] [0m[36m        clone[0m[90m | [0mUpdating files:  62% (110/177)[35m[kulala.nvim] [0m[36m    clone[0m[90m | [0mUpdating files:  85% (150/176)[35m[LuaSnip] [0m[36m        clone[0m[90m | [0mUpdating files:  63% (112/177)[35m[kulala.nvim] [0m[36m    clone[0m[90m | [0mUpdating files:  86% (152/176)[35m[kulala.nvim] [0m[36m    clone[0m[90m | [0mUpdating files:  87% (154/176)[35m[LuaSnip] [0m[36m        clone[0m[90m | [0mUpdating files:  64% (114/177)[35m[kulala.nvim] [0m[36m    clone[0m[90m | [0mUpdating files:  88% (155/176)[35m[LuaSnip] [0m[36m        clone[0m[90m | [0mUpdating files:  65% (116/177)[35m[kulala.nvim] [0m[36m    clone[0m[90m | [0mUpdating files:  89% (157/176)[35m[LuaSnip] [0m[36m        clone[0m[90m | [0mUpdating files:  66% (117/177)[35m[kulala.nvim] [0m[36m    clone[0m[90m | [0mUpdating files:  90% (159/176)[35m[kulala.nvim] [0m[36m    clone[0m[90m | [0mUpdating files:  91% (161/176)[35m[LuaSnip] [0m[36m        clone[0m[90m | [0mUpdating files:  67% (119/177)[35m[kulala.nvim] [0m[36m    clone[0m[90m | [0mUpdating files:  92% (162/176)[35m[LuaSnip] [0m[36m        clone[0m[90m | [0mUpdating files:  68% (121/177)[35m[kulala.nvim] [0m[36m    clone[0m[90m | [0mUpdating files:  93% (164/176)[35m[LuaSnip] [0m[36m        clone[0m[90m | [0mUpdating files:  69% (123/177)[35m[LuaSnip] [0m[36m        clone[0m[90m | [0mUpdating files:  70% (124/177)[35m[kulala.nvim] [0m[36m    clone[0m[90m | [0mUpdating files:  94% (166/176)[35m[LuaSnip] [0m[36m        clone[0m[90m | [0mUpdating files:  71% (126/177)[35m[kulala.nvim] [0m[36m    clone[0m[90m | [0mUpdating files:  95% (168/176)[35m[kulala.nvim] [0m[36m    clone[0m[90m | [0mUpdating files:  96% (169/176)[35m[LuaSnip] [0m[36m        clone[0m[90m | [0mUpdating files:  72% (128/177)[35m[kulala.nvim] [0m[36m    clone[0m[90m | [0mUpdating files:  97% (171/176)[35m[LuaSnip] [0m[36m        clone[0m[90m | [0mUpdating files:  73% (130/177)[35m[LuaSnip] [0m[36m        clone[0m[90m | [0mUpdating files:  74% (131/177)[35m[kulala.nvim] [0m[36m    clone[0m[90m | [0mUpdating files:  98% (173/176)[35m[LuaSnip] [0m[36m        clone[0m[90m | [0mUpdating files:  75% (133/177)[35m[kulala.nvim] [0m[36m    clone[0m[90m | [0mUpdating files:  99% (175/176)[35m[LuaSnip] [0m[36m        clone[0m[90m | [0mUpdating files:  76% (135/177)[35m[kulala.nvim] [0m[36m    clone[0m[90m | [0mUpdating files: 100% (176/176)[35m[kulala.nvim] [0m[36m    clone[0m[90m | [0mUpdating files: 100% (176/176), done.
[35m[LuaSnip] [0m[36m        clone[0m[90m | [0mUpdating files:  77% (137/177)[35m[LuaSnip] [0m[36m        clone[0m[90m | [0mUpdating files:  78% (139/177)[35m[LuaSnip] [0m[36m        clone[0m[90m | [0mUpdating files:  79% (140/177)[35m[LuaSnip] [0m[36m        clone[0m[90m | [0mUpdating files:  80% (142/177)[35m[LuaSnip] [0m[36m        clone[0m[90m | [0mUpdating files:  81% (144/177)[35m[LuaSnip] [0m[36m        clone[0m[90m | [0mUpdating files:  82% (146/177)[35m[LuaSnip] [0m[36m        clone[0m[90m | [0mUpdating files:  83% (147/177)[35m[LuaSnip] [0m[36m        clone[0m[90m | [0mUpdating files:  84% (149/177)[35m[LuaSnip] [0m[36m        clone[0m[90m | [0mUpdating files:  85% (151/177)[35m[LuaSnip] [0m[36m        clone[0m[90m | [0mUpdating files:  86% (153/177)[35m[LuaSnip] [0m[36m        clone[0m[90m | [0mUpdating files:  87% (154/177)[35m[LuaSnip] [0m[36m        clone[0m[90m | [0mUpdating files:  88% (156/177)[35m[LuaSnip] [0m[36m        clone[0m[90m | [0mUpdating files:  89% (158/177)[35m[LuaSnip] [0m[36m        clone[0m[90m | [0mUpdating files:  90% (160/177)[35m[LuaSnip] [0m[36m        clone[0m[90m | [0mUpdating files:  91% (162/177)[35m[LuaSnip] [0m[36m        clone[0m[90m | [0mUpdating files:  92% (163/177)[35m[LuaSnip] [0m[36m        clone[0m[90m | [0mUpdating files:  93% (165/177)[35m[LuaSnip] [0m[36m        clone[0m[90m | [0mUpdating files:  94% (167/177)[35m[LuaSnip] [0m[36m        clone[0m[90m | [0mUpdating files:  95% (169/177)[35m[LuaSnip] [0m[36m        clone[0m[90m | [0mUpdating files:  96% (170/177)[35m[LuaSnip] [0m[36m        clone[0m[90m | [0mUpdating files:  97% (172/177)[35m[LuaSnip] [0m[36m        clone[0m[90m | [0mUpdating files:  98% (174/177)[35m[LuaSnip] [0m[36m        clone[0m[90m | [0mUpdating files:  99% (176/177)[35m[LuaSnip] [0m[36m        clone[0m[90m | [0mUpdating files: 100% (177/177)[35m[LuaSnip] [0m[36m        clone[0m[90m | [0mUpdating files: 100% (177/177), done.
[35m[fzf-lua] [0m[36m        clone[0m[90m | [0mUpdating files:   0% (2/290)[35m[fzf-lua] [0m[36m        clone[0m[90m | [0mUpdating files:   1% (3/290)[35m[fzf-lua] [0m[36m        clone[0m[90m | [0mUpdating files:   2% (6/290)[35m[fzf-lua] [0m[36m        clone[0m[90m | [0mUpdating files:   3% (9/290)[35m[fzf-lua] [0m[36m        clone[0m[90m | [0mUpdating files:   4% (12/290)[35m[fzf-lua] [0m[36m        clone[0m[90m | [0mUpdating files:   5% (15/290)[35m[fzf-lua] [0m[36m        clone[0m[90m | [0mUpdating files:   6% (18/290)[35m[fzf-lua] [0m[36m        clone[0m[90m | [0mUpdating files:   7% (21/290)[35m[fzf-lua] [0m[36m        clone[0m[90m | [0mUpdating files:   8% (24/290)[35m[fzf-lua] [0m[36m        clone[0m[90m | [0mUpdating files:   9% (27/290)[35m[fzf-lua] [0m[36m        clone[0m[90m | [0mUpdating files:  10% (29/290)[35m[fzf-lua] [0m[36m        clone[0m[90m | [0mUpdating files:  11% (32/290)[35m[fzf-lua] [0m[36m        clone[0m[90m | [0mUpdating files:  12% (35/290)[35m[fzf-lua] [0m[36m        clone[0m[90m | [0mUpdating files:  13% (38/290)[35m[fzf-lua] [0m[36m        clone[0m[90m | [0mUpdating files:  14% (41/290)[35m[fzf-lua] [0m[36m        clone[0m[90m | [0mUpdating files:  15% (44/290)[35m[fzf-lua] [0m[36m        clone[0m[90m | [0mUpdating files:  16% (47/290)[35m[fzf-lua] [0m[36m        clone[0m[90m | [0mUpdating files:  17% (50/290)[35m[fzf-lua] [0m[36m        clone[0m[90m | [0mUpdating files:  18% (53/290)[35m[fzf-lua] [0m[36m        clone[0m[90m | [0mUpdating files:  19% (56/290)[35m[fzf-lua] [0m[36m        clone[0m[90m | [0mUpdating files:  20% (58/290)[35m[fzf-lua] [0m[36m        clone[0m[90m | [0mUpdating files:  21% (61/290)[35m[fzf-lua] [0m[36m        clone[0m[90m | [0mUpdating files:  22% (64/290)[35m[fzf-lua] [0m[36m        clone[0m[90m | [0mUpdating files:  23% (67/290)[35m[fzf-lua] [0m[36m        clone[0m[90m | [0mUpdating files:  24% (70/290)[35m[fzf-lua] [0m[36m        clone[0m[90m | [0mUpdating files:  25% (73/290)[35m[fzf-lua] [0m[36m        clone[0m[90m | [0mUpdating files:  26% (76/290)[35m[fzf-lua] [0m[36m        clone[0m[90m | [0mUpdating files:  27% (79/290)[35m[fzf-lua] [0m[36m        clone[0m[90m | [0mUpdating files:  28% (82/290)[35m[fzf-lua] [0m[36m        clone[0m[90m | [0mUpdating files:  29% (85/290)[35m[fzf-lua] [0m[36m        clone[0m[90m | [0mUpdating files:  30% (87/290)[35m[fzf-lua] [0m[36m        clone[0m[90m | [0mUpdating files:  31% (90/290)[35m[fzf-lua] [0m[36m        clone[0m[90m | [0mUpdating files:  32% (93/290)[35m[fzf-lua] [0m[36m        clone[0m[90m | [0mUpdating files:  33% (96/290)[35m[fzf-lua] [0m[36m        clone[0m[90m | [0mUpdating files:  34% (99/290)[35m[fzf-lua] [0m[36m        clone[0m[90m | [0mUpdating files:  35% (102/290)[35m[fzf-lua] [0m[36m        clone[0m[90m | [0mUpdating files:  36% (105/290)[35m[fzf-lua] [0m[36m        clone[0m[90m | [0mUpdating files:  37% (108/290)[35m[nvim-web-devicons] [0m[36mclone[0m[90m | [0mremote: Enumerating objects: 1379, done.        
[35m[nvim-web-devicons] [0m[36mclone[0m[90m | [0mremote: Counting objects:   1% (1/89)        [35m[nvim-web-devicons] [0m[36mclone[0m[90m | [0mremote: Counting objects:   2% (2/89)        [35m[nvim-web-devicons] [0m[36mclone[0m[90m | [0mremote: Counting objects:   3% (3/89)        [35m[nvim-web-devicons] [0m[36mclone[0m[90m | [0mremote: Counting objects:   4% (4/89)        [35m[nvim-web-devicons] [0m[36mclone[0m[90m | [0mremote: Counting objects:   5% (5/89)        [35m[nvim-web-devicons] [0m[36mclone[0m[90m | [0mremote: Counting objects:   6% (6/89)        [35m[nvim-web-devicons] [0m[36mclone[0m[90m | [0mremote: Counting objects:   7% (7/89)        [35m[nvim-web-devicons] [0m[36mclone[0m[90m | [0mremote: Counting objects:   8% (8/89)        [35m[nvim-web-devicons] [0m[36mclone[0m[90m | [0mremote: Counting objects:  10% (9/89)        [35m[nvim-web-devicons] [0m[36mclone[0m[90m | [0mremote: Counting objects:  11% (10/89)        [35m[nvim-web-devicons] [0m[36mclone[0m[90m | [0mremote: Counting objects:  12% (11/89)        [35m[nvim-web-devicons] [0m[36mclone[0m[90m | [0mremote: Counting objects:  13% (12/89)        [35m[nvim-web-devicons] [0m[36mclone[0m[90m | [0mremote: Counting objects:  14% (13/89)        [35m[nvim-web-devicons] [0m[36mclone[0m[90m | [0mremote: Counting objects:  15% (14/89)        [35m[nvim-web-devicons] [0m[36mclone[0m[90m | [0mremote: Counting objects:  16% (15/89)        [35m[nvim-web-devicons] [0m[36mclone[0m[90m | [0mremote: Counting objects:  17% (16/89)        [35m[nvim-web-devicons] [0m[36mclone[0m[90m | [0mremote: Counting objects:  19% (17/89)        [35m[nvim-web-devicons] [0m[36mclone[0m[90m | [0mremote: Counting objects:  20% (18/89)        [35m[nvim-web-devicons] [0m[36mclone[0m[90m | [0mremote: Counting objects:  21% (19/89)        [35m[nvim-web-devicons] [0m[36mclone[0m[90m | [0mremote: Counting objects:  22% (20/89)        [35m[nvim-web-devicons] [0m[36mclone[0m[90m | [0mremote: Counting objects:  23% (21/89)        [35m[nvim-web-devicons] [0m[36mclone[0m[90m | [0mremote: Counting objects:  24% (22/89)        [35m[nvim-web-devicons] [0m[36mclone[0m[90m | [0mremote: Counting objects:  25% (23/89)        [35m[nvim-web-devicons] [0m[36mclone[0m[90m | [0mremote: Counting objects:  26% (24/89)        [35m[nvim-web-devicons] [0m[36mclone[0m[90m | [0mremote: Counting objects:  28% (25/89)        [35m[nvim-web-devicons] [0m[36mclone[0m[90m | [0mremote: Counting objects:  29% (26/89)        [35m[nvim-web-devicons] [0m[36mclone[0m[90m | [0mremote: Counting objects:  30% (27/89)        [35m[nvim-web-devicons] [0m[36mclone[0m[90m | [0mremote: Counting objects:  31% (28/89)        [35m[nvim-web-devicons] [0m[36mclone[0m[90m | [0mremote: Counting objects:  32% (29/89)        [35m[nvim-web-devicons] [0m[36mclone[0m[90m | [0mremote: Counting objects:  33% (30/89)        [35m[nvim-web-devicons] [0m[36mclone[0m[90m | [0mremote: Counting objects:  34% (31/89)        [35m[nvim-web-devicons] [0m[36mclone[0m[90m | [0mremote: Counting objects:  35% (32/89)        [35m[nvim-web-devicons] [0m[36mclone[0m[90m | [0mremote: Counting objects:  37% (33/89)        [35m[nvim-web-devicons] [0m[36mclone[0m[90m | [0mremote: Counting objects:  38% (34/89)        [35m[nvim-web-devicons] [0m[36mclone[0m[90m | [0mremote: Counting objects:  39% (35/89)        [35m[nvim-web-devicons] [0m[36mclone[0m[90m | [0mremote: Counting objects:  40% (36/89)        [35m[nvim-web-devicons] [0m[36mclone[0m[90m | [0mremote: Counting objects:  41% (37/89)        [35m[nvim-web-devicons] [0m[36mclone[0m[90m | [0mremote: Counting objects:  42% (38/89)        [35m[nvim-web-devicons] [0m[36mclone[0m[90m | [0mremote: Counting objects:  43% (39/89)        [35m[nvim-web-devicons] [0m[36mclone[0m[90m | [0mremote: Counting objects:  44% (40/89)        [35m[nvim-web-devicons] [0m[36mclone[0m[90m | [0mremote: Counting objects:  46% (41/89)        [35m[nvim-web-devicons] [0m[36mclone[0m[90m | [0mremote: Counting objects:  47% (42/89)        [35m[nvim-web-devicons] [0m[36mclone[0m[90m | [0mremote: Counting objects:  48% (43/89)        [35m[nvim-web-devicons] [0m[36mclone[0m[90m | [0mremote: Counting objects:  49% (44/89)        [35m[nvim-web-devicons] [0m[36mclone[0m[90m | [0mremote: Counting objects:  50% (45/89)        [35m[nvim-web-devicons] [0m[36mclone[0m[90m | [0mremote: Counting objects:  51% (46/89)        [35m[nvim-web-devicons] [0m[36mclone[0m[90m | [0mremote: Counting objects:  52% (47/89)        [35m[nvim-web-devicons] [0m[36mclone[0m[90m | [0mremote: Counting objects:  53% (48/89)        [35m[nvim-web-devicons] [0m[36mclone[0m[90m | [0mremote: Counting objects:  55% (49/89)        [35m[nvim-web-devicons] [0m[36mclone[0m[90m | [0mremote: Counting objects:  56% (50/89)        [35m[nvim-web-devicons] [0m[36mclone[0m[90m | [0mremote: Counting objects:  57% (51/89)        [35m[nvim-web-devicons] [0m[36mclone[0m[90m | [0mremote: Counting objects:  58% (52/89)        [35m[nvim-web-devicons] [0m[36mclone[0m[90m | [0mremote: Counting objects:  59% (53/89)        [35m[nvim-web-devicons] [0m[36mclone[0m[90m | [0mremote: Counting objects:  60% (54/89)        [35m[nvim-web-devicons] [0m[36mclone[0m[90m | [0mremote: Counting objects:  61% (55/89)        [35m[nvim-web-devicons] [0m[36mclone[0m[90m | [0mremote: Counting objects:  62% (56/89)        [35m[nvim-web-devicons] [0m[36mclone[0m[90m | [0mremote: Counting objects:  64% (57/89)        [35m[nvim-web-devicons] [0m[36mclone[0m[90m | [0mremote: Counting objects:  65% (58/89)        [35m[nvim-web-devicons] [0m[36mclone[0m[90m | [0mremote: Counting objects:  66% (59/89)        [35m[nvim-web-devicons] [0m[36mclone[0m[90m | [0mremote: Counting objects:  67% (60/89)        [35m[nvim-web-devicons] [0m[36mclone[0m[90m | [0mremote: Counting objects:  68% (61/89)        [35m[nvim-web-devicons] [0m[36mclone[0m[90m | [0mremote: Counting objects:  69% (62/89)        [35m[nvim-web-devicons] [0m[36mclone[0m[90m | [0mremote: Counting objects:  70% (63/89)        [35m[nvim-web-devicons] [0m[36mclone[0m[90m | [0mremote: Counting objects:  71% (64/89)        [35m[nvim-web-devicons] [0m[36mclone[0m[90m | [0mremote: Counting objects:  73% (65/89)        [35m[nvim-web-devicons] [0m[36mclone[0m[90m | [0mremote: Counting objects:  74% (66/89)        [35m[nvim-web-devicons] [0m[36mclone[0m[90m | [0mremote: Counting objects:  75% (67/89)        [35m[nvim-web-devicons] [0m[36mclone[0m[90m | [0mremote: Counting objects:  76% (68/89)        [35m[nvim-web-devicons] [0m[36mclone[0m[90m | [0mremote: Counting objects:  77% (69/89)        [35m[nvim-web-devicons] [0m[36mclone[0m[90m | [0mremote: Counting objects:  78% (70/89)        [35m[nvim-web-devicons] [0m[36mclone[0m[90m | [0mremote: Counting objects:  79% (71/89)        [35m[nvim-web-devicons] [0m[36mclone[0m[90m | [0mremote: Counting objects:  80% (72/89)        [35m[nvim-web-devicons] [0m[36mclone[0m[90m | [0mremote: Counting objects:  82% (73/89)        [35m[nvim-web-devicons] [0m[36mclone[0m[90m | [0mremote: Counting objects:  83% (74/89)        [35m[nvim-web-devicons] [0m[36mclone[0m[90m | [0mremote: Counting objects:  84% (75/89)        [35m[nvim-web-devicons] [0m[36mclone[0m[90m | [0mremote: Counting objects:  85% (76/89)        [35m[nvim-web-devicons] [0m[36mclone[0m[90m | [0mremote: Counting objects:  86% (77/89)        [35m[nvim-web-devicons] [0m[36mclone[0m[90m | [0mremote: Counting objects:  87% (78/89)        [35m[nvim-web-devicons] [0m[36mclone[0m[90m | [0mremote: Counting objects:  88% (79/89)        [35m[nvim-web-devicons] [0m[36mclone[0m[90m | [0mremote: Counting objects:  89% (80/89)        [35m[nvim-web-devicons] [0m[36mclone[0m[90m | [0mremote: Counting objects:  91% (81/89)        [35m[nvim-web-devicons] [0m[36mclone[0m[90m | [0mremote: Counting objects:  92% (82/89)        [35m[nvim-web-devicons] [0m[36mclone[0m[90m | [0mremote: Counting objects:  93% (83/89)        [35m[nvim-web-devicons] [0m[36mclone[0m[90m | [0mremote: Counting objects:  94% (84/89)        [35m[nvim-web-devicons] [0m[36mclone[0m[90m | [0mremote: Counting objects:  95% (85/89)        [35m[nvim-web-devicons] [0m[36mclone[0m[90m | [0mremote: Counting objects:  96% (86/89)        [35m[nvim-web-devicons] [0m[36mclone[0m[90m | [0mremote: Counting objects:  97% (87/89)        [35m[nvim-web-devicons] [0m[36mclone[0m[90m | [0mremote: Counting objects:  98% (88/89)        [35m[nvim-web-devicons] [0m[36mclone[0m[90m | [0mremote: Counting objects: 100% (89/89)        [35m[nvim-web-devicons] [0m[36mclone[0m[90m | [0mremote: Counting objects: 100% (89/89), done.        
[35m[nvim-web-devicons] [0m[36mclone[0m[90m | [0mremote: Compressing objects:   1% (1/66)        [35m[nvim-web-devicons] [0m[36mclone[0m[90m | [0mremote: Compressing objects:   3% (2/66)        [35m[nvim-web-devicons] [0m[36mclone[0m[90m | [0mremote: Compressing objects:   4% (3/66)        [35m[nvim-web-devicons] [0m[36mclone[0m[90m | [0mremote: Compressing objects:   6% (4/66)        [35m[nvim-web-devicons] [0m[36mclone[0m[90m | [0mremote: Compressing objects:   7% (5/66)        [35m[nvim-web-devicons] [0m[36mclone[0m[90m | [0mremote: Compressing objects:   9% (6/66)        [35m[nvim-web-devicons] [0m[36mclone[0m[90m | [0mremote: Compressing objects:  10% (7/66)        [35m[nvim-web-devicons] [0m[36mclone[0m[90m | [0mremote: Compressing objects:  12% (8/66)        [35m[nvim-web-devicons] [0m[36mclone[0m[90m | [0mremote: Compressing objects:  13% (9/66)        [35m[nvim-web-devicons] [0m[36mclone[0m[90m | [0mremote: Compressing objects:  15% (10/66)        [35m[nvim-web-devicons] [0m[36mclone[0m[90m | [0mremote: Compressing objects:  16% (11/66)        [35m[nvim-web-devicons] [0m[36mclone[0m[90m | [0mremote: Compressing objects:  18% (12/66)        [35m[nvim-web-devicons] [0m[36mclone[0m[90m | [0mremote: Compressing objects:  19% (13/66)        [35m[nvim-web-devicons] [0m[36mclone[0m[90m | [0mremote: Compressing objects:  21% (14/66)        [35m[nvim-web-devicons] [0m[36mclone[0m[90m | [0mremote: Compressing objects:  22% (15/66)        [35m[nvim-web-devicons] [0m[36mclone[0m[90m | [0mremote: Compressing objects:  24% (16/66)        [35m[nvim-web-devicons] [0m[36mclone[0m[90m | [0mremote: Compressing objects:  25% (17/66)        [35m[nvim-web-devicons] [0m[36mclone[0m[90m | [0mremote: Compressing objects:  27% (18/66)        [35m[nvim-web-devicons] [0m[36mclone[0m[90m | [0mremote: Compressing objects:  28% (19/66)        [35m[nvim-web-devicons] [0m[36mclone[0m[90m | [0mremote: Compressing objects:  30% (20/66)        [35m[nvim-web-devicons] [0m[36mclone[0m[90m | [0mremote: Compressing objects:  31% (21/66)        [35m[nvim-web-devicons] [0m[36mclone[0m[90m | [0mremote: Compressing objects:  33% (22/66)        [35m[nvim-web-devicons] [0m[36mclone[0m[90m | [0mremote: Compressing objects:  34% (23/66)        [35m[nvim-web-devicons] [0m[36mclone[0m[90m | [0mremote: Compressing objects:  36% (24/66)        [35m[nvim-web-devicons] [0m[36mclone[0m[90m | [0mremote: Compressing objects:  37% (25/66)        [35m[nvim-web-devicons] [0m[36mclone[0m[90m | [0mremote: Compressing objects:  39% (26/66)        [35m[nvim-web-devicons] [0m[36mclone[0m[90m | [0mremote: Compressing objects:  40% (27/66)        [35m[nvim-web-devicons] [0m[36mclone[0m[90m | [0mremote: Compressing objects:  42% (28/66)        [35m[nvim-web-devicons] [0m[36mclone[0m[90m | [0mremote: Compressing objects:  43% (29/66)        [35m[nvim-web-devicons] [0m[36mclone[0m[90m | [0mremote: Compressing objects:  45% (30/66)        [35m[nvim-web-devicons] [0m[36mclone[0m[90m | [0mremote: Compressing objects:  46% (31/66)        [35m[nvim-web-devicons] [0m[36mclone[0m[90m | [0mremote: Compressing objects:  48% (32/66)        [35m[nvim-web-devicons] [0m[36mclone[0m[90m | [0mremote: Compressing objects:  50% (33/66)        [35m[nvim-web-devicons] [0m[36mclone[0m[90m | [0mremote: Compressing objects:  51% (34/66)        [35m[nvim-web-devicons] [0m[36mclone[0m[90m | [0mremote: Compressing objects:  53% (35/66)        [35m[nvim-web-devicons] [0m[36mclone[0m[90m | [0mremote: Compressing objects:  54% (36/66)        [35m[nvim-web-devicons] [0m[36mclone[0m[90m | [0mremote: Compressing objects:  56% (37/66)        [35m[nvim-web-devicons] [0m[36mclone[0m[90m | [0mremote: Compressing objects:  57% (38/66)        [35m[nvim-web-devicons] [0m[36mclone[0m[90m | [0mremote: Compressing objects:  59% (39/66)        [35m[nvim-web-devicons] [0m[36mclone[0m[90m | [0mremote: Compressing objects:  60% (40/66)        [35m[nvim-web-devicons] [0m[36mclone[0m[90m | [0mremote: Compressing objects:  62% (41/66)        [35m[nvim-web-devicons] [0m[36mclone[0m[90m | [0mremote: Compressing objects:  63% (42/66)        [35m[nvim-web-devicons] [0m[36mclone[0m[90m | [0mremote: Compressing objects:  65% (43/66)        [35m[nvim-web-devicons] [0m[36mclone[0m[90m | [0mremote: Compressing objects:  66% (44/66)        [35m[nvim-web-devicons] [0m[36mclone[0m[90m | [0mremote: Compressing objects:  68% (45/66)        [35m[nvim-web-devicons] [0m[36mclone[0m[90m | [0mremote: Compressing objects:  69% (46/66)        [35m[nvim-web-devicons] [0m[36mclone[0m[90m | [0mremote: Compressing objects:  71% (47/66)        [35m[nvim-web-devicons] [0m[36mclone[0m[90m | [0mremote: Compressing objects:  72% (48/66)        [35m[nvim-web-devicons] [0m[36mclone[0m[90m | [0mremote: Compressing objects:  74% (49/66)        [35m[nvim-web-devicons] [0m[36mclone[0m[90m | [0mremote: Compressing objects:  75% (50/66)        [35m[nvim-web-devicons] [0m[36mclone[0m[90m | [0mremote: Compressing objects:  77% (51/66)        [35m[nvim-web-devicons] [0m[36mclone[0m[90m | [0mremote: Compressing objects:  78% (52/66)        [35m[nvim-web-devicons] [0m[36mclone[0m[90m | [0mremote: Compressing objects:  80% (53/66)        [35m[nvim-web-devicons] [0m[36mclone[0m[90m | [0mremote: Compressing objects:  81% (54/66)        [35m[nvim-web-devicons] [0m[36mclone[0m[90m | [0mremote: Compressing objects:  83% (55/66)        [35m[nvim-web-devicons] [0m[36mclone[0m[90m | [0mremote: Compressing objects:  84% (56/66)        [35m[nvim-web-devicons] [0m[36mclone[0m[90m | [0mremote: Compressing objects:  86% (57/66)        [35m[nvim-web-devicons] [0m[36mclone[0m[90m | [0mremote: Compressing objects:  87% (58/66)        [35m[nvim-web-devicons] [0m[36mclone[0m[90m | [0mremote: Compressing objects:  89% (59/66)        [35m[nvim-web-devicons] [0m[36mclone[0m[90m | [0mremote: Compressing objects:  90% (60/66)        [35m[nvim-web-devicons] [0m[36mclone[0m[90m | [0mremote: Compressing objects:  92% (61/66)        [35m[nvim-web-devicons] [0m[36mclone[0m[90m | [0mremote: Compressing objects:  93% (62/66)        [35m[nvim-web-devicons] [0m[36mclone[0m[90m | [0mremote: Compressing objects:  95% (63/66)        [35m[nvim-web-devicons] [0m[36mclone[0m[90m | [0mremote: Compressing objects:  96% (64/66)        [35m[nvim-web-devicons] [0m[36mclone[0m[90m | [0mremote: Compressing objects:  98% (65/66)        [35m[nvim-web-devicons] [0m[36mclone[0m[90m | [0mremote: Compressing objects: 100% (66/66)        [35m[nvim-web-devicons] [0m[36mclone[0m[90m | [0mremote: Compressing objects: 100% (66/66), done.        
[35m[fzf-lua] [0m[36m        clone[0m[90m | [0mUpdating files:  38% (111/290)[35m[fzf-lua] [0m[36m        clone[0m[90m | [0mUpdating files:  39% (114/290)[35m[fzf-lua] [0m[36m        clone[0m[90m | [0mUpdating files:  40% (116/290)[35m[fzf-lua] [0m[36m        clone[0m[90m | [0mUpdating files:  41% (119/290)[35m[fzf-lua] [0m[36m        clone[0m[90m | [0mUpdating files:  42% (122/290)[35m[fzf-lua] [0m[36m        clone[0m[90m | [0mUpdating files:  43% (125/290)[35m[fzf-lua] [0m[36m        clone[0m[90m | [0mUpdating files:  44% (128/290)[35m[fzf-lua] [0m[36m        clone[0m[90m | [0mUpdating files:  45% (131/290)[35m[fzf-lua] [0m[36m        clone[0m[90m | [0mUpdating files:  46% (134/290)[35m[fzf-lua] [0m[36m        clone[0m[90m | [0mUpdating files:  47% (137/290)[35m[fzf-lua] [0m[36m        clone[0m[90m | [0mUpdating files:  48% (140/290)[35m[fzf-lua] [0m[36m        clone[0m[90m | [0mUpdating files:  49% (143/290)[35m[fzf-lua] [0m[36m        clone[0m[90m | [0mUpdating files:  50% (145/290)[35m[fzf-lua] [0m[36m        clone[0m[90m | [0mUpdating files:  51% (148/290)[35m[fzf-lua] [0m[36m        clone[0m[90m | [0mUpdating files:  52% (151/290)[35m[fzf-lua] [0m[36m        clone[0m[90m | [0mUpdating files:  53% (154/290)[35m[fzf-lua] [0m[36m        clone[0m[90m | [0mUpdating files:  54% (157/290)[35m[fzf-lua] [0m[36m        clone[0m[90m | [0mUpdating files:  55% (160/290)[35m[fzf-lua] [0m[36m        clone[0m[90m | [0mUpdating files:  56% (163/290)[35m[fzf-lua] [0m[36m        clone[0m[90m | [0mUpdating files:  57% (166/290)[35m[fzf-lua] [0m[36m        clone[0m[90m | [0mUpdating files:  58% (169/290)[35m[fzf-lua] [0m[36m        clone[0m[90m | [0mUpdating files:  59% (172/290)[35m[fzf-lua] [0m[36m        clone[0m[90m | [0mUpdating files:  60% (174/290)[35m[fzf-lua] [0m[36m        clone[0m[90m | [0mUpdating files:  61% (177/290)[35m[fzf-lua] [0m[36m        clone[0m[90m | [0mUpdating files:  62% (180/290)[35m[fzf-lua] [0m[36m        clone[0m[90m | [0mUpdating files:  63% (183/290)[35m[fzf-lua] [0m[36m        clone[0m[90m | [0mUpdating files:  64% (186/290)[35m[fzf-lua] [0m[36m        clone[0m[90m | [0mUpdating files:  65% (189/290)[35m[fzf-lua] [0m[36m        clone[0m[90m | [0mUpdating files:  66% (192/290)[35m[fzf-lua] [0m[36m        clone[0m[90m | [0mUpdating files:  67% (195/290)[35m[fzf-lua] [0m[36m        clone[0m[90m | [0mUpdating files:  68% (198/290)[35m[fzf-lua] [0m[36m        clone[0m[90m | [0mUpdating files:  69% (201/290)[35m[fzf-lua] [0m[36m        clone[0m[90m | [0mUpdating files:  70% (203/290)[35m[fzf-lua] [0m[36m        clone[0m[90m | [0mUpdating files:  71% (206/290)[35m[fzf-lua] [0m[36m        clone[0m[90m | [0mUpdating files:  72% (209/290)[35m[fzf-lua] [0m[36m        clone[0m[90m | [0mUpdating files:  73% (212/290)[35m[fzf-lua] [0m[36m        clone[0m[90m | [0mUpdating files:  74% (215/290)[35m[fzf-lua] [0m[36m        clone[0m[90m | [0mUpdating files:  75% (218/290)[35m[fzf-lua] [0m[36m        clone[0m[90m | [0mUpdating files:  76% (221/290)[35m[fzf-lua] [0m[36m        clone[0m[90m | [0mUpdating files:  77% (224/290)[35m[fzf-lua] [0m[36m        clone[0m[90m | [0mUpdating files:  78% (227/290)[35m[fzf-lua] [0m[36m        clone[0m[90m | [0mUpdating files:  79% (230/290)[35m[fzf-lua] [0m[36m        clone[0m[90m | [0mUpdating files:  80% (232/290)[35m[fzf-lua] [0m[36m        clone[0m[90m | [0mUpdating files:  81% (235/290)[35m[fzf-lua] [0m[36m        clone[0m[90m | [0mUpdating files:  82% (238/290)[35m[fzf-lua] [0m[36m        clone[0m[90m | [0mUpdating files:  83% (241/290)[35m[fzf-lua] [0m[36m        clone[0m[90m | [0mUpdating files:  84% (244/290)[35m[fzf-lua] [0m[36m        clone[0m[90m | [0mUpdating files:  85% (247/290)[35m[fzf-lua] [0m[36m        clone[0m[90m | [0mUpdating files:  86% (250/290)[35m[fzf-lua] [0m[36m        clone[0m[90m | [0mUpdating files:  87% (253/290)[35m[fzf-lua] [0m[36m        clone[0m[90m | [0mUpdating files:  88% (256/290)[35m[fzf-lua] [0m[36m        clone[0m[90m | [0mUpdating files:  89% (259/290)[35m[fzf-lua] [0m[36m        clone[0m[90m | [0mUpdating files:  90% (261/290)[35m[fzf-lua] [0m[36m        clone[0m[90m | [0mUpdating files:  91% (264/290)[35m[fzf-lua] [0m[36m        clone[0m[90m | [0mUpdating files:  92% (267/290)[35m[fzf-lua] [0m[36m        clone[0m[90m | [0mUpdating files:  93% (270/290)[35m[fzf-lua] [0m[36m        clone[0m[90m | [0mUpdating files:  94% (273/290)[35m[fzf-lua] [0m[36m        clone[0m[90m | [0mUpdating files:  95% (276/290)[35m[fzf-lua] [0m[36m        clone[0m[90m | [0mUpdating files:  96% (279/290)[35m[fzf-lua] [0m[36m        clone[0m[90m | [0mUpdating files:  97% (282/290)[35m[fzf-lua] [0m[36m        clone[0m[90m | [0mUpdating files:  98% (285/290)[35m[fzf-lua] [0m[36m        clone[0m[90m | [0mUpdating files:  99% (288/290)[35m[fzf-lua] [0m[36m        clone[0m[90m | [0mUpdating files: 100% (290/290)[35m[fzf-lua] [0m[36m        clone[0m[90m | [0mUpdating files: 100% (290/290), done.
[35m[nvim-web-devicons] [0m[36mclone[0m[90m | [0mReceiving objects:   0% (1/1379)[35m[nvim-web-devicons] [0m[36mclone[0m[90m | [0mReceiving objects:   1% (14/1379)[35m[nvim-web-devicons] [0m[36mclone[0m[90m | [0mReceiving objects:   2% (28/1379)[35m[nvim-web-devicons] [0m[36mclone[0m[90m | [0mReceiving objects:   3% (42/1379)[35m[nvim-web-devicons] [0m[36mclone[0m[90m | [0mReceiving objects:   4% (56/1379)[35m[nvim-web-devicons] [0m[36mclone[0m[90m | [0mReceiving objects:   5% (69/1379)[35m[nvim-web-devicons] [0m[36mclone[0m[90m | [0mReceiving objects:   6% (83/1379)[35m[nvim-web-devicons] [0m[36mclone[0m[90m | [0mReceiving objects:   7% (97/1379)[35m[nvim-web-devicons] [0m[36mclone[0m[90m | [0mReceiving objects:   8% (111/1379)[35m[nvim-web-devicons] [0m[36mclone[0m[90m | [0mReceiving objects:   9% (125/1379)[35m[nvim-web-devicons] [0m[36mclone[0m[90m | [0mReceiving objects:  10% (138/1379)[35m[nvim-web-devicons] [0m[36mclone[0m[90m | [0mReceiving objects:  11% (152/1379)[35m[nvim-web-devicons] [0m[36mclone[0m[90m | [0mReceiving objects:  12% (166/1379)[35m[nvim-web-devicons] [0m[36mclone[0m[90m | [0mReceiving objects:  13% (180/1379)[35m[nvim-web-devicons] [0m[36mclone[0m[90m | [0mReceiving objects:  14% (194/1379)[35m[nvim-web-devicons] [0m[36mclone[0m[90m | [0mReceiving objects:  15% (207/1379)[35m[nvim-web-devicons] [0m[36mclone[0m[90m | [0mReceiving objects:  16% (221/1379)[35m[nvim-web-devicons] [0m[36mclone[0m[90m | [0mReceiving objects:  17% (235/1379)[35m[nvim-web-devicons] [0m[36mclone[0m[90m | [0mReceiving objects:  18% (249/1379)[35m[nvim-web-devicons] [0m[36mclone[0m[90m | [0mReceiving objects:  19% (263/1379)[35m[nvim-web-devicons] [0m[36mclone[0m[90m | [0mReceiving objects:  20% (276/1379)[35m[nvim-web-devicons] [0m[36mclone[0m[90m | [0mReceiving objects:  21% (290/1379)[35m[nvim-web-devicons] [0m[36mclone[0m[90m | [0mReceiving objects:  22% (304/1379)[35m[nvim-web-devicons] [0m[36mclone[0m[90m | [0mReceiving objects:  23% (318/1379)[35m[nvim-web-devicons] [0m[36mclone[0m[90m | [0mReceiving objects:  24% (331/1379)[35m[nvim-web-devicons] [0m[36mclone[0m[90m | [0mReceiving objects:  25% (345/1379)[35m[nvim-web-devicons] [0m[36mclone[0m[90m | [0mReceiving objects:  26% (359/1379)[35m[nvim-web-devicons] [0m[36mclone[0m[90m | [0mReceiving objects:  27% (373/1379)[35m[nvim-web-devicons] [0m[36mclone[0m[90m | [0mReceiving objects:  28% (387/1379)[35m[nvim-web-devicons] [0m[36mclone[0m[90m | [0mReceiving objects:  29% (400/1379)[35m[nvim-web-devicons] [0m[36mclone[0m[90m | [0mReceiving objects:  30% (414/1379)[35m[nvim-web-devicons] [0m[36mclone[0m[90m | [0mReceiving objects:  31% (428/1379)[35m[nvim-web-devicons] [0m[36mclone[0m[90m | [0mReceiving objects:  32% (442/1379)[35m[nvim-web-devicons] [0m[36mclone[0m[90m | [0mReceiving objects:  33% (456/1379)[35m[nvim-web-devicons] [0m[36mclone[0m[90m | [0mReceiving objects:  34% (469/1379)[35m[nvim-web-devicons] [0m[36mclone[0m[90m | [0mReceiving objects:  35% (483/1379)[35m[nvim-web-devicons] [0m[36mclone[0m[90m | [0mReceiving objects:  36% (497/1379)[35m[nvim-web-devicons] [0m[36mclone[0m[90m | [0mReceiving objects:  37% (511/1379)[35m[nvim-web-devicons] [0m[36mclone[0m[90m | [0mReceiving objects:  38% (525/1379)[35m[nvim-web-devicons] [0m[36mclone[0m[90m | [0mReceiving objects:  39% (538/1379)[35m[nvim-web-devicons] [0m[36mclone[0m[90m | [0mReceiving objects:  40% (552/1379)[35m[nvim-web-devicons] [0m[36mclone[0m[90m | [0mReceiving objects:  41% (566/1379)[35m[nvim-web-devicons] [0m[36mclone[0m[90m | [0mReceiving objects:  42% (580/1379)[35m[nvim-web-devicons] [0m[36mclone[0m[90m | [0mReceiving objects:  43% (593/1379)[35m[nvim-web-devicons] [0m[36mclone[0m[90m | [0mReceiving objects:  44% (607/1379)[35m[nvim-web-devicons] [0m[36mclone[0m[90m | [0mReceiving objects:  45% (621/1379)[35m[nvim-web-devicons] [0m[36mclone[0m[90m | [0mReceiving objects:  46% (635/1379)[35m[nvim-web-devicons] [0m[36mclone[0m[90m | [0mReceiving objects:  47% (649/1379)[35m[nvim-web-devicons] [0m[36mclone[0m[90m | [0mReceiving objects:  48% (662/1379)[35m[nvim-web-devicons] [0m[36mclone[0m[90m | [0mReceiving objects:  49% (676/1379)[35m[nvim-web-devicons] [0m[36mclone[0m[90m | [0mReceiving objects:  50% (690/1379)[35m[nvim-web-devicons] [0m[36mclone[0m[90m | [0mReceiving objects:  51% (704/1379)[35m[nvim-web-devicons] [0m[36mclone[0m[90m | [0mReceiving objects:  52% (718/1379)[35m[nvim-web-devicons] [0m[36mclone[0m[90m | [0mReceiving objects:  53% (731/1379)[35m[nvim-web-devicons] [0m[36mclone[0m[90m | [0mReceiving objects:  54% (745/1379)[35m[nvim-web-devicons] [0m[36mclone[0m[90m | [0mReceiving objects:  55% (759/1379)[35m[nvim-web-devicons] [0m[36mclone[0m[90m | [0mReceiving objects:  56% (773/1379)[35m[nvim-web-devicons] [0m[36mclone[0m[90m | [0mReceiving objects:  57% (787/1379)[35m[nvim-web-devicons] [0m[36mclone[0m[90m | [0mReceiving objects:  58% (800/1379)[35m[nvim-web-devicons] [0m[36mclone[0m[90m | [0mReceiving objects:  59% (814/1379)[35m[nvim-web-devicons] [0m[36mclone[0m[90m | [0mReceiving objects:  60% (828/1379)[35m[nvim-web-devicons] [0m[36mclone[0m[90m | [0mReceiving objects:  61% (842/1379)[35m[nvim-web-devicons] [0m[36mclone[0m[90m | [0mReceiving objects:  62% (855/1379)[35m[nvim-web-devicons] [0m[36mclone[0m[90m | [0mReceiving objects:  63% (869/1379)[35m[nvim-web-devicons] [0m[36mclone[0m[90m | [0mReceiving objects:  64% (883/1379)[35m[nvim-web-devicons] [0m[36mclone[0m[90m | [0mReceiving objects:  65% (897/1379)[35m[nvim-web-devicons] [0m[36mclone[0m[90m | [0mReceiving objects:  66% (911/1379)[35m[nvim-web-devicons] [0m[36mclone[0m[90m | [0mReceiving objects:  67% (924/1379)[35m[nvim-web-devicons] [0m[36mclone[0m[90m | [0mReceiving objects:  68% (938/1379)[35m[nvim-web-devicons] [0m[36mclone[0m[90m | [0mReceiving objects:  69% (952/1379)[35m[nvim-web-devicons] [0m[36mclone[0m[90m | [0mReceiving objects:  70% (966/1379)[35m[nvim-web-devicons] [0m[36mclone[0m[90m | [0mReceiving objects:  71% (980/1379)[35m[nvim-web-devicons] [0m[36mclone[0m[90m | [0mReceiving objects:  72% (993/1379)[35m[nvim-web-devicons] [0m[36mclone[0m[90m | [0mReceiving objects:  73% (1007/1379)[35m[nvim-web-devicons] [0m[36mclone[0m[90m | [0mReceiving objects:  74% (1021/1379)[35m[nvim-web-devicons] [0m[36mclone[0m[90m | [0mReceiving objects:  75% (1035/1379)[35m[nvim-web-devicons] [0m[36mclone[0m[90m | [0mReceiving objects:  76% (1049/1379)[35m[nvim-web-devicons] [0m[36mclone[0m[90m | [0mReceiving objects:  77% (1062/1379)[35m[nvim-web-devicons] [0m[36mclone[0m[90m | [0mReceiving objects:  78% (1076/1379)[35m[nvim-web-devicons] [0m[36mclone[0m[90m | [0mReceiving objects:  79% (1090/1379)[35m[nvim-web-devicons] [0m[36mclone[0m[90m | [0mReceiving objects:  80% (1104/1379)[35m[nvim-web-devicons] [0m[36mclone[0m[90m | [0mReceiving objects:  81% (1117/1379)[35m[nvim-web-devicons] [0m[36mclone[0m[90m | [0mReceiving objects:  82% (1131/1379)[35m[nvim-web-devicons] [0m[36mclone[0m[90m | [0mReceiving objects:  83% (1145/1379)[35m[nvim-web-devicons] [0m[36mclone[0m[90m | [0mReceiving objects:  84% (1159/1379)[35m[nvim-web-devicons] [0m[36mclone[0m[90m | [0mReceiving objects:  85% (1173/1379)[35m[nvim-web-devicons] [0m[36mclone[0m[90m | [0mReceiving objects:  86% (1186/1379)[35m[nvim-web-devicons] [0m[36mclone[0m[90m | [0mReceiving objects:  87% (1200/1379)[35m[nvim-web-devicons] [0m[36mclone[0m[90m | [0mReceiving objects:  88% (1214/1379)[35m[nvim-web-devicons] [0m[36mclone[0m[90m | [0mReceiving objects:  89% (1228/1379)[35m[nvim-web-devicons] [0m[36mclone[0m[90m | [0mReceiving objects:  90% (1242/1379)[35m[nvim-web-devicons] [0m[36mclone[0m[90m | [0mReceiving objects:  91% (1255/1379)[35m[nvim-web-devicons] [0m[36mclone[0m[90m | [0mReceiving objects:  92% (1269/1379)[35m[nvim-web-devicons] [0m[36mclone[0m[90m | [0mReceiving objects:  93% (1283/1379)[35m[nvim-web-devicons] [0m[36mclone[0m[90m | [0mReceiving objects:  94% (1297/1379)[35m[nvim-web-devicons] [0m[36mclone[0m[90m | [0mremote: Total 1379 (delta 72), reused 28 (delta 23), pack-reused 1290 (from 3)        
[35m[nvim-web-devicons] [0m[36mclone[0m[90m | [0mReceiving objects:  95% (1311/1379)[35m[nvim-web-devicons] [0m[36mclone[0m[90m | [0mReceiving objects:  96% (1324/1379)[35m[nvim-web-devicons] [0m[36mclone[0m[90m | [0mReceiving objects:  97% (1338/1379)[35m[nvim-web-devicons] [0m[36mclone[0m[90m | [0mReceiving objects:  98% (1352/1379)[35m[nvim-web-devicons] [0m[36mclone[0m[90m | [0mReceiving objects:  99% (1366/1379)[35m[nvim-web-devicons] [0m[36mclone[0m[90m | [0mReceiving objects: 100% (1379/1379)[35m[nvim-web-devicons] [0m[36mclone[0m[90m | [0mReceiving objects: 100% (1379/1379), 320.79 KiB | 9.17 MiB/s, done.
[35m[nvim-web-devicons] [0m[36mclone[0m[90m | [0mResolving deltas:   0% (0/483)[35m[nvim-web-devicons] [0m[36mclone[0m[90m | [0mResolving deltas:   1% (5/483)[35m[nvim-web-devicons] [0m[36mclone[0m[90m | [0mResolving deltas:   2% (10/483)[35m[nvim-web-devicons] [0m[36mclone[0m[90m | [0mResolving deltas:   3% (15/483)[35m[nvim-web-devicons] [0m[36mclone[0m[90m | [0mResolving deltas:   4% (22/483)[35m[nvim-web-devicons] [0m[36mclone[0m[90m | [0mResolving deltas:   5% (25/483)[35m[nvim-web-devicons] [0m[36mclone[0m[90m | [0mResolving deltas:   6% (29/483)[35m[nvim-web-devicons] [0m[36mclone[0m[90m | [0mResolving deltas:   7% (34/483)[35m[nvim-web-devicons] [0m[36mclone[0m[90m | [0mResolving deltas:   8% (39/483)[35m[nvim-web-devicons] [0m[36mclone[0m[90m | [0mResolving deltas:   9% (44/483)[35m[nvim-web-devicons] [0m[36mclone[0m[90m | [0mResolving deltas:  10% (49/483)[35m[nvim-web-devicons] [0m[36mclone[0m[90m | [0mResolving deltas:  11% (54/483)[35m[nvim-web-devicons] [0m[36mclone[0m[90m | [0mResolving deltas:  12% (58/483)[35m[nvim-web-devicons] [0m[36mclone[0m[90m | [0mResolving deltas:  13% (63/483)[35m[nvim-web-devicons] [0m[36mclone[0m[90m | [0mResolving deltas:  14% (68/483)[35m[nvim-web-devicons] [0m[36mclone[0m[90m | [0mResolving deltas:  15% (73/483)[35m[nvim-web-devicons] [0m[36mclone[0m[90m | [0mResolving deltas:  16% (78/483)[35m[nvim-web-devicons] [0m[36mclone[0m[90m | [0mResolving deltas:  17% (83/483)[35m[nvim-web-devicons] [0m[36mclone[0m[90m | [0mResolving deltas:  18% (87/483)[35m[nvim-web-devicons] [0m[36mclone[0m[90m | [0mResolving deltas:  19% (92/483)[35m[nvim-web-devicons] [0m[36mclone[0m[90m | [0mResolving deltas:  20% (97/483)[35m[nvim-web-devicons] [0m[36mclone[0m[90m | [0mResolving deltas:  21% (102/483)[35m[nvim-web-devicons] [0m[36mclone[0m[90m | [0mResolving deltas:  22% (107/483)[35m[nvim-web-devicons] [0m[36mclone[0m[90m | [0mResolving deltas:  23% (112/483)[35m[nvim-web-devicons] [0m[36mclone[0m[90m | [0mResolving deltas:  24% (117/483)[35m[nvim-web-devicons] [0m[36mclone[0m[90m | [0mResolving deltas:  25% (121/483)[35m[nvim-web-devicons] [0m[36mclone[0m[90m | [0mResolving deltas:  26% (126/483)[35m[nvim-web-devicons] [0m[36mclone[0m[90m | [0mResolving deltas:  27% (131/483)[35m[nvim-web-devicons] [0m[36mclone[0m[90m | [0mResolving deltas:  28% (137/483)[35m[nvim-web-devicons] [0m[36mclone[0m[90m | [0mResolving deltas:  29% (141/483)[35m[nvim-web-devicons] [0m[36mclone[0m[90m | [0mResolving deltas:  30% (145/483)[35m[nvim-web-devicons] [0m[36mclone[0m[90m | [0mResolving deltas:  31% (151/483)[35m[nvim-web-devicons] [0m[36mclone[0m[90m | [0mResolving deltas:  32% (155/483)[35m[nvim-web-devicons] [0m[36mclone[0m[90m | [0mResolving deltas:  33% (160/483)[35m[nvim-web-devicons] [0m[36mclone[0m[90m | [0mResolving deltas:  34% (165/483)[35m[nvim-web-devicons] [0m[36mclone[0m[90m | [0mResolving deltas:  35% (171/483)[35m[nvim-web-devicons] [0m[36mclone[0m[90m | [0mResolving deltas:  36% (176/483)[35m[nvim-web-devicons] [0m[36mclone[0m[90m | [0mResolving deltas:  37% (179/483)[35m[nvim-web-devicons] [0m[36mclone[0m[90m | [0mResolving deltas:  38% (184/483)[35m[nvim-web-devicons] [0m[36mclone[0m[90m | [0mResolving deltas:  39% (190/483)[35m[nvim-web-devicons] [0m[36mclone[0m[90m | [0mResolving deltas:  40% (194/483)[35m[nvim-web-devicons] [0m[36mclone[0m[90m | [0mResolving deltas:  41% (199/483)[35m[nvim-web-devicons] [0m[36mclone[0m[90m | [0mResolving deltas:  42% (203/483)[35m[nvim-web-devicons] [0m[36mclone[0m[90m | [0mResolving deltas:  43% (208/483)[35m[nvim-web-devicons] [0m[36mclone[0m[90m | [0mResolving deltas:  44% (213/483)[35m[nvim-web-devicons] [0m[36mclone[0m[90m | [0mResolving deltas:  45% (218/483)[35m[nvim-web-devicons] [0m[36mclone[0m[90m | [0mResolving deltas:  46% (223/483)[35m[nvim-web-devicons] [0m[36mclone[0m[90m | [0mResolving deltas:  47% (228/483)[35m[nvim-web-devicons] [0m[36mclone[0m[90m | [0mResolving deltas:  48% (234/483)[35m[nvim-web-devicons] [0m[36mclone[0m[90m | [0mResolving deltas:  49% (237/483)[35m[nvim-web-devicons] [0m[36mclone[0m[90m | [0mResolving deltas:  50% (242/483)[35m[nvim-web-devicons] [0m[36mclone[0m[90m | [0mResolving deltas:  51% (247/483)[35m[nvim-web-devicons] [0m[36mclone[0m[90m | [0mResolving deltas:  52% (252/483)[35m[nvim-web-devicons] [0m[36mclone[0m[90m | [0mResolving deltas:  53% (256/483)[35m[nvim-web-devicons] [0m[36mclone[0m[90m | [0mResolving deltas:  54% (261/483)[35m[nvim-web-devicons] [0m[36mclone[0m[90m | [0mResolving deltas:  55% (266/483)[35m[nvim-web-devicons] [0m[36mclone[0m[90m | [0mResolving deltas:  56% (272/483)[35m[nvim-web-devicons] [0m[36mclone[0m[90m | [0mResolving deltas:  57% (276/483)[35m[nvim-web-devicons] [0m[36mclone[0m[90m | [0mResolving deltas:  58% (281/483)[35m[nvim-web-devicons] [0m[36mclone[0m[90m | [0mResolving deltas:  59% (286/483)[35m[nvim-web-devicons] [0m[36mclone[0m[90m | [0mResolving deltas:  60% (290/483)[35m[nvim-web-devicons] [0m[36mclone[0m[90m | [0mResolving deltas:  61% (295/483)[35m[nvim-web-devicons] [0m[36mclone[0m[90m | [0mResolving deltas:  62% (300/483)[35m[nvim-web-devicons] [0m[36mclone[0m[90m | [0mResolving deltas:  63% (305/483)[35m[nvim-web-devicons] [0m[36mclone[0m[90m | [0mResolving deltas:  64% (311/483)[35m[nvim-web-devicons] [0m[36mclone[0m[90m | [0mResolving deltas:  65% (314/483)[35m[nvim-web-devicons] [0m[36mclone[0m[90m | [0mResolving deltas:  66% (321/483)[35m[nvim-web-devicons] [0m[36mclone[0m[90m | [0mResolving deltas:  67% (324/483)[35m[nvim-web-devicons] [0m[36mclone[0m[90m | [0mResolving deltas:  68% (329/483)[35m[nvim-web-devicons] [0m[36mclone[0m[90m | [0mResolving deltas:  69% (334/483)[35m[nvim-web-devicons] [0m[36mclone[0m[90m | [0mResolving deltas:  70% (339/483)[35m[nvim-web-devicons] [0m[36mclone[0m[90m | [0mResolving deltas:  71% (343/483)[35m[nvim-web-devicons] [0m[36mclone[0m[90m | [0mResolving deltas:  72% (349/483)[35m[nvim-web-devicons] [0m[36mclone[0m[90m | [0mResolving deltas:  73% (353/483)[35m[nvim-web-devicons] [0m[36mclone[0m[90m | [0mResolving deltas:  74% (359/483)[35m[nvim-web-devicons] [0m[36mclone[0m[90m | [0mResolving deltas:  75% (363/483)[35m[nvim-web-devicons] [0m[36mclone[0m[90m | [0mResolving deltas:  76% (368/483)[35m[nvim-web-devicons] [0m[36mclone[0m[90m | [0mResolving deltas:  77% (372/483)[35m[nvim-web-devicons] [0m[36mclone[0m[90m | [0mResolving deltas:  78% (377/483)[35m[nvim-web-devicons] [0m[36mclone[0m[90m | [0mResolving deltas:  79% (382/483)[35m[nvim-web-devicons] [0m[36mclone[0m[90m | [0mResolving deltas:  80% (387/483)[35m[nvim-web-devicons] [0m[36mclone[0m[90m | [0mResolving deltas:  81% (392/483)[35m[nvim-web-devicons] [0m[36mclone[0m[90m | [0mResolving deltas:  82% (397/483)[35m[nvim-web-devicons] [0m[36mclone[0m[90m | [0mResolving deltas:  83% (401/483)[35m[nvim-web-devicons] [0m[36mclone[0m[90m | [0mResolving deltas:  84% (406/483)[35m[nvim-web-devicons] [0m[36mclone[0m[90m | [0mResolving deltas:  85% (412/483)[35m[nvim-web-devicons] [0m[36mclone[0m[90m | [0mResolving deltas:  86% (416/483)[35m[nvim-web-devicons] [0m[36mclone[0m[90m | [0mResolving deltas:  87% (421/483)[35m[nvim-web-devicons] [0m[36mclone[0m[90m | [0mResolving deltas:  88% (426/483)[35m[nvim-web-devicons] [0m[36mclone[0m[90m | [0mResolving deltas:  89% (430/483)[35m[nvim-web-devicons] [0m[36mclone[0m[90m | [0mResolving deltas:  90% (435/483)[35m[nvim-web-devicons] [0m[36mclone[0m[90m | [0mResolving deltas:  91% (440/483)[35m[nvim-web-devicons] [0m[36mclone[0m[90m | [0mResolving deltas:  92% (447/483)[35m[nvim-web-devicons] [0m[36mclone[0m[90m | [0mResolving deltas:  93% (450/483)[35m[nvim-web-devicons] [0m[36mclone[0m[90m | [0mResolving deltas:  94% (455/483)[35m[nvim-web-devicons] [0m[36mclone[0m[90m | [0mResolving deltas:  95% (460/483)[35m[nvim-web-devicons] [0m[36mclone[0m[90m | [0mResolving deltas:  96% (464/483)[35m[nvim-web-devicons] [0m[36mclone[0m[90m | [0mResolving deltas:  97% (469/483)[35m[nvim-web-devicons] [0m[36mclone[0m[90m | [0mResolving deltas:  98% (474/483)[35m[nvim-web-devicons] [0m[36mclone[0m[90m | [0mResolving deltas:  99% (479/483)[35m[nvim-web-devicons] [0m[36mclone[0m[90m | [0mResolving deltas: 100% (483/483)[35m[nvim-web-devicons] [0m[36mclone[0m[90m | [0mResolving deltas: 100% (483/483), done.
[35m[nvim-treesitter] [0m[36mclone[0m[90m | [0mUpdating files:   0% (2/1613)[35m[nvim-treesitter] [0m[36mclone[0m[90m | [0mUpdating files:   1% (17/1613)[35m[nvim-lspconfig] [0m[36m clone[0m[90m | [0mUpdating files:   0% (2/883)[35m[nvim-lspconfig] [0m[36m clone[0m[90m | [0mUpdating files:   1% (9/883)[35m[nvim-treesitter] [0m[36mclone[0m[90m | [0mUpdating files:   2% (33/1613)[35m[nvim-lspconfig] [0m[36m clone[0m[90m | [0mUpdating files:   2% (18/883)[35m[nvim-lspconfig] [0m[36m clone[0m[90m | [0mUpdating files:   3% (27/883)[35m[nvim-treesitter] [0m[36mclone[0m[90m | [0mUpdating files:   3% (49/1613)[35m[nvim-lspconfig] [0m[36m clone[0m[90m | [0mUpdating files:   4% (36/883)[35m[nvim-lspconfig] [0m[36m clone[0m[90m | [0mUpdating files:   5% (45/883)[35m[nvim-treesitter] [0m[36mclone[0m[90m | [0mUpdating files:   4% (65/1613)[35m[nvim-lspconfig] [0m[36m clone[0m[90m | [0mUpdating files:   6% (53/883)[35m[nvim-lspconfig] [0m[36m clone[0m[90m | [0mUpdating files:   7% (62/883)[35m[nvim-treesitter] [0m[36mclone[0m[90m | [0mUpdating files:   5% (81/1613)[35m[nvim-lspconfig] [0m[36m clone[0m[90m | [0mUpdating files:   8% (71/883)[35m[nvim-lspconfig] [0m[36m clone[0m[90m | [0mUpdating files:   9% (80/883)[35m[nvim-treesitter] [0m[36mclone[0m[90m | [0mUpdating files:   6% (97/1613)[35m[nvim-lspconfig] [0m[36m clone[0m[90m | [0mUpdating files:  10% (89/883)[35m[nvim-lspconfig] [0m[36m clone[0m[90m | [0mUpdating files:  11% (98/883)[35m[nvim-treesitter] [0m[36mclone[0m[90m | [0mUpdating files:   7% (113/1613)[35m[nvim-lspconfig] [0m[36m clone[0m[90m | [0mUpdating files:  12% (106/883)[35m[nvim-treesitter] [0m[36mclone[0m[90m | [0mUpdating files:   7% (120/1613)[35m[nvim-lspconfig] [0m[36m clone[0m[90m | [0mUpdating files:  13% (115/883)[35m[nvim-treesitter] [0m[36mclone[0m[90m | [0mUpdating files:   8% (130/1613)[35m[nvim-lspconfig] [0m[36m clone[0m[90m | [0mUpdating files:  14% (124/883)[35m[nvim-lspconfig] [0m[36m clone[0m[90m | [0mUpdating files:  15% (133/883)[35m[nvim-lspconfig] [0m[36m clone[0m[90m | [0mUpdating files:  16% (142/883)[35m[nvim-treesitter] [0m[36mclone[0m[90m | [0mUpdating files:   9% (146/1613)[35m[nvim-lspconfig] [0m[36m clone[0m[90m | [0mUpdating files:  17% (151/883)[35m[nvim-lspconfig] [0m[36m clone[0m[90m | [0mUpdating files:  18% (159/883)[35m[nvim-treesitter] [0m[36mclone[0m[90m | [0mUpdating files:  10% (162/1613)[35m[nvim-lspconfig] [0m[36m clone[0m[90m | [0mUpdating files:  19% (168/883)[35m[nvim-lspconfig] [0m[36m clone[0m[90m | [0mUpdating files:  20% (177/883)[35m[nvim-treesitter] [0m[36mclone[0m[90m | [0mUpdating files:  11% (178/1613)[35m[nvim-lspconfig] [0m[36m clone[0m[90m | [0mUpdating files:  21% (186/883)[35m[nvim-lspconfig] [0m[36m clone[0m[90m | [0mUpdating files:  22% (195/883)[35m[nvim-treesitter] [0m[36mclone[0m[90m | [0mUpdating files:  12% (194/1613)[35m[nvim-lspconfig] [0m[36m clone[0m[90m | [0mUpdating files:  23% (204/883)[35m[nvim-lspconfig] [0m[36m clone[0m[90m | [0mUpdating files:  24% (212/883)[35m[nvim-treesitter] [0m[36mclone[0m[90m | [0mUpdating files:  13% (210/1613)[35m[nvim-lspconfig] [0m[36m clone[0m[90m | [0mUpdating files:  25% (221/883)[35m[nvim-lspconfig] [0m[36m clone[0m[90m | [0mUpdating files:  26% (230/883)[35m[nvim-treesitter] [0m[36mclone[0m[90m | [0mUpdating files:  14% (226/1613)[35m[nvim-lspconfig] [0m[36m clone[0m[90m | [0mUpdating files:  27% (239/883)[35m[nvim-lspconfig] [0m[36m clone[0m[90m | [0mUpdating files:  28% (248/883)[35m[nvim-treesitter] [0m[36mclone[0m[90m | [0mUpdating files:  15% (242/1613)[35m[nvim-lspconfig] [0m[36m clone[0m[90m | [0mUpdating files:  29% (257/883)[35m[nvim-lspconfig] [0m[36m clone[0m[90m | [0mUpdating files:  30% (265/883)[35m[nvim-lspconfig] [0m[36m clone[0m[90m | [0mUpdating files:  31% (274/883)[35m[nvim-treesitter] [0m[36mclone[0m[90m | [0mUpdating files:  16% (259/1613)[35m[nvim-lspconfig] [0m[36m clone[0m[90m | [0mUpdating files:  32% (283/883)[35m[nvim-lspconfig] [0m[36m clone[0m[90m | [0mUpdating files:  33% (292/883)[35m[nvim-treesitter] [0m[36mclone[0m[90m | [0mUpdating files:  17% (275/1613)[35m[nvim-lspconfig] [0m[36m clone[0m[90m | [0mUpdating files:  34% (301/883)[35m[nvim-lspconfig] [0m[36m clone[0m[90m | [0mUpdating files:  35% (310/883)[35m[nvim-lspconfig] [0m[36m clone[0m[90m | [0mUpdating files:  35% (311/883)[35m[nvim-treesitter] [0m[36mclone[0m[90m | [0mUpdating files:  18% (291/1613)[35m[nvim-lspconfig] [0m[36m clone[0m[90m | [0mUpdating files:  36% (318/883)[35m[nvim-lspconfig] [0m[36m clone[0m[90m | [0mUpdating files:  37% (327/883)[35m[nvim-lspconfig] [0m[36m clone[0m[90m | [0mUpdating files:  38% (336/883)[35m[nvim-treesitter] [0m[36mclone[0m[90m | [0mUpdating files:  19% (307/1613)[35m[nvim-lspconfig] [0m[36m clone[0m[90m | [0mUpdating files:  39% (345/883)[35m[nvim-lspconfig] [0m[36m clone[0m[90m | [0mUpdating files:  40% (354/883)[35m[nvim-treesitter] [0m[36mclone[0m[90m | [0mUpdating files:  20% (323/1613)[35m[nvim-lspconfig] [0m[36m clone[0m[90m | [0mUpdating files:  41% (363/883)[35m[nvim-lspconfig] [0m[36m clone[0m[90m | [0mUpdating files:  42% (371/883)[35m[nvim-treesitter] [0m[36mclone[0m[90m | [0mUpdating files:  21% (339/1613)[35m[nvim-lspconfig] [0m[36m clone[0m[90m | [0mUpdating files:  43% (380/883)[35m[nvim-lspconfig] [0m[36m clone[0m[90m | [0mUpdating files:  44% (389/883)[35m[nvim-lspconfig] [0m[36m clone[0m[90m | [0mUpdating files:  45% (398/883)[35m[nvim-treesitter] [0m[36mclone[0m[90m | [0mUpdating files:  22% (355/1613)[35m[nvim-lspconfig] [0m[36m clone[0m[90m | [0mUpdating files:  46% (407/883)[35m[nvim-lspconfig] [0m[36m clone[0m[90m | [0mUpdating files:  47% (416/883)[35m[nvim-treesitter] [0m[36mclone[0m[90m | [0mUpdating files:  23% (371/1613)[35m[nvim-lspconfig] [0m[36m clone[0m[90m | [0mUpdating files:  48% (424/883)[35m[nvim-lspconfig] [0m[36m clone[0m[90m | [0mUpdating files:  49% (433/883)[35m[nvim-treesitter] [0m[36mclone[0m[90m | [0mUpdating files:  24% (388/1613)[35m[nvim-lspconfig] [0m[36m clone[0m[90m | [0mUpdating files:  50% (442/883)[35m[nvim-lspconfig] [0m[36m clone[0m[90m | [0mUpdating files:  51% (451/883)[35m[nvim-treesitter] [0m[36mclone[0m[90m | [0mUpdating files:  25% (404/1613)[35m[nvim-lspconfig] [0m[36m clone[0m[90m | [0mUpdating files:  52% (460/883)[35m[nvim-lspconfig] [0m[36m clone[0m[90m | [0mUpdating files:  53% (468/883)[35m[nvim-treesitter] [0m[36mclone[0m[90m | [0mUpdating files:  26% (420/1613)[35m[nvim-lspconfig] [0m[36m clone[0m[90m | [0mUpdating files:  54% (477/883)[35m[nvim-lspconfig] [0m[36m clone[0m[90m | [0mUpdating files:  55% (486/883)[35m[nvim-treesitter] [0m[36mclone[0m[90m | [0mUpdating files:  27% (436/1613)[35m[nvim-lspconfig] [0m[36m clone[0m[90m | [0mUpdating files:  56% (495/883)[35m[nvim-lspconfig] [0m[36m clone[0m[90m | [0mUpdating files:  57% (504/883)[35m[nvim-treesitter] [0m[36mclone[0m[90m | [0mUpdating files:  28% (452/1613)[35m[nvim-lspconfig] [0m[36m clone[0m[90m | [0mUpdating files:  58% (513/883)[35m[nvim-lspconfig] [0m[36m clone[0m[90m | [0mUpdating files:  59% (521/883)[35m[nvim-lspconfig] [0m[36m clone[0m[90m | [0mUpdating files:  60% (530/883)[35m[nvim-treesitter] [0m[36mclone[0m[90m | [0mUpdating files:  29% (468/1613)[35m[nvim-lspconfig] [0m[36m clone[0m[90m | [0mUpdating files:  61% (539/883)[35m[nvim-lspconfig] [0m[36m clone[0m[90m | [0mUpdating files:  62% (548/883)[35m[nvim-treesitter] [0m[36mclone[0m[90m | [0mUpdating files:  30% (484/1613)[35m[nvim-lspconfig] [0m[36m clone[0m[90m | [0mUpdating files:  63% (557/883)[35m[nvim-lspconfig] [0m[36m clone[0m[90m | [0mUpdating files:  64% (566/883)[35m[nvim-treesitter] [0m[36mclone[0m[90m | [0mUpdating files:  31% (501/1613)[35m[nvim-lspconfig] [0m[36m clone[0m[90m | [0mUpdating files:  65% (574/883)[35m[nvim-lspconfig] [0m[36m clone[0m[90m | [0mUpdating files:  66% (583/883)[35m[nvim-treesitter] [0m[36mclone[0m[90m | [0mUpdating files:  32% (517/1613)[35m[nvim-lspconfig] [0m[36m clone[0m[90m | [0mUpdating files:  67% (592/883)[35m[nvim-lspconfig] [0m[36m clone[0m[90m | [0mUpdating files:  68% (601/883)[35m[nvim-treesitter] [0m[36mclone[0m[90m | [0mUpdating files:  33% (533/1613)[35m[nvim-lspconfig] [0m[36m clone[0m[90m | [0mUpdating files:  69% (610/883)[35m[nvim-lspconfig] [0m[36m clone[0m[90m | [0mUpdating files:  70% (619/883)[35m[nvim-treesitter] [0m[36mclone[0m[90m | [0mUpdating files:  34% (549/1613)[35m[nvim-lspconfig] [0m[36m clone[0m[90m | [0mUpdating files:  71% (627/883)[35m[nvim-lspconfig] [0m[36m clone[0m[90m | [0mUpdating files:  72% (636/883)[35m[nvim-treesitter] [0m[36mclone[0m[90m | [0mUpdating files:  35% (565/1613)[35m[nvim-lspconfig] [0m[36m clone[0m[90m | [0mUpdating files:  73% (645/883)[35m[nvim-lspconfig] [0m[36m clone[0m[90m | [0mUpdating files:  74% (654/883)[35m[nvim-treesitter] [0m[36mclone[0m[90m | [0mUpdating files:  36% (581/1613)[35m[nvim-lspconfig] [0m[36m clone[0m[90m | [0mUpdating files:  75% (663/883)[35m[nvim-lspconfig] [0m[36m clone[0m[90m | [0mUpdating files:  76% (672/883)[35m[nvim-treesitter] [0m[36mclone[0m[90m | [0mUpdating files:  37% (597/1613)[35m[nvim-lspconfig] [0m[36m clone[0m[90m | [0mUpdating files:  77% (680/883)[35m[nvim-lspconfig] [0m[36m clone[0m[90m | [0mUpdating files:  78% (689/883)[35m[nvim-lspconfig] [0m[36m clone[0m[90m | [0mUpdating files:  79% (698/883)[35m[nvim-treesitter] [0m[36mclone[0m[90m | [0mUpdating files:  38% (613/1613)[35m[nvim-lspconfig] [0m[36m clone[0m[90m | [0mUpdating files:  80% (707/883)[35m[nvim-lspconfig] [0m[36m clone[0m[90m | [0mUpdating files:  81% (716/883)[35m[nvim-treesitter] [0m[36mclone[0m[90m | [0mUpdating files:  39% (630/1613)[35m[nvim-lspconfig] [0m[36m clone[0m[90m | [0mUpdating files:  82% (725/883)[35m[nvim-lspconfig] [0m[36m clone[0m[90m | [0mUpdating files:  83% (733/883)[35m[nvim-treesitter] [0m[36mclone[0m[90m | [0mUpdating files:  40% (646/1613)[35m[nvim-lspconfig] [0m[36m clone[0m[90m | [0mUpdating files:  84% (742/883)[35m[nvim-lspconfig] [0m[36m clone[0m[90m | [0mUpdating files:  85% (751/883)[35m[nvim-treesitter] [0m[36mclone[0m[90m | [0mUpdating files:  41% (662/1613)[35m[nvim-lspconfig] [0m[36m clone[0m[90m | [0mUpdating files:  86% (760/883)[35m[nvim-lspconfig] [0m[36m clone[0m[90m | [0mUpdating files:  87% (769/883)[35m[nvim-lspconfig] [0m[36m clone[0m[90m | [0mUpdating files:  88% (778/883)[35m[nvim-treesitter] [0m[36mclone[0m[90m | [0mUpdating files:  42% (678/1613)[35m[nvim-lspconfig] [0m[36m clone[0m[90m | [0mUpdating files:  89% (786/883)[35m[nvim-lspconfig] [0m[36m clone[0m[90m | [0mUpdating files:  90% (795/883)[35m[nvim-treesitter] [0m[36mclone[0m[90m | [0mUpdating files:  43% (694/1613)[35m[nvim-lspconfig] [0m[36m clone[0m[90m | [0mUpdating files:  91% (804/883)[35m[nvim-lspconfig] [0m[36m clone[0m[90m | [0mUpdating files:  92% (813/883)[35m[nvim-treesitter] [0m[36mclone[0m[90m | [0mUpdating files:  44% (710/1613)[35m[nvim-lspconfig] [0m[36m clone[0m[90m | [0mUpdating files:  93% (822/883)[35m[nvim-treesitter] [0m[36mclone[0m[90m | [0mUpdating files:  45% (726/1613)[35m[nvim-lspconfig] [0m[36m clone[0m[90m | [0mUpdating files:  94% (831/883)[35m[nvim-lspconfig] [0m[36m clone[0m[90m | [0mUpdating files:  95% (839/883)[35m[nvim-lspconfig] [0m[36m clone[0m[90m | [0mUpdating files:  96% (848/883)[35m[nvim-treesitter] [0m[36mclone[0m[90m | [0mUpdating files:  46% (742/1613)[35m[nvim-lspconfig] [0m[36m clone[0m[90m | [0mUpdating files:  97% (857/883)[35m[nvim-lspconfig] [0m[36m clone[0m[90m | [0mUpdating files:  98% (866/883)[35m[nvim-treesitter] [0m[36mclone[0m[90m | [0mUpdating files:  47% (759/1613)[35m[nvim-lspconfig] [0m[36m clone[0m[90m | [0mUpdating files:  99% (875/883)[35m[nvim-treesitter] [0m[36mclone[0m[90m | [0mUpdating files:  48% (775/1613)[35m[nvim-lspconfig] [0m[36m clone[0m[90m | [0mUpdating files: 100% (883/883)[35m[nvim-lspconfig] [0m[36m clone[0m[90m | [0mUpdating files: 100% (883/883), done.
[35m[nvim-treesitter] [0m[36mclone[0m[90m | [0mUpdating files:  49% (791/1613)[35m[nvim-treesitter] [0m[36mclone[0m[90m | [0mUpdating files:  50% (807/1613)[35m[nvim-treesitter] [0m[36mclone[0m[90m | [0mUpdating files:  51% (823/1613)[35m[nvim-treesitter] [0m[36mclone[0m[90m | [0mUpdating files:  52% (839/1613)[35m[nvim-treesitter] [0m[36mclone[0m[90m | [0mUpdating files:  53% (855/1613)[35m[nvim-treesitter] [0m[36mclone[0m[90m | [0mUpdating files:  54% (872/1613)[35m[nvim-treesitter] [0m[36mclone[0m[90m | [0mUpdating files:  55% (888/1613)[35m[nvim-treesitter] [0m[36mclone[0m[90m | [0mUpdating files:  56% (904/1613)[35m[nvim-treesitter] [0m[36mclone[0m[90m | [0mUpdating files:  57% (920/1613)[35m[nvim-treesitter] [0m[36mclone[0m[90m | [0mUpdating files:  58% (936/1613)[35m[nvim-treesitter] [0m[36mclone[0m[90m | [0mUpdating files:  59% (952/1613)[35m[nvim-treesitter] [0m[36mclone[0m[90m | [0mUpdating files:  60% (968/1613)[35m[nvim-treesitter] [0m[36mclone[0m[90m | [0mUpdating files:  61% (984/1613)[35m[nvim-treesitter] [0m[36mclone[0m[90m | [0mUpdating files:  62% (1001/1613)[35m[nvim-treesitter] [0m[36mclone[0m[90m | [0mUpdating files:  63% (1017/1613)[35m[nvim-treesitter] [0m[36mclone[0m[90m | [0mUpdating files:  64% (1033/1613)[35m[nvim-treesitter] [0m[36mclone[0m[90m | [0mUpdating files:  65% (1049/1613)[35m[nvim-treesitter] [0m[36mclone[0m[90m | [0mUpdating files:  66% (1065/1613)[35m[nvim-treesitter] [0m[36mclone[0m[90m | [0mUpdating files:  67% (1081/1613)[35m[nvim-treesitter] [0m[36mclone[0m[90m | [0mUpdating files:  68% (1097/1613)[35m[nvim-treesitter] [0m[36mclone[0m[90m | [0mUpdating files:  69% (1113/1613)[35m[nvim-treesitter] [0m[36mclone[0m[90m | [0mUpdating files:  70% (1130/1613)[35m[nvim-treesitter] [0m[36mclone[0m[90m | [0mUpdating files:  71% (1146/1613)[35m[nvim-treesitter] [0m[36mclone[0m[90m | [0mUpdating files:  72% (1162/1613)[35m[nvim-treesitter] [0m[36mclone[0m[90m | [0mUpdating files:  73% (1178/1613)[35m[nvim-treesitter] [0m[36mclone[0m[90m | [0mUpdating files:  74% (1194/1613)[35m[nvim-treesitter] [0m[36mclone[0m[90m | [0mUpdating files:  75% (1210/1613)[35m[nvim-treesitter] [0m[36mclone[0m[90m | [0mUpdating files:  76% (1226/1613)[35m[nvim-treesitter] [0m[36mclone[0m[90m | [0mUpdating files:  77% (1243/1613)[35m[nvim-treesitter] [0m[36mclone[0m[90m | [0mUpdating files:  78% (1259/1613)[35m[nvim-treesitter] [0m[36mclone[0m[90m | [0mUpdating files:  79% (1275/1613)[35m[nvim-treesitter] [0m[36mclone[0m[90m | [0mUpdating files:  80% (1291/1613)[35m[nvim-treesitter] [0m[36mclone[0m[90m | [0mUpdating files:  81% (1307/1613)[35m[nvim-treesitter] [0m[36mclone[0m[90m | [0mUpdating files:  82% (1323/1613)[35m[nvim-treesitter] [0m[36mclone[0m[90m | [0mUpdating files:  83% (1339/1613)[35m[nvim-treesitter] [0m[36mclone[0m[90m | [0mUpdating files:  84% (1355/1613)[35m[nvim-treesitter] [0m[36mclone[0m[90m | [0mUpdating files:  85% (1372/1613)[35m[nvim-treesitter] [0m[36mclone[0m[90m | [0mUpdating files:  86% (1388/1613)[35m[nvim-treesitter] [0m[36mclone[0m[90m | [0mUpdating files:  87% (1404/1613)[35m[nvim-treesitter] [0m[36mclone[0m[90m | [0mUpdating files:  88% (1420/1613)[35m[nvim-treesitter] [0m[36mclone[0m[90m | [0mUpdating files:  89% (1436/1613)[35m[nvim-treesitter] [0m[36mclone[0m[90m | [0mUpdating files:  90% (1452/1613)[35m[nvim-treesitter] [0m[36mclone[0m[90m | [0mUpdating files:  91% (1468/1613)[35m[nvim-treesitter] [0m[36mclone[0m[90m | [0mUpdating files:  92% (1484/1613)[35m[nvim-treesitter] [0m[36mclone[0m[90m | [0mUpdating files:  93% (1501/1613)[35m[nvim-treesitter] [0m[36mclone[0m[90m | [0mUpdating files:  94% (1517/1613)[35m[nvim-treesitter] [0m[36mclone[0m[90m | [0mUpdating files:  95% (1533/1613)[35m[nvim-treesitter] [0m[36mclone[0m[90m | [0mUpdating files:  96% (1549/1613)[35m[nvim-treesitter] [0m[36mclone[0m[90m | [0mUpdating files:  97% (1565/1613)[35m[nvim-treesitter] [0m[36mclone[0m[90m | [0mUpdating files:  98% (1581/1613)[35m[nvim-treesitter] [0m[36mclone[0m[90m | [0mUpdating files:  99% (1597/1613)[35m[nvim-treesitter] [0m[36mclone[0m[90m | [0mUpdating files: 100% (1613/1613)[35m[nvim-treesitter] [0m[36mclone[0m[90m | [0mUpdating files: 100% (1613/1613), done.
[35m[nvim-web-devicons] [0m[36mclone[0m[90m | [0mUpdating files:   5% (2/39)[35m[nvim-web-devicons] [0m[36mclone[0m[90m | [0mUpdating files:   7% (3/39)[35m[nvim-web-devicons] [0m[36mclone[0m[90m | [0mUpdating files:  10% (4/39)[35m[nvim-web-devicons] [0m[36mclone[0m[90m | [0mUpdating files:  12% (5/39)[35m[nvim-web-devicons] [0m[36mclone[0m[90m | [0mUpdating files:  15% (6/39)[35m[nvim-web-devicons] [0m[36mclone[0m[90m | [0mUpdating files:  17% (7/39)[35m[nvim-web-devicons] [0m[36mclone[0m[90m | [0mUpdating files:  20% (8/39)[35m[nvim-web-devicons] [0m[36mclone[0m[90m | [0mUpdating files:  23% (9/39)[35m[nvim-web-devicons] [0m[36mclone[0m[90m | [0mUpdating files:  25% (10/39)[35m[nvim-web-devicons] [0m[36mclone[0m[90m | [0mUpdating files:  28% (11/39)[35m[nvim-web-devicons] [0m[36mclone[0m[90m | [0mUpdating files:  30% (12/39)[35m[nvim-web-devicons] [0m[36mclone[0m[90m | [0mUpdating files:  33% (13/39)[35m[nvim-web-devicons] [0m[36mclone[0m[90m | [0mUpdating files:  35% (14/39)[35m[nvim-web-devicons] [0m[36mclone[0m[90m | [0mUpdating files:  38% (15/39)[35m[nvim-web-devicons] [0m[36mclone[0m[90m | [0mUpdating files:  41% (16/39)[35m[nvim-web-devicons] [0m[36mclone[0m[90m | [0mUpdating files:  43% (17/39)[35m[nvim-web-devicons] [0m[36mclone[0m[90m | [0mUpdating files:  46% (18/39)[35m[nvim-web-devicons] [0m[36mclone[0m[90m | [0mUpdating files:  48% (19/39)[35m[nvim-web-devicons] [0m[36mclone[0m[90m | [0mUpdating files:  51% (20/39)[35m[nvim-web-devicons] [0m[36mclone[0m[90m | [0mUpdating files:  53% (21/39)[35m[nvim-web-devicons] [0m[36mclone[0m[90m | [0mUpdating files:  56% (22/39)[35m[nvim-web-devicons] [0m[36mclone[0m[90m | [0mUpdating files:  58% (23/39)[35m[nvim-web-devicons] [0m[36mclone[0m[90m | [0mUpdating files:  61% (24/39)[35m[nvim-web-devicons] [0m[36mclone[0m[90m | [0mUpdating files:  64% (25/39)[35m[nvim-web-devicons] [0m[36mclone[0m[90m | [0mUpdating files:  66% (26/39)[35m[nvim-web-devicons] [0m[36mclone[0m[90m | [0mUpdating files:  69% (27/39)[35m[nvim-web-devicons] [0m[36mclone[0m[90m | [0mUpdating files:  71% (28/39)[35m[nvim-web-devicons] [0m[36mclone[0m[90m | [0mUpdating files:  74% (29/39)[35m[nvim-web-devicons] [0m[36mclone[0m[90m | [0mUpdating files:  76% (30/39)[35m[nvim-web-devicons] [0m[36mclone[0m[90m | [0mUpdating files:  79% (31/39)[35m[nvim-web-devicons] [0m[36mclone[0m[90m | [0mUpdating files:  82% (32/39)[35m[nvim-web-devicons] [0m[36mclone[0m[90m | [0mUpdating files:  84% (33/39)[35m[nvim-web-devicons] [0m[36mclone[0m[90m | [0mUpdating files:  87% (34/39)[35m[nvim-web-devicons] [0m[36mclone[0m[90m | [0mUpdating files:  89% (35/39)[35m[nvim-web-devicons] [0m[36mclone[0m[90m | [0mUpdating files:  92% (36/39)[35m[nvim-web-devicons] [0m[36mclone[0m[90m | [0mUpdating files:  94% (37/39)[35m[nvim-web-devicons] [0m[36mclone[0m[90m | [0mUpdating files:  97% (38/39)[35m[nvim-web-devicons] [0m[36mclone[0m[90m | [0mUpdating files: 100% (39/39)[35m[nvim-web-devicons] [0m[36mclone[0m[90m | [0mUpdating files: 100% (39/39), done.
[35m[cmp-buffer] [0m[36m     clone[0m[90m | [0m[34mFinished task clone in 9281ms[0m
[35m[cmp-buffer] [0m[36m  checkout[0m[90m | [0m[34mRunning task checkout[0m
[35m[cmp-buffer] [0m[36m  checkout[0m[90m | [0m[34mFinished task checkout in 3ms[0m
[35m[cmp-buffer] [0m[36m      docs[0m[90m | [0m[34mRunning task docs[0m
[35m[cmp-buffer] [0m[36m      docs[0m[90m | [0m[34mFinished task docs in 0ms[0m
[35m[oil.nvim] [0m[36m       clone[0m[90m | [0m[34mRunning task clone[0m
[35m[oil.nvim] [0m[36m       clone[0m[90m | [0mCloning into 'C:/Users/tOpGuNN/AppData/Local/nvim-data/lazy/oil.nvim'...
[35m[oil.nvim] [0m[36m       clone[0m[90m | [0mremote: Enumerating objects: 2399, done.        
[35m[oil.nvim] [0m[36m       clone[0m[90m | [0mremote: Counting objects:   0% (1/470)        [35m[oil.nvim] [0m[36m       clone[0m[90m | [0mremote: Counting objects:   1% (5/470)        [35m[oil.nvim] [0m[36m       clone[0m[90m | [0mremote: Counting objects:   2% (10/470)        [35m[oil.nvim] [0m[36m       clone[0m[90m | [0mremote: Counting objects:   3% (15/470)        [35m[oil.nvim] [0m[36m       clone[0m[90m | [0mremote: Counting objects:   4% (19/470)        [35m[oil.nvim] [0m[36m       clone[0m[90m | [0mremote: Counting objects:   5% (24/470)        [35m[oil.nvim] [0m[36m       clone[0m[90m | [0mremote: Counting objects:   6% (29/470)        [35m[oil.nvim] [0m[36m       clone[0m[90m | [0mremote: Counting objects:   7% (33/470)        [35m[oil.nvim] [0m[36m       clone[0m[90m | [0mremote: Counting objects:   8% (38/470)        [35m[oil.nvim] [0m[36m       clone[0m[90m | [0mremote: Counting objects:   9% (43/470)        [35m[oil.nvim] [0m[36m       clone[0m[90m | [0mremote: Counting objects:  10% (47/470)        [35m[oil.nvim] [0m[36m       clone[0m[90m | [0mremote: Counting objects:  11% (52/470)        [35m[oil.nvim] [0m[36m       clone[0m[90m | [0mremote: Counting objects:  12% (57/470)        [35m[oil.nvim] [0m[36m       clone[0m[90m | [0mremote: Counting objects:  13% (62/470)        [35m[oil.nvim] [0m[36m       clone[0m[90m | [0mremote: Counting objects:  14% (66/470)        [35m[oil.nvim] [0m[36m       clone[0m[90m | [0mremote: Counting objects:  15% (71/470)        [35m[oil.nvim] [0m[36m       clone[0m[90m | [0mremote: Counting objects:  16% (76/470)        [35m[oil.nvim] [0m[36m       clone[0m[90m | [0mremote: Counting objects:  17% (80/470)        [35m[oil.nvim] [0m[36m       clone[0m[90m | [0mremote: Counting objects:  18% (85/470)        [35m[oil.nvim] [0m[36m       clone[0m[90m | [0mremote: Counting objects:  19% (90/470)        [35m[oil.nvim] [0m[36m       clone[0m[90m | [0mremote: Counting objects:  20% (94/470)        [35m[oil.nvim] [0m[36m       clone[0m[90m | [0mremote: Counting objects:  21% (99/470)        [35m[oil.nvim] [0m[36m       clone[0m[90m | [0mremote: Counting objects:  22% (104/470)        [35m[oil.nvim] [0m[36m       clone[0m[90m | [0mremote: Counting objects:  23% (109/470)        [35m[oil.nvim] [0m[36m       clone[0m[90m | [0mremote: Counting objects:  24% (113/470)        [35m[oil.nvim] [0m[36m       clone[0m[90m | [0mremote: Counting objects:  25% (118/470)        [35m[oil.nvim] [0m[36m       clone[0m[90m | [0mremote: Counting objects:  26% (123/470)        [35m[oil.nvim] [0m[36m       clone[0m[90m | [0mremote: Counting objects:  27% (127/470)        [35m[oil.nvim] [0m[36m       clone[0m[90m | [0mremote: Counting objects:  28% (132/470)        [35m[oil.nvim] [0m[36m       clone[0m[90m | [0mremote: Counting objects:  29% (137/470)        [35m[oil.nvim] [0m[36m       clone[0m[90m | [0mremote: Counting objects:  30% (141/470)        [35m[oil.nvim] [0m[36m       clone[0m[90m | [0mremote: Counting objects:  31% (146/470)        [35m[oil.nvim] [0m[36m       clone[0m[90m | [0mremote: Counting objects:  32% (151/470)        [35m[oil.nvim] [0m[36m       clone[0m[90m | [0mremote: Counting objects:  33% (156/470)        [35m[oil.nvim] [0m[36m       clone[0m[90m | [0mremote: Counting objects:  34% (160/470)        [35m[oil.nvim] [0m[36m       clone[0m[90m | [0mremote: Counting objects:  35% (165/470)        [35m[oil.nvim] [0m[36m       clone[0m[90m | [0mremote: Counting objects:  36% (170/470)        [35m[oil.nvim] [0m[36m       clone[0m[90m | [0mremote: Counting objects:  37% (174/470)        [35m[oil.nvim] [0m[36m       clone[0m[90m | [0mremote: Counting objects:  38% (179/470)        [35m[oil.nvim] [0m[36m       clone[0m[90m | [0mremote: Counting objects:  39% (184/470)        [35m[oil.nvim] [0m[36m       clone[0m[90m | [0mremote: Counting objects:  40% (188/470)        [35m[oil.nvim] [0m[36m       clone[0m[90m | [0mremote: Counting objects:  41% (193/470)        [35m[oil.nvim] [0m[36m       clone[0m[90m | [0mremote: Counting objects:  42% (198/470)        [35m[oil.nvim] [0m[36m       clone[0m[90m | [0mremote: Counting objects:  43% (203/470)        [35m[oil.nvim] [0m[36m       clone[0m[90m | [0mremote: Counting objects:  44% (207/470)        [35m[oil.nvim] [0m[36m       clone[0m[90m | [0mremote: Counting objects:  45% (212/470)        [35m[oil.nvim] [0m[36m       clone[0m[90m | [0mremote: Counting objects:  46% (217/470)        [35m[oil.nvim] [0m[36m       clone[0m[90m | [0mremote: Counting objects:  47% (221/470)        [35m[oil.nvim] [0m[36m       clone[0m[90m | [0mremote: Counting objects:  48% (226/470)        [35m[oil.nvim] [0m[36m       clone[0m[90m | [0mremote: Counting objects:  49% (231/470)        [35m[oil.nvim] [0m[36m       clone[0m[90m | [0mremote: Counting objects:  50% (235/470)        [35m[oil.nvim] [0m[36m       clone[0m[90m | [0mremote: Counting objects:  51% (240/470)        [35m[oil.nvim] [0m[36m       clone[0m[90m | [0mremote: Counting objects:  52% (245/470)        [35m[oil.nvim] [0m[36m       clone[0m[90m | [0mremote: Counting objects:  53% (250/470)        [35m[oil.nvim] [0m[36m       clone[0m[90m | [0mremote: Counting objects:  54% (254/470)        [35m[oil.nvim] [0m[36m       clone[0m[90m | [0mremote: Counting objects:  55% (259/470)        [35m[oil.nvim] [0m[36m       clone[0m[90m | [0mremote: Counting objects:  56% (264/470)        [35m[oil.nvim] [0m[36m       clone[0m[90m | [0mremote: Counting objects:  57% (268/470)        [35m[oil.nvim] [0m[36m       clone[0m[90m | [0mremote: Counting objects:  58% (273/470)        [35m[oil.nvim] [0m[36m       clone[0m[90m | [0mremote: Counting objects:  59% (278/470)        [35m[oil.nvim] [0m[36m       clone[0m[90m | [0mremote: Counting objects:  60% (282/470)        [35m[oil.nvim] [0m[36m       clone[0m[90m | [0mremote: Counting objects:  61% (287/470)        [35m[oil.nvim] [0m[36m       clone[0m[90m | [0mremote: Counting objects:  62% (292/470)        [35m[oil.nvim] [0m[36m       clone[0m[90m | [0mremote: Counting objects:  63% (297/470)        [35m[oil.nvim] [0m[36m       clone[0m[90m | [0mremote: Counting objects:  64% (301/470)        [35m[oil.nvim] [0m[36m       clone[0m[90m | [0mremote: Counting objects:  65% (306/470)        [35m[oil.nvim] [0m[36m       clone[0m[90m | [0mremote: Counting objects:  66% (311/470)        [35m[oil.nvim] [0m[36m       clone[0m[90m | [0mremote: Counting objects:  67% (315/470)        [35m[oil.nvim] [0m[36m       clone[0m[90m | [0mremote: Counting objects:  68% (320/470)        [35m[oil.nvim] [0m[36m       clone[0m[90m | [0mremote: Counting objects:  69% (325/470)        [35m[oil.nvim] [0m[36m       clone[0m[90m | [0mremote: Counting objects:  70% (329/470)        [35m[oil.nvim] [0m[36m       clone[0m[90m | [0mremote: Counting objects:  71% (334/470)        [35m[oil.nvim] [0m[36m       clone[0m[90m | [0mremote: Counting objects:  72% (339/470)        [35m[oil.nvim] [0m[36m       clone[0m[90m | [0mremote: Counting objects:  73% (344/470)        [35m[oil.nvim] [0m[36m       clone[0m[90m | [0mremote: Counting objects:  74% (348/470)        [35m[oil.nvim] [0m[36m       clone[0m[90m | [0mremote: Counting objects:  75% (353/470)        [35m[oil.nvim] [0m[36m       clone[0m[90m | [0mremote: Counting objects:  76% (358/470)        [35m[oil.nvim] [0m[36m       clone[0m[90m | [0mremote: Counting objects:  77% (362/470)        [35m[oil.nvim] [0m[36m       clone[0m[90m | [0mremote: Counting objects:  78% (367/470)        [35m[oil.nvim] [0m[36m       clone[0m[90m | [0mremote: Counting objects:  79% (372/470)        [35m[oil.nvim] [0m[36m       clone[0m[90m | [0mremote: Counting objects:  80% (376/470)        [35m[oil.nvim] [0m[36m       clone[0m[90m | [0mremote: Counting objects:  81% (381/470)        [35m[oil.nvim] [0m[36m       clone[0m[90m | [0mremote: Counting objects:  82% (386/470)        [35m[oil.nvim] [0m[36m       clone[0m[90m | [0mremote: Counting objects:  83% (391/470)        [35m[oil.nvim] [0m[36m       clone[0m[90m | [0mremote: Counting objects:  84% (395/470)        [35m[oil.nvim] [0m[36m       clone[0m[90m | [0mremote: Counting objects:  85% (400/470)        [35m[oil.nvim] [0m[36m       clone[0m[90m | [0mremote: Counting objects:  86% (405/470)        [35m[oil.nvim] [0m[36m       clone[0m[90m | [0mremote: Counting objects:  87% (409/470)        [35m[oil.nvim] [0m[36m       clone[0m[90m | [0mremote: Counting objects:  88% (414/470)        [35m[oil.nvim] [0m[36m       clone[0m[90m | [0mremote: Counting objects:  89% (419/470)        [35m[oil.nvim] [0m[36m       clone[0m[90m | [0mremote: Counting objects:  90% (423/470)        [35m[oil.nvim] [0m[36m       clone[0m[90m | [0mremote: Counting objects:  91% (428/470)        [35m[oil.nvim] [0m[36m       clone[0m[90m | [0mremote: Counting objects:  92% (433/470)        [35m[oil.nvim] [0m[36m       clone[0m[90m | [0mremote: Counting objects:  93% (438/470)        [35m[oil.nvim] [0m[36m       clone[0m[90m | [0mremote: Counting objects:  94% (442/470)        [35m[oil.nvim] [0m[36m       clone[0m[90m | [0mremote: Counting objects:  95% (447/470)        [35m[oil.nvim] [0m[36m       clone[0m[90m | [0mremote: Counting objects:  96% (452/470)        [35m[oil.nvim] [0m[36m       clone[0m[90m | [0mremote: Counting objects:  97% (456/470)        [35m[oil.nvim] [0m[36m       clone[0m[90m | [0mremote: Counting objects:  98% (461/470)        [35m[oil.nvim] [0m[36m       clone[0m[90m | [0mremote: Counting objects:  99% (466/470)        [35m[oil.nvim] [0m[36m       clone[0m[90m | [0mremote: Counting objects: 100% (470/470)        [35m[oil.nvim] [0m[36m       clone[0m[90m | [0mremote: Counting objects: 100% (470/470), done.        
[35m[oil.nvim] [0m[36m       clone[0m[90m | [0mremote: Compressing objects:   1% (1/79)        [35m[oil.nvim] [0m[36m       clone[0m[90m | [0mremote: Compressing objects:   2% (2/79)        [35m[oil.nvim] [0m[36m       clone[0m[90m | [0mremote: Compressing objects:   3% (3/79)        [35m[oil.nvim] [0m[36m       clone[0m[90m | [0mremote: Compressing objects:   5% (4/79)        [35m[oil.nvim] [0m[36m       clone[0m[90m | [0mremote: Compressing objects:   6% (5/79)        [35m[oil.nvim] [0m[36m       clone[0m[90m | [0mremote: Compressing objects:   7% (6/79)        [35m[oil.nvim] [0m[36m       clone[0m[90m | [0mremote: Compressing objects:   8% (7/79)        [35m[oil.nvim] [0m[36m       clone[0m[90m | [0mremote: Compressing objects:  10% (8/79)        [35m[oil.nvim] [0m[36m       clone[0m[90m | [0mremote: Compressing objects:  11% (9/79)        [35m[oil.nvim] [0m[36m       clone[0m[90m | [0mremote: Compressing objects:  12% (10/79)        [35m[oil.nvim] [0m[36m       clone[0m[90m | [0mremote: Compressing objects:  13% (11/79)        [35m[oil.nvim] [0m[36m       clone[0m[90m | [0mremote: Compressing objects:  15% (12/79)        [35m[oil.nvim] [0m[36m       clone[0m[90m | [0mremote: Compressing objects:  16% (13/79)        [35m[oil.nvim] [0m[36m       clone[0m[90m | [0mremote: Compressing objects:  17% (14/79)        [35m[oil.nvim] [0m[36m       clone[0m[90m | [0mremote: Compressing objects:  18% (15/79)        [35m[oil.nvim] [0m[36m       clone[0m[90m | [0mremote: Compressing objects:  20% (16/79)        [35m[oil.nvim] [0m[36m       clone[0m[90m | [0mremote: Compressing objects:  21% (17/79)        [35m[oil.nvim] [0m[36m       clone[0m[90m | [0mremote: Compressing objects:  22% (18/79)        [35m[oil.nvim] [0m[36m       clone[0m[90m | [0mremote: Compressing objects:  24% (19/79)        [35m[oil.nvim] [0m[36m       clone[0m[90m | [0mremote: Compressing objects:  25% (20/79)        [35m[oil.nvim] [0m[36m       clone[0m[90m | [0mremote: Compressing objects:  26% (21/79)        [35m[oil.nvim] [0m[36m       clone[0m[90m | [0mremote: Compressing objects:  27% (22/79)        [35m[oil.nvim] [0m[36m       clone[0m[90m | [0mremote: Compressing objects:  29% (23/79)        [35m[oil.nvim] [0m[36m       clone[0m[90m | [0mremote: Compressing objects:  30% (24/79)        [35m[oil.nvim] [0m[36m       clone[0m[90m | [0mremote: Compressing objects:  31% (25/79)        [35m[oil.nvim] [0m[36m       clone[0m[90m | [0mremote: Compressing objects:  32% (26/79)        [35m[oil.nvim] [0m[36m       clone[0m[90m | [0mremote: Compressing objects:  34% (27/79)        [35m[oil.nvim] [0m[36m       clone[0m[90m | [0mremote: Compressing objects:  35% (28/79)        [35m[oil.nvim] [0m[36m       clone[0m[90m | [0mremote: Compressing objects:  36% (29/79)        [35m[oil.nvim] [0m[36m       clone[0m[90m | [0mremote: Compressing objects:  37% (30/79)        [35m[oil.nvim] [0m[36m       clone[0m[90m | [0mremote: Compressing objects:  39% (31/79)        [35m[oil.nvim] [0m[36m       clone[0m[90m | [0mremote: Compressing objects:  40% (32/79)        [35m[oil.nvim] [0m[36m       clone[0m[90m | [0mremote: Compressing objects:  41% (33/79)        [35m[oil.nvim] [0m[36m       clone[0m[90m | [0mremote: Compressing objects:  43% (34/79)        [35m[oil.nvim] [0m[36m       clone[0m[90m | [0mremote: Compressing objects:  44% (35/79)        [35m[oil.nvim] [0m[36m       clone[0m[90m | [0mremote: Compressing objects:  45% (36/79)        [35m[oil.nvim] [0m[36m       clone[0m[90m | [0mremote: Compressing objects:  46% (37/79)        [35m[oil.nvim] [0m[36m       clone[0m[90m | [0mremote: Compressing objects:  48% (38/79)        [35m[oil.nvim] [0m[36m       clone[0m[90m | [0mremote: Compressing objects:  49% (39/79)        [35m[oil.nvim] [0m[36m       clone[0m[90m | [0mremote: Compressing objects:  50% (40/79)        [35m[oil.nvim] [0m[36m       clone[0m[90m | [0mremote: Compressing objects:  51% (41/79)        [35m[oil.nvim] [0m[36m       clone[0m[90m | [0mremote: Compressing objects:  53% (42/79)        [35m[oil.nvim] [0m[36m       clone[0m[90m | [0mremote: Compressing objects:  54% (43/79)        [35m[oil.nvim] [0m[36m       clone[0m[90m | [0mremote: Compressing objects:  55% (44/79)        [35m[oil.nvim] [0m[36m       clone[0m[90m | [0mremote: Compressing objects:  56% (45/79)        [35m[oil.nvim] [0m[36m       clone[0m[90m | [0mremote: Compressing objects:  58% (46/79)        [35m[oil.nvim] [0m[36m       clone[0m[90m | [0mremote: Compressing objects:  59% (47/79)        [35m[oil.nvim] [0m[36m       clone[0m[90m | [0mremote: Compressing objects:  60% (48/79)        [35m[oil.nvim] [0m[36m       clone[0m[90m | [0mremote: Compressing objects:  62% (49/79)        [35m[oil.nvim] [0m[36m       clone[0m[90m | [0mremote: Compressing objects:  63% (50/79)        [35m[oil.nvim] [0m[36m       clone[0m[90m | [0mremote: Compressing objects:  64% (51/79)        [35m[oil.nvim] [0m[36m       clone[0m[90m | [0mremote: Compressing objects:  65% (52/79)        [35m[oil.nvim] [0m[36m       clone[0m[90m | [0mremote: Compressing objects:  67% (53/79)        [35m[oil.nvim] [0m[36m       clone[0m[90m | [0mremote: Compressing objects:  68% (54/79)        [35m[oil.nvim] [0m[36m       clone[0m[90m | [0mremote: Compressing objects:  69% (55/79)        [35m[oil.nvim] [0m[36m       clone[0m[90m | [0mremote: Compressing objects:  70% (56/79)        [35m[oil.nvim] [0m[36m       clone[0m[90m | [0mremote: Compressing objects:  72% (57/79)        [35m[oil.nvim] [0m[36m       clone[0m[90m | [0mremote: Compressing objects:  73% (58/79)        [35m[oil.nvim] [0m[36m       clone[0m[90m | [0mremote: Compressing objects:  74% (59/79)        [35m[oil.nvim] [0m[36m       clone[0m[90m | [0mremote: Compressing objects:  75% (60/79)        [35m[oil.nvim] [0m[36m       clone[0m[90m | [0mremote: Compressing objects:  77% (61/79)        [35m[oil.nvim] [0m[36m       clone[0m[90m | [0mremote: Compressing objects:  78% (62/79)        [35m[oil.nvim] [0m[36m       clone[0m[90m | [0mremote: Compressing objects:  79% (63/79)        [35m[oil.nvim] [0m[36m       clone[0m[90m | [0mremote: Compressing objects:  81% (64/79)        [35m[oil.nvim] [0m[36m       clone[0m[90m | [0mremote: Compressing objects:  82% (65/79)        [35m[oil.nvim] [0m[36m       clone[0m[90m | [0mremote: Compressing objects:  83% (66/79)        [35m[oil.nvim] [0m[36m       clone[0m[90m | [0mremote: Compressing objects:  84% (67/79)        [35m[oil.nvim] [0m[36m       clone[0m[90m | [0mremote: Compressing objects:  86% (68/79)        [35m[oil.nvim] [0m[36m       clone[0m[90m | [0mremote: Compressing objects:  87% (69/79)        [35m[oil.nvim] [0m[36m       clone[0m[90m | [0mremote: Compressing objects:  88% (70/79)        [35m[oil.nvim] [0m[36m       clone[0m[90m | [0mremote: Compressing objects:  89% (71/79)        [35m[oil.nvim] [0m[36m       clone[0m[90m | [0mremote: Compressing objects:  91% (72/79)        [35m[oil.nvim] [0m[36m       clone[0m[90m | [0mremote: Compressing objects:  92% (73/79)        [35m[oil.nvim] [0m[36m       clone[0m[90m | [0mremote: Compressing objects:  93% (74/79)        [35m[oil.nvim] [0m[36m       clone[0m[90m | [0mremote: Compressing objects:  94% (75/79)        [35m[oil.nvim] [0m[36m       clone[0m[90m | [0mremote: Compressing objects:  96% (76/79)        [35m[oil.nvim] [0m[36m       clone[0m[90m | [0mremote: Compressing objects:  97% (77/79)        [35m[oil.nvim] [0m[36m       clone[0m[90m | [0mremote: Compressing objects:  98% (78/79)        [35m[oil.nvim] [0m[36m       clone[0m[90m | [0mremote: Compressing objects: 100% (79/79)        [35m[oil.nvim] [0m[36m       clone[0m[90m | [0mremote: Compressing objects: 100% (79/79), done.        
[35m[oil.nvim] [0m[36m       clone[0m[90m | [0mReceiving objects:   0% (1/2399)[35m[oil.nvim] [0m[36m       clone[0m[90m | [0mReceiving objects:   1% (24/2399)[35m[oil.nvim] [0m[36m       clone[0m[90m | [0mReceiving objects:   2% (48/2399)[35m[oil.nvim] [0m[36m       clone[0m[90m | [0mReceiving objects:   3% (72/2399)[35m[oil.nvim] [0m[36m       clone[0m[90m | [0mReceiving objects:   4% (96/2399)[35m[oil.nvim] [0m[36m       clone[0m[90m | [0mReceiving objects:   5% (120/2399)[35m[oil.nvim] [0m[36m       clone[0m[90m | [0mReceiving objects:   6% (144/2399)[35m[oil.nvim] [0m[36m       clone[0m[90m | [0mReceiving objects:   7% (168/2399)[35m[oil.nvim] [0m[36m       clone[0m[90m | [0mReceiving objects:   8% (192/2399)[35m[oil.nvim] [0m[36m       clone[0m[90m | [0mReceiving objects:   9% (216/2399)[35m[oil.nvim] [0m[36m       clone[0m[90m | [0mReceiving objects:  10% (240/2399)[35m[oil.nvim] [0m[36m       clone[0m[90m | [0mReceiving objects:  11% (264/2399)[35m[oil.nvim] [0m[36m       clone[0m[90m | [0mReceiving objects:  12% (288/2399)[35m[oil.nvim] [0m[36m       clone[0m[90m | [0mReceiving objects:  13% (312/2399)[35m[oil.nvim] [0m[36m       clone[0m[90m | [0mReceiving objects:  14% (336/2399)[35m[oil.nvim] [0m[36m       clone[0m[90m | [0mReceiving objects:  15% (360/2399)[35m[oil.nvim] [0m[36m       clone[0m[90m | [0mReceiving objects:  16% (384/2399)[35m[oil.nvim] [0m[36m       clone[0m[90m | [0mReceiving objects:  17% (408/2399)[35m[oil.nvim] [0m[36m       clone[0m[90m | [0mReceiving objects:  18% (432/2399)[35m[oil.nvim] [0m[36m       clone[0m[90m | [0mReceiving objects:  19% (456/2399)[35m[oil.nvim] [0m[36m       clone[0m[90m | [0mReceiving objects:  20% (480/2399)[35m[oil.nvim] [0m[36m       clone[0m[90m | [0mReceiving objects:  21% (504/2399)[35m[oil.nvim] [0m[36m       clone[0m[90m | [0mReceiving objects:  22% (528/2399)[35m[oil.nvim] [0m[36m       clone[0m[90m | [0mReceiving objects:  23% (552/2399)[35m[oil.nvim] [0m[36m       clone[0m[90m | [0mReceiving objects:  24% (576/2399)[35m[oil.nvim] [0m[36m       clone[0m[90m | [0mReceiving objects:  25% (600/2399)[35m[oil.nvim] [0m[36m       clone[0m[90m | [0mReceiving objects:  26% (624/2399)[35m[oil.nvim] [0m[36m       clone[0m[90m | [0mReceiving objects:  27% (648/2399)[35m[oil.nvim] [0m[36m       clone[0m[90m | [0mReceiving objects:  28% (672/2399)[35m[oil.nvim] [0m[36m       clone[0m[90m | [0mReceiving objects:  29% (696/2399)[35m[oil.nvim] [0m[36m       clone[0m[90m | [0mReceiving objects:  30% (720/2399)[35m[oil.nvim] [0m[36m       clone[0m[90m | [0mReceiving objects:  31% (744/2399)[35m[oil.nvim] [0m[36m       clone[0m[90m | [0mReceiving objects:  32% (768/2399)[35m[oil.nvim] [0m[36m       clone[0m[90m | [0mReceiving objects:  33% (792/2399)[35m[oil.nvim] [0m[36m       clone[0m[90m | [0mReceiving objects:  34% (816/2399)[35m[oil.nvim] [0m[36m       clone[0m[90m | [0mReceiving objects:  35% (840/2399)[35m[oil.nvim] [0m[36m       clone[0m[90m | [0mReceiving objects:  36% (864/2399)[35m[oil.nvim] [0m[36m       clone[0m[90m | [0mReceiving objects:  37% (888/2399)[35m[oil.nvim] [0m[36m       clone[0m[90m | [0mReceiving objects:  38% (912/2399)[35m[oil.nvim] [0m[36m       clone[0m[90m | [0mReceiving objects:  39% (936/2399)[35m[oil.nvim] [0m[36m       clone[0m[90m | [0mReceiving objects:  40% (960/2399)[35m[oil.nvim] [0m[36m       clone[0m[90m | [0mReceiving objects:  41% (984/2399)[35m[oil.nvim] [0m[36m       clone[0m[90m | [0mReceiving objects:  42% (1008/2399)[35m[oil.nvim] [0m[36m       clone[0m[90m | [0mReceiving objects:  43% (1032/2399)[35m[oil.nvim] [0m[36m       clone[0m[90m | [0mReceiving objects:  44% (1056/2399)[35m[oil.nvim] [0m[36m       clone[0m[90m | [0mReceiving objects:  45% (1080/2399)[35m[oil.nvim] [0m[36m       clone[0m[90m | [0mReceiving objects:  46% (1104/2399)[35m[oil.nvim] [0m[36m       clone[0m[90m | [0mReceiving objects:  47% (1128/2399)[35m[oil.nvim] [0m[36m       clone[0m[90m | [0mReceiving objects:  48% (1152/2399)[35m[oil.nvim] [0m[36m       clone[0m[90m | [0mReceiving objects:  49% (1176/2399)[35m[oil.nvim] [0m[36m       clone[0m[90m | [0mReceiving objects:  50% (1200/2399)[35m[oil.nvim] [0m[36m       clone[0m[90m | [0mReceiving objects:  51% (1224/2399)[35m[oil.nvim] [0m[36m       clone[0m[90m | [0mReceiving objects:  52% (1248/2399)[35m[oil.nvim] [0m[36m       clone[0m[90m | [0mReceiving objects:  53% (1272/2399)[35m[oil.nvim] [0m[36m       clone[0m[90m | [0mReceiving objects:  54% (1296/2399)[35m[oil.nvim] [0m[36m       clone[0m[90m | [0mReceiving objects:  55% (1320/2399)[35m[oil.nvim] [0m[36m       clone[0m[90m | [0mReceiving objects:  56% (1344/2399)[35m[oil.nvim] [0m[36m       clone[0m[90m | [0mReceiving objects:  57% (1368/2399)[35m[oil.nvim] [0m[36m       clone[0m[90m | [0mReceiving objects:  58% (1392/2399)[35m[oil.nvim] [0m[36m       clone[0m[90m | [0mReceiving objects:  59% (1416/2399)[35m[oil.nvim] [0m[36m       clone[0m[90m | [0mReceiving objects:  60% (1440/2399)[35m[oil.nvim] [0m[36m       clone[0m[90m | [0mReceiving objects:  61% (1464/2399)[35m[oil.nvim] [0m[36m       clone[0m[90m | [0mReceiving objects:  62% (1488/2399)[35m[oil.nvim] [0m[36m       clone[0m[90m | [0mReceiving objects:  63% (1512/2399)[35m[oil.nvim] [0m[36m       clone[0m[90m | [0mReceiving objects:  64% (1536/2399)[35m[oil.nvim] [0m[36m       clone[0m[90m | [0mReceiving objects:  65% (1560/2399)[35m[oil.nvim] [0m[36m       clone[0m[90m | [0mReceiving objects:  66% (1584/2399)[35m[oil.nvim] [0m[36m       clone[0m[90m | [0mReceiving objects:  67% (1608/2399)[35m[oil.nvim] [0m[36m       clone[0m[90m | [0mReceiving objects:  68% (1632/2399)[35m[oil.nvim] [0m[36m       clone[0m[90m | [0mReceiving objects:  69% (1656/2399)[35m[oil.nvim] [0m[36m       clone[0m[90m | [0mReceiving objects:  70% (1680/2399)[35m[oil.nvim] [0m[36m       clone[0m[90m | [0mReceiving objects:  71% (1704/2399)[35m[oil.nvim] [0m[36m       clone[0m[90m | [0mReceiving objects:  72% (1728/2399)[35m[oil.nvim] [0m[36m       clone[0m[90m | [0mReceiving objects:  73% (1752/2399)[35m[oil.nvim] [0m[36m       clone[0m[90m | [0mReceiving objects:  74% (1776/2399)[35m[oil.nvim] [0m[36m       clone[0m[90m | [0mReceiving objects:  75% (1800/2399)[35m[oil.nvim] [0m[36m       clone[0m[90m | [0mReceiving objects:  76% (1824/2399)[35m[oil.nvim] [0m[36m       clone[0m[90m | [0mReceiving objects:  77% (1848/2399)[35m[oil.nvim] [0m[36m       clone[0m[90m | [0mReceiving objects:  78% (1872/2399)[35m[oil.nvim] [0m[36m       clone[0m[90m | [0mReceiving objects:  79% (1896/2399)[35m[oil.nvim] [0m[36m       clone[0m[90m | [0mReceiving objects:  80% (1920/2399)[35m[oil.nvim] [0m[36m       clone[0m[90m | [0mReceiving objects:  81% (1944/2399)[35m[oil.nvim] [0m[36m       clone[0m[90m | [0mReceiving objects:  82% (1968/2399)[35m[oil.nvim] [0m[36m       clone[0m[90m | [0mReceiving objects:  83% (1992/2399)[35m[oil.nvim] [0m[36m       clone[0m[90m | [0mReceiving objects:  84% (2016/2399)[35m[oil.nvim] [0m[36m       clone[0m[90m | [0mReceiving objects:  85% (2040/2399)[35m[oil.nvim] [0m[36m       clone[0m[90m | [0mReceiving objects:  86% (2064/2399)[35m[oil.nvim] [0m[36m       clone[0m[90m | [0mReceiving objects:  87% (2088/2399)[35m[oil.nvim] [0m[36m       clone[0m[90m | [0mReceiving objects:  88% (2112/2399)[35m[oil.nvim] [0m[36m       clone[0m[90m | [0mReceiving objects:  89% (2136/2399)[35m[oil.nvim] [0m[36m       clone[0m[90m | [0mReceiving objects:  90% (2160/2399)[35m[oil.nvim] [0m[36m       clone[0m[90m | [0mReceiving objects:  91% (2184/2399)[35m[oil.nvim] [0m[36m       clone[0m[90m | [0mReceiving objects:  92% (2208/2399)[35m[oil.nvim] [0m[36m       clone[0m[90m | [0mReceiving objects:  93% (2232/2399)[35m[oil.nvim] [0m[36m       clone[0m[90m | [0mReceiving objects:  94% (2256/2399)[35m[oil.nvim] [0m[36m       clone[0m[90m | [0mReceiving objects:  95% (2280/2399)[35m[oil.nvim] [0m[36m       clone[0m[90m | [0mReceiving objects:  96% (2304/2399)[35m[oil.nvim] [0m[36m       clone[0m[90m | [0mremote: Total 2399 (delta 441), reused 391 (delta 391), pack-reused 1929 (from 2)        
[35m[oil.nvim] [0m[36m       clone[0m[90m | [0mReceiving objects:  97% (2328/2399)[35m[oil.nvim] [0m[36m       clone[0m[90m | [0mReceiving objects:  98% (2352/2399)[35m[oil.nvim] [0m[36m       clone[0m[90m | [0mReceiving objects:  99% (2376/2399)[35m[oil.nvim] [0m[36m       clone[0m[90m | [0mReceiving objects: 100% (2399/2399)[35m[oil.nvim] [0m[36m       clone[0m[90m | [0mReceiving objects: 100% (2399/2399), 358.88 KiB | 5.88 MiB/s, done.
[35m[oil.nvim] [0m[36m       clone[0m[90m | [0mResolving deltas:   0% (0/1125)[35m[oil.nvim] [0m[36m       clone[0m[90m | [0mResolving deltas:   1% (12/1125)[35m[oil.nvim] [0m[36m       clone[0m[90m | [0mResolving deltas:   2% (23/1125)[35m[oil.nvim] [0m[36m       clone[0m[90m | [0mResolving deltas:   3% (34/1125)[35m[oil.nvim] [0m[36m       clone[0m[90m | [0mResolving deltas:   4% (45/1125)[35m[oil.nvim] [0m[36m       clone[0m[90m | [0mResolving deltas:   5% (57/1125)[35m[oil.nvim] [0m[36m       clone[0m[90m | [0mResolving deltas:   6% (68/1125)[35m[oil.nvim] [0m[36m       clone[0m[90m | [0mResolving deltas:   7% (82/1125)[35m[oil.nvim] [0m[36m       clone[0m[90m | [0mResolving deltas:   8% (90/1125)[35m[oil.nvim] [0m[36m       clone[0m[90m | [0mResolving deltas:   9% (102/1125)[35m[oil.nvim] [0m[36m       clone[0m[90m | [0mResolving deltas:  10% (113/1125)[35m[oil.nvim] [0m[36m       clone[0m[90m | [0mResolving deltas:  11% (124/1125)[35m[oil.nvim] [0m[36m       clone[0m[90m | [0mResolving deltas:  12% (136/1125)[35m[oil.nvim] [0m[36m       clone[0m[90m | [0mResolving deltas:  13% (147/1125)[35m[oil.nvim] [0m[36m       clone[0m[90m | [0mResolving deltas:  14% (158/1125)[35m[oil.nvim] [0m[36m       clone[0m[90m | [0mResolving deltas:  15% (170/1125)[35m[oil.nvim] [0m[36m       clone[0m[90m | [0mResolving deltas:  16% (180/1125)[35m[oil.nvim] [0m[36m       clone[0m[90m | [0mResolving deltas:  17% (192/1125)[35m[oil.nvim] [0m[36m       clone[0m[90m | [0mResolving deltas:  18% (203/1125)[35m[oil.nvim] [0m[36m       clone[0m[90m | [0mResolving deltas:  19% (214/1125)[35m[oil.nvim] [0m[36m       clone[0m[90m | [0mResolving deltas:  20% (227/1125)[35m[oil.nvim] [0m[36m       clone[0m[90m | [0mResolving deltas:  21% (237/1125)[35m[oil.nvim] [0m[36m       clone[0m[90m | [0mResolving deltas:  22% (249/1125)[35m[oil.nvim] [0m[36m       clone[0m[90m | [0mResolving deltas:  23% (259/1125)[35m[oil.nvim] [0m[36m       clone[0m[90m | [0mResolving deltas:  24% (271/1125)[35m[oil.nvim] [0m[36m       clone[0m[90m | [0mResolving deltas:  25% (284/1125)[35m[oil.nvim] [0m[36m       clone[0m[90m | [0mResolving deltas:  26% (294/1125)[35m[oil.nvim] [0m[36m       clone[0m[90m | [0mResolving deltas:  27% (305/1125)[35m[oil.nvim] [0m[36m       clone[0m[90m | [0mResolving deltas:  28% (315/1125)[35m[oil.nvim] [0m[36m       clone[0m[90m | [0mResolving deltas:  29% (327/1125)[35m[oil.nvim] [0m[36m       clone[0m[90m | [0mResolving deltas:  30% (338/1125)[35m[oil.nvim] [0m[36m       clone[0m[90m | [0mResolving deltas:  31% (349/1125)[35m[oil.nvim] [0m[36m       clone[0m[90m | [0mResolving deltas:  32% (360/1125)[35m[oil.nvim] [0m[36m       clone[0m[90m | [0mResolving deltas:  33% (372/1125)[35m[oil.nvim] [0m[36m       clone[0m[90m | [0mResolving deltas:  34% (385/1125)[35m[oil.nvim] [0m[36m       clone[0m[90m | [0mResolving deltas:  35% (394/1125)[35m[oil.nvim] [0m[36m       clone[0m[90m | [0mResolving deltas:  36% (407/1125)[35m[oil.nvim] [0m[36m       clone[0m[90m | [0mResolving deltas:  37% (417/1125)[35m[oil.nvim] [0m[36m       clone[0m[90m | [0mResolving deltas:  38% (428/1125)[35m[oil.nvim] [0m[36m       clone[0m[90m | [0mResolving deltas:  39% (442/1125)[35m[oil.nvim] [0m[36m       clone[0m[90m | [0mResolving deltas:  40% (450/1125)[35m[oil.nvim] [0m[36m       clone[0m[90m | [0mResolving deltas:  41% (463/1125)[35m[oil.nvim] [0m[36m       clone[0m[90m | [0mResolving deltas:  42% (473/1125)[35m[oil.nvim] [0m[36m       clone[0m[90m | [0mResolving deltas:  43% (484/1125)[35m[oil.nvim] [0m[36m       clone[0m[90m | [0mResolving deltas:  44% (495/1125)[35m[oil.nvim] [0m[36m       clone[0m[90m | [0mResolving deltas:  45% (508/1125)[35m[oil.nvim] [0m[36m       clone[0m[90m | [0mResolving deltas:  46% (518/1125)[35m[oil.nvim] [0m[36m       clone[0m[90m | [0mResolving deltas:  47% (529/1125)[35m[oil.nvim] [0m[36m       clone[0m[90m | [0mResolving deltas:  48% (540/1125)[35m[oil.nvim] [0m[36m       clone[0m[90m | [0mResolving deltas:  49% (552/1125)[35m[oil.nvim] [0m[36m       clone[0m[90m | [0mResolving deltas:  50% (564/1125)[35m[oil.nvim] [0m[36m       clone[0m[90m | [0mResolving deltas:  51% (575/1125)[35m[oil.nvim] [0m[36m       clone[0m[90m | [0mResolving deltas:  52% (585/1125)[35m[oil.nvim] [0m[36m       clone[0m[90m | [0mResolving deltas:  53% (597/1125)[35m[oil.nvim] [0m[36m       clone[0m[90m | [0mResolving deltas:  54% (608/1125)[35m[oil.nvim] [0m[36m       clone[0m[90m | [0mResolving deltas:  55% (619/1125)[35m[oil.nvim] [0m[36m       clone[0m[90m | [0mResolving deltas:  56% (631/1125)[35m[oil.nvim] [0m[36m       clone[0m[90m | [0mResolving deltas:  57% (644/1125)[35m[oil.nvim] [0m[36m       clone[0m[90m | [0mResolving deltas:  58% (653/1125)[35m[oil.nvim] [0m[36m       clone[0m[90m | [0mResolving deltas:  59% (665/1125)[35m[oil.nvim] [0m[36m       clone[0m[90m | [0mResolving deltas:  60% (675/1125)[35m[oil.nvim] [0m[36m       clone[0m[90m | [0mResolving deltas:  61% (687/1125)[35m[oil.nvim] [0m[36m       clone[0m[90m | [0mResolving deltas:  62% (699/1125)[35m[oil.nvim] [0m[36m       clone[0m[90m | [0mResolving deltas:  63% (711/1125)[35m[oil.nvim] [0m[36m       clone[0m[90m | [0mResolving deltas:  64% (720/1125)[35m[oil.nvim] [0m[36m       clone[0m[90m | [0mResolving deltas:  65% (732/1125)[35m[oil.nvim] [0m[36m       clone[0m[90m | [0mResolving deltas:  66% (743/1125)[35m[oil.nvim] [0m[36m       clone[0m[90m | [0mResolving deltas:  67% (755/1125)[35m[oil.nvim] [0m[36m       clone[0m[90m | [0mResolving deltas:  68% (765/1125)[35m[oil.nvim] [0m[36m       clone[0m[90m | [0mResolving deltas:  69% (777/1125)[35m[oil.nvim] [0m[36m       clone[0m[90m | [0mResolving deltas:  70% (788/1125)[35m[oil.nvim] [0m[36m       clone[0m[90m | [0mResolving deltas:  71% (801/1125)[35m[oil.nvim] [0m[36m       clone[0m[90m | [0mResolving deltas:  72% (810/1125)[35m[oil.nvim] [0m[36m       clone[0m[90m | [0mResolving deltas:  73% (822/1125)[35m[oil.nvim] [0m[36m       clone[0m[90m | [0mResolving deltas:  74% (833/1125)[35m[oil.nvim] [0m[36m       clone[0m[90m | [0mResolving deltas:  75% (844/1125)[35m[oil.nvim] [0m[36m       clone[0m[90m | [0mResolving deltas:  76% (856/1125)[35m[oil.nvim] [0m[36m       clone[0m[90m | [0mResolving deltas:  77% (867/1125)[35m[oil.nvim] [0m[36m       clone[0m[90m | [0mResolving deltas:  78% (878/1125)[35m[oil.nvim] [0m[36m       clone[0m[90m | [0mResolving deltas:  79% (889/1125)[35m[oil.nvim] [0m[36m       clone[0m[90m | [0mResolving deltas:  80% (901/1125)[35m[oil.nvim] [0m[36m       clone[0m[90m | [0mResolving deltas:  81% (913/1125)[35m[oil.nvim] [0m[36m       clone[0m[90m | [0mResolving deltas:  82% (923/1125)[35m[oil.nvim] [0m[36m       clone[0m[90m | [0mResolving deltas:  83% (934/1125)[35m[oil.nvim] [0m[36m       clone[0m[90m | [0mResolving deltas:  84% (945/1125)[35m[oil.nvim] [0m[36m       clone[0m[90m | [0mResolving deltas:  85% (958/1125)[35m[oil.nvim] [0m[36m       clone[0m[90m | [0mResolving deltas:  86% (968/1125)[35m[oil.nvim] [0m[36m       clone[0m[90m | [0mResolving deltas:  87% (980/1125)[35m[oil.nvim] [0m[36m       clone[0m[90m | [0mResolving deltas:  88% (990/1125)[35m[oil.nvim] [0m[36m       clone[0m[90m | [0mResolving deltas:  89% (1002/1125)[35m[oil.nvim] [0m[36m       clone[0m[90m | [0mResolving deltas:  90% (1014/1125)[35m[oil.nvim] [0m[36m       clone[0m[90m | [0mResolving deltas:  91% (1024/1125)[35m[oil.nvim] [0m[36m       clone[0m[90m | [0mResolving deltas:  92% (1035/1125)[35m[oil.nvim] [0m[36m       clone[0m[90m | [0mResolving deltas:  93% (1049/1125)[35m[oil.nvim] [0m[36m       clone[0m[90m | [0mResolving deltas:  94% (1058/1125)[35m[oil.nvim] [0m[36m       clone[0m[90m | [0mResolving deltas:  95% (1069/1125)[35m[oil.nvim] [0m[36m       clone[0m[90m | [0mResolving deltas:  96% (1080/1125)[35m[oil.nvim] [0m[36m       clone[0m[90m | [0mResolving deltas:  97% (1093/1125)[35m[oil.nvim] [0m[36m       clone[0m[90m | [0mResolving deltas:  98% (1103/1125)[35m[oil.nvim] [0m[36m       clone[0m[90m | [0mResolving deltas:  99% (1115/1125)[35m[oil.nvim] [0m[36m       clone[0m[90m | [0mResolving deltas: 100% (1125/1125)[35m[oil.nvim] [0m[36m       clone[0m[90m | [0mResolving deltas: 100% (1125/1125), done.
[35m[oil.nvim] [0m[36m       clone[0m[90m | [0mUpdating files:   2% (2/85)[35m[oil.nvim] [0m[36m       clone[0m[90m | [0mUpdating files:   3% (3/85)[35m[oil.nvim] [0m[36m       clone[0m[90m | [0mUpdating files:   4% (4/85)[35m[oil.nvim] [0m[36m       clone[0m[90m | [0mUpdating files:   5% (5/85)[35m[oil.nvim] [0m[36m       clone[0m[90m | [0mUpdating files:   7% (6/85)[35m[oil.nvim] [0m[36m       clone[0m[90m | [0mUpdating files:   8% (7/85)[35m[oil.nvim] [0m[36m       clone[0m[90m | [0mUpdating files:   9% (8/85)[35m[oil.nvim] [0m[36m       clone[0m[90m | [0mUpdating files:  10% (9/85)[35m[oil.nvim] [0m[36m       clone[0m[90m | [0mUpdating files:  11% (10/85)[35m[oil.nvim] [0m[36m       clone[0m[90m | [0mUpdating files:  12% (11/85)[35m[oil.nvim] [0m[36m       clone[0m[90m | [0mUpdating files:  14% (12/85)[35m[oil.nvim] [0m[36m       clone[0m[90m | [0mUpdating files:  15% (13/85)[35m[oil.nvim] [0m[36m       clone[0m[90m | [0mUpdating files:  16% (14/85)[35m[oil.nvim] [0m[36m       clone[0m[90m | [0mUpdating files:  17% (15/85)[35m[oil.nvim] [0m[36m       clone[0m[90m | [0mUpdating files:  18% (16/85)[35m[oil.nvim] [0m[36m       clone[0m[90m | [0mUpdating files:  20% (17/85)[35m[oil.nvim] [0m[36m       clone[0m[90m | [0mUpdating files:  21% (18/85)[35m[oil.nvim] [0m[36m       clone[0m[90m | [0mUpdating files:  22% (19/85)[35m[oil.nvim] [0m[36m       clone[0m[90m | [0mUpdating files:  23% (20/85)[35m[oil.nvim] [0m[36m       clone[0m[90m | [0mUpdating files:  24% (21/85)[35m[oil.nvim] [0m[36m       clone[0m[90m | [0mUpdating files:  25% (22/85)[35m[oil.nvim] [0m[36m       clone[0m[90m | [0mUpdating files:  27% (23/85)[35m[oil.nvim] [0m[36m       clone[0m[90m | [0mUpdating files:  28% (24/85)[35m[oil.nvim] [0m[36m       clone[0m[90m | [0mUpdating files:  29% (25/85)[35m[oil.nvim] [0m[36m       clone[0m[90m | [0mUpdating files:  30% (26/85)[35m[oil.nvim] [0m[36m       clone[0m[90m | [0mUpdating files:  31% (27/85)[35m[oil.nvim] [0m[36m       clone[0m[90m | [0mUpdating files:  32% (28/85)[35m[oil.nvim] [0m[36m       clone[0m[90m | [0mUpdating files:  34% (29/85)[35m[oil.nvim] [0m[36m       clone[0m[90m | [0mUpdating files:  35% (30/85)[35m[oil.nvim] [0m[36m       clone[0m[90m | [0mUpdating files:  36% (31/85)[35m[oil.nvim] [0m[36m       clone[0m[90m | [0mUpdating files:  37% (32/85)[35m[oil.nvim] [0m[36m       clone[0m[90m | [0mUpdating files:  38% (33/85)[35m[oil.nvim] [0m[36m       clone[0m[90m | [0mUpdating files:  40% (34/85)[35m[oil.nvim] [0m[36m       clone[0m[90m | [0mUpdating files:  41% (35/85)[35m[oil.nvim] [0m[36m       clone[0m[90m | [0mUpdating files:  42% (36/85)[35m[oil.nvim] [0m[36m       clone[0m[90m | [0mUpdating files:  43% (37/85)[35m[oil.nvim] [0m[36m       clone[0m[90m | [0mUpdating files:  44% (38/85)[35m[oil.nvim] [0m[36m       clone[0m[90m | [0mUpdating files:  45% (39/85)[35m[oil.nvim] [0m[36m       clone[0m[90m | [0mUpdating files:  47% (40/85)[35m[oil.nvim] [0m[36m       clone[0m[90m | [0mUpdating files:  48% (41/85)[35m[oil.nvim] [0m[36m       clone[0m[90m | [0mUpdating files:  49% (42/85)[35m[oil.nvim] [0m[36m       clone[0m[90m | [0mUpdating files:  50% (43/85)[35m[oil.nvim] [0m[36m       clone[0m[90m | [0mUpdating files:  51% (44/85)[35m[oil.nvim] [0m[36m       clone[0m[90m | [0mUpdating files:  52% (45/85)[35m[oil.nvim] [0m[36m       clone[0m[90m | [0mUpdating files:  54% (46/85)[35m[oil.nvim] [0m[36m       clone[0m[90m | [0mUpdating files:  55% (47/85)[35m[oil.nvim] [0m[36m       clone[0m[90m | [0mUpdating files:  56% (48/85)[35m[oil.nvim] [0m[36m       clone[0m[90m | [0mUpdating files:  57% (49/85)[35m[oil.nvim] [0m[36m       clone[0m[90m | [0mUpdating files:  58% (50/85)[35m[oil.nvim] [0m[36m       clone[0m[90m | [0mUpdating files:  60% (51/85)[35m[oil.nvim] [0m[36m       clone[0m[90m | [0mUpdating files:  61% (52/85)[35m[oil.nvim] [0m[36m       clone[0m[90m | [0mUpdating files:  62% (53/85)[35m[oil.nvim] [0m[36m       clone[0m[90m | [0mUpdating files:  63% (54/85)[35m[oil.nvim] [0m[36m       clone[0m[90m | [0mUpdating files:  64% (55/85)[35m[oil.nvim] [0m[36m       clone[0m[90m | [0mUpdating files:  65% (56/85)[35m[oil.nvim] [0m[36m       clone[0m[90m | [0mUpdating files:  67% (57/85)[35m[oil.nvim] [0m[36m       clone[0m[90m | [0mUpdating files:  68% (58/85)[35m[oil.nvim] [0m[36m       clone[0m[90m | [0mUpdating files:  69% (59/85)[35m[oil.nvim] [0m[36m       clone[0m[90m | [0mUpdating files:  70% (60/85)[35m[oil.nvim] [0m[36m       clone[0m[90m | [0mUpdating files:  71% (61/85)[35m[oil.nvim] [0m[36m       clone[0m[90m | [0mUpdating files:  72% (62/85)[35m[oil.nvim] [0m[36m       clone[0m[90m | [0mUpdating files:  74% (63/85)[35m[oil.nvim] [0m[36m       clone[0m[90m | [0mUpdating files:  75% (64/85)[35m[oil.nvim] [0m[36m       clone[0m[90m | [0mUpdating files:  76% (65/85)[35m[oil.nvim] [0m[36m       clone[0m[90m | [0mUpdating files:  77% (66/85)[35m[oil.nvim] [0m[36m       clone[0m[90m | [0mUpdating files:  78% (67/85)[35m[oil.nvim] [0m[36m       clone[0m[90m | [0mUpdating files:  80% (68/85)[35m[oil.nvim] [0m[36m       clone[0m[90m | [0mUpdating files:  81% (69/85)[35m[oil.nvim] [0m[36m       clone[0m[90m | [0mUpdating files:  82% (70/85)[35m[oil.nvim] [0m[36m       clone[0m[90m | [0mUpdating files:  83% (71/85)[35m[oil.nvim] [0m[36m       clone[0m[90m | [0mUpdating files:  84% (72/85)[35m[oil.nvim] [0m[36m       clone[0m[90m | [0mUpdating files:  85% (73/85)[35m[oil.nvim] [0m[36m       clone[0m[90m | [0mUpdating files:  87% (74/85)[35m[oil.nvim] [0m[36m       clone[0m[90m | [0mUpdating files:  88% (75/85)[35m[oil.nvim] [0m[36m       clone[0m[90m | [0mUpdating files:  89% (76/85)[35m[oil.nvim] [0m[36m       clone[0m[90m | [0mUpdating files:  90% (77/85)[35m[oil.nvim] [0m[36m       clone[0m[90m | [0mUpdating files:  91% (78/85)[35m[oil.nvim] [0m[36m       clone[0m[90m | [0mUpdating files:  92% (79/85)[35m[oil.nvim] [0m[36m       clone[0m[90m | [0mUpdating files:  94% (80/85)[35m[oil.nvim] [0m[36m       clone[0m[90m | [0mUpdating files:  95% (81/85)[35m[oil.nvim] [0m[36m       clone[0m[90m | [0mUpdating files:  96% (82/85)[35m[oil.nvim] [0m[36m       clone[0m[90m | [0mUpdating files:  97% (83/85)[35m[oil.nvim] [0m[36m       clone[0m[90m | [0mUpdating files:  98% (84/85)[35m[oil.nvim] [0m[36m       clone[0m[90m | [0mUpdating files: 100% (85/85)[35m[oil.nvim] [0m[36m       clone[0m[90m | [0mUpdating files: 100% (85/85), done.
[35m[cmp-path] [0m[36m       clone[0m[90m | [0m[34mFinished task clone in 15178ms[0m
[35m[cmp_luasnip] [0m[36m    clone[0m[90m | [0m[34mFinished task clone in 15180ms[0m
[35m[cmp-path] [0m[36m    checkout[0m[90m | [0m[34mRunning task checkout[0m
[35m[cmp-path] [0m[36m    checkout[0m[90m | [0m[34mFinished task checkout in 18ms[0m
[35m[cmp_luasnip] [0m[36m checkout[0m[90m | [0m[34mRunning task checkout[0m
[35m[cmp_luasnip] [0m[36m checkout[0m[90m | [0m[34mFinished task checkout in 27ms[0m
[35m[lazygit.nvim] [0m[36m   clone[0m[90m | [0m[34mFinished task clone in 15208ms[0m
[35m[cmp-path] [0m[36m        docs[0m[90m | [0m[34mRunning task docs[0m
[35m[cmp-path] [0m[36m        docs[0m[90m | [0m[34mFinished task docs in 25ms[0m
[35m[cmp_luasnip] [0m[36m     docs[0m[90m | [0m[34mRunning task docs[0m
[35m[cmp_luasnip] [0m[36m     docs[0m[90m | [0m[34mFinished task docs in 25ms[0m
[35m[lazygit.nvim] [0m[36mcheckout[0m[90m | [0m[34mRunning task checkout[0m
[35m[lazygit.nvim] [0m[36mcheckout[0m[90m | [0m[34mFinished task checkout in 3ms[0m
[35m[plenary.nvim] [0m[36m   clone[0m[90m | [0m[34mRunning task clone[0m
[35m[project.nvim] [0m[36m   clone[0m[90m | [0m[34mRunning task clone[0m
[35m[lazygit.nvim] [0m[36m    docs[0m[90m | [0m[34mRunning task docs[0m
[35m[lazygit.nvim] [0m[36m    docs[0m[90m | [0m[34mFinished task docs in 0ms[0m
[35m[promise-async] [0m[36m  clone[0m[90m | [0m[34mRunning task clone[0m
[35m[plenary.nvim] [0m[36m   clone[0m[90m | [0mCloning into 'C:/Users/tOpGuNN/AppData/Local/nvim-data/lazy/plenary.nvim'...
[35m[project.nvim] [0m[36m   clone[0m[90m | [0mCloning into 'C:/Users/tOpGuNN/AppData/Local/nvim-data/lazy/project.nvim'...
[35m[cmp-cmdline] [0m[36m    clone[0m[90m | [0m[34mFinished task clone in 15626ms[0m
[35m[cmp-nvim-lsp] [0m[36m   clone[0m[90m | [0m[34mFinished task clone in 15626ms[0m
[35m[cmp-cmdline] [0m[36m checkout[0m[90m | [0m[34mRunning task checkout[0m
[35m[cmp-cmdline] [0m[36m checkout[0m[90m | [0m[34mFinished task checkout in 4ms[0m
[35m[cmp-nvim-lsp] [0m[36mcheckout[0m[90m | [0m[34mRunning task checkout[0m
[35m[cmp-nvim-lsp] [0m[36mcheckout[0m[90m | [0m[34mFinished task checkout in 8ms[0m
[35m[cmp-cmdline] [0m[36m     docs[0m[90m | [0m[34mRunning task docs[0m
[35m[cmp-cmdline] [0m[36m     docs[0m[90m | [0m[34mFinished task docs in 0ms[0m
[35m[cmp-nvim-lsp] [0m[36m    docs[0m[90m | [0m[34mRunning task docs[0m
[35m[cmp-nvim-lsp] [0m[36m    docs[0m[90m | [0m
[35m[cmp-nvim-lsp] [0m[36m    docs[0m[90m | [0m[34mFinished task docs in 4ms[0m
[35m[snacks.nvim] [0m[36m    clone[0m[90m | [0m[34mRunning task clone[0m
[35m[sqlite.lua] [0m[36m     clone[0m[90m | [0m[34mRunning task clone[0m
[35m[promise-async] [0m[36m  clone[0m[90m | [0mCloning into 'C:/Users/tOpGuNN/AppData/Local/nvim-data/lazy/promise-async'...
[35m[snacks.nvim] [0m[36m    clone[0m[90m | [0mCloning into 'C:/Users/tOpGuNN/AppData/Local/nvim-data/lazy/snacks.nvim'...
[35m[LazyVim] [0m[36m        clone[0m[90m | [0m[34mFinished task clone in 15915ms[0m
[35m[lazydev.nvim] [0m[36m   clone[0m[90m | [0m[34mFinished task clone in 15914ms[0m
[35m[LazyVim] [0m[36m     checkout[0m[90m | [0m[34mRunning task checkout[0m
[35m[lazydev.nvim] [0m[36mcheckout[0m[90m | [0m[34mRunning task checkout[0m
[35m[lazydev.nvim] [0m[36mcheckout[0m[90m | [0m[34mFinished task checkout in 22ms[0m
[35m[sqlite.lua] [0m[36m     clone[0m[90m | [0mCloning into 'C:/Users/tOpGuNN/AppData/Local/nvim-data/lazy/sqlite.lua'...
[35m[lazydev.nvim] [0m[36m    docs[0m[90m | [0m[34mRunning task docs[0m
[35m[lazydev.nvim] [0m[36m    docs[0m[90m | [0m
[35m[lazydev.nvim] [0m[36m    docs[0m[90m | [0m[34mFinished task docs in 19ms[0m
[35m[vim-gutentags] [0m[36m  clone[0m[90m | [0m[34mRunning task clone[0m
[35m[alpha-nvim] [0m[36m     clone[0m[90m | [0m[34mFinished task clone in 16058ms[0m
[35m[alpha-nvim] [0m[36m  checkout[0m[90m | [0m[34mRunning task checkout[0m
[35m[alpha-nvim] [0m[36m  checkout[0m[90m | [0m[34mFinished task checkout in 21ms[0m
[35m[nvim-ufo] [0m[36m       clone[0m[90m | [0m[34mFinished task clone in 16079ms[0m
[35m[vim-gutentags] [0m[36m  clone[0m[90m | [0mCloning into 'C:/Users/tOpGuNN/AppData/Local/nvim-data/lazy/vim-gutentags'...
[35m[alpha-nvim] [0m[36m      docs[0m[90m | [0m[34mRunning task docs[0m
[35m[alpha-nvim] [0m[36m      docs[0m[90m | [0m
[35m[alpha-nvim] [0m[36m      docs[0m[90m | [0m[34mFinished task docs in 20ms[0m
[35m[nvim-ufo] [0m[36m    checkout[0m[90m | [0m[34mRunning task checkout[0m
[35m[nvim-ufo] [0m[36m    checkout[0m[90m | [0m[34mFinished task checkout in 30ms[0m
[35m[nvim-ufo] [0m[36m        docs[0m[90m | [0m[34mRunning task docs[0m
[35m[nvim-ufo] [0m[36m        docs[0m[90m | [0m
[35m[nvim-ufo] [0m[36m        docs[0m[90m | [0m[34mFinished task docs in 10ms[0m
[35m[vim-tmux-navigator] [0m[36mclone[0m[90m | [0m[34mRunning task clone[0m
[35m[which-key.nvim] [0m[36m clone[0m[90m | [0m[34mRunning task clone[0m
[35m[vim-tmux-navigator] [0m[36mclone[0m[90m | [0mCloning into 'C:/Users/tOpGuNN/AppData/Local/nvim-data/lazy/vim-tmux-navigator'...
[35m[which-key.nvim] [0m[36m clone[0m[90m | [0mCloning into 'C:/Users/tOpGuNN/AppData/Local/nvim-data/lazy/which-key.nvim'...
[35m[claudecode.nvim] [0m[36mclone[0m[90m | [0m[34mFinished task clone in 16621ms[0m
[35m[conform.nvim] [0m[36m   clone[0m[90m | [0m[34mFinished task clone in 16621ms[0m
[35m[claudecode.nvim] [0m[36mcheckout[0m[90m | [0m[34mRunning task checkout[0m
[35m[claudecode.nvim] [0m[36mcheckout[0m[90m | [0m[34mFinished task checkout in 19ms[0m
[35m[conform.nvim] [0m[36mcheckout[0m[90m | [0m[34mRunning task checkout[0m
[35m[conform.nvim] [0m[36mcheckout[0m[90m | [0m[34mFinished task checkout in 32ms[0m
[35m[claudecode.nvim] [0m[36m docs[0m[90m | [0m[34mRunning task docs[0m
[35m[claudecode.nvim] [0m[36m docs[0m[90m | [0m[34mFinished task docs in 14ms[0m
[35m[conform.nvim] [0m[36m    docs[0m[90m | [0m[34mRunning task docs[0m
[35m[conform.nvim] [0m[36m    docs[0m[90m | [0m
[35m[conform.nvim] [0m[36m    docs[0m[90m | [0m[34mFinished task docs in 31ms[0m
[35m[friendly-snippets] [0m[36mclone[0m[90m | [0m[34mFinished task clone in 16687ms[0m
[35m[friendly-snippets] [0m[36mcheckout[0m[90m | [0m[34mRunning task checkout[0m
[35m[friendly-snippets] [0m[36mcheckout[0m[90m | [0m[34mFinished task checkout in 3ms[0m
[35m[friendly-snippets] [0m[36mdocs[0m[90m | [0m[34mRunning task docs[0m
[35m[friendly-snippets] [0m[36mdocs[0m[90m | [0m[34mFinished task docs in 0ms[0m
[35m[plenary.nvim] [0m[36m   clone[0m[90m | [0mremote: Enumerating objects: 2047, done.        
[35m[plenary.nvim] [0m[36m   clone[0m[90m | [0mremote: Counting objects:   0% (1/522)        [35m[plenary.nvim] [0m[36m   clone[0m[90m | [0mremote: Counting objects:   1% (6/522)        [35m[plenary.nvim] [0m[36m   clone[0m[90m | [0mremote: Counting objects:   2% (11/522)        [35m[plenary.nvim] [0m[36m   clone[0m[90m | [0mremote: Counting objects:   3% (16/522)        [35m[plenary.nvim] [0m[36m   clone[0m[90m | [0mremote: Counting objects:   4% (21/522)        [35m[plenary.nvim] [0m[36m   clone[0m[90m | [0mremote: Counting objects:   5% (27/522)        [35m[plenary.nvim] [0m[36m   clone[0m[90m | [0mremote: Counting objects:   6% (32/522)        [35m[plenary.nvim] [0m[36m   clone[0m[90m | [0mremote: Counting objects:   7% (37/522)        [35m[plenary.nvim] [0m[36m   clone[0m[90m | [0mremote: Counting objects:   8% (42/522)        [35m[plenary.nvim] [0m[36m   clone[0m[90m | [0mremote: Counting objects:   9% (47/522)        [35m[plenary.nvim] [0m[36m   clone[0m[90m | [0mremote: Counting objects:  10% (53/522)        [35m[plenary.nvim] [0m[36m   clone[0m[90m | [0mremote: Counting objects:  11% (58/522)        [35m[plenary.nvim] [0m[36m   clone[0m[90m | [0mremote: Counting objects:  12% (63/522)        [35m[plenary.nvim] [0m[36m   clone[0m[90m | [0mremote: Counting objects:  13% (68/522)        [35m[plenary.nvim] [0m[36m   clone[0m[90m | [0mremote: Counting objects:  14% (74/522)        [35m[plenary.nvim] [0m[36m   clone[0m[90m | [0mremote: Counting objects:  15% (79/522)        [35m[plenary.nvim] [0m[36m   clone[0m[90m | [0mremote: Counting objects:  16% (84/522)        [35m[plenary.nvim] [0m[36m   clone[0m[90m | [0mremote: Counting objects:  17% (89/522)        [35m[plenary.nvim] [0m[36m   clone[0m[90m | [0mremote: Counting objects:  18% (94/522)        [35m[plenary.nvim] [0m[36m   clone[0m[90m | [0mremote: Counting objects:  19% (100/522)        [35m[plenary.nvim] [0m[36m   clone[0m[90m | [0mremote: Counting objects:  20% (105/522)        [35m[plenary.nvim] [0m[36m   clone[0m[90m | [0mremote: Counting objects:  21% (110/522)        [35m[plenary.nvim] [0m[36m   clone[0m[90m | [0mremote: Counting objects:  22% (115/522)        [35m[plenary.nvim] [0m[36m   clone[0m[90m | [0mremote: Counting objects:  23% (121/522)        [35m[plenary.nvim] [0m[36m   clone[0m[90m | [0mremote: Counting objects:  24% (126/522)        [35m[plenary.nvim] [0m[36m   clone[0m[90m | [0mremote: Counting objects:  25% (131/522)        [35m[plenary.nvim] [0m[36m   clone[0m[90m | [0mremote: Counting objects:  26% (136/522)        [35m[plenary.nvim] [0m[36m   clone[0m[90m | [0mremote: Counting objects:  27% (141/522)        [35m[plenary.nvim] [0m[36m   clone[0m[90m | [0mremote: Counting objects:  28% (147/522)        [35m[plenary.nvim] [0m[36m   clone[0m[90m | [0mremote: Counting objects:  29% (152/522)        [35m[plenary.nvim] [0m[36m   clone[0m[90m | [0mremote: Counting objects:  30% (157/522)        [35m[plenary.nvim] [0m[36m   clone[0m[90m | [0mremote: Counting objects:  31% (162/522)        [35m[plenary.nvim] [0m[36m   clone[0m[90m | [0mremote: Counting objects:  32% (168/522)        [35m[plenary.nvim] [0m[36m   clone[0m[90m | [0mremote: Counting objects:  33% (173/522)        [35m[plenary.nvim] [0m[36m   clone[0m[90m | [0mremote: Counting objects:  34% (178/522)        [35m[plenary.nvim] [0m[36m   clone[0m[90m | [0mremote: Counting objects:  35% (183/522)        [35m[plenary.nvim] [0m[36m   clone[0m[90m | [0mremote: Counting objects:  36% (188/522)        [35m[plenary.nvim] [0m[36m   clone[0m[90m | [0mremote: Counting objects:  37% (194/522)        [35m[plenary.nvim] [0m[36m   clone[0m[90m | [0mremote: Counting objects:  38% (199/522)        [35m[plenary.nvim] [0m[36m   clone[0m[90m | [0mremote: Counting objects:  39% (204/522)        [35m[plenary.nvim] [0m[36m   clone[0m[90m | [0mremote: Counting objects:  40% (209/522)        [35m[plenary.nvim] [0m[36m   clone[0m[90m | [0mremote: Counting objects:  41% (215/522)        [35m[plenary.nvim] [0m[36m   clone[0m[90m | [0mremote: Counting objects:  42% (220/522)        [35m[plenary.nvim] [0m[36m   clone[0m[90m | [0mremote: Counting objects:  43% (225/522)        [35m[plenary.nvim] [0m[36m   clone[0m[90m | [0mremote: Counting objects:  44% (230/522)        [35m[plenary.nvim] [0m[36m   clone[0m[90m | [0mremote: Counting objects:  45% (235/522)        [35m[plenary.nvim] [0m[36m   clone[0m[90m | [0mremote: Counting objects:  46% (241/522)        [35m[plenary.nvim] [0m[36m   clone[0m[90m | [0mremote: Counting objects:  47% (246/522)        [35m[plenary.nvim] [0m[36m   clone[0m[90m | [0mremote: Counting objects:  48% (251/522)        [35m[plenary.nvim] [0m[36m   clone[0m[90m | [0mremote: Counting objects:  49% (256/522)        [35m[plenary.nvim] [0m[36m   clone[0m[90m | [0mremote: Counting objects:  50% (261/522)        [35m[plenary.nvim] [0m[36m   clone[0m[90m | [0mremote: Counting objects:  51% (267/522)        [35m[plenary.nvim] [0m[36m   clone[0m[90m | [0mremote: Counting objects:  52% (272/522)        [35m[plenary.nvim] [0m[36m   clone[0m[90m | [0mremote: Counting objects:  53% (277/522)        [35m[plenary.nvim] [0m[36m   clone[0m[90m | [0mremote: Counting objects:  54% (282/522)        [35m[plenary.nvim] [0m[36m   clone[0m[90m | [0mremote: Counting objects:  55% (288/522)        [35m[plenary.nvim] [0m[36m   clone[0m[90m | [0mremote: Counting objects:  56% (293/522)        [35m[plenary.nvim] [0m[36m   clone[0m[90m | [0mremote: Counting objects:  57% (298/522)        [35m[plenary.nvim] [0m[36m   clone[0m[90m | [0mremote: Counting objects:  58% (303/522)        [35m[plenary.nvim] [0m[36m   clone[0m[90m | [0mremote: Counting objects:  59% (308/522)        [35m[plenary.nvim] [0m[36m   clone[0m[90m | [0mremote: Counting objects:  60% (314/522)        [35m[plenary.nvim] [0m[36m   clone[0m[90m | [0mremote: Counting objects:  61% (319/522)        [35m[plenary.nvim] [0m[36m   clone[0m[90m | [0mremote: Counting objects:  62% (324/522)        [35m[plenary.nvim] [0m[36m   clone[0m[90m | [0mremote: Counting objects:  63% (329/522)        [35m[plenary.nvim] [0m[36m   clone[0m[90m | [0mremote: Counting objects:  64% (335/522)        [35m[plenary.nvim] [0m[36m   clone[0m[90m | [0mremote: Counting objects:  65% (340/522)        [35m[plenary.nvim] [0m[36m   clone[0m[90m | [0mremote: Counting objects:  66% (345/522)        [35m[plenary.nvim] [0m[36m   clone[0m[90m | [0mremote: Counting objects:  67% (350/522)        [35m[plenary.nvim] [0m[36m   clone[0m[90m | [0mremote: Counting objects:  68% (355/522)        [35m[plenary.nvim] [0m[36m   clone[0m[90m | [0mremote: Counting objects:  69% (361/522)        [35m[plenary.nvim] [0m[36m   clone[0m[90m | [0mremote: Counting objects:  70% (366/522)        [35m[plenary.nvim] [0m[36m   clone[0m[90m | [0mremote: Counting objects:  71% (371/522)        [35m[plenary.nvim] [0m[36m   clone[0m[90m | [0mremote: Counting objects:  72% (376/522)        [35m[plenary.nvim] [0m[36m   clone[0m[90m | [0mremote: Counting objects:  73% (382/522)        [35m[plenary.nvim] [0m[36m   clone[0m[90m | [0mremote: Counting objects:  74% (387/522)        [35m[plenary.nvim] [0m[36m   clone[0m[90m | [0mremote: Counting objects:  75% (392/522)        [35m[plenary.nvim] [0m[36m   clone[0m[90m | [0mremote: Counting objects:  76% (397/522)        [35m[plenary.nvim] [0m[36m   clone[0m[90m | [0mremote: Counting objects:  77% (402/522)        [35m[plenary.nvim] [0m[36m   clone[0m[90m | [0mremote: Counting objects:  78% (408/522)        [35m[plenary.nvim] [0m[36m   clone[0m[90m | [0mremote: Counting objects:  79% (413/522)        [35m[plenary.nvim] [0m[36m   clone[0m[90m | [0mremote: Counting objects:  80% (418/522)        [35m[plenary.nvim] [0m[36m   clone[0m[90m | [0mremote: Counting objects:  81% (423/522)        [35m[plenary.nvim] [0m[36m   clone[0m[90m | [0mremote: Counting objects:  82% (429/522)        [35m[plenary.nvim] [0m[36m   clone[0m[90m | [0mremote: Counting objects:  83% (434/522)        [35m[plenary.nvim] [0m[36m   clone[0m[90m | [0mremote: Counting objects:  84% (439/522)        [35m[plenary.nvim] [0m[36m   clone[0m[90m | [0mremote: Counting objects:  85% (444/522)        [35m[plenary.nvim] [0m[36m   clone[0m[90m | [0mremote: Counting objects:  86% (449/522)        [35m[plenary.nvim] [0m[36m   clone[0m[90m | [0mremote: Counting objects:  87% (455/522)        [35m[plenary.nvim] [0m[36m   clone[0m[90m | [0mremote: Counting objects:  88% (460/522)        [35m[plenary.nvim] [0m[36m   clone[0m[90m | [0mremote: Counting objects:  89% (465/522)        [35m[plenary.nvim] [0m[36m   clone[0m[90m | [0mremote: Counting objects:  90% (470/522)        [35m[plenary.nvim] [0m[36m   clone[0m[90m | [0mremote: Counting objects:  91% (476/522)        [35m[plenary.nvim] [0m[36m   clone[0m[90m | [0mremote: Counting objects:  92% (481/522)        [35m[plenary.nvim] [0m[36m   clone[0m[90m | [0mremote: Counting objects:  93% (486/522)        [35m[plenary.nvim] [0m[36m   clone[0m[90m | [0mremote: Counting objects:  94% (491/522)        [35m[plenary.nvim] [0m[36m   clone[0m[90m | [0mremote: Counting objects:  95% (496/522)        [35m[plenary.nvim] [0m[36m   clone[0m[90m | [0mremote: Counting objects:  96% (502/522)        [35m[plenary.nvim] [0m[36m   clone[0m[90m | [0mremote: Counting objects:  97% (507/522)        [35m[plenary.nvim] [0m[36m   clone[0m[90m | [0mremote: Counting objects:  98% (512/522)        [35m[plenary.nvim] [0m[36m   clone[0m[90m | [0mremote: Counting objects:  99% (517/522)        [35m[plenary.nvim] [0m[36m   clone[0m[90m | [0mremote: Counting objects: 100% (522/522)        [35m[plenary.nvim] [0m[36m   clone[0m[90m | [0mremote: Counting objects: 100% (522/522), done.        
[35m[plenary.nvim] [0m[36m   clone[0m[90m | [0mremote: Compressing objects:   1% (1/82)        [35m[plenary.nvim] [0m[36m   clone[0m[90m | [0mremote: Compressing objects:   2% (2/82)        [35m[plenary.nvim] [0m[36m   clone[0m[90m | [0mremote: Compressing objects:   3% (3/82)        [35m[plenary.nvim] [0m[36m   clone[0m[90m | [0mremote: Compressing objects:   4% (4/82)        [35m[plenary.nvim] [0m[36m   clone[0m[90m | [0mremote: Compressing objects:   6% (5/82)        [35m[plenary.nvim] [0m[36m   clone[0m[90m | [0mremote: Compressing objects:   7% (6/82)        [35m[plenary.nvim] [0m[36m   clone[0m[90m | [0mremote: Compressing objects:   8% (7/82)        [35m[plenary.nvim] [0m[36m   clone[0m[90m | [0mremote: Compressing objects:   9% (8/82)        [35m[plenary.nvim] [0m[36m   clone[0m[90m | [0mremote: Compressing objects:  10% (9/82)        [35m[plenary.nvim] [0m[36m   clone[0m[90m | [0mremote: Compressing objects:  12% (10/82)        [35m[plenary.nvim] [0m[36m   clone[0m[90m | [0mremote: Compressing objects:  13% (11/82)        [35m[plenary.nvim] [0m[36m   clone[0m[90m | [0mremote: Compressing objects:  14% (12/82)        [35m[plenary.nvim] [0m[36m   clone[0m[90m | [0mremote: Compressing objects:  15% (13/82)        [35m[plenary.nvim] [0m[36m   clone[0m[90m | [0mremote: Compressing objects:  17% (14/82)        [35m[plenary.nvim] [0m[36m   clone[0m[90m | [0mremote: Compressing objects:  18% (15/82)        [35m[plenary.nvim] [0m[36m   clone[0m[90m | [0mremote: Compressing objects:  19% (16/82)        [35m[plenary.nvim] [0m[36m   clone[0m[90m | [0mremote: Compressing objects:  20% (17/82)        [35m[plenary.nvim] [0m[36m   clone[0m[90m | [0mremote: Compressing objects:  21% (18/82)        [35m[plenary.nvim] [0m[36m   clone[0m[90m | [0mremote: Compressing objects:  23% (19/82)        [35m[plenary.nvim] [0m[36m   clone[0m[90m | [0mremote: Compressing objects:  24% (20/82)        [35m[plenary.nvim] [0m[36m   clone[0m[90m | [0mremote: Compressing objects:  25% (21/82)        [35m[plenary.nvim] [0m[36m   clone[0m[90m | [0mremote: Compressing objects:  26% (22/82)        [35m[plenary.nvim] [0m[36m   clone[0m[90m | [0mremote: Compressing objects:  28% (23/82)        [35m[plenary.nvim] [0m[36m   clone[0m[90m | [0mremote: Compressing objects:  29% (24/82)        [35m[plenary.nvim] [0m[36m   clone[0m[90m | [0mremote: Compressing objects:  30% (25/82)        [35m[plenary.nvim] [0m[36m   clone[0m[90m | [0mremote: Compressing objects:  31% (26/82)        [35m[plenary.nvim] [0m[36m   clone[0m[90m | [0mremote: Compressing objects:  32% (27/82)        [35m[plenary.nvim] [0m[36m   clone[0m[90m | [0mremote: Compressing objects:  34% (28/82)        [35m[plenary.nvim] [0m[36m   clone[0m[90m | [0mremote: Compressing objects:  35% (29/82)        [35m[plenary.nvim] [0m[36m   clone[0m[90m | [0mremote: Compressing objects:  36% (30/82)        [35m[plenary.nvim] [0m[36m   clone[0m[90m | [0mremote: Compressing objects:  37% (31/82)        [35m[plenary.nvim] [0m[36m   clone[0m[90m | [0mremote: Compressing objects:  39% (32/82)        [35m[plenary.nvim] [0m[36m   clone[0m[90m | [0mremote: Compressing objects:  40% (33/82)        [35m[plenary.nvim] [0m[36m   clone[0m[90m | [0mremote: Compressing objects:  41% (34/82)        [35m[plenary.nvim] [0m[36m   clone[0m[90m | [0mremote: Compressing objects:  42% (35/82)        [35m[plenary.nvim] [0m[36m   clone[0m[90m | [0mremote: Compressing objects:  43% (36/82)        [35m[plenary.nvim] [0m[36m   clone[0m[90m | [0mremote: Compressing objects:  45% (37/82)        [35m[plenary.nvim] [0m[36m   clone[0m[90m | [0mremote: Compressing objects:  46% (38/82)        [35m[plenary.nvim] [0m[36m   clone[0m[90m | [0mremote: Compressing objects:  47% (39/82)        [35m[plenary.nvim] [0m[36m   clone[0m[90m | [0mremote: Compressing objects:  48% (40/82)        [35m[plenary.nvim] [0m[36m   clone[0m[90m | [0mremote: Compressing objects:  50% (41/82)        [35m[plenary.nvim] [0m[36m   clone[0m[90m | [0mremote: Compressing objects:  51% (42/82)        [35m[plenary.nvim] [0m[36m   clone[0m[90m | [0mremote: Compressing objects:  52% (43/82)        [35m[plenary.nvim] [0m[36m   clone[0m[90m | [0mremote: Compressing objects:  53% (44/82)        [35m[plenary.nvim] [0m[36m   clone[0m[90m | [0mremote: Compressing objects:  54% (45/82)        [35m[plenary.nvim] [0m[36m   clone[0m[90m | [0mremote: Compressing objects:  56% (46/82)        [35m[plenary.nvim] [0m[36m   clone[0m[90m | [0mremote: Compressing objects:  57% (47/82)        [35m[plenary.nvim] [0m[36m   clone[0m[90m | [0mremote: Compressing objects:  58% (48/82)        [35m[plenary.nvim] [0m[36m   clone[0m[90m | [0mremote: Compressing objects:  59% (49/82)        [35m[plenary.nvim] [0m[36m   clone[0m[90m | [0mremote: Compressing objects:  60% (50/82)        [35m[plenary.nvim] [0m[36m   clone[0m[90m | [0mremote: Compressing objects:  62% (51/82)        [35m[plenary.nvim] [0m[36m   clone[0m[90m | [0mremote: Compressing objects:  63% (52/82)        [35m[plenary.nvim] [0m[36m   clone[0m[90m | [0mremote: Compressing objects:  64% (53/82)        [35m[plenary.nvim] [0m[36m   clone[0m[90m | [0mremote: Compressing objects:  65% (54/82)        [35m[plenary.nvim] [0m[36m   clone[0m[90m | [0mremote: Compressing objects:  67% (55/82)        [35m[plenary.nvim] [0m[36m   clone[0m[90m | [0mremote: Compressing objects:  68% (56/82)        [35m[plenary.nvim] [0m[36m   clone[0m[90m | [0mremote: Compressing objects:  69% (57/82)        [35m[plenary.nvim] [0m[36m   clone[0m[90m | [0mremote: Compressing objects:  70% (58/82)        [35m[plenary.nvim] [0m[36m   clone[0m[90m | [0mremote: Compressing objects:  71% (59/82)        [35m[plenary.nvim] [0m[36m   clone[0m[90m | [0mremote: Compressing objects:  73% (60/82)        [35m[plenary.nvim] [0m[36m   clone[0m[90m | [0mremote: Compressing objects:  74% (61/82)        [35m[plenary.nvim] [0m[36m   clone[0m[90m | [0mremote: Compressing objects:  75% (62/82)        [35m[plenary.nvim] [0m[36m   clone[0m[90m | [0mremote: Compressing objects:  76% (63/82)        [35m[plenary.nvim] [0m[36m   clone[0m[90m | [0mremote: Compressing objects:  78% (64/82)        [35m[plenary.nvim] [0m[36m   clone[0m[90m | [0mremote: Compressing objects:  79% (65/82)        [35m[plenary.nvim] [0m[36m   clone[0m[90m | [0mremote: Compressing objects:  80% (66/82)        [35m[plenary.nvim] [0m[36m   clone[0m[90m | [0mremote: Compressing objects:  81% (67/82)        [35m[plenary.nvim] [0m[36m   clone[0m[90m | [0mremote: Compressing objects:  82% (68/82)        [35m[plenary.nvim] [0m[36m   clone[0m[90m | [0mremote: Compressing objects:  84% (69/82)        [35m[plenary.nvim] [0m[36m   clone[0m[90m | [0mremote: Compressing objects:  85% (70/82)        [35m[plenary.nvim] [0m[36m   clone[0m[90m | [0mremote: Compressing objects:  86% (71/82)        [35m[plenary.nvim] [0m[36m   clone[0m[90m | [0mremote: Compressing objects:  87% (72/82)        [35m[plenary.nvim] [0m[36m   clone[0m[90m | [0mremote: Compressing objects:  89% (73/82)        [35m[plenary.nvim] [0m[36m   clone[0m[90m | [0mremote: Compressing objects:  90% (74/82)        [35m[plenary.nvim] [0m[36m   clone[0m[90m | [0mremote: Compressing objects:  91% (75/82)        [35m[plenary.nvim] [0m[36m   clone[0m[90m | [0mremote: Compressing objects:  92% (76/82)        [35m[plenary.nvim] [0m[36m   clone[0m[90m | [0mremote: Compressing objects:  93% (77/82)        [35m[plenary.nvim] [0m[36m   clone[0m[90m | [0mremote: Compressing objects:  95% (78/82)        [35m[plenary.nvim] [0m[36m   clone[0m[90m | [0mremote: Compressing objects:  96% (79/82)        [35m[plenary.nvim] [0m[36m   clone[0m[90m | [0mremote: Compressing objects:  97% (80/82)        [35m[plenary.nvim] [0m[36m   clone[0m[90m | [0mremote: Compressing objects:  98% (81/82)        [35m[plenary.nvim] [0m[36m   clone[0m[90m | [0mremote: Compressing objects: 100% (82/82)        [35m[plenary.nvim] [0m[36m   clone[0m[90m | [0mremote: Compressing objects: 100% (82/82), done.        
[35m[plenary.nvim] [0m[36m   clone[0m[90m | [0mReceiving objects:   0% (1/2047)[35m[plenary.nvim] [0m[36m   clone[0m[90m | [0mReceiving objects:   1% (21/2047)[35m[plenary.nvim] [0m[36m   clone[0m[90m | [0mReceiving objects:   2% (41/2047)[35m[plenary.nvim] [0m[36m   clone[0m[90m | [0mReceiving objects:   3% (62/2047)[35m[plenary.nvim] [0m[36m   clone[0m[90m | [0mReceiving objects:   4% (82/2047)[35m[plenary.nvim] [0m[36m   clone[0m[90m | [0mReceiving objects:   5% (103/2047)[35m[plenary.nvim] [0m[36m   clone[0m[90m | [0mReceiving objects:   6% (123/2047)[35m[plenary.nvim] [0m[36m   clone[0m[90m | [0mReceiving objects:   7% (144/2047)[35m[project.nvim] [0m[36m   clone[0m[90m | [0mremote: Enumerating objects: 380, done.        
[35m[project.nvim] [0m[36m   clone[0m[90m | [0mremote: Counting objects:   5% (1/20)        [35m[project.nvim] [0m[36m   clone[0m[90m | [0mremote: Counting objects:  10% (2/20)        [35m[project.nvim] [0m[36m   clone[0m[90m | [0mremote: Counting objects:  15% (3/20)        [35m[project.nvim] [0m[36m   clone[0m[90m | [0mremote: Counting objects:  20% (4/20)        [35m[project.nvim] [0m[36m   clone[0m[90m | [0mremote: Counting objects:  25% (5/20)        [35m[project.nvim] [0m[36m   clone[0m[90m | [0mremote: Counting objects:  30% (6/20)        [35m[project.nvim] [0m[36m   clone[0m[90m | [0mremote: Counting objects:  35% (7/20)        [35m[project.nvim] [0m[36m   clone[0m[90m | [0mremote: Counting objects:  40% (8/20)        [35m[project.nvim] [0m[36m   clone[0m[90m | [0mremote: Counting objects:  45% (9/20)        [35m[project.nvim] [0m[36m   clone[0m[90m | [0mremote: Counting objects:  50% (10/20)        [35m[project.nvim] [0m[36m   clone[0m[90m | [0mremote: Counting objects:  55% (11/20)        [35m[project.nvim] [0m[36m   clone[0m[90m | [0mremote: Counting objects:  60% (12/20)        [35m[project.nvim] [0m[36m   clone[0m[90m | [0mremote: Counting objects:  65% (13/20)        [35m[project.nvim] [0m[36m   clone[0m[90m | [0mremote: Counting objects:  70% (14/20)        [35m[project.nvim] [0m[36m   clone[0m[90m | [0mremote: Counting objects:  75% (15/20)        [35m[project.nvim] [0m[36m   clone[0m[90m | [0mremote: Counting objects:  80% (16/20)        [35m[project.nvim] [0m[36m   clone[0m[90m | [0mremote: Counting objects:  85% (17/20)        [35m[project.nvim] [0m[36m   clone[0m[90m | [0mremote: Counting objects:  90% (18/20)        [35m[project.nvim] [0m[36m   clone[0m[90m | [0mremote: Counting objects:  95% (19/20)        [35m[project.nvim] [0m[36m   clone[0m[90m | [0mremote: Counting objects: 100% (20/20)        [35m[project.nvim] [0m[36m   clone[0m[90m | [0mremote: Counting objects: 100% (20/20), done.        
[35m[project.nvim] [0m[36m   clone[0m[90m | [0mremote: Compressing objects:   6% (1/16)        [35m[project.nvim] [0m[36m   clone[0m[90m | [0mremote: Compressing objects:  12% (2/16)        [35m[project.nvim] [0m[36m   clone[0m[90m | [0mremote: Compressing objects:  18% (3/16)        [35m[project.nvim] [0m[36m   clone[0m[90m | [0mremote: Compressing objects:  25% (4/16)        [35m[project.nvim] [0m[36m   clone[0m[90m | [0mremote: Compressing objects:  31% (5/16)        [35m[project.nvim] [0m[36m   clone[0m[90m | [0mremote: Compressing objects:  37% (6/16)        [35m[project.nvim] [0m[36m   clone[0m[90m | [0mremote: Compressing objects:  43% (7/16)        [35m[project.nvim] [0m[36m   clone[0m[90m | [0mremote: Compressing objects:  50% (8/16)        [35m[project.nvim] [0m[36m   clone[0m[90m | [0mremote: Compressing objects:  56% (9/16)        [35m[project.nvim] [0m[36m   clone[0m[90m | [0mremote: Compressing objects:  62% (10/16)        [35m[project.nvim] [0m[36m   clone[0m[90m | [0mremote: Compressing objects:  68% (11/16)        [35m[project.nvim] [0m[36m   clone[0m[90m | [0mremote: Compressing objects:  75% (12/16)        [35m[project.nvim] [0m[36m   clone[0m[90m | [0mremote: Compressing objects:  81% (13/16)        [35m[project.nvim] [0m[36m   clone[0m[90m | [0mremote: Compressing objects:  87% (14/16)        [35m[project.nvim] [0m[36m   clone[0m[90m | [0mremote: Compressing objects:  93% (15/16)        [35m[project.nvim] [0m[36m   clone[0m[90m | [0mremote: Compressing objects: 100% (16/16)        [35m[project.nvim] [0m[36m   clone[0m[90m | [0mremote: Compressing objects: 100% (16/16), done.        
[35m[plenary.nvim] [0m[36m   clone[0m[90m | [0mReceiving objects:   8% (164/2047)[35m[plenary.nvim] [0m[36m   clone[0m[90m | [0mReceiving objects:   9% (185/2047)[35m[plenary.nvim] [0m[36m   clone[0m[90m | [0mReceiving objects:  10% (205/2047)[35m[plenary.nvim] [0m[36m   clone[0m[90m | [0mReceiving objects:  11% (226/2047)[35m[auto-session] [0m[36m   clone[0m[90m | [0m[34mFinished task clone in 16883ms[0m
[35m[plenary.nvim] [0m[36m   clone[0m[90m | [0mReceiving objects:  12% (246/2047)[35m[auto-session] [0m[36mcheckout[0m[90m | [0m[34mRunning task checkout[0m
[35m[auto-session] [0m[36mcheckout[0m[90m | [0m[34mFinished task checkout in 20ms[0m
[35m[auto-session] [0m[36m    docs[0m[90m | [0m[34mRunning task docs[0m
[35m[auto-session] [0m[36m    docs[0m[90m | [0m
[35m[auto-session] [0m[36m    docs[0m[90m | [0m[34mFinished task docs in 33ms[0m
[35m[catppuccin] [0m[36m     clone[0m[90m | [0m[34mFinished task clone in 16944ms[0m
[35m[gitsigns.nvim] [0m[36m  clone[0m[90m | [0m[34mFinished task clone in 16944ms[0m
[35m[kulala.nvim] [0m[36m    clone[0m[90m | [0m[34mFinished task clone in 16944ms[0m
[35m[legendary.nvim] [0m[36m clone[0m[90m | [0m[34mFinished task clone in 16944ms[0m
[35m[catppuccin] [0m[36m  checkout[0m[90m | [0m[34mRunning task checkout[0m
[35m[catppuccin] [0m[36m  checkout[0m[90m | [0m[34mFinished task checkout in 6ms[0m
[35m[gitsigns.nvim] [0m[36mcheckout[0m[90m | [0m[34mRunning task checkout[0m
[35m[gitsigns.nvim] [0m[36mcheckout[0m[90m | [0m[34mFinished task checkout in 9ms[0m
[35m[kulala.nvim] [0m[36m checkout[0m[90m | [0m[34mRunning task checkout[0m
[35m[project.nvim] [0m[36m   clone[0m[90m | [0mReceiving objects:   0% (1/380)[35m[project.nvim] [0m[36m   clone[0m[90m | [0mReceiving objects:   1% (4/380)[35m[project.nvim] [0m[36m   clone[0m[90m | [0mReceiving objects:   2% (8/380)[35m[project.nvim] [0m[36m   clone[0m[90m | [0mReceiving objects:   3% (12/380)[35m[project.nvim] [0m[36m   clone[0m[90m | [0mReceiving objects:   4% (16/380)[35m[project.nvim] [0m[36m   clone[0m[90m | [0mReceiving objects:   5% (19/380)[35m[project.nvim] [0m[36m   clone[0m[90m | [0mReceiving objects:   6% (23/380)[35m[project.nvim] [0m[36m   clone[0m[90m | [0mReceiving objects:   7% (27/380)[35m[project.nvim] [0m[36m   clone[0m[90m | [0mReceiving objects:   8% (31/380)[35m[project.nvim] [0m[36m   clone[0m[90m | [0mReceiving objects:   9% (35/380)[35m[project.nvim] [0m[36m   clone[0m[90m | [0mReceiving objects:  10% (38/380)[35m[project.nvim] [0m[36m   clone[0m[90m | [0mReceiving objects:  11% (42/380)[35m[legendary.nvim] [0m[36mcheckout[0m[90m | [0m[34mRunning task checkout[0m
[35m[legendary.nvim] [0m[36mcheckout[0m[90m | [0m[34mFinished task checkout in 28ms[0m
[35m[project.nvim] [0m[36m   clone[0m[90m | [0mReceiving objects:  12% (46/380)[35m[project.nvim] [0m[36m   clone[0m[90m | [0mReceiving objects:  13% (50/380)[35m[project.nvim] [0m[36m   clone[0m[90m | [0mReceiving objects:  14% (54/380)[35m[project.nvim] [0m[36m   clone[0m[90m | [0mReceiving objects:  15% (57/380)[35m[project.nvim] [0m[36m   clone[0m[90m | [0mReceiving objects:  16% (61/380)[35m[project.nvim] [0m[36m   clone[0m[90m | [0mReceiving objects:  17% (65/380)[35m[project.nvim] [0m[36m   clone[0m[90m | [0mReceiving objects:  18% (69/380)[35m[project.nvim] [0m[36m   clone[0m[90m | [0mReceiving objects:  19% (73/380)[35m[project.nvim] [0m[36m   clone[0m[90m | [0mReceiving objects:  20% (76/380)[35m[project.nvim] [0m[36m   clone[0m[90m | [0mReceiving objects:  21% (80/380)[35m[project.nvim] [0m[36m   clone[0m[90m | [0mReceiving objects:  22% (84/380)[35m[project.nvim] [0m[36m   clone[0m[90m | [0mReceiving objects:  23% (88/380)[35m[project.nvim] [0m[36m   clone[0m[90m | [0mReceiving objects:  24% (92/380)[35m[project.nvim] [0m[36m   clone[0m[90m | [0mReceiving objects:  25% (95/380)[35m[project.nvim] [0m[36m   clone[0m[90m | [0mReceiving objects:  26% (99/380)[35m[project.nvim] [0m[36m   clone[0m[90m | [0mReceiving objects:  27% (103/380)[35m[project.nvim] [0m[36m   clone[0m[90m | [0mReceiving objects:  28% (107/380)[35m[project.nvim] [0m[36m   clone[0m[90m | [0mReceiving objects:  29% (111/380)[35m[project.nvim] [0m[36m   clone[0m[90m | [0mReceiving objects:  30% (114/380)[35m[project.nvim] [0m[36m   clone[0m[90m | [0mReceiving objects:  31% (118/380)[35m[project.nvim] [0m[36m   clone[0m[90m | [0mReceiving objects:  32% (122/380)[35m[project.nvim] [0m[36m   clone[0m[90m | [0mReceiving objects:  33% (126/380)[35m[project.nvim] [0m[36m   clone[0m[90m | [0mReceiving objects:  34% (130/380)[35m[project.nvim] [0m[36m   clone[0m[90m | [0mReceiving objects:  35% (133/380)[35m[project.nvim] [0m[36m   clone[0m[90m | [0mReceiving objects:  36% (137/380)[35m[project.nvim] [0m[36m   clone[0m[90m | [0mReceiving objects:  37% (141/380)[35m[project.nvim] [0m[36m   clone[0m[90m | [0mReceiving objects:  38% (145/380)[35m[project.nvim] [0m[36m   clone[0m[90m | [0mReceiving objects:  39% (149/380)[35m[project.nvim] [0m[36m   clone[0m[90m | [0mReceiving objects:  40% (152/380)[35m[project.nvim] [0m[36m   clone[0m[90m | [0mReceiving objects:  41% (156/380)[35m[project.nvim] [0m[36m   clone[0m[90m | [0mReceiving objects:  42% (160/380)[35m[project.nvim] [0m[36m   clone[0m[90m | [0mReceiving objects:  43% (164/380)[35m[project.nvim] [0m[36m   clone[0m[90m | [0mReceiving objects:  44% (168/380)[35m[project.nvim] [0m[36m   clone[0m[90m | [0mReceiving objects:  45% (171/380)[35m[project.nvim] [0m[36m   clone[0m[90m | [0mReceiving objects:  46% (175/380)[35m[project.nvim] [0m[36m   clone[0m[90m | [0mReceiving objects:  47% (179/380)[35m[project.nvim] [0m[36m   clone[0m[90m | [0mReceiving objects:  48% (183/380)[35m[project.nvim] [0m[36m   clone[0m[90m | [0mReceiving objects:  49% (187/380)[35m[project.nvim] [0m[36m   clone[0m[90m | [0mReceiving objects:  50% (190/380)[35m[project.nvim] [0m[36m   clone[0m[90m | [0mReceiving objects:  51% (194/380)[35m[project.nvim] [0m[36m   clone[0m[90m | [0mReceiving objects:  52% (198/380)[35m[project.nvim] [0m[36m   clone[0m[90m | [0mReceiving objects:  53% (202/380)[35m[project.nvim] [0m[36m   clone[0m[90m | [0mReceiving objects:  54% (206/380)[35m[project.nvim] [0m[36m   clone[0m[90m | [0mReceiving objects:  55% (209/380)[35m[project.nvim] [0m[36m   clone[0m[90m | [0mReceiving objects:  56% (213/380)[35m[project.nvim] [0m[36m   clone[0m[90m | [0mReceiving objects:  57% (217/380)[35m[project.nvim] [0m[36m   clone[0m[90m | [0mReceiving objects:  58% (221/380)[35m[project.nvim] [0m[36m   clone[0m[90m | [0mReceiving objects:  59% (225/380)[35m[project.nvim] [0m[36m   clone[0m[90m | [0mReceiving objects:  60% (228/380)[35m[project.nvim] [0m[36m   clone[0m[90m | [0mReceiving objects:  61% (232/380)[35m[project.nvim] [0m[36m   clone[0m[90m | [0mReceiving objects:  62% (236/380)[35m[project.nvim] [0m[36m   clone[0m[90m | [0mReceiving objects:  63% (240/380)[35m[project.nvim] [0m[36m   clone[0m[90m | [0mReceiving objects:  64% (244/380)[35m[project.nvim] [0m[36m   clone[0m[90m | [0mReceiving objects:  65% (247/380)[35m[project.nvim] [0m[36m   clone[0m[90m | [0mReceiving objects:  66% (251/380)[35m[project.nvim] [0m[36m   clone[0m[90m | [0mReceiving objects:  67% (255/380)[35m[project.nvim] [0m[36m   clone[0m[90m | [0mReceiving objects:  68% (259/380)[35m[project.nvim] [0m[36m   clone[0m[90m | [0mReceiving objects:  69% (263/380)[35m[project.nvim] [0m[36m   clone[0m[90m | [0mReceiving objects:  70% (266/380)[35m[project.nvim] [0m[36m   clone[0m[90m | [0mReceiving objects:  71% (270/380)[35m[project.nvim] [0m[36m   clone[0m[90m | [0mReceiving objects:  72% (274/380)[35m[project.nvim] [0m[36m   clone[0m[90m | [0mReceiving objects:  73% (278/380)[35m[project.nvim] [0m[36m   clone[0m[90m | [0mReceiving objects:  74% (282/380)[35m[project.nvim] [0m[36m   clone[0m[90m | [0mReceiving objects:  75% (285/380)[35m[project.nvim] [0m[36m   clone[0m[90m | [0mReceiving objects:  76% (289/380)[35m[project.nvim] [0m[36m   clone[0m[90m | [0mReceiving objects:  77% (293/380)[35m[project.nvim] [0m[36m   clone[0m[90m | [0mReceiving objects:  78% (297/380)[35m[project.nvim] [0m[36m   clone[0m[90m | [0mReceiving objects:  79% (301/380)[35m[project.nvim] [0m[36m   clone[0m[90m | [0mReceiving objects:  80% (304/380)[35m[project.nvim] [0m[36m   clone[0m[90m | [0mReceiving objects:  81% (308/380)[35m[project.nvim] [0m[36m   clone[0m[90m | [0mReceiving objects:  82% (312/380)[35m[project.nvim] [0m[36m   clone[0m[90m | [0mReceiving objects:  83% (316/380)[35m[project.nvim] [0m[36m   clone[0m[90m | [0mReceiving objects:  84% (320/380)[35m[project.nvim] [0m[36m   clone[0m[90m | [0mReceiving objects:  85% (323/380)[35m[project.nvim] [0m[36m   clone[0m[90m | [0mReceiving objects:  86% (327/380)[35m[project.nvim] [0m[36m   clone[0m[90m | [0mReceiving objects:  87% (331/380)[35m[project.nvim] [0m[36m   clone[0m[90m | [0mReceiving objects:  88% (335/380)[35m[project.nvim] [0m[36m   clone[0m[90m | [0mReceiving objects:  89% (339/380)[35m[project.nvim] [0m[36m   clone[0m[90m | [0mReceiving objects:  90% (342/380)[35m[project.nvim] [0m[36m   clone[0m[90m | [0mReceiving objects:  91% (346/380)[35m[project.nvim] [0m[36m   clone[0m[90m | [0mReceiving objects:  92% (350/380)[35m[project.nvim] [0m[36m   clone[0m[90m | [0mremote: Total 380 (delta 6), reused 4 (delta 4), pack-reused 360 (from 1)        
[35m[project.nvim] [0m[36m   clone[0m[90m | [0mReceiving objects:  93% (354/380)[35m[project.nvim] [0m[36m   clone[0m[90m | [0mReceiving objects:  94% (358/380)[35m[project.nvim] [0m[36m   clone[0m[90m | [0mReceiving objects:  95% (361/380)[35m[project.nvim] [0m[36m   clone[0m[90m | [0mReceiving objects:  96% (365/380)[35m[project.nvim] [0m[36m   clone[0m[90m | [0mReceiving objects:  97% (369/380)[35m[project.nvim] [0m[36m   clone[0m[90m | [0mReceiving objects:  98% (373/380)[35m[project.nvim] [0m[36m   clone[0m[90m | [0mReceiving objects:  99% (377/380)[35m[project.nvim] [0m[36m   clone[0m[90m | [0mReceiving objects: 100% (380/380)[35m[project.nvim] [0m[36m   clone[0m[90m | [0mReceiving objects: 100% (380/380), 54.11 KiB | 527.00 KiB/s, done.
[35m[project.nvim] [0m[36m   clone[0m[90m | [0mResolving deltas:   0% (0/64)[35m[project.nvim] [0m[36m   clone[0m[90m | [0mResolving deltas:   1% (1/64)[35m[project.nvim] [0m[36m   clone[0m[90m | [0mResolving deltas:   3% (2/64)[35m[project.nvim] [0m[36m   clone[0m[90m | [0mResolving deltas:   4% (3/64)[35m[project.nvim] [0m[36m   clone[0m[90m | [0mResolving deltas:   6% (4/64)[35m[project.nvim] [0m[36m   clone[0m[90m | [0mResolving deltas:   7% (5/64)[35m[project.nvim] [0m[36m   clone[0m[90m | [0mResolving deltas:   9% (6/64)[35m[project.nvim] [0m[36m   clone[0m[90m | [0mResolving deltas:  10% (7/64)[35m[project.nvim] [0m[36m   clone[0m[90m | [0mResolving deltas:  12% (8/64)[35m[project.nvim] [0m[36m   clone[0m[90m | [0mResolving deltas:  14% (9/64)[35m[project.nvim] [0m[36m   clone[0m[90m | [0mResolving deltas:  15% (10/64)[35m[project.nvim] [0m[36m   clone[0m[90m | [0mResolving deltas:  17% (11/64)[35m[project.nvim] [0m[36m   clone[0m[90m | [0mResolving deltas:  18% (12/64)[35m[project.nvim] [0m[36m   clone[0m[90m | [0mResolving deltas:  23% (15/64)[35m[project.nvim] [0m[36m   clone[0m[90m | [0mResolving deltas:  25% (16/64)[35m[project.nvim] [0m[36m   clone[0m[90m | [0mResolving deltas:  26% (17/64)[35m[project.nvim] [0m[36m   clone[0m[90m | [0mResolving deltas:  28% (18/64)[35m[project.nvim] [0m[36m   clone[0m[90m | [0mResolving deltas:  29% (19/64)[35m[project.nvim] [0m[36m   clone[0m[90m | [0mResolving deltas:  31% (20/64)[35m[project.nvim] [0m[36m   clone[0m[90m | [0mResolving deltas:  32% (21/64)[35m[project.nvim] [0m[36m   clone[0m[90m | [0mResolving deltas:  34% (22/64)[35m[project.nvim] [0m[36m   clone[0m[90m | [0mResolving deltas:  35% (23/64)[35m[project.nvim] [0m[36m   clone[0m[90m | [0mResolving deltas:  37% (24/64)[35m[project.nvim] [0m[36m   clone[0m[90m | [0mResolving deltas:  40% (26/64)[35m[project.nvim] [0m[36m   clone[0m[90m | [0mResolving deltas:  42% (27/64)[35m[project.nvim] [0m[36m   clone[0m[90m | [0mResolving deltas:  43% (28/64)[35m[project.nvim] [0m[36m   clone[0m[90m | [0mResolving deltas:  45% (29/64)[35m[project.nvim] [0m[36m   clone[0m[90m | [0mResolving deltas:  48% (31/64)[35m[project.nvim] [0m[36m   clone[0m[90m | [0mResolving deltas:  50% (32/64)[35m[project.nvim] [0m[36m   clone[0m[90m | [0mResolving deltas:  51% (33/64)[35m[project.nvim] [0m[36m   clone[0m[90m | [0mResolving deltas:  53% (34/64)[35m[project.nvim] [0m[36m   clone[0m[90m | [0mResolving deltas:  54% (35/64)[35m[project.nvim] [0m[36m   clone[0m[90m | [0mResolving deltas:  59% (38/64)[35m[project.nvim] [0m[36m   clone[0m[90m | [0mResolving deltas:  60% (39/64)[35m[project.nvim] [0m[36m   clone[0m[90m | [0mResolving deltas:  62% (40/64)[35m[project.nvim] [0m[36m   clone[0m[90m | [0mResolving deltas:  64% (41/64)[35m[project.nvim] [0m[36m   clone[0m[90m | [0mResolving deltas:  65% (42/64)[35m[project.nvim] [0m[36m   clone[0m[90m | [0mResolving deltas:  67% (43/64)[35m[project.nvim] [0m[36m   clone[0m[90m | [0mResolving deltas:  70% (45/64)[35m[project.nvim] [0m[36m   clone[0m[90m | [0mResolving deltas:  71% (46/64)[35m[project.nvim] [0m[36m   clone[0m[90m | [0mResolving deltas:  73% (47/64)[35m[project.nvim] [0m[36m   clone[0m[90m | [0mResolving deltas:  75% (48/64)[35m[project.nvim] [0m[36m   clone[0m[90m | [0mResolving deltas:  76% (49/64)[35m[project.nvim] [0m[36m   clone[0m[90m | [0mResolving deltas:  78% (50/64)[35m[project.nvim] [0m[36m   clone[0m[90m | [0mResolving deltas:  82% (53/64)[35m[project.nvim] [0m[36m   clone[0m[90m | [0mResolving deltas:  85% (55/64)[35m[project.nvim] [0m[36m   clone[0m[90m | [0mResolving deltas:  87% (56/64)[35m[project.nvim] [0m[36m   clone[0m[90m | [0mResolving deltas:  89% (57/64)[35m[project.nvim] [0m[36m   clone[0m[90m | [0mResolving deltas:  90% (58/64)[35m[project.nvim] [0m[36m   clone[0m[90m | [0mResolving deltas:  92% (59/64)[35m[project.nvim] [0m[36m   clone[0m[90m | [0mResolving deltas:  93% (60/64)[35m[project.nvim] [0m[36m   clone[0m[90m | [0mResolving deltas:  95% (61/64)[35m[project.nvim] [0m[36m   clone[0m[90m | [0mResolving deltas:  96% (62/64)[35m[project.nvim] [0m[36m   clone[0m[90m | [0mResolving deltas:  98% (63/64)[35m[project.nvim] [0m[36m   clone[0m[90m | [0mResolving deltas: 100% (64/64)[35m[project.nvim] [0m[36m   clone[0m[90m | [0mResolving deltas: 100% (64/64), done.
[35m[plenary.nvim] [0m[36m   clone[0m[90m | [0mReceiving objects:  13% (267/2047)[35m[plenary.nvim] [0m[36m   clone[0m[90m | [0mReceiving objects:  14% (287/2047)[35m[plenary.nvim] [0m[36m   clone[0m[90m | [0mReceiving objects:  15% (308/2047)[35m[plenary.nvim] [0m[36m   clone[0m[90m | [0mReceiving objects:  16% (328/2047)[35m[plenary.nvim] [0m[36m   clone[0m[90m | [0mReceiving objects:  17% (348/2047)[35m[plenary.nvim] [0m[36m   clone[0m[90m | [0mReceiving objects:  18% (369/2047)[35m[plenary.nvim] [0m[36m   clone[0m[90m | [0mReceiving objects:  19% (389/2047)[35m[plenary.nvim] [0m[36m   clone[0m[90m | [0mReceiving objects:  20% (410/2047)[35m[plenary.nvim] [0m[36m   clone[0m[90m | [0mReceiving objects:  21% (430/2047)[35m[plenary.nvim] [0m[36m   clone[0m[90m | [0mReceiving objects:  22% (451/2047)[35m[plenary.nvim] [0m[36m   clone[0m[90m | [0mReceiving objects:  23% (471/2047)[35m[plenary.nvim] [0m[36m   clone[0m[90m | [0mReceiving objects:  24% (492/2047)[35m[plenary.nvim] [0m[36m   clone[0m[90m | [0mReceiving objects:  25% (512/2047)[35m[plenary.nvim] [0m[36m   clone[0m[90m | [0mReceiving objects:  26% (533/2047)[35m[plenary.nvim] [0m[36m   clone[0m[90m | [0mReceiving objects:  27% (553/2047)[35m[plenary.nvim] [0m[36m   clone[0m[90m | [0mReceiving objects:  28% (574/2047)[35m[plenary.nvim] [0m[36m   clone[0m[90m | [0mReceiving objects:  29% (594/2047)[35m[plenary.nvim] [0m[36m   clone[0m[90m | [0mReceiving objects:  30% (615/2047)[35m[plenary.nvim] [0m[36m   clone[0m[90m | [0mReceiving objects:  31% (635/2047)[35m[plenary.nvim] [0m[36m   clone[0m[90m | [0mReceiving objects:  32% (656/2047)[35m[plenary.nvim] [0m[36m   clone[0m[90m | [0mReceiving objects:  33% (676/2047)[35m[plenary.nvim] [0m[36m   clone[0m[90m | [0mReceiving objects:  34% (696/2047)[35m[plenary.nvim] [0m[36m   clone[0m[90m | [0mReceiving objects:  35% (717/2047)[35m[plenary.nvim] [0m[36m   clone[0m[90m | [0mReceiving objects:  36% (737/2047)[35m[plenary.nvim] [0m[36m   clone[0m[90m | [0mReceiving objects:  37% (758/2047)[35m[plenary.nvim] [0m[36m   clone[0m[90m | [0mReceiving objects:  38% (778/2047)[35m[plenary.nvim] [0m[36m   clone[0m[90m | [0mReceiving objects:  39% (799/2047)[35m[plenary.nvim] [0m[36m   clone[0m[90m | [0mReceiving objects:  40% (819/2047)[35m[plenary.nvim] [0m[36m   clone[0m[90m | [0mReceiving objects:  41% (840/2047)[35m[plenary.nvim] [0m[36m   clone[0m[90m | [0mReceiving objects:  42% (860/2047)[35m[plenary.nvim] [0m[36m   clone[0m[90m | [0mReceiving objects:  43% (881/2047)[35m[plenary.nvim] [0m[36m   clone[0m[90m | [0mReceiving objects:  44% (901/2047)[35m[plenary.nvim] [0m[36m   clone[0m[90m | [0mReceiving objects:  45% (922/2047)[35m[plenary.nvim] [0m[36m   clone[0m[90m | [0mReceiving objects:  46% (942/2047)[35m[plenary.nvim] [0m[36m   clone[0m[90m | [0mReceiving objects:  47% (963/2047)[35m[plenary.nvim] [0m[36m   clone[0m[90m | [0mReceiving objects:  48% (983/2047)[35m[plenary.nvim] [0m[36m   clone[0m[90m | [0mReceiving objects:  49% (1004/2047)[35m[plenary.nvim] [0m[36m   clone[0m[90m | [0mReceiving objects:  50% (1024/2047)[35m[plenary.nvim] [0m[36m   clone[0m[90m | [0mReceiving objects:  51% (1044/2047)[35m[plenary.nvim] [0m[36m   clone[0m[90m | [0mReceiving objects:  52% (1065/2047)[35m[plenary.nvim] [0m[36m   clone[0m[90m | [0mReceiving objects:  53% (1085/2047)[35m[plenary.nvim] [0m[36m   clone[0m[90m | [0mReceiving objects:  54% (1106/2047)[35m[plenary.nvim] [0m[36m   clone[0m[90m | [0mReceiving objects:  55% (1126/2047)[35m[plenary.nvim] [0m[36m   clone[0m[90m | [0mReceiving objects:  56% (1147/2047)[35m[plenary.nvim] [0m[36m   clone[0m[90m | [0mReceiving objects:  57% (1167/2047)[35m[plenary.nvim] [0m[36m   clone[0m[90m | [0mReceiving objects:  58% (1188/2047)[35m[plenary.nvim] [0m[36m   clone[0m[90m | [0mReceiving objects:  59% (1208/2047)[35m[plenary.nvim] [0m[36m   clone[0m[90m | [0mReceiving objects:  60% (1229/2047)[35m[plenary.nvim] [0m[36m   clone[0m[90m | [0mReceiving objects:  61% (1249/2047)[35m[plenary.nvim] [0m[36m   clone[0m[90m | [0mReceiving objects:  62% (1270/2047)[35m[plenary.nvim] [0m[36m   clone[0m[90m | [0mReceiving objects:  63% (1290/2047)[35m[plenary.nvim] [0m[36m   clone[0m[90m | [0mReceiving objects:  64% (1311/2047)[35m[plenary.nvim] [0m[36m   clone[0m[90m | [0mReceiving objects:  65% (1331/2047)[35m[plenary.nvim] [0m[36m   clone[0m[90m | [0mReceiving objects:  66% (1352/2047)[35m[plenary.nvim] [0m[36m   clone[0m[90m | [0mReceiving objects:  67% (1372/2047)[35m[plenary.nvim] [0m[36m   clone[0m[90m | [0mReceiving objects:  68% (1392/2047)[35m[plenary.nvim] [0m[36m   clone[0m[90m | [0mReceiving objects:  69% (1413/2047)[35m[plenary.nvim] [0m[36m   clone[0m[90m | [0mReceiving objects:  70% (1433/2047)[35m[plenary.nvim] [0m[36m   clone[0m[90m | [0mReceiving objects:  71% (1454/2047)[35m[plenary.nvim] [0m[36m   clone[0m[90m | [0mReceiving objects:  72% (1474/2047)[35m[plenary.nvim] [0m[36m   clone[0m[90m | [0mReceiving objects:  73% (1495/2047)[35m[plenary.nvim] [0m[36m   clone[0m[90m | [0mReceiving objects:  74% (1515/2047)[35m[plenary.nvim] [0m[36m   clone[0m[90m | [0mReceiving objects:  75% (1536/2047)[35m[plenary.nvim] [0m[36m   clone[0m[90m | [0mReceiving objects:  76% (1556/2047)[35m[plenary.nvim] [0m[36m   clone[0m[90m | [0mReceiving objects:  77% (1577/2047)[35m[plenary.nvim] [0m[36m   clone[0m[90m | [0mReceiving objects:  78% (1597/2047)[35m[plenary.nvim] [0m[36m   clone[0m[90m | [0mReceiving objects:  79% (1618/2047)[35m[plenary.nvim] [0m[36m   clone[0m[90m | [0mReceiving objects:  80% (1638/2047)[35m[plenary.nvim] [0m[36m   clone[0m[90m | [0mReceiving objects:  81% (1659/2047)[35m[plenary.nvim] [0m[36m   clone[0m[90m | [0mReceiving objects:  82% (1679/2047)[35m[plenary.nvim] [0m[36m   clone[0m[90m | [0mReceiving objects:  83% (1700/2047)[35m[plenary.nvim] [0m[36m   clone[0m[90m | [0mReceiving objects:  84% (1720/2047)[35m[plenary.nvim] [0m[36m   clone[0m[90m | [0mReceiving objects:  85% (1740/2047)[35m[plenary.nvim] [0m[36m   clone[0m[90m | [0mReceiving objects:  86% (1761/2047)[35m[plenary.nvim] [0m[36m   clone[0m[90m | [0mReceiving objects:  87% (1781/2047)[35m[plenary.nvim] [0m[36m   clone[0m[90m | [0mReceiving objects:  88% (1802/2047)[35m[plenary.nvim] [0m[36m   clone[0m[90m | [0mReceiving objects:  89% (1822/2047)[35m[plenary.nvim] [0m[36m   clone[0m[90m | [0mReceiving objects:  90% (1843/2047)[35m[plenary.nvim] [0m[36m   clone[0m[90m | [0mReceiving objects:  91% (1863/2047)[35m[plenary.nvim] [0m[36m   clone[0m[90m | [0mReceiving objects:  92% (1884/2047)[35m[plenary.nvim] [0m[36m   clone[0m[90m | [0mReceiving objects:  93% (1904/2047)[35m[plenary.nvim] [0m[36m   clone[0m[90m | [0mReceiving objects:  94% (1925/2047)[35m[plenary.nvim] [0m[36m   clone[0m[90m | [0mReceiving objects:  95% (1945/2047)[35m[plenary.nvim] [0m[36m   clone[0m[90m | [0mReceiving objects:  96% (1966/2047)[35m[plenary.nvim] [0m[36m   clone[0m[90m | [0mremote: Total 2047 (delta 496), reused 440 (delta 440), pack-reused 1525 (from 3)        
[35m[plenary.nvim] [0m[36m   clone[0m[90m | [0mReceiving objects:  97% (1986/2047)[35m[plenary.nvim] [0m[36m   clone[0m[90m | [0mReceiving objects:  98% (2007/2047)[35m[plenary.nvim] [0m[36m   clone[0m[90m | [0mReceiving objects:  99% (2027/2047)[35m[plenary.nvim] [0m[36m   clone[0m[90m | [0mReceiving objects: 100% (2047/2047)[35m[plenary.nvim] [0m[36m   clone[0m[90m | [0mReceiving objects: 100% (2047/2047), 356.67 KiB | 1.90 MiB/s, done.
[35m[plenary.nvim] [0m[36m   clone[0m[90m | [0mResolving deltas:   0% (0/1011)[35m[plenary.nvim] [0m[36m   clone[0m[90m | [0mResolving deltas:   1% (11/1011)[35m[plenary.nvim] [0m[36m   clone[0m[90m | [0mResolving deltas:   2% (22/1011)[35m[plenary.nvim] [0m[36m   clone[0m[90m | [0mResolving deltas:   3% (33/1011)[35m[plenary.nvim] [0m[36m   clone[0m[90m | [0mResolving deltas:   4% (41/1011)[35m[plenary.nvim] [0m[36m   clone[0m[90m | [0mResolving deltas:   5% (53/1011)[35m[plenary.nvim] [0m[36m   clone[0m[90m | [0mResolving deltas:   6% (61/1011)[35m[plenary.nvim] [0m[36m   clone[0m[90m | [0mResolving deltas:   7% (71/1011)[35m[plenary.nvim] [0m[36m   clone[0m[90m | [0mResolving deltas:   8% (81/1011)[35m[plenary.nvim] [0m[36m   clone[0m[90m | [0mResolving deltas:   9% (91/1011)[35m[plenary.nvim] [0m[36m   clone[0m[90m | [0mResolving deltas:  10% (105/1011)[35m[plenary.nvim] [0m[36m   clone[0m[90m | [0mResolving deltas:  11% (112/1011)[35m[plenary.nvim] [0m[36m   clone[0m[90m | [0mResolving deltas:  12% (122/1011)[35m[plenary.nvim] [0m[36m   clone[0m[90m | [0mResolving deltas:  13% (132/1011)[35m[plenary.nvim] [0m[36m   clone[0m[90m | [0mResolving deltas:  14% (142/1011)[35m[plenary.nvim] [0m[36m   clone[0m[90m | [0mResolving deltas:  15% (153/1011)[35m[plenary.nvim] [0m[36m   clone[0m[90m | [0mResolving deltas:  16% (162/1011)[35m[plenary.nvim] [0m[36m   clone[0m[90m | [0mResolving deltas:  17% (172/1011)[35m[plenary.nvim] [0m[36m   clone[0m[90m | [0mResolving deltas:  18% (182/1011)[35m[plenary.nvim] [0m[36m   clone[0m[90m | [0mResolving deltas:  19% (193/1011)[35m[plenary.nvim] [0m[36m   clone[0m[90m | [0mResolving deltas:  20% (203/1011)[35m[plenary.nvim] [0m[36m   clone[0m[90m | [0mResolving deltas:  21% (213/1011)[35m[plenary.nvim] [0m[36m   clone[0m[90m | [0mResolving deltas:  22% (223/1011)[35m[plenary.nvim] [0m[36m   clone[0m[90m | [0mResolving deltas:  23% (236/1011)[35m[plenary.nvim] [0m[36m   clone[0m[90m | [0mResolving deltas:  24% (243/1011)[35m[plenary.nvim] [0m[36m   clone[0m[90m | [0mResolving deltas:  25% (254/1011)[35m[plenary.nvim] [0m[36m   clone[0m[90m | [0mResolving deltas:  26% (263/1011)[35m[plenary.nvim] [0m[36m   clone[0m[90m | [0mResolving deltas:  27% (273/1011)[35m[plenary.nvim] [0m[36m   clone[0m[90m | [0mResolving deltas:  28% (285/1011)[35m[plenary.nvim] [0m[36m   clone[0m[90m | [0mResolving deltas:  29% (294/1011)[35m[plenary.nvim] [0m[36m   clone[0m[90m | [0mResolving deltas:  30% (305/1011)[35m[plenary.nvim] [0m[36m   clone[0m[90m | [0mResolving deltas:  31% (314/1011)[35m[plenary.nvim] [0m[36m   clone[0m[90m | [0mResolving deltas:  32% (324/1011)[35m[plenary.nvim] [0m[36m   clone[0m[90m | [0mResolving deltas:  33% (335/1011)[35m[plenary.nvim] [0m[36m   clone[0m[90m | [0mResolving deltas:  34% (344/1011)[35m[plenary.nvim] [0m[36m   clone[0m[90m | [0mResolving deltas:  35% (355/1011)[35m[plenary.nvim] [0m[36m   clone[0m[90m | [0mResolving deltas:  36% (364/1011)[35m[plenary.nvim] [0m[36m   clone[0m[90m | [0mResolving deltas:  37% (376/1011)[35m[plenary.nvim] [0m[36m   clone[0m[90m | [0mResolving deltas:  38% (385/1011)[35m[plenary.nvim] [0m[36m   clone[0m[90m | [0mResolving deltas:  39% (395/1011)[35m[plenary.nvim] [0m[36m   clone[0m[90m | [0mResolving deltas:  40% (405/1011)[35m[plenary.nvim] [0m[36m   clone[0m[90m | [0mResolving deltas:  41% (415/1011)[35m[plenary.nvim] [0m[36m   clone[0m[90m | [0mResolving deltas:  42% (425/1011)[35m[plenary.nvim] [0m[36m   clone[0m[90m | [0mResolving deltas:  43% (437/1011)[35m[plenary.nvim] [0m[36m   clone[0m[90m | [0mResolving deltas:  44% (445/1011)[35m[plenary.nvim] [0m[36m   clone[0m[90m | [0mResolving deltas:  45% (455/1011)[35m[plenary.nvim] [0m[36m   clone[0m[90m | [0mResolving deltas:  46% (466/1011)[35m[plenary.nvim] [0m[36m   clone[0m[90m | [0mResolving deltas:  47% (476/1011)[35m[plenary.nvim] [0m[36m   clone[0m[90m | [0mResolving deltas:  48% (486/1011)[35m[plenary.nvim] [0m[36m   clone[0m[90m | [0mResolving deltas:  49% (496/1011)[35m[plenary.nvim] [0m[36m   clone[0m[90m | [0mResolving deltas:  50% (506/1011)[35m[plenary.nvim] [0m[36m   clone[0m[90m | [0mResolving deltas:  51% (516/1011)[35m[plenary.nvim] [0m[36m   clone[0m[90m | [0mResolving deltas:  52% (527/1011)[35m[plenary.nvim] [0m[36m   clone[0m[90m | [0mResolving deltas:  53% (536/1011)[35m[plenary.nvim] [0m[36m   clone[0m[90m | [0mResolving deltas:  54% (546/1011)[35m[plenary.nvim] [0m[36m   clone[0m[90m | [0mResolving deltas:  55% (557/1011)[35m[plenary.nvim] [0m[36m   clone[0m[90m | [0mResolving deltas:  56% (567/1011)[35m[plenary.nvim] [0m[36m   clone[0m[90m | [0mResolving deltas:  57% (577/1011)[35m[plenary.nvim] [0m[36m   clone[0m[90m | [0mResolving deltas:  58% (587/1011)[35m[plenary.nvim] [0m[36m   clone[0m[90m | [0mResolving deltas:  59% (597/1011)[35m[plenary.nvim] [0m[36m   clone[0m[90m | [0mResolving deltas:  60% (607/1011)[35m[plenary.nvim] [0m[36m   clone[0m[90m | [0mResolving deltas:  61% (617/1011)[35m[plenary.nvim] [0m[36m   clone[0m[90m | [0mResolving deltas:  62% (627/1011)[35m[plenary.nvim] [0m[36m   clone[0m[90m | [0mResolving deltas:  63% (637/1011)[35m[plenary.nvim] [0m[36m   clone[0m[90m | [0mResolving deltas:  64% (648/1011)[35m[plenary.nvim] [0m[36m   clone[0m[90m | [0mResolving deltas:  65% (658/1011)[35m[plenary.nvim] [0m[36m   clone[0m[90m | [0mResolving deltas:  66% (668/1011)[35m[plenary.nvim] [0m[36m   clone[0m[90m | [0mResolving deltas:  67% (678/1011)[35m[plenary.nvim] [0m[36m   clone[0m[90m | [0mResolving deltas:  68% (689/1011)[35m[plenary.nvim] [0m[36m   clone[0m[90m | [0mResolving deltas:  69% (698/1011)[35m[plenary.nvim] [0m[36m   clone[0m[90m | [0mResolving deltas:  70% (710/1011)[35m[plenary.nvim] [0m[36m   clone[0m[90m | [0mResolving deltas:  71% (718/1011)[35m[plenary.nvim] [0m[36m   clone[0m[90m | [0mResolving deltas:  72% (728/1011)[35m[plenary.nvim] [0m[36m   clone[0m[90m | [0mResolving deltas:  73% (739/1011)[35m[plenary.nvim] [0m[36m   clone[0m[90m | [0mResolving deltas:  74% (749/1011)[35m[plenary.nvim] [0m[36m   clone[0m[90m | [0mResolving deltas:  75% (760/1011)[35m[plenary.nvim] [0m[36m   clone[0m[90m | [0mResolving deltas:  76% (769/1011)[35m[plenary.nvim] [0m[36m   clone[0m[90m | [0mResolving deltas:  77% (779/1011)[35m[plenary.nvim] [0m[36m   clone[0m[90m | [0mResolving deltas:  78% (789/1011)[35m[plenary.nvim] [0m[36m   clone[0m[90m | [0mResolving deltas:  79% (799/1011)[35m[plenary.nvim] [0m[36m   clone[0m[90m | [0mResolving deltas:  80% (810/1011)[35m[plenary.nvim] [0m[36m   clone[0m[90m | [0mResolving deltas:  81% (819/1011)[35m[plenary.nvim] [0m[36m   clone[0m[90m | [0mResolving deltas:  82% (830/1011)[35m[plenary.nvim] [0m[36m   clone[0m[90m | [0mResolving deltas:  83% (840/1011)[35m[plenary.nvim] [0m[36m   clone[0m[90m | [0mResolving deltas:  84% (850/1011)[35m[plenary.nvim] [0m[36m   clone[0m[90m | [0mResolving deltas:  85% (860/1011)[35m[plenary.nvim] [0m[36m   clone[0m[90m | [0mResolving deltas:  86% (870/1011)[35m[plenary.nvim] [0m[36m   clone[0m[90m | [0mResolving deltas:  87% (882/1011)[35m[plenary.nvim] [0m[36m   clone[0m[90m | [0mResolving deltas:  88% (890/1011)[35m[plenary.nvim] [0m[36m   clone[0m[90m | [0mResolving deltas:  89% (900/1011)[35m[plenary.nvim] [0m[36m   clone[0m[90m | [0mResolving deltas:  90% (910/1011)[35m[plenary.nvim] [0m[36m   clone[0m[90m | [0mResolving deltas:  91% (921/1011)[35m[plenary.nvim] [0m[36m   clone[0m[90m | [0mResolving deltas:  92% (931/1011)[35m[plenary.nvim] [0m[36m   clone[0m[90m | [0mResolving deltas:  93% (941/1011)[35m[plenary.nvim] [0m[36m   clone[0m[90m | [0mResolving deltas:  94% (951/1011)[35m[plenary.nvim] [0m[36m   clone[0m[90m | [0mResolving deltas:  95% (961/1011)[35m[plenary.nvim] [0m[36m   clone[0m[90m | [0mResolving deltas:  96% (971/1011)[35m[plenary.nvim] [0m[36m   clone[0m[90m | [0mResolving deltas:  97% (981/1011)[35m[plenary.nvim] [0m[36m   clone[0m[90m | [0mResolving deltas:  98% (992/1011)[35m[plenary.nvim] [0m[36m   clone[0m[90m | [0mResolving deltas:  99% (1001/1011)[35m[plenary.nvim] [0m[36m   clone[0m[90m | [0mResolving deltas: 100% (1011/1011)[35m[plenary.nvim] [0m[36m   clone[0m[90m | [0mResolving deltas: 100% (1011/1011), done.
[35m[LuaSnip] [0m[36m        clone[0m[90m | [0mSubmodule 'deps/jsregexp' (https://github.com/kmarius/jsregexp) registered for path 'deps/jsregexp'
[35m[LuaSnip] [0m[36m        clone[0m[90m | [0mSubmodule 'deps/jsregexp005' (https://github.com/kmarius/jsregexp) registered for path 'deps/jsregexp005'
[35m[LuaSnip] [0m[36m        clone[0m[90m | [0mSubmodule 'deps/jsregexp006' (https://github.com/kmarius/jsregexp) registered for path 'deps/jsregexp006'
[35m[snacks.nvim] [0m[36m    clone[0m[90m | [0mremote: Enumerating objects: 13280, done.        
[35m[snacks.nvim] [0m[36m    clone[0m[90m | [0mremote: Counting objects:   1% (1/63)        [35m[snacks.nvim] [0m[36m    clone[0m[90m | [0mremote: Counting objects:   3% (2/63)        [35m[snacks.nvim] [0m[36m    clone[0m[90m | [0mremote: Counting objects:   4% (3/63)        [35m[snacks.nvim] [0m[36m    clone[0m[90m | [0mremote: Counting objects:   6% (4/63)        [35m[snacks.nvim] [0m[36m    clone[0m[90m | [0mremote: Counting objects:   7% (5/63)        [35m[snacks.nvim] [0m[36m    clone[0m[90m | [0mremote: Counting objects:   9% (6/63)        [35m[snacks.nvim] [0m[36m    clone[0m[90m | [0mremote: Counting objects:  11% (7/63)        [35m[snacks.nvim] [0m[36m    clone[0m[90m | [0mremote: Counting objects:  12% (8/63)        [35m[snacks.nvim] [0m[36m    clone[0m[90m | [0mremote: Counting objects:  14% (9/63)        [35m[snacks.nvim] [0m[36m    clone[0m[90m | [0mremote: Counting objects:  15% (10/63)        [35m[snacks.nvim] [0m[36m    clone[0m[90m | [0mremote: Counting objects:  17% (11/63)        [35m[snacks.nvim] [0m[36m    clone[0m[90m | [0mremote: Counting objects:  19% (12/63)        [35m[snacks.nvim] [0m[36m    clone[0m[90m | [0mremote: Counting objects:  20% (13/63)        [35m[snacks.nvim] [0m[36m    clone[0m[90m | [0mremote: Counting objects:  22% (14/63)        [35m[snacks.nvim] [0m[36m    clone[0m[90m | [0mremote: Counting objects:  23% (15/63)        [35m[snacks.nvim] [0m[36m    clone[0m[90m | [0mremote: Counting objects:  25% (16/63)        [35m[snacks.nvim] [0m[36m    clone[0m[90m | [0mremote: Counting objects:  26% (17/63)        [35m[snacks.nvim] [0m[36m    clone[0m[90m | [0mremote: Counting objects:  28% (18/63)        [35m[snacks.nvim] [0m[36m    clone[0m[90m | [0mremote: Counting objects:  30% (19/63)        [35m[snacks.nvim] [0m[36m    clone[0m[90m | [0mremote: Counting objects:  31% (20/63)        [35m[snacks.nvim] [0m[36m    clone[0m[90m | [0mremote: Counting objects:  33% (21/63)        [35m[snacks.nvim] [0m[36m    clone[0m[90m | [0mremote: Counting objects:  34% (22/63)        [35m[snacks.nvim] [0m[36m    clone[0m[90m | [0mremote: Counting objects:  36% (23/63)        [35m[snacks.nvim] [0m[36m    clone[0m[90m | [0mremote: Counting objects:  38% (24/63)        [35m[snacks.nvim] [0m[36m    clone[0m[90m | [0mremote: Counting objects:  39% (25/63)        [35m[snacks.nvim] [0m[36m    clone[0m[90m | [0mremote: Counting objects:  41% (26/63)        [35m[snacks.nvim] [0m[36m    clone[0m[90m | [0mremote: Counting objects:  42% (27/63)        [35m[snacks.nvim] [0m[36m    clone[0m[90m | [0mremote: Counting objects:  44% (28/63)        [35m[snacks.nvim] [0m[36m    clone[0m[90m | [0mremote: Counting objects:  46% (29/63)        [35m[snacks.nvim] [0m[36m    clone[0m[90m | [0mremote: Counting objects:  47% (30/63)        [35m[snacks.nvim] [0m[36m    clone[0m[90m | [0mremote: Counting objects:  49% (31/63)        [35m[snacks.nvim] [0m[36m    clone[0m[90m | [0mremote: Counting objects:  50% (32/63)        [35m[snacks.nvim] [0m[36m    clone[0m[90m | [0mremote: Counting objects:  52% (33/63)        [35m[snacks.nvim] [0m[36m    clone[0m[90m | [0mremote: Counting objects:  53% (34/63)        [35m[snacks.nvim] [0m[36m    clone[0m[90m | [0mremote: Counting objects:  55% (35/63)        [35m[snacks.nvim] [0m[36m    clone[0m[90m | [0mremote: Counting objects:  57% (36/63)        [35m[snacks.nvim] [0m[36m    clone[0m[90m | [0mremote: Counting objects:  58% (37/63)        [35m[snacks.nvim] [0m[36m    clone[0m[90m | [0mremote: Counting objects:  60% (38/63)        [35m[snacks.nvim] [0m[36m    clone[0m[90m | [0mremote: Counting objects:  61% (39/63)        [35m[snacks.nvim] [0m[36m    clone[0m[90m | [0mremote: Counting objects:  63% (40/63)        [35m[snacks.nvim] [0m[36m    clone[0m[90m | [0mremote: Counting objects:  65% (41/63)        [35m[snacks.nvim] [0m[36m    clone[0m[90m | [0mremote: Counting objects:  66% (42/63)        [35m[snacks.nvim] [0m[36m    clone[0m[90m | [0mremote: Counting objects:  68% (43/63)        [35m[snacks.nvim] [0m[36m    clone[0m[90m | [0mremote: Counting objects:  69% (44/63)        [35m[snacks.nvim] [0m[36m    clone[0m[90m | [0mremote: Counting objects:  71% (45/63)        [35m[snacks.nvim] [0m[36m    clone[0m[90m | [0mremote: Counting objects:  73% (46/63)        [35m[snacks.nvim] [0m[36m    clone[0m[90m | [0mremote: Counting objects:  74% (47/63)        [35m[snacks.nvim] [0m[36m    clone[0m[90m | [0mremote: Counting objects:  76% (48/63)        [35m[snacks.nvim] [0m[36m    clone[0m[90m | [0mremote: Counting objects:  77% (49/63)        [35m[snacks.nvim] [0m[36m    clone[0m[90m | [0mremote: Counting objects:  79% (50/63)        [35m[snacks.nvim] [0m[36m    clone[0m[90m | [0mremote: Counting objects:  80% (51/63)        [35m[snacks.nvim] [0m[36m    clone[0m[90m | [0mremote: Counting objects:  82% (52/63)        [35m[snacks.nvim] [0m[36m    clone[0m[90m | [0mremote: Counting objects:  84% (53/63)        [35m[snacks.nvim] [0m[36m    clone[0m[90m | [0mremote: Counting objects:  85% (54/63)        [35m[snacks.nvim] [0m[36m    clone[0m[90m | [0mremote: Counting objects:  87% (55/63)        [35m[snacks.nvim] [0m[36m    clone[0m[90m | [0mremote: Counting objects:  88% (56/63)        [35m[snacks.nvim] [0m[36m    clone[0m[90m | [0mremote: Counting objects:  90% (57/63)        [35m[snacks.nvim] [0m[36m    clone[0m[90m | [0mremote: Counting objects:  92% (58/63)        [35m[snacks.nvim] [0m[36m    clone[0m[90m | [0mremote: Counting objects:  93% (59/63)        [35m[snacks.nvim] [0m[36m    clone[0m[90m | [0mremote: Counting objects:  95% (60/63)        [35m[snacks.nvim] [0m[36m    clone[0m[90m | [0mremote: Counting objects:  96% (61/63)        [35m[snacks.nvim] [0m[36m    clone[0m[90m | [0mremote: Counting objects:  98% (62/63)        [35m[snacks.nvim] [0m[36m    clone[0m[90m | [0mremote: Counting objects: 100% (63/63)        [35m[snacks.nvim] [0m[36m    clone[0m[90m | [0mremote: Counting objects: 100% (63/63), done.        
[35m[snacks.nvim] [0m[36m    clone[0m[90m | [0mremote: Compressing objects:   3% (1/33)        [35m[snacks.nvim] [0m[36m    clone[0m[90m | [0mremote: Compressing objects:   6% (2/33)        [35m[snacks.nvim] [0m[36m    clone[0m[90m | [0mremote: Compressing objects:   9% (3/33)        [35m[snacks.nvim] [0m[36m    clone[0m[90m | [0mremote: Compressing objects:  12% (4/33)        [35m[snacks.nvim] [0m[36m    clone[0m[90m | [0mremote: Compressing objects:  15% (5/33)        [35m[snacks.nvim] [0m[36m    clone[0m[90m | [0mremote: Compressing objects:  18% (6/33)        [35m[snacks.nvim] [0m[36m    clone[0m[90m | [0mremote: Compressing objects:  21% (7/33)        [35m[snacks.nvim] [0m[36m    clone[0m[90m | [0mremote: Compressing objects:  24% (8/33)        [35m[snacks.nvim] [0m[36m    clone[0m[90m | [0mremote: Compressing objects:  27% (9/33)        [35m[snacks.nvim] [0m[36m    clone[0m[90m | [0mremote: Compressing objects:  30% (10/33)        [35m[snacks.nvim] [0m[36m    clone[0m[90m | [0mremote: Compressing objects:  33% (11/33)        [35m[snacks.nvim] [0m[36m    clone[0m[90m | [0mremote: Compressing objects:  36% (12/33)        [35m[snacks.nvim] [0m[36m    clone[0m[90m | [0mremote: Compressing objects:  39% (13/33)        [35m[snacks.nvim] [0m[36m    clone[0m[90m | [0mremote: Compressing objects:  42% (14/33)        [35m[snacks.nvim] [0m[36m    clone[0m[90m | [0mremote: Compressing objects:  45% (15/33)        [35m[snacks.nvim] [0m[36m    clone[0m[90m | [0mremote: Compressing objects:  48% (16/33)        [35m[snacks.nvim] [0m[36m    clone[0m[90m | [0mremote: Compressing objects:  51% (17/33)        [35m[snacks.nvim] [0m[36m    clone[0m[90m | [0mremote: Compressing objects:  54% (18/33)        [35m[snacks.nvim] [0m[36m    clone[0m[90m | [0mremote: Compressing objects:  57% (19/33)        [35m[snacks.nvim] [0m[36m    clone[0m[90m | [0mremote: Compressing objects:  60% (20/33)        [35m[snacks.nvim] [0m[36m    clone[0m[90m | [0mremote: Compressing objects:  63% (21/33)        [35m[snacks.nvim] [0m[36m    clone[0m[90m | [0mremote: Compressing objects:  66% (22/33)        [35m[snacks.nvim] [0m[36m    clone[0m[90m | [0mremote: Compressing objects:  69% (23/33)        [35m[snacks.nvim] [0m[36m    clone[0m[90m | [0mremote: Compressing objects:  72% (24/33)        [35m[snacks.nvim] [0m[36m    clone[0m[90m | [0mremote: Compressing objects:  75% (25/33)        [35m[snacks.nvim] [0m[36m    clone[0m[90m | [0mremote: Compressing objects:  78% (26/33)        [35m[snacks.nvim] [0m[36m    clone[0m[90m | [0mremote: Compressing objects:  81% (27/33)        [35m[snacks.nvim] [0m[36m    clone[0m[90m | [0mremote: Compressing objects:  84% (28/33)        [35m[snacks.nvim] [0m[36m    clone[0m[90m | [0mremote: Compressing objects:  87% (29/33)        [35m[snacks.nvim] [0m[36m    clone[0m[90m | [0mremote: Compressing objects:  90% (30/33)        [35m[snacks.nvim] [0m[36m    clone[0m[90m | [0mremote: Compressing objects:  93% (31/33)        [35m[snacks.nvim] [0m[36m    clone[0m[90m | [0mremote: Compressing objects:  96% (32/33)        [35m[snacks.nvim] [0m[36m    clone[0m[90m | [0mremote: Compressing objects: 100% (33/33)        [35m[snacks.nvim] [0m[36m    clone[0m[90m | [0mremote: Compressing objects: 100% (33/33), done.        
[35m[promise-async] [0m[36m  clone[0m[90m | [0mremote: Enumerating objects: 192, done.        
[35m[promise-async] [0m[36m  clone[0m[90m | [0mremote: Counting objects:   0% (1/177)        [35m[promise-async] [0m[36m  clone[0m[90m | [0mremote: Counting objects:   1% (2/177)        [35m[promise-async] [0m[36m  clone[0m[90m | [0mremote: Counting objects:   2% (4/177)        [35m[promise-async] [0m[36m  clone[0m[90m | [0mremote: Counting objects:   3% (6/177)        [35m[promise-async] [0m[36m  clone[0m[90m | [0mremote: Counting objects:   4% (8/177)        [35m[promise-async] [0m[36m  clone[0m[90m | [0mremote: Counting objects:   5% (9/177)        [35m[promise-async] [0m[36m  clone[0m[90m | [0mremote: Counting objects:   6% (11/177)        [35m[promise-async] [0m[36m  clone[0m[90m | [0mremote: Counting objects:   7% (13/177)        [35m[promise-async] [0m[36m  clone[0m[90m | [0mremote: Counting objects:   8% (15/177)        [35m[promise-async] [0m[36m  clone[0m[90m | [0mremote: Counting objects:   9% (16/177)        [35m[promise-async] [0m[36m  clone[0m[90m | [0mremote: Counting objects:  10% (18/177)        [35m[promise-async] [0m[36m  clone[0m[90m | [0mremote: Counting objects:  11% (20/177)        [35m[promise-async] [0m[36m  clone[0m[90m | [0mremote: Counting objects:  12% (22/177)        [35m[promise-async] [0m[36m  clone[0m[90m | [0mremote: Counting objects:  13% (24/177)        [35m[promise-async] [0m[36m  clone[0m[90m | [0mremote: Counting objects:  14% (25/177)        [35m[promise-async] [0m[36m  clone[0m[90m | [0mremote: Counting objects:  15% (27/177)        [35m[promise-async] [0m[36m  clone[0m[90m | [0mremote: Counting objects:  16% (29/177)        [35m[promise-async] [0m[36m  clone[0m[90m | [0mremote: Counting objects:  17% (31/177)        [35m[promise-async] [0m[36m  clone[0m[90m | [0mremote: Counting objects:  18% (32/177)        [35m[promise-async] [0m[36m  clone[0m[90m | [0mremote: Counting objects:  19% (34/177)        [35m[promise-async] [0m[36m  clone[0m[90m | [0mremote: Counting objects:  20% (36/177)        [35m[promise-async] [0m[36m  clone[0m[90m | [0mremote: Counting objects:  21% (38/177)        [35m[promise-async] [0m[36m  clone[0m[90m | [0mremote: Counting objects:  22% (39/177)        [35m[promise-async] [0m[36m  clone[0m[90m | [0mremote: Counting objects:  23% (41/177)        [35m[promise-async] [0m[36m  clone[0m[90m | [0mremote: Counting objects:  24% (43/177)        [35m[promise-async] [0m[36m  clone[0m[90m | [0mremote: Counting objects:  25% (45/177)        [35m[promise-async] [0m[36m  clone[0m[90m | [0mremote: Counting objects:  26% (47/177)        [35m[promise-async] [0m[36m  clone[0m[90m | [0mremote: Counting objects:  27% (48/177)        [35m[promise-async] [0m[36m  clone[0m[90m | [0mremote: Counting objects:  28% (50/177)        [35m[promise-async] [0m[36m  clone[0m[90m | [0mremote: Counting objects:  29% (52/177)        [35m[promise-async] [0m[36m  clone[0m[90m | [0mremote: Counting objects:  30% (54/177)        [35m[promise-async] [0m[36m  clone[0m[90m | [0mremote: Counting objects:  31% (55/177)        [35m[promise-async] [0m[36m  clone[0m[90m | [0mremote: Counting objects:  32% (57/177)        [35m[promise-async] [0m[36m  clone[0m[90m | [0mremote: Counting objects:  33% (59/177)        [35m[promise-async] [0m[36m  clone[0m[90m | [0mremote: Counting objects:  34% (61/177)        [35m[promise-async] [0m[36m  clone[0m[90m | [0mremote: Counting objects:  35% (62/177)        [35m[promise-async] [0m[36m  clone[0m[90m | [0mremote: Counting objects:  36% (64/177)        [35m[promise-async] [0m[36m  clone[0m[90m | [0mremote: Counting objects:  37% (66/177)        [35m[promise-async] [0m[36m  clone[0m[90m | [0mremote: Counting objects:  38% (68/177)        [35m[promise-async] [0m[36m  clone[0m[90m | [0mremote: Counting objects:  39% (70/177)        [35m[promise-async] [0m[36m  clone[0m[90m | [0mremote: Counting objects:  40% (71/177)        [35m[promise-async] [0m[36m  clone[0m[90m | [0mremote: Counting objects:  41% (73/177)        [35m[promise-async] [0m[36m  clone[0m[90m | [0mremote: Counting objects:  42% (75/177)        [35m[promise-async] [0m[36m  clone[0m[90m | [0mremote: Counting objects:  43% (77/177)        [35m[promise-async] [0m[36m  clone[0m[90m | [0mremote: Counting objects:  44% (78/177)        [35m[promise-async] [0m[36m  clone[0m[90m | [0mremote: Counting objects:  45% (80/177)        [35m[promise-async] [0m[36m  clone[0m[90m | [0mremote: Counting objects:  46% (82/177)        [35m[promise-async] [0m[36m  clone[0m[90m | [0mremote: Counting objects:  47% (84/177)        [35m[promise-async] [0m[36m  clone[0m[90m | [0mremote: Counting objects:  48% (85/177)        [35m[promise-async] [0m[36m  clone[0m[90m | [0mremote: Counting objects:  49% (87/177)        [35m[promise-async] [0m[36m  clone[0m[90m | [0mremote: Counting objects:  50% (89/177)        [35m[promise-async] [0m[36m  clone[0m[90m | [0mremote: Counting objects:  51% (91/177)        [35m[promise-async] [0m[36m  clone[0m[90m | [0mremote: Counting objects:  52% (93/177)        [35m[promise-async] [0m[36m  clone[0m[90m | [0mremote: Counting objects:  53% (94/177)        [35m[promise-async] [0m[36m  clone[0m[90m | [0mremote: Counting objects:  54% (96/177)        [35m[promise-async] [0m[36m  clone[0m[90m | [0mremote: Counting objects:  55% (98/177)        [35m[promise-async] [0m[36m  clone[0m[90m | [0mremote: Counting objects:  56% (100/177)        [35m[promise-async] [0m[36m  clone[0m[90m | [0mremote: Counting objects:  57% (101/177)        [35m[promise-async] [0m[36m  clone[0m[90m | [0mremote: Counting objects:  58% (103/177)        [35m[promise-async] [0m[36m  clone[0m[90m | [0mremote: Counting objects:  59% (105/177)        [35m[promise-async] [0m[36m  clone[0m[90m | [0mremote: Counting objects:  60% (107/177)        [35m[promise-async] [0m[36m  clone[0m[90m | [0mremote: Counting objects:  61% (108/177)        [35m[promise-async] [0m[36m  clone[0m[90m | [0mremote: Counting objects:  62% (110/177)        [35m[promise-async] [0m[36m  clone[0m[90m | [0mremote: Counting objects:  63% (112/177)        [35m[promise-async] [0m[36m  clone[0m[90m | [0mremote: Counting objects:  64% (114/177)        [35m[promise-async] [0m[36m  clone[0m[90m | [0mremote: Counting objects:  65% (116/177)        [35m[promise-async] [0m[36m  clone[0m[90m | [0mremote: Counting objects:  66% (117/177)        [35m[promise-async] [0m[36m  clone[0m[90m | [0mremote: Counting objects:  67% (119/177)        [35m[promise-async] [0m[36m  clone[0m[90m | [0mremote: Counting objects:  68% (121/177)        [35m[promise-async] [0m[36m  clone[0m[90m | [0mremote: Counting objects:  69% (123/177)        [35m[promise-async] [0m[36m  clone[0m[90m | [0mremote: Counting objects:  70% (124/177)        [35m[promise-async] [0m[36m  clone[0m[90m | [0mremote: Counting objects:  71% (126/177)        [35m[promise-async] [0m[36m  clone[0m[90m | [0mremote: Counting objects:  72% (128/177)        [35m[promise-async] [0m[36m  clone[0m[90m | [0mremote: Counting objects:  73% (130/177)        [35m[promise-async] [0m[36m  clone[0m[90m | [0mremote: Counting objects:  74% (131/177)        [35m[promise-async] [0m[36m  clone[0m[90m | [0mremote: Counting objects:  75% (133/177)        [35m[promise-async] [0m[36m  clone[0m[90m | [0mremote: Counting objects:  76% (135/177)        [35m[promise-async] [0m[36m  clone[0m[90m | [0mremote: Counting objects:  77% (137/177)        [35m[promise-async] [0m[36m  clone[0m[90m | [0mremote: Counting objects:  78% (139/177)        [35m[promise-async] [0m[36m  clone[0m[90m | [0mremote: Counting objects:  79% (140/177)        [35m[promise-async] [0m[36m  clone[0m[90m | [0mremote: Counting objects:  80% (142/177)        [35m[promise-async] [0m[36m  clone[0m[90m | [0mremote: Counting objects:  81% (144/177)        [35m[promise-async] [0m[36m  clone[0m[90m | [0mremote: Counting objects:  82% (146/177)        [35m[promise-async] [0m[36m  clone[0m[90m | [0mremote: Counting objects:  83% (147/177)        [35m[promise-async] [0m[36m  clone[0m[90m | [0mremote: Counting objects:  84% (149/177)        [35m[promise-async] [0m[36m  clone[0m[90m | [0mremote: Counting objects:  85% (151/177)        [35m[promise-async] [0m[36m  clone[0m[90m | [0mremote: Counting objects:  86% (153/177)        [35m[promise-async] [0m[36m  clone[0m[90m | [0mremote: Counting objects:  87% (154/177)        [35m[promise-async] [0m[36m  clone[0m[90m | [0mremote: Counting objects:  88% (156/177)        [35m[promise-async] [0m[36m  clone[0m[90m | [0mremote: Counting objects:  89% (158/177)        [35m[promise-async] [0m[36m  clone[0m[90m | [0mremote: Counting objects:  90% (160/177)        [35m[promise-async] [0m[36m  clone[0m[90m | [0mremote: Counting objects:  91% (162/177)        [35m[promise-async] [0m[36m  clone[0m[90m | [0mremote: Counting objects:  92% (163/177)        [35m[promise-async] [0m[36m  clone[0m[90m | [0mremote: Counting objects:  93% (165/177)        [35m[promise-async] [0m[36m  clone[0m[90m | [0mremote: Counting objects:  94% (167/177)        [35m[promise-async] [0m[36m  clone[0m[90m | [0mremote: Counting objects:  95% (169/177)        [35m[promise-async] [0m[36m  clone[0m[90m | [0mremote: Counting objects:  96% (170/177)        [35m[promise-async] [0m[36m  clone[0m[90m | [0mremote: Counting objects:  97% (172/177)        [35m[promise-async] [0m[36m  clone[0m[90m | [0mremote: Counting objects:  98% (174/177)        [35m[promise-async] [0m[36m  clone[0m[90m | [0mremote: Counting objects:  99% (176/177)        [35m[promise-async] [0m[36m  clone[0m[90m | [0mremote: Counting objects: 100% (177/177)        [35m[promise-async] [0m[36m  clone[0m[90m | [0mremote: Counting objects: 100% (177/177), done.        
[35m[promise-async] [0m[36m  clone[0m[90m | [0mremote: Compressing objects:   0% (1/101)        [35m[promise-async] [0m[36m  clone[0m[90m | [0mremote: Compressing objects:   1% (2/101)        [35m[promise-async] [0m[36m  clone[0m[90m | [0mremote: Compressing objects:   2% (3/101)        [35m[promise-async] [0m[36m  clone[0m[90m | [0mremote: Compressing objects:   3% (4/101)        [35m[promise-async] [0m[36m  clone[0m[90m | [0mremote: Compressing objects:   4% (5/101)        [35m[promise-async] [0m[36m  clone[0m[90m | [0mremote: Compressing objects:   5% (6/101)        [35m[promise-async] [0m[36m  clone[0m[90m | [0mremote: Compressing objects:   6% (7/101)        [35m[promise-async] [0m[36m  clone[0m[90m | [0mremote: Compressing objects:   7% (8/101)        [35m[promise-async] [0m[36m  clone[0m[90m | [0mremote: Compressing objects:   8% (9/101)        [35m[promise-async] [0m[36m  clone[0m[90m | [0mremote: Compressing objects:   9% (10/101)        [35m[promise-async] [0m[36m  clone[0m[90m | [0mremote: Compressing objects:  10% (11/101)        [35m[promise-async] [0m[36m  clone[0m[90m | [0mremote: Compressing objects:  11% (12/101)        [35m[promise-async] [0m[36m  clone[0m[90m | [0mremote: Compressing objects:  12% (13/101)        [35m[promise-async] [0m[36m  clone[0m[90m | [0mremote: Compressing objects:  13% (14/101)        [35m[promise-async] [0m[36m  clone[0m[90m | [0mremote: Compressing objects:  14% (15/101)        [35m[promise-async] [0m[36m  clone[0m[90m | [0mremote: Compressing objects:  15% (16/101)        [35m[promise-async] [0m[36m  clone[0m[90m | [0mremote: Compressing objects:  16% (17/101)        [35m[promise-async] [0m[36m  clone[0m[90m | [0mremote: Compressing objects:  17% (18/101)        [35m[promise-async] [0m[36m  clone[0m[90m | [0mremote: Compressing objects:  18% (19/101)        [35m[promise-async] [0m[36m  clone[0m[90m | [0mremote: Compressing objects:  19% (20/101)        [35m[promise-async] [0m[36m  clone[0m[90m | [0mremote: Compressing objects:  20% (21/101)        [35m[promise-async] [0m[36m  clone[0m[90m | [0mremote: Compressing objects:  21% (22/101)        [35m[promise-async] [0m[36m  clone[0m[90m | [0mremote: Compressing objects:  22% (23/101)        [35m[promise-async] [0m[36m  clone[0m[90m | [0mremote: Compressing objects:  23% (24/101)        [35m[promise-async] [0m[36m  clone[0m[90m | [0mremote: Compressing objects:  24% (25/101)        [35m[promise-async] [0m[36m  clone[0m[90m | [0mremote: Compressing objects:  25% (26/101)        [35m[promise-async] [0m[36m  clone[0m[90m | [0mremote: Compressing objects:  26% (27/101)        [35m[promise-async] [0m[36m  clone[0m[90m | [0mremote: Compressing objects:  27% (28/101)        [35m[promise-async] [0m[36m  clone[0m[90m | [0mremote: Compressing objects:  28% (29/101)        [35m[promise-async] [0m[36m  clone[0m[90m | [0mremote: Compressing objects:  29% (30/101)        [35m[promise-async] [0m[36m  clone[0m[90m | [0mremote: Compressing objects:  30% (31/101)        [35m[promise-async] [0m[36m  clone[0m[90m | [0mremote: Compressing objects:  31% (32/101)        [35m[promise-async] [0m[36m  clone[0m[90m | [0mremote: Compressing objects:  32% (33/101)        [35m[promise-async] [0m[36m  clone[0m[90m | [0mremote: Compressing objects:  33% (34/101)        [35m[promise-async] [0m[36m  clone[0m[90m | [0mremote: Compressing objects:  34% (35/101)        [35m[promise-async] [0m[36m  clone[0m[90m | [0mremote: Compressing objects:  35% (36/101)        [35m[promise-async] [0m[36m  clone[0m[90m | [0mremote: Compressing objects:  36% (37/101)        [35m[promise-async] [0m[36m  clone[0m[90m | [0mremote: Compressing objects:  37% (38/101)        [35m[promise-async] [0m[36m  clone[0m[90m | [0mremote: Compressing objects:  38% (39/101)        [35m[promise-async] [0m[36m  clone[0m[90m | [0mremote: Compressing objects:  39% (40/101)        [35m[promise-async] [0m[36m  clone[0m[90m | [0mremote: Compressing objects:  40% (41/101)        [35m[promise-async] [0m[36m  clone[0m[90m | [0mremote: Compressing objects:  41% (42/101)        [35m[promise-async] [0m[36m  clone[0m[90m | [0mremote: Compressing objects:  42% (43/101)        [35m[promise-async] [0m[36m  clone[0m[90m | [0mremote: Compressing objects:  43% (44/101)        [35m[promise-async] [0m[36m  clone[0m[90m | [0mremote: Compressing objects:  44% (45/101)        [35m[promise-async] [0m[36m  clone[0m[90m | [0mremote: Compressing objects:  45% (46/101)        [35m[promise-async] [0m[36m  clone[0m[90m | [0mremote: Compressing objects:  46% (47/101)        [35m[promise-async] [0m[36m  clone[0m[90m | [0mremote: Compressing objects:  47% (48/101)        [35m[promise-async] [0m[36m  clone[0m[90m | [0mremote: Compressing objects:  48% (49/101)        [35m[promise-async] [0m[36m  clone[0m[90m | [0mremote: Compressing objects:  49% (50/101)        [35m[promise-async] [0m[36m  clone[0m[90m | [0mremote: Compressing objects:  50% (51/101)        [35m[promise-async] [0m[36m  clone[0m[90m | [0mremote: Compressing objects:  51% (52/101)        [35m[promise-async] [0m[36m  clone[0m[90m | [0mremote: Compressing objects:  52% (53/101)        [35m[promise-async] [0m[36m  clone[0m[90m | [0mremote: Compressing objects:  53% (54/101)        [35m[promise-async] [0m[36m  clone[0m[90m | [0mremote: Compressing objects:  54% (55/101)        [35m[promise-async] [0m[36m  clone[0m[90m | [0mremote: Compressing objects:  55% (56/101)        [35m[promise-async] [0m[36m  clone[0m[90m | [0mremote: Compressing objects:  56% (57/101)        [35m[promise-async] [0m[36m  clone[0m[90m | [0mremote: Compressing objects:  57% (58/101)        [35m[promise-async] [0m[36m  clone[0m[90m | [0mremote: Compressing objects:  58% (59/101)        [35m[promise-async] [0m[36m  clone[0m[90m | [0mremote: Compressing objects:  59% (60/101)        [35m[promise-async] [0m[36m  clone[0m[90m | [0mremote: Compressing objects:  60% (61/101)        [35m[promise-async] [0m[36m  clone[0m[90m | [0mremote: Compressing objects:  61% (62/101)        [35m[promise-async] [0m[36m  clone[0m[90m | [0mremote: Compressing objects:  62% (63/101)        [35m[promise-async] [0m[36m  clone[0m[90m | [0mremote: Compressing objects:  63% (64/101)        [35m[promise-async] [0m[36m  clone[0m[90m | [0mremote: Compressing objects:  64% (65/101)        [35m[promise-async] [0m[36m  clone[0m[90m | [0mremote: Compressing objects:  65% (66/101)        [35m[promise-async] [0m[36m  clone[0m[90m | [0mremote: Compressing objects:  66% (67/101)        [35m[promise-async] [0m[36m  clone[0m[90m | [0mremote: Compressing objects:  67% (68/101)        [35m[promise-async] [0m[36m  clone[0m[90m | [0mremote: Compressing objects:  68% (69/101)        [35m[promise-async] [0m[36m  clone[0m[90m | [0mremote: Compressing objects:  69% (70/101)        [35m[promise-async] [0m[36m  clone[0m[90m | [0mremote: Compressing objects:  70% (71/101)        [35m[promise-async] [0m[36m  clone[0m[90m | [0mremote: Compressing objects:  71% (72/101)        [35m[promise-async] [0m[36m  clone[0m[90m | [0mremote: Compressing objects:  72% (73/101)        [35m[promise-async] [0m[36m  clone[0m[90m | [0mremote: Compressing objects:  73% (74/101)        [35m[promise-async] [0m[36m  clone[0m[90m | [0mremote: Compressing objects:  74% (75/101)        [35m[promise-async] [0m[36m  clone[0m[90m | [0mremote: Compressing objects:  75% (76/101)        [35m[promise-async] [0m[36m  clone[0m[90m | [0mremote: Compressing objects:  76% (77/101)        [35m[promise-async] [0m[36m  clone[0m[90m | [0mremote: Compressing objects:  77% (78/101)        [35m[promise-async] [0m[36m  clone[0m[90m | [0mremote: Compressing objects:  78% (79/101)        [35m[promise-async] [0m[36m  clone[0m[90m | [0mremote: Compressing objects:  79% (80/101)        [35m[promise-async] [0m[36m  clone[0m[90m | [0mremote: Compressing objects:  80% (81/101)        [35m[promise-async] [0m[36m  clone[0m[90m | [0mremote: Compressing objects:  81% (82/101)        [35m[promise-async] [0m[36m  clone[0m[90m | [0mremote: Compressing objects:  82% (83/101)        [35m[promise-async] [0m[36m  clone[0m[90m | [0mremote: Compressing objects:  83% (84/101)        [35m[promise-async] [0m[36m  clone[0m[90m | [0mremote: Compressing objects:  84% (85/101)        [35m[promise-async] [0m[36m  clone[0m[90m | [0mremote: Compressing objects:  85% (86/101)        [35m[promise-async] [0m[36m  clone[0m[90m | [0mremote: Compressing objects:  86% (87/101)        [35m[promise-async] [0m[36m  clone[0m[90m | [0mremote: Compressing objects:  87% (88/101)        [35m[promise-async] [0m[36m  clone[0m[90m | [0mremote: Compressing objects:  88% (89/101)        [35m[promise-async] [0m[36m  clone[0m[90m | [0mremote: Compressing objects:  89% (90/101)        [35m[promise-async] [0m[36m  clone[0m[90m | [0mremote: Compressing objects:  90% (91/101)        [35m[promise-async] [0m[36m  clone[0m[90m | [0mremote: Compressing objects:  91% (92/101)        [35m[promise-async] [0m[36m  clone[0m[90m | [0mremote: Compressing objects:  92% (93/101)        [35m[promise-async] [0m[36m  clone[0m[90m | [0mremote: Compressing objects:  93% (94/101)        [35m[promise-async] [0m[36m  clone[0m[90m | [0mremote: Compressing objects:  94% (95/101)        [35m[promise-async] [0m[36m  clone[0m[90m | [0mremote: Compressing objects:  95% (96/101)        [35m[promise-async] [0m[36m  clone[0m[90m | [0mremote: Compressing objects:  96% (97/101)        [35m[promise-async] [0m[36m  clone[0m[90m | [0mremote: Compressing objects:  97% (98/101)        [35m[promise-async] [0m[36m  clone[0m[90m | [0mremote: Compressing objects:  98% (99/101)        [35m[promise-async] [0m[36m  clone[0m[90m | [0mremote: Compressing objects:  99% (100/101)        [35m[promise-async] [0m[36m  clone[0m[90m | [0mremote: Compressing objects: 100% (101/101)        [35m[promise-async] [0m[36m  clone[0m[90m | [0mremote: Compressing objects: 100% (101/101), done.        
[35m[sqlite.lua] [0m[36m     clone[0m[90m | [0mremote: Enumerating objects: 796, done.        
[35m[sqlite.lua] [0m[36m     clone[0m[90m | [0mremote: Counting objects:   0% (1/300)        [35m[sqlite.lua] [0m[36m     clone[0m[90m | [0mremote: Counting objects:   1% (3/300)        [35m[sqlite.lua] [0m[36m     clone[0m[90m | [0mremote: Counting objects:   2% (6/300)        [35m[sqlite.lua] [0m[36m     clone[0m[90m | [0mremote: Counting objects:   3% (9/300)        [35m[sqlite.lua] [0m[36m     clone[0m[90m | [0mremote: Counting objects:   4% (12/300)        [35m[sqlite.lua] [0m[36m     clone[0m[90m | [0mremote: Counting objects:   5% (15/300)        [35m[sqlite.lua] [0m[36m     clone[0m[90m | [0mremote: Counting objects:   6% (18/300)        [35m[sqlite.lua] [0m[36m     clone[0m[90m | [0mremote: Counting objects:   7% (21/300)        [35m[sqlite.lua] [0m[36m     clone[0m[90m | [0mremote: Counting objects:   8% (24/300)        [35m[sqlite.lua] [0m[36m     clone[0m[90m | [0mremote: Counting objects:   9% (27/300)        [35m[sqlite.lua] [0m[36m     clone[0m[90m | [0mremote: Counting objects:  10% (30/300)        [35m[sqlite.lua] [0m[36m     clone[0m[90m | [0mremote: Counting objects:  11% (33/300)        [35m[sqlite.lua] [0m[36m     clone[0m[90m | [0mremote: Counting objects:  12% (36/300)        [35m[sqlite.lua] [0m[36m     clone[0m[90m | [0mremote: Counting objects:  13% (39/300)        [35m[sqlite.lua] [0m[36m     clone[0m[90m | [0mremote: Counting objects:  14% (42/300)        [35m[sqlite.lua] [0m[36m     clone[0m[90m | [0mremote: Counting objects:  15% (45/300)        [35m[sqlite.lua] [0m[36m     clone[0m[90m | [0mremote: Counting objects:  16% (48/300)        [35m[sqlite.lua] [0m[36m     clone[0m[90m | [0mremote: Counting objects:  17% (51/300)        [35m[sqlite.lua] [0m[36m     clone[0m[90m | [0mremote: Counting objects:  18% (54/300)        [35m[sqlite.lua] [0m[36m     clone[0m[90m | [0mremote: Counting objects:  19% (57/300)        [35m[sqlite.lua] [0m[36m     clone[0m[90m | [0mremote: Counting objects:  20% (60/300)        [35m[sqlite.lua] [0m[36m     clone[0m[90m | [0mremote: Counting objects:  21% (63/300)        [35m[sqlite.lua] [0m[36m     clone[0m[90m | [0mremote: Counting objects:  22% (66/300)        [35m[sqlite.lua] [0m[36m     clone[0m[90m | [0mremote: Counting objects:  23% (69/300)        [35m[sqlite.lua] [0m[36m     clone[0m[90m | [0mremote: Counting objects:  24% (72/300)        [35m[sqlite.lua] [0m[36m     clone[0m[90m | [0mremote: Counting objects:  25% (75/300)        [35m[sqlite.lua] [0m[36m     clone[0m[90m | [0mremote: Counting objects:  26% (78/300)        [35m[sqlite.lua] [0m[36m     clone[0m[90m | [0mremote: Counting objects:  27% (81/300)        [35m[sqlite.lua] [0m[36m     clone[0m[90m | [0mremote: Counting objects:  28% (84/300)        [35m[sqlite.lua] [0m[36m     clone[0m[90m | [0mremote: Counting objects:  29% (87/300)        [35m[sqlite.lua] [0m[36m     clone[0m[90m | [0mremote: Counting objects:  30% (90/300)        [35m[sqlite.lua] [0m[36m     clone[0m[90m | [0mremote: Counting objects:  31% (93/300)        [35m[sqlite.lua] [0m[36m     clone[0m[90m | [0mremote: Counting objects:  32% (96/300)        [35m[sqlite.lua] [0m[36m     clone[0m[90m | [0mremote: Counting objects:  33% (99/300)        [35m[sqlite.lua] [0m[36m     clone[0m[90m | [0mremote: Counting objects:  34% (102/300)        [35m[sqlite.lua] [0m[36m     clone[0m[90m | [0mremote: Counting objects:  35% (105/300)        [35m[sqlite.lua] [0m[36m     clone[0m[90m | [0mremote: Counting objects:  36% (108/300)        [35m[sqlite.lua] [0m[36m     clone[0m[90m | [0mremote: Counting objects:  37% (111/300)        [35m[sqlite.lua] [0m[36m     clone[0m[90m | [0mremote: Counting objects:  38% (114/300)        [35m[sqlite.lua] [0m[36m     clone[0m[90m | [0mremote: Counting objects:  39% (117/300)        [35m[sqlite.lua] [0m[36m     clone[0m[90m | [0mremote: Counting objects:  40% (120/300)        [35m[sqlite.lua] [0m[36m     clone[0m[90m | [0mremote: Counting objects:  41% (123/300)        [35m[sqlite.lua] [0m[36m     clone[0m[90m | [0mremote: Counting objects:  42% (126/300)        [35m[sqlite.lua] [0m[36m     clone[0m[90m | [0mremote: Counting objects:  43% (129/300)        [35m[sqlite.lua] [0m[36m     clone[0m[90m | [0mremote: Counting objects:  44% (132/300)        [35m[sqlite.lua] [0m[36m     clone[0m[90m | [0mremote: Counting objects:  45% (135/300)        [35m[sqlite.lua] [0m[36m     clone[0m[90m | [0mremote: Counting objects:  46% (138/300)        [35m[sqlite.lua] [0m[36m     clone[0m[90m | [0mremote: Counting objects:  47% (141/300)        [35m[sqlite.lua] [0m[36m     clone[0m[90m | [0mremote: Counting objects:  48% (144/300)        [35m[sqlite.lua] [0m[36m     clone[0m[90m | [0mremote: Counting objects:  49% (147/300)        [35m[sqlite.lua] [0m[36m     clone[0m[90m | [0mremote: Counting objects:  50% (150/300)        [35m[sqlite.lua] [0m[36m     clone[0m[90m | [0mremote: Counting objects:  51% (153/300)        [35m[sqlite.lua] [0m[36m     clone[0m[90m | [0mremote: Counting objects:  52% (156/300)        [35m[sqlite.lua] [0m[36m     clone[0m[90m | [0mremote: Counting objects:  53% (159/300)        [35m[sqlite.lua] [0m[36m     clone[0m[90m | [0mremote: Counting objects:  54% (162/300)        [35m[sqlite.lua] [0m[36m     clone[0m[90m | [0mremote: Counting objects:  55% (165/300)        [35m[sqlite.lua] [0m[36m     clone[0m[90m | [0mremote: Counting objects:  56% (168/300)        [35m[sqlite.lua] [0m[36m     clone[0m[90m | [0mremote: Counting objects:  57% (171/300)        [35m[sqlite.lua] [0m[36m     clone[0m[90m | [0mremote: Counting objects:  58% (174/300)        [35m[sqlite.lua] [0m[36m     clone[0m[90m | [0mremote: Counting objects:  59% (177/300)        [35m[sqlite.lua] [0m[36m     clone[0m[90m | [0mremote: Counting objects:  60% (180/300)        [35m[sqlite.lua] [0m[36m     clone[0m[90m | [0mremote: Counting objects:  61% (183/300)        [35m[sqlite.lua] [0m[36m     clone[0m[90m | [0mremote: Counting objects:  62% (186/300)        [35m[sqlite.lua] [0m[36m     clone[0m[90m | [0mremote: Counting objects:  63% (189/300)        [35m[sqlite.lua] [0m[36m     clone[0m[90m | [0mremote: Counting objects:  64% (192/300)        [35m[sqlite.lua] [0m[36m     clone[0m[90m | [0mremote: Counting objects:  65% (195/300)        [35m[sqlite.lua] [0m[36m     clone[0m[90m | [0mremote: Counting objects:  66% (198/300)        [35m[sqlite.lua] [0m[36m     clone[0m[90m | [0mremote: Counting objects:  67% (201/300)        [35m[sqlite.lua] [0m[36m     clone[0m[90m | [0mremote: Counting objects:  68% (204/300)        [35m[sqlite.lua] [0m[36m     clone[0m[90m | [0mremote: Counting objects:  69% (207/300)        [35m[sqlite.lua] [0m[36m     clone[0m[90m | [0mremote: Counting objects:  70% (210/300)        [35m[sqlite.lua] [0m[36m     clone[0m[90m | [0mremote: Counting objects:  71% (213/300)        [35m[sqlite.lua] [0m[36m     clone[0m[90m | [0mremote: Counting objects:  72% (216/300)        [35m[sqlite.lua] [0m[36m     clone[0m[90m | [0mremote: Counting objects:  73% (219/300)        [35m[sqlite.lua] [0m[36m     clone[0m[90m | [0mremote: Counting objects:  74% (222/300)        [35m[sqlite.lua] [0m[36m     clone[0m[90m | [0mremote: Counting objects:  75% (225/300)        [35m[sqlite.lua] [0m[36m     clone[0m[90m | [0mremote: Counting objects:  76% (228/300)        [35m[sqlite.lua] [0m[36m     clone[0m[90m | [0mremote: Counting objects:  77% (231/300)        [35m[sqlite.lua] [0m[36m     clone[0m[90m | [0mremote: Counting objects:  78% (234/300)        [35m[sqlite.lua] [0m[36m     clone[0m[90m | [0mremote: Counting objects:  79% (237/300)        [35m[sqlite.lua] [0m[36m     clone[0m[90m | [0mremote: Counting objects:  80% (240/300)        [35m[sqlite.lua] [0m[36m     clone[0m[90m | [0mremote: Counting objects:  81% (243/300)        [35m[sqlite.lua] [0m[36m     clone[0m[90m | [0mremote: Counting objects:  82% (246/300)        [35m[sqlite.lua] [0m[36m     clone[0m[90m | [0mremote: Counting objects:  83% (249/300)        [35m[sqlite.lua] [0m[36m     clone[0m[90m | [0mremote: Counting objects:  84% (252/300)        [35m[sqlite.lua] [0m[36m     clone[0m[90m | [0mremote: Counting objects:  85% (255/300)        [35m[sqlite.lua] [0m[36m     clone[0m[90m | [0mremote: Counting objects:  86% (258/300)        [35m[sqlite.lua] [0m[36m     clone[0m[90m | [0mremote: Counting objects:  87% (261/300)        [35m[sqlite.lua] [0m[36m     clone[0m[90m | [0mremote: Counting objects:  88% (264/300)        [35m[sqlite.lua] [0m[36m     clone[0m[90m | [0mremote: Counting objects:  89% (267/300)        [35m[sqlite.lua] [0m[36m     clone[0m[90m | [0mremote: Counting objects:  90% (270/300)        [35m[sqlite.lua] [0m[36m     clone[0m[90m | [0mremote: Counting objects:  91% (273/300)        [35m[sqlite.lua] [0m[36m     clone[0m[90m | [0mremote: Counting objects:  92% (276/300)        [35m[sqlite.lua] [0m[36m     clone[0m[90m | [0mremote: Counting objects:  93% (279/300)        [35m[sqlite.lua] [0m[36m     clone[0m[90m | [0mremote: Counting objects:  94% (282/300)        [35m[sqlite.lua] [0m[36m     clone[0m[90m | [0mremote: Counting objects:  95% (285/300)        [35m[sqlite.lua] [0m[36m     clone[0m[90m | [0mremote: Counting objects:  96% (288/300)        [35m[sqlite.lua] [0m[36m     clone[0m[90m | [0mremote: Counting objects:  97% (291/300)        [35m[sqlite.lua] [0m[36m     clone[0m[90m | [0mremote: Counting objects:  98% (294/300)        [35m[sqlite.lua] [0m[36m     clone[0m[90m | [0mremote: Counting objects:  99% (297/300)        [35m[sqlite.lua] [0m[36m     clone[0m[90m | [0mremote: Counting objects: 100% (300/300)        [35m[sqlite.lua] [0m[36m     clone[0m[90m | [0mremote: Counting objects: 100% (300/300), done.        
[35m[sqlite.lua] [0m[36m     clone[0m[90m | [0mremote: Compressing objects:   0% (1/169)        [35m[sqlite.lua] [0m[36m     clone[0m[90m | [0mremote: Compressing objects:   1% (2/169)        [35m[sqlite.lua] [0m[36m     clone[0m[90m | [0mremote: Compressing objects:   2% (4/169)        [35m[sqlite.lua] [0m[36m     clone[0m[90m | [0mremote: Compressing objects:   3% (6/169)        [35m[sqlite.lua] [0m[36m     clone[0m[90m | [0mremote: Compressing objects:   4% (7/169)        [35m[sqlite.lua] [0m[36m     clone[0m[90m | [0mremote: Compressing objects:   5% (9/169)        [35m[sqlite.lua] [0m[36m     clone[0m[90m | [0mremote: Compressing objects:   6% (11/169)        [35m[sqlite.lua] [0m[36m     clone[0m[90m | [0mremote: Compressing objects:   7% (12/169)        [35m[sqlite.lua] [0m[36m     clone[0m[90m | [0mremote: Compressing objects:   8% (14/169)        [35m[sqlite.lua] [0m[36m     clone[0m[90m | [0mremote: Compressing objects:   9% (16/169)        [35m[sqlite.lua] [0m[36m     clone[0m[90m | [0mremote: Compressing objects:  10% (17/169)        [35m[sqlite.lua] [0m[36m     clone[0m[90m | [0mremote: Compressing objects:  11% (19/169)        [35m[sqlite.lua] [0m[36m     clone[0m[90m | [0mremote: Compressing objects:  12% (21/169)        [35m[sqlite.lua] [0m[36m     clone[0m[90m | [0mremote: Compressing objects:  13% (22/169)        [35m[sqlite.lua] [0m[36m     clone[0m[90m | [0mremote: Compressing objects:  14% (24/169)        [35m[sqlite.lua] [0m[36m     clone[0m[90m | [0mremote: Compressing objects:  15% (26/169)        [35m[sqlite.lua] [0m[36m     clone[0m[90m | [0mremote: Compressing objects:  16% (28/169)        [35m[sqlite.lua] [0m[36m     clone[0m[90m | [0mremote: Compressing objects:  17% (29/169)        [35m[sqlite.lua] [0m[36m     clone[0m[90m | [0mremote: Compressing objects:  18% (31/169)        [35m[sqlite.lua] [0m[36m     clone[0m[90m | [0mremote: Compressing objects:  19% (33/169)        [35m[sqlite.lua] [0m[36m     clone[0m[90m | [0mremote: Compressing objects:  20% (34/169)        [35m[sqlite.lua] [0m[36m     clone[0m[90m | [0mremote: Compressing objects:  21% (36/169)        [35m[sqlite.lua] [0m[36m     clone[0m[90m | [0mremote: Compressing objects:  22% (38/169)        [35m[sqlite.lua] [0m[36m     clone[0m[90m | [0mremote: Compressing objects:  23% (39/169)        [35m[sqlite.lua] [0m[36m     clone[0m[90m | [0mremote: Compressing objects:  24% (41/169)        [35m[sqlite.lua] [0m[36m     clone[0m[90m | [0mremote: Compressing objects:  25% (43/169)        [35m[sqlite.lua] [0m[36m     clone[0m[90m | [0mremote: Compressing objects:  26% (44/169)        [35m[sqlite.lua] [0m[36m     clone[0m[90m | [0mremote: Compressing objects:  27% (46/169)        [35m[sqlite.lua] [0m[36m     clone[0m[90m | [0mremote: Compressing objects:  28% (48/169)        [35m[sqlite.lua] [0m[36m     clone[0m[90m | [0mremote: Compressing objects:  29% (50/169)        [35m[sqlite.lua] [0m[36m     clone[0m[90m | [0mremote: Compressing objects:  30% (51/169)        [35m[sqlite.lua] [0m[36m     clone[0m[90m | [0mremote: Compressing objects:  31% (53/169)        [35m[sqlite.lua] [0m[36m     clone[0m[90m | [0mremote: Compressing objects:  32% (55/169)        [35m[sqlite.lua] [0m[36m     clone[0m[90m | [0mremote: Compressing objects:  33% (56/169)        [35m[sqlite.lua] [0m[36m     clone[0m[90m | [0mremote: Compressing objects:  34% (58/169)        [35m[sqlite.lua] [0m[36m     clone[0m[90m | [0mremote: Compressing objects:  35% (60/169)        [35m[sqlite.lua] [0m[36m     clone[0m[90m | [0mremote: Compressing objects:  36% (61/169)        [35m[sqlite.lua] [0m[36m     clone[0m[90m | [0mremote: Compressing objects:  37% (63/169)        [35m[sqlite.lua] [0m[36m     clone[0m[90m | [0mremote: Compressing objects:  38% (65/169)        [35m[sqlite.lua] [0m[36m     clone[0m[90m | [0mremote: Compressing objects:  39% (66/169)        [35m[sqlite.lua] [0m[36m     clone[0m[90m | [0mremote: Compressing objects:  40% (68/169)        [35m[sqlite.lua] [0m[36m     clone[0m[90m | [0mremote: Compressing objects:  41% (70/169)        [35m[sqlite.lua] [0m[36m     clone[0m[90m | [0mremote: Compressing objects:  42% (71/169)        [35m[sqlite.lua] [0m[36m     clone[0m[90m | [0mremote: Compressing objects:  43% (73/169)        [35m[sqlite.lua] [0m[36m     clone[0m[90m | [0mremote: Compressing objects:  44% (75/169)        [35m[sqlite.lua] [0m[36m     clone[0m[90m | [0mremote: Compressing objects:  45% (77/169)        [35m[sqlite.lua] [0m[36m     clone[0m[90m | [0mremote: Compressing objects:  46% (78/169)        [35m[sqlite.lua] [0m[36m     clone[0m[90m | [0mremote: Compressing objects:  47% (80/169)        [35m[sqlite.lua] [0m[36m     clone[0m[90m | [0mremote: Compressing objects:  48% (82/169)        [35m[sqlite.lua] [0m[36m     clone[0m[90m | [0mremote: Compressing objects:  49% (83/169)        [35m[sqlite.lua] [0m[36m     clone[0m[90m | [0mremote: Compressing objects:  50% (85/169)        [35m[sqlite.lua] [0m[36m     clone[0m[90m | [0mremote: Compressing objects:  51% (87/169)        [35m[sqlite.lua] [0m[36m     clone[0m[90m | [0mremote: Compressing objects:  52% (88/169)        [35m[sqlite.lua] [0m[36m     clone[0m[90m | [0mremote: Compressing objects:  53% (90/169)        [35m[sqlite.lua] [0m[36m     clone[0m[90m | [0mremote: Compressing objects:  54% (92/169)        [35m[sqlite.lua] [0m[36m     clone[0m[90m | [0mremote: Compressing objects:  55% (93/169)        [35m[sqlite.lua] [0m[36m     clone[0m[90m | [0mremote: Compressing objects:  56% (95/169)        [35m[sqlite.lua] [0m[36m     clone[0m[90m | [0mremote: Compressing objects:  57% (97/169)        [35m[sqlite.lua] [0m[36m     clone[0m[90m | [0mremote: Compressing objects:  58% (99/169)        [35m[sqlite.lua] [0m[36m     clone[0m[90m | [0mremote: Compressing objects:  59% (100/169)        [35m[sqlite.lua] [0m[36m     clone[0m[90m | [0mremote: Compressing objects:  60% (102/169)        [35m[sqlite.lua] [0m[36m     clone[0m[90m | [0mremote: Compressing objects:  61% (104/169)        [35m[sqlite.lua] [0m[36m     clone[0m[90m | [0mremote: Compressing objects:  62% (105/169)        [35m[sqlite.lua] [0m[36m     clone[0m[90m | [0mremote: Compressing objects:  63% (107/169)        [35m[sqlite.lua] [0m[36m     clone[0m[90m | [0mremote: Compressing objects:  64% (109/169)        [35m[sqlite.lua] [0m[36m     clone[0m[90m | [0mremote: Compressing objects:  65% (110/169)        [35m[sqlite.lua] [0m[36m     clone[0m[90m | [0mremote: Compressing objects:  66% (112/169)        [35m[sqlite.lua] [0m[36m     clone[0m[90m | [0mremote: Compressing objects:  67% (114/169)        [35m[sqlite.lua] [0m[36m     clone[0m[90m | [0mremote: Compressing objects:  68% (115/169)        [35m[sqlite.lua] [0m[36m     clone[0m[90m | [0mremote: Compressing objects:  69% (117/169)        [35m[sqlite.lua] [0m[36m     clone[0m[90m | [0mremote: Compressing objects:  70% (119/169)        [35m[sqlite.lua] [0m[36m     clone[0m[90m | [0mremote: Compressing objects:  71% (120/169)        [35m[sqlite.lua] [0m[36m     clone[0m[90m | [0mremote: Compressing objects:  72% (122/169)        [35m[sqlite.lua] [0m[36m     clone[0m[90m | [0mremote: Compressing objects:  73% (124/169)        [35m[sqlite.lua] [0m[36m     clone[0m[90m | [0mremote: Compressing objects:  74% (126/169)        [35m[sqlite.lua] [0m[36m     clone[0m[90m | [0mremote: Compressing objects:  75% (127/169)        [35m[sqlite.lua] [0m[36m     clone[0m[90m | [0mremote: Compressing objects:  76% (129/169)        [35m[sqlite.lua] [0m[36m     clone[0m[90m | [0mremote: Compressing objects:  77% (131/169)        [35m[sqlite.lua] [0m[36m     clone[0m[90m | [0mremote: Compressing objects:  78% (132/169)        [35m[sqlite.lua] [0m[36m     clone[0m[90m | [0mremote: Compressing objects:  79% (134/169)        [35m[sqlite.lua] [0m[36m     clone[0m[90m | [0mremote: Compressing objects:  80% (136/169)        [35m[sqlite.lua] [0m[36m     clone[0m[90m | [0mremote: Compressing objects:  81% (137/169)        [35m[sqlite.lua] [0m[36m     clone[0m[90m | [0mremote: Compressing objects:  82% (139/169)        [35m[sqlite.lua] [0m[36m     clone[0m[90m | [0mremote: Compressing objects:  83% (141/169)        [35m[sqlite.lua] [0m[36m     clone[0m[90m | [0mremote: Compressing objects:  84% (142/169)        [35m[sqlite.lua] [0m[36m     clone[0m[90m | [0mremote: Compressing objects:  85% (144/169)        [35m[catppuccin] [0m[36m      docs[0m[90m | [0m[34mRunning task docs[0m
[35m[catppuccin] [0m[36m      docs[0m[90m | [0m
[35m[catppuccin] [0m[36m      docs[0m[90m | [0m[34mFinished task docs in 29ms[0m
[35m[sqlite.lua] [0m[36m     clone[0m[90m | [0mremote: Compressing objects:  86% (146/169)        [35m[sqlite.lua] [0m[36m     clone[0m[90m | [0mremote: Compressing objects:  87% (148/169)        [35m[sqlite.lua] [0m[36m     clone[0m[90m | [0mremote: Compressing objects:  88% (149/169)        [35m[sqlite.lua] [0m[36m     clone[0m[90m | [0mremote: Compressing objects:  89% (151/169)        [35m[sqlite.lua] [0m[36m     clone[0m[90m | [0mremote: Compressing objects:  90% (153/169)        [35m[sqlite.lua] [0m[36m     clone[0m[90m | [0mremote: Compressing objects:  91% (154/169)        [35m[sqlite.lua] [0m[36m     clone[0m[90m | [0mremote: Compressing objects:  92% (156/169)        [35m[sqlite.lua] [0m[36m     clone[0m[90m | [0mremote: Compressing objects:  93% (158/169)        [35m[sqlite.lua] [0m[36m     clone[0m[90m | [0mremote: Compressing objects:  94% (159/169)        [35m[sqlite.lua] [0m[36m     clone[0m[90m | [0mremote: Compressing objects:  95% (161/169)        [35m[sqlite.lua] [0m[36m     clone[0m[90m | [0mremote: Compressing objects:  96% (163/169)        [35m[sqlite.lua] [0m[36m     clone[0m[90m | [0mremote: Compressing objects:  97% (164/169)        [35m[sqlite.lua] [0m[36m     clone[0m[90m | [0mremote: Compressing objects:  98% (166/169)        [35m[sqlite.lua] [0m[36m     clone[0m[90m | [0mremote: Compressing objects:  99% (168/169)        [35m[sqlite.lua] [0m[36m     clone[0m[90m | [0mremote: Compressing objects: 100% (169/169)        [35m[sqlite.lua] [0m[36m     clone[0m[90m | [0mremote: Compressing objects: 100% (169/169), done.        
[35m[gitsigns.nvim] [0m[36m   docs[0m[90m | [0m[34mRunning task docs[0m
[35m[gitsigns.nvim] [0m[36m   docs[0m[90m | [0m
[35m[gitsigns.nvim] [0m[36m   docs[0m[90m | [0m[34mFinished task docs in 50ms[0m
[35m[legendary.nvim] [0m[36m  docs[0m[90m | [0m[34mRunning task docs[0m
[35m[legendary.nvim] [0m[36m  docs[0m[90m | [0m
[35m[legendary.nvim] [0m[36m  docs[0m[90m | [0m[34mFinished task docs in 241ms[0m
[35m[fzf-lua] [0m[36m        clone[0m[90m | [0m[34mFinished task clone in 17418ms[0m
[35m[nvim-cmp] [0m[36m       clone[0m[90m | [0m[34mFinished task clone in 17418ms[0m
[35m[snacks.nvim] [0m[36m    clone[0m[90m | [0mReceiving objects:   0% (1/13280)[35m[fzf-lua] [0m[36m     checkout[0m[90m | [0m[34mRunning task checkout[0m
[35m[fzf-lua] [0m[36m     checkout[0m[90m | [0m[34mFinished task checkout in 4ms[0m
[35m[nvim-cmp] [0m[36m    checkout[0m[90m | [0m[34mRunning task checkout[0m
[35m[fzf-lua] [0m[36m         docs[0m[90m | [0m[34mRunning task docs[0m
[35m[fzf-lua] [0m[36m         docs[0m[90m | [0m
[35m[fzf-lua] [0m[36m         docs[0m[90m | [0m[34mFinished task docs in 40ms[0m
[35m[promise-async] [0m[36m  clone[0m[90m | [0mReceiving objects:   0% (1/192)[35m[promise-async] [0m[36m  clone[0m[90m | [0mReceiving objects:   1% (2/192)[35m[promise-async] [0m[36m  clone[0m[90m | [0mReceiving objects:   2% (4/192)[35m[promise-async] [0m[36m  clone[0m[90m | [0mReceiving objects:   3% (6/192)[35m[promise-async] [0m[36m  clone[0m[90m | [0mReceiving objects:   4% (8/192)[35m[promise-async] [0m[36m  clone[0m[90m | [0mReceiving objects:   5% (10/192)[35m[promise-async] [0m[36m  clone[0m[90m | [0mReceiving objects:   6% (12/192)[35m[promise-async] [0m[36m  clone[0m[90m | [0mReceiving objects:   7% (14/192)[35m[promise-async] [0m[36m  clone[0m[90m | [0mReceiving objects:   8% (16/192)[35m[promise-async] [0m[36m  clone[0m[90m | [0mReceiving objects:   9% (18/192)[35m[promise-async] [0m[36m  clone[0m[90m | [0mReceiving objects:  10% (20/192)[35m[promise-async] [0m[36m  clone[0m[90m | [0mReceiving objects:  11% (22/192)[35m[promise-async] [0m[36m  clone[0m[90m | [0mReceiving objects:  12% (24/192)[35m[promise-async] [0m[36m  clone[0m[90m | [0mReceiving objects:  13% (25/192)[35m[promise-async] [0m[36m  clone[0m[90m | [0mReceiving objects:  14% (27/192)[35m[promise-async] [0m[36m  clone[0m[90m | [0mReceiving objects:  15% (29/192)[35m[promise-async] [0m[36m  clone[0m[90m | [0mReceiving objects:  16% (31/192)[35m[promise-async] [0m[36m  clone[0m[90m | [0mReceiving objects:  17% (33/192)[35m[promise-async] [0m[36m  clone[0m[90m | [0mReceiving objects:  18% (35/192)[35m[promise-async] [0m[36m  clone[0m[90m | [0mReceiving objects:  19% (37/192)[35m[promise-async] [0m[36m  clone[0m[90m | [0mReceiving objects:  20% (39/192)[35m[promise-async] [0m[36m  clone[0m[90m | [0mReceiving objects:  21% (41/192)[35m[promise-async] [0m[36m  clone[0m[90m | [0mReceiving objects:  22% (43/192)[35m[promise-async] [0m[36m  clone[0m[90m | [0mReceiving objects:  23% (45/192)[35m[promise-async] [0m[36m  clone[0m[90m | [0mReceiving objects:  24% (47/192)[35m[promise-async] [0m[36m  clone[0m[90m | [0mReceiving objects:  25% (48/192)[35m[promise-async] [0m[36m  clone[0m[90m | [0mReceiving objects:  26% (50/192)[35m[promise-async] [0m[36m  clone[0m[90m | [0mReceiving objects:  27% (52/192)[35m[promise-async] [0m[36m  clone[0m[90m | [0mReceiving objects:  28% (54/192)[35m[promise-async] [0m[36m  clone[0m[90m | [0mReceiving objects:  29% (56/192)[35m[promise-async] [0m[36m  clone[0m[90m | [0mReceiving objects:  30% (58/192)[35m[promise-async] [0m[36m  clone[0m[90m | [0mReceiving objects:  31% (60/192)[35m[promise-async] [0m[36m  clone[0m[90m | [0mReceiving objects:  32% (62/192)[35m[promise-async] [0m[36m  clone[0m[90m | [0mReceiving objects:  33% (64/192)[35m[promise-async] [0m[36m  clone[0m[90m | [0mremote: Total 192 (delta 78), reused 175 (delta 76), pack-reused 15 (from 1)        
[35m[promise-async] [0m[36m  clone[0m[90m | [0mReceiving objects:  34% (66/192)[35m[promise-async] [0m[36m  clone[0m[90m | [0mReceiving objects:  35% (68/192)[35m[promise-async] [0m[36m  clone[0m[90m | [0mReceiving objects:  36% (70/192)[35m[promise-async] [0m[36m  clone[0m[90m | [0mReceiving objects:  37% (72/192)[35m[promise-async] [0m[36m  clone[0m[90m | [0mReceiving objects:  38% (73/192)[35m[promise-async] [0m[36m  clone[0m[90m | [0mReceiving objects:  39% (75/192)[35m[promise-async] [0m[36m  clone[0m[90m | [0mReceiving objects:  40% (77/192)[35m[promise-async] [0m[36m  clone[0m[90m | [0mReceiving objects:  41% (79/192)[35m[promise-async] [0m[36m  clone[0m[90m | [0mReceiving objects:  42% (81/192)[35m[promise-async] [0m[36m  clone[0m[90m | [0mReceiving objects:  43% (83/192)[35m[promise-async] [0m[36m  clone[0m[90m | [0mReceiving objects:  44% (85/192)[35m[promise-async] [0m[36m  clone[0m[90m | [0mReceiving objects:  45% (87/192)[35m[promise-async] [0m[36m  clone[0m[90m | [0mReceiving objects:  46% (89/192)[35m[promise-async] [0m[36m  clone[0m[90m | [0mReceiving objects:  47% (91/192)[35m[promise-async] [0m[36m  clone[0m[90m | [0mReceiving objects:  48% (93/192)[35m[promise-async] [0m[36m  clone[0m[90m | [0mReceiving objects:  49% (95/192)[35m[promise-async] [0m[36m  clone[0m[90m | [0mReceiving objects:  50% (96/192)[35m[promise-async] [0m[36m  clone[0m[90m | [0mReceiving objects:  51% (98/192)[35m[promise-async] [0m[36m  clone[0m[90m | [0mReceiving objects:  52% (100/192)[35m[promise-async] [0m[36m  clone[0m[90m | [0mReceiving objects:  53% (102/192)[35m[promise-async] [0m[36m  clone[0m[90m | [0mReceiving objects:  54% (104/192)[35m[promise-async] [0m[36m  clone[0m[90m | [0mReceiving objects:  55% (106/192)[35m[promise-async] [0m[36m  clone[0m[90m | [0mReceiving objects:  56% (108/192)[35m[promise-async] [0m[36m  clone[0m[90m | [0mReceiving objects:  57% (110/192)[35m[promise-async] [0m[36m  clone[0m[90m | [0mReceiving objects:  58% (112/192)[35m[promise-async] [0m[36m  clone[0m[90m | [0mReceiving objects:  59% (114/192)[35m[promise-async] [0m[36m  clone[0m[90m | [0mReceiving objects:  60% (116/192)[35m[promise-async] [0m[36m  clone[0m[90m | [0mReceiving objects:  61% (118/192)[35m[promise-async] [0m[36m  clone[0m[90m | [0mReceiving objects:  62% (120/192)[35m[promise-async] [0m[36m  clone[0m[90m | [0mReceiving objects:  63% (121/192)[35m[promise-async] [0m[36m  clone[0m[90m | [0mReceiving objects:  64% (123/192)[35m[promise-async] [0m[36m  clone[0m[90m | [0mReceiving objects:  65% (125/192)[35m[promise-async] [0m[36m  clone[0m[90m | [0mReceiving objects:  66% (127/192)[35m[promise-async] [0m[36m  clone[0m[90m | [0mReceiving objects:  67% (129/192)[35m[promise-async] [0m[36m  clone[0m[90m | [0mReceiving objects:  68% (131/192)[35m[promise-async] [0m[36m  clone[0m[90m | [0mReceiving objects:  69% (133/192)[35m[promise-async] [0m[36m  clone[0m[90m | [0mReceiving objects:  70% (135/192)[35m[promise-async] [0m[36m  clone[0m[90m | [0mReceiving objects:  71% (137/192)[35m[promise-async] [0m[36m  clone[0m[90m | [0mReceiving objects:  72% (139/192)[35m[promise-async] [0m[36m  clone[0m[90m | [0mReceiving objects:  73% (141/192)[35m[promise-async] [0m[36m  clone[0m[90m | [0mReceiving objects:  74% (143/192)[35m[promise-async] [0m[36m  clone[0m[90m | [0mReceiving objects:  75% (144/192)[35m[promise-async] [0m[36m  clone[0m[90m | [0mReceiving objects:  76% (146/192)[35m[promise-async] [0m[36m  clone[0m[90m | [0mReceiving objects:  77% (148/192)[35m[promise-async] [0m[36m  clone[0m[90m | [0mReceiving objects:  78% (150/192)[35m[promise-async] [0m[36m  clone[0m[90m | [0mReceiving objects:  79% (152/192)[35m[promise-async] [0m[36m  clone[0m[90m | [0mReceiving objects:  80% (154/192)[35m[promise-async] [0m[36m  clone[0m[90m | [0mReceiving objects:  81% (156/192)[35m[promise-async] [0m[36m  clone[0m[90m | [0mReceiving objects:  82% (158/192)[35m[promise-async] [0m[36m  clone[0m[90m | [0mReceiving objects:  83% (160/192)[35m[promise-async] [0m[36m  clone[0m[90m | [0mReceiving objects:  84% (162/192)[35m[promise-async] [0m[36m  clone[0m[90m | [0mReceiving objects:  85% (164/192)[35m[promise-async] [0m[36m  clone[0m[90m | [0mReceiving objects:  86% (166/192)[35m[promise-async] [0m[36m  clone[0m[90m | [0mReceiving objects:  87% (168/192)[35m[promise-async] [0m[36m  clone[0m[90m | [0mReceiving objects:  88% (169/192)[35m[promise-async] [0m[36m  clone[0m[90m | [0mReceiving objects:  89% (171/192)[35m[promise-async] [0m[36m  clone[0m[90m | [0mReceiving objects:  90% (173/192)[35m[promise-async] [0m[36m  clone[0m[90m | [0mReceiving objects:  91% (175/192)[35m[promise-async] [0m[36m  clone[0m[90m | [0mReceiving objects:  92% (177/192)[35m[promise-async] [0m[36m  clone[0m[90m | [0mReceiving objects:  93% (179/192)[35m[promise-async] [0m[36m  clone[0m[90m | [0mReceiving objects:  94% (181/192)[35m[promise-async] [0m[36m  clone[0m[90m | [0mReceiving objects:  95% (183/192)[35m[promise-async] [0m[36m  clone[0m[90m | [0mReceiving objects:  96% (185/192)[35m[promise-async] [0m[36m  clone[0m[90m | [0mReceiving objects:  97% (187/192)[35m[promise-async] [0m[36m  clone[0m[90m | [0mReceiving objects:  98% (189/192)[35m[promise-async] [0m[36m  clone[0m[90m | [0mReceiving objects:  99% (191/192)[35m[promise-async] [0m[36m  clone[0m[90m | [0mReceiving objects: 100% (192/192)[35m[promise-async] [0m[36m  clone[0m[90m | [0mReceiving objects: 100% (192/192), 22.79 KiB | 4.56 MiB/s, done.
[35m[promise-async] [0m[36m  clone[0m[90m | [0mResolving deltas:   0% (0/79)[35m[promise-async] [0m[36m  clone[0m[90m | [0mResolving deltas:   1% (1/79)[35m[promise-async] [0m[36m  clone[0m[90m | [0mResolving deltas:   2% (2/79)[35m[promise-async] [0m[36m  clone[0m[90m | [0mResolving deltas:   3% (3/79)[35m[promise-async] [0m[36m  clone[0m[90m | [0mResolving deltas:   5% (4/79)[35m[promise-async] [0m[36m  clone[0m[90m | [0mResolving deltas:   6% (5/79)[35m[promise-async] [0m[36m  clone[0m[90m | [0mResolving deltas:   7% (6/79)[35m[promise-async] [0m[36m  clone[0m[90m | [0mResolving deltas:   8% (7/79)[35m[promise-async] [0m[36m  clone[0m[90m | [0mResolving deltas:  10% (8/79)[35m[promise-async] [0m[36m  clone[0m[90m | [0mResolving deltas:  11% (9/79)[35m[promise-async] [0m[36m  clone[0m[90m | [0mResolving deltas:  12% (10/79)[35m[promise-async] [0m[36m  clone[0m[90m | [0mResolving deltas:  13% (11/79)[35m[promise-async] [0m[36m  clone[0m[90m | [0mResolving deltas:  15% (12/79)[35m[promise-async] [0m[36m  clone[0m[90m | [0mResolving deltas:  16% (13/79)[35m[promise-async] [0m[36m  clone[0m[90m | [0mResolving deltas:  17% (14/79)[35m[promise-async] [0m[36m  clone[0m[90m | [0mResolving deltas:  18% (15/79)[35m[promise-async] [0m[36m  clone[0m[90m | [0mResolving deltas:  20% (16/79)[35m[promise-async] [0m[36m  clone[0m[90m | [0mResolving deltas:  21% (17/79)[35m[promise-async] [0m[36m  clone[0m[90m | [0mResolving deltas:  22% (18/79)[35m[promise-async] [0m[36m  clone[0m[90m | [0mResolving deltas:  24% (19/79)[35m[promise-async] [0m[36m  clone[0m[90m | [0mResolving deltas:  25% (20/79)[35m[promise-async] [0m[36m  clone[0m[90m | [0mResolving deltas:  26% (21/79)[35m[promise-async] [0m[36m  clone[0m[90m | [0mResolving deltas:  27% (22/79)[35m[promise-async] [0m[36m  clone[0m[90m | [0mResolving deltas:  29% (23/79)[35m[promise-async] [0m[36m  clone[0m[90m | [0mResolving deltas:  30% (24/79)[35m[promise-async] [0m[36m  clone[0m[90m | [0mResolving deltas:  31% (25/79)[35m[promise-async] [0m[36m  clone[0m[90m | [0mResolving deltas:  32% (26/79)[35m[promise-async] [0m[36m  clone[0m[90m | [0mResolving deltas:  34% (27/79)[35m[promise-async] [0m[36m  clone[0m[90m | [0mResolving deltas:  35% (28/79)[35m[promise-async] [0m[36m  clone[0m[90m | [0mResolving deltas:  36% (29/79)[35m[promise-async] [0m[36m  clone[0m[90m | [0mResolving deltas:  37% (30/79)[35m[promise-async] [0m[36m  clone[0m[90m | [0mResolving deltas:  39% (31/79)[35m[promise-async] [0m[36m  clone[0m[90m | [0mResolving deltas:  40% (32/79)[35m[promise-async] [0m[36m  clone[0m[90m | [0mResolving deltas:  41% (33/79)[35m[promise-async] [0m[36m  clone[0m[90m | [0mResolving deltas:  43% (34/79)[35m[promise-async] [0m[36m  clone[0m[90m | [0mResolving deltas:  44% (35/79)[35m[promise-async] [0m[36m  clone[0m[90m | [0mResolving deltas:  45% (36/79)[35m[promise-async] [0m[36m  clone[0m[90m | [0mResolving deltas:  46% (37/79)[35m[promise-async] [0m[36m  clone[0m[90m | [0mResolving deltas:  48% (38/79)[35m[promise-async] [0m[36m  clone[0m[90m | [0mResolving deltas:  49% (39/79)[35m[promise-async] [0m[36m  clone[0m[90m | [0mResolving deltas:  50% (40/79)[35m[promise-async] [0m[36m  clone[0m[90m | [0mResolving deltas:  51% (41/79)[35m[promise-async] [0m[36m  clone[0m[90m | [0mResolving deltas:  54% (43/79)[35m[promise-async] [0m[36m  clone[0m[90m | [0mResolving deltas:  55% (44/79)[35m[promise-async] [0m[36m  clone[0m[90m | [0mResolving deltas:  56% (45/79)[35m[promise-async] [0m[36m  clone[0m[90m | [0mResolving deltas:  58% (46/79)[35m[promise-async] [0m[36m  clone[0m[90m | [0mResolving deltas:  59% (47/79)[35m[promise-async] [0m[36m  clone[0m[90m | [0mResolving deltas:  62% (49/79)[35m[promise-async] [0m[36m  clone[0m[90m | [0mResolving deltas:  63% (50/79)[35m[promise-async] [0m[36m  clone[0m[90m | [0mResolving deltas:  65% (52/79)[35m[promise-async] [0m[36m  clone[0m[90m | [0mResolving deltas:  67% (53/79)[35m[promise-async] [0m[36m  clone[0m[90m | [0mResolving deltas:  68% (54/79)[35m[promise-async] [0m[36m  clone[0m[90m | [0mResolving deltas:  69% (55/79)[35m[promise-async] [0m[36m  clone[0m[90m | [0mResolving deltas:  70% (56/79)[35m[promise-async] [0m[36m  clone[0m[90m | [0mResolving deltas:  73% (58/79)[35m[promise-async] [0m[36m  clone[0m[90m | [0mResolving deltas:  74% (59/79)[35m[promise-async] [0m[36m  clone[0m[90m | [0mResolving deltas:  75% (60/79)[35m[promise-async] [0m[36m  clone[0m[90m | [0mResolving deltas:  77% (61/79)[35m[promise-async] [0m[36m  clone[0m[90m | [0mResolving deltas:  78% (62/79)[35m[promise-async] [0m[36m  clone[0m[90m | [0mResolving deltas:  81% (64/79)[35m[promise-async] [0m[36m  clone[0m[90m | [0mResolving deltas:  82% (65/79)[35m[promise-async] [0m[36m  clone[0m[90m | [0mResolving deltas:  83% (66/79)[35m[promise-async] [0m[36m  clone[0m[90m | [0mResolving deltas:  84% (67/79)[35m[promise-async] [0m[36m  clone[0m[90m | [0mResolving deltas:  86% (68/79)[35m[promise-async] [0m[36m  clone[0m[90m | [0mResolving deltas:  87% (69/79)[35m[promise-async] [0m[36m  clone[0m[90m | [0mResolving deltas:  88% (70/79)[35m[promise-async] [0m[36m  clone[0m[90m | [0mResolving deltas:  89% (71/79)[35m[promise-async] [0m[36m  clone[0m[90m | [0mResolving deltas:  91% (72/79)[35m[promise-async] [0m[36m  clone[0m[90m | [0mResolving deltas:  92% (73/79)[35m[promise-async] [0m[36m  clone[0m[90m | [0mResolving deltas:  93% (74/79)[35m[promise-async] [0m[36m  clone[0m[90m | [0mResolving deltas:  94% (75/79)[35m[promise-async] [0m[36m  clone[0m[90m | [0mResolving deltas:  96% (76/79)[35m[promise-async] [0m[36m  clone[0m[90m | [0mResolving deltas:  97% (77/79)[35m[promise-async] [0m[36m  clone[0m[90m | [0mResolving deltas:  98% (78/79)[35m[promise-async] [0m[36m  clone[0m[90m | [0mResolving deltas: 100% (79/79)[35m[snacks.nvim] [0m[36m    clone[0m[90m | [0mReceiving objects:   1% (133/13280)[35m[snacks.nvim] [0m[36m    clone[0m[90m | [0mReceiving objects:   2% (266/13280)[35m[snacks.nvim] [0m[36m    clone[0m[90m | [0mReceiving objects:   3% (399/13280)[35m[nvim-lspconfig] [0m[36m clone[0m[90m | [0m[34mFinished task clone in 17488ms[0m
[35m[LazyVim] [0m[36m     checkout[0m[90m | [0m[34mFinished task checkout in 1555ms[0m
[35m[sqlite.lua] [0m[36m     clone[0m[90m | [0mReceiving objects:   0% (1/796)[35m[sqlite.lua] [0m[36m     clone[0m[90m | [0mReceiving objects:   1% (8/796)[35m[sqlite.lua] [0m[36m     clone[0m[90m | [0mReceiving objects:   2% (16/796)[35m[sqlite.lua] [0m[36m     clone[0m[90m | [0mReceiving objects:   3% (24/796)[35m[sqlite.lua] [0m[36m     clone[0m[90m | [0mReceiving objects:   4% (32/796)[35m[sqlite.lua] [0m[36m     clone[0m[90m | [0mReceiving objects:   5% (40/796)[35m[sqlite.lua] [0m[36m     clone[0m[90m | [0mReceiving objects:   6% (48/796)[35m[sqlite.lua] [0m[36m     clone[0m[90m | [0mReceiving objects:   7% (56/796)[35m[sqlite.lua] [0m[36m     clone[0m[90m | [0mReceiving objects:   8% (64/796)[35m[sqlite.lua] [0m[36m     clone[0m[90m | [0mReceiving objects:   9% (72/796)[35m[LazyVim] [0m[36m         docs[0m[90m | [0m[34mRunning task docs[0m
[35m[LazyVim] [0m[36m         docs[0m[90m | [0m
[35m[LazyVim] [0m[36m         docs[0m[90m | [0m[34mFinished task docs in 28ms[0m
[35m[sqlite.lua] [0m[36m     clone[0m[90m | [0mReceiving objects:  10% (80/796)[35m[sqlite.lua] [0m[36m     clone[0m[90m | [0mReceiving objects:  11% (88/796)[35m[nvim-lspconfig] [0m[36mcheckout[0m[90m | [0m[34mRunning task checkout[0m
[35m[nvim-lspconfig] [0m[36mcheckout[0m[90m | [0m[34mFinished task checkout in 39ms[0m
[35m[promise-async] [0m[36m  clone[0m[90m | [0mResolving deltas: 100% (79/79), done.
[35m[sqlite.lua] [0m[36m     clone[0m[90m | [0mReceiving objects:  12% (96/796)[35m[sqlite.lua] [0m[36m     clone[0m[90m | [0mReceiving objects:  13% (104/796)[35m[sqlite.lua] [0m[36m     clone[0m[90m | [0mReceiving objects:  14% (112/796)[35m[sqlite.lua] [0m[36m     clone[0m[90m | [0mReceiving objects:  15% (120/796)[35m[sqlite.lua] [0m[36m     clone[0m[90m | [0mReceiving objects:  16% (128/796)[35m[snacks.nvim] [0m[36m    clone[0m[90m | [0mReceiving objects:   4% (532/13280)[35m[sqlite.lua] [0m[36m     clone[0m[90m | [0mReceiving objects:  17% (136/796)[35m[sqlite.lua] [0m[36m     clone[0m[90m | [0mReceiving objects:  18% (144/796)[35m[sqlite.lua] [0m[36m     clone[0m[90m | [0mReceiving objects:  19% (152/796)[35m[sqlite.lua] [0m[36m     clone[0m[90m | [0mReceiving objects:  20% (160/796)[35m[sqlite.lua] [0m[36m     clone[0m[90m | [0mReceiving objects:  21% (168/796)[35m[sqlite.lua] [0m[36m     clone[0m[90m | [0mReceiving objects:  22% (176/796)[35m[nvim-lspconfig] [0m[36m  docs[0m[90m | [0m[34mRunning task docs[0m
[35m[nvim-lspconfig] [0m[36m  docs[0m[90m | [0m
[35m[nvim-lspconfig] [0m[36m  docs[0m[90m | [0m[34mFinished task docs in 35ms[0m
[35m[sqlite.lua] [0m[36m     clone[0m[90m | [0mReceiving objects:  23% (184/796)[35m[sqlite.lua] [0m[36m     clone[0m[90m | [0mReceiving objects:  24% (192/796)[35m[sqlite.lua] [0m[36m     clone[0m[90m | [0mReceiving objects:  25% (199/796)[35m[sqlite.lua] [0m[36m     clone[0m[90m | [0mReceiving objects:  26% (207/796)[35m[sqlite.lua] [0m[36m     clone[0m[90m | [0mReceiving objects:  27% (215/796)[35m[sqlite.lua] [0m[36m     clone[0m[90m | [0mReceiving objects:  28% (223/796)[35m[nvim-treesitter] [0m[36mclone[0m[90m | [0m[34mFinished task clone in 17564ms[0m
[35m[sqlite.lua] [0m[36m     clone[0m[90m | [0mReceiving objects:  29% (231/796)[35m[sqlite.lua] [0m[36m     clone[0m[90m | [0mReceiving objects:  30% (239/796)[35m[sqlite.lua] [0m[36m     clone[0m[90m | [0mReceiving objects:  31% (247/796)[35m[sqlite.lua] [0m[36m     clone[0m[90m | [0mReceiving objects:  32% (255/796)[35m[sqlite.lua] [0m[36m     clone[0m[90m | [0mReceiving objects:  33% (263/796)[35m[sqlite.lua] [0m[36m     clone[0m[90m | [0mReceiving objects:  34% (271/796)[35m[sqlite.lua] [0m[36m     clone[0m[90m | [0mReceiving objects:  35% (279/796)[35m[sqlite.lua] [0m[36m     clone[0m[90m | [0mReceiving objects:  36% (287/796)[35m[nvim-treesitter] [0m[36mcheckout[0m[90m | [0m[34mRunning task checkout[0m
[35m[nvim-treesitter] [0m[36mcheckout[0m[90m | [0m[34mFinished task checkout in 10ms[0m
[35m[nvim-web-devicons] [0m[36mclone[0m[90m | [0m[34mFinished task clone in 12993ms[0m
[35m[sqlite.lua] [0m[36m     clone[0m[90m | [0mReceiving objects:  37% (295/796)[35m[sqlite.lua] [0m[36m     clone[0m[90m | [0mReceiving objects:  38% (303/796)[35m[sqlite.lua] [0m[36m     clone[0m[90m | [0mReceiving objects:  39% (311/796)[35m[sqlite.lua] [0m[36m     clone[0m[90m | [0mReceiving objects:  40% (319/796)[35m[sqlite.lua] [0m[36m     clone[0m[90m | [0mReceiving objects:  41% (327/796)[35m[sqlite.lua] [0m[36m     clone[0m[90m | [0mReceiving objects:  42% (335/796)[35m[sqlite.lua] [0m[36m     clone[0m[90m | [0mReceiving objects:  43% (343/796)[35m[sqlite.lua] [0m[36m     clone[0m[90m | [0mReceiving objects:  44% (351/796)[35m[sqlite.lua] [0m[36m     clone[0m[90m | [0mReceiving objects:  45% (359/796)[35m[sqlite.lua] [0m[36m     clone[0m[90m | [0mReceiving objects:  46% (367/796)[35m[sqlite.lua] [0m[36m     clone[0m[90m | [0mReceiving objects:  47% (375/796)[35m[sqlite.lua] [0m[36m     clone[0m[90m | [0mReceiving objects:  48% (383/796)[35m[nvim-treesitter] [0m[36m docs[0m[90m | [0m[34mRunning task docs[0m
[35m[nvim-treesitter] [0m[36m docs[0m[90m | [0m
[35m[nvim-treesitter] [0m[36m docs[0m[90m | [0m[34mFinished task docs in 16ms[0m
[35m[sqlite.lua] [0m[36m     clone[0m[90m | [0mReceiving objects:  49% (391/796)[35m[sqlite.lua] [0m[36m     clone[0m[90m | [0mReceiving objects:  50% (398/796)[35m[sqlite.lua] [0m[36m     clone[0m[90m | [0mReceiving objects:  51% (406/796)[35m[sqlite.lua] [0m[36m     clone[0m[90m | [0mReceiving objects:  52% (414/796)[35m[nvim-web-devicons] [0m[36mcheckout[0m[90m | [0m[34mRunning task checkout[0m
[35m[nvim-web-devicons] [0m[36mcheckout[0m[90m | [0m[34mFinished task checkout in 19ms[0m
[35m[nvim-web-devicons] [0m[36mdocs[0m[90m | [0m[34mRunning task docs[0m
[35m[nvim-web-devicons] [0m[36mdocs[0m[90m | [0m[34mFinished task docs in 0ms[0m
[35m[sqlite.lua] [0m[36m     clone[0m[90m | [0mReceiving objects:  53% (422/796)[35m[sqlite.lua] [0m[36m     clone[0m[90m | [0mReceiving objects:  54% (430/796)[35m[sqlite.lua] [0m[36m     clone[0m[90m | [0mReceiving objects:  55% (438/796)[35m[sqlite.lua] [0m[36m     clone[0m[90m | [0mReceiving objects:  56% (446/796)[35m[sqlite.lua] [0m[36m     clone[0m[90m | [0mReceiving objects:  57% (454/796)[35m[sqlite.lua] [0m[36m     clone[0m[90m | [0mReceiving objects:  58% (462/796)[35m[sqlite.lua] [0m[36m     clone[0m[90m | [0mReceiving objects:  59% (470/796)[35m[sqlite.lua] [0m[36m     clone[0m[90m | [0mReceiving objects:  60% (478/796)[35m[sqlite.lua] [0m[36m     clone[0m[90m | [0mReceiving objects:  61% (486/796)[35m[sqlite.lua] [0m[36m     clone[0m[90m | [0mReceiving objects:  62% (494/796)[35m[sqlite.lua] [0m[36m     clone[0m[90m | [0mReceiving objects:  63% (502/796)[35m[sqlite.lua] [0m[36m     clone[0m[90m | [0mReceiving objects:  64% (510/796)[35m[sqlite.lua] [0m[36m     clone[0m[90m | [0mReceiving objects:  65% (518/796)[35m[sqlite.lua] [0m[36m     clone[0m[90m | [0mReceiving objects:  66% (526/796)[35m[sqlite.lua] [0m[36m     clone[0m[90m | [0mReceiving objects:  67% (534/796)[35m[sqlite.lua] [0m[36m     clone[0m[90m | [0mReceiving objects:  68% (542/796)[35m[sqlite.lua] [0m[36m     clone[0m[90m | [0mReceiving objects:  69% (550/796)[35m[sqlite.lua] [0m[36m     clone[0m[90m | [0mReceiving objects:  70% (558/796)[35m[sqlite.lua] [0m[36m     clone[0m[90m | [0mReceiving objects:  71% (566/796)[35m[sqlite.lua] [0m[36m     clone[0m[90m | [0mReceiving objects:  72% (574/796)[35m[sqlite.lua] [0m[36m     clone[0m[90m | [0mReceiving objects:  73% (582/796)[35m[sqlite.lua] [0m[36m     clone[0m[90m | [0mReceiving objects:  74% (590/796)[35m[sqlite.lua] [0m[36m     clone[0m[90m | [0mReceiving objects:  75% (597/796)[35m[sqlite.lua] [0m[36m     clone[0m[90m | [0mReceiving objects:  76% (605/796)[35m[sqlite.lua] [0m[36m     clone[0m[90m | [0mReceiving objects:  77% (613/796)[35m[sqlite.lua] [0m[36m     clone[0m[90m | [0mReceiving objects:  78% (621/796)[35m[sqlite.lua] [0m[36m     clone[0m[90m | [0mReceiving objects:  79% (629/796)[35m[sqlite.lua] [0m[36m     clone[0m[90m | [0mReceiving objects:  80% (637/796)[35m[sqlite.lua] [0m[36m     clone[0m[90m | [0mremote: Total 796 (delta 164), reused 222 (delta 125), pack-reused 496 (from 1)        
[35m[sqlite.lua] [0m[36m     clone[0m[90m | [0mReceiving objects:  81% (645/796)[35m[sqlite.lua] [0m[36m     clone[0m[90m | [0mReceiving objects:  82% (653/796)[35m[sqlite.lua] [0m[36m     clone[0m[90m | [0mReceiving objects:  83% (661/796)[35m[sqlite.lua] [0m[36m     clone[0m[90m | [0mReceiving objects:  84% (669/796)[35m[sqlite.lua] [0m[36m     clone[0m[90m | [0mReceiving objects:  85% (677/796)[35m[sqlite.lua] [0m[36m     clone[0m[90m | [0mReceiving objects:  86% (685/796)[35m[sqlite.lua] [0m[36m     clone[0m[90m | [0mReceiving objects:  87% (693/796)[35m[sqlite.lua] [0m[36m     clone[0m[90m | [0mReceiving objects:  88% (701/796)[35m[sqlite.lua] [0m[36m     clone[0m[90m | [0mReceiving objects:  89% (709/796)[35m[sqlite.lua] [0m[36m     clone[0m[90m | [0mReceiving objects:  90% (717/796)[35m[sqlite.lua] [0m[36m     clone[0m[90m | [0mReceiving objects:  91% (725/796)[35m[sqlite.lua] [0m[36m     clone[0m[90m | [0mReceiving objects:  92% (733/796)[35m[sqlite.lua] [0m[36m     clone[0m[90m | [0mReceiving objects:  93% (741/796)[35m[sqlite.lua] [0m[36m     clone[0m[90m | [0mReceiving objects:  94% (749/796)[35m[sqlite.lua] [0m[36m     clone[0m[90m | [0mReceiving objects:  95% (757/796)[35m[sqlite.lua] [0m[36m     clone[0m[90m | [0mReceiving objects:  96% (765/796)[35m[sqlite.lua] [0m[36m     clone[0m[90m | [0mReceiving objects:  97% (773/796)[35m[sqlite.lua] [0m[36m     clone[0m[90m | [0mReceiving objects:  98% (781/796)[35m[sqlite.lua] [0m[36m     clone[0m[90m | [0mReceiving objects:  99% (789/796)[35m[sqlite.lua] [0m[36m     clone[0m[90m | [0mReceiving objects: 100% (796/796)[35m[sqlite.lua] [0m[36m     clone[0m[90m | [0mReceiving objects: 100% (796/796), 127.00 KiB | 4.23 MiB/s, done.
[35m[sqlite.lua] [0m[36m     clone[0m[90m | [0mResolving deltas:   0% (0/295)[35m[sqlite.lua] [0m[36m     clone[0m[90m | [0mResolving deltas:   1% (3/295)[35m[sqlite.lua] [0m[36m     clone[0m[90m | [0mResolving deltas:   2% (6/295)[35m[sqlite.lua] [0m[36m     clone[0m[90m | [0mResolving deltas:   3% (9/295)[35m[sqlite.lua] [0m[36m     clone[0m[90m | [0mResolving deltas:   4% (12/295)[35m[sqlite.lua] [0m[36m     clone[0m[90m | [0mResolving deltas:   5% (15/295)[35m[sqlite.lua] [0m[36m     clone[0m[90m | [0mResolving deltas:   6% (18/295)[35m[sqlite.lua] [0m[36m     clone[0m[90m | [0mResolving deltas:   7% (21/295)[35m[sqlite.lua] [0m[36m     clone[0m[90m | [0mResolving deltas:   8% (24/295)[35m[sqlite.lua] [0m[36m     clone[0m[90m | [0mResolving deltas:   9% (27/295)[35m[sqlite.lua] [0m[36m     clone[0m[90m | [0mResolving deltas:  10% (30/295)[35m[sqlite.lua] [0m[36m     clone[0m[90m | [0mResolving deltas:  11% (33/295)[35m[sqlite.lua] [0m[36m     clone[0m[90m | [0mResolving deltas:  12% (36/295)[35m[sqlite.lua] [0m[36m     clone[0m[90m | [0mResolving deltas:  13% (39/295)[35m[sqlite.lua] [0m[36m     clone[0m[90m | [0mResolving deltas:  14% (42/295)[35m[sqlite.lua] [0m[36m     clone[0m[90m | [0mResolving deltas:  15% (45/295)[35m[sqlite.lua] [0m[36m     clone[0m[90m | [0mResolving deltas:  16% (48/295)[35m[sqlite.lua] [0m[36m     clone[0m[90m | [0mResolving deltas:  17% (51/295)[35m[sqlite.lua] [0m[36m     clone[0m[90m | [0mResolving deltas:  18% (54/295)[35m[sqlite.lua] [0m[36m     clone[0m[90m | [0mResolving deltas:  19% (57/295)[35m[sqlite.lua] [0m[36m     clone[0m[90m | [0mResolving deltas:  20% (59/295)[35m[sqlite.lua] [0m[36m     clone[0m[90m | [0mResolving deltas:  21% (62/295)[35m[sqlite.lua] [0m[36m     clone[0m[90m | [0mResolving deltas:  22% (65/295)[35m[sqlite.lua] [0m[36m     clone[0m[90m | [0mResolving deltas:  23% (68/295)[35m[sqlite.lua] [0m[36m     clone[0m[90m | [0mResolving deltas:  24% (71/295)[35m[sqlite.lua] [0m[36m     clone[0m[90m | [0mResolving deltas:  25% (74/295)[35m[sqlite.lua] [0m[36m     clone[0m[90m | [0mResolving deltas:  26% (77/295)[35m[sqlite.lua] [0m[36m     clone[0m[90m | [0mResolving deltas:  27% (80/295)[35m[sqlite.lua] [0m[36m     clone[0m[90m | [0mResolving deltas:  28% (83/295)[35m[sqlite.lua] [0m[36m     clone[0m[90m | [0mResolving deltas:  29% (86/295)[35m[sqlite.lua] [0m[36m     clone[0m[90m | [0mResolving deltas:  30% (89/295)[35m[sqlite.lua] [0m[36m     clone[0m[90m | [0mResolving deltas:  31% (92/295)[35m[sqlite.lua] [0m[36m     clone[0m[90m | [0mResolving deltas:  32% (95/295)[35m[sqlite.lua] [0m[36m     clone[0m[90m | [0mResolving deltas:  33% (98/295)[35m[sqlite.lua] [0m[36m     clone[0m[90m | [0mResolving deltas:  34% (101/295)[35m[sqlite.lua] [0m[36m     clone[0m[90m | [0mResolving deltas:  35% (104/295)[35m[sqlite.lua] [0m[36m     clone[0m[90m | [0mResolving deltas:  36% (107/295)[35m[sqlite.lua] [0m[36m     clone[0m[90m | [0mResolving deltas:  37% (110/295)[35m[sqlite.lua] [0m[36m     clone[0m[90m | [0mResolving deltas:  38% (114/295)[35m[sqlite.lua] [0m[36m     clone[0m[90m | [0mResolving deltas:  39% (116/295)[35m[sqlite.lua] [0m[36m     clone[0m[90m | [0mResolving deltas:  40% (118/295)[35m[sqlite.lua] [0m[36m     clone[0m[90m | [0mResolving deltas:  41% (121/295)[35m[sqlite.lua] [0m[36m     clone[0m[90m | [0mResolving deltas:  42% (124/295)[35m[sqlite.lua] [0m[36m     clone[0m[90m | [0mResolving deltas:  43% (127/295)[35m[sqlite.lua] [0m[36m     clone[0m[90m | [0mResolving deltas:  44% (130/295)[35m[sqlite.lua] [0m[36m     clone[0m[90m | [0mResolving deltas:  45% (133/295)[35m[sqlite.lua] [0m[36m     clone[0m[90m | [0mResolving deltas:  46% (136/295)[35m[sqlite.lua] [0m[36m     clone[0m[90m | [0mResolving deltas:  47% (139/295)[35m[sqlite.lua] [0m[36m     clone[0m[90m | [0mResolving deltas:  48% (142/295)[35m[sqlite.lua] [0m[36m     clone[0m[90m | [0mResolving deltas:  49% (145/295)[35m[sqlite.lua] [0m[36m     clone[0m[90m | [0mResolving deltas:  50% (148/295)[35m[sqlite.lua] [0m[36m     clone[0m[90m | [0mResolving deltas:  51% (151/295)[35m[sqlite.lua] [0m[36m     clone[0m[90m | [0mResolving deltas:  52% (154/295)[35m[sqlite.lua] [0m[36m     clone[0m[90m | [0mResolving deltas:  53% (157/295)[35m[sqlite.lua] [0m[36m     clone[0m[90m | [0mResolving deltas:  54% (160/295)[35m[sqlite.lua] [0m[36m     clone[0m[90m | [0mResolving deltas:  55% (163/295)[35m[sqlite.lua] [0m[36m     clone[0m[90m | [0mResolving deltas:  56% (166/295)[35m[sqlite.lua] [0m[36m     clone[0m[90m | [0mResolving deltas:  57% (169/295)[35m[sqlite.lua] [0m[36m     clone[0m[90m | [0mResolving deltas:  58% (172/295)[35m[sqlite.lua] [0m[36m     clone[0m[90m | [0mResolving deltas:  59% (175/295)[35m[sqlite.lua] [0m[36m     clone[0m[90m | [0mResolving deltas:  60% (177/295)[35m[sqlite.lua] [0m[36m     clone[0m[90m | [0mResolving deltas:  61% (180/295)[35m[sqlite.lua] [0m[36m     clone[0m[90m | [0mResolving deltas:  62% (183/295)[35m[sqlite.lua] [0m[36m     clone[0m[90m | [0mResolving deltas:  63% (186/295)[35m[sqlite.lua] [0m[36m     clone[0m[90m | [0mResolving deltas:  64% (189/295)[35m[sqlite.lua] [0m[36m     clone[0m[90m | [0mResolving deltas:  65% (192/295)[35m[sqlite.lua] [0m[36m     clone[0m[90m | [0mResolving deltas:  66% (195/295)[35m[sqlite.lua] [0m[36m     clone[0m[90m | [0mResolving deltas:  67% (198/295)[35m[sqlite.lua] [0m[36m     clone[0m[90m | [0mResolving deltas:  68% (201/295)[35m[sqlite.lua] [0m[36m     clone[0m[90m | [0mResolving deltas:  69% (204/295)[35m[sqlite.lua] [0m[36m     clone[0m[90m | [0mResolving deltas:  70% (207/295)[35m[sqlite.lua] [0m[36m     clone[0m[90m | [0mResolving deltas:  71% (210/295)[35m[sqlite.lua] [0m[36m     clone[0m[90m | [0mResolving deltas:  72% (213/295)[35m[sqlite.lua] [0m[36m     clone[0m[90m | [0mResolving deltas:  73% (216/295)[35m[sqlite.lua] [0m[36m     clone[0m[90m | [0mResolving deltas:  74% (219/295)[35m[sqlite.lua] [0m[36m     clone[0m[90m | [0mResolving deltas:  75% (222/295)[35m[sqlite.lua] [0m[36m     clone[0m[90m | [0mResolving deltas:  76% (225/295)[35m[sqlite.lua] [0m[36m     clone[0m[90m | [0mResolving deltas:  77% (228/295)[35m[sqlite.lua] [0m[36m     clone[0m[90m | [0mResolving deltas:  78% (231/295)[35m[sqlite.lua] [0m[36m     clone[0m[90m | [0mResolving deltas:  79% (234/295)[35m[sqlite.lua] [0m[36m     clone[0m[90m | [0mResolving deltas:  80% (236/295)[35m[sqlite.lua] [0m[36m     clone[0m[90m | [0mResolving deltas:  81% (239/295)[35m[sqlite.lua] [0m[36m     clone[0m[90m | [0mResolving deltas:  82% (242/295)[35m[sqlite.lua] [0m[36m     clone[0m[90m | [0mResolving deltas:  83% (245/295)[35m[sqlite.lua] [0m[36m     clone[0m[90m | [0mResolving deltas:  84% (248/295)[35m[sqlite.lua] [0m[36m     clone[0m[90m | [0mResolving deltas:  85% (251/295)[35m[sqlite.lua] [0m[36m     clone[0m[90m | [0mResolving deltas:  86% (254/295)[35m[sqlite.lua] [0m[36m     clone[0m[90m | [0mResolving deltas:  87% (257/295)[35m[sqlite.lua] [0m[36m     clone[0m[90m | [0mResolving deltas:  88% (260/295)[35m[sqlite.lua] [0m[36m     clone[0m[90m | [0mResolving deltas:  89% (263/295)[35m[sqlite.lua] [0m[36m     clone[0m[90m | [0mResolving deltas:  90% (266/295)[35m[sqlite.lua] [0m[36m     clone[0m[90m | [0mResolving deltas:  91% (269/295)[35m[sqlite.lua] [0m[36m     clone[0m[90m | [0mResolving deltas:  92% (272/295)[35m[sqlite.lua] [0m[36m     clone[0m[90m | [0mResolving deltas:  93% (275/295)[35m[sqlite.lua] [0m[36m     clone[0m[90m | [0mResolving deltas:  94% (278/295)[35m[sqlite.lua] [0m[36m     clone[0m[90m | [0mResolving deltas:  95% (281/295)[35m[sqlite.lua] [0m[36m     clone[0m[90m | [0mResolving deltas:  96% (284/295)[35m[sqlite.lua] [0m[36m     clone[0m[90m | [0mResolving deltas:  97% (287/295)[35m[sqlite.lua] [0m[36m     clone[0m[90m | [0mResolving deltas:  98% (290/295)[35m[sqlite.lua] [0m[36m     clone[0m[90m | [0mResolving deltas:  99% (293/295)[35m[sqlite.lua] [0m[36m     clone[0m[90m | [0mResolving deltas: 100% (295/295)[35m[sqlite.lua] [0m[36m     clone[0m[90m | [0mResolving deltas: 100% (295/295), done.
[35m[snacks.nvim] [0m[36m    clone[0m[90m | [0mReceiving objects:   5% (664/13280)[35m[snacks.nvim] [0m[36m    clone[0m[90m | [0mReceiving objects:   6% (797/13280)[35m[snacks.nvim] [0m[36m    clone[0m[90m | [0mReceiving objects:   7% (930/13280)[35m[snacks.nvim] [0m[36m    clone[0m[90m | [0mReceiving objects:   8% (1063/13280)[35m[snacks.nvim] [0m[36m    clone[0m[90m | [0mReceiving objects:   9% (1196/13280)[35m[vim-gutentags] [0m[36m  clone[0m[90m | [0mremote: Enumerating objects: 1044, done.        
[35m[vim-gutentags] [0m[36m  clone[0m[90m | [0mremote: Counting objects:   0% (1/103)        [35m[vim-gutentags] [0m[36m  clone[0m[90m | [0mremote: Counting objects:   1% (2/103)        [35m[vim-gutentags] [0m[36m  clone[0m[90m | [0mremote: Counting objects:   2% (3/103)        [35m[vim-gutentags] [0m[36m  clone[0m[90m | [0mremote: Counting objects:   3% (4/103)        [35m[vim-gutentags] [0m[36m  clone[0m[90m | [0mremote: Counting objects:   4% (5/103)        [35m[vim-gutentags] [0m[36m  clone[0m[90m | [0mremote: Counting objects:   5% (6/103)        [35m[vim-gutentags] [0m[36m  clone[0m[90m | [0mremote: Counting objects:   6% (7/103)        [35m[vim-gutentags] [0m[36m  clone[0m[90m | [0mremote: Counting objects:   7% (8/103)        [35m[vim-gutentags] [0m[36m  clone[0m[90m | [0mremote: Counting objects:   8% (9/103)        [35m[vim-gutentags] [0m[36m  clone[0m[90m | [0mremote: Counting objects:   9% (10/103)        [35m[vim-gutentags] [0m[36m  clone[0m[90m | [0mremote: Counting objects:  10% (11/103)        [35m[vim-gutentags] [0m[36m  clone[0m[90m | [0mremote: Counting objects:  11% (12/103)        [35m[vim-gutentags] [0m[36m  clone[0m[90m | [0mremote: Counting objects:  12% (13/103)        [35m[vim-gutentags] [0m[36m  clone[0m[90m | [0mremote: Counting objects:  13% (14/103)        [35m[vim-gutentags] [0m[36m  clone[0m[90m | [0mremote: Counting objects:  14% (15/103)        [35m[vim-gutentags] [0m[36m  clone[0m[90m | [0mremote: Counting objects:  15% (16/103)        [35m[vim-gutentags] [0m[36m  clone[0m[90m | [0mremote: Counting objects:  16% (17/103)        [35m[vim-gutentags] [0m[36m  clone[0m[90m | [0mremote: Counting objects:  17% (18/103)        [35m[vim-gutentags] [0m[36m  clone[0m[90m | [0mremote: Counting objects:  18% (19/103)        [35m[vim-gutentags] [0m[36m  clone[0m[90m | [0mremote: Counting objects:  19% (20/103)        [35m[vim-gutentags] [0m[36m  clone[0m[90m | [0mremote: Counting objects:  20% (21/103)        [35m[vim-gutentags] [0m[36m  clone[0m[90m | [0mremote: Counting objects:  21% (22/103)        [35m[vim-gutentags] [0m[36m  clone[0m[90m | [0mremote: Counting objects:  22% (23/103)        [35m[vim-gutentags] [0m[36m  clone[0m[90m | [0mremote: Counting objects:  23% (24/103)        [35m[vim-gutentags] [0m[36m  clone[0m[90m | [0mremote: Counting objects:  24% (25/103)        [35m[vim-gutentags] [0m[36m  clone[0m[90m | [0mremote: Counting objects:  25% (26/103)        [35m[vim-gutentags] [0m[36m  clone[0m[90m | [0mremote: Counting objects:  26% (27/103)        [35m[vim-gutentags] [0m[36m  clone[0m[90m | [0mremote: Counting objects:  27% (28/103)        [35m[vim-gutentags] [0m[36m  clone[0m[90m | [0mremote: Counting objects:  28% (29/103)        [35m[vim-gutentags] [0m[36m  clone[0m[90m | [0mremote: Counting objects:  29% (30/103)        [35m[vim-gutentags] [0m[36m  clone[0m[90m | [0mremote: Counting objects:  30% (31/103)        [35m[vim-gutentags] [0m[36m  clone[0m[90m | [0mremote: Counting objects:  31% (32/103)        [35m[vim-gutentags] [0m[36m  clone[0m[90m | [0mremote: Counting objects:  32% (33/103)        [35m[vim-gutentags] [0m[36m  clone[0m[90m | [0mremote: Counting objects:  33% (34/103)        [35m[vim-gutentags] [0m[36m  clone[0m[90m | [0mremote: Counting objects:  34% (36/103)        [35m[vim-gutentags] [0m[36m  clone[0m[90m | [0mremote: Counting objects:  35% (37/103)        [35m[vim-gutentags] [0m[36m  clone[0m[90m | [0mremote: Counting objects:  36% (38/103)        [35m[vim-gutentags] [0m[36m  clone[0m[90m | [0mremote: Counting objects:  37% (39/103)        [35m[vim-gutentags] [0m[36m  clone[0m[90m | [0mremote: Counting objects:  38% (40/103)        [35m[vim-gutentags] [0m[36m  clone[0m[90m | [0mremote: Counting objects:  39% (41/103)        [35m[vim-gutentags] [0m[36m  clone[0m[90m | [0mremote: Counting objects:  40% (42/103)        [35m[vim-gutentags] [0m[36m  clone[0m[90m | [0mremote: Counting objects:  41% (43/103)        [35m[vim-gutentags] [0m[36m  clone[0m[90m | [0mremote: Counting objects:  42% (44/103)        [35m[vim-gutentags] [0m[36m  clone[0m[90m | [0mremote: Counting objects:  43% (45/103)        [35m[vim-gutentags] [0m[36m  clone[0m[90m | [0mremote: Counting objects:  44% (46/103)        [35m[vim-gutentags] [0m[36m  clone[0m[90m | [0mremote: Counting objects:  45% (47/103)        [35m[vim-gutentags] [0m[36m  clone[0m[90m | [0mremote: Counting objects:  46% (48/103)        [35m[vim-gutentags] [0m[36m  clone[0m[90m | [0mremote: Counting objects:  47% (49/103)        [35m[vim-gutentags] [0m[36m  clone[0m[90m | [0mremote: Counting objects:  48% (50/103)        [35m[vim-gutentags] [0m[36m  clone[0m[90m | [0mremote: Counting objects:  49% (51/103)        [35m[vim-gutentags] [0m[36m  clone[0m[90m | [0mremote: Counting objects:  50% (52/103)        [35m[vim-gutentags] [0m[36m  clone[0m[90m | [0mremote: Counting objects:  51% (53/103)        [35m[vim-gutentags] [0m[36m  clone[0m[90m | [0mremote: Counting objects:  52% (54/103)        [35m[vim-gutentags] [0m[36m  clone[0m[90m | [0mremote: Counting objects:  53% (55/103)        [35m[vim-gutentags] [0m[36m  clone[0m[90m | [0mremote: Counting objects:  54% (56/103)        [35m[vim-gutentags] [0m[36m  clone[0m[90m | [0mremote: Counting objects:  55% (57/103)        [35m[vim-gutentags] [0m[36m  clone[0m[90m | [0mremote: Counting objects:  56% (58/103)        [35m[vim-gutentags] [0m[36m  clone[0m[90m | [0mremote: Counting objects:  57% (59/103)        [35m[vim-gutentags] [0m[36m  clone[0m[90m | [0mremote: Counting objects:  58% (60/103)        [35m[vim-gutentags] [0m[36m  clone[0m[90m | [0mremote: Counting objects:  59% (61/103)        [35m[vim-gutentags] [0m[36m  clone[0m[90m | [0mremote: Counting objects:  60% (62/103)        [35m[vim-gutentags] [0m[36m  clone[0m[90m | [0mremote: Counting objects:  61% (63/103)        [35m[vim-gutentags] [0m[36m  clone[0m[90m | [0mremote: Counting objects:  62% (64/103)        [35m[vim-gutentags] [0m[36m  clone[0m[90m | [0mremote: Counting objects:  63% (65/103)        [35m[vim-gutentags] [0m[36m  clone[0m[90m | [0mremote: Counting objects:  64% (66/103)        [35m[vim-gutentags] [0m[36m  clone[0m[90m | [0mremote: Counting objects:  65% (67/103)        [35m[vim-gutentags] [0m[36m  clone[0m[90m | [0mremote: Counting objects:  66% (68/103)        [35m[vim-gutentags] [0m[36m  clone[0m[90m | [0mremote: Counting objects:  67% (70/103)        [35m[vim-gutentags] [0m[36m  clone[0m[90m | [0mremote: Counting objects:  68% (71/103)        [35m[vim-gutentags] [0m[36m  clone[0m[90m | [0mremote: Counting objects:  69% (72/103)        [35m[vim-gutentags] [0m[36m  clone[0m[90m | [0mremote: Counting objects:  70% (73/103)        [35m[vim-gutentags] [0m[36m  clone[0m[90m | [0mremote: Counting objects:  71% (74/103)        [35m[vim-gutentags] [0m[36m  clone[0m[90m | [0mremote: Counting objects:  72% (75/103)        [35m[vim-gutentags] [0m[36m  clone[0m[90m | [0mremote: Counting objects:  73% (76/103)        [35m[vim-gutentags] [0m[36m  clone[0m[90m | [0mremote: Counting objects:  74% (77/103)        [35m[vim-gutentags] [0m[36m  clone[0m[90m | [0mremote: Counting objects:  75% (78/103)        [35m[vim-gutentags] [0m[36m  clone[0m[90m | [0mremote: Counting objects:  76% (79/103)        [35m[vim-gutentags] [0m[36m  clone[0m[90m | [0mremote: Counting objects:  77% (80/103)        [35m[vim-gutentags] [0m[36m  clone[0m[90m | [0mremote: Counting objects:  78% (81/103)        [35m[vim-gutentags] [0m[36m  clone[0m[90m | [0mremote: Counting objects:  79% (82/103)        [35m[vim-gutentags] [0m[36m  clone[0m[90m | [0mremote: Counting objects:  80% (83/103)        [35m[vim-gutentags] [0m[36m  clone[0m[90m | [0mremote: Counting objects:  81% (84/103)        [35m[vim-gutentags] [0m[36m  clone[0m[90m | [0mremote: Counting objects:  82% (85/103)        [35m[vim-gutentags] [0m[36m  clone[0m[90m | [0mremote: Counting objects:  83% (86/103)        [35m[vim-gutentags] [0m[36m  clone[0m[90m | [0mremote: Counting objects:  84% (87/103)        [35m[vim-gutentags] [0m[36m  clone[0m[90m | [0mremote: Counting objects:  85% (88/103)        [35m[vim-gutentags] [0m[36m  clone[0m[90m | [0mremote: Counting objects:  86% (89/103)        [35m[vim-gutentags] [0m[36m  clone[0m[90m | [0mremote: Counting objects:  87% (90/103)        [35m[vim-gutentags] [0m[36m  clone[0m[90m | [0mremote: Counting objects:  88% (91/103)        [35m[vim-gutentags] [0m[36m  clone[0m[90m | [0mremote: Counting objects:  89% (92/103)        [35m[vim-gutentags] [0m[36m  clone[0m[90m | [0mremote: Counting objects:  90% (93/103)        [35m[vim-gutentags] [0m[36m  clone[0m[90m | [0mremote: Counting objects:  91% (94/103)        [35m[vim-gutentags] [0m[36m  clone[0m[90m | [0mremote: Counting objects:  92% (95/103)        [35m[vim-gutentags] [0m[36m  clone[0m[90m | [0mremote: Counting objects:  93% (96/103)        [35m[vim-gutentags] [0m[36m  clone[0m[90m | [0mremote: Counting objects:  94% (97/103)        [35m[vim-gutentags] [0m[36m  clone[0m[90m | [0mremote: Counting objects:  95% (98/103)        [35m[vim-gutentags] [0m[36m  clone[0m[90m | [0mremote: Counting objects:  96% (99/103)        [35m[vim-gutentags] [0m[36m  clone[0m[90m | [0mremote: Counting objects:  97% (100/103)        [35m[vim-gutentags] [0m[36m  clone[0m[90m | [0mremote: Counting objects:  98% (101/103)        [35m[vim-gutentags] [0m[36m  clone[0m[90m | [0mremote: Counting objects:  99% (102/103)        [35m[vim-gutentags] [0m[36m  clone[0m[90m | [0mremote: Counting objects: 100% (103/103)        [35m[vim-gutentags] [0m[36m  clone[0m[90m | [0mremote: Counting objects: 100% (103/103), done.        
[35m[vim-gutentags] [0m[36m  clone[0m[90m | [0mremote: Compressing objects:   3% (1/33)        [35m[vim-gutentags] [0m[36m  clone[0m[90m | [0mremote: Compressing objects:   6% (2/33)        [35m[vim-gutentags] [0m[36m  clone[0m[90m | [0mremote: Compressing objects:   9% (3/33)        [35m[vim-gutentags] [0m[36m  clone[0m[90m | [0mremote: Compressing objects:  12% (4/33)        [35m[vim-gutentags] [0m[36m  clone[0m[90m | [0mremote: Compressing objects:  15% (5/33)        [35m[vim-gutentags] [0m[36m  clone[0m[90m | [0mremote: Compressing objects:  18% (6/33)        [35m[vim-gutentags] [0m[36m  clone[0m[90m | [0mremote: Compressing objects:  21% (7/33)        [35m[vim-gutentags] [0m[36m  clone[0m[90m | [0mremote: Compressing objects:  24% (8/33)        [35m[vim-gutentags] [0m[36m  clone[0m[90m | [0mremote: Compressing objects:  27% (9/33)        [35m[vim-gutentags] [0m[36m  clone[0m[90m | [0mremote: Compressing objects:  30% (10/33)        [35m[vim-gutentags] [0m[36m  clone[0m[90m | [0mremote: Compressing objects:  33% (11/33)        [35m[vim-gutentags] [0m[36m  clone[0m[90m | [0mremote: Compressing objects:  36% (12/33)        [35m[vim-gutentags] [0m[36m  clone[0m[90m | [0mremote: Compressing objects:  39% (13/33)        [35m[vim-gutentags] [0m[36m  clone[0m[90m | [0mremote: Compressing objects:  42% (14/33)        [35m[vim-gutentags] [0m[36m  clone[0m[90m | [0mremote: Compressing objects:  45% (15/33)        [35m[vim-gutentags] [0m[36m  clone[0m[90m | [0mremote: Compressing objects:  48% (16/33)        [35m[vim-gutentags] [0m[36m  clone[0m[90m | [0mremote: Compressing objects:  51% (17/33)        [35m[vim-gutentags] [0m[36m  clone[0m[90m | [0mremote: Compressing objects:  54% (18/33)        [35m[vim-gutentags] [0m[36m  clone[0m[90m | [0mremote: Compressing objects:  57% (19/33)        [35m[vim-gutentags] [0m[36m  clone[0m[90m | [0mremote: Compressing objects:  60% (20/33)        [35m[vim-gutentags] [0m[36m  clone[0m[90m | [0mremote: Compressing objects:  63% (21/33)        [35m[vim-gutentags] [0m[36m  clone[0m[90m | [0mremote: Compressing objects:  66% (22/33)        [35m[vim-gutentags] [0m[36m  clone[0m[90m | [0mremote: Compressing objects:  69% (23/33)        [35m[vim-gutentags] [0m[36m  clone[0m[90m | [0mremote: Compressing objects:  72% (24/33)        [35m[vim-gutentags] [0m[36m  clone[0m[90m | [0mremote: Compressing objects:  75% (25/33)        [35m[vim-gutentags] [0m[36m  clone[0m[90m | [0mremote: Compressing objects:  78% (26/33)        [35m[vim-gutentags] [0m[36m  clone[0m[90m | [0mremote: Compressing objects:  81% (27/33)        [35m[vim-gutentags] [0m[36m  clone[0m[90m | [0mremote: Compressing objects:  84% (28/33)        [35m[vim-gutentags] [0m[36m  clone[0m[90m | [0mremote: Compressing objects:  87% (29/33)        [35m[vim-gutentags] [0m[36m  clone[0m[90m | [0mremote: Compressing objects:  90% (30/33)        [35m[vim-gutentags] [0m[36m  clone[0m[90m | [0mremote: Compressing objects:  93% (31/33)        [35m[vim-gutentags] [0m[36m  clone[0m[90m | [0mremote: Compressing objects:  96% (32/33)        [35m[vim-gutentags] [0m[36m  clone[0m[90m | [0mremote: Compressing objects: 100% (33/33)        [35m[vim-gutentags] [0m[36m  clone[0m[90m | [0mremote: Compressing objects: 100% (33/33), done.        
[35m[snacks.nvim] [0m[36m    clone[0m[90m | [0mReceiving objects:  10% (1328/13280)[35m[snacks.nvim] [0m[36m    clone[0m[90m | [0mReceiving objects:  11% (1461/13280)[35m[vim-gutentags] [0m[36m  clone[0m[90m | [0mReceiving objects:   0% (1/1044)[35m[vim-gutentags] [0m[36m  clone[0m[90m | [0mReceiving objects:   1% (11/1044)[35m[vim-gutentags] [0m[36m  clone[0m[90m | [0mReceiving objects:   2% (21/1044)[35m[vim-gutentags] [0m[36m  clone[0m[90m | [0mReceiving objects:   3% (32/1044)[35m[vim-gutentags] [0m[36m  clone[0m[90m | [0mReceiving objects:   4% (42/1044)[35m[vim-gutentags] [0m[36m  clone[0m[90m | [0mReceiving objects:   5% (53/1044)[35m[vim-gutentags] [0m[36m  clone[0m[90m | [0mReceiving objects:   6% (63/1044)[35m[vim-gutentags] [0m[36m  clone[0m[90m | [0mReceiving objects:   7% (74/1044)[35m[vim-gutentags] [0m[36m  clone[0m[90m | [0mReceiving objects:   8% (84/1044)[35m[vim-gutentags] [0m[36m  clone[0m[90m | [0mReceiving objects:   9% (94/1044)[35m[vim-gutentags] [0m[36m  clone[0m[90m | [0mReceiving objects:  10% (105/1044)[35m[vim-gutentags] [0m[36m  clone[0m[90m | [0mReceiving objects:  11% (115/1044)[35m[LazyVim] [0m[36m     checkout[0m[90m | [0mNote: switching to 'c10948c50b18fae7f256433afdef09e432410480'.
[35m[LazyVim] [0m[36m     checkout[0m[90m | [0m
You are in 'detached HEAD' state. You can look around, make experimental
[35m[LazyVim] [0m[36m     checkout[0m[90m | [0mchanges and commit them, and you can discard any commits you make in this
[35m[LazyVim] [0m[36m     checkout[0m[90m | [0mstate without impacting any branches by switching back to a branch.
[35m[LazyVim] [0m[36m     checkout[0m[90m | [0m
If you want to create a new branch to retain commits you create, you may
[35m[LazyVim] [0m[36m     checkout[0m[90m | [0mdo so (now or later) by using -c with the switch command. Example:
[35m[LazyVim] [0m[36m     checkout[0m[90m | [0m
  git switch -c <new-branch-name>
[35m[LazyVim] [0m[36m     checkout[0m[90m | [0m
Or undo this operation with:
[35m[LazyVim] [0m[36m     checkout[0m[90m | [0m
  git switch -
[35m[LazyVim] [0m[36m     checkout[0m[90m | [0m
Turn off this advice by setting config variable advice.detachedHead to false
[35m[LazyVim] [0m[36m     checkout[0m[90m | [0m
HEAD is now at c10948c5 chore(main): release 16.0.0 (#7128)
[35m[snacks.nvim] [0m[36m    clone[0m[90m | [0mReceiving objects:  12% (1594/13280)[35m[vim-gutentags] [0m[36m  clone[0m[90m | [0mReceiving objects:  12% (126/1044)[35m[vim-gutentags] [0m[36m  clone[0m[90m | [0mReceiving objects:  13% (136/1044)[35m[vim-gutentags] [0m[36m  clone[0m[90m | [0mReceiving objects:  14% (147/1044)[35m[vim-gutentags] [0m[36m  clone[0m[90m | [0mReceiving objects:  15% (157/1044)[35m[vim-gutentags] [0m[36m  clone[0m[90m | [0mReceiving objects:  16% (168/1044)[35m[vim-gutentags] [0m[36m  clone[0m[90m | [0mReceiving objects:  17% (178/1044)[35m[vim-gutentags] [0m[36m  clone[0m[90m | [0mReceiving objects:  18% (188/1044)[35m[vim-gutentags] [0m[36m  clone[0m[90m | [0mReceiving objects:  19% (199/1044)[35m[vim-gutentags] [0m[36m  clone[0m[90m | [0mReceiving objects:  20% (209/1044)[35m[vim-gutentags] [0m[36m  clone[0m[90m | [0mReceiving objects:  21% (220/1044)[35m[vim-gutentags] [0m[36m  clone[0m[90m | [0mReceiving objects:  22% (230/1044)[35m[vim-gutentags] [0m[36m  clone[0m[90m | [0mReceiving objects:  23% (241/1044)[35m[vim-gutentags] [0m[36m  clone[0m[90m | [0mReceiving objects:  24% (251/1044)[35m[vim-gutentags] [0m[36m  clone[0m[90m | [0mReceiving objects:  25% (261/1044)[35m[vim-gutentags] [0m[36m  clone[0m[90m | [0mReceiving objects:  26% (272/1044)[35m[vim-gutentags] [0m[36m  clone[0m[90m | [0mReceiving objects:  27% (282/1044)[35m[vim-gutentags] [0m[36m  clone[0m[90m | [0mReceiving objects:  28% (293/1044)[35m[vim-gutentags] [0m[36m  clone[0m[90m | [0mReceiving objects:  29% (303/1044)[35m[vim-gutentags] [0m[36m  clone[0m[90m | [0mReceiving objects:  30% (314/1044)[35m[vim-gutentags] [0m[36m  clone[0m[90m | [0mReceiving objects:  31% (324/1044)[35m[vim-gutentags] [0m[36m  clone[0m[90m | [0mReceiving objects:  32% (335/1044)[35m[vim-gutentags] [0m[36m  clone[0m[90m | [0mReceiving objects:  33% (345/1044)[35m[vim-gutentags] [0m[36m  clone[0m[90m | [0mReceiving objects:  34% (355/1044)[35m[vim-gutentags] [0m[36m  clone[0m[90m | [0mReceiving objects:  35% (366/1044)[35m[vim-gutentags] [0m[36m  clone[0m[90m | [0mReceiving objects:  36% (376/1044)[35m[vim-gutentags] [0m[36m  clone[0m[90m | [0mReceiving objects:  37% (387/1044)[35m[vim-gutentags] [0m[36m  clone[0m[90m | [0mReceiving objects:  38% (397/1044)[35m[vim-gutentags] [0m[36m  clone[0m[90m | [0mReceiving objects:  39% (408/1044)[35m[vim-gutentags] [0m[36m  clone[0m[90m | [0mReceiving objects:  40% (418/1044)[35m[vim-gutentags] [0m[36m  clone[0m[90m | [0mReceiving objects:  41% (429/1044)[35m[vim-gutentags] [0m[36m  clone[0m[90m | [0mReceiving objects:  42% (439/1044)[35m[vim-gutentags] [0m[36m  clone[0m[90m | [0mReceiving objects:  43% (449/1044)[35m[vim-gutentags] [0m[36m  clone[0m[90m | [0mReceiving objects:  44% (460/1044)[35m[vim-gutentags] [0m[36m  clone[0m[90m | [0mReceiving objects:  45% (470/1044)[35m[vim-gutentags] [0m[36m  clone[0m[90m | [0mReceiving objects:  46% (481/1044)[35m[snacks.nvim] [0m[36m    clone[0m[90m | [0mReceiving objects:  13% (1727/13280)[35m[snacks.nvim] [0m[36m    clone[0m[90m | [0mReceiving objects:  14% (1860/13280)[35m[vim-gutentags] [0m[36m  clone[0m[90m | [0mReceiving objects:  47% (491/1044)[35m[vim-gutentags] [0m[36m  clone[0m[90m | [0mReceiving objects:  48% (502/1044)[35m[vim-gutentags] [0m[36m  clone[0m[90m | [0mReceiving objects:  49% (512/1044)[35m[vim-gutentags] [0m[36m  clone[0m[90m | [0mReceiving objects:  50% (522/1044)[35m[vim-gutentags] [0m[36m  clone[0m[90m | [0mReceiving objects:  51% (533/1044)[35m[vim-gutentags] [0m[36m  clone[0m[90m | [0mReceiving objects:  52% (543/1044)[35m[vim-gutentags] [0m[36m  clone[0m[90m | [0mReceiving objects:  53% (554/1044)[35m[vim-gutentags] [0m[36m  clone[0m[90m | [0mReceiving objects:  54% (564/1044)[35m[vim-gutentags] [0m[36m  clone[0m[90m | [0mReceiving objects:  55% (575/1044)[35m[vim-gutentags] [0m[36m  clone[0m[90m | [0mReceiving objects:  56% (585/1044)[35m[vim-gutentags] [0m[36m  clone[0m[90m | [0mReceiving objects:  57% (596/1044)[35m[vim-gutentags] [0m[36m  clone[0m[90m | [0mReceiving objects:  58% (606/1044)[35m[vim-gutentags] [0m[36m  clone[0m[90m | [0mReceiving objects:  59% (616/1044)[35m[vim-gutentags] [0m[36m  clone[0m[90m | [0mReceiving objects:  60% (627/1044)[35m[vim-gutentags] [0m[36m  clone[0m[90m | [0mReceiving objects:  61% (637/1044)[35m[vim-gutentags] [0m[36m  clone[0m[90m | [0mReceiving objects:  62% (648/1044)[35m[vim-gutentags] [0m[36m  clone[0m[90m | [0mReceiving objects:  63% (658/1044)[35m[vim-gutentags] [0m[36m  clone[0m[90m | [0mReceiving objects:  64% (669/1044)[35m[vim-gutentags] [0m[36m  clone[0m[90m | [0mReceiving objects:  65% (679/1044)[35m[vim-gutentags] [0m[36m  clone[0m[90m | [0mReceiving objects:  66% (690/1044)[35m[vim-gutentags] [0m[36m  clone[0m[90m | [0mReceiving objects:  67% (700/1044)[35m[vim-gutentags] [0m[36m  clone[0m[90m | [0mReceiving objects:  68% (710/1044)[35m[vim-gutentags] [0m[36m  clone[0m[90m | [0mReceiving objects:  69% (721/1044)[35m[vim-gutentags] [0m[36m  clone[0m[90m | [0mReceiving objects:  70% (731/1044)[35m[vim-gutentags] [0m[36m  clone[0m[90m | [0mReceiving objects:  71% (742/1044)[35m[vim-gutentags] [0m[36m  clone[0m[90m | [0mReceiving objects:  72% (752/1044)[35m[vim-gutentags] [0m[36m  clone[0m[90m | [0mReceiving objects:  73% (763/1044)[35m[vim-gutentags] [0m[36m  clone[0m[90m | [0mReceiving objects:  74% (773/1044)[35m[vim-gutentags] [0m[36m  clone[0m[90m | [0mReceiving objects:  75% (783/1044)[35m[vim-gutentags] [0m[36m  clone[0m[90m | [0mReceiving objects:  76% (794/1044)[35m[vim-gutentags] [0m[36m  clone[0m[90m | [0mReceiving objects:  77% (804/1044)[35m[vim-gutentags] [0m[36m  clone[0m[90m | [0mReceiving objects:  78% (815/1044)[35m[vim-gutentags] [0m[36m  clone[0m[90m | [0mReceiving objects:  79% (825/1044)[35m[vim-gutentags] [0m[36m  clone[0m[90m | [0mReceiving objects:  80% (836/1044)[35m[vim-gutentags] [0m[36m  clone[0m[90m | [0mReceiving objects:  81% (846/1044)[35m[vim-gutentags] [0m[36m  clone[0m[90m | [0mReceiving objects:  82% (857/1044)[35m[vim-gutentags] [0m[36m  clone[0m[90m | [0mReceiving objects:  83% (867/1044)[35m[vim-gutentags] [0m[36m  clone[0m[90m | [0mReceiving objects:  84% (877/1044)[35m[vim-gutentags] [0m[36m  clone[0m[90m | [0mReceiving objects:  85% (888/1044)[35m[vim-gutentags] [0m[36m  clone[0m[90m | [0mReceiving objects:  86% (898/1044)[35m[vim-gutentags] [0m[36m  clone[0m[90m | [0mReceiving objects:  87% (909/1044)[35m[vim-gutentags] [0m[36m  clone[0m[90m | [0mReceiving objects:  88% (919/1044)[35m[vim-gutentags] [0m[36m  clone[0m[90m | [0mReceiving objects:  89% (930/1044)[35m[vim-gutentags] [0m[36m  clone[0m[90m | [0mReceiving objects:  90% (940/1044)[35m[vim-gutentags] [0m[36m  clone[0m[90m | [0mremote: Total 1044 (delta 71), reused 70 (delta 70), pack-reused 941 (from 1)        
[35m[vim-gutentags] [0m[36m  clone[0m[90m | [0mReceiving objects:  91% (951/1044)[35m[vim-gutentags] [0m[36m  clone[0m[90m | [0mReceiving objects:  92% (961/1044)[35m[vim-gutentags] [0m[36m  clone[0m[90m | [0mReceiving objects:  93% (971/1044)[35m[vim-gutentags] [0m[36m  clone[0m[90m | [0mReceiving objects:  94% (982/1044)[35m[vim-gutentags] [0m[36m  clone[0m[90m | [0mReceiving objects:  95% (992/1044)[35m[vim-gutentags] [0m[36m  clone[0m[90m | [0mReceiving objects:  96% (1003/1044)[35m[vim-gutentags] [0m[36m  clone[0m[90m | [0mReceiving objects:  97% (1013/1044)[35m[vim-gutentags] [0m[36m  clone[0m[90m | [0mReceiving objects:  98% (1024/1044)[35m[vim-gutentags] [0m[36m  clone[0m[90m | [0mReceiving objects:  99% (1034/1044)[35m[vim-gutentags] [0m[36m  clone[0m[90m | [0mReceiving objects: 100% (1044/1044)[35m[vim-gutentags] [0m[36m  clone[0m[90m | [0mReceiving objects: 100% (1044/1044), 128.29 KiB | 881.00 KiB/s, done.
[35m[vim-gutentags] [0m[36m  clone[0m[90m | [0mResolving deltas:   0% (0/262)[35m[vim-gutentags] [0m[36m  clone[0m[90m | [0mResolving deltas:   1% (3/262)[35m[vim-gutentags] [0m[36m  clone[0m[90m | [0mResolving deltas:   2% (6/262)[35m[vim-gutentags] [0m[36m  clone[0m[90m | [0mResolving deltas:   3% (9/262)[35m[vim-gutentags] [0m[36m  clone[0m[90m | [0mResolving deltas:   4% (11/262)[35m[vim-gutentags] [0m[36m  clone[0m[90m | [0mResolving deltas:   5% (14/262)[35m[vim-gutentags] [0m[36m  clone[0m[90m | [0mResolving deltas:   6% (17/262)[35m[vim-gutentags] [0m[36m  clone[0m[90m | [0mResolving deltas:   7% (19/262)[35m[vim-gutentags] [0m[36m  clone[0m[90m | [0mResolving deltas:   8% (21/262)[35m[vim-gutentags] [0m[36m  clone[0m[90m | [0mResolving deltas:   9% (24/262)[35m[vim-gutentags] [0m[36m  clone[0m[90m | [0mResolving deltas:  10% (28/262)[35m[vim-gutentags] [0m[36m  clone[0m[90m | [0mResolving deltas:  11% (29/262)[35m[vim-gutentags] [0m[36m  clone[0m[90m | [0mResolving deltas:  12% (33/262)[35m[vim-gutentags] [0m[36m  clone[0m[90m | [0mResolving deltas:  13% (35/262)[35m[vim-gutentags] [0m[36m  clone[0m[90m | [0mResolving deltas:  14% (38/262)[35m[vim-gutentags] [0m[36m  clone[0m[90m | [0mResolving deltas:  15% (41/262)[35m[vim-gutentags] [0m[36m  clone[0m[90m | [0mResolving deltas:  16% (42/262)[35m[vim-gutentags] [0m[36m  clone[0m[90m | [0mResolving deltas:  17% (45/262)[35m[vim-gutentags] [0m[36m  clone[0m[90m | [0mResolving deltas:  18% (48/262)[35m[vim-gutentags] [0m[36m  clone[0m[90m | [0mResolving deltas:  19% (50/262)[35m[vim-gutentags] [0m[36m  clone[0m[90m | [0mResolving deltas:  20% (53/262)[35m[vim-gutentags] [0m[36m  clone[0m[90m | [0mResolving deltas:  21% (56/262)[35m[vim-gutentags] [0m[36m  clone[0m[90m | [0mResolving deltas:  22% (58/262)[35m[vim-gutentags] [0m[36m  clone[0m[90m | [0mResolving deltas:  23% (62/262)[35m[vim-gutentags] [0m[36m  clone[0m[90m | [0mResolving deltas:  24% (63/262)[35m[vim-gutentags] [0m[36m  clone[0m[90m | [0mResolving deltas:  26% (69/262)[35m[vim-gutentags] [0m[36m  clone[0m[90m | [0mResolving deltas:  27% (72/262)[35m[vim-gutentags] [0m[36m  clone[0m[90m | [0mResolving deltas:  28% (74/262)[35m[vim-gutentags] [0m[36m  clone[0m[90m | [0mResolving deltas:  29% (76/262)[35m[vim-gutentags] [0m[36m  clone[0m[90m | [0mResolving deltas:  30% (79/262)[35m[vim-gutentags] [0m[36m  clone[0m[90m | [0mResolving deltas:  31% (83/262)[35m[vim-gutentags] [0m[36m  clone[0m[90m | [0mResolving deltas:  32% (84/262)[35m[vim-gutentags] [0m[36m  clone[0m[90m | [0mResolving deltas:  33% (88/262)[35m[vim-gutentags] [0m[36m  clone[0m[90m | [0mResolving deltas:  34% (90/262)[35m[vim-gutentags] [0m[36m  clone[0m[90m | [0mResolving deltas:  35% (94/262)[35m[vim-gutentags] [0m[36m  clone[0m[90m | [0mResolving deltas:  36% (95/262)[35m[vim-gutentags] [0m[36m  clone[0m[90m | [0mResolving deltas:  37% (98/262)[35m[vim-gutentags] [0m[36m  clone[0m[90m | [0mResolving deltas:  38% (101/262)[35m[vim-gutentags] [0m[36m  clone[0m[90m | [0mResolving deltas:  39% (103/262)[35m[vim-gutentags] [0m[36m  clone[0m[90m | [0mResolving deltas:  40% (105/262)[35m[vim-gutentags] [0m[36m  clone[0m[90m | [0mResolving deltas:  41% (108/262)[35m[vim-gutentags] [0m[36m  clone[0m[90m | [0mResolving deltas:  42% (112/262)[35m[vim-gutentags] [0m[36m  clone[0m[90m | [0mResolving deltas:  43% (113/262)[35m[vim-gutentags] [0m[36m  clone[0m[90m | [0mResolving deltas:  44% (116/262)[35m[vim-gutentags] [0m[36m  clone[0m[90m | [0mResolving deltas:  45% (118/262)[35m[vim-gutentags] [0m[36m  clone[0m[90m | [0mResolving deltas:  46% (121/262)[35m[vim-gutentags] [0m[36m  clone[0m[90m | [0mResolving deltas:  47% (124/262)[35m[vim-gutentags] [0m[36m  clone[0m[90m | [0mResolving deltas:  48% (126/262)[35m[vim-gutentags] [0m[36m  clone[0m[90m | [0mResolving deltas:  49% (129/262)[35m[vim-gutentags] [0m[36m  clone[0m[90m | [0mResolving deltas:  50% (133/262)[35m[vim-gutentags] [0m[36m  clone[0m[90m | [0mResolving deltas:  51% (135/262)[35m[vim-gutentags] [0m[36m  clone[0m[90m | [0mResolving deltas:  52% (137/262)[35m[vim-gutentags] [0m[36m  clone[0m[90m | [0mResolving deltas:  53% (139/262)[35m[vim-gutentags] [0m[36m  clone[0m[90m | [0mResolving deltas:  54% (143/262)[35m[vim-gutentags] [0m[36m  clone[0m[90m | [0mResolving deltas:  55% (145/262)[35m[vim-gutentags] [0m[36m  clone[0m[90m | [0mResolving deltas:  56% (148/262)[35m[vim-gutentags] [0m[36m  clone[0m[90m | [0mResolving deltas:  57% (150/262)[35m[vim-gutentags] [0m[36m  clone[0m[90m | [0mResolving deltas:  58% (152/262)[35m[vim-gutentags] [0m[36m  clone[0m[90m | [0mResolving deltas:  59% (155/262)[35m[vim-gutentags] [0m[36m  clone[0m[90m | [0mResolving deltas:  60% (158/262)[35m[vim-gutentags] [0m[36m  clone[0m[90m | [0mResolving deltas:  61% (160/262)[35m[vim-gutentags] [0m[36m  clone[0m[90m | [0mResolving deltas:  62% (163/262)[35m[vim-gutentags] [0m[36m  clone[0m[90m | [0mResolving deltas:  63% (166/262)[35m[vim-gutentags] [0m[36m  clone[0m[90m | [0mResolving deltas:  64% (168/262)[35m[vim-gutentags] [0m[36m  clone[0m[90m | [0mResolving deltas:  65% (171/262)[35m[vim-gutentags] [0m[36m  clone[0m[90m | [0mResolving deltas:  66% (174/262)[35m[vim-gutentags] [0m[36m  clone[0m[90m | [0mResolving deltas:  67% (176/262)[35m[vim-gutentags] [0m[36m  clone[0m[90m | [0mResolving deltas:  68% (179/262)[35m[vim-gutentags] [0m[36m  clone[0m[90m | [0mResolving deltas:  69% (181/262)[35m[vim-gutentags] [0m[36m  clone[0m[90m | [0mResolving deltas:  70% (184/262)[35m[vim-gutentags] [0m[36m  clone[0m[90m | [0mResolving deltas:  72% (189/262)[35m[vim-gutentags] [0m[36m  clone[0m[90m | [0mResolving deltas:  73% (192/262)[35m[vim-gutentags] [0m[36m  clone[0m[90m | [0mResolving deltas:  74% (194/262)[35m[vim-gutentags] [0m[36m  clone[0m[90m | [0mResolving deltas:  75% (197/262)[35m[vim-gutentags] [0m[36m  clone[0m[90m | [0mResolving deltas:  76% (201/262)[35m[vim-gutentags] [0m[36m  clone[0m[90m | [0mResolving deltas:  77% (202/262)[35m[vim-gutentags] [0m[36m  clone[0m[90m | [0mResolving deltas:  78% (205/262)[35m[vim-gutentags] [0m[36m  clone[0m[90m | [0mResolving deltas:  79% (207/262)[35m[vim-gutentags] [0m[36m  clone[0m[90m | [0mResolving deltas:  80% (210/262)[35m[vim-gutentags] [0m[36m  clone[0m[90m | [0mResolving deltas:  82% (215/262)[35m[vim-gutentags] [0m[36m  clone[0m[90m | [0mResolving deltas:  83% (218/262)[35m[vim-gutentags] [0m[36m  clone[0m[90m | [0mResolving deltas:  84% (222/262)[35m[vim-gutentags] [0m[36m  clone[0m[90m | [0mResolving deltas:  85% (223/262)[35m[vim-gutentags] [0m[36m  clone[0m[90m | [0mResolving deltas:  86% (227/262)[35m[vim-gutentags] [0m[36m  clone[0m[90m | [0mResolving deltas:  87% (228/262)[35m[vim-gutentags] [0m[36m  clone[0m[90m | [0mResolving deltas:  88% (231/262)[35m[vim-gutentags] [0m[36m  clone[0m[90m | [0mResolving deltas:  89% (235/262)[35m[vim-gutentags] [0m[36m  clone[0m[90m | [0mResolving deltas:  90% (236/262)[35m[vim-gutentags] [0m[36m  clone[0m[90m | [0mResolving deltas:  91% (239/262)[35m[vim-gutentags] [0m[36m  clone[0m[90m | [0mResolving deltas:  92% (242/262)[35m[vim-gutentags] [0m[36m  clone[0m[90m | [0mResolving deltas:  93% (244/262)[35m[vim-gutentags] [0m[36m  clone[0m[90m | [0mResolving deltas:  94% (247/262)[35m[vim-gutentags] [0m[36m  clone[0m[90m | [0mResolving deltas:  95% (249/262)[35m[vim-gutentags] [0m[36m  clone[0m[90m | [0mResolving deltas:  96% (252/262)[35m[vim-gutentags] [0m[36m  clone[0m[90m | [0mResolving deltas:  97% (255/262)[35m[vim-gutentags] [0m[36m  clone[0m[90m | [0mResolving deltas:  98% (257/262)[35m[vim-gutentags] [0m[36m  clone[0m[90m | [0mResolving deltas:  99% (260/262)[35m[vim-gutentags] [0m[36m  clone[0m[90m | [0mResolving deltas: 100% (262/262)[35m[vim-gutentags] [0m[36m  clone[0m[90m | [0mResolving deltas: 100% (262/262), done.
[35m[which-key.nvim] [0m[36m clone[0m[90m | [0mremote: Enumerating objects: 2847, done.        
[35m[which-key.nvim] [0m[36m clone[0m[90m | [0mremote: Counting objects:   0% (1/584)        [35m[which-key.nvim] [0m[36m clone[0m[90m | [0mremote: Counting objects:   1% (6/584)        [35m[which-key.nvim] [0m[36m clone[0m[90m | [0mremote: Counting objects:   2% (12/584)        [35m[which-key.nvim] [0m[36m clone[0m[90m | [0mremote: Counting objects:   3% (18/584)        [35m[which-key.nvim] [0m[36m clone[0m[90m | [0mremote: Counting objects:   4% (24/584)        [35m[which-key.nvim] [0m[36m clone[0m[90m | [0mremote: Counting objects:   5% (30/584)        [35m[which-key.nvim] [0m[36m clone[0m[90m | [0mremote: Counting objects:   6% (36/584)        [35m[which-key.nvim] [0m[36m clone[0m[90m | [0mremote: Counting objects:   7% (41/584)        [35m[which-key.nvim] [0m[36m clone[0m[90m | [0mremote: Counting objects:   8% (47/584)        [35m[which-key.nvim] [0m[36m clone[0m[90m | [0mremote: Counting objects:   9% (53/584)        [35m[which-key.nvim] [0m[36m clone[0m[90m | [0mremote: Counting objects:  10% (59/584)        [35m[which-key.nvim] [0m[36m clone[0m[90m | [0mremote: Counting objects:  11% (65/584)        [35m[which-key.nvim] [0m[36m clone[0m[90m | [0mremote: Counting objects:  12% (71/584)        [35m[which-key.nvim] [0m[36m clone[0m[90m | [0mremote: Counting objects:  13% (76/584)        [35m[which-key.nvim] [0m[36m clone[0m[90m | [0mremote: Counting objects:  14% (82/584)        [35m[which-key.nvim] [0m[36m clone[0m[90m | [0mremote: Counting objects:  15% (88/584)        [35m[which-key.nvim] [0m[36m clone[0m[90m | [0mremote: Counting objects:  16% (94/584)        [35m[which-key.nvim] [0m[36m clone[0m[90m | [0mremote: Counting objects:  17% (100/584)        [35m[which-key.nvim] [0m[36m clone[0m[90m | [0mremote: Counting objects:  18% (106/584)        [35m[which-key.nvim] [0m[36m clone[0m[90m | [0mremote: Counting objects:  19% (111/584)        [35m[which-key.nvim] [0m[36m clone[0m[90m | [0mremote: Counting objects:  20% (117/584)        [35m[which-key.nvim] [0m[36m clone[0m[90m | [0mremote: Counting objects:  21% (123/584)        [35m[which-key.nvim] [0m[36m clone[0m[90m | [0mremote: Counting objects:  22% (129/584)        [35m[which-key.nvim] [0m[36m clone[0m[90m | [0mremote: Counting objects:  23% (135/584)        [35m[which-key.nvim] [0m[36m clone[0m[90m | [0mremote: Counting objects:  24% (141/584)        [35m[which-key.nvim] [0m[36m clone[0m[90m | [0mremote: Counting objects:  25% (146/584)        [35m[which-key.nvim] [0m[36m clone[0m[90m | [0mremote: Counting objects:  26% (152/584)        [35m[which-key.nvim] [0m[36m clone[0m[90m | [0mremote: Counting objects:  27% (158/584)        [35m[which-key.nvim] [0m[36m clone[0m[90m | [0mremote: Counting objects:  28% (164/584)        [35m[which-key.nvim] [0m[36m clone[0m[90m | [0mremote: Counting objects:  29% (170/584)        [35m[which-key.nvim] [0m[36m clone[0m[90m | [0mremote: Counting objects:  30% (176/584)        [35m[which-key.nvim] [0m[36m clone[0m[90m | [0mremote: Counting objects:  31% (182/584)        [35m[which-key.nvim] [0m[36m clone[0m[90m | [0mremote: Counting objects:  32% (187/584)        [35m[which-key.nvim] [0m[36m clone[0m[90m | [0mremote: Counting objects:  33% (193/584)        [35m[which-key.nvim] [0m[36m clone[0m[90m | [0mremote: Counting objects:  34% (199/584)        [35m[which-key.nvim] [0m[36m clone[0m[90m | [0mremote: Counting objects:  35% (205/584)        [35m[which-key.nvim] [0m[36m clone[0m[90m | [0mremote: Counting objects:  36% (211/584)        [35m[which-key.nvim] [0m[36m clone[0m[90m | [0mremote: Counting objects:  37% (217/584)        [35m[which-key.nvim] [0m[36m clone[0m[90m | [0mremote: Counting objects:  38% (222/584)        [35m[which-key.nvim] [0m[36m clone[0m[90m | [0mremote: Counting objects:  39% (228/584)        [35m[which-key.nvim] [0m[36m clone[0m[90m | [0mremote: Counting objects:  40% (234/584)        [35m[which-key.nvim] [0m[36m clone[0m[90m | [0mremote: Counting objects:  41% (240/584)        [35m[which-key.nvim] [0m[36m clone[0m[90m | [0mremote: Counting objects:  42% (246/584)        [35m[which-key.nvim] [0m[36m clone[0m[90m | [0mremote: Counting objects:  43% (252/584)        [35m[which-key.nvim] [0m[36m clone[0m[90m | [0mremote: Counting objects:  44% (257/584)        [35m[which-key.nvim] [0m[36m clone[0m[90m | [0mremote: Counting objects:  45% (263/584)        [35m[which-key.nvim] [0m[36m clone[0m[90m | [0mremote: Counting objects:  46% (269/584)        [35m[which-key.nvim] [0m[36m clone[0m[90m | [0mremote: Counting objects:  47% (275/584)        [35m[which-key.nvim] [0m[36m clone[0m[90m | [0mremote: Counting objects:  48% (281/584)        [35m[which-key.nvim] [0m[36m clone[0m[90m | [0mremote: Counting objects:  49% (287/584)        [35m[which-key.nvim] [0m[36m clone[0m[90m | [0mremote: Counting objects:  50% (292/584)        [35m[which-key.nvim] [0m[36m clone[0m[90m | [0mremote: Counting objects:  51% (298/584)        [35m[which-key.nvim] [0m[36m clone[0m[90m | [0mremote: Counting objects:  52% (304/584)        [35m[which-key.nvim] [0m[36m clone[0m[90m | [0mremote: Counting objects:  53% (310/584)        [35m[which-key.nvim] [0m[36m clone[0m[90m | [0mremote: Counting objects:  54% (316/584)        [35m[which-key.nvim] [0m[36m clone[0m[90m | [0mremote: Counting objects:  55% (322/584)        [35m[which-key.nvim] [0m[36m clone[0m[90m | [0mremote: Counting objects:  56% (328/584)        [35m[which-key.nvim] [0m[36m clone[0m[90m | [0mremote: Counting objects:  57% (333/584)        [35m[which-key.nvim] [0m[36m clone[0m[90m | [0mremote: Counting objects:  58% (339/584)        [35m[which-key.nvim] [0m[36m clone[0m[90m | [0mremote: Counting objects:  59% (345/584)        [35m[which-key.nvim] [0m[36m clone[0m[90m | [0mremote: Counting objects:  60% (351/584)        [35m[which-key.nvim] [0m[36m clone[0m[90m | [0mremote: Counting objects:  61% (357/584)        [35m[which-key.nvim] [0m[36m clone[0m[90m | [0mremote: Counting objects:  62% (363/584)        [35m[which-key.nvim] [0m[36m clone[0m[90m | [0mremote: Counting objects:  63% (368/584)        [35m[which-key.nvim] [0m[36m clone[0m[90m | [0mremote: Counting objects:  64% (374/584)        [35m[which-key.nvim] [0m[36m clone[0m[90m | [0mremote: Counting objects:  65% (380/584)        [35m[which-key.nvim] [0m[36m clone[0m[90m | [0mremote: Counting objects:  66% (386/584)        [35m[which-key.nvim] [0m[36m clone[0m[90m | [0mremote: Counting objects:  67% (392/584)        [35m[which-key.nvim] [0m[36m clone[0m[90m | [0mremote: Counting objects:  68% (398/584)        [35m[which-key.nvim] [0m[36m clone[0m[90m | [0mremote: Counting objects:  69% (403/584)        [35m[which-key.nvim] [0m[36m clone[0m[90m | [0mremote: Counting objects:  70% (409/584)        [35m[which-key.nvim] [0m[36m clone[0m[90m | [0mremote: Counting objects:  71% (415/584)        [35m[which-key.nvim] [0m[36m clone[0m[90m | [0mremote: Counting objects:  72% (421/584)        [35m[which-key.nvim] [0m[36m clone[0m[90m | [0mremote: Counting objects:  73% (427/584)        [35m[which-key.nvim] [0m[36m clone[0m[90m | [0mremote: Counting objects:  74% (433/584)        [35m[which-key.nvim] [0m[36m clone[0m[90m | [0mremote: Counting objects:  75% (438/584)        [35m[which-key.nvim] [0m[36m clone[0m[90m | [0mremote: Counting objects:  76% (444/584)        [35m[which-key.nvim] [0m[36m clone[0m[90m | [0mremote: Counting objects:  77% (450/584)        [35m[which-key.nvim] [0m[36m clone[0m[90m | [0mremote: Counting objects:  78% (456/584)        [35m[which-key.nvim] [0m[36m clone[0m[90m | [0mremote: Counting objects:  79% (462/584)        [35m[which-key.nvim] [0m[36m clone[0m[90m | [0mremote: Counting objects:  80% (468/584)        [35m[which-key.nvim] [0m[36m clone[0m[90m | [0mremote: Counting objects:  81% (474/584)        [35m[which-key.nvim] [0m[36m clone[0m[90m | [0mremote: Counting objects:  82% (479/584)        [35m[which-key.nvim] [0m[36m clone[0m[90m | [0mremote: Counting objects:  83% (485/584)        [35m[which-key.nvim] [0m[36m clone[0m[90m | [0mremote: Counting objects:  84% (491/584)        [35m[which-key.nvim] [0m[36m clone[0m[90m | [0mremote: Counting objects:  85% (497/584)        [35m[which-key.nvim] [0m[36m clone[0m[90m | [0mremote: Counting objects:  86% (503/584)        [35m[which-key.nvim] [0m[36m clone[0m[90m | [0mremote: Counting objects:  87% (509/584)        [35m[which-key.nvim] [0m[36m clone[0m[90m | [0mremote: Counting objects:  88% (514/584)        [35m[which-key.nvim] [0m[36m clone[0m[90m | [0mremote: Counting objects:  89% (520/584)        [35m[which-key.nvim] [0m[36m clone[0m[90m | [0mremote: Counting objects:  90% (526/584)        [35m[which-key.nvim] [0m[36m clone[0m[90m | [0mremote: Counting objects:  91% (532/584)        [35m[which-key.nvim] [0m[36m clone[0m[90m | [0mremote: Counting objects:  92% (538/584)        [35m[which-key.nvim] [0m[36m clone[0m[90m | [0mremote: Counting objects:  93% (544/584)        [35m[which-key.nvim] [0m[36m clone[0m[90m | [0mremote: Counting objects:  94% (549/584)        [35m[which-key.nvim] [0m[36m clone[0m[90m | [0mremote: Counting objects:  95% (555/584)        [35m[which-key.nvim] [0m[36m clone[0m[90m | [0mremote: Counting objects:  96% (561/584)        [35m[which-key.nvim] [0m[36m clone[0m[90m | [0mremote: Counting objects:  97% (567/584)        [35m[which-key.nvim] [0m[36m clone[0m[90m | [0mremote: Counting objects:  98% (573/584)        [35m[which-key.nvim] [0m[36m clone[0m[90m | [0mremote: Counting objects:  99% (579/584)        [35m[which-key.nvim] [0m[36m clone[0m[90m | [0mremote: Counting objects: 100% (584/584)        [35m[which-key.nvim] [0m[36m clone[0m[90m | [0mremote: Counting objects: 100% (584/584), done.        
[35m[which-key.nvim] [0m[36m clone[0m[90m | [0mremote: Compressing objects:   0% (1/101)        [35m[which-key.nvim] [0m[36m clone[0m[90m | [0mremote: Compressing objects:   1% (2/101)        [35m[which-key.nvim] [0m[36m clone[0m[90m | [0mremote: Compressing objects:   2% (3/101)        [35m[which-key.nvim] [0m[36m clone[0m[90m | [0mremote: Compressing objects:   3% (4/101)        [35m[which-key.nvim] [0m[36m clone[0m[90m | [0mremote: Compressing objects:   4% (5/101)        [35m[which-key.nvim] [0m[36m clone[0m[90m | [0mremote: Compressing objects:   5% (6/101)        [35m[which-key.nvim] [0m[36m clone[0m[90m | [0mremote: Compressing objects:   6% (7/101)        [35m[which-key.nvim] [0m[36m clone[0m[90m | [0mremote: Compressing objects:   7% (8/101)        [35m[which-key.nvim] [0m[36m clone[0m[90m | [0mremote: Compressing objects:   8% (9/101)        [35m[which-key.nvim] [0m[36m clone[0m[90m | [0mremote: Compressing objects:   9% (10/101)        [35m[which-key.nvim] [0m[36m clone[0m[90m | [0mremote: Compressing objects:  10% (11/101)        [35m[which-key.nvim] [0m[36m clone[0m[90m | [0mremote: Compressing objects:  11% (12/101)        [35m[which-key.nvim] [0m[36m clone[0m[90m | [0mremote: Compressing objects:  12% (13/101)        [35m[which-key.nvim] [0m[36m clone[0m[90m | [0mremote: Compressing objects:  13% (14/101)        [35m[which-key.nvim] [0m[36m clone[0m[90m | [0mremote: Compressing objects:  14% (15/101)        [35m[which-key.nvim] [0m[36m clone[0m[90m | [0mremote: Compressing objects:  15% (16/101)        [35m[which-key.nvim] [0m[36m clone[0m[90m | [0mremote: Compressing objects:  16% (17/101)        [35m[which-key.nvim] [0m[36m clone[0m[90m | [0mremote: Compressing objects:  17% (18/101)        [35m[which-key.nvim] [0m[36m clone[0m[90m | [0mremote: Compressing objects:  18% (19/101)        [35m[which-key.nvim] [0m[36m clone[0m[90m | [0mremote: Compressing objects:  19% (20/101)        [35m[which-key.nvim] [0m[36m clone[0m[90m | [0mremote: Compressing objects:  20% (21/101)        [35m[which-key.nvim] [0m[36m clone[0m[90m | [0mremote: Compressing objects:  21% (22/101)        [35m[which-key.nvim] [0m[36m clone[0m[90m | [0mremote: Compressing objects:  22% (23/101)        [35m[which-key.nvim] [0m[36m clone[0m[90m | [0mremote: Compressing objects:  23% (24/101)        [35m[which-key.nvim] [0m[36m clone[0m[90m | [0mremote: Compressing objects:  24% (25/101)        [35m[which-key.nvim] [0m[36m clone[0m[90m | [0mremote: Compressing objects:  25% (26/101)        [35m[which-key.nvim] [0m[36m clone[0m[90m | [0mremote: Compressing objects:  26% (27/101)        [35m[which-key.nvim] [0m[36m clone[0m[90m | [0mremote: Compressing objects:  27% (28/101)        [35m[which-key.nvim] [0m[36m clone[0m[90m | [0mremote: Compressing objects:  28% (29/101)        [35m[which-key.nvim] [0m[36m clone[0m[90m | [0mremote: Compressing objects:  29% (30/101)        [35m[which-key.nvim] [0m[36m clone[0m[90m | [0mremote: Compressing objects:  30% (31/101)        [35m[which-key.nvim] [0m[36m clone[0m[90m | [0mremote: Compressing objects:  31% (32/101)        [35m[which-key.nvim] [0m[36m clone[0m[90m | [0mremote: Compressing objects:  32% (33/101)        [35m[which-key.nvim] [0m[36m clone[0m[90m | [0mremote: Compressing objects:  33% (34/101)        [35m[which-key.nvim] [0m[36m clone[0m[90m | [0mremote: Compressing objects:  34% (35/101)        [35m[which-key.nvim] [0m[36m clone[0m[90m | [0mremote: Compressing objects:  35% (36/101)        [35m[which-key.nvim] [0m[36m clone[0m[90m | [0mremote: Compressing objects:  36% (37/101)        [35m[which-key.nvim] [0m[36m clone[0m[90m | [0mremote: Compressing objects:  37% (38/101)        [35m[which-key.nvim] [0m[36m clone[0m[90m | [0mremote: Compressing objects:  38% (39/101)        [35m[which-key.nvim] [0m[36m clone[0m[90m | [0mremote: Compressing objects:  39% (40/101)        [35m[which-key.nvim] [0m[36m clone[0m[90m | [0mremote: Compressing objects:  40% (41/101)        [35m[which-key.nvim] [0m[36m clone[0m[90m | [0mremote: Compressing objects:  41% (42/101)        [35m[which-key.nvim] [0m[36m clone[0m[90m | [0mremote: Compressing objects:  42% (43/101)        [35m[which-key.nvim] [0m[36m clone[0m[90m | [0mremote: Compressing objects:  43% (44/101)        [35m[which-key.nvim] [0m[36m clone[0m[90m | [0mremote: Compressing objects:  44% (45/101)        [35m[which-key.nvim] [0m[36m clone[0m[90m | [0mremote: Compressing objects:  45% (46/101)        [35m[which-key.nvim] [0m[36m clone[0m[90m | [0mremote: Compressing objects:  46% (47/101)        [35m[which-key.nvim] [0m[36m clone[0m[90m | [0mremote: Compressing objects:  47% (48/101)        [35m[which-key.nvim] [0m[36m clone[0m[90m | [0mremote: Compressing objects:  48% (49/101)        [35m[which-key.nvim] [0m[36m clone[0m[90m | [0mremote: Compressing objects:  49% (50/101)        [35m[which-key.nvim] [0m[36m clone[0m[90m | [0mremote: Compressing objects:  50% (51/101)        [35m[which-key.nvim] [0m[36m clone[0m[90m | [0mremote: Compressing objects:  51% (52/101)        [35m[which-key.nvim] [0m[36m clone[0m[90m | [0mremote: Compressing objects:  52% (53/101)        [35m[which-key.nvim] [0m[36m clone[0m[90m | [0mremote: Compressing objects:  53% (54/101)        [35m[which-key.nvim] [0m[36m clone[0m[90m | [0mremote: Compressing objects:  54% (55/101)        [35m[which-key.nvim] [0m[36m clone[0m[90m | [0mremote: Compressing objects:  55% (56/101)        [35m[which-key.nvim] [0m[36m clone[0m[90m | [0mremote: Compressing objects:  56% (57/101)        [35m[which-key.nvim] [0m[36m clone[0m[90m | [0mremote: Compressing objects:  57% (58/101)        [35m[which-key.nvim] [0m[36m clone[0m[90m | [0mremote: Compressing objects:  58% (59/101)        [35m[which-key.nvim] [0m[36m clone[0m[90m | [0mremote: Compressing objects:  59% (60/101)        [35m[which-key.nvim] [0m[36m clone[0m[90m | [0mremote: Compressing objects:  60% (61/101)        [35m[which-key.nvim] [0m[36m clone[0m[90m | [0mremote: Compressing objects:  61% (62/101)        [35m[which-key.nvim] [0m[36m clone[0m[90m | [0mremote: Compressing objects:  62% (63/101)        [35m[which-key.nvim] [0m[36m clone[0m[90m | [0mremote: Compressing objects:  63% (64/101)        [35m[which-key.nvim] [0m[36m clone[0m[90m | [0mremote: Compressing objects:  64% (65/101)        [35m[which-key.nvim] [0m[36m clone[0m[90m | [0mremote: Compressing objects:  65% (66/101)        [35m[which-key.nvim] [0m[36m clone[0m[90m | [0mremote: Compressing objects:  66% (67/101)        [35m[which-key.nvim] [0m[36m clone[0m[90m | [0mremote: Compressing objects:  67% (68/101)        [35m[which-key.nvim] [0m[36m clone[0m[90m | [0mremote: Compressing objects:  68% (69/101)        [35m[which-key.nvim] [0m[36m clone[0m[90m | [0mremote: Compressing objects:  69% (70/101)        [35m[which-key.nvim] [0m[36m clone[0m[90m | [0mremote: Compressing objects:  70% (71/101)        [35m[which-key.nvim] [0m[36m clone[0m[90m | [0mremote: Compressing objects:  71% (72/101)        [35m[which-key.nvim] [0m[36m clone[0m[90m | [0mremote: Compressing objects:  72% (73/101)        [35m[which-key.nvim] [0m[36m clone[0m[90m | [0mremote: Compressing objects:  73% (74/101)        [35m[which-key.nvim] [0m[36m clone[0m[90m | [0mremote: Compressing objects:  74% (75/101)        [35m[which-key.nvim] [0m[36m clone[0m[90m | [0mremote: Compressing objects:  75% (76/101)        [35m[which-key.nvim] [0m[36m clone[0m[90m | [0mremote: Compressing objects:  76% (77/101)        [35m[which-key.nvim] [0m[36m clone[0m[90m | [0mremote: Compressing objects:  77% (78/101)        [35m[which-key.nvim] [0m[36m clone[0m[90m | [0mremote: Compressing objects:  78% (79/101)        [35m[which-key.nvim] [0m[36m clone[0m[90m | [0mremote: Compressing objects:  79% (80/101)        [35m[which-key.nvim] [0m[36m clone[0m[90m | [0mremote: Compressing objects:  80% (81/101)        [35m[which-key.nvim] [0m[36m clone[0m[90m | [0mremote: Compressing objects:  81% (82/101)        [35m[which-key.nvim] [0m[36m clone[0m[90m | [0mremote: Compressing objects:  82% (83/101)        [35m[which-key.nvim] [0m[36m clone[0m[90m | [0mremote: Compressing objects:  83% (84/101)        [35m[which-key.nvim] [0m[36m clone[0m[90m | [0mremote: Compressing objects:  84% (85/101)        [35m[which-key.nvim] [0m[36m clone[0m[90m | [0mremote: Compressing objects:  85% (86/101)        [35m[which-key.nvim] [0m[36m clone[0m[90m | [0mremote: Compressing objects:  86% (87/101)        [35m[which-key.nvim] [0m[36m clone[0m[90m | [0mremote: Compressing objects:  87% (88/101)        [35m[which-key.nvim] [0m[36m clone[0m[90m | [0mremote: Compressing objects:  88% (89/101)        [35m[which-key.nvim] [0m[36m clone[0m[90m | [0mremote: Compressing objects:  89% (90/101)        [35m[which-key.nvim] [0m[36m clone[0m[90m | [0mremote: Compressing objects:  90% (91/101)        [35m[which-key.nvim] [0m[36m clone[0m[90m | [0mremote: Compressing objects:  91% (92/101)        [35m[which-key.nvim] [0m[36m clone[0m[90m | [0mremote: Compressing objects:  92% (93/101)        [35m[which-key.nvim] [0m[36m clone[0m[90m | [0mremote: Compressing objects:  93% (94/101)        [35m[which-key.nvim] [0m[36m clone[0m[90m | [0mremote: Compressing objects:  94% (95/101)        [35m[which-key.nvim] [0m[36m clone[0m[90m | [0mremote: Compressing objects:  95% (96/101)        [35m[which-key.nvim] [0m[36m clone[0m[90m | [0mremote: Compressing objects:  96% (97/101)        [35m[which-key.nvim] [0m[36m clone[0m[90m | [0mremote: Compressing objects:  97% (98/101)        [35m[which-key.nvim] [0m[36m clone[0m[90m | [0mremote: Compressing objects:  98% (99/101)        [35m[which-key.nvim] [0m[36m clone[0m[90m | [0mremote: Compressing objects:  99% (100/101)        [35m[which-key.nvim] [0m[36m clone[0m[90m | [0mremote: Compressing objects: 100% (101/101)        [35m[which-key.nvim] [0m[36m clone[0m[90m | [0mremote: Compressing objects: 100% (101/101), done.        
[35m[snacks.nvim] [0m[36m    clone[0m[90m | [0mReceiving objects:  15% (1992/13280)[35m[snacks.nvim] [0m[36m    clone[0m[90m | [0mReceiving objects:  16% (2125/13280)[35m[vim-tmux-navigator] [0m[36mclone[0m[90m | [0mremote: Enumerating objects: 284, done.        
[35m[vim-tmux-navigator] [0m[36mclone[0m[90m | [0mremote: Counting objects:   1% (1/72)        [35m[vim-tmux-navigator] [0m[36mclone[0m[90m | [0mremote: Counting objects:   2% (2/72)        [35m[vim-tmux-navigator] [0m[36mclone[0m[90m | [0mremote: Counting objects:   4% (3/72)        [35m[vim-tmux-navigator] [0m[36mclone[0m[90m | [0mremote: Counting objects:   5% (4/72)        [35m[vim-tmux-navigator] [0m[36mclone[0m[90m | [0mremote: Counting objects:   6% (5/72)        [35m[vim-tmux-navigator] [0m[36mclone[0m[90m | [0mremote: Counting objects:   8% (6/72)        [35m[vim-tmux-navigator] [0m[36mclone[0m[90m | [0mremote: Counting objects:   9% (7/72)        [35m[vim-tmux-navigator] [0m[36mclone[0m[90m | [0mremote: Counting objects:  11% (8/72)        [35m[vim-tmux-navigator] [0m[36mclone[0m[90m | [0mremote: Counting objects:  12% (9/72)        [35m[vim-tmux-navigator] [0m[36mclone[0m[90m | [0mremote: Counting objects:  13% (10/72)        [35m[vim-tmux-navigator] [0m[36mclone[0m[90m | [0mremote: Counting objects:  15% (11/72)        [35m[vim-tmux-navigator] [0m[36mclone[0m[90m | [0mremote: Counting objects:  16% (12/72)        [35m[vim-tmux-navigator] [0m[36mclone[0m[90m | [0mremote: Counting objects:  18% (13/72)        [35m[vim-tmux-navigator] [0m[36mclone[0m[90m | [0mremote: Counting objects:  19% (14/72)        [35m[vim-tmux-navigator] [0m[36mclone[0m[90m | [0mremote: Counting objects:  20% (15/72)        [35m[vim-tmux-navigator] [0m[36mclone[0m[90m | [0mremote: Counting objects:  22% (16/72)        [35m[vim-tmux-navigator] [0m[36mclone[0m[90m | [0mremote: Counting objects:  23% (17/72)        [35m[vim-tmux-navigator] [0m[36mclone[0m[90m | [0mremote: Counting objects:  25% (18/72)        [35m[vim-tmux-navigator] [0m[36mclone[0m[90m | [0mremote: Counting objects:  26% (19/72)        [35m[vim-tmux-navigator] [0m[36mclone[0m[90m | [0mremote: Counting objects:  27% (20/72)        [35m[vim-tmux-navigator] [0m[36mclone[0m[90m | [0mremote: Counting objects:  29% (21/72)        [35m[vim-tmux-navigator] [0m[36mclone[0m[90m | [0mremote: Counting objects:  30% (22/72)        [35m[vim-tmux-navigator] [0m[36mclone[0m[90m | [0mremote: Counting objects:  31% (23/72)        [35m[vim-tmux-navigator] [0m[36mclone[0m[90m | [0mremote: Counting objects:  33% (24/72)        [35m[vim-tmux-navigator] [0m[36mclone[0m[90m | [0mremote: Counting objects:  34% (25/72)        [35m[vim-tmux-navigator] [0m[36mclone[0m[90m | [0mremote: Counting objects:  36% (26/72)        [35m[vim-tmux-navigator] [0m[36mclone[0m[90m | [0mremote: Counting objects:  37% (27/72)        [35m[vim-tmux-navigator] [0m[36mclone[0m[90m | [0mremote: Counting objects:  38% (28/72)        [35m[vim-tmux-navigator] [0m[36mclone[0m[90m | [0mremote: Counting objects:  40% (29/72)        [35m[vim-tmux-navigator] [0m[36mclone[0m[90m | [0mremote: Counting objects:  41% (30/72)        [35m[vim-tmux-navigator] [0m[36mclone[0m[90m | [0mremote: Counting objects:  43% (31/72)        [35m[vim-tmux-navigator] [0m[36mclone[0m[90m | [0mremote: Counting objects:  44% (32/72)        [35m[vim-tmux-navigator] [0m[36mclone[0m[90m | [0mremote: Counting objects:  45% (33/72)        [35m[vim-tmux-navigator] [0m[36mclone[0m[90m | [0mremote: Counting objects:  47% (34/72)        [35m[vim-tmux-navigator] [0m[36mclone[0m[90m | [0mremote: Counting objects:  48% (35/72)        [35m[vim-tmux-navigator] [0m[36mclone[0m[90m | [0mremote: Counting objects:  50% (36/72)        [35m[vim-tmux-navigator] [0m[36mclone[0m[90m | [0mremote: Counting objects:  51% (37/72)        [35m[vim-tmux-navigator] [0m[36mclone[0m[90m | [0mremote: Counting objects:  52% (38/72)        [35m[vim-tmux-navigator] [0m[36mclone[0m[90m | [0mremote: Counting objects:  54% (39/72)        [35m[vim-tmux-navigator] [0m[36mclone[0m[90m | [0mremote: Counting objects:  55% (40/72)        [35m[vim-tmux-navigator] [0m[36mclone[0m[90m | [0mremote: Counting objects:  56% (41/72)        [35m[vim-tmux-navigator] [0m[36mclone[0m[90m | [0mremote: Counting objects:  58% (42/72)        [35m[vim-tmux-navigator] [0m[36mclone[0m[90m | [0mremote: Counting objects:  59% (43/72)        [35m[vim-tmux-navigator] [0m[36mclone[0m[90m | [0mremote: Counting objects:  61% (44/72)        [35m[vim-tmux-navigator] [0m[36mclone[0m[90m | [0mremote: Counting objects:  62% (45/72)        [35m[vim-tmux-navigator] [0m[36mclone[0m[90m | [0mremote: Counting objects:  63% (46/72)        [35m[vim-tmux-navigator] [0m[36mclone[0m[90m | [0mremote: Counting objects:  65% (47/72)        [35m[vim-tmux-navigator] [0m[36mclone[0m[90m | [0mremote: Counting objects:  66% (48/72)        [35m[vim-tmux-navigator] [0m[36mclone[0m[90m | [0mremote: Counting objects:  68% (49/72)        [35m[vim-tmux-navigator] [0m[36mclone[0m[90m | [0mremote: Counting objects:  69% (50/72)        [35m[vim-tmux-navigator] [0m[36mclone[0m[90m | [0mremote: Counting objects:  70% (51/72)        [35m[vim-tmux-navigator] [0m[36mclone[0m[90m | [0mremote: Counting objects:  72% (52/72)        [35m[vim-tmux-navigator] [0m[36mclone[0m[90m | [0mremote: Counting objects:  73% (53/72)        [35m[vim-tmux-navigator] [0m[36mclone[0m[90m | [0mremote: Counting objects:  75% (54/72)        [35m[vim-tmux-navigator] [0m[36mclone[0m[90m | [0mremote: Counting objects:  76% (55/72)        [35m[vim-tmux-navigator] [0m[36mclone[0m[90m | [0mremote: Counting objects:  77% (56/72)        [35m[vim-tmux-navigator] [0m[36mclone[0m[90m | [0mremote: Counting objects:  79% (57/72)        [35m[vim-tmux-navigator] [0m[36mclone[0m[90m | [0mremote: Counting objects:  80% (58/72)        [35m[vim-tmux-navigator] [0m[36mclone[0m[90m | [0mremote: Counting objects:  81% (59/72)        [35m[vim-tmux-navigator] [0m[36mclone[0m[90m | [0mremote: Counting objects:  83% (60/72)        [35m[vim-tmux-navigator] [0m[36mclone[0m[90m | [0mremote: Counting objects:  84% (61/72)        [35m[vim-tmux-navigator] [0m[36mclone[0m[90m | [0mremote: Counting objects:  86% (62/72)        [35m[vim-tmux-navigator] [0m[36mclone[0m[90m | [0mremote: Counting objects:  87% (63/72)        [35m[vim-tmux-navigator] [0m[36mclone[0m[90m | [0mremote: Counting objects:  88% (64/72)        [35m[vim-tmux-navigator] [0m[36mclone[0m[90m | [0mremote: Counting objects:  90% (65/72)        [35m[vim-tmux-navigator] [0m[36mclone[0m[90m | [0mremote: Counting objects:  91% (66/72)        [35m[vim-tmux-navigator] [0m[36mclone[0m[90m | [0mremote: Counting objects:  93% (67/72)        [35m[vim-tmux-navigator] [0m[36mclone[0m[90m | [0mremote: Counting objects:  94% (68/72)        [35m[vim-tmux-navigator] [0m[36mclone[0m[90m | [0mremote: Counting objects:  95% (69/72)        [35m[vim-tmux-navigator] [0m[36mclone[0m[90m | [0mremote: Counting objects:  97% (70/72)        [35m[vim-tmux-navigator] [0m[36mclone[0m[90m | [0mremote: Counting objects:  98% (71/72)        [35m[vim-tmux-navigator] [0m[36mclone[0m[90m | [0mremote: Counting objects: 100% (72/72)        [35m[vim-tmux-navigator] [0m[36mclone[0m[90m | [0mremote: Counting objects: 100% (72/72), done.        
[35m[vim-tmux-navigator] [0m[36mclone[0m[90m | [0mremote: Compressing objects:   2% (1/34)        [35m[vim-tmux-navigator] [0m[36mclone[0m[90m | [0mremote: Compressing objects:   5% (2/34)        [35m[vim-tmux-navigator] [0m[36mclone[0m[90m | [0mremote: Compressing objects:   8% (3/34)        [35m[vim-tmux-navigator] [0m[36mclone[0m[90m | [0mremote: Compressing objects:  11% (4/34)        [35m[vim-tmux-navigator] [0m[36mclone[0m[90m | [0mremote: Compressing objects:  14% (5/34)        [35m[vim-tmux-navigator] [0m[36mclone[0m[90m | [0mremote: Compressing objects:  17% (6/34)        [35m[vim-tmux-navigator] [0m[36mclone[0m[90m | [0mremote: Compressing objects:  20% (7/34)        [35m[vim-tmux-navigator] [0m[36mclone[0m[90m | [0mremote: Compressing objects:  23% (8/34)        [35m[vim-tmux-navigator] [0m[36mclone[0m[90m | [0mremote: Compressing objects:  26% (9/34)        [35m[vim-tmux-navigator] [0m[36mclone[0m[90m | [0mremote: Compressing objects:  29% (10/34)        [35m[vim-tmux-navigator] [0m[36mclone[0m[90m | [0mremote: Compressing objects:  32% (11/34)        [35m[vim-tmux-navigator] [0m[36mclone[0m[90m | [0mremote: Compressing objects:  35% (12/34)        [35m[vim-tmux-navigator] [0m[36mclone[0m[90m | [0mremote: Compressing objects:  38% (13/34)        [35m[vim-tmux-navigator] [0m[36mclone[0m[90m | [0mremote: Compressing objects:  41% (14/34)        [35m[vim-tmux-navigator] [0m[36mclone[0m[90m | [0mremote: Compressing objects:  44% (15/34)        [35m[vim-tmux-navigator] [0m[36mclone[0m[90m | [0mremote: Compressing objects:  47% (16/34)        [35m[vim-tmux-navigator] [0m[36mclone[0m[90m | [0mremote: Compressing objects:  50% (17/34)        [35m[vim-tmux-navigator] [0m[36mclone[0m[90m | [0mremote: Compressing objects:  52% (18/34)        [35m[vim-tmux-navigator] [0m[36mclone[0m[90m | [0mremote: Compressing objects:  55% (19/34)        [35m[vim-tmux-navigator] [0m[36mclone[0m[90m | [0mremote: Compressing objects:  58% (20/34)        [35m[vim-tmux-navigator] [0m[36mclone[0m[90m | [0mremote: Compressing objects:  61% (21/34)        [35m[vim-tmux-navigator] [0m[36mclone[0m[90m | [0mremote: Compressing objects:  64% (22/34)        [35m[vim-tmux-navigator] [0m[36mclone[0m[90m | [0mremote: Compressing objects:  67% (23/34)        [35m[vim-tmux-navigator] [0m[36mclone[0m[90m | [0mremote: Compressing objects:  70% (24/34)        [35m[vim-tmux-navigator] [0m[36mclone[0m[90m | [0mremote: Compressing objects:  73% (25/34)        [35m[vim-tmux-navigator] [0m[36mclone[0m[90m | [0mremote: Compressing objects:  76% (26/34)        [35m[vim-tmux-navigator] [0m[36mclone[0m[90m | [0mremote: Compressing objects:  79% (27/34)        [35m[vim-tmux-navigator] [0m[36mclone[0m[90m | [0mremote: Compressing objects:  82% (28/34)        [35m[vim-tmux-navigator] [0m[36mclone[0m[90m | [0mremote: Compressing objects:  85% (29/34)        [35m[vim-tmux-navigator] [0m[36mclone[0m[90m | [0mremote: Compressing objects:  88% (30/34)        [35m[vim-tmux-navigator] [0m[36mclone[0m[90m | [0mremote: Compressing objects:  91% (31/34)        [35m[vim-tmux-navigator] [0m[36mclone[0m[90m | [0mremote: Compressing objects:  94% (32/34)        [35m[vim-tmux-navigator] [0m[36mclone[0m[90m | [0mremote: Compressing objects:  97% (33/34)        [35m[vim-tmux-navigator] [0m[36mclone[0m[90m | [0mremote: Compressing objects: 100% (34/34)        [35m[vim-tmux-navigator] [0m[36mclone[0m[90m | [0mremote: Compressing objects: 100% (34/34), done.        
[35m[snacks.nvim] [0m[36m    clone[0m[90m | [0mReceiving objects:  17% (2258/13280)[35m[snacks.nvim] [0m[36m    clone[0m[90m | [0mReceiving objects:  18% (2391/13280)[35m[snacks.nvim] [0m[36m    clone[0m[90m | [0mReceiving objects:  19% (2524/13280)[35m[snacks.nvim] [0m[36m    clone[0m[90m | [0mReceiving objects:  20% (2656/13280), 1.61 MiB | 3.19 MiB/s[35m[which-key.nvim] [0m[36m clone[0m[90m | [0mReceiving objects:   0% (1/2847)[35m[which-key.nvim] [0m[36m clone[0m[90m | [0mReceiving objects:   1% (29/2847)[35m[which-key.nvim] [0m[36m clone[0m[90m | [0mReceiving objects:   2% (57/2847)[35m[which-key.nvim] [0m[36m clone[0m[90m | [0mReceiving objects:   3% (86/2847)[35m[which-key.nvim] [0m[36m clone[0m[90m | [0mReceiving objects:   4% (114/2847)[35m[which-key.nvim] [0m[36m clone[0m[90m | [0mReceiving objects:   5% (143/2847)[35m[which-key.nvim] [0m[36m clone[0m[90m | [0mReceiving objects:   6% (171/2847)[35m[which-key.nvim] [0m[36m clone[0m[90m | [0mReceiving objects:   7% (200/2847)[35m[vim-tmux-navigator] [0m[36mclone[0m[90m | [0mReceiving objects:   0% (1/284)[35m[vim-tmux-navigator] [0m[36mclone[0m[90m | [0mReceiving objects:   1% (3/284)[35m[vim-tmux-navigator] [0m[36mclone[0m[90m | [0mReceiving objects:   2% (6/284)[35m[vim-tmux-navigator] [0m[36mclone[0m[90m | [0mReceiving objects:   3% (9/284)[35m[vim-tmux-navigator] [0m[36mclone[0m[90m | [0mReceiving objects:   4% (12/284)[35m[which-key.nvim] [0m[36m clone[0m[90m | [0mReceiving objects:   8% (228/2847)[35m[vim-tmux-navigator] [0m[36mclone[0m[90m | [0mReceiving objects:   5% (15/284)[35m[vim-tmux-navigator] [0m[36mclone[0m[90m | [0mReceiving objects:   6% (18/284)[35m[vim-tmux-navigator] [0m[36mclone[0m[90m | [0mReceiving objects:   7% (20/284)[35m[vim-tmux-navigator] [0m[36mclone[0m[90m | [0mReceiving objects:   8% (23/284)[35m[vim-tmux-navigator] [0m[36mclone[0m[90m | [0mReceiving objects:   9% (26/284)[35m[vim-tmux-navigator] [0m[36mclone[0m[90m | [0mReceiving objects:  10% (29/284)[35m[vim-tmux-navigator] [0m[36mclone[0m[90m | [0mReceiving objects:  11% (32/284)[35m[which-key.nvim] [0m[36m clone[0m[90m | [0mReceiving objects:   9% (257/2847)[35m[which-key.nvim] [0m[36m clone[0m[90m | [0mReceiving objects:  10% (285/2847)[35m[vim-tmux-navigator] [0m[36mclone[0m[90m | [0mReceiving objects:  12% (35/284)[35m[vim-tmux-navigator] [0m[36mclone[0m[90m | [0mReceiving objects:  13% (37/284)[35m[vim-tmux-navigator] [0m[36mclone[0m[90m | [0mReceiving objects:  14% (40/284)[35m[vim-tmux-navigator] [0m[36mclone[0m[90m | [0mReceiving objects:  15% (43/284)[35m[vim-tmux-navigator] [0m[36mclone[0m[90m | [0mReceiving objects:  16% (46/284)[35m[vim-tmux-navigator] [0m[36mclone[0m[90m | [0mReceiving objects:  17% (49/284)[35m[vim-tmux-navigator] [0m[36mclone[0m[90m | [0mReceiving objects:  18% (52/284)[35m[vim-tmux-navigator] [0m[36mclone[0m[90m | [0mReceiving objects:  19% (54/284)[35m[vim-tmux-navigator] [0m[36mclone[0m[90m | [0mReceiving objects:  20% (57/284)[35m[vim-tmux-navigator] [0m[36mclone[0m[90m | [0mReceiving objects:  21% (60/284)[35m[snacks.nvim] [0m[36m    clone[0m[90m | [0mReceiving objects:  21% (2789/13280), 1.61 MiB | 3.19 MiB/s[35m[vim-tmux-navigator] [0m[36mclone[0m[90m | [0mReceiving objects:  22% (63/284)[35m[vim-tmux-navigator] [0m[36mclone[0m[90m | [0mReceiving objects:  23% (66/284)[35m[vim-tmux-navigator] [0m[36mclone[0m[90m | [0mReceiving objects:  24% (69/284)[35m[vim-tmux-navigator] [0m[36mclone[0m[90m | [0mReceiving objects:  25% (71/284)[35m[vim-tmux-navigator] [0m[36mclone[0m[90m | [0mReceiving objects:  26% (74/284)[35m[vim-tmux-navigator] [0m[36mclone[0m[90m | [0mReceiving objects:  27% (77/284)[35m[vim-tmux-navigator] [0m[36mclone[0m[90m | [0mReceiving objects:  28% (80/284)[35m[vim-tmux-navigator] [0m[36mclone[0m[90m | [0mReceiving objects:  29% (83/284)[35m[vim-tmux-navigator] [0m[36mclone[0m[90m | [0mReceiving objects:  30% (86/284)[35m[vim-tmux-navigator] [0m[36mclone[0m[90m | [0mReceiving objects:  31% (89/284)[35m[vim-tmux-navigator] [0m[36mclone[0m[90m | [0mReceiving objects:  32% (91/284)[35m[vim-tmux-navigator] [0m[36mclone[0m[90m | [0mReceiving objects:  33% (94/284)[35m[vim-tmux-navigator] [0m[36mclone[0m[90m | [0mReceiving objects:  34% (97/284)[35m[vim-tmux-navigator] [0m[36mclone[0m[90m | [0mReceiving objects:  35% (100/284)[35m[vim-tmux-navigator] [0m[36mclone[0m[90m | [0mReceiving objects:  36% (103/284)[35m[vim-tmux-navigator] [0m[36mclone[0m[90m | [0mReceiving objects:  37% (106/284)[35m[vim-tmux-navigator] [0m[36mclone[0m[90m | [0mReceiving objects:  38% (108/284)[35m[vim-tmux-navigator] [0m[36mclone[0m[90m | [0mReceiving objects:  39% (111/284)[35m[vim-tmux-navigator] [0m[36mclone[0m[90m | [0mReceiving objects:  40% (114/284)[35m[vim-tmux-navigator] [0m[36mclone[0m[90m | [0mReceiving objects:  41% (117/284)[35m[vim-tmux-navigator] [0m[36mclone[0m[90m | [0mReceiving objects:  42% (120/284)[35m[vim-tmux-navigator] [0m[36mclone[0m[90m | [0mReceiving objects:  43% (123/284)[35m[vim-tmux-navigator] [0m[36mclone[0m[90m | [0mReceiving objects:  44% (125/284)[35m[vim-tmux-navigator] [0m[36mclone[0m[90m | [0mReceiving objects:  45% (128/284)[35m[vim-tmux-navigator] [0m[36mclone[0m[90m | [0mReceiving objects:  46% (131/284)[35m[vim-tmux-navigator] [0m[36mclone[0m[90m | [0mReceiving objects:  47% (134/284)[35m[vim-tmux-navigator] [0m[36mclone[0m[90m | [0mReceiving objects:  48% (137/284)[35m[vim-tmux-navigator] [0m[36mclone[0m[90m | [0mReceiving objects:  49% (140/284)[35m[vim-tmux-navigator] [0m[36mclone[0m[90m | [0mReceiving objects:  50% (142/284)[35m[vim-tmux-navigator] [0m[36mclone[0m[90m | [0mReceiving objects:  51% (145/284)[35m[vim-tmux-navigator] [0m[36mclone[0m[90m | [0mReceiving objects:  52% (148/284)[35m[vim-tmux-navigator] [0m[36mclone[0m[90m | [0mReceiving objects:  53% (151/284)[35m[vim-tmux-navigator] [0m[36mclone[0m[90m | [0mReceiving objects:  54% (154/284)[35m[vim-tmux-navigator] [0m[36mclone[0m[90m | [0mReceiving objects:  55% (157/284)[35m[vim-tmux-navigator] [0m[36mclone[0m[90m | [0mReceiving objects:  56% (160/284)[35m[vim-tmux-navigator] [0m[36mclone[0m[90m | [0mReceiving objects:  57% (162/284)[35m[vim-tmux-navigator] [0m[36mclone[0m[90m | [0mReceiving objects:  58% (165/284)[35m[vim-tmux-navigator] [0m[36mclone[0m[90m | [0mReceiving objects:  59% (168/284)[35m[vim-tmux-navigator] [0m[36mclone[0m[90m | [0mReceiving objects:  60% (171/284)[35m[vim-tmux-navigator] [0m[36mclone[0m[90m | [0mReceiving objects:  61% (174/284)[35m[vim-tmux-navigator] [0m[36mclone[0m[90m | [0mReceiving objects:  62% (177/284)[35m[vim-tmux-navigator] [0m[36mclone[0m[90m | [0mReceiving objects:  63% (179/284)[35m[vim-tmux-navigator] [0m[36mclone[0m[90m | [0mReceiving objects:  64% (182/284)[35m[vim-tmux-navigator] [0m[36mclone[0m[90m | [0mReceiving objects:  65% (185/284)[35m[vim-tmux-navigator] [0m[36mclone[0m[90m | [0mReceiving objects:  66% (188/284)[35m[vim-tmux-navigator] [0m[36mclone[0m[90m | [0mReceiving objects:  67% (191/284)[35m[vim-tmux-navigator] [0m[36mclone[0m[90m | [0mReceiving objects:  68% (194/284)[35m[vim-tmux-navigator] [0m[36mclone[0m[90m | [0mReceiving objects:  69% (196/284)[35m[vim-tmux-navigator] [0m[36mclone[0m[90m | [0mReceiving objects:  70% (199/284)[35m[vim-tmux-navigator] [0m[36mclone[0m[90m | [0mReceiving objects:  71% (202/284)[35m[vim-tmux-navigator] [0m[36mclone[0m[90m | [0mReceiving objects:  72% (205/284)[35m[vim-tmux-navigator] [0m[36mclone[0m[90m | [0mReceiving objects:  73% (208/284)[35m[vim-tmux-navigator] [0m[36mclone[0m[90m | [0mReceiving objects:  74% (211/284)[35m[vim-tmux-navigator] [0m[36mclone[0m[90m | [0mReceiving objects:  75% (213/284)[35m[vim-tmux-navigator] [0m[36mclone[0m[90m | [0mremote: Total 284 (delta 45), reused 38 (delta 38), pack-reused 212 (from 3)        
[35m[vim-tmux-navigator] [0m[36mclone[0m[90m | [0mReceiving objects:  76% (216/284)[35m[vim-tmux-navigator] [0m[36mclone[0m[90m | [0mReceiving objects:  77% (219/284)[35m[vim-tmux-navigator] [0m[36mclone[0m[90m | [0mReceiving objects:  78% (222/284)[35m[vim-tmux-navigator] [0m[36mclone[0m[90m | [0mReceiving objects:  79% (225/284)[35m[vim-tmux-navigator] [0m[36mclone[0m[90m | [0mReceiving objects:  80% (228/284)[35m[vim-tmux-navigator] [0m[36mclone[0m[90m | [0mReceiving objects:  81% (231/284)[35m[vim-tmux-navigator] [0m[36mclone[0m[90m | [0mReceiving objects:  82% (233/284)[35m[vim-tmux-navigator] [0m[36mclone[0m[90m | [0mReceiving objects:  83% (236/284)[35m[vim-tmux-navigator] [0m[36mclone[0m[90m | [0mReceiving objects:  84% (239/284)[35m[vim-tmux-navigator] [0m[36mclone[0m[90m | [0mReceiving objects:  85% (242/284)[35m[vim-tmux-navigator] [0m[36mclone[0m[90m | [0mReceiving objects:  86% (245/284)[35m[vim-tmux-navigator] [0m[36mclone[0m[90m | [0mReceiving objects:  87% (248/284)[35m[vim-tmux-navigator] [0m[36mclone[0m[90m | [0mReceiving objects:  88% (250/284)[35m[vim-tmux-navigator] [0m[36mclone[0m[90m | [0mReceiving objects:  89% (253/284)[35m[vim-tmux-navigator] [0m[36mclone[0m[90m | [0mReceiving objects:  90% (256/284)[35m[vim-tmux-navigator] [0m[36mclone[0m[90m | [0mReceiving objects:  91% (259/284)[35m[vim-tmux-navigator] [0m[36mclone[0m[90m | [0mReceiving objects:  92% (262/284)[35m[vim-tmux-navigator] [0m[36mclone[0m[90m | [0mReceiving objects:  93% (265/284)[35m[vim-tmux-navigator] [0m[36mclone[0m[90m | [0mReceiving objects:  94% (267/284)[35m[vim-tmux-navigator] [0m[36mclone[0m[90m | [0mReceiving objects:  95% (270/284)[35m[vim-tmux-navigator] [0m[36mclone[0m[90m | [0mReceiving objects:  96% (273/284)[35m[vim-tmux-navigator] [0m[36mclone[0m[90m | [0mReceiving objects:  97% (276/284)[35m[vim-tmux-navigator] [0m[36mclone[0m[90m | [0mReceiving objects:  98% (279/284)[35m[vim-tmux-navigator] [0m[36mclone[0m[90m | [0mReceiving objects:  99% (282/284)[35m[vim-tmux-navigator] [0m[36mclone[0m[90m | [0mReceiving objects: 100% (284/284)[35m[which-key.nvim] [0m[36m clone[0m[90m | [0mReceiving objects:  11% (314/2847)[35m[vim-tmux-navigator] [0m[36mclone[0m[90m | [0mReceiving objects: 100% (284/284), 53.93 KiB | 2.25 MiB/s, done.
[35m[vim-tmux-navigator] [0m[36mclone[0m[90m | [0mResolving deltas:   0% (0/86)[35m[which-key.nvim] [0m[36m clone[0m[90m | [0mReceiving objects:  12% (342/2847)[35m[vim-tmux-navigator] [0m[36mclone[0m[90m | [0mResolving deltas:   1% (1/86)[35m[vim-tmux-navigator] [0m[36mclone[0m[90m | [0mResolving deltas:   2% (2/86)[35m[vim-tmux-navigator] [0m[36mclone[0m[90m | [0mResolving deltas:   3% (3/86)[35m[vim-tmux-navigator] [0m[36mclone[0m[90m | [0mResolving deltas:   4% (4/86)[35m[vim-tmux-navigator] [0m[36mclone[0m[90m | [0mResolving deltas:   5% (5/86)[35m[vim-tmux-navigator] [0m[36mclone[0m[90m | [0mResolving deltas:   6% (6/86)[35m[vim-tmux-navigator] [0m[36mclone[0m[90m | [0mResolving deltas:   8% (7/86)[35m[vim-tmux-navigator] [0m[36mclone[0m[90m | [0mResolving deltas:   9% (8/86)[35m[vim-tmux-navigator] [0m[36mclone[0m[90m | [0mResolving deltas:  10% (9/86)[35m[vim-tmux-navigator] [0m[36mclone[0m[90m | [0mResolving deltas:  11% (10/86)[35m[vim-tmux-navigator] [0m[36mclone[0m[90m | [0mResolving deltas:  12% (11/86)[35m[vim-tmux-navigator] [0m[36mclone[0m[90m | [0mResolving deltas:  13% (12/86)[35m[vim-tmux-navigator] [0m[36mclone[0m[90m | [0mResolving deltas:  15% (13/86)[35m[vim-tmux-navigator] [0m[36mclone[0m[90m | [0mResolving deltas:  16% (14/86)[35m[vim-tmux-navigator] [0m[36mclone[0m[90m | [0mResolving deltas:  17% (15/86)[35m[vim-tmux-navigator] [0m[36mclone[0m[90m | [0mResolving deltas:  19% (17/86)[35m[vim-tmux-navigator] [0m[36mclone[0m[90m | [0mResolving deltas:  20% (18/86)[35m[vim-tmux-navigator] [0m[36mclone[0m[90m | [0mResolving deltas:  22% (19/86)[35m[vim-tmux-navigator] [0m[36mclone[0m[90m | [0mResolving deltas:  23% (20/86)[35m[vim-tmux-navigator] [0m[36mclone[0m[90m | [0mResolving deltas:  24% (21/86)[35m[vim-tmux-navigator] [0m[36mclone[0m[90m | [0mResolving deltas:  25% (22/86)[35m[vim-tmux-navigator] [0m[36mclone[0m[90m | [0mResolving deltas:  26% (23/86)[35m[vim-tmux-navigator] [0m[36mclone[0m[90m | [0mResolving deltas:  27% (24/86)[35m[vim-tmux-navigator] [0m[36mclone[0m[90m | [0mResolving deltas:  29% (25/86)[35m[vim-tmux-navigator] [0m[36mclone[0m[90m | [0mResolving deltas:  30% (26/86)[35m[vim-tmux-navigator] [0m[36mclone[0m[90m | [0mResolving deltas:  31% (27/86)[35m[vim-tmux-navigator] [0m[36mclone[0m[90m | [0mResolving deltas:  32% (28/86)[35m[vim-tmux-navigator] [0m[36mclone[0m[90m | [0mResolving deltas:  33% (29/86)[35m[which-key.nvim] [0m[36m clone[0m[90m | [0mReceiving objects:  13% (371/2847)[35m[vim-tmux-navigator] [0m[36mclone[0m[90m | [0mResolving deltas:  34% (30/86)[35m[vim-tmux-navigator] [0m[36mclone[0m[90m | [0mResolving deltas:  36% (31/86)[35m[vim-tmux-navigator] [0m[36mclone[0m[90m | [0mResolving deltas:  38% (33/86)[35m[vim-tmux-navigator] [0m[36mclone[0m[90m | [0mResolving deltas:  39% (34/86)[35m[vim-tmux-navigator] [0m[36mclone[0m[90m | [0mResolving deltas:  40% (35/86)[35m[vim-tmux-navigator] [0m[36mclone[0m[90m | [0mResolving deltas:  41% (36/86)[35m[vim-tmux-navigator] [0m[36mclone[0m[90m | [0mResolving deltas:  43% (37/86)[35m[vim-tmux-navigator] [0m[36mclone[0m[90m | [0mResolving deltas:  44% (38/86)[35m[vim-tmux-navigator] [0m[36mclone[0m[90m | [0mResolving deltas:  45% (39/86)[35m[vim-tmux-navigator] [0m[36mclone[0m[90m | [0mResolving deltas:  46% (40/86)[35m[vim-tmux-navigator] [0m[36mclone[0m[90m | [0mResolving deltas:  47% (41/86)[35m[vim-tmux-navigator] [0m[36mclone[0m[90m | [0mResolving deltas:  48% (42/86)[35m[vim-tmux-navigator] [0m[36mclone[0m[90m | [0mResolving deltas:  50% (43/86)[35m[vim-tmux-navigator] [0m[36mclone[0m[90m | [0mResolving deltas:  53% (46/86)[35m[vim-tmux-navigator] [0m[36mclone[0m[90m | [0mResolving deltas:  54% (47/86)[35m[vim-tmux-navigator] [0m[36mclone[0m[90m | [0mResolving deltas:  55% (48/86)[35m[vim-tmux-navigator] [0m[36mclone[0m[90m | [0mResolving deltas:  56% (49/86)[35m[vim-tmux-navigator] [0m[36mclone[0m[90m | [0mResolving deltas:  58% (50/86)[35m[vim-tmux-navigator] [0m[36mclone[0m[90m | [0mResolving deltas:  59% (51/86)[35m[which-key.nvim] [0m[36m clone[0m[90m | [0mReceiving objects:  14% (399/2847)[35m[which-key.nvim] [0m[36m clone[0m[90m | [0mReceiving objects:  15% (428/2847)[35m[which-key.nvim] [0m[36m clone[0m[90m | [0mReceiving objects:  16% (456/2847)[35m[vim-tmux-navigator] [0m[36mclone[0m[90m | [0mResolving deltas:  60% (52/86)[35m[vim-tmux-navigator] [0m[36mclone[0m[90m | [0mResolving deltas:  62% (54/86)[35m[vim-tmux-navigator] [0m[36mclone[0m[90m | [0mResolving deltas:  65% (56/86)[35m[vim-tmux-navigator] [0m[36mclone[0m[90m | [0mResolving deltas:  66% (57/86)[35m[vim-tmux-navigator] [0m[36mclone[0m[90m | [0mResolving deltas:  67% (58/86)[35m[vim-tmux-navigator] [0m[36mclone[0m[90m | [0mResolving deltas:  68% (59/86)[35m[vim-tmux-navigator] [0m[36mclone[0m[90m | [0mResolving deltas:  69% (60/86)[35m[vim-tmux-navigator] [0m[36mclone[0m[90m | [0mResolving deltas:  70% (61/86)[35m[vim-tmux-navigator] [0m[36mclone[0m[90m | [0mResolving deltas:  72% (62/86)[35m[vim-tmux-navigator] [0m[36mclone[0m[90m | [0mResolving deltas:  73% (63/86)[35m[vim-tmux-navigator] [0m[36mclone[0m[90m | [0mResolving deltas:  74% (64/86)[35m[vim-tmux-navigator] [0m[36mclone[0m[90m | [0mResolving deltas:  75% (65/86)[35m[vim-tmux-navigator] [0m[36mclone[0m[90m | [0mResolving deltas:  76% (66/86)[35m[vim-tmux-navigator] [0m[36mclone[0m[90m | [0mResolving deltas:  77% (67/86)[35m[vim-tmux-navigator] [0m[36mclone[0m[90m | [0mResolving deltas:  79% (68/86)[35m[vim-tmux-navigator] [0m[36mclone[0m[90m | [0mResolving deltas:  80% (69/86)[35m[vim-tmux-navigator] [0m[36mclone[0m[90m | [0mResolving deltas:  81% (70/86)[35m[vim-tmux-navigator] [0m[36mclone[0m[90m | [0mResolving deltas:  82% (71/86)[35m[vim-tmux-navigator] [0m[36mclone[0m[90m | [0mResolving deltas:  83% (72/86)[35m[vim-tmux-navigator] [0m[36mclone[0m[90m | [0mResolving deltas:  84% (73/86)[35m[vim-tmux-navigator] [0m[36mclone[0m[90m | [0mResolving deltas:  86% (74/86)[35m[vim-tmux-navigator] [0m[36mclone[0m[90m | [0mResolving deltas:  87% (75/86)[35m[vim-tmux-navigator] [0m[36mclone[0m[90m | [0mResolving deltas:  88% (76/86)[35m[vim-tmux-navigator] [0m[36mclone[0m[90m | [0mResolving deltas:  91% (79/86)[35m[vim-tmux-navigator] [0m[36mclone[0m[90m | [0mResolving deltas:  94% (81/86)[35m[vim-tmux-navigator] [0m[36mclone[0m[90m | [0mResolving deltas:  95% (82/86)[35m[vim-tmux-navigator] [0m[36mclone[0m[90m | [0mResolving deltas:  96% (83/86)[35m[vim-tmux-navigator] [0m[36mclone[0m[90m | [0mResolving deltas:  97% (84/86)[35m[vim-tmux-navigator] [0m[36mclone[0m[90m | [0mResolving deltas:  98% (85/86)[35m[vim-tmux-navigator] [0m[36mclone[0m[90m | [0mResolving deltas: 100% (86/86)[35m[vim-tmux-navigator] [0m[36mclone[0m[90m | [0mResolving deltas: 100% (86/86), done.
[35m[which-key.nvim] [0m[36m clone[0m[90m | [0mReceiving objects:  17% (484/2847)[35m[which-key.nvim] [0m[36m clone[0m[90m | [0mReceiving objects:  18% (513/2847)[35m[which-key.nvim] [0m[36m clone[0m[90m | [0mReceiving objects:  19% (541/2847)[35m[snacks.nvim] [0m[36m    clone[0m[90m | [0mReceiving objects:  22% (2922/13280), 1.61 MiB | 3.19 MiB/s[35m[snacks.nvim] [0m[36m    clone[0m[90m | [0mReceiving objects:  23% (3055/13280), 1.61 MiB | 3.19 MiB/s[35m[snacks.nvim] [0m[36m    clone[0m[90m | [0mReceiving objects:  24% (3188/13280), 1.61 MiB | 3.19 MiB/s[35m[snacks.nvim] [0m[36m    clone[0m[90m | [0mReceiving objects:  25% (3320/13280), 1.61 MiB | 3.19 MiB/s[35m[snacks.nvim] [0m[36m    clone[0m[90m | [0mReceiving objects:  26% (3453/13280), 1.61 MiB | 3.19 MiB/s[35m[snacks.nvim] [0m[36m    clone[0m[90m | [0mReceiving objects:  27% (3586/13280), 1.61 MiB | 3.19 MiB/s[35m[snacks.nvim] [0m[36m    clone[0m[90m | [0mReceiving objects:  28% (3719/13280), 1.61 MiB | 3.19 MiB/s[35m[snacks.nvim] [0m[36m    clone[0m[90m | [0mReceiving objects:  29% (3852/13280), 1.61 MiB | 3.19 MiB/s[35m[snacks.nvim] [0m[36m    clone[0m[90m | [0mReceiving objects:  30% (3984/13280), 1.61 MiB | 3.19 MiB/s[35m[snacks.nvim] [0m[36m    clone[0m[90m | [0mReceiving objects:  31% (4117/13280), 1.61 MiB | 3.19 MiB/s[35m[snacks.nvim] [0m[36m    clone[0m[90m | [0mReceiving objects:  32% (4250/13280), 1.61 MiB | 3.19 MiB/s[35m[snacks.nvim] [0m[36m    clone[0m[90m | [0mReceiving objects:  33% (4383/13280), 1.61 MiB | 3.19 MiB/s[35m[snacks.nvim] [0m[36m    clone[0m[90m | [0mReceiving objects:  34% (4516/13280), 1.61 MiB | 3.19 MiB/s[35m[snacks.nvim] [0m[36m    clone[0m[90m | [0mReceiving objects:  35% (4648/13280), 1.61 MiB | 3.19 MiB/s[35m[snacks.nvim] [0m[36m    clone[0m[90m | [0mReceiving objects:  36% (4781/13280), 1.61 MiB | 3.19 MiB/s[35m[snacks.nvim] [0m[36m    clone[0m[90m | [0mReceiving objects:  37% (4914/13280), 1.61 MiB | 3.19 MiB/s[35m[snacks.nvim] [0m[36m    clone[0m[90m | [0mReceiving objects:  38% (5047/13280), 1.61 MiB | 3.19 MiB/s[35m[snacks.nvim] [0m[36m    clone[0m[90m | [0mReceiving objects:  39% (5180/13280), 1.61 MiB | 3.19 MiB/s[35m[which-key.nvim] [0m[36m clone[0m[90m | [0mReceiving objects:  20% (570/2847)[35m[which-key.nvim] [0m[36m clone[0m[90m | [0mReceiving objects:  21% (598/2847)[35m[which-key.nvim] [0m[36m clone[0m[90m | [0mReceiving objects:  22% (627/2847)[35m[which-key.nvim] [0m[36m clone[0m[90m | [0mReceiving objects:  23% (655/2847)[35m[which-key.nvim] [0m[36m clone[0m[90m | [0mReceiving objects:  24% (684/2847)[35m[which-key.nvim] [0m[36m clone[0m[90m | [0mReceiving objects:  25% (712/2847)[35m[which-key.nvim] [0m[36m clone[0m[90m | [0mReceiving objects:  26% (741/2847)[35m[which-key.nvim] [0m[36m clone[0m[90m | [0mReceiving objects:  27% (769/2847)[35m[which-key.nvim] [0m[36m clone[0m[90m | [0mReceiving objects:  28% (798/2847)[35m[which-key.nvim] [0m[36m clone[0m[90m | [0mReceiving objects:  29% (826/2847)[35m[which-key.nvim] [0m[36m clone[0m[90m | [0mReceiving objects:  30% (855/2847)[35m[which-key.nvim] [0m[36m clone[0m[90m | [0mReceiving objects:  31% (883/2847)[35m[which-key.nvim] [0m[36m clone[0m[90m | [0mReceiving objects:  32% (912/2847)[35m[which-key.nvim] [0m[36m clone[0m[90m | [0mReceiving objects:  33% (940/2847)[35m[which-key.nvim] [0m[36m clone[0m[90m | [0mReceiving objects:  34% (968/2847)[35m[which-key.nvim] [0m[36m clone[0m[90m | [0mReceiving objects:  35% (997/2847)[35m[which-key.nvim] [0m[36m clone[0m[90m | [0mReceiving objects:  36% (1025/2847)[35m[which-key.nvim] [0m[36m clone[0m[90m | [0mReceiving objects:  37% (1054/2847)[35m[which-key.nvim] [0m[36m clone[0m[90m | [0mReceiving objects:  38% (1082/2847)[35m[which-key.nvim] [0m[36m clone[0m[90m | [0mReceiving objects:  39% (1111/2847)[35m[which-key.nvim] [0m[36m clone[0m[90m | [0mReceiving objects:  40% (1139/2847)[35m[which-key.nvim] [0m[36m clone[0m[90m | [0mReceiving objects:  41% (1168/2847)[35m[which-key.nvim] [0m[36m clone[0m[90m | [0mReceiving objects:  42% (1196/2847)[35m[which-key.nvim] [0m[36m clone[0m[90m | [0mReceiving objects:  43% (1225/2847)[35m[which-key.nvim] [0m[36m clone[0m[90m | [0mReceiving objects:  44% (1253/2847)[35m[which-key.nvim] [0m[36m clone[0m[90m | [0mReceiving objects:  45% (1282/2847)[35m[which-key.nvim] [0m[36m clone[0m[90m | [0mReceiving objects:  46% (1310/2847)[35m[snacks.nvim] [0m[36m    clone[0m[90m | [0mReceiving objects:  40% (5312/13280), 1.61 MiB | 3.19 MiB/s[35m[snacks.nvim] [0m[36m    clone[0m[90m | [0mReceiving objects:  41% (5445/13280), 1.61 MiB | 3.19 MiB/s[35m[snacks.nvim] [0m[36m    clone[0m[90m | [0mReceiving objects:  42% (5578/13280), 1.61 MiB | 3.19 MiB/s[35m[snacks.nvim] [0m[36m    clone[0m[90m | [0mReceiving objects:  43% (5711/13280), 1.61 MiB | 3.19 MiB/s[35m[snacks.nvim] [0m[36m    clone[0m[90m | [0mReceiving objects:  44% (5844/13280), 1.61 MiB | 3.19 MiB/s[35m[which-key.nvim] [0m[36m clone[0m[90m | [0mReceiving objects:  47% (1339/2847)[35m[which-key.nvim] [0m[36m clone[0m[90m | [0mReceiving objects:  48% (1367/2847)[35m[which-key.nvim] [0m[36m clone[0m[90m | [0mReceiving objects:  49% (1396/2847)[35m[snacks.nvim] [0m[36m    clone[0m[90m | [0mReceiving objects:  45% (5976/13280), 1.61 MiB | 3.19 MiB/s[35m[snacks.nvim] [0m[36m    clone[0m[90m | [0mReceiving objects:  46% (6109/13280), 1.61 MiB | 3.19 MiB/s[35m[snacks.nvim] [0m[36m    clone[0m[90m | [0mReceiving objects:  47% (6242/13280), 1.61 MiB | 3.19 MiB/s[35m[snacks.nvim] [0m[36m    clone[0m[90m | [0mReceiving objects:  48% (6375/13280), 1.61 MiB | 3.19 MiB/s[35m[snacks.nvim] [0m[36m    clone[0m[90m | [0mReceiving objects:  49% (6508/13280), 1.61 MiB | 3.19 MiB/s[35m[snacks.nvim] [0m[36m    clone[0m[90m | [0mReceiving objects:  50% (6640/13280), 1.61 MiB | 3.19 MiB/s[35m[snacks.nvim] [0m[36m    clone[0m[90m | [0mReceiving objects:  51% (6773/13280), 1.61 MiB | 3.19 MiB/s[35m[snacks.nvim] [0m[36m    clone[0m[90m | [0mReceiving objects:  52% (6906/13280), 1.61 MiB | 3.19 MiB/s[35m[snacks.nvim] [0m[36m    clone[0m[90m | [0mReceiving objects:  53% (7039/13280), 1.61 MiB | 3.19 MiB/s[35m[snacks.nvim] [0m[36m    clone[0m[90m | [0mReceiving objects:  54% (7172/13280), 1.61 MiB | 3.19 MiB/s[35m[snacks.nvim] [0m[36m    clone[0m[90m | [0mReceiving objects:  55% (7304/13280), 1.61 MiB | 3.19 MiB/s[35m[snacks.nvim] [0m[36m    clone[0m[90m | [0mReceiving objects:  56% (7437/13280), 1.61 MiB | 3.19 MiB/s[35m[snacks.nvim] [0m[36m    clone[0m[90m | [0mReceiving objects:  57% (7570/13280), 1.61 MiB | 3.19 MiB/s[35m[snacks.nvim] [0m[36m    clone[0m[90m | [0mReceiving objects:  58% (7703/13280), 1.61 MiB | 3.19 MiB/s[35m[snacks.nvim] [0m[36m    clone[0m[90m | [0mReceiving objects:  59% (7836/13280), 1.61 MiB | 3.19 MiB/s[35m[snacks.nvim] [0m[36m    clone[0m[90m | [0mReceiving objects:  60% (7968/13280), 1.61 MiB | 3.19 MiB/s[35m[snacks.nvim] [0m[36m    clone[0m[90m | [0mReceiving objects:  61% (8101/13280), 1.61 MiB | 3.19 MiB/s[35m[snacks.nvim] [0m[36m    clone[0m[90m | [0mReceiving objects:  62% (8234/13280), 1.61 MiB | 3.19 MiB/s[35m[snacks.nvim] [0m[36m    clone[0m[90m | [0mReceiving objects:  63% (8367/13280), 1.61 MiB | 3.19 MiB/s[35m[snacks.nvim] [0m[36m    clone[0m[90m | [0mReceiving objects:  64% (8500/13280), 1.61 MiB | 3.19 MiB/s[35m[snacks.nvim] [0m[36m    clone[0m[90m | [0mReceiving objects:  65% (8632/13280), 1.61 MiB | 3.19 MiB/s[35m[snacks.nvim] [0m[36m    clone[0m[90m | [0mReceiving objects:  66% (8765/13280), 1.61 MiB | 3.19 MiB/s[35m[which-key.nvim] [0m[36m clone[0m[90m | [0mReceiving objects:  50% (1424/2847)[35m[which-key.nvim] [0m[36m clone[0m[90m | [0mReceiving objects:  51% (1452/2847)[35m[which-key.nvim] [0m[36m clone[0m[90m | [0mReceiving objects:  52% (1481/2847)[35m[which-key.nvim] [0m[36m clone[0m[90m | [0mReceiving objects:  53% (1509/2847)[35m[which-key.nvim] [0m[36m clone[0m[90m | [0mReceiving objects:  54% (1538/2847)[35m[which-key.nvim] [0m[36m clone[0m[90m | [0mReceiving objects:  55% (1566/2847)[35m[which-key.nvim] [0m[36m clone[0m[90m | [0mReceiving objects:  56% (1595/2847)[35m[which-key.nvim] [0m[36m clone[0m[90m | [0mReceiving objects:  57% (1623/2847)[35m[which-key.nvim] [0m[36m clone[0m[90m | [0mReceiving objects:  58% (1652/2847)[35m[which-key.nvim] [0m[36m clone[0m[90m | [0mReceiving objects:  59% (1680/2847)[35m[which-key.nvim] [0m[36m clone[0m[90m | [0mReceiving objects:  60% (1709/2847)[35m[which-key.nvim] [0m[36m clone[0m[90m | [0mReceiving objects:  61% (1737/2847)[35m[which-key.nvim] [0m[36m clone[0m[90m | [0mReceiving objects:  62% (1766/2847)[35m[which-key.nvim] [0m[36m clone[0m[90m | [0mReceiving objects:  63% (1794/2847)[35m[which-key.nvim] [0m[36m clone[0m[90m | [0mReceiving objects:  64% (1823/2847)[35m[which-key.nvim] [0m[36m clone[0m[90m | [0mReceiving objects:  65% (1851/2847)[35m[which-key.nvim] [0m[36m clone[0m[90m | [0mReceiving objects:  66% (1880/2847)[35m[which-key.nvim] [0m[36m clone[0m[90m | [0mReceiving objects:  67% (1908/2847)[35m[which-key.nvim] [0m[36m clone[0m[90m | [0mReceiving objects:  68% (1936/2847)[35m[which-key.nvim] [0m[36m clone[0m[90m | [0mReceiving objects:  69% (1965/2847)[35m[snacks.nvim] [0m[36m    clone[0m[90m | [0mReceiving objects:  67% (8898/13280), 1.61 MiB | 3.19 MiB/s[35m[snacks.nvim] [0m[36m    clone[0m[90m | [0mReceiving objects:  68% (9031/13280), 1.61 MiB | 3.19 MiB/s[35m[snacks.nvim] [0m[36m    clone[0m[90m | [0mReceiving objects:  69% (9164/13280), 1.61 MiB | 3.19 MiB/s[35m[snacks.nvim] [0m[36m    clone[0m[90m | [0mReceiving objects:  70% (9296/13280), 1.61 MiB | 3.19 MiB/s[35m[snacks.nvim] [0m[36m    clone[0m[90m | [0mReceiving objects:  71% (9429/13280), 1.61 MiB | 3.19 MiB/s[35m[snacks.nvim] [0m[36m    clone[0m[90m | [0mReceiving objects:  72% (9562/13280), 1.61 MiB | 3.19 MiB/s[35m[snacks.nvim] [0m[36m    clone[0m[90m | [0mReceiving objects:  73% (9695/13280), 1.61 MiB | 3.19 MiB/s[35m[snacks.nvim] [0m[36m    clone[0m[90m | [0mReceiving objects:  74% (9828/13280), 1.61 MiB | 3.19 MiB/s[35m[which-key.nvim] [0m[36m clone[0m[90m | [0mReceiving objects:  70% (1993/2847)[35m[which-key.nvim] [0m[36m clone[0m[90m | [0mReceiving objects:  71% (2022/2847)[35m[which-key.nvim] [0m[36m clone[0m[90m | [0mReceiving objects:  72% (2050/2847)[35m[which-key.nvim] [0m[36m clone[0m[90m | [0mReceiving objects:  73% (2079/2847)[35m[oil.nvim] [0m[36m       clone[0m[90m | [0m[34mFinished task clone in 8742ms[0m
[35m[snacks.nvim] [0m[36m    clone[0m[90m | [0mReceiving objects:  75% (9960/13280), 1.61 MiB | 3.19 MiB/s[35m[snacks.nvim] [0m[36m    clone[0m[90m | [0mReceiving objects:  76% (10093/13280), 1.61 MiB | 3.19 MiB/s[35m[oil.nvim] [0m[36m    checkout[0m[90m | [0m[34mRunning task checkout[0m
[35m[oil.nvim] [0m[36m    checkout[0m[90m | [0m[34mFinished task checkout in 11ms[0m
[35m[snacks.nvim] [0m[36m    clone[0m[90m | [0mReceiving objects:  77% (10226/13280), 1.61 MiB | 3.19 MiB/s[35m[snacks.nvim] [0m[36m    clone[0m[90m | [0mReceiving objects:  78% (10359/13280), 1.61 MiB | 3.19 MiB/s[35m[snacks.nvim] [0m[36m    clone[0m[90m | [0mReceiving objects:  79% (10492/13280), 1.61 MiB | 3.19 MiB/s[35m[snacks.nvim] [0m[36m    clone[0m[90m | [0mReceiving objects:  80% (10624/13280), 1.61 MiB | 3.19 MiB/s[35m[oil.nvim] [0m[36m        docs[0m[90m | [0m[34mRunning task docs[0m
[35m[oil.nvim] [0m[36m        docs[0m[90m | [0m
[35m[oil.nvim] [0m[36m        docs[0m[90m | [0m[34mFinished task docs in 16ms[0m
[35m[snacks.nvim] [0m[36m    clone[0m[90m | [0mReceiving objects:  81% (10757/13280), 1.61 MiB | 3.19 MiB/s[35m[snacks.nvim] [0m[36m    clone[0m[90m | [0mReceiving objects:  82% (10890/13280), 1.61 MiB | 3.19 MiB/s[35m[snacks.nvim] [0m[36m    clone[0m[90m | [0mReceiving objects:  83% (11023/13280), 1.61 MiB | 3.19 MiB/s[35m[snacks.nvim] [0m[36m    clone[0m[90m | [0mReceiving objects:  84% (11156/13280), 1.61 MiB | 3.19 MiB/s[35m[snacks.nvim] [0m[36m    clone[0m[90m | [0mReceiving objects:  85% (11288/13280), 1.61 MiB | 3.19 MiB/s[35m[snacks.nvim] [0m[36m    clone[0m[90m | [0mReceiving objects:  86% (11421/13280), 1.61 MiB | 3.19 MiB/s[35m[snacks.nvim] [0m[36m    clone[0m[90m | [0mReceiving objects:  87% (11554/13280), 1.61 MiB | 3.19 MiB/s[35m[snacks.nvim] [0m[36m    clone[0m[90m | [0mReceiving objects:  88% (11687/13280), 1.61 MiB | 3.19 MiB/s[35m[snacks.nvim] [0m[36m    clone[0m[90m | [0mReceiving objects:  89% (11820/13280), 1.61 MiB | 3.19 MiB/s[35m[snacks.nvim] [0m[36m    clone[0m[90m | [0mReceiving objects:  90% (11952/13280), 1.61 MiB | 3.19 MiB/s[35m[snacks.nvim] [0m[36m    clone[0m[90m | [0mReceiving objects:  91% (12085/13280), 1.61 MiB | 3.19 MiB/s[35m[snacks.nvim] [0m[36m    clone[0m[90m | [0mReceiving objects:  92% (12218/13280), 1.61 MiB | 3.19 MiB/s[35m[snacks.nvim] [0m[36m    clone[0m[90m | [0mReceiving objects:  93% (12351/13280), 1.61 MiB | 3.19 MiB/s[35m[snacks.nvim] [0m[36m    clone[0m[90m | [0mReceiving objects:  94% (12484/13280), 1.61 MiB | 3.19 MiB/s[35m[snacks.nvim] [0m[36m    clone[0m[90m | [0mReceiving objects:  95% (12616/13280), 1.61 MiB | 3.19 MiB/s[35m[snacks.nvim] [0m[36m    clone[0m[90m | [0mReceiving objects:  96% (12749/13280), 1.61 MiB | 3.19 MiB/s[35m[which-key.nvim] [0m[36m clone[0m[90m | [0mReceiving objects:  74% (2107/2847)[35m[which-key.nvim] [0m[36m clone[0m[90m | [0mReceiving objects:  75% (2136/2847)[35m[which-key.nvim] [0m[36m clone[0m[90m | [0mReceiving objects:  76% (2164/2847)[35m[which-key.nvim] [0m[36m clone[0m[90m | [0mReceiving objects:  77% (2193/2847)[35m[which-key.nvim] [0m[36m clone[0m[90m | [0mReceiving objects:  78% (2221/2847)[35m[which-key.nvim] [0m[36m clone[0m[90m | [0mReceiving objects:  79% (2250/2847)[35m[which-key.nvim] [0m[36m clone[0m[90m | [0mReceiving objects:  80% (2278/2847)[35m[which-key.nvim] [0m[36m clone[0m[90m | [0mReceiving objects:  81% (2307/2847)[35m[which-key.nvim] [0m[36m clone[0m[90m | [0mReceiving objects:  82% (2335/2847)[35m[which-key.nvim] [0m[36m clone[0m[90m | [0mReceiving objects:  83% (2364/2847)[35m[which-key.nvim] [0m[36m clone[0m[90m | [0mReceiving objects:  84% (2392/2847)[35m[which-key.nvim] [0m[36m clone[0m[90m | [0mReceiving objects:  85% (2420/2847)[35m[which-key.nvim] [0m[36m clone[0m[90m | [0mReceiving objects:  86% (2449/2847)[35m[which-key.nvim] [0m[36m clone[0m[90m | [0mReceiving objects:  87% (2477/2847)[35m[which-key.nvim] [0m[36m clone[0m[90m | [0mReceiving objects:  88% (2506/2847)[35m[which-key.nvim] [0m[36m clone[0m[90m | [0mReceiving objects:  89% (2534/2847)[35m[which-key.nvim] [0m[36m clone[0m[90m | [0mReceiving objects:  90% (2563/2847)[35m[which-key.nvim] [0m[36m clone[0m[90m | [0mReceiving objects:  91% (2591/2847)[35m[which-key.nvim] [0m[36m clone[0m[90m | [0mReceiving objects:  92% (2620/2847)[35m[which-key.nvim] [0m[36m clone[0m[90m | [0mReceiving objects:  93% (2648/2847)[35m[which-key.nvim] [0m[36m clone[0m[90m | [0mremote: Total 2847 (delta 502), reused 483 (delta 483), pack-reused 2263 (from 2)        
[35m[which-key.nvim] [0m[36m clone[0m[90m | [0mReceiving objects:  94% (2677/2847)[35m[which-key.nvim] [0m[36m clone[0m[90m | [0mReceiving objects:  95% (2705/2847)[35m[which-key.nvim] [0m[36m clone[0m[90m | [0mReceiving objects:  96% (2734/2847)[35m[which-key.nvim] [0m[36m clone[0m[90m | [0mReceiving objects:  97% (2762/2847)[35m[which-key.nvim] [0m[36m clone[0m[90m | [0mReceiving objects:  98% (2791/2847)[35m[which-key.nvim] [0m[36m clone[0m[90m | [0mReceiving objects:  99% (2819/2847)[35m[which-key.nvim] [0m[36m clone[0m[90m | [0mReceiving objects: 100% (2847/2847)[35m[which-key.nvim] [0m[36m clone[0m[90m | [0mReceiving objects: 100% (2847/2847), 593.44 KiB | 1.47 MiB/s, done.
[35m[which-key.nvim] [0m[36m clone[0m[90m | [0mResolving deltas:   0% (0/1294)[35m[which-key.nvim] [0m[36m clone[0m[90m | [0mResolving deltas:   1% (13/1294)[35m[which-key.nvim] [0m[36m clone[0m[90m | [0mResolving deltas:   2% (28/1294)[35m[which-key.nvim] [0m[36m clone[0m[90m | [0mResolving deltas:   3% (40/1294)[35m[which-key.nvim] [0m[36m clone[0m[90m | [0mResolving deltas:   4% (52/1294)[35m[which-key.nvim] [0m[36m clone[0m[90m | [0mResolving deltas:   5% (65/1294)[35m[which-key.nvim] [0m[36m clone[0m[90m | [0mResolving deltas:   6% (78/1294)[35m[which-key.nvim] [0m[36m clone[0m[90m | [0mResolving deltas:   7% (92/1294)[35m[which-key.nvim] [0m[36m clone[0m[90m | [0mResolving deltas:   8% (105/1294)[35m[which-key.nvim] [0m[36m clone[0m[90m | [0mResolving deltas:   9% (117/1294)[35m[which-key.nvim] [0m[36m clone[0m[90m | [0mResolving deltas:  10% (130/1294)[35m[which-key.nvim] [0m[36m clone[0m[90m | [0mResolving deltas:  11% (143/1294)[35m[which-key.nvim] [0m[36m clone[0m[90m | [0mResolving deltas:  12% (156/1294)[35m[which-key.nvim] [0m[36m clone[0m[90m | [0mResolving deltas:  13% (169/1294)[35m[which-key.nvim] [0m[36m clone[0m[90m | [0mResolving deltas:  14% (182/1294)[35m[which-key.nvim] [0m[36m clone[0m[90m | [0mResolving deltas:  15% (195/1294)[35m[which-key.nvim] [0m[36m clone[0m[90m | [0mResolving deltas:  16% (209/1294)[35m[snacks.nvim] [0m[36m    clone[0m[90m | [0mReceiving objects:  97% (12882/13280), 1.61 MiB | 3.19 MiB/s[35m[snacks.nvim] [0m[36m    clone[0m[90m | [0mReceiving objects:  98% (13015/13280), 1.61 MiB | 3.19 MiB/s[35m[which-key.nvim] [0m[36m clone[0m[90m | [0mResolving deltas:  17% (220/1294)[35m[which-key.nvim] [0m[36m clone[0m[90m | [0mResolving deltas:  18% (233/1294)[35m[which-key.nvim] [0m[36m clone[0m[90m | [0mResolving deltas:  19% (246/1294)[35m[which-key.nvim] [0m[36m clone[0m[90m | [0mResolving deltas:  20% (259/1294)[35m[which-key.nvim] [0m[36m clone[0m[90m | [0mResolving deltas:  21% (273/1294)[35m[which-key.nvim] [0m[36m clone[0m[90m | [0mResolving deltas:  22% (285/1294)[35m[which-key.nvim] [0m[36m clone[0m[90m | [0mResolving deltas:  23% (298/1294)[35m[which-key.nvim] [0m[36m clone[0m[90m | [0mResolving deltas:  24% (311/1294)[35m[which-key.nvim] [0m[36m clone[0m[90m | [0mResolving deltas:  25% (324/1294)[35m[which-key.nvim] [0m[36m clone[0m[90m | [0mResolving deltas:  26% (337/1294)[35m[which-key.nvim] [0m[36m clone[0m[90m | [0mResolving deltas:  27% (350/1294)[35m[which-key.nvim] [0m[36m clone[0m[90m | [0mResolving deltas:  28% (364/1294)[35m[which-key.nvim] [0m[36m clone[0m[90m | [0mResolving deltas:  29% (376/1294)[35m[which-key.nvim] [0m[36m clone[0m[90m | [0mResolving deltas:  30% (389/1294)[35m[which-key.nvim] [0m[36m clone[0m[90m | [0mResolving deltas:  31% (402/1294)[35m[which-key.nvim] [0m[36m clone[0m[90m | [0mResolving deltas:  32% (415/1294)[35m[which-key.nvim] [0m[36m clone[0m[90m | [0mResolving deltas:  33% (429/1294)[35m[which-key.nvim] [0m[36m clone[0m[90m | [0mResolving deltas:  34% (440/1294)[35m[which-key.nvim] [0m[36m clone[0m[90m | [0mResolving deltas:  35% (453/1294)[35m[which-key.nvim] [0m[36m clone[0m[90m | [0mResolving deltas:  36% (466/1294)[35m[which-key.nvim] [0m[36m clone[0m[90m | [0mResolving deltas:  37% (480/1294)[35m[which-key.nvim] [0m[36m clone[0m[90m | [0mResolving deltas:  38% (492/1294)[35m[which-key.nvim] [0m[36m clone[0m[90m | [0mResolving deltas:  39% (507/1294)[35m[which-key.nvim] [0m[36m clone[0m[90m | [0mResolving deltas:  40% (518/1294)[35m[snacks.nvim] [0m[36m    clone[0m[90m | [0mReceiving objects:  99% (13148/13280), 1.61 MiB | 3.19 MiB/s[35m[which-key.nvim] [0m[36m clone[0m[90m | [0mResolving deltas:  41% (531/1294)[35m[which-key.nvim] [0m[36m clone[0m[90m | [0mResolving deltas:  42% (544/1294)[35m[which-key.nvim] [0m[36m clone[0m[90m | [0mResolving deltas:  43% (557/1294)[35m[which-key.nvim] [0m[36m clone[0m[90m | [0mResolving deltas:  44% (570/1294)[35m[which-key.nvim] [0m[36m clone[0m[90m | [0mResolving deltas:  45% (583/1294)[35m[which-key.nvim] [0m[36m clone[0m[90m | [0mResolving deltas:  46% (596/1294)[35m[snacks.nvim] [0m[36m    clone[0m[90m | [0mremote: Total 13280 (delta 55), reused 30 (delta 30), pack-reused 13217 (from 3)        
[35m[which-key.nvim] [0m[36m clone[0m[90m | [0mResolving deltas:  47% (609/1294)[35m[which-key.nvim] [0m[36m clone[0m[90m | [0mResolving deltas:  48% (622/1294)[35m[which-key.nvim] [0m[36m clone[0m[90m | [0mResolving deltas:  49% (636/1294)[35m[which-key.nvim] [0m[36m clone[0m[90m | [0mResolving deltas:  50% (647/1294)[35m[which-key.nvim] [0m[36m clone[0m[90m | [0mResolving deltas:  51% (661/1294)[35m[which-key.nvim] [0m[36m clone[0m[90m | [0mResolving deltas:  52% (674/1294)[35m[which-key.nvim] [0m[36m clone[0m[90m | [0mResolving deltas:  53% (686/1294)[35m[which-key.nvim] [0m[36m clone[0m[90m | [0mResolving deltas:  54% (699/1294)[35m[which-key.nvim] [0m[36m clone[0m[90m | [0mResolving deltas:  55% (712/1294)[35m[which-key.nvim] [0m[36m clone[0m[90m | [0mResolving deltas:  56% (725/1294)[35m[which-key.nvim] [0m[36m clone[0m[90m | [0mResolving deltas:  57% (738/1294)[35m[which-key.nvim] [0m[36m clone[0m[90m | [0mResolving deltas:  58% (751/1294)[35m[snacks.nvim] [0m[36m    clone[0m[90m | [0mReceiving objects: 100% (13280/13280), 1.61 MiB | 3.19 MiB/s[35m[snacks.nvim] [0m[36m    clone[0m[90m | [0mReceiving objects: 100% (13280/13280), 2.68 MiB | 2.85 MiB/s, done.
[35m[which-key.nvim] [0m[36m clone[0m[90m | [0mResolving deltas:  59% (766/1294)[35m[which-key.nvim] [0m[36m clone[0m[90m | [0mResolving deltas:  60% (777/1294)[35m[which-key.nvim] [0m[36m clone[0m[90m | [0mResolving deltas:  61% (790/1294)[35m[which-key.nvim] [0m[36m clone[0m[90m | [0mResolving deltas:  62% (804/1294)[35m[which-key.nvim] [0m[36m clone[0m[90m | [0mResolving deltas:  63% (818/1294)[35m[which-key.nvim] [0m[36m clone[0m[90m | [0mResolving deltas:  64% (830/1294)[35m[which-key.nvim] [0m[36m clone[0m[90m | [0mResolving deltas:  65% (842/1294)[35m[which-key.nvim] [0m[36m clone[0m[90m | [0mResolving deltas:  66% (855/1294)[35m[which-key.nvim] [0m[36m clone[0m[90m | [0mResolving deltas:  67% (867/1294)[35m[which-key.nvim] [0m[36m clone[0m[90m | [0mResolving deltas:  68% (880/1294)[35m[which-key.nvim] [0m[36m clone[0m[90m | [0mResolving deltas:  69% (893/1294)[35m[which-key.nvim] [0m[36m clone[0m[90m | [0mResolving deltas:  70% (906/1294)[35m[snacks.nvim] [0m[36m    clone[0m[90m | [0mResolving deltas:   0% (0/7898)[35m[which-key.nvim] [0m[36m clone[0m[90m | [0mResolving deltas:  71% (920/1294)[35m[which-key.nvim] [0m[36m clone[0m[90m | [0mResolving deltas:  72% (932/1294)[35m[which-key.nvim] [0m[36m clone[0m[90m | [0mResolving deltas:  73% (945/1294)[35m[which-key.nvim] [0m[36m clone[0m[90m | [0mResolving deltas:  74% (958/1294)[35m[which-key.nvim] [0m[36m clone[0m[90m | [0mResolving deltas:  75% (971/1294)[35m[which-key.nvim] [0m[36m clone[0m[90m | [0mResolving deltas:  76% (984/1294)[35m[which-key.nvim] [0m[36m clone[0m[90m | [0mResolving deltas:  77% (997/1294)[35m[which-key.nvim] [0m[36m clone[0m[90m | [0mResolving deltas:  78% (1010/1294)[35m[which-key.nvim] [0m[36m clone[0m[90m | [0mResolving deltas:  79% (1023/1294)[35m[which-key.nvim] [0m[36m clone[0m[90m | [0mResolving deltas:  80% (1036/1294)[35m[which-key.nvim] [0m[36m clone[0m[90m | [0mResolving deltas:  81% (1049/1294)[35m[which-key.nvim] [0m[36m clone[0m[90m | [0mResolving deltas:  82% (1062/1294)[35m[which-key.nvim] [0m[36m clone[0m[90m | [0mResolving deltas:  83% (1075/1294)[35m[which-key.nvim] [0m[36m clone[0m[90m | [0mResolving deltas:  84% (1087/1294)[35m[which-key.nvim] [0m[36m clone[0m[90m | [0mResolving deltas:  85% (1100/1294)[35m[which-key.nvim] [0m[36m clone[0m[90m | [0mResolving deltas:  86% (1113/1294)[35m[which-key.nvim] [0m[36m clone[0m[90m | [0mResolving deltas:  87% (1127/1294)[35m[which-key.nvim] [0m[36m clone[0m[90m | [0mResolving deltas:  88% (1139/1294)[35m[which-key.nvim] [0m[36m clone[0m[90m | [0mResolving deltas:  89% (1152/1294)[35m[which-key.nvim] [0m[36m clone[0m[90m | [0mResolving deltas:  90% (1166/1294)[35m[which-key.nvim] [0m[36m clone[0m[90m | [0mResolving deltas:  91% (1178/1294)[35m[snacks.nvim] [0m[36m    clone[0m[90m | [0mResolving deltas:   1% (80/7898)[35m[which-key.nvim] [0m[36m clone[0m[90m | [0mResolving deltas:  92% (1192/1294)[35m[which-key.nvim] [0m[36m clone[0m[90m | [0mResolving deltas:  93% (1204/1294)[35m[which-key.nvim] [0m[36m clone[0m[90m | [0mResolving deltas:  94% (1217/1294)[35m[which-key.nvim] [0m[36m clone[0m[90m | [0mResolving deltas:  95% (1230/1294)[35m[which-key.nvim] [0m[36m clone[0m[90m | [0mResolving deltas:  96% (1243/1294)[35m[which-key.nvim] [0m[36m clone[0m[90m | [0mResolving deltas:  97% (1257/1294)[35m[which-key.nvim] [0m[36m clone[0m[90m | [0mResolving deltas:  98% (1270/1294)[35m[which-key.nvim] [0m[36m clone[0m[90m | [0mResolving deltas:  99% (1282/1294)[35m[which-key.nvim] [0m[36m clone[0m[90m | [0mResolving deltas: 100% (1294/1294)[35m[snacks.nvim] [0m[36m    clone[0m[90m | [0mResolving deltas:   2% (158/7898)[35m[which-key.nvim] [0m[36m clone[0m[90m | [0mResolving deltas: 100% (1294/1294), done.
[35m[snacks.nvim] [0m[36m    clone[0m[90m | [0mResolving deltas:   3% (238/7898)[35m[snacks.nvim] [0m[36m    clone[0m[90m | [0mResolving deltas:   4% (316/7898)[35m[snacks.nvim] [0m[36m    clone[0m[90m | [0mResolving deltas:   5% (395/7898)[35m[snacks.nvim] [0m[36m    clone[0m[90m | [0mResolving deltas:   6% (474/7898)[35m[snacks.nvim] [0m[36m    clone[0m[90m | [0mResolving deltas:   7% (554/7898)[35m[snacks.nvim] [0m[36m    clone[0m[90m | [0mResolving deltas:   8% (632/7898)[35m[snacks.nvim] [0m[36m    clone[0m[90m | [0mResolving deltas:   9% (712/7898)[35m[snacks.nvim] [0m[36m    clone[0m[90m | [0mResolving deltas:  10% (790/7898)[35m[snacks.nvim] [0m[36m    clone[0m[90m | [0mResolving deltas:  11% (871/7898)[35m[snacks.nvim] [0m[36m    clone[0m[90m | [0mResolving deltas:  12% (948/7898)[35m[snacks.nvim] [0m[36m    clone[0m[90m | [0mResolving deltas:  13% (1027/7898)[35m[snacks.nvim] [0m[36m    clone[0m[90m | [0mResolving deltas:  14% (1106/7898)[35m[snacks.nvim] [0m[36m    clone[0m[90m | [0mResolving deltas:  15% (1186/7898)[35m[snacks.nvim] [0m[36m    clone[0m[90m | [0mResolving deltas:  16% (1264/7898)[35m[snacks.nvim] [0m[36m    clone[0m[90m | [0mResolving deltas:  17% (1343/7898)[35m[snacks.nvim] [0m[36m    clone[0m[90m | [0mResolving deltas:  18% (1422/7898)[35m[snacks.nvim] [0m[36m    clone[0m[90m | [0mResolving deltas:  19% (1501/7898)[35m[snacks.nvim] [0m[36m    clone[0m[90m | [0mResolving deltas:  20% (1580/7898)[35m[snacks.nvim] [0m[36m    clone[0m[90m | [0mResolving deltas:  21% (1660/7898)[35m[snacks.nvim] [0m[36m    clone[0m[90m | [0mResolving deltas:  22% (1738/7898)[35m[snacks.nvim] [0m[36m    clone[0m[90m | [0mResolving deltas:  23% (1817/7898)[35m[snacks.nvim] [0m[36m    clone[0m[90m | [0mResolving deltas:  24% (1896/7898)[35m[snacks.nvim] [0m[36m    clone[0m[90m | [0mResolving deltas:  25% (1977/7898)[35m[snacks.nvim] [0m[36m    clone[0m[90m | [0mResolving deltas:  26% (2054/7898)[35m[snacks.nvim] [0m[36m    clone[0m[90m | [0mResolving deltas:  27% (2133/7898)[35m[snacks.nvim] [0m[36m    clone[0m[90m | [0mResolving deltas:  28% (2212/7898)[35m[snacks.nvim] [0m[36m    clone[0m[90m | [0mResolving deltas:  29% (2291/7898)[35m[snacks.nvim] [0m[36m    clone[0m[90m | [0mResolving deltas:  30% (2371/7898)[35m[snacks.nvim] [0m[36m    clone[0m[90m | [0mResolving deltas:  31% (2449/7898)[35m[snacks.nvim] [0m[36m    clone[0m[90m | [0mResolving deltas:  32% (2528/7898)[35m[snacks.nvim] [0m[36m    clone[0m[90m | [0mResolving deltas:  33% (2607/7898)[35m[snacks.nvim] [0m[36m    clone[0m[90m | [0mResolving deltas:  34% (2686/7898)[35m[snacks.nvim] [0m[36m    clone[0m[90m | [0mResolving deltas:  35% (2765/7898)[35m[snacks.nvim] [0m[36m    clone[0m[90m | [0mResolving deltas:  36% (2844/7898)[35m[snacks.nvim] [0m[36m    clone[0m[90m | [0mResolving deltas:  37% (2923/7898)[35m[snacks.nvim] [0m[36m    clone[0m[90m | [0mResolving deltas:  38% (3002/7898)[35m[snacks.nvim] [0m[36m    clone[0m[90m | [0mResolving deltas:  39% (3081/7898)[35m[snacks.nvim] [0m[36m    clone[0m[90m | [0mResolving deltas:  40% (3160/7898)[35m[snacks.nvim] [0m[36m    clone[0m[90m | [0mResolving deltas:  41% (3241/7898)[35m[snacks.nvim] [0m[36m    clone[0m[90m | [0mResolving deltas:  42% (3318/7898)[35m[snacks.nvim] [0m[36m    clone[0m[90m | [0mResolving deltas:  43% (3398/7898)[35m[snacks.nvim] [0m[36m    clone[0m[90m | [0mResolving deltas:  44% (3476/7898)[35m[snacks.nvim] [0m[36m    clone[0m[90m | [0mResolving deltas:  45% (3555/7898)[35m[snacks.nvim] [0m[36m    clone[0m[90m | [0mResolving deltas:  46% (3637/7898)[35m[snacks.nvim] [0m[36m    clone[0m[90m | [0mResolving deltas:  47% (3713/7898)[35m[snacks.nvim] [0m[36m    clone[0m[90m | [0mResolving deltas:  48% (3792/7898)[35m[snacks.nvim] [0m[36m    clone[0m[90m | [0mResolving deltas:  49% (3871/7898)[35m[snacks.nvim] [0m[36m    clone[0m[90m | [0mResolving deltas:  50% (3950/7898)[35m[snacks.nvim] [0m[36m    clone[0m[90m | [0mResolving deltas:  51% (4028/7898)[35m[snacks.nvim] [0m[36m    clone[0m[90m | [0mResolving deltas:  52% (4107/7898)[35m[snacks.nvim] [0m[36m    clone[0m[90m | [0mResolving deltas:  53% (4186/7898)[35m[snacks.nvim] [0m[36m    clone[0m[90m | [0mResolving deltas:  54% (4265/7898)[35m[snacks.nvim] [0m[36m    clone[0m[90m | [0mResolving deltas:  55% (4344/7898)[35m[snacks.nvim] [0m[36m    clone[0m[90m | [0mResolving deltas:  56% (4423/7898)[35m[snacks.nvim] [0m[36m    clone[0m[90m | [0mResolving deltas:  57% (4502/7898)[35m[snacks.nvim] [0m[36m    clone[0m[90m | [0mResolving deltas:  58% (4581/7898)[35m[snacks.nvim] [0m[36m    clone[0m[90m | [0mResolving deltas:  59% (4660/7898)[35m[snacks.nvim] [0m[36m    clone[0m[90m | [0mResolving deltas:  60% (4739/7898)[35m[snacks.nvim] [0m[36m    clone[0m[90m | [0mResolving deltas:  61% (4819/7898)[35m[snacks.nvim] [0m[36m    clone[0m[90m | [0mResolving deltas:  62% (4898/7898)[35m[snacks.nvim] [0m[36m    clone[0m[90m | [0mResolving deltas:  63% (4976/7898)[35m[snacks.nvim] [0m[36m    clone[0m[90m | [0mResolving deltas:  64% (5055/7898)[35m[snacks.nvim] [0m[36m    clone[0m[90m | [0mResolving deltas:  65% (5134/7898)[35m[snacks.nvim] [0m[36m    clone[0m[90m | [0mResolving deltas:  66% (5213/7898)[35m[snacks.nvim] [0m[36m    clone[0m[90m | [0mResolving deltas:  67% (5292/7898)[35m[snacks.nvim] [0m[36m    clone[0m[90m | [0mResolving deltas:  68% (5371/7898)[35m[snacks.nvim] [0m[36m    clone[0m[90m | [0mResolving deltas:  69% (5450/7898)[35m[snacks.nvim] [0m[36m    clone[0m[90m | [0mResolving deltas:  70% (5531/7898)[35m[snacks.nvim] [0m[36m    clone[0m[90m | [0mResolving deltas:  71% (5608/7898)[35m[snacks.nvim] [0m[36m    clone[0m[90m | [0mResolving deltas:  72% (5687/7898)[35m[snacks.nvim] [0m[36m    clone[0m[90m | [0mResolving deltas:  73% (5766/7898)[35m[snacks.nvim] [0m[36m    clone[0m[90m | [0mResolving deltas:  74% (5845/7898)[35m[snacks.nvim] [0m[36m    clone[0m[90m | [0mResolving deltas:  75% (5924/7898)[35m[snacks.nvim] [0m[36m    clone[0m[90m | [0mResolving deltas:  76% (6004/7898)[35m[snacks.nvim] [0m[36m    clone[0m[90m | [0mResolving deltas:  77% (6082/7898)[35m[snacks.nvim] [0m[36m    clone[0m[90m | [0mResolving deltas:  78% (6161/7898)[35m[snacks.nvim] [0m[36m    clone[0m[90m | [0mResolving deltas:  79% (6240/7898)[35m[snacks.nvim] [0m[36m    clone[0m[90m | [0mResolving deltas:  80% (6320/7898)[35m[snacks.nvim] [0m[36m    clone[0m[90m | [0mResolving deltas:  81% (6398/7898)[35m[snacks.nvim] [0m[36m    clone[0m[90m | [0mResolving deltas:  82% (6478/7898)[35m[snacks.nvim] [0m[36m    clone[0m[90m | [0mResolving deltas:  83% (6556/7898)[35m[snacks.nvim] [0m[36m    clone[0m[90m | [0mResolving deltas:  84% (6635/7898)[35m[snacks.nvim] [0m[36m    clone[0m[90m | [0mResolving deltas:  85% (6714/7898)[35m[snacks.nvim] [0m[36m    clone[0m[90m | [0mResolving deltas:  86% (6793/7898)[35m[snacks.nvim] [0m[36m    clone[0m[90m | [0mResolving deltas:  87% (6873/7898)[35m[snacks.nvim] [0m[36m    clone[0m[90m | [0mResolving deltas:  88% (6951/7898)[35m[snacks.nvim] [0m[36m    clone[0m[90m | [0mResolving deltas:  89% (7030/7898)[35m[snacks.nvim] [0m[36m    clone[0m[90m | [0mResolving deltas:  90% (7109/7898)[35m[snacks.nvim] [0m[36m    clone[0m[90m | [0mResolving deltas:  91% (7189/7898)[35m[snacks.nvim] [0m[36m    clone[0m[90m | [0mResolving deltas:  92% (7267/7898)[35m[snacks.nvim] [0m[36m    clone[0m[90m | [0mResolving deltas:  93% (7348/7898)[35m[snacks.nvim] [0m[36m    clone[0m[90m | [0mResolving deltas:  94% (7425/7898)[35m[snacks.nvim] [0m[36m    clone[0m[90m | [0mResolving deltas:  95% (7504/7898)[35m[snacks.nvim] [0m[36m    clone[0m[90m | [0mResolving deltas:  96% (7583/7898)[35m[snacks.nvim] [0m[36m    clone[0m[90m | [0mResolving deltas:  97% (7662/7898)[35m[snacks.nvim] [0m[36m    clone[0m[90m | [0mResolving deltas:  98% (7741/7898)[35m[snacks.nvim] [0m[36m    clone[0m[90m | [0mResolving deltas:  99% (7820/7898)[35m[snacks.nvim] [0m[36m    clone[0m[90m | [0mResolving deltas: 100% (7898/7898)[35m[snacks.nvim] [0m[36m    clone[0m[90m | [0mResolving deltas: 100% (7898/7898), done.
[35m[project.nvim] [0m[36m   clone[0m[90m | [0mUpdating files:  20% (2/10)[35m[project.nvim] [0m[36m   clone[0m[90m | [0mUpdating files:  30% (3/10)[35m[project.nvim] [0m[36m   clone[0m[90m | [0mUpdating files:  40% (4/10)[35m[project.nvim] [0m[36m   clone[0m[90m | [0mUpdating files:  50% (5/10)[35m[project.nvim] [0m[36m   clone[0m[90m | [0mUpdating files:  60% (6/10)[35m[project.nvim] [0m[36m   clone[0m[90m | [0mUpdating files:  70% (7/10)[35m[project.nvim] [0m[36m   clone[0m[90m | [0mUpdating files:  80% (8/10)[35m[project.nvim] [0m[36m   clone[0m[90m | [0mUpdating files:  90% (9/10)[35m[project.nvim] [0m[36m   clone[0m[90m | [0mUpdating files: 100% (10/10)[35m[project.nvim] [0m[36m   clone[0m[90m | [0mUpdating files: 100% (10/10), done.
[35m[kulala.nvim] [0m[36m checkout[0m[90m | [0mNote: switching to '7f83b6100321c848ca87ac9df414ebe6141e3f5f'.
[35m[kulala.nvim] [0m[36m checkout[0m[90m | [0m
You are in 'detached HEAD' state. You can look around, make experimental
[35m[kulala.nvim] [0m[36m checkout[0m[90m | [0mchanges and commit them, and you can discard any commits you make in this
[35m[kulala.nvim] [0m[36m checkout[0m[90m | [0mstate without impacting any branches by switching back to a branch.
[35m[kulala.nvim] [0m[36m checkout[0m[90m | [0m
If you want to create a new branch to retain commits you create, you may
[35m[kulala.nvim] [0m[36m checkout[0m[90m | [0mdo so (now or later) by using -c with the switch command. Example:
[35m[kulala.nvim] [0m[36m checkout[0m[90m | [0m
  git switch -c <new-branch-name>
[35m[kulala.nvim] [0m[36m checkout[0m[90m | [0m
Or undo this operation with:
[35m[kulala.nvim] [0m[36m checkout[0m[90m | [0m
  git switch -
[35m[kulala.nvim] [0m[36m checkout[0m[90m | [0m
Turn off this advice by setting config variable advice.detachedHead to false
[35m[kulala.nvim] [0m[36m checkout[0m[90m | [0m
HEAD is now at 7f83b61 skip-changelog: update CHANGELOG
[35m[kulala.nvim] [0m[36m checkout[0m[90m | [0m[34mFinished task checkout in 1336ms[0m
[35m[kulala.nvim] [0m[36m     docs[0m[90m | [0m[34mRunning task docs[0m
[35m[kulala.nvim] [0m[36m     docs[0m[90m | [0m
[35m[kulala.nvim] [0m[36m     docs[0m[90m | [0m[34mFinished task docs in 434ms[0m
[35m[plenary.nvim] [0m[36m   clone[0m[90m | [0mUpdating files:   1% (2/132)[35m[plenary.nvim] [0m[36m   clone[0m[90m | [0mUpdating files:   2% (3/132)[35m[plenary.nvim] [0m[36m   clone[0m[90m | [0mUpdating files:   3% (4/132)[35m[plenary.nvim] [0m[36m   clone[0m[90m | [0mUpdating files:   4% (6/132)[35m[plenary.nvim] [0m[36m   clone[0m[90m | [0mUpdating files:   5% (7/132)[35m[plenary.nvim] [0m[36m   clone[0m[90m | [0mUpdating files:   6% (8/132)[35m[plenary.nvim] [0m[36m   clone[0m[90m | [0mUpdating files:   7% (10/132)[35m[plenary.nvim] [0m[36m   clone[0m[90m | [0mUpdating files:   8% (11/132)[35m[plenary.nvim] [0m[36m   clone[0m[90m | [0mUpdating files:   9% (12/132)[35m[plenary.nvim] [0m[36m   clone[0m[90m | [0mUpdating files:  10% (14/132)[35m[plenary.nvim] [0m[36m   clone[0m[90m | [0mUpdating files:  11% (15/132)[35m[plenary.nvim] [0m[36m   clone[0m[90m | [0mUpdating files:  12% (16/132)[35m[plenary.nvim] [0m[36m   clone[0m[90m | [0mUpdating files:  13% (18/132)[35m[plenary.nvim] [0m[36m   clone[0m[90m | [0mUpdating files:  14% (19/132)[35m[plenary.nvim] [0m[36m   clone[0m[90m | [0mUpdating files:  15% (20/132)[35m[plenary.nvim] [0m[36m   clone[0m[90m | [0mUpdating files:  16% (22/132)[35m[plenary.nvim] [0m[36m   clone[0m[90m | [0mUpdating files:  17% (23/132)[35m[plenary.nvim] [0m[36m   clone[0m[90m | [0mUpdating files:  18% (24/132)[35m[plenary.nvim] [0m[36m   clone[0m[90m | [0mUpdating files:  19% (26/132)[35m[plenary.nvim] [0m[36m   clone[0m[90m | [0mUpdating files:  20% (27/132)[35m[plenary.nvim] [0m[36m   clone[0m[90m | [0mUpdating files:  21% (28/132)[35m[plenary.nvim] [0m[36m   clone[0m[90m | [0mUpdating files:  22% (30/132)[35m[plenary.nvim] [0m[36m   clone[0m[90m | [0mUpdating files:  23% (31/132)[35m[plenary.nvim] [0m[36m   clone[0m[90m | [0mUpdating files:  24% (32/132)[35m[plenary.nvim] [0m[36m   clone[0m[90m | [0mUpdating files:  25% (33/132)[35m[plenary.nvim] [0m[36m   clone[0m[90m | [0mUpdating files:  26% (35/132)[35m[plenary.nvim] [0m[36m   clone[0m[90m | [0mUpdating files:  27% (36/132)[35m[plenary.nvim] [0m[36m   clone[0m[90m | [0mUpdating files:  28% (37/132)[35m[plenary.nvim] [0m[36m   clone[0m[90m | [0mUpdating files:  29% (39/132)[35m[plenary.nvim] [0m[36m   clone[0m[90m | [0mUpdating files:  30% (40/132)[35m[plenary.nvim] [0m[36m   clone[0m[90m | [0mUpdating files:  31% (41/132)[35m[plenary.nvim] [0m[36m   clone[0m[90m | [0mUpdating files:  32% (43/132)[35m[plenary.nvim] [0m[36m   clone[0m[90m | [0mUpdating files:  33% (44/132)[35m[plenary.nvim] [0m[36m   clone[0m[90m | [0mUpdating files:  34% (45/132)[35m[plenary.nvim] [0m[36m   clone[0m[90m | [0mUpdating files:  35% (47/132)[35m[plenary.nvim] [0m[36m   clone[0m[90m | [0mUpdating files:  36% (48/132)[35m[plenary.nvim] [0m[36m   clone[0m[90m | [0mUpdating files:  37% (49/132)[35m[plenary.nvim] [0m[36m   clone[0m[90m | [0mUpdating files:  38% (51/132)[35m[plenary.nvim] [0m[36m   clone[0m[90m | [0mUpdating files:  39% (52/132)[35m[sqlite.lua] [0m[36m     clone[0m[90m | [0mUpdating files:  20% (9/43)[35m[sqlite.lua] [0m[36m     clone[0m[90m | [0mUpdating files:  23% (10/43)[35m[sqlite.lua] [0m[36m     clone[0m[90m | [0mUpdating files:  25% (11/43)[35m[sqlite.lua] [0m[36m     clone[0m[90m | [0mUpdating files:  27% (12/43)[35m[sqlite.lua] [0m[36m     clone[0m[90m | [0mUpdating files:  30% (13/43)[35m[sqlite.lua] [0m[36m     clone[0m[90m | [0mUpdating files:  32% (14/43)[35m[sqlite.lua] [0m[36m     clone[0m[90m | [0mUpdating files:  34% (15/43)[35m[sqlite.lua] [0m[36m     clone[0m[90m | [0mUpdating files:  37% (16/43)[35m[sqlite.lua] [0m[36m     clone[0m[90m | [0mUpdating files:  39% (17/43)[35m[sqlite.lua] [0m[36m     clone[0m[90m | [0mUpdating files:  41% (18/43)[35m[sqlite.lua] [0m[36m     clone[0m[90m | [0mUpdating files:  44% (19/43)[35m[sqlite.lua] [0m[36m     clone[0m[90m | [0mUpdating files:  46% (20/43)[35m[sqlite.lua] [0m[36m     clone[0m[90m | [0mUpdating files:  48% (21/43)[35m[sqlite.lua] [0m[36m     clone[0m[90m | [0mUpdating files:  51% (22/43)[35m[sqlite.lua] [0m[36m     clone[0m[90m | [0mUpdating files:  53% (23/43)[35m[sqlite.lua] [0m[36m     clone[0m[90m | [0mUpdating files:  55% (24/43)[35m[sqlite.lua] [0m[36m     clone[0m[90m | [0mUpdating files:  58% (25/43)[35m[sqlite.lua] [0m[36m     clone[0m[90m | [0mUpdating files:  60% (26/43)[35m[sqlite.lua] [0m[36m     clone[0m[90m | [0mUpdating files:  62% (27/43)[35m[sqlite.lua] [0m[36m     clone[0m[90m | [0mUpdating files:  65% (28/43)[35m[sqlite.lua] [0m[36m     clone[0m[90m | [0mUpdating files:  67% (29/43)[35m[sqlite.lua] [0m[36m     clone[0m[90m | [0mUpdating files:  69% (30/43)[35m[sqlite.lua] [0m[36m     clone[0m[90m | [0mUpdating files:  72% (31/43)[35m[sqlite.lua] [0m[36m     clone[0m[90m | [0mUpdating files:  74% (32/43)[35m[sqlite.lua] [0m[36m     clone[0m[90m | [0mUpdating files:  76% (33/43)[35m[sqlite.lua] [0m[36m     clone[0m[90m | [0mUpdating files:  79% (34/43)[35m[sqlite.lua] [0m[36m     clone[0m[90m | [0mUpdating files:  81% (35/43)[35m[sqlite.lua] [0m[36m     clone[0m[90m | [0mUpdating files:  83% (36/43)[35m[sqlite.lua] [0m[36m     clone[0m[90m | [0mUpdating files:  86% (37/43)[35m[sqlite.lua] [0m[36m     clone[0m[90m | [0mUpdating files:  88% (38/43)[35m[sqlite.lua] [0m[36m     clone[0m[90m | [0mUpdating files:  90% (39/43)[35m[sqlite.lua] [0m[36m     clone[0m[90m | [0mUpdating files:  93% (40/43)[35m[sqlite.lua] [0m[36m     clone[0m[90m | [0mUpdating files:  95% (41/43)[35m[sqlite.lua] [0m[36m     clone[0m[90m | [0mUpdating files:  97% (42/43)[35m[sqlite.lua] [0m[36m     clone[0m[90m | [0mUpdating files: 100% (43/43)[35m[sqlite.lua] [0m[36m     clone[0m[90m | [0mUpdating files: 100% (43/43), done.
[35m[plenary.nvim] [0m[36m   clone[0m[90m | [0mUpdating files:  40% (53/132)[35m[plenary.nvim] [0m[36m   clone[0m[90m | [0mUpdating files:  41% (55/132)[35m[plenary.nvim] [0m[36m   clone[0m[90m | [0mUpdating files:  42% (56/132)[35m[plenary.nvim] [0m[36m   clone[0m[90m | [0mUpdating files:  43% (57/132)[35m[plenary.nvim] [0m[36m   clone[0m[90m | [0mUpdating files:  44% (59/132)[35m[plenary.nvim] [0m[36m   clone[0m[90m | [0mUpdating files:  45% (60/132)[35m[plenary.nvim] [0m[36m   clone[0m[90m | [0mUpdating files:  46% (61/132)[35m[plenary.nvim] [0m[36m   clone[0m[90m | [0mUpdating files:  47% (63/132)[35m[plenary.nvim] [0m[36m   clone[0m[90m | [0mUpdating files:  48% (64/132)[35m[plenary.nvim] [0m[36m   clone[0m[90m | [0mUpdating files:  49% (65/132)[35m[plenary.nvim] [0m[36m   clone[0m[90m | [0mUpdating files:  50% (66/132)[35m[plenary.nvim] [0m[36m   clone[0m[90m | [0mUpdating files:  51% (68/132)[35m[plenary.nvim] [0m[36m   clone[0m[90m | [0mUpdating files:  52% (69/132)[35m[plenary.nvim] [0m[36m   clone[0m[90m | [0mUpdating files:  53% (70/132)[35m[plenary.nvim] [0m[36m   clone[0m[90m | [0mUpdating files:  54% (72/132)[35m[plenary.nvim] [0m[36m   clone[0m[90m | [0mUpdating files:  55% (73/132)[35m[plenary.nvim] [0m[36m   clone[0m[90m | [0mUpdating files:  56% (74/132)[35m[plenary.nvim] [0m[36m   clone[0m[90m | [0mUpdating files:  57% (76/132)[35m[plenary.nvim] [0m[36m   clone[0m[90m | [0mUpdating files:  58% (77/132)[35m[plenary.nvim] [0m[36m   clone[0m[90m | [0mUpdating files:  59% (78/132)[35m[plenary.nvim] [0m[36m   clone[0m[90m | [0mUpdating files:  60% (80/132)[35m[plenary.nvim] [0m[36m   clone[0m[90m | [0mUpdating files:  61% (81/132)[35m[plenary.nvim] [0m[36m   clone[0m[90m | [0mUpdating files:  62% (82/132)[35m[plenary.nvim] [0m[36m   clone[0m[90m | [0mUpdating files:  63% (84/132)[35m[plenary.nvim] [0m[36m   clone[0m[90m | [0mUpdating files:  64% (85/132)[35m[plenary.nvim] [0m[36m   clone[0m[90m | [0mUpdating files:  65% (86/132)[35m[plenary.nvim] [0m[36m   clone[0m[90m | [0mUpdating files:  66% (88/132)[35m[plenary.nvim] [0m[36m   clone[0m[90m | [0mUpdating files:  67% (89/132)[35m[plenary.nvim] [0m[36m   clone[0m[90m | [0mUpdating files:  68% (90/132)[35m[plenary.nvim] [0m[36m   clone[0m[90m | [0mUpdating files:  69% (92/132)[35m[plenary.nvim] [0m[36m   clone[0m[90m | [0mUpdating files:  70% (93/132)[35m[plenary.nvim] [0m[36m   clone[0m[90m | [0mUpdating files:  71% (94/132)[35m[plenary.nvim] [0m[36m   clone[0m[90m | [0mUpdating files:  72% (96/132)[35m[plenary.nvim] [0m[36m   clone[0m[90m | [0mUpdating files:  73% (97/132)[35m[plenary.nvim] [0m[36m   clone[0m[90m | [0mUpdating files:  74% (98/132)[35m[plenary.nvim] [0m[36m   clone[0m[90m | [0mUpdating files:  75% (99/132)[35m[plenary.nvim] [0m[36m   clone[0m[90m | [0mUpdating files:  76% (101/132)[35m[plenary.nvim] [0m[36m   clone[0m[90m | [0mUpdating files:  77% (102/132)[35m[plenary.nvim] [0m[36m   clone[0m[90m | [0mUpdating files:  78% (103/132)[35m[plenary.nvim] [0m[36m   clone[0m[90m | [0mUpdating files:  79% (105/132)[35m[plenary.nvim] [0m[36m   clone[0m[90m | [0mUpdating files:  80% (106/132)[35m[plenary.nvim] [0m[36m   clone[0m[90m | [0mUpdating files:  81% (107/132)[35m[plenary.nvim] [0m[36m   clone[0m[90m | [0mUpdating files:  82% (109/132)[35m[plenary.nvim] [0m[36m   clone[0m[90m | [0mUpdating files:  83% (110/132)[35m[plenary.nvim] [0m[36m   clone[0m[90m | [0mUpdating files:  84% (111/132)[35m[plenary.nvim] [0m[36m   clone[0m[90m | [0mUpdating files:  85% (113/132)[35m[plenary.nvim] [0m[36m   clone[0m[90m | [0mUpdating files:  86% (114/132)[35m[plenary.nvim] [0m[36m   clone[0m[90m | [0mUpdating files:  87% (115/132)[35m[plenary.nvim] [0m[36m   clone[0m[90m | [0mUpdating files:  88% (117/132)[35m[plenary.nvim] [0m[36m   clone[0m[90m | [0mUpdating files:  89% (118/132)[35m[plenary.nvim] [0m[36m   clone[0m[90m | [0mUpdating files:  90% (119/132)[35m[plenary.nvim] [0m[36m   clone[0m[90m | [0mUpdating files:  91% (121/132)[35m[plenary.nvim] [0m[36m   clone[0m[90m | [0mUpdating files:  92% (122/132)[35m[plenary.nvim] [0m[36m   clone[0m[90m | [0mUpdating files:  93% (123/132)[35m[plenary.nvim] [0m[36m   clone[0m[90m | [0mUpdating files:  94% (125/132)[35m[plenary.nvim] [0m[36m   clone[0m[90m | [0mUpdating files:  95% (126/132)[35m[plenary.nvim] [0m[36m   clone[0m[90m | [0mUpdating files:  96% (127/132)[35m[plenary.nvim] [0m[36m   clone[0m[90m | [0mUpdating files:  97% (129/132)[35m[plenary.nvim] [0m[36m   clone[0m[90m | [0mUpdating files:  98% (130/132)[35m[plenary.nvim] [0m[36m   clone[0m[90m | [0mUpdating files:  99% (131/132)[35m[plenary.nvim] [0m[36m   clone[0m[90m | [0mUpdating files: 100% (132/132)[35m[plenary.nvim] [0m[36m   clone[0m[90m | [0mUpdating files: 100% (132/132), done.
[35m[LuaSnip] [0m[36m        clone[0m[90m | [0mCloning into 'C:/Users/tOpGuNN/AppData/Local/nvim-data/lazy/LuaSnip/deps/jsregexp'...
[35m[LuaSnip] [0m[36m        clone[0m[90m | [0mremote: Enumerating objects: 786, done.        
[35m[LuaSnip] [0m[36m        clone[0m[90m | [0mremote: Counting objects:   0% (1/238)        [35m[LuaSnip] [0m[36m        clone[0m[90m | [0mremote: Counting objects:   1% (3/238)        [35m[LuaSnip] [0m[36m        clone[0m[90m | [0mremote: Counting objects:   2% (5/238)        [35m[LuaSnip] [0m[36m        clone[0m[90m | [0mremote: Counting objects:   3% (8/238)        [35m[LuaSnip] [0m[36m        clone[0m[90m | [0mremote: Counting objects:   4% (10/238)        [35m[LuaSnip] [0m[36m        clone[0m[90m | [0mremote: Counting objects:   5% (12/238)        [35m[LuaSnip] [0m[36m        clone[0m[90m | [0mremote: Counting objects:   6% (15/238)        [35m[LuaSnip] [0m[36m        clone[0m[90m | [0mremote: Counting objects:   7% (17/238)        [35m[LuaSnip] [0m[36m        clone[0m[90m | [0mremote: Counting objects:   8% (20/238)        [35m[LuaSnip] [0m[36m        clone[0m[90m | [0mremote: Counting objects:   9% (22/238)        [35m[LuaSnip] [0m[36m        clone[0m[90m | [0mremote: Counting objects:  10% (24/238)        [35m[LuaSnip] [0m[36m        clone[0m[90m | [0mremote: Counting objects:  11% (27/238)        [35m[LuaSnip] [0m[36m        clone[0m[90m | [0mremote: Counting objects:  12% (29/238)        [35m[LuaSnip] [0m[36m        clone[0m[90m | [0mremote: Counting objects:  13% (31/238)        [35m[LuaSnip] [0m[36m        clone[0m[90m | [0mremote: Counting objects:  14% (34/238)        [35m[LuaSnip] [0m[36m        clone[0m[90m | [0mremote: Counting objects:  15% (36/238)        [35m[LuaSnip] [0m[36m        clone[0m[90m | [0mremote: Counting objects:  16% (39/238)        [35m[LuaSnip] [0m[36m        clone[0m[90m | [0mremote: Counting objects:  17% (41/238)        [35m[LuaSnip] [0m[36m        clone[0m[90m | [0mremote: Counting objects:  18% (43/238)        [35m[LuaSnip] [0m[36m        clone[0m[90m | [0mremote: Counting objects:  19% (46/238)        [35m[LuaSnip] [0m[36m        clone[0m[90m | [0mremote: Counting objects:  20% (48/238)        [35m[LuaSnip] [0m[36m        clone[0m[90m | [0mremote: Counting objects:  21% (50/238)        [35m[LuaSnip] [0m[36m        clone[0m[90m | [0mremote: Counting objects:  22% (53/238)        [35m[LuaSnip] [0m[36m        clone[0m[90m | [0mremote: Counting objects:  23% (55/238)        [35m[LuaSnip] [0m[36m        clone[0m[90m | [0mremote: Counting objects:  24% (58/238)        [35m[LuaSnip] [0m[36m        clone[0m[90m | [0mremote: Counting objects:  25% (60/238)        [35m[LuaSnip] [0m[36m        clone[0m[90m | [0mremote: Counting objects:  26% (62/238)        [35m[LuaSnip] [0m[36m        clone[0m[90m | [0mremote: Counting objects:  27% (65/238)        [35m[LuaSnip] [0m[36m        clone[0m[90m | [0mremote: Counting objects:  28% (67/238)        [35m[LuaSnip] [0m[36m        clone[0m[90m | [0mremote: Counting objects:  29% (70/238)        [35m[LuaSnip] [0m[36m        clone[0m[90m | [0mremote: Counting objects:  30% (72/238)        [35m[LuaSnip] [0m[36m        clone[0m[90m | [0mremote: Counting objects:  31% (74/238)        [35m[LuaSnip] [0m[36m        clone[0m[90m | [0mremote: Counting objects:  32% (77/238)        [35m[LuaSnip] [0m[36m        clone[0m[90m | [0mremote: Counting objects:  33% (79/238)        [35m[LuaSnip] [0m[36m        clone[0m[90m | [0mremote: Counting objects:  34% (81/238)        [35m[LuaSnip] [0m[36m        clone[0m[90m | [0mremote: Counting objects:  35% (84/238)        [35m[LuaSnip] [0m[36m        clone[0m[90m | [0mremote: Counting objects:  36% (86/238)        [35m[LuaSnip] [0m[36m        clone[0m[90m | [0mremote: Counting objects:  37% (89/238)        [35m[LuaSnip] [0m[36m        clone[0m[90m | [0mremote: Counting objects:  38% (91/238)        [35m[LuaSnip] [0m[36m        clone[0m[90m | [0mremote: Counting objects:  39% (93/238)        [35m[LuaSnip] [0m[36m        clone[0m[90m | [0mremote: Counting objects:  40% (96/238)        [35m[LuaSnip] [0m[36m        clone[0m[90m | [0mremote: Counting objects:  41% (98/238)        [35m[LuaSnip] [0m[36m        clone[0m[90m | [0mremote: Counting objects:  42% (100/238)        [35m[LuaSnip] [0m[36m        clone[0m[90m | [0mremote: Counting objects:  43% (103/238)        [35m[LuaSnip] [0m[36m        clone[0m[90m | [0mremote: Counting objects:  44% (105/238)        [35m[LuaSnip] [0m[36m        clone[0m[90m | [0mremote: Counting objects:  45% (108/238)        [35m[LuaSnip] [0m[36m        clone[0m[90m | [0mremote: Counting objects:  46% (110/238)        [35m[LuaSnip] [0m[36m        clone[0m[90m | [0mremote: Counting objects:  47% (112/238)        [35m[LuaSnip] [0m[36m        clone[0m[90m | [0mremote: Counting objects:  48% (115/238)        [35m[LuaSnip] [0m[36m        clone[0m[90m | [0mremote: Counting objects:  49% (117/238)        [35m[LuaSnip] [0m[36m        clone[0m[90m | [0mremote: Counting objects:  50% (119/238)        [35m[LuaSnip] [0m[36m        clone[0m[90m | [0mremote: Counting objects:  51% (122/238)        [35m[LuaSnip] [0m[36m        clone[0m[90m | [0mremote: Counting objects:  52% (124/238)        [35m[LuaSnip] [0m[36m        clone[0m[90m | [0mremote: Counting objects:  53% (127/238)        [35m[LuaSnip] [0m[36m        clone[0m[90m | [0mremote: Counting objects:  54% (129/238)        [35m[LuaSnip] [0m[36m        clone[0m[90m | [0mremote: Counting objects:  55% (131/238)        [35m[LuaSnip] [0m[36m        clone[0m[90m | [0mremote: Counting objects:  56% (134/238)        [35m[LuaSnip] [0m[36m        clone[0m[90m | [0mremote: Counting objects:  57% (136/238)        [35m[LuaSnip] [0m[36m        clone[0m[90m | [0mremote: Counting objects:  58% (139/238)        [35m[LuaSnip] [0m[36m        clone[0m[90m | [0mremote: Counting objects:  59% (141/238)        [35m[LuaSnip] [0m[36m        clone[0m[90m | [0mremote: Counting objects:  60% (143/238)        [35m[LuaSnip] [0m[36m        clone[0m[90m | [0mremote: Counting objects:  61% (146/238)        [35m[LuaSnip] [0m[36m        clone[0m[90m | [0mremote: Counting objects:  62% (148/238)        [35m[LuaSnip] [0m[36m        clone[0m[90m | [0mremote: Counting objects:  63% (150/238)        [35m[LuaSnip] [0m[36m        clone[0m[90m | [0mremote: Counting objects:  64% (153/238)        [35m[LuaSnip] [0m[36m        clone[0m[90m | [0mremote: Counting objects:  65% (155/238)        [35m[LuaSnip] [0m[36m        clone[0m[90m | [0mremote: Counting objects:  66% (158/238)        [35m[LuaSnip] [0m[36m        clone[0m[90m | [0mremote: Counting objects:  67% (160/238)        [35m[LuaSnip] [0m[36m        clone[0m[90m | [0mremote: Counting objects:  68% (162/238)        [35m[LuaSnip] [0m[36m        clone[0m[90m | [0mremote: Counting objects:  69% (165/238)        [35m[LuaSnip] [0m[36m        clone[0m[90m | [0mremote: Counting objects:  70% (167/238)        [35m[LuaSnip] [0m[36m        clone[0m[90m | [0mremote: Counting objects:  71% (169/238)        [35m[LuaSnip] [0m[36m        clone[0m[90m | [0mremote: Counting objects:  72% (172/238)        [35m[LuaSnip] [0m[36m        clone[0m[90m | [0mremote: Counting objects:  73% (174/238)        [35m[LuaSnip] [0m[36m        clone[0m[90m | [0mremote: Counting objects:  74% (177/238)        [35m[LuaSnip] [0m[36m        clone[0m[90m | [0mremote: Counting objects:  75% (179/238)        [35m[LuaSnip] [0m[36m        clone[0m[90m | [0mremote: Counting objects:  76% (181/238)        [35m[LuaSnip] [0m[36m        clone[0m[90m | [0mremote: Counting objects:  77% (184/238)        [35m[LuaSnip] [0m[36m        clone[0m[90m | [0mremote: Counting objects:  78% (186/238)        [35m[LuaSnip] [0m[36m        clone[0m[90m | [0mremote: Counting objects:  79% (189/238)        [35m[LuaSnip] [0m[36m        clone[0m[90m | [0mremote: Counting objects:  80% (191/238)        [35m[LuaSnip] [0m[36m        clone[0m[90m | [0mremote: Counting objects:  81% (193/238)        [35m[LuaSnip] [0m[36m        clone[0m[90m | [0mremote: Counting objects:  82% (196/238)        [35m[LuaSnip] [0m[36m        clone[0m[90m | [0mremote: Counting objects:  83% (198/238)        [35m[LuaSnip] [0m[36m        clone[0m[90m | [0mremote: Counting objects:  84% (200/238)        [35m[LuaSnip] [0m[36m        clone[0m[90m | [0mremote: Counting objects:  85% (203/238)        [35m[LuaSnip] [0m[36m        clone[0m[90m | [0mremote: Counting objects:  86% (205/238)        [35m[LuaSnip] [0m[36m        clone[0m[90m | [0mremote: Counting objects:  87% (208/238)        [35m[LuaSnip] [0m[36m        clone[0m[90m | [0mremote: Counting objects:  88% (210/238)        [35m[LuaSnip] [0m[36m        clone[0m[90m | [0mremote: Counting objects:  89% (212/238)        [35m[LuaSnip] [0m[36m        clone[0m[90m | [0mremote: Counting objects:  90% (215/238)        [35m[LuaSnip] [0m[36m        clone[0m[90m | [0mremote: Counting objects:  91% (217/238)        [35m[LuaSnip] [0m[36m        clone[0m[90m | [0mremote: Counting objects:  92% (219/238)        [35m[LuaSnip] [0m[36m        clone[0m[90m | [0mremote: Counting objects:  93% (222/238)        [35m[LuaSnip] [0m[36m        clone[0m[90m | [0mremote: Counting objects:  94% (224/238)        [35m[LuaSnip] [0m[36m        clone[0m[90m | [0mremote: Counting objects:  95% (227/238)        [35m[LuaSnip] [0m[36m        clone[0m[90m | [0mremote: Counting objects:  96% (229/238)        [35m[LuaSnip] [0m[36m        clone[0m[90m | [0mremote: Counting objects:  97% (231/238)        [35m[LuaSnip] [0m[36m        clone[0m[90m | [0mremote: Counting objects:  98% (234/238)        [35m[LuaSnip] [0m[36m        clone[0m[90m | [0mremote: Counting objects:  99% (236/238)        [35m[LuaSnip] [0m[36m        clone[0m[90m | [0mremote: Counting objects: 100% (238/238)        [35m[LuaSnip] [0m[36m        clone[0m[90m | [0mremote: Counting objects: 100% (238/238), done.        
[35m[LuaSnip] [0m[36m        clone[0m[90m | [0mremote: Compressing objects:   0% (1/106)        [35m[LuaSnip] [0m[36m        clone[0m[90m | [0mremote: Compressing objects:   1% (2/106)        [35m[LuaSnip] [0m[36m        clone[0m[90m | [0mremote: Compressing objects:   2% (3/106)        [35m[LuaSnip] [0m[36m        clone[0m[90m | [0mremote: Compressing objects:   3% (4/106)        [35m[LuaSnip] [0m[36m        clone[0m[90m | [0mremote: Compressing objects:   4% (5/106)        [35m[LuaSnip] [0m[36m        clone[0m[90m | [0mremote: Compressing objects:   5% (6/106)        [35m[LuaSnip] [0m[36m        clone[0m[90m | [0mremote: Compressing objects:   6% (7/106)        [35m[LuaSnip] [0m[36m        clone[0m[90m | [0mremote: Compressing objects:   7% (8/106)        [35m[LuaSnip] [0m[36m        clone[0m[90m | [0mremote: Compressing objects:   8% (9/106)        [35m[LuaSnip] [0m[36m        clone[0m[90m | [0mremote: Compressing objects:   9% (10/106)        [35m[LuaSnip] [0m[36m        clone[0m[90m | [0mremote: Compressing objects:  10% (11/106)        [35m[LuaSnip] [0m[36m        clone[0m[90m | [0mremote: Compressing objects:  11% (12/106)        [35m[LuaSnip] [0m[36m        clone[0m[90m | [0mremote: Compressing objects:  12% (13/106)        [35m[LuaSnip] [0m[36m        clone[0m[90m | [0mremote: Compressing objects:  13% (14/106)        [35m[LuaSnip] [0m[36m        clone[0m[90m | [0mremote: Compressing objects:  14% (15/106)        [35m[LuaSnip] [0m[36m        clone[0m[90m | [0mremote: Compressing objects:  15% (16/106)        [35m[LuaSnip] [0m[36m        clone[0m[90m | [0mremote: Compressing objects:  16% (17/106)        [35m[LuaSnip] [0m[36m        clone[0m[90m | [0mremote: Compressing objects:  17% (19/106)        [35m[LuaSnip] [0m[36m        clone[0m[90m | [0mremote: Compressing objects:  18% (20/106)        [35m[LuaSnip] [0m[36m        clone[0m[90m | [0mremote: Compressing objects:  19% (21/106)        [35m[LuaSnip] [0m[36m        clone[0m[90m | [0mremote: Compressing objects:  20% (22/106)        [35m[LuaSnip] [0m[36m        clone[0m[90m | [0mremote: Compressing objects:  21% (23/106)        [35m[LuaSnip] [0m[36m        clone[0m[90m | [0mremote: Compressing objects:  22% (24/106)        [35m[LuaSnip] [0m[36m        clone[0m[90m | [0mremote: Compressing objects:  23% (25/106)        [35m[LuaSnip] [0m[36m        clone[0m[90m | [0mremote: Compressing objects:  24% (26/106)        [35m[LuaSnip] [0m[36m        clone[0m[90m | [0mremote: Compressing objects:  25% (27/106)        [35m[LuaSnip] [0m[36m        clone[0m[90m | [0mremote: Compressing objects:  26% (28/106)        [35m[LuaSnip] [0m[36m        clone[0m[90m | [0mremote: Compressing objects:  27% (29/106)        [35m[LuaSnip] [0m[36m        clone[0m[90m | [0mremote: Compressing objects:  28% (30/106)        [35m[LuaSnip] [0m[36m        clone[0m[90m | [0mremote: Compressing objects:  29% (31/106)        [35m[LuaSnip] [0m[36m        clone[0m[90m | [0mremote: Compressing objects:  30% (32/106)        [35m[LuaSnip] [0m[36m        clone[0m[90m | [0mremote: Compressing objects:  31% (33/106)        [35m[LuaSnip] [0m[36m        clone[0m[90m | [0mremote: Compressing objects:  32% (34/106)        [35m[LuaSnip] [0m[36m        clone[0m[90m | [0mremote: Compressing objects:  33% (35/106)        [35m[LuaSnip] [0m[36m        clone[0m[90m | [0mremote: Compressing objects:  34% (37/106)        [35m[LuaSnip] [0m[36m        clone[0m[90m | [0mremote: Compressing objects:  35% (38/106)        [35m[LuaSnip] [0m[36m        clone[0m[90m | [0mremote: Compressing objects:  36% (39/106)        [35m[LuaSnip] [0m[36m        clone[0m[90m | [0mremote: Compressing objects:  37% (40/106)        [35m[LuaSnip] [0m[36m        clone[0m[90m | [0mremote: Compressing objects:  38% (41/106)        [35m[LuaSnip] [0m[36m        clone[0m[90m | [0mremote: Compressing objects:  39% (42/106)        [35m[LuaSnip] [0m[36m        clone[0m[90m | [0mremote: Compressing objects:  40% (43/106)        [35m[LuaSnip] [0m[36m        clone[0m[90m | [0mremote: Compressing objects:  41% (44/106)        [35m[LuaSnip] [0m[36m        clone[0m[90m | [0mremote: Compressing objects:  42% (45/106)        [35m[LuaSnip] [0m[36m        clone[0m[90m | [0mremote: Compressing objects:  43% (46/106)        [35m[LuaSnip] [0m[36m        clone[0m[90m | [0mremote: Compressing objects:  44% (47/106)        [35m[LuaSnip] [0m[36m        clone[0m[90m | [0mremote: Compressing objects:  45% (48/106)        [35m[LuaSnip] [0m[36m        clone[0m[90m | [0mremote: Compressing objects:  46% (49/106)        [35m[LuaSnip] [0m[36m        clone[0m[90m | [0mremote: Compressing objects:  47% (50/106)        [35m[LuaSnip] [0m[36m        clone[0m[90m | [0mremote: Compressing objects:  48% (51/106)        [35m[LuaSnip] [0m[36m        clone[0m[90m | [0mremote: Compressing objects:  49% (52/106)        [35m[LuaSnip] [0m[36m        clone[0m[90m | [0mremote: Compressing objects:  50% (53/106)        [35m[LuaSnip] [0m[36m        clone[0m[90m | [0mremote: Compressing objects:  51% (55/106)        [35m[LuaSnip] [0m[36m        clone[0m[90m | [0mremote: Compressing objects:  52% (56/106)        [35m[LuaSnip] [0m[36m        clone[0m[90m | [0mremote: Compressing objects:  53% (57/106)        [35m[LuaSnip] [0m[36m        clone[0m[90m | [0mremote: Compressing objects:  54% (58/106)        [35m[LuaSnip] [0m[36m        clone[0m[90m | [0mremote: Compressing objects:  55% (59/106)        [35m[LuaSnip] [0m[36m        clone[0m[90m | [0mremote: Compressing objects:  56% (60/106)        [35m[LuaSnip] [0m[36m        clone[0m[90m | [0mremote: Compressing objects:  57% (61/106)        [35m[LuaSnip] [0m[36m        clone[0m[90m | [0mremote: Compressing objects:  58% (62/106)        [35m[LuaSnip] [0m[36m        clone[0m[90m | [0mremote: Compressing objects:  59% (63/106)        [35m[LuaSnip] [0m[36m        clone[0m[90m | [0mremote: Compressing objects:  60% (64/106)      [35m[promise-async] [0m[36m  clone[0m[90m | [0mUpdating files:   3% (2/55)[35m[promise-async] [0m[36m  clone[0m[90m | [0mUpdating files:   5% (3/55)[35m[promise-async] [0m[36m  clone[0m[90m | [0mUpdating files:   7% (4/55)[35m[promise-async] [0m[36m  clone[0m[90m | [0mUpdating files:   9% (5/55)[35m[promise-async] [0m[36m  clone[0m[90m | [0mUpdating files:  10% (6/55)[35m[promise-async] [0m[36m  clone[0m[90m | [0mUpdating files:  12% (7/55)[35m[promise-async] [0m[36m  clone[0m[90m | [0mUpdating files:  14% (8/55)[35m[promise-async] [0m[36m  clone[0m[90m | [0mUpdating files:  16% (9/55)[35m[promise-async] [0m[36m  clone[0m[90m | [0mUpdating files:  18% (10/55)[35m[promise-async] [0m[36m  clone[0m[90m | [0mUpdating files:  20% (11/55)[35m[promise-async] [0m[36m  clone[0m[90m | [0mUpdating files:  21% (12/55)[35m[promise-async] [0m[36m  clone[0m[90m | [0mUpdating files:  23% (13/55)[35m[promise-async] [0m[36m  clone[0m[90m | [0mUpdating files:  25% (14/55)[35m[promise-async] [0m[36m  clone[0m[90m | [0mUpdating files:  27% (15/55)[35m[promise-async] [0m[36m  clone[0m[90m | [0mUpdating files:  29% (16/55)[35m[promise-async] [0m[36m  clone[0m[90m | [0mUpdating files:  30% (17/55)[35m[promise-async] [0m[36m  clone[0m[90m | [0mUpdating files:  32% (18/55)[35m[promise-async] [0m[36m  clone[0m[90m | [0mUpdating files:  34% (19/55)[35m[promise-async] [0m[36m  clone[0m[90m | [0mUpdating files:  36% (20/55)[35m[promise-async] [0m[36m  clone[0m[90m | [0mUpdating files:  38% (21/55)[35m[promise-async] [0m[36m  clone[0m[90m | [0mUpdating files:  40% (22/55)[35m[promise-async] [0m[36m  clone[0m[90m | [0mUpdating files:  41% (23/55)[35m[promise-async] [0m[36m  clone[0m[90m | [0mUpdating files:  43% (24/55)[35m[promise-async] [0m[36m  clone[0m[90m | [0mUpdating files:  45% (25/55)[35m[promise-async] [0m[36m  clone[0m[90m | [0mUpdating files:  47% (26/55)[35m[promise-async] [0m[36m  clone[0m[90m | [0mUpdating files:  49% (27/55)[35m[promise-async] [0m[36m  clone[0m[90m | [0mUpdating files:  50% (28/55)[35m[promise-async] [0m[36m  clone[0m[90m | [0mUpdating files:  52% (29/55)[35m[promise-async] [0m[36m  clone[0m[90m | [0mUpdating files:  54% (30/55)[35m[promise-async] [0m[36m  clone[0m[90m | [0mUpdating files:  56% (31/55)[35m[promise-async] [0m[36m  clone[0m[90m | [0mUpdating files:  58% (32/55)[35m[promise-async] [0m[36m  clone[0m[90m | [0mUpdating files:  60% (33/55)[35m[promise-async] [0m[36m  clone[0m[90m | [0mUpdating files:  61% (34/55)[35m[promise-async] [0m[36m  clone[0m[90m | [0mUpdating files:  63% (35/55)[35m[promise-async] [0m[36m  clone[0m[90m | [0mUpdating files:  65% (36/55)[35m[promise-async] [0m[36m  clone[0m[90m | [0mUpdating files:  67% (37/55)[35m[promise-async] [0m[36m  clone[0m[90m | [0mUpdating files:  69% (38/55)[35m[promise-async] [0m[36m  clone[0m[90m | [0mUpdating files:  70% (39/55)[35m[promise-async] [0m[36m  clone[0m[90m | [0mUpdating files:  72% (40/55)[35m[promise-async] [0m[36m  clone[0m[90m | [0mUpdating files:  74% (41/55)[35m[promise-async] [0m[36m  clone[0m[90m | [0mUpdating files:  76% (42/55)[35m[promise-async] [0m[36m  clone[0m[90m | [0mUpdating files:  78% (43/55)[35m[promise-async] [0m[36m  clone[0m[90m | [0mUpdating files:  80% (44/55)[35m[promise-async] [0m[36m  clone[0m[90m | [0mUpdating files:  81% (45/55)[35m[promise-async] [0m[36m  clone[0m[90m | [0mUpdating files:  83% (46/55)[35m[promise-async] [0m[36m  clone[0m[90m | [0mUpdating files:  85% (47/55)[35m[promise-async] [0m[36m  clone[0m[90m | [0mUpdating files:  87% (48/55)[35m[promise-async] [0m[36m  clone[0m[90m | [0mUpdating files:  89% (49/55)[35m[promise-async] [0m[36m  clone[0m[90m | [0mUpdating files:  90% (50/55)[35m[promise-async] [0m[36m  clone[0m[90m | [0mUpdating files:  92% (51/55)[35m[promise-async] [0m[36m  clone[0m[90m | [0mUpdating files:  94% (52/55)[35m[promise-async] [0m[36m  clone[0m[90m | [0mUpdating files:  96% (53/55)[35m[promise-async] [0m[36m  clone[0m[90m | [0mUpdating files:  98% (54/55)[35m[promise-async] [0m[36m  clone[0m[90m | [0mUpdating files: 100% (55/55)[35m[promise-async] [0m[36m  clone[0m[90m | [0mUpdating files: 100% (55/55), done.
[35m[LuaSnip] [0m[36m        clone[0m[90m | [0m  [35m[LuaSnip] [0m[36m        clone[0m[90m | [0mremote: Compressing objects:  61% (65/106)        [35m[LuaSnip] [0m[36m        clone[0m[90m | [0mremote: Compressing objects:  62% (66/106)        [35m[LuaSnip] [0m[36m        clone[0m[90m | [0mremote: Compressing objects:  63% (67/106)        [35m[LuaSnip] [0m[36m        clone[0m[90m | [0mremote: Compressing objects:  64% (68/106)        [35m[LuaSnip] [0m[36m        clone[0m[90m | [0mremote: Compressing objects:  65% (69/106)        [35m[LuaSnip] [0m[36m        clone[0m[90m | [0mremote: Compressing objects:  66% (70/106)        [35m[LuaSnip] [0m[36m        clone[0m[90m | [0mremote: Compressing objects:  67% (72/106)        [35m[LuaSnip] [0m[36m        clone[0m[90m | [0mremote: Compressing objects:  68% (73/106)        [35m[LuaSnip] [0m[36m        clone[0m[90m | [0mremote: Compressing objects:  69% (74/106)        [35m[LuaSnip] [0m[36m        clone[0m[90m | [0mremote: Compressing objects:  70% (75/106)        [35m[LuaSnip] [0m[36m        clone[0m[90m | [0mremote: Compressing objects:  71% (76/106)        [35m[LuaSnip] [0m[36m        clone[0m[90m | [0mremote: Compressing objects:  72% (77/106)        [35m[LuaSnip] [0m[36m        clone[0m[90m | [0mremote: Compressing objects:  73% (78/106)        [35m[LuaSnip] [0m[36m        clone[0m[90m | [0mremote: Compressing objects:  74% (79/106)        [35m[LuaSnip] [0m[36m        clone[0m[90m | [0mremote: Compressing objects:  75% (80/106)        [35m[LuaSnip] [0m[36m        clone[0m[90m | [0mremote: Compressing objects:  76% (81/106)        [35m[LuaSnip] [0m[36m        clone[0m[90m | [0mremote: Compressing objects:  77% (82/106)        [35m[LuaSnip] [0m[36m        clone[0m[90m | [0mremote: Compressing objects:  78% (83/106)        [35m[LuaSnip] [0m[36m        clone[0m[90m | [0mremote: Compressing objects:  79% (84/106)        [35m[LuaSnip] [0m[36m        clone[0m[90m | [0mremote: Compressing objects:  80% (85/106)        [35m[LuaSnip] [0m[36m        clone[0m[90m | [0mremote: Compressing objects:  81% (86/106)        [35m[LuaSnip] [0m[36m        clone[0m[90m | [0mremote: Compressing objects:  82% (87/106)        [35m[LuaSnip] [0m[36m        clone[0m[90m | [0mremote: Compressing objects:  83% (88/106)        [35m[LuaSnip] [0m[36m        clone[0m[90m | [0mremote: Compressing objects:  84% (90/106)        [35m[LuaSnip] [0m[36m        clone[0m[90m | [0mremote: Compressing objects:  85% (91/106)        [35m[LuaSnip] [0m[36m        clone[0m[90m | [0mremote: Compressing objects:  86% (92/106)        [35m[LuaSnip] [0m[36m        clone[0m[90m | [0mremote: Compressing objects:  87% (93/106)        [35m[LuaSnip] [0m[36m        clone[0m[90m | [0mremote: Compressing objects:  88% (94/106)        [35m[LuaSnip] [0m[36m        clone[0m[90m | [0mremote: Compressing objects:  89% (95/106)        [35m[LuaSnip] [0m[36m        clone[0m[90m | [0mremote: Compressing objects:  90% (96/106)        [35m[LuaSnip] [0m[36m        clone[0m[90m | [0mremote: Compressing objects:  91% (97/106)        [35m[LuaSnip] [0m[36m        clone[0m[90m | [0mremote: Compressing objects:  92% (98/106)        [35m[LuaSnip] [0m[36m        clone[0m[90m | [0mremote: Compressing objects:  93% (99/106)        [35m[LuaSnip] [0m[36m        clone[0m[90m | [0mremote: Compressing objects:  94% (100/106)        [35m[LuaSnip] [0m[36m        clone[0m[90m | [0mremote: Compressing objects:  95% (101/106)        [35m[LuaSnip] [0m[36m        clone[0m[90m | [0mremote: Compressing objects:  96% (102/106)        [35m[LuaSnip] [0m[36m        clone[0m[90m | [0mremote: Compressing objects:  97% (103/106)        [35m[LuaSnip] [0m[36m        clone[0m[90m | [0mremote: Compressing objects:  98% (104/106)        [35m[LuaSnip] [0m[36m        clone[0m[90m | [0mremote: Compressing objects:  99% (105/106)        [35m[LuaSnip] [0m[36m        clone[0m[90m | [0mremote: Compressing objects: 100% (106/106)        [35m[LuaSnip] [0m[36m        clone[0m[90m | [0mremote: Compressing objects: 100% (106/106), done.        
[35m[LuaSnip] [0m[36m        clone[0m[90m | [0mReceiving objects:   0% (1/786)[35m[LuaSnip] [0m[36m        clone[0m[90m | [0mReceiving objects:   1% (8/786)[35m[LuaSnip] [0m[36m        clone[0m[90m | [0mReceiving objects:   2% (16/786)[35m[LuaSnip] [0m[36m        clone[0m[90m | [0mReceiving objects:   3% (24/786)[35m[LuaSnip] [0m[36m        clone[0m[90m | [0mReceiving objects:   4% (32/786)[35m[LuaSnip] [0m[36m        clone[0m[90m | [0mReceiving objects:   5% (40/786)[35m[LuaSnip] [0m[36m        clone[0m[90m | [0mReceiving objects:   6% (48/786)[35m[LuaSnip] [0m[36m        clone[0m[90m | [0mReceiving objects:   7% (56/786)[35m[LuaSnip] [0m[36m        clone[0m[90m | [0mReceiving objects:   8% (63/786)[35m[LuaSnip] [0m[36m        clone[0m[90m | [0mReceiving objects:   9% (71/786)[35m[LuaSnip] [0m[36m        clone[0m[90m | [0mReceiving objects:  10% (79/786)[35m[LuaSnip] [0m[36m        clone[0m[90m | [0mReceiving objects:  11% (87/786)[35m[LuaSnip] [0m[36m        clone[0m[90m | [0mReceiving objects:  12% (95/786)[35m[LuaSnip] [0m[36m        clone[0m[90m | [0mReceiving objects:  13% (103/786)[35m[LuaSnip] [0m[36m        clone[0m[90m | [0mReceiving objects:  14% (111/786)[35m[LuaSnip] [0m[36m        clone[0m[90m | [0mReceiving objects:  15% (118/786)[35m[LuaSnip] [0m[36m        clone[0m[90m | [0mReceiving objects:  16% (126/786)[35m[LuaSnip] [0m[36m        clone[0m[90m | [0mReceiving objects:  17% (134/786)[35m[LuaSnip] [0m[36m        clone[0m[90m | [0mReceiving objects:  18% (142/786)[35m[LuaSnip] [0m[36m        clone[0m[90m | [0mReceiving objects:  19% (150/786)[35m[LuaSnip] [0m[36m        clone[0m[90m | [0mReceiving objects:  20% (158/786)[35m[LuaSnip] [0m[36m        clone[0m[90m | [0mReceiving objects:  21% (166/786)[35m[LuaSnip] [0m[36m        clone[0m[90m | [0mReceiving objects:  22% (173/786)[35m[LuaSnip] [0m[36m        clone[0m[90m | [0mReceiving objects:  23% (181/786)[35m[LuaSnip] [0m[36m        clone[0m[90m | [0mReceiving objects:  24% (189/786)[35m[LuaSnip] [0m[36m        clone[0m[90m | [0mReceiving objects:  25% (197/786)[35m[LuaSnip] [0m[36m        clone[0m[90m | [0mReceiving objects:  26% (205/786)[35m[LuaSnip] [0m[36m        clone[0m[90m | [0mReceiving objects:  27% (213/786)[35m[LuaSnip] [0m[36m        clone[0m[90m | [0mReceiving objects:  28% (221/786)[35m[LuaSnip] [0m[36m        clone[0m[90m | [0mReceiving objects:  29% (228/786)[35m[LuaSnip] [0m[36m        clone[0m[90m | [0mReceiving objects:  30% (236/786)[35m[LuaSnip] [0m[36m        clone[0m[90m | [0mReceiving objects:  31% (244/786)[35m[LuaSnip] [0m[36m        clone[0m[90m | [0mReceiving objects:  32% (252/786)[35m[LuaSnip] [0m[36m        clone[0m[90m | [0mReceiving objects:  33% (260/786)[35m[LuaSnip] [0m[36m        clone[0m[90m | [0mReceiving objects:  34% (268/786)[35m[LuaSnip] [0m[36m        clone[0m[90m | [0mReceiving objects:  35% (276/786)[35m[LuaSnip] [0m[36m        clone[0m[90m | [0mReceiving objects:  36% (283/786)[35m[LuaSnip] [0m[36m        clone[0m[90m | [0mReceiving objects:  37% (291/786)[35m[LuaSnip] [0m[36m        clone[0m[90m | [0mReceiving objects:  38% (299/786)[35m[LuaSnip] [0m[36m        clone[0m[90m | [0mReceiving objects:  39% (307/786)[35m[LuaSnip] [0m[36m        clone[0m[90m | [0mReceiving objects:  40% (315/786)[35m[LuaSnip] [0m[36m        clone[0m[90m | [0mReceiving objects:  41% (323/786)[35m[LuaSnip] [0m[36m        clone[0m[90m | [0mReceiving objects:  42% (331/786)[35m[LuaSnip] [0m[36m        clone[0m[90m | [0mReceiving objects:  43% (338/786)[35m[LuaSnip] [0m[36m        clone[0m[90m | [0mReceiving objects:  44% (346/786)[35m[LuaSnip] [0m[36m        clone[0m[90m | [0mReceiving objects:  45% (354/786)[35m[LuaSnip] [0m[36m        clone[0m[90m | [0mReceiving objects:  46% (362/786)[35m[LuaSnip] [0m[36m        clone[0m[90m | [0mReceiving objects:  47% (370/786)[35m[LuaSnip] [0m[36m        clone[0m[90m | [0mReceiving objects:  48% (378/786)[35m[LuaSnip] [0m[36m        clone[0m[90m | [0mReceiving objects:  49% (386/786)[35m[LuaSnip] [0m[36m        clone[0m[90m | [0mReceiving objects:  50% (393/786)[35m[LuaSnip] [0m[36m        clone[0m[90m | [0mReceiving objects:  51% (401/786)[35m[LuaSnip] [0m[36m        clone[0m[90m | [0mReceiving objects:  52% (409/786)[35m[LuaSnip] [0m[36m        clone[0m[90m | [0mReceiving objects:  53% (417/786)[35m[LuaSnip] [0m[36m        clone[0m[90m | [0mReceiving objects:  54% (425/786)[35m[LuaSnip] [0m[36m        clone[0m[90m | [0mReceiving objects:  55% (433/786)[35m[LuaSnip] [0m[36m        clone[0m[90m | [0mReceiving objects:  56% (441/786)[35m[LuaSnip] [0m[36m        clone[0m[90m | [0mReceiving objects:  57% (449/786)[35m[LuaSnip] [0m[36m        clone[0m[90m | [0mReceiving objects:  58% (456/786)[35m[LuaSnip] [0m[36m        clone[0m[90m | [0mReceiving objects:  59% (464/786)[35m[LuaSnip] [0m[36m        clone[0m[90m | [0mReceiving objects:  60% (472/786)[35m[LuaSnip] [0m[36m        clone[0m[90m | [0mReceiving objects:  61% (480/786)[35m[LuaSnip] [0m[36m        clone[0m[90m | [0mReceiving objects:  62% (488/786)[35m[LuaSnip] [0m[36m        clone[0m[90m | [0mReceiving objects:  63% (496/786)[35m[LuaSnip] [0m[36m        clone[0m[90m | [0mReceiving objects:  64% (504/786)[35m[LuaSnip] [0m[36m        clone[0m[90m | [0mReceiving objects:  65% (511/786)[35m[LuaSnip] [0m[36m        clone[0m[90m | [0mReceiving objects:  66% (519/786)[35m[LuaSnip] [0m[36m        clone[0m[90m | [0mReceiving objects:  67% (527/786)[35m[LuaSnip] [0m[36m        clone[0m[90m | [0mReceiving objects:  68% (535/786)[35m[LuaSnip] [0m[36m        clone[0m[90m | [0mReceiving objects:  69% (543/786)[35m[LuaSnip] [0m[36m        clone[0m[90m | [0mReceiving objects:  70% (551/786)[35m[LuaSnip] [0m[36m        clone[0m[90m | [0mReceiving objects:  71% (559/786)[35m[LuaSnip] [0m[36m        clone[0m[90m | [0mReceiving objects:  72% (566/786)[35m[LuaSnip] [0m[36m        clone[0m[90m | [0mReceiving objects:  73% (574/786)[35m[LuaSnip] [0m[36m        clone[0m[90m | [0mReceiving objects:  74% (582/786)[35m[LuaSnip] [0m[36m        clone[0m[90m | [0mReceiving objects:  75% (590/786)[35m[LuaSnip] [0m[36m        clone[0m[90m | [0mReceiving objects:  76% (598/786)[35m[LuaSnip] [0m[36m        clone[0m[90m | [0mReceiving objects:  77% (606/786)[35m[LuaSnip] [0m[36m        clone[0m[90m | [0mReceiving objects:  78% (614/786)[35m[LuaSnip] [0m[36m        clone[0m[90m | [0mReceiving objects:  79% (621/786)[35m[LuaSnip] [0m[36m        clone[0m[90m | [0mReceiving objects:  80% (629/786)[35m[LuaSnip] [0m[36m        clone[0m[90m | [0mReceiving objects:  81% (637/786)[35m[LuaSnip] [0m[36m        clone[0m[90m | [0mReceiving objects:  82% (645/786)[35m[LuaSnip] [0m[36m        clone[0m[90m | [0mReceiving objects:  83% (653/786)[35m[LuaSnip] [0m[36m        clone[0m[90m | [0mReceiving objects:  84% (661/786)[35m[LuaSnip] [0m[36m        clone[0m[90m | [0mReceiving objects:  85% (669/786)[35m[LuaSnip] [0m[36m        clone[0m[90m | [0mReceiving objects:  86% (676/786)[35m[LuaSnip] [0m[36m        clone[0m[90m | [0mReceiving objects:  87% (684/786)[35m[LuaSnip] [0m[36m        clone[0m[90m | [0mReceiving objects:  88% (692/786)[35m[LuaSnip] [0m[36m        clone[0m[90m | [0mReceiving objects:  89% (700/786)[35m[LuaSnip] [0m[36m        clone[0m[90m | [0mReceiving objects:  90% (708/786)[35m[LuaSnip] [0m[36m        clone[0m[90m | [0mReceiving objects:  91% (716/786)[35m[LuaSnip] [0m[36m        clone[0m[90m | [0mReceiving objects:  92% (724/786)[35m[LuaSnip] [0m[36m        clone[0m[90m | [0mReceiving objects:  93% (731/786)[35m[LuaSnip] [0m[36m        clone[0m[90m | [0mReceiving objects:  94% (739/786)[35m[LuaSnip] [0m[36m        clone[0m[90m | [0mReceiving objects:  95% (747/786)[35m[LuaSnip] [0m[36m        clone[0m[90m | [0mReceiving objects:  96% (755/786)[35m[LuaSnip] [0m[36m        clone[0m[90m | [0mReceiving objects:  97% (763/786)[35m[LuaSnip] [0m[36m        clone[0m[90m | [0mReceiving objects:  98% (771/786)[35m[LuaSnip] [0m[36m        clone[0m[90m | [0mremote: Total 786 (delta 143), reused 164 (delta 116), pack-reused 548 (from 2)        
[35m[LuaSnip] [0m[36m        clone[0m[90m | [0mReceiving objects:  99% (779/786)[35m[LuaSnip] [0m[36m        clone[0m[90m | [0mReceiving objects: 100% (786/786)[35m[LuaSnip] [0m[36m        clone[0m[90m | [0mReceiving objects: 100% (786/786), 482.38 KiB | 3.95 MiB/s, done.
[35m[LuaSnip] [0m[36m        clone[0m[90m | [0mResolving deltas:   0% (0/449)[35m[LuaSnip] [0m[36m        clone[0m[90m | [0mResolving deltas:   1% (5/449)[35m[LuaSnip] [0m[36m        clone[0m[90m | [0mResolving deltas:   2% (9/449)[35m[LuaSnip] [0m[36m        clone[0m[90m | [0mResolving deltas:   3% (14/449)[35m[LuaSnip] [0m[36m        clone[0m[90m | [0mResolving deltas:   4% (18/449)[35m[LuaSnip] [0m[36m        clone[0m[90m | [0mResolving deltas:   5% (23/449)[35m[LuaSnip] [0m[36m        clone[0m[90m | [0mResolving deltas:   6% (28/449)[35m[LuaSnip] [0m[36m        clone[0m[90m | [0mResolving deltas:   7% (32/449)[35m[LuaSnip] [0m[36m        clone[0m[90m | [0mResolving deltas:   8% (37/449)[35m[LuaSnip] [0m[36m        clone[0m[90m | [0mResolving deltas:   9% (41/449)[35m[LuaSnip] [0m[36m        clone[0m[90m | [0mResolving deltas:  10% (45/449)[35m[LuaSnip] [0m[36m        clone[0m[90m | [0mResolving deltas:  11% (50/449)[35m[LuaSnip] [0m[36m        clone[0m[90m | [0mResolving deltas:  12% (54/449)[35m[LuaSnip] [0m[36m        clone[0m[90m | [0mResolving deltas:  13% (59/449)[35m[LuaSnip] [0m[36m        clone[0m[90m | [0mResolving deltas:  14% (64/449)[35m[LuaSnip] [0m[36m        clone[0m[90m | [0mResolving deltas:  15% (70/449)[35m[LuaSnip] [0m[36m        clone[0m[90m | [0mResolving deltas:  16% (72/449)[35m[LuaSnip] [0m[36m        clone[0m[90m | [0mResolving deltas:  17% (77/449)[35m[LuaSnip] [0m[36m        clone[0m[90m | [0mResolving deltas:  18% (81/449)[35m[LuaSnip] [0m[36m        clone[0m[90m | [0mResolving deltas:  19% (86/449)[35m[LuaSnip] [0m[36m        clone[0m[90m | [0mResolving deltas:  20% (90/449)[35m[LuaSnip] [0m[36m        clone[0m[90m | [0mResolving deltas:  21% (95/449)[35m[LuaSnip] [0m[36m        clone[0m[90m | [0mResolving deltas:  22% (99/449)[35m[LuaSnip] [0m[36m        clone[0m[90m | [0mResolving deltas:  23% (105/449)[35m[LuaSnip] [0m[36m        clone[0m[90m | [0mResolving deltas:  24% (108/449)[35m[LuaSnip] [0m[36m        clone[0m[90m | [0mResolving deltas:  25% (115/449)[35m[LuaSnip] [0m[36m        clone[0m[90m | [0mResolving deltas:  26% (117/449)[35m[LuaSnip] [0m[36m        clone[0m[90m | [0mResolving deltas:  27% (122/449)[35m[LuaSnip] [0m[36m        clone[0m[90m | [0mResolving deltas:  28% (126/449)[35m[LuaSnip] [0m[36m        clone[0m[90m | [0mResolving deltas:  29% (132/449)[35m[LuaSnip] [0m[36m        clone[0m[90m | [0mResolving deltas:  30% (136/449)[35m[LuaSnip] [0m[36m        clone[0m[90m | [0mResolving deltas:  31% (140/449)[35m[LuaSnip] [0m[36m        clone[0m[90m | [0mResolving deltas:  32% (144/449)[35m[LuaSnip] [0m[36m        clone[0m[90m | [0mResolving deltas:  33% (149/449)[35m[LuaSnip] [0m[36m        clone[0m[90m | [0mResolving deltas:  34% (153/449)[35m[LuaSnip] [0m[36m        clone[0m[90m | [0mResolving deltas:  35% (158/449)[35m[LuaSnip] [0m[36m        clone[0m[90m | [0mResolving deltas:  36% (163/449)[35m[LuaSnip] [0m[36m        clone[0m[90m | [0mResolving deltas:  37% (167/449)[35m[LuaSnip] [0m[36m        clone[0m[90m | [0mResolving deltas:  38% (171/449)[35m[LuaSnip] [0m[36m        clone[0m[90m | [0mResolving deltas:  39% (176/449)[35m[LuaSnip] [0m[36m        clone[0m[90m | [0mResolving deltas:  40% (180/449)[35m[LuaSnip] [0m[36m        clone[0m[90m | [0mResolving deltas:  41% (185/449)[35m[LuaSnip] [0m[36m        clone[0m[90m | [0mResolving deltas:  42% (189/449)[35m[LuaSnip] [0m[36m        clone[0m[90m | [0mResolving deltas:  43% (194/449)[35m[LuaSnip] [0m[36m        clone[0m[90m | [0mResolving deltas:  44% (198/449)[35m[LuaSnip] [0m[36m        clone[0m[90m | [0mResolving deltas:  45% (204/449)[35m[LuaSnip] [0m[36m        clone[0m[90m | [0mResolving deltas:  46% (207/449)[35m[LuaSnip] [0m[36m        clone[0m[90m | [0mResolving deltas:  47% (212/449)[35m[LuaSnip] [0m[36m        clone[0m[90m | [0mResolving deltas:  48% (216/449)[35m[LuaSnip] [0m[36m        clone[0m[90m | [0mResolving deltas:  49% (221/449)[35m[LuaSnip] [0m[36m        clone[0m[90m | [0mResolving deltas:  50% (226/449)[35m[LuaSnip] [0m[36m        clone[0m[90m | [0mResolving deltas:  51% (229/449)[35m[LuaSnip] [0m[36m        clone[0m[90m | [0mResolving deltas:  52% (237/449)[35m[LuaSnip] [0m[36m        clone[0m[90m | [0mResolving deltas:  53% (238/449)[35m[LuaSnip] [0m[36m        clone[0m[90m | [0mResolving deltas:  54% (244/449)[35m[LuaSnip] [0m[36m        clone[0m[90m | [0mResolving deltas:  55% (247/449)[35m[LuaSnip] [0m[36m        clone[0m[90m | [0mResolving deltas:  56% (252/449)[35m[LuaSnip] [0m[36m        clone[0m[90m | [0mResolving deltas:  57% (256/449)[35m[LuaSnip] [0m[36m        clone[0m[90m | [0mResolving deltas:  58% (261/449)[35m[LuaSnip] [0m[36m        clone[0m[90m | [0mResolving deltas:  59% (266/449)[35m[LuaSnip] [0m[36m        clone[0m[90m | [0mResolving deltas:  60% (271/449)[35m[LuaSnip] [0m[36m        clone[0m[90m | [0mResolving deltas:  61% (274/449)[35m[LuaSnip] [0m[36m        clone[0m[90m | [0mResolving deltas:  62% (279/449)[35m[LuaSnip] [0m[36m        clone[0m[90m | [0mResolving deltas:  63% (283/449)[35m[LuaSnip] [0m[36m        clone[0m[90m | [0mResolving deltas:  64% (289/449)[35m[LuaSnip] [0m[36m        clone[0m[90m | [0mResolving deltas:  65% (292/449)[35m[LuaSnip] [0m[36m        clone[0m[90m | [0mResolving deltas:  66% (297/449)[35m[LuaSnip] [0m[36m        clone[0m[90m | [0mResolving deltas:  67% (301/449)[35m[LuaSnip] [0m[36m        clone[0m[90m | [0mResolving deltas:  68% (306/449)[35m[LuaSnip] [0m[36m        clone[0m[90m | [0mResolving deltas:  69% (310/449)[35m[LuaSnip] [0m[36m        clone[0m[90m | [0mResolving deltas:  70% (315/449)[35m[LuaSnip] [0m[36m        clone[0m[90m | [0mResolving deltas:  71% (319/449)[35m[LuaSnip] [0m[36m        clone[0m[90m | [0mResolving deltas:  72% (324/449)[35m[LuaSnip] [0m[36m        clone[0m[90m | [0mResolving deltas:  73% (331/449)[35m[LuaSnip] [0m[36m        clone[0m[90m | [0mResolving deltas:  74% (334/449)[35m[LuaSnip] [0m[36m        clone[0m[90m | [0mResolving deltas:  75% (337/449)[35m[LuaSnip] [0m[36m        clone[0m[90m | [0mResolving deltas:  76% (343/[35m[nvim-cmp] [0m[36m    checkout[0m[90m | [0mUpdating files:  33% (2/6)[35m[nvim-cmp] [0m[36m    checkout[0m[90m | [0mUpdating files:  50% (3/6)[35m[nvim-cmp] [0m[36m    checkout[0m[90m | [0mUpdating files:  66% (4/6)[35m[nvim-cmp] [0m[36m    checkout[0m[90m | [0mUpdating files:  83% (5/6)[35m[nvim-cmp] [0m[36m    checkout[0m[90m | [0mUpdating files: 100% (6/6)[35m[nvim-cmp] [0m[36m    checkout[0m[90m | [0mUpdating files: 100% (6/6), done.
[35m[nvim-cmp] [0m[36m    checkout[0m[90m | [0mNote: switching to 'da88697d7f45d16852c6b2769dc52387d1ddc45f'.
[35m[nvim-cmp] [0m[36m    checkout[0m[90m | [0m
You are in 'detached HEAD' state. You can look around, make experimental
[35m[nvim-cmp] [0m[36m    checkout[0m[90m | [0mchanges and commit them, and you can discard any commits you make in this
[35m[nvim-cmp] [0m[36m    checkout[0m[90m | [0mstate without impacting any branches by switching back to a branch.
[35m[nvim-cmp] [0m[36m    checkout[0m[90m | [0m
If you want to create a new branch to retain commits you create, you may
[35m[nvim-cmp] [0m[36m    checkout[0m[90m | [0mdo so (now or later) by using -c with the switch command. Example:
[35m[nvim-cmp] [0m[36m    checkout[0m[90m | [0m
  git switch -c <new-branch-name>
[35m[nvim-cmp] [0m[36m    checkout[0m[90m | [0m
Or undo this operation with:
[35m[nvim-cmp] [0m[36m    checkout[0m[90m | [0m
  git switch -
[35m[nvim-cmp] [0m[36m    checkout[0m[90m | [0m
Turn off this advice by setting config variable advice.detachedHead to false
[35m[nvim-cmp] [0m[36m    checkout[0m[90m | [0m
HEAD is now at da88697 locality: fix perf issue with long lines (#2187)
[35m[nvim-cmp] [0m[36m    checkout[0m[90m | [0m[34mFinished task checkout in 1358ms[0m
[35m[nvim-cmp] [0m[36m        docs[0m[90m | [0m[34mRunning task docs[0m
[35m[nvim-cmp] [0m[36m        docs[0m[90m | [0m
[35m[nvim-cmp] [0m[36m        docs[0m[90m | [0m[34mFinished task docs in 22ms[0m
[35m[LuaSnip] [0m[36m        clone[0m[90m | [0m449)[35m[LuaSnip] [0m[36m        clone[0m[90m | [0mResolving deltas:  77% (346/449)[35m[LuaSnip] [0m[36m        clone[0m[90m | [0mResolving deltas:  78% (351/449)[35m[LuaSnip] [0m[36m        clone[0m[90m | [0mResolving deltas:  79% (355/449)[35m[LuaSnip] [0m[36m        clone[0m[90m | [0mResolving deltas:  80% (361/449)[35m[LuaSnip] [0m[36m        clone[0m[90m | [0mResolving deltas:  81% (366/449)[35m[LuaSnip] [0m[36m        clone[0m[90m | [0mResolving deltas:  82% (369/449)[35m[LuaSnip] [0m[36m        clone[0m[90m | [0mResolving deltas:  83% (373/449)[35m[LuaSnip] [0m[36m        clone[0m[90m | [0mResolving deltas:  84% (378/449)[35m[LuaSnip] [0m[36m        clone[0m[90m | [0mResolving deltas:  85% (382/449)[35m[LuaSnip] [0m[36m        clone[0m[90m | [0mResolving deltas:  86% (387/449)[35m[LuaSnip] [0m[36m        clone[0m[90m | [0mResolving deltas:  87% (391/449)[35m[LuaSnip] [0m[36m        clone[0m[90m | [0mResolving deltas:  88% (396/449)[35m[LuaSnip] [0m[36m        clone[0m[90m | [0mResolving deltas:  89% (401/449)[35m[LuaSnip] [0m[36m        clone[0m[90m | [0mResolving deltas:  90% (406/449)[35m[LuaSnip] [0m[36m        clone[0m[90m | [0mResolving deltas:  91% (409/449)[35m[LuaSnip] [0m[36m        clone[0m[90m | [0mResolving deltas:  92% (414/449)[35m[LuaSnip] [0m[36m        clone[0m[90m | [0mResolving deltas:  93% (418/449)[35m[LuaSnip] [0m[36m        clone[0m[90m | [0mResolving deltas:  94% (424/449)[35m[LuaSnip] [0m[36m        clone[0m[90m | [0mResolving deltas:  95% (427/449)[35m[LuaSnip] [0m[36m        clone[0m[90m | [0mResolving deltas:  96% (432/449)[35m[LuaSnip] [0m[36m        clone[0m[90m | [0mResolving deltas:  97% (436/449)[35m[LuaSnip] [0m[36m        clone[0m[90m | [0mResolving deltas:  98% (441/449)[35m[LuaSnip] [0m[36m        clone[0m[90m | [0mResolving deltas:  99% (447/449)[35m[LuaSnip] [0m[36m        clone[0m[90m | [0mResolving deltas: 100% (449/449)[35m[LuaSnip] [0m[36m        clone[0m[90m | [0mResolving deltas: 100% (449/449), done.
[35m[vim-tmux-navigator] [0m[36mclone[0m[90m | [0mUpdating files:  25% (2/8)[35m[vim-tmux-navigator] [0m[36mclone[0m[90m | [0mUpdating files:  37% (3/8)[35m[vim-tmux-navigator] [0m[36mclone[0m[90m | [0mUpdating files:  50% (4/8)[35m[vim-tmux-navigator] [0m[36mclone[0m[90m | [0mUpdating files:  62% (5/8)[35m[vim-tmux-navigator] [0m[36mclone[0m[90m | [0mUpdating files:  75% (6/8)[35m[vim-tmux-navigator] [0m[36mclone[0m[90m | [0mUpdating files:  87% (7/8)[35m[vim-tmux-navigator] [0m[36mclone[0m[90m | [0mUpdating files: 100% (8/8)[35m[vim-tmux-navigator] [0m[36mclone[0m[90m | [0mUpdating files: 100% (8/8), done.
[35m[vim-gutentags] [0m[36m  clone[0m[90m | [0mUpdating files:   8% (2/23)[35m[vim-gutentags] [0m[36m  clone[0m[90m | [0mUpdating files:  13% (3/23)[35m[vim-gutentags] [0m[36m  clone[0m[90m | [0mUpdating files:  17% (4/23)[35m[vim-gutentags] [0m[36m  clone[0m[90m | [0mUpdating files:  21% (5/23)[35m[vim-gutentags] [0m[36m  clone[0m[90m | [0mUpdating files:  26% (6/23)[35m[vim-gutentags] [0m[36m  clone[0m[90m | [0mUpdating files:  30% (7/23)[35m[vim-gutentags] [0m[36m  clone[0m[90m | [0mUpdating files:  34% (8/23)[35m[vim-gutentags] [0m[36m  clone[0m[90m | [0mUpdating files:  39% (9/23)[35m[vim-gutentags] [0m[36m  clone[0m[90m | [0mUpdating files:  43% (10/23)[35m[vim-gutentags] [0m[36m  clone[0m[90m | [0mUpdating files:  47% (11/23)[35m[vim-gutentags] [0m[36m  clone[0m[90m | [0mUpdating files:  52% (12/23)[35m[vim-gutentags] [0m[36m  clone[0m[90m | [0mUpdating files:  56% (13/23)[35m[vim-gutentags] [0m[36m  clone[0m[90m | [0mUpdating files:  60% (14/23)[35m[vim-gutentags] [0m[36m  clone[0m[90m | [0mUpdating files:  65% (15/23)[35m[vim-gutentags] [0m[36m  clone[0m[90m | [0mUpdating files:  69% (16/23)[35m[vim-gutentags] [0m[36m  clone[0m[90m | [0mUpdating files:  73% (17/23)[35m[vim-gutentags] [0m[36m  clone[0m[90m | [0mUpdating files:  78% (18/23)[35m[vim-gutentags] [0m[36m  clone[0m[90m | [0mUpdating files:  82% (19/23)[35m[vim-gutentags] [0m[36m  clone[0m[90m | [0mUpdating files:  86% (20/23)[35m[vim-gutentags] [0m[36m  clone[0m[90m | [0mUpdating files:  91% (21/23)[35m[vim-gutentags] [0m[36m  clone[0m[90m | [0mUpdating files:  95% (22/23)[35m[vim-gutentags] [0m[36m  clone[0m[90m | [0mUpdating files: 100% (23/23)[35m[vim-gutentags] [0m[36m  clone[0m[90m | [0mUpdating files: 100% (23/23), done.
[35m[LuaSnip] [0m[36m        clone[0m[90m | [0mCloning into 'C:/Users/tOpGuNN/AppData/Local/nvim-data/lazy/LuaSnip/deps/jsregexp005'...
[35m[LuaSnip] [0m[36m        clone[0m[90m | [0mremote: Enumerating objects: 786, done.        
[35m[LuaSnip] [0m[36m        clone[0m[90m | [0mremote: Counting objects:   0% (1/238)        [35m[LuaSnip] [0m[36m        clone[0m[90m | [0mremote: Counting objects:   1% (3/238)        [35m[LuaSnip] [0m[36m        clone[0m[90m | [0mremote: Counting objects:   2% (5/238)        [35m[LuaSnip] [0m[36m        clone[0m[90m | [0mremote: Counting objects:   3% (8/238)        [35m[LuaSnip] [0m[36m        clone[0m[90m | [0mremote: Counting objects:   4% (10/238)        [35m[LuaSnip] [0m[36m        clone[0m[90m | [0mremote: Counting objects:   5% (12/238)        [35m[LuaSnip] [0m[36m        clone[0m[90m | [0mremote: Counting objects:   6% (15/238)        [35m[LuaSnip] [0m[36m        clone[0m[90m | [0mremote: Counting objects:   7% (17/238)        [35m[LuaSnip] [0m[36m        clone[0m[90m | [0mremote: Counting objects:   8% (20/238)        [35m[LuaSnip] [0m[36m        clone[0m[90m | [0mremote: Counting objects:   9% (22/238)        [35m[LuaSnip] [0m[36m        clone[0m[90m | [0mremote: Counting objects:  10% (24/238)        [35m[LuaSnip] [0m[36m        clone[0m[90m | [0mremote: Counting objects:  11% (27/238)        [35m[LuaSnip] [0m[36m        clone[0m[90m | [0mremote: Counting objects:  12% (29/238)        [35m[LuaSnip] [0m[36m        clone[0m[90m | [0mremote: Counting objects:  13% (31/238)        [35m[LuaSnip] [0m[36m        clone[0m[90m | [0mremote: Counting objects:  14% (34/238)        [35m[LuaSnip] [0m[36m        clone[0m[90m | [0mremote: Counting objects:  15% (36/238)        [35m[LuaSnip] [0m[36m        clone[0m[90m | [0mremote: Counting objects:  16% (39/238)        [35m[LuaSnip] [0m[36m        clone[0m[90m | [0mremote: Counting objects:  17% (41/238)        [35m[LuaSnip] [0m[36m        clone[0m[90m | [0mremote: Counting objects:  18% (43/238)        [35m[LuaSnip] [0m[36m        clone[0m[90m | [0mremote: Counting objects:  19% (46/238)        [35m[LuaSnip] [0m[36m        clone[0m[90m | [0mremote: Counting objects:  20% (48/238)        [35m[LuaSnip] [0m[36m        clone[0m[90m | [0mremote: Counting objects:  21% (50/238)        [35m[LuaSnip] [0m[36m        clone[0m[90m | [0mremote: Counting objects:  22% (53/238)        [35m[LuaSnip] [0m[36m        clone[0m[90m | [0mremote: Counting objects:  23% (55/238)        [35m[LuaSnip] [0m[36m        clone[0m[90m | [0mremote: Counting objects:  24% (58/238)        [35m[LuaSnip] [0m[36m        clone[0m[90m | [0mremote: Counting objects:  25% (60/238)        [35m[LuaSnip] [0m[36m        clone[0m[90m | [0mremote: Counting objects:  26% (62/238)        [35m[LuaSnip] [0m[36m        clone[0m[90m | [0mremote: Counting objects:  27% (65/238)        [35m[LuaSnip] [0m[36m        clone[0m[90m | [0mremote: Counting objects:  28% (67/238)        [35m[LuaSnip] [0m[36m        clone[0m[90m | [0mremote: Counting objects:  29% (70/238)        [35m[LuaSnip] [0m[36m        clone[0m[90m | [0mremote: Counting objects:  30% (72/238)        [35m[LuaSnip] [0m[36m        clone[0m[90m | [0mremote: Counting objects:  31% (74/238)        [35m[LuaSnip] [0m[36m        clone[0m[90m | [0mremote: Counting objects:  32% (77/238)        [35m[LuaSnip] [0m[36m        clone[0m[90m | [0mremote: Counting objects:  33% (79/238)        [35m[LuaSnip] [0m[36m        clone[0m[90m | [0mremote: Counting objects:  34% (81/238)        [35m[LuaSnip] [0m[36m        clone[0m[90m | [0mremote: Counting objects:  35% (84/238)        [35m[LuaSnip] [0m[36m        clone[0m[90m | [0mremote: Counting objects:  36% (86/238)        [35m[LuaSnip] [0m[36m        clone[0m[90m | [0mremote: Counting objects:  37% (89/238)        [35m[LuaSnip] [0m[36m        clone[0m[90m | [0mremote: Counting objects:  38% (91/238)        [35m[LuaSnip] [0m[36m        clone[0m[90m | [0mremote: Counting objects:  39% (93/238)        [35m[LuaSnip] [0m[36m        clone[0m[90m | [0mremote: Counting objects:  40% (96/238)        [35m[LuaSnip] [0m[36m        clone[0m[90m | [0mremote: Counting objects:  41% (98/238)        [35m[LuaSnip] [0m[36m        clone[0m[90m | [0mremote: Counting objects:  42% (100/238)        [35m[LuaSnip] [0m[36m        clone[0m[90m | [0mremote: Counting objects:  43% (103/238)        [35m[LuaSnip] [0m[36m        clone[0m[90m | [0mremote: Counting objects:  44% (105/238)        [35m[LuaSnip] [0m[36m        clone[0m[90m | [0mremote: Counting objects:  45% (108/238)        [35m[LuaSnip] [0m[36m        clone[0m[90m | [0mremote: Counting objects:  46% (110/238)        [35m[LuaSnip] [0m[36m        clone[0m[90m | [0mremote: Counting objects:  47% (112/238)        [35m[LuaSnip] [0m[36m        clone[0m[90m | [0mremote: Counting objects:  48% (115/238)        [35m[LuaSnip] [0m[36m        clone[0m[90m | [0mremote: Counting objects:  49% (117/238)        [35m[LuaSnip] [0m[36m        clone[0m[90m | [0mremote: Counting objects:  50% (119/238)        [35m[LuaSnip] [0m[36m        clone[0m[90m | [0mremote: Counting objects:  51% (122/238)        [35m[LuaSnip] [0m[36m        clone[0m[90m | [0mremote: Counting objects:  52% (124/238)        [35m[LuaSnip] [0m[36m        clone[0m[90m | [0mremote: Counting objects:  53% (127/238)        [35m[LuaSnip] [0m[36m        clone[0m[90m | [0mremote: Counting objects:  54% (129/238)        [35m[LuaSnip] [0m[36m        clone[0m[90m | [0mremote: Counting objects:  55% (131/238)        [35m[LuaSnip] [0m[36m        clone[0m[90m | [0mremote: Counting objects:  56% (134/238)        [35m[LuaSnip] [0m[36m        clone[0m[90m | [0mremote: Counting objects:  57% (136/238)        [35m[LuaSnip] [0m[36m        clone[0m[90m | [0mremote: Counting objects:  58% (139/238)        [35m[LuaSnip] [0m[36m        clone[0m[90m | [0mremote: Counting objects:  59% (141/238)        [35m[LuaSnip] [0m[36m        clone[0m[90m | [0mremote: Counting objects:  60% (143/238)        [35m[LuaSnip] [0m[36m        clone[0m[90m | [0mremote: Counting objects:  61% (146/238)        [35m[LuaSnip] [0m[36m        clone[0m[90m | [0mremote: Counting objects:  62% (148/238)        [35m[LuaSnip] [0m[36m        clone[0m[90m | [0mremote: Counting objects:  63% (150/238)        [35m[LuaSnip] [0m[36m        clone[0m[90m | [0mremote: Counting objects:  64% (153/238)        [35m[LuaSnip] [0m[36m        clone[0m[90m | [0mremote: Counting objects:  65% (155/238)        [35m[LuaSnip] [0m[36m        clone[0m[90m | [0mremote: Counting objects:  66% (158/238)        [35m[LuaSnip] [0m[36m        clone[0m[90m | [0mremote: Counting objects:  67% (160/238)        [35m[LuaSnip] [0m[36m        clone[0m[90m | [0mremote: Counting objects:  68% (162/238)        [35m[LuaSnip] [0m[36m        clone[0m[90m | [0mremote: Counting objects:  69% (165/238)        [35m[LuaSnip] [0m[36m        clone[0m[90m | [0mremote: Counting objects:  70% (167/238)        [35m[LuaSnip] [0m[36m        clone[0m[90m | [0mremote: Counting objects:  71% (169/238)        [35m[LuaSnip] [0m[36m        clone[0m[90m | [0mremote: Counting objects:  72% (172/238)        [35m[LuaSnip] [0m[36m        clone[0m[90m | [0mremote: Counting objects:  73% (174/238)        [35m[LuaSnip] [0m[36m        clone[0m[90m | [0mremote: Counting objects:  74% (177/238)        [35m[LuaSnip] [0m[36m        clone[0m[90m | [0mremote: Counting objects:  75% (179/238)        [35m[LuaSnip] [0m[36m        clone[0m[90m | [0mremote: Counting objects:  76% (181/238)        [35m[LuaSnip] [0m[36m        clone[0m[90m | [0mremote: Counting objects:  77% (184/238)        [35m[LuaSnip] [0m[36m        clone[0m[90m | [0mremote: Counting objects:  78% (186/238)        [35m[LuaSnip] [0m[36m        clone[0m[90m | [0mremote: Counting objects:  79% (189/238)        [35m[LuaSnip] [0m[36m        clone[0m[90m | [0mremote: Counting objects:  80% (191/238)        [35m[LuaSnip] [0m[36m        clone[0m[90m | [0mremote: Counting objects:  81% (193/238)        [35m[LuaSnip] [0m[36m        clone[0m[90m | [0mremote: Counting objects:  82% (196/238)        [35m[LuaSnip] [0m[36m        clone[0m[90m | [0mremote: Counting objects:  83% (198/238)        [35m[LuaSnip] [0m[36m        clone[0m[90m | [0mremote: Counting objects:  84% (200/238)        [35m[LuaSnip] [0m[36m        clone[0m[90m | [0mremote: Counting objects:  85% (203/238)        [35m[LuaSnip] [0m[36m        clone[0m[90m | [0mremote: Counting objects:  86% (205/238)        [35m[LuaSnip] [0m[36m        clone[0m[90m | [0mremote: Counting objects:  87% (208/238)        [35m[LuaSnip] [0m[36m        clone[0m[90m | [0mremote: Counting objects:  88% (210/238)        [35m[LuaSnip] [0m[36m        clone[0m[90m | [0mremote: Counting objects:  89% (212/238)        [35m[LuaSnip] [0m[36m        clone[0m[90m | [0mremote: Counting objects:  90% (215/238)        [35m[LuaSnip] [0m[36m        clone[0m[90m | [0mremote: Counting objects:  91% (217/238)        [35m[LuaSnip] [0m[36m        clone[0m[90m | [0mremote: Counting objects:  92% (219/238)        [35m[LuaSnip] [0m[36m        clone[0m[90m | [0mremote: Counting objects:  93% (222/238)        [35m[LuaSnip] [0m[36m        clone[0m[90m | [0mremote: Counting objects:  94% (224/238)        [35m[LuaSnip] [0m[36m        clone[0m[90m | [0mremote: Counting objects:  95% (227/238)        [35m[LuaSnip] [0m[36m        clone[0m[90m | [0mremote: Counting objects:  96% (229/238)        [35m[LuaSnip] [0m[36m        clone[0m[90m | [0mremote: Counting objects:  97% (231/238)        [35m[LuaSnip] [0m[36m        clone[0m[90m | [0mremote: Counting objects:  98% (234/238)        [35m[LuaSnip] [0m[36m        clone[0m[90m | [0mremote: Counting objects:  99% (236/238)        [35m[LuaSnip] [0m[36m        clone[0m[90m | [0mremote: Counting objects: 100% (238/238)        [35m[LuaSnip] [0m[36m        clone[0m[90m | [0mremote: Counting objects: 100% (238/238), done.        
[35m[LuaSnip] [0m[36m        clone[0m[90m | [0mremote: Compressing objects:   0% (1/106)        [35m[LuaSnip] [0m[36m        clone[0m[90m | [0mremote: Compressing objects:   1% (2/106)        [35m[LuaSnip] [0m[36m        clone[0m[90m | [0mremote: Compressing objects:   2% (3/106)        [35m[LuaSnip] [0m[36m        clone[0m[90m | [0mremote: Compressing objects:   3% (4/106)        [35m[LuaSnip] [0m[36m        clone[0m[90m | [0mremote: Compressing objects:   4% (5/106)        [35m[LuaSnip] [0m[36m        clone[0m[90m | [0mremote: Compressing objects:   5% (6/106)        [35m[LuaSnip] [0m[36m        clone[0m[90m | [0mremote: Compressing objects:   6% (7/106)        [35m[LuaSnip] [0m[36m        clone[0m[90m | [0mremote: Compressing objects:   7% (8/106)        [35m[LuaSnip] [0m[36m        clone[0m[90m | [0mremote: Compressing objects:   8% (9/106)        [35m[LuaSnip] [0m[36m        clone[0m[90m | [0mremote: Compressing objects:   9% (10/106)        [35m[LuaSnip] [0m[36m        clone[0m[90m | [0mremote: Compressing objects:  10% (11/106)        [35m[LuaSnip] [0m[36m        clone[0m[90m | [0mremote: Compressing objects:  11% (12/106)        [35m[LuaSnip] [0m[36m        clone[0m[90m | [0mremote: Compressing objects:  12% (13/106)        [35m[LuaSnip] [0m[36m        clone[0m[90m | [0mremote: Compressing objects:  13% (14/106)        [35m[LuaSnip] [0m[36m        clone[0m[90m | [0mremote: Compressing objects:  14% (15/106)        [35m[LuaSnip] [0m[36m        clone[0m[90m | [0mremote: Compressing objects:  15% (16/106)        [35m[LuaSnip] [0m[36m        clone[0m[90m | [0mremote: Compressing objects:  16% (17/106)        [35m[LuaSnip] [0m[36m        clone[0m[90m | [0mremote: Compressing objects:  17% (19/106)        [35m[LuaSnip] [0m[36m        clone[0m[90m | [0mremote: Compressing objects:  18% (20/106)        [35m[LuaSnip] [0m[36m        clone[0m[90m | [0mremote: Compressing objects:  19% (21/106)        [35m[LuaSnip] [0m[36m        clone[0m[90m | [0mremote: Compressing objects:  20% (22/106)        [35m[LuaSnip] [0m[36m        clone[0m[90m | [0mremote: Compressing objects:  21% (23/106)        [35m[LuaSnip] [0m[36m        clone[0m[90m | [0mremote: Compressing objects:  22% (24/106)        [35m[LuaSnip] [0m[36m        clone[0m[90m | [0mremote: Compressing objects:  23% (25/106)        [35m[LuaSnip] [0m[36m        clone[0m[90m | [0mremote: Compressing objects:  24% (26/106)        [35m[LuaSnip] [0m[36m        clone[0m[90m | [0mremote: Compressing objects:  25% (27/106)        [35m[LuaSnip] [0m[36m        clone[0m[90m | [0mremote: Compressing objects:  26% (28/106)        [35m[LuaSnip] [0m[36m        clone[0m[90m | [0mremote: Compressing objects:  27% (29/106)        [35m[LuaSnip] [0m[36m        clone[0m[90m | [0mremote: Compressing objects:  28% (30/106)        [35m[LuaSnip] [0m[36m        clone[0m[90m | [0mremote: Compressing objects:  29% (31/106)        [35m[LuaSnip] [0m[36m        clone[0m[90m | [0mremote: Compressing objects:  30% (32/106)        [35m[LuaSnip] [0m[36m        clone[0m[90m | [0mremote: Compressing objects:  31% (33/106)        [35m[LuaSnip] [0m[36m        clone[0m[90m | [0mremote: Compressing objects:  32% (34/106)        [35m[LuaSnip] [0m[36m        clone[0m[90m | [0mremote: Compressing objects:  33% (35/106)        [35m[LuaSnip] [0m[36m        clone[0m[90m | [0mremote: Compressing objects:  34% (37/106)        [35m[LuaSnip] [0m[36m        clone[0m[90m | [0mremote: Compressing objects:  35% (38/106)        [35m[LuaSnip] [0m[36m        clone[0m[90m | [0mremote: Compressing objects:  36% (39/106)        [35m[LuaSnip] [0m[36m        clone[0m[90m | [0mremote: Compressing objects:  37% (40/106)        [35m[LuaSnip] [0m[36m        clone[0m[90m | [0mremote: Compressing objects:  38% (41/106)        [35m[LuaSnip] [0m[36m        clone[0m[90m | [0mremote: Compressing objects:  39% (42/106)        [35m[LuaSnip] [0m[36m        clone[0m[90m | [0mremote: Compressing objects:  40% (43/106)        [35m[LuaSnip] [0m[36m        clone[0m[90m | [0mremote: Compressing objects:  41% (44/106)        [35m[LuaSnip] [0m[36m        clone[0m[90m | [0mremote: Compressing objects:  42% (45/106)        [35m[LuaSnip] [0m[36m        clone[0m[90m | [0mremote: Compressing objects:  43% (46/106)        [35m[LuaSnip] [0m[36m        clone[0m[90m | [0mremote: Compressing objects:  44% (47/106)        [35m[LuaSnip] [0m[36m        clone[0m[90m | [0mremote: Compressing objects:  45% (48/106)        [35m[LuaSnip] [0m[36m        clone[0m[90m | [0mremote: Compressing objects:  46% (49/106)        [35m[LuaSnip] [0m[36m        clone[0m[90m | [0mremote: Compressing objects:  47% (50/106)        [35m[LuaSnip] [0m[36m        clone[0m[90m | [0mremote: Compressing objects:  48% (51/106)        [35m[LuaSnip] [0m[36m        clone[0m[90m | [0mremote: Compressing objects:  49% (52/106)        [35m[LuaSnip] [0m[36m        clone[0m[90m | [0mremote: Compressing objects:  50% (53/106)        [35m[LuaSnip] [0m[36m        clone[0m[90m | [0mremote: Compressing objects:  51% (55/106)        [35m[LuaSnip] [0m[36m        clone[0m[90m | [0mremote: Compressing objects:  52% (56/106)        [35m[LuaSnip] [0m[36m        clone[0m[90m | [0mremote: Compressing objects:  53% (57/106)        [35m[LuaSnip] [0m[36m        clone[0m[90m | [0mremote: Compressing objects:  54% (58/106)        [35m[LuaSnip] [0m[36m        clone[0m[90m | [0mremote: Compressing objects:  55% (59/106)        [35m[LuaSnip] [0m[36m        clone[0m[90m | [0mremote: Compressing objects:  56% (60/106)        [35m[LuaSnip] [0m[36m        clone[0m[90m | [0mremote: Compressing objects:  57% (61/106)        [35m[LuaSnip] [0m[36m        clone[0m[90m | [0mremote: Compressing objects:  58% (62/106)        [35m[LuaSnip] [0m[36m        clone[0m[90m | [0mremote: Compressing objects:  59% (63/106)        [35m[LuaSnip] [0m[36m        clone[0m[90m | [0mremote: Compressing objects:  60% (64/106)   [35m[project.nvim] [0m[36m   clone[0m[90m | [0m[34mFinished task clone in 4953ms[0m
[35m[project.nvim] [0m[36mcheckout[0m[90m | [0m[34mRunning task checkout[0m
[35m[project.nvim] [0m[36mcheckout[0m[90m | [0m[34mFinished task checkout in 4ms[0m
[35m[project.nvim] [0m[36m    docs[0m[90m | [0m[34mRunning task docs[0m
[35m[project.nvim] [0m[36m    docs[0m[90m | [0m[34mFinished task docs in 0ms[0m
[35m[LuaSnip] [0m[36m        clone[0m[90m | [0m     [35m[LuaSnip] [0m[36m        clone[0m[90m | [0mremote: Compressing objects:  61% (65/106)        [35m[LuaSnip] [0m[36m        clone[0m[90m | [0mremote: Compressing objects:  62% (66/106)        [35m[LuaSnip] [0m[36m        clone[0m[90m | [0mremote: Compressing objects:  63% (67/106)        [35m[LuaSnip] [0m[36m        clone[0m[90m | [0mremote: Compressing objects:  64% (68/106)        [35m[LuaSnip] [0m[36m        clone[0m[90m | [0mremote: Compressing objects:  65% (69/106)        [35m[LuaSnip] [0m[36m        clone[0m[90m | [0mremote: Compressing objects:  66% (70/106)        [35m[LuaSnip] [0m[36m        clone[0m[90m | [0mremote: Compressing objects:  67% (72/106)        [35m[LuaSnip] [0m[36m        clone[0m[90m | [0mremote: Compressing objects:  68% (73/106)        [35m[LuaSnip] [0m[36m        clone[0m[90m | [0mremote: Compressing objects:  69% (74/106)        [35m[LuaSnip] [0m[36m        clone[0m[90m | [0mremote: Compressing objects:  70% (75/106)        [35m[LuaSnip] [0m[36m        clone[0m[90m | [0mremote: Compressing objects:  71% (76/106)        [35m[LuaSnip] [0m[36m        clone[0m[90m | [0mremote: Compressing objects:  72% (77/106)        [35m[LuaSnip] [0m[36m        clone[0m[90m | [0mremote: Compressing objects:  73% (78/106)        [35m[LuaSnip] [0m[36m        clone[0m[90m | [0mremote: Compressing objects:  74% (79/106)        [35m[LuaSnip] [0m[36m        clone[0m[90m | [0mremote: Compressing objects:  75% (80/106)        [35m[LuaSnip] [0m[36m        clone[0m[90m | [0mremote: Compressing objects:  76% (81/106)        [35m[LuaSnip] [0m[36m        clone[0m[90m | [0mremote: Compressing objects:  77% (82/106)        [35m[LuaSnip] [0m[36m        clone[0m[90m | [0mremote: Compressing objects:  78% (83/106)        [35m[LuaSnip] [0m[36m        clone[0m[90m | [0mremote: Compressing objects:  79% (84/106)        [35m[LuaSnip] [0m[36m        clone[0m[90m | [0mremote: Compressing objects:  80% (85/106)        [35m[LuaSnip] [0m[36m        clone[0m[90m | [0mremote: Compressing objects:  81% (86/106)        [35m[LuaSnip] [0m[36m        clone[0m[90m | [0mremote: Compressing objects:  82% (87/106)        [35m[LuaSnip] [0m[36m        clone[0m[90m | [0mremote: Compressing objects:  83% (88/106)        [35m[LuaSnip] [0m[36m        clone[0m[90m | [0mremote: Compressing objects:  84% (90/106)        [35m[LuaSnip] [0m[36m        clone[0m[90m | [0mremote: Compressing objects:  85% (91/106)        [35m[LuaSnip] [0m[36m        clone[0m[90m | [0mremote: Compressing objects:  86% (92/106)        [35m[LuaSnip] [0m[36m        clone[0m[90m | [0mremote: Compressing objects:  87% (93/106)        [35m[LuaSnip] [0m[36m        clone[0m[90m | [0mremote: Compressing objects:  88% (94/106)        [35m[LuaSnip] [0m[36m        clone[0m[90m | [0mremote: Compressing objects:  89% (95/106)        [35m[LuaSnip] [0m[36m        clone[0m[90m | [0mremote: Compressing objects:  90% (96/106)        [35m[LuaSnip] [0m[36m        clone[0m[90m | [0mremote: Compressing objects:  91% (97/106)        [35m[LuaSnip] [0m[36m        clone[0m[90m | [0mremote: Compressing objects:  92% (98/106)        [35m[LuaSnip] [0m[36m        clone[0m[90m | [0mremote: Compressing objects:  93% (99/106)        [35m[LuaSnip] [0m[36m        clone[0m[90m | [0mremote: Compressing objects:  94% (100/106)        [35m[LuaSnip] [0m[36m        clone[0m[90m | [0mremote: Compressing objects:  95% (101/106)        [35m[LuaSnip] [0m[36m        clone[0m[90m | [0mremote: Compressing objects:  96% (102/106)        [35m[LuaSnip] [0m[36m        clone[0m[90m | [0mremote: Compressing objects:  97% (103/106)        [35m[LuaSnip] [0m[36m        clone[0m[90m | [0mremote: Compressing objects:  98% (104/106)        [35m[LuaSnip] [0m[36m        clone[0m[90m | [0mremote: Compressing objects:  99% (105/106)        [35m[LuaSnip] [0m[36m        clone[0m[90m | [0mremote: Compressing objects: 100% (106/106)        [35m[LuaSnip] [0m[36m        clone[0m[90m | [0mremote: Compressing objects: 100% (106/106), done.        
[35m[LuaSnip] [0m[36m        clone[0m[90m | [0mReceiving objects:   0% (1/786)[35m[LuaSnip] [0m[36m        clone[0m[90m | [0mReceiving objects:   1% (8/786)[35m[LuaSnip] [0m[36m        clone[0m[90m | [0mReceiving objects:   2% (16/786)[35m[LuaSnip] [0m[36m        clone[0m[90m | [0mReceiving objects:   3% (24/786)[35m[LuaSnip] [0m[36m        clone[0m[90m | [0mReceiving objects:   4% (32/786)[35m[LuaSnip] [0m[36m        clone[0m[90m | [0mReceiving objects:   5% (40/786)[35m[LuaSnip] [0m[36m        clone[0m[90m | [0mReceiving objects:   6% (48/786)[35m[LuaSnip] [0m[36m        clone[0m[90m | [0mReceiving objects:   7% (56/786)[35m[LuaSnip] [0m[36m        clone[0m[90m | [0mReceiving objects:   8% (63/786)[35m[LuaSnip] [0m[36m        clone[0m[90m | [0mReceiving objects:   9% (71/786)[35m[LuaSnip] [0m[36m        clone[0m[90m | [0mReceiving objects:  10% (79/786)[35m[LuaSnip] [0m[36m        clone[0m[90m | [0mReceiving objects:  11% (87/786)[35m[LuaSnip] [0m[36m        clone[0m[90m | [0mReceiving objects:  12% (95/786)[35m[LuaSnip] [0m[36m        clone[0m[90m | [0mReceiving objects:  13% (103/786)[35m[LuaSnip] [0m[36m        clone[0m[90m | [0mReceiving objects:  14% (111/786)[35m[LuaSnip] [0m[36m        clone[0m[90m | [0mReceiving objects:  15% (118/786)[35m[LuaSnip] [0m[36m        clone[0m[90m | [0mReceiving objects:  16% (126/786)[35m[LuaSnip] [0m[36m        clone[0m[90m | [0mReceiving objects:  17% (134/786)[35m[LuaSnip] [0m[36m        clone[0m[90m | [0mReceiving objects:  18% (142/786)[35m[LuaSnip] [0m[36m        clone[0m[90m | [0mReceiving objects:  19% (150/786)[35m[LuaSnip] [0m[36m        clone[0m[90m | [0mReceiving objects:  20% (158/786)[35m[LuaSnip] [0m[36m        clone[0m[90m | [0mReceiving objects:  21% (166/786)[35m[LuaSnip] [0m[36m        clone[0m[90m | [0mReceiving objects:  22% (173/786)[35m[LuaSnip] [0m[36m        clone[0m[90m | [0mReceiving objects:  23% (181/786)[35m[LuaSnip] [0m[36m        clone[0m[90m | [0mReceiving objects:  24% (189/786)[35m[LuaSnip] [0m[36m        clone[0m[90m | [0mReceiving objects:  25% (197/786)[35m[LuaSnip] [0m[36m        clone[0m[90m | [0mReceiving objects:  26% (205/786)[35m[LuaSnip] [0m[36m        clone[0m[90m | [0mReceiving objects:  27% (213/786)[35m[LuaSnip] [0m[36m        clone[0m[90m | [0mReceiving objects:  28% (221/786)[35m[LuaSnip] [0m[36m        clone[0m[90m | [0mReceiving objects:  29% (228/786)[35m[LuaSnip] [0m[36m        clone[0m[90m | [0mReceiving objects:  30% (236/786)[35m[LuaSnip] [0m[36m        clone[0m[90m | [0mReceiving objects:  31% (244/786)[35m[LuaSnip] [0m[36m        clone[0m[90m | [0mReceiving objects:  32% (252/786)[35m[LuaSnip] [0m[36m        clone[0m[90m | [0mReceiving objects:  33% (260/786)[35m[LuaSnip] [0m[36m        clone[0m[90m | [0mReceiving objects:  34% (268/786)[35m[LuaSnip] [0m[36m        clone[0m[90m | [0mReceiving objects:  35% (276/786)[35m[LuaSnip] [0m[36m        clone[0m[90m | [0mReceiving objects:  36% (283/786)[35m[LuaSnip] [0m[36m        clone[0m[90m | [0mReceiving objects:  37% (291/786)[35m[LuaSnip] [0m[36m        clone[0m[90m | [0mReceiving objects:  38% (299/786)[35m[LuaSnip] [0m[36m        clone[0m[90m | [0mReceiving objects:  39% (307/786)[35m[LuaSnip] [0m[36m        clone[0m[90m | [0mReceiving objects:  40% (315/786)[35m[LuaSnip] [0m[36m        clone[0m[90m | [0mReceiving objects:  41% (323/786)[35m[LuaSnip] [0m[36m        clone[0m[90m | [0mReceiving objects:  42% (331/786)[35m[LuaSnip] [0m[36m        clone[0m[90m | [0mReceiving objects:  43% (338/786)[35m[LuaSnip] [0m[36m        clone[0m[90m | [0mReceiving objects:  44% (346/786)[35m[LuaSnip] [0m[36m        clone[0m[90m | [0mReceiving objects:  45% (354/786)[35m[LuaSnip] [0m[36m        clone[0m[90m | [0mReceiving objects:  46% (362/786)[35m[LuaSnip] [0m[36m        clone[0m[90m | [0mReceiving objects:  47% (370/786)[35m[LuaSnip] [0m[36m        clone[0m[90m | [0mReceiving objects:  48% (378/786)[35m[LuaSnip] [0m[36m        clone[0m[90m | [0mReceiving objects:  49% (386/786)[35m[LuaSnip] [0m[36m        clone[0m[90m | [0mReceiving objects:  50% (393/786)[35m[LuaSnip] [0m[36m        clone[0m[90m | [0mReceiving objects:  51% (401/786)[35m[LuaSnip] [0m[36m        clone[0m[90m | [0mReceiving objects:  52% (409/786)[35m[LuaSnip] [0m[36m        clone[0m[90m | [0mReceiving objects:  53% (417/786)[35m[LuaSnip] [0m[36m        clone[0m[90m | [0mReceiving objects:  54% (425/786)[35m[LuaSnip] [0m[36m        clone[0m[90m | [0mReceiving objects:  55% (433/786)[35m[LuaSnip] [0m[36m        clone[0m[90m | [0mReceiving objects:  56% (441/786)[35m[LuaSnip] [0m[36m        clone[0m[90m | [0mReceiving objects:  57% (449/786)[35m[LuaSnip] [0m[36m        clone[0m[90m | [0mReceiving objects:  58% (45[35m[sqlite.lua] [0m[36m     clone[0m[90m | [0m[34mFinished task clone in 4807ms[0m
[35m[LuaSnip] [0m[36m        clone[0m[90m | [0m6/786)[35m[LuaSnip] [0m[36m        clone[0m[90m | [0mReceiving objects:  59% (464/786)[35m[LuaSnip] [0m[36m        clone[0m[90m | [0mReceiving objects:  60% (472/786)[35m[LuaSnip] [0m[36m        clone[0m[90m | [0mReceiving objects:  61% (480/786)[35m[LuaSnip] [0m[36m        clone[0m[90m | [0mReceiving objects:  62% (488/786)[35m[LuaSnip] [0m[36m        clone[0m[90m | [0mReceiving objects:  63% (496/786)[35m[LuaSnip] [0m[36m        clone[0m[90m | [0mReceiving objects:  64% (504/786)[35m[LuaSnip] [0m[36m        clone[0m[90m | [0mReceiving objects:  65% (511/786)[35m[LuaSnip] [0m[36m        clone[0m[90m | [0mReceiving objects:  66% (519/786)[35m[LuaSnip] [0m[36m        clone[0m[90m | [0mReceiving objects:  67% (527/786)[35m[LuaSnip] [0m[36m        clone[0m[90m | [0mReceiving objects:  68% (535/786)[35m[LuaSnip] [0m[36m        clone[0m[90m | [0mReceiving objects:  69% (543/786)[35m[LuaSnip] [0m[36m        clone[0m[90m | [0mReceiving objects:  70% (551/786)[35m[LuaSnip] [0m[36m        clone[0m[90m | [0mReceiving objects:  71% (559/786)[35m[LuaSnip] [0m[36m        clone[0m[90m | [0mReceiving objects:  72% (566/786)[35m[LuaSnip] [0m[36m        clone[0m[90m | [0mReceiving objects:  73% (574/786)[35m[LuaSnip] [0m[36m        clone[0m[90m | [0mReceiving objects:  74% (582/786)[35m[LuaSnip] [0m[36m        clone[0m[90m | [0mReceiving objects:  75% (590/786)[35m[LuaSnip] [0m[36m        clone[0m[90m | [0mReceiving objects:  76% (598/786)[35m[LuaSnip] [0m[36m        clone[0m[90m | [0mReceiving objects:  77% (606/786)[35m[LuaSnip] [0m[36m        clone[0m[90m | [0mReceiving objects:  78% (614/786)[35m[LuaSnip] [0m[36m        clone[0m[90m | [0mReceiving objects:  79% (621/786)[35m[LuaSnip] [0m[36m        clone[0m[90m | [0mReceiving objects:  80% (629/786)[35m[LuaSnip] [0m[36m        clone[0m[90m | [0mReceiving objects:  81% (637/786)[35m[LuaSnip] [0m[36m        clone[0m[90m | [0mReceiving objects:  82% (645/786)[35m[LuaSnip] [0m[36m        clone[0m[90m | [0mReceiving objects:  83% (653/786)[35m[LuaSnip] [0m[36m        clone[0m[90m | [0mReceiving objects:  84% (661/786)[35m[LuaSnip] [0m[36m        clone[0m[90m | [0mReceiving objects:  85% (669/786)[35m[LuaSnip] [0m[36m        clone[0m[90m | [0mReceiving objects:  86% (676/786)[35m[LuaSnip] [0m[36m        clone[0m[90m | [0mReceiving objects:  87% (684/786)[35m[LuaSnip] [0m[36m        clone[0m[90m | [0mReceiving objects:  88% (692/786)[35m[LuaSnip] [0m[36m        clone[0m[90m | [0mReceiving objects:  89% (700/786)[35m[LuaSnip] [0m[36m        clone[0m[90m | [0mReceiving objects:  90% (708/786)[35m[LuaSnip] [0m[36m        clone[0m[90m | [0mReceiving objects:  91% (716/786)[35m[LuaSnip] [0m[36m        clone[0m[90m | [0mReceiving objects:  92% (724/786)[35m[LuaSnip] [0m[36m        clone[0m[90m | [0mReceiving objects:  93% (731/786)[35m[LuaSnip] [0m[36m        clone[0m[90m | [0mReceiving objects:  94% (739/786)[35m[LuaSnip] [0m[36m        clone[0m[90m | [0mReceiving objects:  95% (747/786)[35m[LuaSnip] [0m[36m        clone[0m[90m | [0mReceiving objects:  96% (755/786)[35m[LuaSnip] [0m[36m        clone[0m[90m | [0mReceiving objects:  97% (763/786)[35m[LuaSnip] [0m[36m        clone[0m[90m | [0mReceiving objects:  98% (771/786)[35m[LuaSnip] [0m[36m        clone[0m[90m | [0mremote: Total 786 (delta 143), reused 164 (delta 116), pack-reused 548 (from 2)        
[35m[LuaSnip] [0m[36m        clone[0m[90m | [0mReceiving objects:  99% (779/786)[35m[LuaSnip] [0m[36m        clone[0m[90m | [0mReceiving objects: 100% (786/786)[35m[LuaSnip] [0m[36m        clone[0m[90m | [0mReceiving objects: 100% (786/786), 482.38 KiB | 1.17 MiB/s, done.
[35m[LuaSnip] [0m[36m        clone[0m[90m | [0mResolving deltas:   0% (0/449)[35m[LuaSnip] [0m[36m        clone[0m[90m | [0mResolving deltas:   1% (5/449)[35m[LuaSnip] [0m[36m        clone[0m[90m | [0mResolving deltas:   2% (9/449)[35m[LuaSnip] [0m[36m        clone[0m[90m | [0mResolving deltas:   3% (14/449)[35m[LuaSnip] [0m[36m        clone[0m[90m | [0mResolving deltas:   4% (18/449)[35m[LuaSnip] [0m[36m        clone[0m[90m | [0mResolving deltas:   5% (23/449)[35m[LuaSnip] [0m[36m        clone[0m[90m | [0mResolving deltas:   6% (28/449)[35m[LuaSnip] [0m[36m        clone[0m[90m | [0mResolving deltas:   7% (34/449)[35m[LuaSnip] [0m[36m        clone[0m[90m | [0mResolving deltas:   8% (37/449)[35m[LuaSnip] [0m[36m        clone[0m[90m | [0mResolving deltas:   9% (41/449)[35m[LuaSnip] [0m[36m        clone[0m[90m | [0mResolving deltas:  10% (45/449)[35m[LuaSnip] [0m[36m        clone[0m[90m | [0mResolving deltas:  11% (50/449)[35m[LuaSnip] [0m[36m        clone[0m[90m | [0mResolving deltas:  12% (57/449)[35m[LuaSnip] [0m[36m        clone[0m[90m | [0mResolving deltas:  13% (59/449)[35m[LuaSnip] [0m[36m        clone[0m[90m | [0mResolving deltas:  14% (65/449)[35m[LuaSnip] [0m[36m        clone[0m[90m | [0mResolving deltas:  15% (68/449)[35m[LuaSnip] [0m[36m        clone[0m[90m | [0mResolving deltas:  16% (74/449)[35m[LuaSnip] [0m[36m        clone[0m[90m | [0mResolving deltas:  17% (77/449)[35m[LuaSnip] [0m[36m        clone[0m[90m | [0mResolving deltas:  18% (81/449)[35m[LuaSnip] [0m[36m        clone[0m[90m | [0mResolving deltas:  19% (86/449)[35m[LuaSnip] [0m[36m        clone[0m[90m | [0mResolving deltas:  20% (90/449)[35m[LuaSnip] [0m[36m        clone[0m[90m | [0mResolving deltas:  21% (95/449)[35m[LuaSnip] [0m[36m        clone[0m[90m | [0mResolving deltas:  22% (99/449)[35m[LuaSnip] [0m[36m        clone[0m[90m | [0mResolving deltas:  23% (104/449)[35m[LuaSnip] [0m[36m        clone[0m[90m | [0mResolving deltas:  24% (108/449)[35m[LuaSnip] [0m[36m        clone[0m[90m | [0mResolving deltas:  25% (113/449)[35m[LuaSnip] [0m[36m        clone[0m[90m | [0mResolving deltas:  26% (117/449)[35m[LuaSnip] [0m[36m        clone[0m[90m | [0mResolving deltas:  27% (122/449)[35m[LuaSnip] [0m[36m        clone[0m[90m | [0mResolving deltas:  28% (126/449)[35m[LuaSnip] [0m[36m        clone[0m[90m | [0mResolving deltas:  29% (131/449)[35m[LuaSnip] [0m[36m        clone[0m[90m | [0mResolving deltas:  30% (135/449)[35m[LuaSnip] [0m[36m        clone[0m[90m | [0mResolving deltas:  31% (140/449)[35m[LuaSnip] [0m[36m        clone[0m[90m | [0mResolving deltas:  32% (144/449)[35m[LuaSnip] [0m[36m        clone[0m[90m | [0mResolving deltas:  33% (149/449)[35m[LuaSnip] [0m[36m        clone[0m[90m | [0mResolving deltas:  34% (153/449)[35m[LuaSnip] [0m[36m        clone[0m[90m | [0mResolving deltas:  35% (158/449)[35m[LuaSnip] [0m[36m        clone[0m[90m | [0mResolving deltas:  36% (163/449)[35m[LuaSnip] [0m[36m        clone[0m[90m | [0mResolving deltas:  37% (167/449)[35m[LuaSnip] [0m[36m        clone[0m[90m | [0mResolving deltas:  38% (172/449)[35m[LuaSnip] [0m[36m        clone[0m[90m | [0mResolving deltas:  39% (176/449)[35m[LuaSnip] [0m[36m        clone[0m[90m | [0mResolving deltas:  40% (180/449)[35m[LuaSnip] [0m[36m        clone[0m[90m | [0mResolving deltas:  41% (185/449)[35m[LuaSnip] [0m[36m        clone[0m[90m | [0mResolving deltas:  42% (189/449)[35m[LuaSnip] [0m[36m        clone[0m[90m | [0mResolving deltas:  43% (195/449)[35m[LuaSnip] [0m[36m        clone[0m[90m | [0mResolving deltas:  44% (198/449)[35m[LuaSnip] [0m[36m        clone[0m[90m | [0mResolving deltas:  45% (203/449)[35m[LuaSnip] [0m[36m        clone[0m[90m | [0mResolving deltas:  46% (207/449)[35m[LuaSnip] [0m[36m        clone[0m[90m | [0mResolving deltas:  47% (212/449)[35m[LuaSnip] [0m[36m        clone[0m[90m | [0mResolving deltas:  48% (217/449)[35m[LuaSnip] [0m[36m        clone[0m[90m | [0mResolving deltas:  49% (221/449)[35m[LuaSnip] [0m[36m        clone[0m[90m | [0mResolving deltas:  50% (228/449)[35m[LuaSnip] [0m[36m        clone[0m[90m | [0mResolving deltas:  51% (229/449)[35m[LuaSnip] [0m[36m        clone[0m[90m | [0mResolving deltas:  52% (235/449)[35m[LuaSnip] [0m[36m        clone[0m[90m | [0mResolving deltas:  53% (240/449)[35m[LuaSnip] [0m[36m        clone[0m[90m | [0mResolving deltas:  54% (243/449)[35m[LuaSnip] [0m[36m        clone[0m[90m | [0mResolving deltas:  55% (249/449)[35m[LuaSnip] [0m[36m        clone[0m[90m | [0mResolving deltas:  56% (252/449)[35m[LuaSnip] [0m[36m        clone[0m[90m | [0mResolving deltas:  57% (256/449)[35m[LuaSnip] [0m[36m        clone[0m[90m | [0mResolving deltas:  58% (264/449)[35m[LuaSnip] [0m[36m        clone[0m[90m | [0mResolving deltas:  59% (266/449)[35m[LuaSnip] [0m[36m        clone[0m[90m | [0mResolving deltas:  60% (270/449)[35m[LuaSnip] [0m[36m        clone[0m[90m | [0mResolving deltas:  61% (277/449)[35m[LuaSnip] [0m[36m        clone[0m[90m | [0mResolving deltas:  62% (279/449)[35m[LuaSnip] [0m[36m        clone[0m[90m | [0mResolving deltas:  63% (283/449)[35m[LuaSnip] [0m[36m        clone[0m[90m | [0mResolving deltas:  64% (288/449)[35m[LuaSnip] [0m[36m        clone[0m[90m | [0mResolving deltas:  65% (292/449)[35m[LuaSnip] [0m[36m        clone[0m[90m | [0mResolving deltas:  66% (298/449)[35m[LuaSnip] [0m[36m        clone[0m[90m | [0mResolving deltas:  67% (301/449)[35m[LuaSnip] [0m[36m        clone[0m[90m | [0mResolving deltas:  68% (307/449)[35m[LuaSnip] [0m[36m        clone[0m[90m | [0mResolving deltas:  69% (310/449)[35m[LuaSnip] [0m[36m        clone[0m[90m | [0mResolving deltas:  70% (315/449)[35m[LuaSnip] [0m[36m        clone[0m[90m | [0mResolving deltas:  71% (320/449)[35m[LuaSnip] [0m[36m        clone[0m[90m | [0mResolving deltas:  72% (324/449)[35m[LuaSnip] [0m[36m        clone[0m[90m | [0mResolving deltas:  73% (328/449)[35m[LuaSnip] [0m[36m        clone[0m[90m | [0mResolving deltas:  74% (333/449)[35m[LuaSnip] [0m[36m        clone[0m[90m | [0mResolving deltas:  75% (337/449)[35m[LuaSnip] [0m[36m        clone[0m[90m | [0mResolving deltas:  76% (3[35m[sqlite.lua] [0m[36m  checkout[0m[90m | [0m[34mRunning task checkout[0m
[35m[sqlite.lua] [0m[36m  checkout[0m[90m | [0m[34mFinished task checkout in 15ms[0m
[35m[plenary.nvim] [0m[36m   clone[0m[90m | [0m[34mFinished task clone in 5266ms[0m
[35m[plenary.nvim] [0m[36mcheckout[0m[90m | [0m[34mRunning task checkout[0m
[35m[plenary.nvim] [0m[36mcheckout[0m[90m | [0m[34mFinished task checkout in 18ms[0m
[35m[sqlite.lua] [0m[36m      docs[0m[90m | [0m[34mRunning task docs[0m
[35m[sqlite.lua] [0m[36m      docs[0m[90m | [0m
[35m[sqlite.lua] [0m[36m      docs[0m[90m | [0m[34mFinished task docs in 36ms[0m
[35m[plenary.nvim] [0m[36m    docs[0m[90m | [0m[34mRunning task docs[0m
[35m[plenary.nvim] [0m[36m    docs[0m[90m | [0m
[35m[plenary.nvim] [0m[36m    docs[0m[90m | [0m[34mFinished task docs in 4ms[0m
[35m[promise-async] [0m[36m  clone[0m[90m | [0m[34mFinished task clone in 5175ms[0m
[35m[promise-async] [0m[36mcheckout[0m[90m | [0m[34mRunning task checkout[0m
[35m[promise-async] [0m[36mcheckout[0m[90m | [0m[34mFinished task checkout in 3ms[0m
[35m[LuaSnip] [0m[36m        clone[0m[90m | [0m42/449)[35m[LuaSnip] [0m[36m        clone[0m[90m | [0mResolving deltas:  77% (346/449)[35m[LuaSnip] [0m[36m        clone[0m[90m | [0mResolving deltas:  78% (351/449)[35m[LuaSnip] [0m[36m        clone[0m[90m | [0mResolving deltas:  79% (355/449)[35m[LuaSnip] [0m[36m        clone[0m[90m | [0mResolving deltas:  80% (360/449)[35m[LuaSnip] [0m[36m        clone[0m[90m | [0mResolving deltas:  81% (364/449)[35m[LuaSnip] [0m[36m        clone[0m[90m | [0mResolving deltas:  82% (369/449)[35m[LuaSnip] [0m[36m        clone[0m[90m | [0mResolving deltas:  83% (373/449)[35m[LuaSnip] [0m[36m        clone[0m[90m | [0mResolving deltas:  84% (378/449)[35m[LuaSnip] [0m[36m        clone[0m[90m | [0mResolving deltas:  85% (382/449)[35m[LuaSnip] [0m[36m        clone[0m[90m | [0mResolving deltas:  86% (387/449)[35m[LuaSnip] [0m[36m        clone[0m[90m | [0mResolving deltas:  87% (392/449)[35m[LuaSnip] [0m[36m        clone[0m[90m | [0mResolving deltas:  88% (396/449)[35m[LuaSnip] [0m[36m        clone[0m[90m | [0mResolving deltas:  89% (401/449)[35m[LuaSnip] [0m[36m        clone[0m[90m | [0mResolving deltas:  90% (405/449)[35m[LuaSnip] [0m[36m        clone[0m[90m | [0mResolving deltas:  91% (409/449)[35m[LuaSnip] [0m[36m        clone[0m[90m | [0mResolving deltas:  92% (414/449)[35m[LuaSnip] [0m[36m        clone[0m[90m | [0mResolving deltas:  93% (418/449)[35m[LuaSnip] [0m[36m        clone[0m[90m | [0mResolving deltas:  94% (423/449)[35m[LuaSnip] [0m[36m        clone[0m[90m | [0mResolving deltas:  95% (427/449)[35m[LuaSnip] [0m[36m        clone[0m[90m | [0mResolving deltas:  96% (432/449)[35m[LuaSnip] [0m[36m        clone[0m[90m | [0mResolving deltas:  97% (436/449)[35m[LuaSnip] [0m[36m        clone[0m[90m | [0mResolving deltas:  98% (441/449)[35m[LuaSnip] [0m[36m        clone[0m[90m | [0mResolving deltas:  99% (448/449)[35m[LuaSnip] [0m[36m        clone[0m[90m | [0mResolving deltas: 100% (449/449)[35m[LuaSnip] [0m[36m        clone[0m[90m | [0mResolving deltas: 100% (449/449), done.
[35m[promise-async] [0m[36m   docs[0m[90m | [0m[34mRunning task docs[0m
[35m[promise-async] [0m[36m   docs[0m[90m | [0m[34mFinished task docs in 10ms[0m
[35m[vim-tmux-navigator] [0m[36mclone[0m[90m | [0m[34mFinished task clone in 4657ms[0m
[35m[vim-tmux-navigator] [0m[36mcheckout[0m[90m | [0m[34mRunning task checkout[0m
[35m[vim-tmux-navigator] [0m[36mcheckout[0m[90m | [0m[34mFinished task checkout in 11ms[0m
[35m[vim-tmux-navigator] [0m[36mdocs[0m[90m | [0m[34mRunning task docs[0m
[35m[vim-tmux-navigator] [0m[36mdocs[0m[90m | [0m
[35m[vim-tmux-navigator] [0m[36mdocs[0m[90m | [0m[34mFinished task docs in 13ms[0m
[35m[vim-gutentags] [0m[36m  clone[0m[90m | [0m[34mFinished task clone in 4812ms[0m
[35m[vim-gutentags] [0m[36mcheckout[0m[90m | [0m[34mRunning task checkout[0m
[35m[vim-gutentags] [0m[36mcheckout[0m[90m | [0m[34mFinished task checkout in 10ms[0m
[35m[vim-gutentags] [0m[36m   docs[0m[90m | [0m[34mRunning task docs[0m
[35m[vim-gutentags] [0m[36m   docs[0m[90m | [0m
[35m[vim-gutentags] [0m[36m   docs[0m[90m | [0m[34mFinished task docs in 20ms[0m
[35m[which-key.nvim] [0m[36m clone[0m[90m | [0m[34mFinished task clone in 4724ms[0m
[35m[which-key.nvim] [0m[36mcheckout[0m[90m | [0m[34mRunning task checkout[0m
[35m[which-key.nvim] [0m[36mcheckout[0m[90m | [0m[34mFinished task checkout in 12ms[0m
[35m[which-key.nvim] [0m[36m  docs[0m[90m | [0m[34mRunning task docs[0m
[35m[which-key.nvim] [0m[36m  docs[0m[90m | [0m
[35m[which-key.nvim] [0m[36m  docs[0m[90m | [0m[34mFinished task docs in 34ms[0m
[35m[snacks.nvim] [0m[36m    clone[0m[90m | [0mUpdating files:   0% (2/276)[35m[snacks.nvim] [0m[36m    clone[0m[90m | [0mUpdating files:   1% (3/276)[35m[snacks.nvim] [0m[36m    clone[0m[90m | [0mUpdating files:   2% (6/276)[35m[snacks.nvim] [0m[36m    clone[0m[90m | [0mUpdating files:   3% (9/276)[35m[snacks.nvim] [0m[36m    clone[0m[90m | [0mUpdating files:   4% (12/276)[35m[snacks.nvim] [0m[36m    clone[0m[90m | [0mUpdating files:   5% (14/276)[35m[snacks.nvim] [0m[36m    clone[0m[90m | [0mUpdating files:   6% (17/276)[35m[snacks.nvim] [0m[36m    clone[0m[90m | [0mUpdating files:   7% (20/276)[35m[snacks.nvim] [0m[36m    clone[0m[90m | [0mUpdating files:   8% (23/276)[35m[snacks.nvim] [0m[36m    clone[0m[90m | [0mUpdating files:   9% (25/276)[35m[snacks.nvim] [0m[36m    clone[0m[90m | [0mUpdating files:  10% (28/276)[35m[snacks.nvim] [0m[36m    clone[0m[90m | [0mUpdating files:  11% (31/276)[35m[snacks.nvim] [0m[36m    clone[0m[90m | [0mUpdating files:  12% (34/276)[35m[snacks.nvim] [0m[36m    clone[0m[90m | [0mUpdating files:  13% (36/276)[35m[snacks.nvim] [0m[36m    clone[0m[90m | [0mUpdating files:  14% (39/276)[35m[snacks.nvim] [0m[36m    clone[0m[90m | [0mUpdating files:  15% (42/276)[35m[snacks.nvim] [0m[36m    clone[0m[90m | [0mUpdating files:  16% (45/276)[35m[snacks.nvim] [0m[36m    clone[0m[90m | [0mUpdating files:  17% (47/276)[35m[snacks.nvim] [0m[36m    clone[0m[90m | [0mUpdating files:  18% (50/276)[35m[snacks.nvim] [0m[36m    clone[0m[90m | [0mUpdating files:  19% (53/276)[35m[snacks.nvim] [0m[36m    clone[0m[90m | [0mUpdating files:  20% (56/276)[35m[snacks.nvim] [0m[36m    clone[0m[90m | [0mUpdating files:  21% (58/276)[35m[snacks.nvim] [0m[36m    clone[0m[90m | [0mUpdating files:  22% (61/276)[35m[snacks.nvim] [0m[36m    clone[0m[90m | [0mUpdating files:  23% (64/276)[35m[snacks.nvim] [0m[36m    clone[0m[90m | [0mUpdating files:  24% (67/276)[35m[snacks.nvim] [0m[36m    clone[0m[90m | [0mUpdating files:  25% (69/276)[35m[snacks.nvim] [0m[36m    clone[0m[90m | [0mUpdating files:  26% (72/276)[35m[snacks.nvim] [0m[36m    clone[0m[90m | [0mUpdating files:  27% (75/276)[35m[snacks.nvim] [0m[36m    clone[0m[90m | [0mUpdating files:  28% (78/276)[35m[snacks.nvim] [0m[36m    clone[0m[90m | [0mUpdating files:  29% (81/276)[35m[snacks.nvim] [0m[36m    clone[0m[90m | [0mUpdating files:  30% (83/276)[35m[snacks.nvim] [0m[36m    clone[0m[90m | [0mUpdating files:  31% (86/276)[35m[snacks.nvim] [0m[36m    clone[0m[90m | [0mUpdating files:  32% (89/276)[35m[snacks.nvim] [0m[36m    clone[0m[90m | [0mUpdating files:  33% (92/276)[35m[snacks.nvim] [0m[36m    clone[0m[90m | [0mUpdating files:  34% (94/276)[35m[snacks.nvim] [0m[36m    clone[0m[90m | [0mUpdating files:  35% (97/276)[35m[snacks.nvim] [0m[36m    clone[0m[90m | [0mUpdating files:  36% (100/276)[35m[snacks.nvim] [0m[36m    clone[0m[90m | [0mUpdating files:  37% (103/276)[35m[snacks.nvim] [0m[36m    clone[0m[90m | [0mUpdating files:  38% (105/276)[35m[snacks.nvim] [0m[36m    clone[0m[90m | [0mUpdating files:  39% (108/276)[35m[snacks.nvim] [0m[36m    clone[0m[90m | [0mUpdating files:  40% (111/276)[35m[snacks.nvim] [0m[36m    clone[0m[90m | [0mUpdating files:  41% (114/276)[35m[snacks.nvim] [0m[36m    clone[0m[90m | [0mUpdating files:  42% (116/276)[35m[snacks.nvim] [0m[36m    clone[0m[90m | [0mUpdating files:  43% (119/276)[35m[snacks.nvim] [0m[36m    clone[0m[90m | [0mUpdating files:  44% (122/276)[35m[snacks.nvim] [0m[36m    clone[0m[90m | [0mUpdating files:  45% (125/276)[35m[snacks.nvim] [0m[36m    clone[0m[90m | [0mUpdating files:  46% (127/276)[35m[snacks.nvim] [0m[36m    clone[0m[90m | [0mUpdating files:  47% (130/276)[35m[snacks.nvim] [0m[36m    clone[0m[90m | [0mUpdating files:  48% (133/276)[35m[snacks.nvim] [0m[36m    clone[0m[90m | [0mUpdating files:  49% (136/276)[35m[snacks.nvim] [0m[36m    clone[0m[90m | [0mUpdating files:  50% (138/276)[35m[snacks.nvim] [0m[36m    clone[0m[90m | [0mUpdating files:  51% (141/276)[35m[snacks.nvim] [0m[36m    clone[0m[90m | [0mUpdating files:  52% (144/276)[35m[snacks.nvim] [0m[36m    clone[0m[90m | [0mUpdating files:  53% (147/276)[35m[snacks.nvim] [0m[36m    clone[0m[90m | [0mUpdating files:  54% (150/276)[35m[snacks.nvim] [0m[36m    clone[0m[90m | [0mUpdating files:  55% (152/276)[35m[snacks.nvim] [0m[36m    clone[0m[90m | [0mUpdating files:  56% (155/276)[35m[snacks.nvim] [0m[36m    clone[0m[90m | [0mUpdating files:  57% (158/276)[35m[snacks.nvim] [0m[36m    clone[0m[90m | [0mUpdating files:  58% (161/276)[35m[snacks.nvim] [0m[36m    clone[0m[90m | [0mUpdating files:  59% (163/276)[35m[snacks.nvim] [0m[36m    clone[0m[90m | [0mUpdating files:  60% (166/276)[35m[snacks.nvim] [0m[36m    clone[0m[90m | [0mUpdating files:  61% (169/276)[35m[snacks.nvim] [0m[36m    clone[0m[90m | [0mUpdating files:  62% (172/276)[35m[snacks.nvim] [0m[36m    clone[0m[90m | [0mUpdating files:  63% (174/276)[35m[snacks.nvim] [0m[36m    clone[0m[90m | [0mUpdating files:  64% (177/276)[35m[snacks.nvim] [0m[36m    clone[0m[90m | [0mUpdating files:  65% (180/276)[35m[snacks.nvim] [0m[36m    clone[0m[90m | [0mUpdating files:  66% (183/276)[35m[snacks.nvim] [0m[36m    clone[0m[90m | [0mUpdating files:  67% (185/276)[35m[snacks.nvim] [0m[36m    clone[0m[90m | [0mUpdating files:  68% (188/276)[35m[snacks.nvim] [0m[36m    clone[0m[90m | [0mUpdating files:  69% (191/276)[35m[snacks.nvim] [0m[36m    clone[0m[90m | [0mUpdating files:  70% (194/276)[35m[snacks.nvim] [0m[36m    clone[0m[90m | [0mUpdating files:  71% (196/276)[35m[snacks.nvim] [0m[36m    clone[0m[90m | [0mUpdating files:  72% (199/276)[35m[snacks.nvim] [0m[36m    clone[0m[90m | [0mUpdating files:  73% (202/276)[35m[snacks.nvim] [0m[36m    clone[0m[90m | [0mUpdating files:  74% (205/276)[35m[snacks.nvim] [0m[36m    clone[0m[90m | [0mUpdating files:  75% (207/276)[35m[snacks.nvim] [0m[36m    clone[0m[90m | [0mUpdating files:  76% (210/276)[35m[snacks.nvim] [0m[36m    clone[0m[90m | [0mUpdating files:  77% (213/276)[35m[snacks.nvim] [0m[36m    clone[0m[90m | [0mUpdating files:  78% (216/276)[35m[snacks.nvim] [0m[36m    clone[0m[90m | [0mUpdating files:  79% (219/276)[35m[snacks.nvim] [0m[36m    clone[0m[90m | [0mUpdating files:  80% (221/276)[35m[snacks.nvim] [0m[36m    clone[0m[90m | [0mUpdating files:  81% (224/276)[35m[snacks.nvim] [0m[36m    clone[0m[90m | [0mUpdating files:  82% (227/276)[35m[snacks.nvim] [0m[36m    clone[0m[90m | [0mUpdating files:  83% (230/276)[35m[snacks.nvim] [0m[36m    clone[0m[90m | [0mUpdating files:  84% (232/276)[35m[snacks.nvim] [0m[36m    clone[0m[90m | [0mUpdating files:  85% (235/276)[35m[snacks.nvim] [0m[36m    clone[0m[90m | [0mUpdating files:  86% (238/276)[35m[snacks.nvim] [0m[36m    clone[0m[90m | [0mUpdating files:  87% (241/276)[35m[snacks.nvim] [0m[36m    clone[0m[90m | [0mUpdating files:  88% (243/276)[35m[snacks.nvim] [0m[36m    clone[0m[90m | [0mUpdating files:  89% (246/276)[35m[snacks.nvim] [0m[36m    clone[0m[90m | [0mUpdating files:  90% (249/276)[35m[snacks.nvim] [0m[36m    clone[0m[90m | [0mUpdating files:  91% (252/276)[35m[snacks.nvim] [0m[36m    clone[0m[90m | [0mUpdating files:  92% (254/276)[35m[snacks.nvim] [0m[36m    clone[0m[90m | [0mUpdating files:  93% (257/276)[35m[snacks.nvim] [0m[36m    clone[0m[90m | [0mUpdating files:  94% (260/276)[35m[snacks.nvim] [0m[36m    clone[0m[90m | [0mUpdating files:  95% (263/276)[35m[snacks.nvim] [0m[36m    clone[0m[90m | [0mUpdating files:  96% (265/276)[35m[snacks.nvim] [0m[36m    clone[0m[90m | [0mUpdating files:  97% (268/276)[35m[snacks.nvim] [0m[36m    clone[0m[90m | [0mUpdating files:  98% (271/276)[35m[snacks.nvim] [0m[36m    clone[0m[90m | [0mUpdating files:  99% (274/276)[35m[snacks.nvim] [0m[36m    clone[0m[90m | [0mUpdating files: 100% (276/276)[35m[snacks.nvim] [0m[36m    clone[0m[90m | [0mUpdating files: 100% (276/276), done.
[35m[LuaSnip] [0m[36m        clone[0m[90m | [0mCloning into 'C:/Users/tOpGuNN/AppData/Local/nvim-data/lazy/LuaSnip/deps/jsregexp006'...
[35m[LuaSnip] [0m[36m        clone[0m[90m | [0mremote: Enumerating objects: 786, done.        
[35m[LuaSnip] [0m[36m        clone[0m[90m | [0mremote: Counting objects:   0% (1/238)        [35m[LuaSnip] [0m[36m        clone[0m[90m | [0mremote: Counting objects:   1% (3/238)        [35m[LuaSnip] [0m[36m        clone[0m[90m | [0mremote: Counting objects:   2% (5/238)        [35m[LuaSnip] [0m[36m        clone[0m[90m | [0mremote: Counting objects:   3% (8/238)        [35m[LuaSnip] [0m[36m        clone[0m[90m | [0mremote: Counting objects:   4% (10/238)        [35m[LuaSnip] [0m[36m        clone[0m[90m | [0mremote: Counting objects:   5% (12/238)        [35m[LuaSnip] [0m[36m        clone[0m[90m | [0mremote: Counting objects:   6% (15/238)        [35m[LuaSnip] [0m[36m        clone[0m[90m | [0mremote: Counting objects:   7% (17/238)        [35m[LuaSnip] [0m[36m        clone[0m[90m | [0mremote: Counting objects:   8% (20/238)        [35m[LuaSnip] [0m[36m        clone[0m[90m | [0mremote: Counting objects:   9% (22/238)        [35m[LuaSnip] [0m[36m        clone[0m[90m | [0mremote: Counting objects:  10% (24/238)        [35m[LuaSnip] [0m[36m        clone[0m[90m | [0mremote: Counting objects:  11% (27/238)        [35m[LuaSnip] [0m[36m        clone[0m[90m | [0mremote: Counting objects:  12% (29/238)        [35m[LuaSnip] [0m[36m        clone[0m[90m | [0mremote: Counting objects:  13% (31/238)        [35m[LuaSnip] [0m[36m        clone[0m[90m | [0mremote: Counting objects:  14% (34/238)        [35m[LuaSnip] [0m[36m        clone[0m[90m | [0mremote: Counting objects:  15% (36/238)        [35m[LuaSnip] [0m[36m        clone[0m[90m | [0mremote: Counting objects:  16% (39/238)        [35m[LuaSnip] [0m[36m        clone[0m[90m | [0mremote: Counting objects:  17% (41/238)        [35m[LuaSnip] [0m[36m        clone[0m[90m | [0mremote: Counting objects:  18% (43/238)        [35m[LuaSnip] [0m[36m        clone[0m[90m | [0mremote: Counting objects:  19% (46/238)        [35m[LuaSnip] [0m[36m        clone[0m[90m | [0mremote: Counting objects:  20% (48/238)        [35m[LuaSnip] [0m[36m        clone[0m[90m | [0mremote: Counting objects:  21% (50/238)        [35m[LuaSnip] [0m[36m        clone[0m[90m | [0mremote: Counting objects:  22% (53/238)        [35m[LuaSnip] [0m[36m        clone[0m[90m | [0mremote: Counting objects:  23% (55/238)        [35m[LuaSnip] [0m[36m        clone[0m[90m | [0mremote: Counting objects:  24% (58/238)        [35m[LuaSnip] [0m[36m        clone[0m[90m | [0mremote: Counting objects:  25% (60/238)        [35m[LuaSnip] [0m[36m        clone[0m[90m | [0mremote: Counting objects:  26% (62/238)        [35m[LuaSnip] [0m[36m        clone[0m[90m | [0mremote: Counting objects:  27% (65/238)        [35m[LuaSnip] [0m[36m        clone[0m[90m | [0mremote: Counting objects:  28% (67/238)        [35m[LuaSnip] [0m[36m        clone[0m[90m | [0mremote: Counting objects:  29% (70/238)        [35m[LuaSnip] [0m[36m        clone[0m[90m | [0mremote: Counting objects:  30% (72/238)        [35m[LuaSnip] [0m[36m        clone[0m[90m | [0mremote: Counting objects:  31% (74/238)        [35m[LuaSnip] [0m[36m        clone[0m[90m | [0mremote: Counting objects:  32% (77/238)        [35m[LuaSnip] [0m[36m        clone[0m[90m | [0mremote: Counting objects:  33% (79/238)        [35m[LuaSnip] [0m[36m        clone[0m[90m | [0mremote: Counting objects:  34% (81/238)        [35m[LuaSnip] [0m[36m        clone[0m[90m | [0mremote: Counting objects:  35% (84/238)        [35m[LuaSnip] [0m[36m        clone[0m[90m | [0mremote: Counting objects:  36% (86/238)        [35m[LuaSnip] [0m[36m        clone[0m[90m | [0mremote: Counting objects:  37% (89/238)        [35m[LuaSnip] [0m[36m        clone[0m[90m | [0mremote: Counting objects:  38% (91/238)        [35m[LuaSnip] [0m[36m        clone[0m[90m | [0mremote: Counting objects:  39% (93/238)        [35m[LuaSnip] [0m[36m        clone[0m[90m | [0mremote: Counting objects:  40% (96/238)        [35m[LuaSnip] [0m[36m        clone[0m[90m | [0mremote: Counting objects:  41% (98/238)        [35m[LuaSnip] [0m[36m        clone[0m[90m | [0mremote: Counting objects:  42% (100/238)        [35m[LuaSnip] [0m[36m        clone[0m[90m | [0mremote: Counting objects:  43% (103/238)        [35m[LuaSnip] [0m[36m        clone[0m[90m | [0mremote: Counting objects:  44% (105/238)        [35m[LuaSnip] [0m[36m        clone[0m[90m | [0mremote: Counting objects:  45% (108/238)        [35m[LuaSnip] [0m[36m        clone[0m[90m | [0mremote: Counting objects:  46% (110/238)        [35m[LuaSnip] [0m[36m        clone[0m[90m | [0mremote: Counting objects:  47% (112/238)        [35m[LuaSnip] [0m[36m        clone[0m[90m | [0mremote: Counting objects:  48% (115/238)        [35m[LuaSnip] [0m[36m        clone[0m[90m | [0mremote: Counting objects:  49% (117/238)        [35m[LuaSnip] [0m[36m        clone[0m[90m | [0mremote: Counting objects:  50% (119/238)        [35m[LuaSnip] [0m[36m        clone[0m[90m | [0mremote: Counting objects:  51% (122/238)        [35m[LuaSnip] [0m[36m        clone[0m[90m | [0mremote: Counting objects:  52% (124/238)        [35m[LuaSnip] [0m[36m        clone[0m[90m | [0mremote: Counting objects:  53% (127/238)        [35m[LuaSnip] [0m[36m        clone[0m[90m | [0mremote: Counting objects:  54% (129/238)        [35m[LuaSnip] [0m[36m        clone[0m[90m | [0mremote: Counting objects:  55% (131/238)        [35m[LuaSnip] [0m[36m        clone[0m[90m | [0mremote: Counting objects:  56% (134/238)        [35m[LuaSnip] [0m[36m        clone[0m[90m | [0mremote: Counting objects:  57% (136/238)        [35m[LuaSnip] [0m[36m        clone[0m[90m | [0mremote: Counting objects:  58% (139/238)        [35m[LuaSnip] [0m[36m        clone[0m[90m | [0mremote: Counting objects:  59% (141/238)        [35m[LuaSnip] [0m[36m        clone[0m[90m | [0mremote: Counting objects:  60% (143/238)        [35m[LuaSnip] [0m[36m        clone[0m[90m | [0mremote: Counting objects:  61% (146/238)        [35m[LuaSnip] [0m[36m        clone[0m[90m | [0mremote: Counting objects:  62% (148/238)        [35m[LuaSnip] [0m[36m        clone[0m[90m | [0mremote: Counting objects:  63% (150/238)        [35m[LuaSnip] [0m[36m        clone[0m[90m | [0mremote: Counting objects:  64% (153/238)        [35m[LuaSnip] [0m[36m        clone[0m[90m | [0mremote: Counting objects:  65% (155/238)        [35m[LuaSnip] [0m[36m        clone[0m[90m | [0mremote: Counting objects:  66% (158/238)        [35m[LuaSnip] [0m[36m        clone[0m[90m | [0mremote: Counting objects:  67% (160/238)        [35m[LuaSnip] [0m[36m        clone[0m[90m | [0mremote: Counting objects:  68% (162/238)        [35m[LuaSnip] [0m[36m        clone[0m[90m | [0mremote: Counting objects:  69% (165/238)        [35m[LuaSnip] [0m[36m        clone[0m[90m | [0mremote: Counting objects:  70% (167/238)        [35m[LuaSnip] [0m[36m        clone[0m[90m | [0mremote: Counting objects:  71% (169/238)        [35m[LuaSnip] [0m[36m        clone[0m[90m | [0mremote: Counting objects:  72% (172/238)        [35m[LuaSnip] [0m[36m        clone[0m[90m | [0mremote: Counting objects:  73% (174/238)        [35m[LuaSnip] [0m[36m        clone[0m[90m | [0mremote: Counting objects:  74% (177/238)        [35m[LuaSnip] [0m[36m        clone[0m[90m | [0mremote: Counting objects:  75% (179/238)        [35m[LuaSnip] [0m[36m        clone[0m[90m | [0mremote: Counting objects:  76% (181/238)        [35m[LuaSnip] [0m[36m        clone[0m[90m | [0mremote: Counting objects:  77% (184/238)        [35m[LuaSnip] [0m[36m        clone[0m[90m | [0mremote: Counting objects:  78% (186/238)        [35m[LuaSnip] [0m[36m        clone[0m[90m | [0mremote: Counting objects:  79% (189/238)        [35m[LuaSnip] [0m[36m        clone[0m[90m | [0mremote: Counting objects:  80% (191/238)        [35m[LuaSnip] [0m[36m        clone[0m[90m | [0mremote: Counting objects:  81% (193/238)        [35m[LuaSnip] [0m[36m        clone[0m[90m | [0mremote: Counting objects:  82% (196/238)        [35m[LuaSnip] [0m[36m        clone[0m[90m | [0mremote: Counting objects:  83% (198/238)        [35m[LuaSnip] [0m[36m        clone[0m[90m | [0mremote: Counting objects:  84% (200/238)        [35m[LuaSnip] [0m[36m        clone[0m[90m | [0mremote: Counting objects:  85% (203/238)        [35m[LuaSnip] [0m[36m        clone[0m[90m | [0mremote: Counting objects:  86% (205/238)        [35m[LuaSnip] [0m[36m        clone[0m[90m | [0mremote: Counting objects:  87% (208/238)        [35m[LuaSnip] [0m[36m        clone[0m[90m | [0mremote: Counting objects:  88% (210/238)        [35m[LuaSnip] [0m[36m        clone[0m[90m | [0mremote: Counting objects:  89% (212/238)        [35m[LuaSnip] [0m[36m        clone[0m[90m | [0mremote: Counting objects:  90% (215/238)        [35m[LuaSnip] [0m[36m        clone[0m[90m | [0mremote: Counting objects:  91% (217/238)        [35m[LuaSnip] [0m[36m        clone[0m[90m | [0mremote: Counting objects:  92% (219/238)        [35m[LuaSnip] [0m[36m        clone[0m[90m | [0mremote: Counting objects:  93% (222/238)        [35m[LuaSnip] [0m[36m        clone[0m[90m | [0mremote: Counting objects:  94% (224/238)        [35m[LuaSnip] [0m[36m        clone[0m[90m | [0mremote: Counting objects:  95% (227/238)        [35m[LuaSnip] [0m[36m        clone[0m[90m | [0mremote: Counting objects:  96% (229/238)        [35m[LuaSnip] [0m[36m        clone[0m[90m | [0mremote: Counting objects:  97% (231/238)        [35m[LuaSnip] [0m[36m        clone[0m[90m | [0mremote: Counting objects:  98% (234/238)        [35m[LuaSnip] [0m[36m        clone[0m[90m | [0mremote: Counting objects:  99% (236/238)        [35m[LuaSnip] [0m[36m        clone[0m[90m | [0mremote: Counting objects: 100% (238/238)        [35m[LuaSnip] [0m[36m        clone[0m[90m | [0mremote: Counting objects: 100% (238/238), done.        
[35m[LuaSnip] [0m[36m        clone[0m[90m | [0mremote: Compressing objects:   0% (1/106)        [35m[LuaSnip] [0m[36m        clone[0m[90m | [0mremote: Compressing objects:   1% (2/106)        [35m[LuaSnip] [0m[36m        clone[0m[90m | [0mremote: Compressing objects:   2% (3/106)        [35m[LuaSnip] [0m[36m        clone[0m[90m | [0mremote: Compressing objects:   3% (4/106)        [35m[LuaSnip] [0m[36m        clone[0m[90m | [0mremote: Compressing objects:   4% (5/106)        [35m[LuaSnip] [0m[36m        clone[0m[90m | [0mremote: Compressing objects:   5% (6/106)        [35m[LuaSnip] [0m[36m        clone[0m[90m | [0mremote: Compressing objects:   6% (7/106)        [35m[LuaSnip] [0m[36m        clone[0m[90m | [0mremote: Compressing objects:   7% (8/106)        [35m[LuaSnip] [0m[36m        clone[0m[90m | [0mremote: Compressing objects:   8% (9/106)        [35m[LuaSnip] [0m[36m        clone[0m[90m | [0mremote: Compressing objects:   9% (10/106)        [35m[LuaSnip] [0m[36m        clone[0m[90m | [0mremote: Compressing objects:  10% (11/106)        [35m[LuaSnip] [0m[36m        clone[0m[90m | [0mremote: Compressing objects:  11% (12/106)        [35m[LuaSnip] [0m[36m        clone[0m[90m | [0mremote: Compressing objects:  12% (13/106)        [35m[LuaSnip] [0m[36m        clone[0m[90m | [0mremote: Compressing objects:  13% (14/106)        [35m[LuaSnip] [0m[36m        clone[0m[90m | [0mremote: Compressing objects:  14% (15/106)        [35m[LuaSnip] [0m[36m        clone[0m[90m | [0mremote: Compressing objects:  15% (16/106)        [35m[LuaSnip] [0m[36m        clone[0m[90m | [0mremote: Compressing objects:  16% (17/106)        [35m[LuaSnip] [0m[36m        clone[0m[90m | [0mremote: Compressing objects:  17% (19/106)        [35m[LuaSnip] [0m[36m        clone[0m[90m | [0mremote: Compressing objects:  18% (20/106)        [35m[LuaSnip] [0m[36m        clone[0m[90m | [0mremote: Compressing objects:  19% (21/106)        [35m[LuaSnip] [0m[36m        clone[0m[90m | [0mremote: Compressing objects:  20% (22/106)        [35m[LuaSnip] [0m[36m        clone[0m[90m | [0mremote: Compressing objects:  21% (23/106)        [35m[LuaSnip] [0m[36m        clone[0m[90m | [0mremote: Compressing objects:  22% (24/106)        [35m[LuaSnip] [0m[36m        clone[0m[90m | [0mremote: Compressing objects:  23% (25/106)        [35m[LuaSnip] [0m[36m        clone[0m[90m | [0mremote: Compressing objects:  24% (26/106)        [35m[LuaSnip] [0m[36m        clone[0m[90m | [0mremote: Compressing objects:  25% (27/106)        [35m[LuaSnip] [0m[36m        clone[0m[90m | [0mremote: Compressing objects:  26% (28/106)        [35m[LuaSnip] [0m[36m        clone[0m[90m | [0mremote: Compressing objects:  27% (29/106)        [35m[LuaSnip] [0m[36m        clone[0m[90m | [0mremote: Compressing objects:  28% (30/106)        [35m[LuaSnip] [0m[36m        clone[0m[90m | [0mremote: Compressing objects:  29% (31/106)        [35m[LuaSnip] [0m[36m        clone[0m[90m | [0mremote: Compressing objects:  30% (32/106)        [35m[LuaSnip] [0m[36m        clone[0m[90m | [0mremote: Compressing objects:  31% (33/106)        [35m[LuaSnip] [0m[36m        clone[0m[90m | [0mremote: Compressing objects:  32% (34/106)        [35m[LuaSnip] [0m[36m        clone[0m[90m | [0mremote: Compressing objects:  33% (35/106)        [35m[LuaSnip] [0m[36m        clone[0m[90m | [0mremote: Compressing objects:  34% (37/106)        [35m[LuaSnip] [0m[36m        clone[0m[90m | [0mremote: Compressing objects:  35% (38/106)        [35m[LuaSnip] [0m[36m        clone[0m[90m | [0mremote: Compressing objects:  36% (39/106)        [35m[LuaSnip] [0m[36m        clone[0m[90m | [0mremote: Compressing objects:  37% (40/106)        [35m[LuaSnip] [0m[36m        clone[0m[90m | [0mremote: Compressing objects:  38% (41/106)        [35m[LuaSnip] [0m[36m        clone[0m[90m | [0mremote: Compressing objects:  39% (42/106)        [35m[LuaSnip] [0m[36m        clone[0m[90m | [0mremote: Compressing objects:  40% (43/106)        [35m[LuaSnip] [0m[36m        clone[0m[90m | [0mremote: Compressing objects:  41% (44/106)        [35m[LuaSnip] [0m[36m        clone[0m[90m | [0mremote: Compressing objects:  42% (45/106)        [35m[LuaSnip] [0m[36m        clone[0m[90m | [0mremote: Compressing objects:  43% (46/106)        [35m[LuaSnip] [0m[36m        clone[0m[90m | [0mremote: Compressing objects:  44% (47/106)        [35m[LuaSnip] [0m[36m        clone[0m[90m | [0mremote: Compressing objects:  45% (48/106)        [35m[LuaSnip] [0m[36m        clone[0m[90m | [0mremote: Compressing objects:  46% (49/106)        [35m[LuaSnip] [0m[36m        clone[0m[90m | [0mremote: Compressing objects:  47% (50/106)        [35m[LuaSnip] [0m[36m        clone[0m[90m | [0mremote: Compressing objects:  48% (51/106)        [35m[LuaSnip] [0m[36m        clone[0m[90m | [0mremote: Compressing objects:  49% (52/106)        [35m[LuaSnip] [0m[36m        clone[0m[90m | [0mremote: Compressing objects:  50% (53/106)        [35m[LuaSnip] [0m[36m        clone[0m[90m | [0mremote: Compressing objects:  51% (55/106)        [35m[LuaSnip] [0m[36m        clone[0m[90m | [0mremote: Compressing objects:  52% (56/106)        [35m[LuaSnip] [0m[36m        clone[0m[90m | [0mremote: Compressing objects:  53% (57/106)        [35m[LuaSnip] [0m[36m        clone[0m[90m | [0mremote: Compressing objects:  54% (58/106)        [35m[LuaSnip] [0m[36m        clone[0m[90m | [0mremote: Compressing objects:  55% (59/106)        [35m[LuaSnip] [0m[36m        clone[0m[90m | [0mremote: Compressing objects:  56% (60/106)        [35m[LuaSnip] [0m[36m        clone[0m[90m | [0mremote: Compressing objects:  57% (61/106)        [35m[LuaSnip] [0m[36m        clone[0m[90m | [0mremote: Compressing objects:  58% (62/106)        [35m[LuaSnip] [0m[36m        clone[0m[90m | [0mremote: Compressing objects:  59% (63/106)        [35m[LuaSnip] [0m[36m        clone[0m[90m | [0mremote: Compressing objects:  60% (64/106)   [35m[LuaSnip] [0m[36m        clone[0m[90m | [0m     [35m[LuaSnip] [0m[36m        clone[0m[90m | [0mremote: Compressing objects:  61% (65/106)        [35m[LuaSnip] [0m[36m        clone[0m[90m | [0mremote: Compressing objects:  62% (66/106)        [35m[LuaSnip] [0m[36m        clone[0m[90m | [0mremote: Compressing objects:  63% (67/106)        [35m[LuaSnip] [0m[36m        clone[0m[90m | [0mremote: Compressing objects:  64% (68/106)        [35m[LuaSnip] [0m[36m        clone[0m[90m | [0mremote: Compressing objects:  65% (69/106)        [35m[LuaSnip] [0m[36m        clone[0m[90m | [0mremote: Compressing objects:  66% (70/106)        [35m[LuaSnip] [0m[36m        clone[0m[90m | [0mremote: Compressing objects:  67% (72/106)        [35m[LuaSnip] [0m[36m        clone[0m[90m | [0mremote: Compressing objects:  68% (73/106)        [35m[LuaSnip] [0m[36m        clone[0m[90m | [0mremote: Compressing objects:  69% (74/106)        [35m[LuaSnip] [0m[36m        clone[0m[90m | [0mremote: Compressing objects:  70% (75/106)        [35m[LuaSnip] [0m[36m        clone[0m[90m | [0mremote: Compressing objects:  71% (76/106)        [35m[LuaSnip] [0m[36m        clone[0m[90m | [0mremote: Compressing objects:  72% (77/106)        [35m[LuaSnip] [0m[36m        clone[0m[90m | [0mremote: Compressing objects:  73% (78/106)        [35m[LuaSnip] [0m[36m        clone[0m[90m | [0mremote: Compressing objects:  74% (79/106)        [35m[LuaSnip] [0m[36m        clone[0m[90m | [0mremote: Compressing objects:  75% (80/106)        [35m[LuaSnip] [0m[36m        clone[0m[90m | [0mremote: Compressing objects:  76% (81/106)        [35m[LuaSnip] [0m[36m        clone[0m[90m | [0mremote: Compressing objects:  77% (82/106)        [35m[LuaSnip] [0m[36m        clone[0m[90m | [0mremote: Compressing objects:  78% (83/106)        [35m[LuaSnip] [0m[36m        clone[0m[90m | [0mremote: Compressing objects:  79% (84/106)        [35m[LuaSnip] [0m[36m        clone[0m[90m | [0mremote: Compressing objects:  80% (85/106)        [35m[LuaSnip] [0m[36m        clone[0m[90m | [0mremote: Compressing objects:  81% (86/106)        [35m[LuaSnip] [0m[36m        clone[0m[90m | [0mremote: Compressing objects:  82% (87/106)        [35m[LuaSnip] [0m[36m        clone[0m[90m | [0mremote: Compressing objects:  83% (88/106)        [35m[LuaSnip] [0m[36m        clone[0m[90m | [0mremote: Compressing objects:  84% (90/106)        [35m[LuaSnip] [0m[36m        clone[0m[90m | [0mremote: Compressing objects:  85% (91/106)        [35m[LuaSnip] [0m[36m        clone[0m[90m | [0mremote: Compressing objects:  86% (92/106)        [35m[LuaSnip] [0m[36m        clone[0m[90m | [0mremote: Compressing objects:  87% (93/106)        [35m[LuaSnip] [0m[36m        clone[0m[90m | [0mremote: Compressing objects:  88% (94/106)        [35m[LuaSnip] [0m[36m        clone[0m[90m | [0mremote: Compressing objects:  89% (95/106)        [35m[LuaSnip] [0m[36m        clone[0m[90m | [0mremote: Compressing objects:  90% (96/106)        [35m[LuaSnip] [0m[36m        clone[0m[90m | [0mremote: Compressing objects:  91% (97/106)        [35m[LuaSnip] [0m[36m        clone[0m[90m | [0mremote: Compressing objects:  92% (98/106)        [35m[LuaSnip] [0m[36m        clone[0m[90m | [0mremote: Compressing objects:  93% (99/106)        [35m[LuaSnip] [0m[36m        clone[0m[90m | [0mremote: Compressing objects:  94% (100/106)        [35m[LuaSnip] [0m[36m        clone[0m[90m | [0mremote: Compressing objects:  95% (101/106)        [35m[LuaSnip] [0m[36m        clone[0m[90m | [0mremote: Compressing objects:  96% (102/106)        [35m[LuaSnip] [0m[36m        clone[0m[90m | [0mremote: Compressing objects:  97% (103/106)        [35m[LuaSnip] [0m[36m        clone[0m[90m | [0mremote: Compressing objects:  98% (104/106)        [35m[LuaSnip] [0m[36m        clone[0m[90m | [0mremote: Compressing objects:  99% (105/106)        [35m[LuaSnip] [0m[36m        clone[0m[90m | [0mremote: Compressing objects: 100% (106/106)        [35m[LuaSnip] [0m[36m        clone[0m[90m | [0mremote: Compressing objects: 100% (106/106), done.        
[35m[LuaSnip] [0m[36m        clone[0m[90m | [0mReceiving objects:   0% (1/786)[35m[LuaSnip] [0m[36m        clone[0m[90m | [0mReceiving objects:   1% (8/786)[35m[LuaSnip] [0m[36m        clone[0m[90m | [0mReceiving objects:   2% (16/786)[35m[LuaSnip] [0m[36m        clone[0m[90m | [0mReceiving objects:   3% (24/786)[35m[LuaSnip] [0m[36m        clone[0m[90m | [0mReceiving objects:   4% (32/786)[35m[LuaSnip] [0m[36m        clone[0m[90m | [0mReceiving objects:   5% (40/786)[35m[LuaSnip] [0m[36m        clone[0m[90m | [0mReceiving objects:   6% (48/786)[35m[LuaSnip] [0m[36m        clone[0m[90m | [0mReceiving objects:   7% (56/786)[35m[LuaSnip] [0m[36m        clone[0m[90m | [0mReceiving objects:   8% (63/786)[35m[LuaSnip] [0m[36m        clone[0m[90m | [0mReceiving objects:   9% (71/786)[35m[LuaSnip] [0m[36m        clone[0m[90m | [0mReceiving objects:  10% (79/786)[35m[LuaSnip] [0m[36m        clone[0m[90m | [0mReceiving objects:  11% (87/786)[35m[LuaSnip] [0m[36m        clone[0m[90m | [0mReceiving objects:  12% (95/786)[35m[LuaSnip] [0m[36m        clone[0m[90m | [0mReceiving objects:  13% (103/786)[35m[LuaSnip] [0m[36m        clone[0m[90m | [0mReceiving objects:  14% (111/786)[35m[LuaSnip] [0m[36m        clone[0m[90m | [0mReceiving objects:  15% (118/786)[35m[LuaSnip] [0m[36m        clone[0m[90m | [0mReceiving objects:  16% (126/786)[35m[LuaSnip] [0m[36m        clone[0m[90m | [0mReceiving objects:  17% (134/786)[35m[LuaSnip] [0m[36m        clone[0m[90m | [0mReceiving objects:  18% (142/786)[35m[LuaSnip] [0m[36m        clone[0m[90m | [0mReceiving objects:  19% (150/786)[35m[LuaSnip] [0m[36m        clone[0m[90m | [0mReceiving objects:  20% (158/786)[35m[LuaSnip] [0m[36m        clone[0m[90m | [0mReceiving objects:  21% (166/786)[35m[LuaSnip] [0m[36m        clone[0m[90m | [0mReceiving objects:  22% (173/786)[35m[LuaSnip] [0m[36m        clone[0m[90m | [0mReceiving objects:  23% (181/786)[35m[LuaSnip] [0m[36m        clone[0m[90m | [0mReceiving objects:  24% (189/786)[35m[LuaSnip] [0m[36m        clone[0m[90m | [0mReceiving objects:  25% (197/786)[35m[LuaSnip] [0m[36m        clone[0m[90m | [0mReceiving objects:  26% (205/786)[35m[LuaSnip] [0m[36m        clone[0m[90m | [0mReceiving objects:  27% (213/786)[35m[LuaSnip] [0m[36m        clone[0m[90m | [0mReceiving objects:  28% (221/786)[35m[LuaSnip] [0m[36m        clone[0m[90m | [0mReceiving objects:  29% (228/786)[35m[LuaSnip] [0m[36m        clone[0m[90m | [0mReceiving objects:  30% (236/786)[35m[LuaSnip] [0m[36m        clone[0m[90m | [0mReceiving objects:  31% (244/786)[35m[LuaSnip] [0m[36m        clone[0m[90m | [0mReceiving objects:  32% (252/786)[35m[LuaSnip] [0m[36m        clone[0m[90m | [0mReceiving objects:  33% (260/786)[35m[LuaSnip] [0m[36m        clone[0m[90m | [0mReceiving objects:  34% (268/786)[35m[LuaSnip] [0m[36m        clone[0m[90m | [0mReceiving objects:  35% (276/786)[35m[LuaSnip] [0m[36m        clone[0m[90m | [0mReceiving objects:  36% (283/786)[35m[LuaSnip] [0m[36m        clone[0m[90m | [0mReceiving objects:  37% (291/786)[35m[LuaSnip] [0m[36m        clone[0m[90m | [0mReceiving objects:  38% (299/786)[35m[LuaSnip] [0m[36m        clone[0m[90m | [0mReceiving objects:  39% (307/786)[35m[LuaSnip] [0m[36m        clone[0m[90m | [0mReceiving objects:  40% (315/786)[35m[LuaSnip] [0m[36m        clone[0m[90m | [0mReceiving objects:  41% (323/786)[35m[LuaSnip] [0m[36m        clone[0m[90m | [0mReceiving objects:  42% (331/786)[35m[LuaSnip] [0m[36m        clone[0m[90m | [0mReceiving objects:  43% (338/786)[35m[LuaSnip] [0m[36m        clone[0m[90m | [0mReceiving objects:  44% (346/786)[35m[LuaSnip] [0m[36m        clone[0m[90m | [0mReceiving objects:  45% (354/786)[35m[LuaSnip] [0m[36m        clone[0m[90m | [0mReceiving objects:  46% (362/786)[35m[LuaSnip] [0m[36m        clone[0m[90m | [0mReceiving objects:  47% (370/786)[35m[LuaSnip] [0m[36m        clone[0m[90m | [0mReceiving objects:  48% (378/786)[35m[LuaSnip] [0m[36m        clone[0m[90m | [0mReceiving objects:  49% (386/786)[35m[LuaSnip] [0m[36m        clone[0m[90m | [0mReceiving objects:  50% (393/786)[35m[LuaSnip] [0m[36m        clone[0m[90m | [0mReceiving objects:  51% (401/786)[35m[LuaSnip] [0m[36m        clone[0m[90m | [0mReceiving objects:  52% (409/786)[35m[LuaSnip] [0m[36m        clone[0m[90m | [0mReceiving objects:  53% (417/786)[35m[LuaSnip] [0m[36m        clone[0m[90m | [0mReceiving objects:  54% (425/786)[35m[LuaSnip] [0m[36m        clone[0m[90m | [0mReceiving objects:  55% (433/786)[35m[LuaSnip] [0m[36m        clone[0m[90m | [0mReceiving objects:  56% (441/786)[35m[LuaSnip] [0m[36m        clone[0m[90m | [0mReceiving objects:  57% (449/786)[35m[LuaSnip] [0m[36m        clone[0m[90m | [0mReceiving objects:  58% (45[35m[LuaSnip] [0m[36m        clone[0m[90m | [0m6/786)[35m[LuaSnip] [0m[36m        clone[0m[90m | [0mReceiving objects:  59% (464/786)[35m[LuaSnip] [0m[36m        clone[0m[90m | [0mReceiving objects:  60% (472/786)[35m[LuaSnip] [0m[36m        clone[0m[90m | [0mReceiving objects:  61% (480/786)[35m[LuaSnip] [0m[36m        clone[0m[90m | [0mReceiving objects:  62% (488/786)[35m[LuaSnip] [0m[36m        clone[0m[90m | [0mReceiving objects:  63% (496/786)[35m[LuaSnip] [0m[36m        clone[0m[90m | [0mReceiving objects:  64% (504/786)[35m[LuaSnip] [0m[36m        clone[0m[90m | [0mReceiving objects:  65% (511/786)[35m[LuaSnip] [0m[36m        clone[0m[90m | [0mReceiving objects:  66% (519/786)[35m[LuaSnip] [0m[36m        clone[0m[90m | [0mReceiving objects:  67% (527/786)[35m[LuaSnip] [0m[36m        clone[0m[90m | [0mReceiving objects:  68% (535/786)[35m[LuaSnip] [0m[36m        clone[0m[90m | [0mReceiving objects:  69% (543/786)[35m[LuaSnip] [0m[36m        clone[0m[90m | [0mReceiving objects:  70% (551/786)[35m[LuaSnip] [0m[36m        clone[0m[90m | [0mReceiving objects:  71% (559/786)[35m[LuaSnip] [0m[36m        clone[0m[90m | [0mReceiving objects:  72% (566/786)[35m[LuaSnip] [0m[36m        clone[0m[90m | [0mReceiving objects:  73% (574/786)[35m[LuaSnip] [0m[36m        clone[0m[90m | [0mReceiving objects:  74% (582/786)[35m[LuaSnip] [0m[36m        clone[0m[90m | [0mReceiving objects:  75% (590/786)[35m[LuaSnip] [0m[36m        clone[0m[90m | [0mReceiving objects:  76% (598/786)[35m[LuaSnip] [0m[36m        clone[0m[90m | [0mReceiving objects:  77% (606/786)[35m[LuaSnip] [0m[36m        clone[0m[90m | [0mReceiving objects:  78% (614/786)[35m[LuaSnip] [0m[36m        clone[0m[90m | [0mReceiving objects:  79% (621/786)[35m[LuaSnip] [0m[36m        clone[0m[90m | [0mReceiving objects:  80% (629/786)[35m[LuaSnip] [0m[36m        clone[0m[90m | [0mReceiving objects:  81% (637/786)[35m[LuaSnip] [0m[36m        clone[0m[90m | [0mReceiving objects:  82% (645/786)[35m[LuaSnip] [0m[36m        clone[0m[90m | [0mReceiving objects:  83% (653/786)[35m[LuaSnip] [0m[36m        clone[0m[90m | [0mReceiving objects:  84% (661/786)[35m[LuaSnip] [0m[36m        clone[0m[90m | [0mReceiving objects:  85% (669/786)[35m[LuaSnip] [0m[36m        clone[0m[90m | [0mReceiving objects:  86% (676/786)[35m[LuaSnip] [0m[36m        clone[0m[90m | [0mReceiving objects:  87% (684/786)[35m[LuaSnip] [0m[36m        clone[0m[90m | [0mReceiving objects:  88% (692/786)[35m[LuaSnip] [0m[36m        clone[0m[90m | [0mReceiving objects:  89% (700/786)[35m[LuaSnip] [0m[36m        clone[0m[90m | [0mReceiving objects:  90% (708/786)[35m[LuaSnip] [0m[36m        clone[0m[90m | [0mReceiving objects:  91% (716/786)[35m[LuaSnip] [0m[36m        clone[0m[90m | [0mReceiving objects:  92% (724/786)[35m[LuaSnip] [0m[36m        clone[0m[90m | [0mReceiving objects:  93% (731/786)[35m[LuaSnip] [0m[36m        clone[0m[90m | [0mReceiving objects:  94% (739/786)[35m[LuaSnip] [0m[36m        clone[0m[90m | [0mReceiving objects:  95% (747/786)[35m[LuaSnip] [0m[36m        clone[0m[90m | [0mReceiving objects:  96% (755/786)[35m[LuaSnip] [0m[36m        clone[0m[90m | [0mReceiving objects:  97% (763/786)[35m[LuaSnip] [0m[36m        clone[0m[90m | [0mReceiving objects:  98% (771/786)[35m[LuaSnip] [0m[36m        clone[0m[90m | [0mremote: Total 786 (delta 143), reused 164 (delta 116), pack-reused 548 (from 2)        
[35m[LuaSnip] [0m[36m        clone[0m[90m | [0mReceiving objects:  99% (779/786)[35m[LuaSnip] [0m[36m        clone[0m[90m | [0mReceiving objects: 100% (786/786)[35m[LuaSnip] [0m[36m        clone[0m[90m | [0mReceiving objects: 100% (786/786), 482.38 KiB | 5.08 MiB/s, done.
[35m[LuaSnip] [0m[36m        clone[0m[90m | [0mResolving deltas:   0% (0/449)[35m[LuaSnip] [0m[36m        clone[0m[90m | [0mResolving deltas:   1% (8/449)[35m[LuaSnip] [0m[36m        clone[0m[90m | [0mResolving deltas:   2% (9/449)[35m[LuaSnip] [0m[36m        clone[0m[90m | [0mResolving deltas:   3% (14/449)[35m[LuaSnip] [0m[36m        clone[0m[90m | [0mResolving deltas:   4% (18/449)[35m[LuaSnip] [0m[36m        clone[0m[90m | [0mResolving deltas:   5% (23/449)[35m[LuaSnip] [0m[36m        clone[0m[90m | [0mResolving deltas:   6% (27/449)[35m[LuaSnip] [0m[36m        clone[0m[90m | [0mResolving deltas:   7% (32/449)[35m[LuaSnip] [0m[36m        clone[0m[90m | [0mResolving deltas:   8% (36/449)[35m[LuaSnip] [0m[36m        clone[0m[90m | [0mResolving deltas:   9% (41/449)[35m[LuaSnip] [0m[36m        clone[0m[90m | [0mResolving deltas:  10% (45/449)[35m[LuaSnip] [0m[36m        clone[0m[90m | [0mResolving deltas:  11% (52/449)[35m[LuaSnip] [0m[36m        clone[0m[90m | [0mResolving deltas:  12% (54/449)[35m[LuaSnip] [0m[36m        clone[0m[90m | [0mResolving deltas:  13% (59/449)[35m[LuaSnip] [0m[36m        clone[0m[90m | [0mResolving deltas:  14% (63/449)[35m[LuaSnip] [0m[36m        clone[0m[90m | [0mResolving deltas:  15% (70/449)[35m[LuaSnip] [0m[36m        clone[0m[90m | [0mResolving deltas:  16% (73/449)[35m[LuaSnip] [0m[36m        clone[0m[90m | [0mResolving deltas:  17% (77/449)[35m[LuaSnip] [0m[36m        clone[0m[90m | [0mResolving deltas:  18% (81/449)[35m[LuaSnip] [0m[36m        clone[0m[90m | [0mResolving deltas:  19% (86/449)[35m[LuaSnip] [0m[36m        clone[0m[90m | [0mResolving deltas:  20% (90/449)[35m[LuaSnip] [0m[36m        clone[0m[90m | [0mResolving deltas:  21% (95/449)[35m[LuaSnip] [0m[36m        clone[0m[90m | [0mResolving deltas:  22% (100/449)[35m[LuaSnip] [0m[36m        clone[0m[90m | [0mResolving deltas:  23% (104/449)[35m[LuaSnip] [0m[36m        clone[0m[90m | [0mResolving deltas:  24% (109/449)[35m[LuaSnip] [0m[36m        clone[0m[90m | [0mResolving deltas:  25% (113/449)[35m[LuaSnip] [0m[36m        clone[0m[90m | [0mResolving deltas:  26% (117/449)[35m[LuaSnip] [0m[36m        clone[0m[90m | [0mResolving deltas:  27% (122/449)[35m[LuaSnip] [0m[36m        clone[0m[90m | [0mResolving deltas:  28% (126/449)[35m[LuaSnip] [0m[36m        clone[0m[90m | [0mResolving deltas:  29% (131/449)[35m[LuaSnip] [0m[36m        clone[0m[90m | [0mResolving deltas:  30% (136/449)[35m[LuaSnip] [0m[36m        clone[0m[90m | [0mResolving deltas:  31% (141/449)[35m[LuaSnip] [0m[36m        clone[0m[90m | [0mResolving deltas:  32% (147/449)[35m[LuaSnip] [0m[36m        clone[0m[90m | [0mResolving deltas:  33% (149/449)[35m[LuaSnip] [0m[36m        clone[0m[90m | [0mResolving deltas:  34% (153/449)[35m[LuaSnip] [0m[36m        clone[0m[90m | [0mResolving deltas:  35% (158/449)[35m[LuaSnip] [0m[36m        clone[0m[90m | [0mResolving deltas:  36% (162/449)[35m[LuaSnip] [0m[36m        clone[0m[90m | [0mResolving deltas:  37% (167/449)[35m[LuaSnip] [0m[36m        clone[0m[90m | [0mResolving deltas:  38% (171/449)[35m[LuaSnip] [0m[36m        clone[0m[90m | [0mResolving deltas:  39% (176/449)[35m[LuaSnip] [0m[36m        clone[0m[90m | [0mResolving deltas:  40% (181/449)[35m[LuaSnip] [0m[36m        clone[0m[90m | [0mResolving deltas:  41% (185/449)[35m[LuaSnip] [0m[36m        clone[0m[90m | [0mResolving deltas:  42% (189/449)[35m[LuaSnip] [0m[36m        clone[0m[90m | [0mResolving deltas:  43% (194/449)[35m[LuaSnip] [0m[36m        clone[0m[90m | [0mResolving deltas:  44% (198/449)[35m[LuaSnip] [0m[36m        clone[0m[90m | [0mResolving deltas:  45% (203/449)[35m[LuaSnip] [0m[36m        clone[0m[90m | [0mResolving deltas:  46% (207/449)[35m[LuaSnip] [0m[36m        clone[0m[90m | [0mResolving deltas:  47% (214/449)[35m[LuaSnip] [0m[36m        clone[0m[90m | [0mResolving deltas:  48% (216/449)[35m[LuaSnip] [0m[36m        clone[0m[90m | [0mResolving deltas:  49% (221/449)[35m[LuaSnip] [0m[36m        clone[0m[90m | [0mResolving deltas:  50% (226/449)[35m[LuaSnip] [0m[36m        clone[0m[90m | [0mResolving deltas:  51% (230/449)[35m[LuaSnip] [0m[36m        clone[0m[90m | [0mResolving deltas:  52% (235/449)[35m[LuaSnip] [0m[36m        clone[0m[90m | [0mResolving deltas:  53% (238/449)[35m[LuaSnip] [0m[36m        clone[0m[90m | [0mResolving deltas:  54% (243/449)[35m[LuaSnip] [0m[36m        clone[0m[90m | [0mResolving deltas:  55% (247/449)[35m[LuaSnip] [0m[36m        clone[0m[90m | [0mResolving deltas:  56% (252/449)[35m[LuaSnip] [0m[36m        clone[0m[90m | [0mResolving deltas:  57% (256/449)[35m[LuaSnip] [0m[36m        clone[0m[90m | [0mResolving deltas:  58% (261/449)[35m[LuaSnip] [0m[36m        clone[0m[90m | [0mResolving deltas:  59% (266/449)[35m[LuaSnip] [0m[36m        clone[0m[90m | [0mResolving deltas:  60% (271/449)[35m[LuaSnip] [0m[36m        clone[0m[90m | [0mResolving deltas:  61% (275/449)[35m[LuaSnip] [0m[36m        clone[0m[90m | [0mResolving deltas:  62% (279/449)[35m[LuaSnip] [0m[36m        clone[0m[90m | [0mResolving deltas:  63% (284/449)[35m[LuaSnip] [0m[36m        clone[0m[90m | [0mResolving deltas:  64% (288/449)[35m[LuaSnip] [0m[36m        clone[0m[90m | [0mResolving deltas:  65% (293/449)[35m[LuaSnip] [0m[36m        clone[0m[90m | [0mResolving deltas:  66% (297/449)[35m[LuaSnip] [0m[36m        clone[0m[90m | [0mResolving deltas:  67% (301/449)[35m[LuaSnip] [0m[36m        clone[0m[90m | [0mResolving deltas:  68% (306/449)[35m[LuaSnip] [0m[36m        clone[0m[90m | [0mResolving deltas:  69% (311/449)[35m[LuaSnip] [0m[36m        clone[0m[90m | [0mResolving deltas:  70% (315/449)[35m[LuaSnip] [0m[36m        clone[0m[90m | [0mResolving deltas:  71% (319/449)[35m[LuaSnip] [0m[36m        clone[0m[90m | [0mResolving deltas:  72% (324/449)[35m[LuaSnip] [0m[36m        clone[0m[90m | [0mResolving deltas:  73% (329/449)[35m[LuaSnip] [0m[36m        clone[0m[90m | [0mResolving deltas:  74% (333/449)[35m[LuaSnip] [0m[36m        clone[0m[90m | [0mResolving deltas:  75% (337/449)[35m[LuaSnip] [0m[36m        clone[0m[90m | [0mResolving deltas:  76% ([35m[LuaSnip] [0m[36m        clone[0m[90m | [0m342/449)[35m[LuaSnip] [0m[36m        clone[0m[90m | [0mResolving deltas:  77% (346/449)[35m[LuaSnip] [0m[36m        clone[0m[90m | [0mResolving deltas:  78% (351/449)[35m[LuaSnip] [0m[36m        clone[0m[90m | [0mResolving deltas:  79% (355/449)[35m[LuaSnip] [0m[36m        clone[0m[90m | [0mResolving deltas:  80% (362/449)[35m[LuaSnip] [0m[36m        clone[0m[90m | [0mResolving deltas:  81% (364/449)[35m[LuaSnip] [0m[36m        clone[0m[90m | [0mResolving deltas:  82% (369/449)[35m[LuaSnip] [0m[36m        clone[0m[90m | [0mResolving deltas:  83% (373/449)[35m[LuaSnip] [0m[36m        clone[0m[90m | [0mResolving deltas:  84% (378/449)[35m[LuaSnip] [0m[36m        clone[0m[90m | [0mResolving deltas:  85% (383/449)[35m[LuaSnip] [0m[36m        clone[0m[90m | [0mResolving deltas:  86% (388/449)[35m[LuaSnip] [0m[36m        clone[0m[90m | [0mResolving deltas:  87% (391/449)[35m[LuaSnip] [0m[36m        clone[0m[90m | [0mResolving deltas:  88% (396/449)[35m[LuaSnip] [0m[36m        clone[0m[90m | [0mResolving deltas:  89% (400/449)[35m[LuaSnip] [0m[36m        clone[0m[90m | [0mResolving deltas:  90% (407/449)[35m[LuaSnip] [0m[36m        clone[0m[90m | [0mResolving deltas:  91% (409/449)[35m[LuaSnip] [0m[36m        clone[0m[90m | [0mResolving deltas:  92% (414/449)[35m[LuaSnip] [0m[36m        clone[0m[90m | [0mResolving deltas:  93% (418/449)[35m[LuaSnip] [0m[36m        clone[0m[90m | [0mResolving deltas:  94% (423/449)[35m[LuaSnip] [0m[36m        clone[0m[90m | [0mResolving deltas:  95% (427/449)[35m[LuaSnip] [0m[36m        clone[0m[90m | [0mResolving deltas:  96% (432/449)[35m[LuaSnip] [0m[36m        clone[0m[90m | [0mResolving deltas:  97% (436/449)[35m[LuaSnip] [0m[36m        clone[0m[90m | [0mResolving deltas:  98% (441/449)[35m[LuaSnip] [0m[36m        clone[0m[90m | [0mResolving deltas:  99% (445/449)[35m[LuaSnip] [0m[36m        clone[0m[90m | [0mResolving deltas: 100% (449/449)[35m[LuaSnip] [0m[36m        clone[0m[90m | [0mResolving deltas: 100% (449/449), done.
[35m[snacks.nvim] [0m[36m    clone[0m[90m | [0m[34mFinished task clone in 6523ms[0m
[35m[LuaSnip] [0m[36m        clone[0m[90m | [0mSubmodule path 'deps/jsregexp': checked out '558d5b567a8a6a391ec578f3e763f43fd4126abc'
[35m[snacks.nvim] [0m[36m checkout[0m[90m | [0m[34mRunning task checkout[0m
[35m[snacks.nvim] [0m[36m checkout[0m[90m | [0m[34mFinished task checkout in 21ms[0m
[35m[snacks.nvim] [0m[36m     docs[0m[90m | [0m[34mRunning task docs[0m
[35m[snacks.nvim] [0m[36m     docs[0m[90m | [0m
[35m[snacks.nvim] [0m[36m     docs[0m[90m | [0m[34mFinished task docs in 317ms[0m
[35m[LuaSnip] [0m[36m        clone[0m[90m | [0m[34mFinished task clone in 22527ms[0m
[35m[LuaSnip] [0m[36m     checkout[0m[90m | [0m[34mRunning task checkout[0m
[35m[LuaSnip] [0m[36m     checkout[0m[90m | [0m[34mFinished task checkout in 10ms[0m
[35m[LuaSnip] [0m[36m         docs[0m[90m | [0m[34mRunning task docs[0m
[35m[LuaSnip] [0m[36m         docs[0m[90m | [0m
[35m[LuaSnip] [0m[36m         docs[0m[90m | [0m[34mFinished task docs in 13ms[0m
[35m[nvim-treesitter] [0m[36mbuild[0m[90m | [0m[34mRunning task build[0m
[35m[nvim-treesitter] [0m[36mbuild[0m[90m | [0m[34mFinished task build in 147ms[0m
[35m[LuaSnip] [0m[36m        clone[0m[90m | [0mSubmodule path 'deps/jsregexp005': checked out 'dd65498ae2c29b882d6c02c0a30577b08d660b94'
[35m[LuaSnip] [0m[36m        clone[0m[90m | [0mSubmodule path 'deps/jsregexp006': checked out 'b5a81e21d0875667ba2458ac8ae903afd5568698'
Error in C:\Users\tOpGuNN\AppData\Local\nvim\init.lua:
Unmet requirements for **nvim-treesitter** `main`:
- ✅ `C compiler`
- ✅ `curl`
- ✅ `tar`
- ❌ `tree-sitter (CLI)`

See the requirements at [nvim-treesitter](https://github.com/nvim-treesitter/nvim-treesitter/tree/main?tab=readme-ov-file#requirements)
Run `:checkhealth nvim-treesitter` for more information.

`mason.nvim` is disabled in your config, so we cannot install it automatically.[35m[SchemaStore.nvim] [0m[36mclone[0m[90m | [0m[34mRunning task clone[0m
[35m[blink.cmp] [0m[36m      clone[0m[90m | [0m[34mRunning task clone[0m
[35m[flash.nvim] [0m[36m     clone[0m[90m | [0m[34mRunning task clone[0m
[35m[grug-far.nvim] [0m[36m  clone[0m[90m | [0m[34mRunning task clone[0m
[35m[lualine.nvim] [0m[36m   clone[0m[90m | [0m[34mRunning task clone[0m
[35m[mason-lspconfig.nvim] [0m[36mclone[0m[90m | [0m[34mRunning task clone[0m
[35m[mason.nvim] [0m[36m     clone[0m[90m | [0m[34mRunning task clone[0m
[35m[mini.ai] [0m[36m        clone[0m[90m | [0m[34mRunning task clone[0m
[35m[mini.hipatterns] [0m[36mclone[0m[90m | [0m[34mRunning task clone[0m
[35m[mini.icons] [0m[36m     clone[0m[90m | [0m[34mRunning task clone[0m
[35m[mini.pairs] [0m[36m     clone[0m[90m | [0m[34mRunning task clone[0m
[35m[noice.nvim] [0m[36m     clone[0m[90m | [0m[34mRunning task clone[0m
[35m[nui.nvim] [0m[36m       clone[0m[90m | [0m[34mRunning task clone[0m
[35m[nvim-lint] [0m[36m      clone[0m[90m | [0m[34mRunning task clone[0m
[35m[nvim-treesitter-textobjects] [0m[36mclone[0m[90m | [0m[34mRunning task clone[0m
[35m[nvim-ts-autotag] [0m[36mclone[0m[90m | [0m[34mRunning task clone[0m
[35m[persistence.nvim] [0m[36mclone[0m[90m | [0m[34mRunning task clone[0m
[35m[todo-comments.nvim] [0m[36mclone[0m[90m | [0m[34mRunning task clone[0m
[35m[trouble.nvim] [0m[36m   clone[0m[90m | [0m[34mRunning task clone[0m
[35m[ts-comments.nvim] [0m[36mclone[0m[90m | [0m[34mRunning task clone[0m
[35m[yanky.nvim] [0m[36m     clone[0m[90m | [0m[34mRunning task clone[0m
[35m[SchemaStore.nvim] [0m[36mclone[0m[90m | [0mCloning into 'C:/Users/tOpGuNN/AppData/Local/nvim-data/lazy/SchemaStore.nvim'...
[35m[blink.cmp] [0m[36m      clone[0m[90m | [0mCloning into 'C:/Users/tOpGuNN/AppData/Local/nvim-data/lazy/blink.cmp'...
[35m[flash.nvim] [0m[36m     clone[0m[90m | [0mCloning into 'C:/Users/tOpGuNN/AppData/Local/nvim-data/lazy/flash.nvim'...
[35m[grug-far.nvim] [0m[36m  clone[0m[90m | [0mCloning into 'C:/Users/tOpGuNN/AppData/Local/nvim-data/lazy/grug-far.nvim'...
[35m[lualine.nvim] [0m[36m   clone[0m[90m | [0mCloning into 'C:/Users/tOpGuNN/AppData/Local/nvim-data/lazy/lualine.nvim'...
[35m[mason-lspconfig.nvim] [0m[36mclone[0m[90m | [0mCloning into 'C:/Users/tOpGuNN/AppData/Local/nvim-data/lazy/mason-lspconfig.nvim'...
[35m[mason.nvim] [0m[36m     clone[0m[90m | [0mCloning into 'C:/Users/tOpGuNN/AppData/Local/nvim-data/lazy/mason.nvim'...
[35m[mini.ai] [0m[36m        clone[0m[90m | [0mCloning into 'C:/Users/tOpGuNN/AppData/Local/nvim-data/lazy/mini.ai'...
[35m[mini.hipatterns] [0m[36mclone[0m[90m | [0mCloning into 'C:/Users/tOpGuNN/AppData/Local/nvim-data/lazy/mini.hipatterns'...
[35m[mini.icons] [0m[36m     clone[0m[90m | [0mCloning into 'C:/Users/tOpGuNN/AppData/Local/nvim-data/lazy/mini.icons'...
[35m[mini.pairs] [0m[36m     clone[0m[90m | [0mCloning into 'C:/Users/tOpGuNN/AppData/Local/nvim-data/lazy/mini.pairs'...
[35m[nvim-lint] [0m[36m      clone[0m[90m | [0mCloning into 'C:/Users/tOpGuNN/AppData/Local/nvim-data/lazy/nvim-lint'...
[35m[noice.nvim] [0m[36m     clone[0m[90m | [0mCloning into 'C:/Users/tOpGuNN/AppData/Local/nvim-data/lazy/noice.nvim'...
[35m[nui.nvim] [0m[36m       clone[0m[90m | [0mCloning into 'C:/Users/tOpGuNN/AppData/Local/nvim-data/lazy/nui.nvim'...
[35m[nvim-treesitter-textobjects] [0m[36mclone[0m[90m | [0mCloning into 'C:/Users/tOpGuNN/AppData/Local/nvim-data/lazy/nvim-treesitter-textobjects'...
[35m[trouble.nvim] [0m[36m   clone[0m[90m | [0mCloning into 'C:/Users/tOpGuNN/AppData/Local/nvim-data/lazy/trouble.nvim'...
[35m[persistence.nvim] [0m[36mclone[0m[90m | [0mCloning into 'C:/Users/tOpGuNN/AppData/Local/nvim-data/lazy/persistence.nvim'...
[35m[nvim-ts-autotag] [0m[36mclone[0m[90m | [0mCloning into 'C:/Users/tOpGuNN/AppData/Local/nvim-data/lazy/nvim-ts-autotag'...
[35m[yanky.nvim] [0m[36m     clone[0m[90m | [0mCloning into 'C:/Users/tOpGuNN/AppData/Local/nvim-data/lazy/yanky.nvim'...
[35m[ts-comments.nvim] [0m[36mclone[0m[90m | [0mCloning into 'C:/Users/tOpGuNN/AppData/Local/nvim-data/lazy/ts-comments.nvim'...
[35m[todo-comments.nvim] [0m[36mclone[0m[90m | [0mCloning into 'C:/Users/tOpGuNN/AppData/Local/nvim-data/lazy/todo-comments.nvim'...
[35m[SchemaStore.nvim] [0m[36mclone[0m[90m | [0mremote: Enumerating objects: 4101, done.        
[35m[SchemaStore.nvim] [0m[36mclone[0m[90m | [0mremote: Counting objects:   0% (1/538)        [35m[SchemaStore.nvim] [0m[36mclone[0m[90m | [0mremote: Counting objects:   1% (6/538)        [35m[SchemaStore.nvim] [0m[36mclone[0m[90m | [0mremote: Counting objects:   2% (11/538)        [35m[SchemaStore.nvim] [0m[36mclone[0m[90m | [0mremote: Counting objects:   3% (17/538)        [35m[SchemaStore.nvim] [0m[36mclone[0m[90m | [0mremote: Counting objects:   4% (22/538)        [35m[SchemaStore.nvim] [0m[36mclone[0m[90m | [0mremote: Counting objects:   5% (27/538)        [35m[SchemaStore.nvim] [0m[36mclone[0m[90m | [0mremote: Counting objects:   6% (33/538)        [35m[SchemaStore.nvim] [0m[36mclone[0m[90m | [0mremote: Counting objects:   7% (38/538)        [35m[SchemaStore.nvim] [0m[36mclone[0m[90m | [0mremote: Counting objects:   8% (44/538)        [35m[SchemaStore.nvim] [0m[36mclone[0m[90m | [0mremote: Counting objects:   9% (49/538)        [35m[SchemaStore.nvim] [0m[36mclone[0m[90m | [0mremote: Counting objects:  10% (54/538)        [35m[SchemaStore.nvim] [0m[36mclone[0m[90m | [0mremote: Counting objects:  11% (60/538)        [35m[SchemaStore.nvim] [0m[36mclone[0m[90m | [0mremote: Counting objects:  12% (65/538)        [35m[SchemaStore.nvim] [0m[36mclone[0m[90m | [0mremote: Counting objects:  13% (70/538)        [35m[SchemaStore.nvim] [0m[36mclone[0m[90m | [0mremote: Counting objects:  14% (76/538)        [35m[SchemaStore.nvim] [0m[36mclone[0m[90m | [0mremote: Counting objects:  15% (81/538)        [35m[SchemaStore.nvim] [0m[36mclone[0m[90m | [0mremote: Counting objects:  16% (87/538)        [35m[SchemaStore.nvim] [0m[36mclone[0m[90m | [0mremote: Counting objects:  17% (92/538)        [35m[SchemaStore.nvim] [0m[36mclone[0m[90m | [0mremote: Counting objects:  18% (97/538)        [35m[SchemaStore.nvim] [0m[36mclone[0m[90m | [0mremote: Counting objects:  19% (103/538)        [35m[SchemaStore.nvim] [0m[36mclone[0m[90m | [0mremote: Counting objects:  20% (108/538)        [35m[SchemaStore.nvim] [0m[36mclone[0m[90m | [0mremote: Counting objects:  21% (113/538)        [35m[SchemaStore.nvim] [0m[36mclone[0m[90m | [0mremote: Counting objects:  22% (119/538)        [35m[SchemaStore.nvim] [0m[36mclone[0m[90m | [0mremote: Counting objects:  23% (124/538)        [35m[SchemaStore.nvim] [0m[36mclone[0m[90m | [0mremote: Counting objects:  24% (130/538)        [35m[SchemaStore.nvim] [0m[36mclone[0m[90m | [0mremote: Counting objects:  25% (135/538)        [35m[SchemaStore.nvim] [0m[36mclone[0m[90m | [0mremote: Counting objects:  26% (140/538)        [35m[SchemaStore.nvim] [0m[36mclone[0m[90m | [0mremote: Counting objects:  27% (146/538)        [35m[SchemaStore.nvim] [0m[36mclone[0m[90m | [0mremote: Counting objects:  28% (151/538)        [35m[SchemaStore.nvim] [0m[36mclone[0m[90m | [0mremote: Counting objects:  29% (157/538)        [35m[SchemaStore.nvim] [0m[36mclone[0m[90m | [0mremote: Counting objects:  30% (162/538)        [35m[SchemaStore.nvim] [0m[36mclone[0m[90m | [0mremote: Counting objects:  31% (167/538)        [35m[SchemaStore.nvim] [0m[36mclone[0m[90m | [0mremote: Counting objects:  32% (173/538)        [35m[SchemaStore.nvim] [0m[36mclone[0m[90m | [0mremote: Counting objects:  33% (178/538)        [35m[SchemaStore.nvim] [0m[36mclone[0m[90m | [0mremote: Counting objects:  34% (183/538)        [35m[SchemaStore.nvim] [0m[36mclone[0m[90m | [0mremote: Counting objects:  35% (189/538)        [35m[SchemaStore.nvim] [0m[36mclone[0m[90m | [0mremote: Counting objects:  36% (194/538)        [35m[SchemaStore.nvim] [0m[36mclone[0m[90m | [0mremote: Counting objects:  37% (200/538)        [35m[SchemaStore.nvim] [0m[36mclone[0m[90m | [0mremote: Counting objects:  38% (205/538)        [35m[SchemaStore.nvim] [0m[36mclone[0m[90m | [0mremote: Counting objects:  39% (210/538)        [35m[SchemaStore.nvim] [0m[36mclone[0m[90m | [0mremote: Counting objects:  40% (216/538)        [35m[SchemaStore.nvim] [0m[36mclone[0m[90m | [0mremote: Counting objects:  41% (221/538)        [35m[SchemaStore.nvim] [0m[36mclone[0m[90m | [0mremote: Counting objects:  42% (226/538)        [35m[SchemaStore.nvim] [0m[36mclone[0m[90m | [0mremote: Counting objects:  43% (232/538)        [35m[SchemaStore.nvim] [0m[36mclone[0m[90m | [0mremote: Counting objects:  44% (237/538)        [35m[SchemaStore.nvim] [0m[36mclone[0m[90m | [0mremote: Counting objects:  45% (243/538)        [35m[SchemaStore.nvim] [0m[36mclone[0m[90m | [0mremote: Counting objects:  46% (248/538)        [35m[SchemaStore.nvim] [0m[36mclone[0m[90m | [0mremote: Counting objects:  47% (253/538)        [35m[SchemaStore.nvim] [0m[36mclone[0m[90m | [0mremote: Counting objects:  48% (259/538)        [35m[SchemaStore.nvim] [0m[36mclone[0m[90m | [0mremote: Counting objects:  49% (264/538)        [35m[SchemaStore.nvim] [0m[36mclone[0m[90m | [0mremote: Counting objects:  50% (269/538)        [35m[SchemaStore.nvim] [0m[36mclone[0m[90m | [0mremote: Counting objects:  51% (275/538)        [35m[SchemaStore.nvim] [0m[36mclone[0m[90m | [0mremote: Counting objects:  52% (280/538)        [35m[SchemaStore.nvim] [0m[36mclone[0m[90m | [0mremote: Counting objects:  53% (286/538)        [35m[SchemaStore.nvim] [0m[36mclone[0m[90m | [0mremote: Counting objects:  54% (291/538)        [35m[SchemaStore.nvim] [0m[36mclone[0m[90m | [0mremote: Counting objects:  55% (296/538)        [35m[SchemaStore.nvim] [0m[36mclone[0m[90m | [0mremote: Counting objects:  56% (302/538)        [35m[SchemaStore.nvim] [0m[36mclone[0m[90m | [0mremote: Counting objects:  57% (307/538)        [35m[SchemaStore.nvim] [0m[36mclone[0m[90m | [0mremote: Counting objects:  58% (313/538)        [35m[SchemaStore.nvim] [0m[36mclone[0m[90m | [0mremote: Counting objects:  59% (318/538)        [35m[SchemaStore.nvim] [0m[36mclone[0m[90m | [0mremote: Counting objects:  60% (323/538)        [35m[SchemaStore.nvim] [0m[36mclone[0m[90m | [0mremote: Counting objects:  61% (329/538)        [35m[SchemaStore.nvim] [0m[36mclone[0m[90m | [0mremote: Counting objects:  62% (334/538)        [35m[SchemaStore.nvim] [0m[36mclone[0m[90m | [0mremote: Counting objects:  63% (339/538)        [35m[SchemaStore.nvim] [0m[36mclone[0m[90m | [0mremote: Counting objects:  64% (345/538)        [35m[SchemaStore.nvim] [0m[36mclone[0m[90m | [0mremote: Counting objects:  65% (350/538)        [35m[SchemaStore.nvim] [0m[36mclone[0m[90m | [0mremote: Counting objects:  66% (356/538)        [35m[SchemaStore.nvim] [0m[36mclone[0m[90m | [0mremote: Counting objects:  67% (361/538)        [35m[SchemaStore.nvim] [0m[36mclone[0m[90m | [0mremote: Counting objects:  68% (366/538)        [35m[SchemaStore.nvim] [0m[36mclone[0m[90m | [0mremote: Counting objects:  69% (372/538)        [35m[SchemaStore.nvim] [0m[36mclone[0m[90m | [0mremote: Counting objects:  70% (377/538)        [35m[SchemaStore.nvim] [0m[36mclone[0m[90m | [0mremote: Counting objects:  71% (382/538)        [35m[SchemaStore.nvim] [0m[36mclone[0m[90m | [0mremote: Counting objects:  72% (388/538)        [35m[SchemaStore.nvim] [0m[36mclone[0m[90m | [0mremote: Counting objects:  73% (393/538)        [35m[SchemaStore.nvim] [0m[36mclone[0m[90m | [0mremote: Counting objects:  74% (399/538)        [35m[SchemaStore.nvim] [0m[36mclone[0m[90m | [0mremote: Counting objects:  75% (404/538)        [35m[SchemaStore.nvim] [0m[36mclone[0m[90m | [0mremote: Counting objects:  76% (409/538)        [35m[SchemaStore.nvim] [0m[36mclone[0m[90m | [0mremote: Counting objects:  77% (415/538)        [35m[SchemaStore.nvim] [0m[36mclone[0m[90m | [0mremote: Counting objects:  78% (420/538)        [35m[SchemaStore.nvim] [0m[36mclone[0m[90m | [0mremote: Counting objects:  79% (426/538)        [35m[SchemaStore.nvim] [0m[36mclone[0m[90m | [0mremote: Counting objects:  80% (431/538)        [35m[SchemaStore.nvim] [0m[36mclone[0m[90m | [0mremote: Counting objects:  81% (436/538)        [35m[SchemaStore.nvim] [0m[36mclone[0m[90m | [0mremote: Counting objects:  82% (442/538)        [35m[SchemaStore.nvim] [0m[36mclone[0m[90m | [0mremote: Counting objects:  83% (447/538)        [35m[SchemaStore.nvim] [0m[36mclone[0m[90m | [0mremote: Counting objects:  84% (452/538)        [35m[SchemaStore.nvim] [0m[36mclone[0m[90m | [0mremote: Counting objects:  85% (458/538)        [35m[SchemaStore.nvim] [0m[36mclone[0m[90m | [0mremote: Counting objects:  86% (463/538)        [35m[SchemaStore.nvim] [0m[36mclone[0m[90m | [0mremote: Counting objects:  87% (469/538)        [35m[SchemaStore.nvim] [0m[36mclone[0m[90m | [0mremote: Counting objects:  88% (474/538)        [35m[SchemaStore.nvim] [0m[36mclone[0m[90m | [0mremote: Counting objects:  89% (479/538)        [35m[SchemaStore.nvim] [0m[36mclone[0m[90m | [0mremote: Counting objects:  90% (485/538)        [35m[SchemaStore.nvim] [0m[36mclone[0m[90m | [0mremote: Counting objects:  91% (490/538)        [35m[SchemaStore.nvim] [0m[36mclone[0m[90m | [0mremote: Counting objects:  92% (495/538)        [35m[SchemaStore.nvim] [0m[36mclone[0m[90m | [0mremote: Counting objects:  93% (501/538)        [35m[SchemaStore.nvim] [0m[36mclone[0m[90m | [0mremote: Counting objects:  94% (506/538)        [35m[SchemaStore.nvim] [0m[36mclone[0m[90m | [0mremote: Counting objects:  95% (512/538)        [35m[SchemaStore.nvim] [0m[36mclone[0m[90m | [0mremote: Counting objects:  96% (517/538)        [35m[SchemaStore.nvim] [0m[36mclone[0m[90m | [0mremote: Counting objects:  97% (522/538)        [35m[SchemaStore.nvim] [0m[36mclone[0m[90m | [0mremote: Counting objects:  98% (528/538)        [35m[SchemaStore.nvim] [0m[36mclone[0m[90m | [0mremote: Counting objects:  99% (533/538)        [35m[SchemaStore.nvim] [0m[36mclone[0m[90m | [0mremote: Counting objects: 100% (538/538)        [35m[SchemaStore.nvim] [0m[36mclone[0m[90m | [0mremote: Counting objects: 100% (538/538), done.        
[35m[SchemaStore.nvim] [0m[36mclone[0m[90m | [0mremote: Compressing objects:   0% (1/103)        [35m[SchemaStore.nvim] [0m[36mclone[0m[90m | [0mremote: Compressing objects:   1% (2/103)        [35m[SchemaStore.nvim] [0m[36mclone[0m[90m | [0mremote: Compressing objects:   2% (3/103)        [35m[SchemaStore.nvim] [0m[36mclone[0m[90m | [0mremote: Compressing objects:   3% (4/103)        [35m[SchemaStore.nvim] [0m[36mclone[0m[90m | [0mremote: Compressing objects:   4% (5/103)        [35m[SchemaStore.nvim] [0m[36mclone[0m[90m | [0mremote: Compressing objects:   5% (6/103)        [35m[SchemaStore.nvim] [0m[36mclone[0m[90m | [0mremote: Compressing objects:   6% (7/103)        [35m[SchemaStore.nvim] [0m[36mclone[0m[90m | [0mremote: Compressing objects:   7% (8/103)        [35m[SchemaStore.nvim] [0m[36mclone[0m[90m | [0mremote: Compressing objects:   8% (9/103)        [35m[SchemaStore.nvim] [0m[36mclone[0m[90m | [0mremote: Compressing objects:   9% (10/103)        [35m[SchemaStore.nvim] [0m[36mclone[0m[90m | [0mremote: Compressing objects:  10% (11/103)        [35m[SchemaStore.nvim] [0m[36mclone[0m[90m | [0mremote: Compressing objects:  11% (12/103)        [35m[SchemaStore.nvim] [0m[36mclone[0m[90m | [0mremote: Compressing objects:  12% (13/103)        [35m[SchemaStore.nvim] [0m[36mclone[0m[90m | [0mremote: Compressing objects:  13% (14/103)        [35m[SchemaStore.nvim] [0m[36mclone[0m[90m | [0mremote: Compressing objects:  14% (15/103)        [35m[SchemaStore.nvim] [0m[36mclone[0m[90m | [0mremote: Compressing objects:  15% (16/103)        [35m[SchemaStore.nvim] [0m[36mclone[0m[90m | [0mremote: Compressing objects:  16% (17/103)        [35m[SchemaStore.nvim] [0m[36mclone[0m[90m | [0mremote: Compressing objects:  17% (18/103)        [35m[SchemaStore.nvim] [0m[36mclone[0m[90m | [0mremote: Compressing objects:  18% (19/103)        [35m[SchemaStore.nvim] [0m[36mclone[0m[90m | [0mremote: Compressing objects:  19% (20/103)        [35m[SchemaStore.nvim] [0m[36mclone[0m[90m | [0mremote: Compressing objects:  20% (21/103)        [35m[SchemaStore.nvim] [0m[36mclone[0m[90m | [0mremote: Compressing objects:  21% (22/103)        [35m[SchemaStore.nvim] [0m[36mclone[0m[90m | [0mremote: Compressing objects:  22% (23/103)        [35m[SchemaStore.nvim] [0m[36mclone[0m[90m | [0mremote: Compressing objects:  23% (24/103)        [35m[SchemaStore.nvim] [0m[36mclone[0m[90m | [0mremote: Compressing objects:  24% (25/103)        [35m[SchemaStore.nvim] [0m[36mclone[0m[90m | [0mremote: Compressing objects:  25% (26/103)        [35m[SchemaStore.nvim] [0m[36mclone[0m[90m | [0mremote: Compressing objects:  26% (27/103)        [35m[SchemaStore.nvim] [0m[36mclone[0m[90m | [0mremote: Compressing objects:  27% (28/103)        [35m[SchemaStore.nvim] [0m[36mclone[0m[90m | [0mremote: Compressing objects:  28% (29/103)        [35m[SchemaStore.nvim] [0m[36mclone[0m[90m | [0mremote: Compressing objects:  29% (30/103)        [35m[SchemaStore.nvim] [0m[36mclone[0m[90m | [0mremote: Compressing objects:  30% (31/103)        [35m[SchemaStore.nvim] [0m[36mclone[0m[90m | [0mremote: Compressing objects:  31% (32/103)        [35m[SchemaStore.nvim] [0m[36mclone[0m[90m | [0mremote: Compressing objects:  32% (33/103)        [35m[SchemaStore.nvim] [0m[36mclone[0m[90m | [0mremote: Compressing objects:  33% (34/103)        [35m[SchemaStore.nvim] [0m[36mclone[0m[90m | [0mremote: Compressing objects:  34% (36/103)        [35m[SchemaStore.nvim] [0m[36mclone[0m[90m | [0mremote: Compressing objects:  35% (37/103)        [35m[SchemaStore.nvim] [0m[36mclone[0m[90m | [0mremote: Compressing objects:  36% (38/103)        [35m[SchemaStore.nvim] [0m[36mclone[0m[90m | [0mremote: Compressing objects:  37% (39/103)        [35m[SchemaStore.nvim] [0m[36mclone[0m[90m | [0mremote: Compressing objects:  38% (40/103)        [35m[SchemaStore.nvim] [0m[36mclone[0m[90m | [0mremote: Compressing objects:  39% (41/103)        [35m[SchemaStore.nvim] [0m[36mclone[0m[90m | [0mremote: Compressing objects:  40% (42/103)        [35m[SchemaStore.nvim] [0m[36mclone[0m[90m | [0mremote: Compressing objects:  41% (43/103)        [35m[SchemaStore.nvim] [0m[36mclone[0m[90m | [0mremote: Compressing objects:  42% (44/103)        [35m[SchemaStore.nvim] [0m[36mclone[0m[90m | [0mremote: Compressing objects:  43% (45/103)        [35m[SchemaStore.nvim] [0m[36mclone[0m[90m | [0mremote: Compressing objects:  44% (46/103)        [35m[SchemaStore.nvim] [0m[36mclone[0m[90m | [0mremote: Compressing objects:  45% (47/103)        [35m[SchemaStore.nvim] [0m[36mclone[0m[90m | [0mremote: Compressing objects:  46% (48/103)        [35m[SchemaStore.nvim] [0m[36mclone[0m[90m | [0mremote: Compressing objects:  47% (49/103)        [35m[SchemaStore.nvim] [0m[36mclone[0m[90m | [0mremote: Compressing objects:  48% (50/103)        [35m[SchemaStore.nvim] [0m[36mclone[0m[90m | [0mremote: Compressing objects:  49% (51/103)        [35m[SchemaStore.nvim] [0m[36mclone[0m[90m | [0mremote: Compressing objects:  50% (52/103)        [35m[SchemaStore.nvim] [0m[36mclone[0m[90m | [0mremote: Compressing objects:  51% (53/103)        [35m[SchemaStore.nvim] [0m[36mclone[0m[90m | [0mremote: Compressing objects:  52% (54/103)        [35m[SchemaStore.nvim] [0m[36mclone[0m[90m | [0mremote: Compressing objects:  53% (55/103)        [35m[SchemaStore.nvim] [0m[36mclone[0m[90m | [0mremote: Compressing objects:  54% (56/103)        [35m[SchemaStore.nvim] [0m[36mclone[0m[90m | [0mremote: Compressing objects:  55% (57/103)        [35m[SchemaStore.nvim] [0m[36mclone[0m[90m | [0mremote: Compressing objects:  56% (58/103)        [35m[SchemaStore.nvim] [0m[36mclone[0m[90m | [0mremote: Compressing objects:  57% (59/103)        [35m[SchemaStore.nvim] [0m[36mclone[0m[90m | [0mremote: Compressing objects:  58% (60/103)        [35m[SchemaStore.nvim] [0m[36mclone[0m[90m | [0mremote: Compressing objects:  59% (61/103)        [35m[SchemaStore.nvim] [0m[36mclone[0m[90m | [0mremote: Compressing objects:  60% (62/103)        [35m[SchemaStore.nvim] [0m[36mclone[0m[90m | [0mremote: Compressing objects:  61% (63/103)        [35m[SchemaStore.nvim] [0m[36mclone[0m[90m | [0mremote: Compressing objects:  62% (64/103)        [35m[SchemaStore.nvim] [0m[36mclone[0m[90m | [0mremote: Compressing objects:  63% (65/103)        [35m[SchemaStore.nvim] [0m[36mclone[0m[90m | [0mremote: Compressing objects:  64% (66/103)        [35m[SchemaStore.nvim] [0m[36mclone[0m[90m | [0mremote: Compressing objects:  65% (67/103)        [35m[SchemaStore.nvim] [0m[36mclone[0m[90m | [0mremote: Compressing objects:  66% (68/103)        [35m[SchemaStore.nvim] [0m[36mclone[0m[90m | [0mremote: Compressing objects:  67% (70/103)        [35m[SchemaStore.nvim] [0m[36mclone[0m[90m | [0mremote: Compressing objects:  68% (71/103)        [35m[SchemaStore.nvim] [0m[36mclone[0m[90m | [0mremote: Compressing objects:  69% (72/103)        [35m[SchemaStore.nvim] [0m[36mclone[0m[90m | [0mremote: Compressing objects:  70% (73/103)        [35m[SchemaStore.nvim] [0m[36mclone[0m[90m | [0mremote: Compressing objects:  71% (74/103)        [35m[SchemaStore.nvim] [0m[36mclone[0m[90m | [0mremote: Compressing objects:  72% (75/103)        [35m[SchemaStore.nvim] [0m[36mclone[0m[90m | [0mremote: Compressing objects:  73% (76/103)        [35m[SchemaStore.nvim] [0m[36mclone[0m[90m | [0mremote: Compressing objects:  74% (77/103)        [35m[SchemaStore.nvim] [0m[36mclone[0m[90m | [0mremote: Compressing objects:  75% (78/103)        [35m[SchemaStore.nvim] [0m[36mclone[0m[90m | [0mremote: Compressing objects:  76% (79/103)        [35m[SchemaStore.nvim] [0m[36mclone[0m[90m | [0mremote: Compressing objects:  77% (80/103)        [35m[SchemaStore.nvim] [0m[36mclone[0m[90m | [0mremote: Compressing objects:  78% (81/103)        [35m[SchemaStore.nvim] [0m[36mclone[0m[90m | [0mremote: Compressing objects:  79% (82/103)        [35m[SchemaStore.nvim] [0m[36mclone[0m[90m | [0mremote: Compressing objects:  80% (83/103)        [35m[SchemaStore.nvim] [0m[36mclone[0m[90m | [0mremote: Compressing objects:  81% (84/103)        [35m[SchemaStore.nvim] [0m[36mclone[0m[90m | [0mremote: Compressing objects:  82% (85/103)        [35m[SchemaStore.nvim] [0m[36mclone[0m[90m | [0mremote: Compressing objects:  83% (86/103)        [35m[SchemaStore.nvim] [0m[36mclone[0m[90m | [0mremote: Compressing objects:  84% (87/103)        [35m[SchemaStore.nvim] [0m[36mclone[0m[90m | [0mremote: Compressing objects:  85% (88/103)        [35m[SchemaStore.nvim] [0m[36mclone[0m[90m | [0mremote: Compressing objects:  86% (89/103)        [35m[SchemaStore.nvim] [0m[36mclone[0m[90m | [0mremote: Compressing objects:  87% (90/103)        [35m[SchemaStore.nvim] [0m[36mclone[0m[90m | [0mremote: Compressing objects:  88% (91/103)        [35m[SchemaStore.nvim] [0m[36mclone[0m[90m | [0mremote: Compressing objects:  89% (92/103)        [35m[SchemaStore.nvim] [0m[36mclone[0m[90m | [0mremote: Compressing objects:  90% (93/103)        [35m[SchemaStore.nvim] [0m[36mclone[0m[90m | [0mremote: Compressing objects:  91% (94/103)        [35m[SchemaStore.nvim] [0m[36mclone[0m[90m | [0mremote: Compressing objects:  92% (95/103)        [35m[SchemaStore.nvim] [0m[36mclone[0m[90m | [0mremote: Compressing objects:  93% (96/103)        [35m[SchemaStore.nvim] [0m[36mclone[0m[90m | [0mremote: Compressing objects:  94% (97/103)        [35m[SchemaStore.nvim] [0m[36mclone[0m[90m | [0mremote: Compressing objects:  95% (98/103)        [35m[SchemaStore.nvim] [0m[36mclone[0m[90m | [0mremote: Compressing objects:  96% (99/103)        [35m[SchemaStore.nvim] [0m[36mclone[0m[90m | [0mremote: Compressing objects:  97% (100/103)        [35m[SchemaStore.nvim] [0m[36mclone[0m[90m | [0mremote: Compressing objects:  98% (101/103)        [35m[SchemaStore.nvim] [0m[36mclone[0m[90m | [0mremote: Compressing objects:  99% (102/103)        [35m[SchemaStore.nvim] [0m[36mclone[0m[90m | [0mremote: Compressing objects: 100% (103/103)        [35m[SchemaStore.nvim] [0m[36mclone[0m[90m | [0mremote: Compressing objects: 100% (103/103), done.        
[35m[flash.nvim] [0m[36m     clone[0m[90m | [0mremote: Enumerating objects: 1960, done.        
[35m[flash.nvim] [0m[36m     clone[0m[90m | [0mremote: Counting objects:   0% (1/586)        [35m[flash.nvim] [0m[36m     clone[0m[90m | [0mremote: Counting objects:   1% (6/586)        [35m[flash.nvim] [0m[36m     clone[0m[90m | [0mremote: Counting objects:   2% (12/586)        [35m[flash.nvim] [0m[36m     clone[0m[90m | [0mremote: Counting objects:   3% (18/586)        [35m[flash.nvim] [0m[36m     clone[0m[90m | [0mremote: Counting objects:   4% (24/586)        [35m[flash.nvim] [0m[36m     clone[0m[90m | [0mremote: Counting objects:   5% (30/586)        [35m[flash.nvim] [0m[36m     clone[0m[90m | [0mremote: Counting objects:   6% (36/586)        [35m[flash.nvim] [0m[36m     clone[0m[90m | [0mremote: Counting objects:   7% (42/586)        [35m[flash.nvim] [0m[36m     clone[0m[90m | [0mremote: Counting objects:   8% (47/586)        [35m[flash.nvim] [0m[36m     clone[0m[90m | [0mremote: Counting objects:   9% (53/586)        [35m[flash.nvim] [0m[36m     clone[0m[90m | [0mremote: Counting objects:  10% (59/586)        [35m[flash.nvim] [0m[36m     clone[0m[90m | [0mremote: Counting objects:  11% (65/586)        [35m[flash.nvim] [0m[36m     clone[0m[90m | [0mremote: Counting objects:  12% (71/586)        [35m[flash.nvim] [0m[36m     clone[0m[90m | [0mremote: Counting objects:  13% (77/586)        [35m[flash.nvim] [0m[36m     clone[0m[90m | [0mremote: Counting objects:  14% (83/586)        [35m[flash.nvim] [0m[36m     clone[0m[90m | [0mremote: Counting objects:  15% (88/586)        [35m[flash.nvim] [0m[36m     clone[0m[90m | [0mremote: Counting objects:  16% (94/586)        [35m[flash.nvim] [0m[36m     clone[0m[90m | [0mremote: Counting objects:  17% (100/586)        [35m[flash.nvim] [0m[36m     clone[0m[90m | [0mremote: Counting objects:  18% (106/586)        [35m[flash.nvim] [0m[36m     clone[0m[90m | [0mremote: Counting objects:  19% (112/586)        [35m[flash.nvim] [0m[36m     clone[0m[90m | [0mremote: Counting objects:  20% (118/586)        [35m[flash.nvim] [0m[36m     clone[0m[90m | [0mremote: Counting objects:  21% (124/586)        [35m[flash.nvim] [0m[36m     clone[0m[90m | [0mremote: Counting objects:  22% (129/586)        [35m[flash.nvim] [0m[36m     clone[0m[90m | [0mremote: Counting objects:  23% (135/586)        [35m[flash.nvim] [0m[36m     clone[0m[90m | [0mremote: Counting objects:  24% (141/586)        [35m[flash.nvim] [0m[36m     clone[0m[90m | [0mremote: Counting objects:  25% (147/586)        [35m[flash.nvim] [0m[36m     clone[0m[90m | [0mremote: Counting objects:  26% (153/586)        [35m[flash.nvim] [0m[36m     clone[0m[90m | [0mremote: Counting objects:  27% (159/586)        [35m[flash.nvim] [0m[36m     clone[0m[90m | [0mremote: Counting objects:  28% (165/586)        [35m[flash.nvim] [0m[36m     clone[0m[90m | [0mremote: Counting objects:  29% (170/586)        [35m[flash.nvim] [0m[36m     clone[0m[90m | [0mremote: Counting objects:  30% (176/586)        [35m[flash.nvim] [0m[36m     clone[0m[90m | [0mremote: Counting objects:  31% (182/586)        [35m[flash.nvim] [0m[36m     clone[0m[90m | [0mremote: Counting objects:  32% (188/586)        [35m[flash.nvim] [0m[36m     clone[0m[90m | [0mremote: Counting objects:  33% (194/586)        [35m[flash.nvim] [0m[36m     clone[0m[90m | [0mremote: Counting objects:  34% (200/586)        [35m[flash.nvim] [0m[36m     clone[0m[90m | [0mremote: Counting objects:  35% (206/586)        [35m[flash.nvim] [0m[36m     clone[0m[90m | [0mremote: Counting objects:  36% (211/586)        [35m[flash.nvim] [0m[36m     clone[0m[90m | [0mremote: Counting objects:  37% (217/586)        [35m[flash.nvim] [0m[36m     clone[0m[90m | [0mremote: Counting objects:  38% (223/586)        [35m[flash.nvim] [0m[36m     clone[0m[90m | [0mremote: Counting objects:  39% (229/586)        [35m[flash.nvim] [0m[36m     clone[0m[90m | [0mremote: Counting objects:  40% (235/586)        [35m[flash.nvim] [0m[36m     clone[0m[90m | [0mremote: Counting objects:  41% (241/586)        [35m[flash.nvim] [0m[36m     clone[0m[90m | [0mremote: Counting objects:  42% (247/586)        [35m[flash.nvim] [0m[36m     clone[0m[90m | [0mremote: Counting objects:  43% (252/586)        [35m[flash.nvim] [0m[36m     clone[0m[90m | [0mremote: Counting objects:  44% (258/586)        [35m[flash.nvim] [0m[36m     clone[0m[90m | [0mremote: Counting objects:  45% (264/586)        [35m[flash.nvim] [0m[36m     clone[0m[90m | [0mremote: Counting objects:  46% (270/586)        [35m[flash.nvim] [0m[36m     clone[0m[90m | [0mremote: Counting objects:  47% (276/586)        [35m[flash.nvim] [0m[36m     clone[0m[90m | [0mremote: Counting objects:  48% (282/586)        [35m[flash.nvim] [0m[36m     clone[0m[90m | [0mremote: Counting objects:  49% (288/586)        [35m[flash.nvim] [0m[36m     clone[0m[90m | [0mremote: Counting objects:  50% (293/586)        [35m[flash.nvim] [0m[36m     clone[0m[90m | [0mremote: Counting objects:  51% (299/586)        [35m[flash.nvim] [0m[36m     clone[0m[90m | [0mremote: Counting objects:  52% (305/586)        [35m[flash.nvim] [0m[36m     clone[0m[90m | [0mremote: Counting objects:  53% (311/586)        [35m[flash.nvim] [0m[36m     clone[0m[90m | [0mremote: Counting objects:  54% (317/586)        [35m[flash.nvim] [0m[36m     clone[0m[90m | [0mremote: Counting objects:  55% (323/586)        [35m[flash.nvim] [0m[36m     clone[0m[90m | [0mremote: Counting objects:  56% (329/586)        [35m[flash.nvim] [0m[36m     clone[0m[90m | [0mremote: Counting objects:  57% (335/586)        [35m[flash.nvim] [0m[36m     clone[0m[90m | [0mremote: Counting objects:  58% (340/586)        [35m[flash.nvim] [0m[36m     clone[0m[90m | [0mremote: Counting objects:  59% (346/586)        [35m[flash.nvim] [0m[36m     clone[0m[90m | [0mremote: Counting objects:  60% (352/586)        [35m[flash.nvim] [0m[36m     clone[0m[90m | [0mremote: Counting objects:  61% (358/586)        [35m[flash.nvim] [0m[36m     clone[0m[90m | [0mremote: Counting objects:  62% (364/586)        [35m[flash.nvim] [0m[36m     clone[0m[90m | [0mremote: Counting objects:  63% (370/586)        [35m[flash.nvim] [0m[36m     clone[0m[90m | [0mremote: Counting objects:  64% (376/586)        [35m[flash.nvim] [0m[36m     clone[0m[90m | [0mremote: Counting objects:  65% (381/586)        [35m[flash.nvim] [0m[36m     clone[0m[90m | [0mremote: Counting objects:  66% (387/586)        [35m[flash.nvim] [0m[36m     clone[0m[90m | [0mremote: Counting objects:  67% (393/586)        [35m[flash.nvim] [0m[36m     clone[0m[90m | [0mremote: Counting objects:  68% (399/586)        [35m[flash.nvim] [0m[36m     clone[0m[90m | [0mremote: Counting objects:  69% (405/586)        [35m[flash.nvim] [0m[36m     clone[0m[90m | [0mremote: Counting objects:  70% (411/586)        [35m[flash.nvim] [0m[36m     clone[0m[90m | [0mremote: Counting objects:  71% (417/586)        [35m[flash.nvim] [0m[36m     clone[0m[90m | [0mremote: Counting objects:  72% (422/586)        [35m[flash.nvim] [0m[36m     clone[0m[90m | [0mremote: Counting objects:  73% (428/586)        [35m[flash.nvim] [0m[36m     clone[0m[90m | [0mremote: Counting objects:  74% (434/586)        [35m[flash.nvim] [0m[36m     clone[0m[90m | [0mremote: Counting objects:  75% (440/586)        [35m[flash.nvim] [0m[36m     clone[0m[90m | [0mremote: Counting objects:  76% (446/586)        [35m[flash.nvim] [0m[36m     clone[0m[90m | [0mremote: Counting objects:  77% (452/586)        [35m[flash.nvim] [0m[36m     clone[0m[90m | [0mremote: Counting objects:  78% (458/586)        [35m[flash.nvim] [0m[36m     clone[0m[90m | [0mremote: Counting objects:  79% (463/586)        [35m[flash.nvim] [0m[36m     clone[0m[90m | [0mremote: Counting objects:  80% (469/586)        [35m[flash.nvim] [0m[36m     clone[0m[90m | [0mremote: Counting objects:  81% (475/586)        [35m[flash.nvim] [0m[36m     clone[0m[90m | [0mremote: Counting objects:  82% (481/586)        [35m[flash.nvim] [0m[36m     clone[0m[90m | [0mremote: Counting objects:  83% (487/586)        [35m[flash.nvim] [0m[36m     clone[0m[90m | [0mremote: Counting objects:  84% (493/586)        [35m[flash.nvim] [0m[36m     clone[0m[90m | [0mremote: Counting objects:  85% (499/586)        [35m[flash.nvim] [0m[36m     clone[0m[90m | [0mremote: Counting objects:  86% (504/586)        [35m[flash.nvim] [0m[36m     clone[0m[90m | [0mremote: Counting objects:  87% (510/586)        [35m[flash.nvim] [0m[36m     clone[0m[90m | [0mremote: Counting objects:  88% (516/586)        [35m[SchemaStore.nvim] [0m[36mclone[0m[90m | [0mReceiving objects:   0% (1/4101)[35m[SchemaStore.nvim] [0m[36mclone[0m[90m | [0mReceiving objects:   1% (42/4101)[35m[SchemaStore.nvim] [0m[36mclone[0m[90m | [0mReceiving objects:   2% (83/4101)[35m[SchemaStore.nvim] [0m[36mclone[0m[90m | [0mReceiving objects:   3% (124/4101)[35m[SchemaStore.nvim] [0m[36mclone[0m[90m | [0mReceiving objects:   4% (165/4101)[35m[SchemaStore.nvim] [0m[36mclone[0m[90m | [0mReceiving objects:   5% (206/4101)[35m[SchemaStore.nvim] [0m[36mclone[0m[90m | [0mReceiving objects:   6% (247/4101)[35m[flash.nvim] [0m[36m     clone[0m[90m | [0mremote: Counting objects:  89% (522/586)        [35m[flash.nvim] [0m[36m     clone[0m[90m | [0mremote: Counting objects:  90% (528/586)        [35m[flash.nvim] [0m[36m     clone[0m[90m | [0mremote: Counting objects:  91% (534/586)        [35m[flash.nvim] [0m[36m     clone[0m[90m | [0mremote: Counting objects:  92% (540/586)        [35m[flash.nvim] [0m[36m     clone[0m[90m | [0mremote: Counting objects:  93% (545/586)        [35m[flash.nvim] [0m[36m     clone[0m[90m | [0mremote: Counting objects:  94% (551/586)        [35m[flash.nvim] [0m[36m     clone[0m[90m | [0mremote: Counting objects:  95% (557/586)        [35m[flash.nvim] [0m[36m     clone[0m[90m | [0mremote: Counting objects:  96% (563/586)        [35m[flash.nvim] [0m[36m     clone[0m[90m | [0mremote: Counting objects:  97% (569/586)        [35m[flash.nvim] [0m[36m     clone[0m[90m | [0mremote: Counting objects:  98% (575/586)        [35m[flash.nvim] [0m[36m     clone[0m[90m | [0mremote: Counting objects:  99% (581/586)        [35m[flash.nvim] [0m[36m     clone[0m[90m | [0mremote: Counting objects: 100% (586/586)        [35m[flash.nvim] [0m[36m     clone[0m[90m | [0mremote: Counting objects: 100% (586/586), done.        
[35m[flash.nvim] [0m[36m     clone[0m[90m | [0mremote: Compressing objects:   2% (1/41)        [35m[flash.nvim] [0m[36m     clone[0m[90m | [0mremote: Compressing objects:   4% (2/41)        [35m[flash.nvim] [0m[36m     clone[0m[90m | [0mremote: Compressing objects:   7% (3/41)        [35m[flash.nvim] [0m[36m     clone[0m[90m | [0mremote: Compressing objects:   9% (4/41)        [35m[flash.nvim] [0m[36m     clone[0m[90m | [0mremote: Compressing objects:  12% (5/41)        [35m[flash.nvim] [0m[36m     clone[0m[90m | [0mremote: Compressing objects:  14% (6/41)        [35m[flash.nvim] [0m[36m     clone[0m[90m | [0mremote: Compressing objects:  17% (7/41)        [35m[flash.nvim] [0m[36m     clone[0m[90m | [0mremote: Compressing objects:  19% (8/41)        [35m[flash.nvim] [0m[36m     clone[0m[90m | [0mremote: Compressing objects:  21% (9/41)        [35m[flash.nvim] [0m[36m     clone[0m[90m | [0mremote: Compressing objects:  24% (10/41)        [35m[flash.nvim] [0m[36m     clone[0m[90m | [0mremote: Compressing objects:  26% (11/41)        [35m[flash.nvim] [0m[36m     clone[0m[90m | [0mremote: Compressing objects:  29% (12/41)        [35m[flash.nvim] [0m[36m     clone[0m[90m | [0mremote: Compressing objects:  31% (13/41)        [35m[flash.nvim] [0m[36m     clone[0m[90m | [0mremote: Compressing objects:  34% (14/41)        [35m[flash.nvim] [0m[36m     clone[0m[90m | [0mremote: Compressing objects:  36% (15/41)        [35m[flash.nvim] [0m[36m     clone[0m[90m | [0mremote: Compressing objects:  39% (16/41)        [35m[flash.nvim] [0m[36m     clone[0m[90m | [0mremote: Compressing objects:  41% (17/41)        [35m[flash.nvim] [0m[36m     clone[0m[90m | [0mremote: Compressing objects:  43% (18/41)        [35m[flash.nvim] [0m[36m     clone[0m[90m | [0mremote: Compressing objects:  46% (19/41)        [35m[flash.nvim] [0m[36m     clone[0m[90m | [0mremote: Compressing objects:  48% (20/41)        [35m[flash.nvim] [0m[36m     clone[0m[90m | [0mremote: Compressing objects:  51% (21/41)        [35m[flash.nvim] [0m[36m     clone[0m[90m | [0mremote: Compressing objects:  53% (22/41)        [35m[flash.nvim] [0m[36m     clone[0m[90m | [0mremote: Compressing objects:  56% (23/41)        [35m[flash.nvim] [0m[36m     clone[0m[90m | [0mremote: Compressing objects:  58% (24/41)        [35m[flash.nvim] [0m[36m     clone[0m[90m | [0mremote: Compressing objects:  60% (25/41)        [35m[flash.nvim] [0m[36m     clone[0m[90m | [0mremote: Compressing objects:  63% (26/41)        [35m[flash.nvim] [0m[36m     clone[0m[90m | [0mremote: Compressing objects:  65% (27/41)        [35m[flash.nvim] [0m[36m     clone[0m[90m | [0mremote: Compressing objects:  68% (28/41)        [35m[flash.nvim] [0m[36m     clone[0m[90m | [0mremote: Compressing objects:  70% (29/41)        [35m[flash.nvim] [0m[36m     clone[0m[90m | [0mremote: Compressing objects:  73% (30/41)        [35m[flash.nvim] [0m[36m     clone[0m[90m | [0mremote: Compressing objects:  75% (31/41)        [35m[flash.nvim] [0m[36m     clone[0m[90m | [0mremote: Compressing objects:  78% (32/41)        [35m[flash.nvim] [0m[36m     clone[0m[90m | [0mremote: Compressing objects:  80% (33/41)        [35m[flash.nvim] [0m[36m     clone[0m[90m | [0mremote: Compressing objects:  82% (34/41)        [35m[flash.nvim] [0m[36m     clone[0m[90m | [0mremote: Compressing objects:  85% (35/41)        [35m[flash.nvim] [0m[36m     clone[0m[90m | [0mremote: Compressing objects:  87% (36/41)        [35m[flash.nvim] [0m[36m     clone[0m[90m | [0mremote: Compressing objects:  90% (37/41)        [35m[flash.nvim] [0m[36m     clone[0m[90m | [0mremote: Compressing objects:  92% (38/41)        [35m[flash.nvim] [0m[36m     clone[0m[90m | [0mremote: Compressing objects:  95% (39/41)        [35m[flash.nvim] [0m[36m     clone[0m[90m | [0mremote: Compressing objects:  97% (40/41)        [35m[flash.nvim] [0m[36m     clone[0m[90m | [0mremote: Compressing objects: 100% (41/41)        [35m[flash.nvim] [0m[36m     clone[0m[90m | [0mremote: Compressing objects: 100% (41/41), done.        
[35m[flash.nvim] [0m[36m     clone[0m[90m | [0mReceiving objects:   0% (1/1960)[35m[flash.nvim] [0m[36m     clone[0m[90m | [0mReceiving objects:   1% (20/1960)[35m[flash.nvim] [0m[36m     clone[0m[90m | [0mReceiving objects:   2% (40/1960)[35m[flash.nvim] [0m[36m     clone[0m[90m | [0mReceiving objects:   3% (59/1960)[35m[flash.nvim] [0m[36m     clone[0m[90m | [0mReceiving objects:   4% (79/1960)[35m[flash.nvim] [0m[36m     clone[0m[90m | [0mReceiving objects:   5% (98/1960)[35m[flash.nvim] [0m[36m     clone[0m[90m | [0mReceiving objects:   6% (118/1960)[35m[SchemaStore.nvim] [0m[36mclone[0m[90m | [0mReceiving objects:   7% (288/4101)[35m[SchemaStore.nvim] [0m[36mclone[0m[90m | [0mReceiving objects:   8% (329/4101)[35m[SchemaStore.nvim] [0m[36mclone[0m[90m | [0mReceiving objects:   9% (370/4101)[35m[SchemaStore.nvim] [0m[36mclone[0m[90m | [0mReceiving objects:  10% (411/4101)[35m[SchemaStore.nvim] [0m[36mclone[0m[90m | [0mReceiving objects:  11% (452/4101)[35m[SchemaStore.nvim] [0m[36mclone[0m[90m | [0mReceiving objects:  12% (493/4101)[35m[SchemaStore.nvim] [0m[36mclone[0m[90m | [0mReceiving objects:  13% (534/4101)[35m[SchemaStore.nvim] [0m[36mclone[0m[90m | [0mReceiving objects:  14% (575/4101)[35m[SchemaStore.nvim] [0m[36mclone[0m[90m | [0mReceiving objects:  15% (616/4101)[35m[SchemaStore.nvim] [0m[36mclone[0m[90m | [0mReceiving objects:  16% (657/4101)[35m[SchemaStore.nvim] [0m[36mclone[0m[90m | [0mReceiving objects:  17% (698/4101)[35m[SchemaStore.nvim] [0m[36mclone[0m[90m | [0mReceiving objects:  18% (739/4101)[35m[SchemaStore.nvim] [0m[36mclone[0m[90m | [0mReceiving objects:  19% (780/4101)[35m[SchemaStore.nvim] [0m[36mclone[0m[90m | [0mReceiving objects:  20% (821/4101)[35m[blink.cmp] [0m[36m      clone[0m[90m | [0mremote: Enumerating objects: 11581, done.        
[35m[blink.cmp] [0m[36m      clone[0m[90m | [0mremote: Counting objects:   0% (1/345)        [35m[blink.cmp] [0m[36m      clone[0m[90m | [0mremote: Counting objects:   1% (4/345)        [35m[blink.cmp] [0m[36m      clone[0m[90m | [0mremote: Counting objects:   2% (7/345)        [35m[blink.cmp] [0m[36m      clone[0m[90m | [0mremote: Counting objects:   3% (11/345)        [35m[blink.cmp] [0m[36m      clone[0m[90m | [0mremote: Counting objects:   4% (14/345)        [35m[blink.cmp] [0m[36m      clone[0m[90m | [0mremote: Counting objects:   5% (18/345)        [35m[blink.cmp] [0m[36m      clone[0m[90m | [0mremote: Counting objects:   6% (21/345)        [35m[blink.cmp] [0m[36m      clone[0m[90m | [0mremote: Counting objects:   7% (25/345)        [35m[blink.cmp] [0m[36m      clone[0m[90m | [0mremote: Counting objects:   8% (28/345)        [35m[blink.cmp] [0m[36m      clone[0m[90m | [0mremote: Counting objects:   9% (32/345)        [35m[blink.cmp] [0m[36m      clone[0m[90m | [0mremote: Counting objects:  10% (35/345)        [35m[blink.cmp] [0m[36m      clone[0m[90m | [0mremote: Counting objects:  11% (38/345)        [35m[blink.cmp] [0m[36m      clone[0m[90m | [0mremote: Counting objects:  12% (42/345)        [35m[blink.cmp] [0m[36m      clone[0m[90m | [0mremote: Counting objects:  13% (45/345)        [35m[blink.cmp] [0m[36m      clone[0m[90m | [0mremote: Counting objects:  14% (49/345)        [35m[blink.cmp] [0m[36m      clone[0m[90m | [0mremote: Counting objects:  15% (52/345)        [35m[blink.cmp] [0m[36m      clone[0m[90m | [0mremote: Counting objects:  16% (56/345)        [35m[blink.cmp] [0m[36m      clone[0m[90m | [0mremote: Counting objects:  17% (59/345)        [35m[blink.cmp] [0m[36m      clone[0m[90m | [0mremote: Counting objects:  18% (63/345)        [35m[blink.cmp] [0m[36m      clone[0m[90m | [0mremote: Counting objects:  19% (66/345)        [35m[blink.cmp] [0m[36m      clone[0m[90m | [0mremote: Counting objects:  20% (69/345)        [35m[blink.cmp] [0m[36m      clone[0m[90m | [0mremote: Counting objects:  21% (73/345)        [35m[blink.cmp] [0m[36m      clone[0m[90m | [0mremote: Counting objects:  22% (76/345)        [35m[blink.cmp] [0m[36m      clone[0m[90m | [0mremote: Counting objects:  23% (80/345)        [35m[blink.cmp] [0m[36m      clone[0m[90m | [0mremote: Counting objects:  24% (83/345)        [35m[blink.cmp] [0m[36m      clone[0m[90m | [0mremote: Counting objects:  25% (87/345)        [35m[blink.cmp] [0m[36m      clone[0m[90m | [0mremote: Counting objects:  26% (90/345)        [35m[blink.cmp] [0m[36m      clone[0m[90m | [0mremote: Counting objects:  27% (94/345)        [35m[blink.cmp] [0m[36m      clone[0m[90m | [0mremote: Counting objects:  28% (97/345)        [35m[blink.cmp] [0m[36m      clone[0m[90m | [0mremote: Counting objects:  29% (101/345)        [35m[blink.cmp] [0m[36m      clone[0m[90m | [0mremote: Counting objects:  30% (104/345)        [35m[blink.cmp] [0m[36m      clone[0m[90m | [0mremote: Counting objects:  31% (107/345)        [35m[blink.cmp] [0m[36m      clone[0m[90m | [0mremote: Counting objects:  32% (111/345)        [35m[blink.cmp] [0m[36m      clone[0m[90m | [0mremote: Counting objects:  33% (114/345)        [35m[blink.cmp] [0m[36m      clone[0m[90m | [0mremote: Counting objects:  34% (118/345)        [35m[blink.cmp] [0m[36m      clone[0m[90m | [0mremote: Counting objects:  35% (121/345)        [35m[blink.cmp] [0m[36m      clone[0m[90m | [0mremote: Counting objects:  36% (125/345)        [35m[blink.cmp] [0m[36m      clone[0m[90m | [0mremote: Counting objects:  37% (128/345)        [35m[blink.cmp] [0m[36m      clone[0m[90m | [0mremote: Counting objects:  38% (132/345)        [35m[blink.cmp] [0m[36m      clone[0m[90m | [0mremote: Counting objects:  39% (135/345)        [35m[blink.cmp] [0m[36m      clone[0m[90m | [0mremote: Counting objects:  40% (138/345)        [35m[blink.cmp] [0m[36m      clone[0m[90m | [0mremote: Counting objects:  41% (142/345)        [35m[blink.cmp] [0m[36m      clone[0m[90m | [0mremote: Counting objects:  42% (145/345)        [35m[blink.cmp] [0m[36m      clone[0m[90m | [0mremote: Counting objects:  43% (149/345)        [35m[blink.cmp] [0m[36m      clone[0m[90m | [0mremote: Counting objects:  44% (152/345)        [35m[blink.cmp] [0m[36m      clone[0m[90m | [0mremote: Counting objects:  45% (156/345)        [35m[blink.cmp] [0m[36m      clone[0m[90m | [0mremote: Counting objects:  46% (159/345)        [35m[blink.cmp] [0m[36m      clone[0m[90m | [0mremote: Counting objects:  47% (163/345)        [35m[blink.cmp] [0m[36m      clone[0m[90m | [0mremote: Counting objects:  48% (166/345)        [35m[blink.cmp] [0m[36m      clone[0m[90m | [0mremote: Counting objects:  49% (170/345)        [35m[blink.cmp] [0m[36m      clone[0m[90m | [0mremote: Counting objects:  50% (173/345)        [35m[blink.cmp] [0m[36m      clone[0m[90m | [0mremote: Counting objects:  51% (176/345)        [35m[blink.cmp] [0m[36m      clone[0m[90m | [0mremote: Counting objects:  52% (180/345)        [35m[blink.cmp] [0m[36m      clone[0m[90m | [0mremote: Counting objects:  53% (183/345)        [35m[blink.cmp] [0m[36m      clone[0m[90m | [0mremote: Counting objects:  54% (187/345)        [35m[blink.cmp] [0m[36m      clone[0m[90m | [0mremote: Counting objects:  55% (190/345)        [35m[blink.cmp] [0m[36m      clone[0m[90m | [0mremote: Counting objects:  56% (194/345)        [35m[blink.cmp] [0m[36m      clone[0m[90m | [0mremote: Counting objects:  57% (197/345)        [35m[blink.cmp] [0m[36m      clone[0m[90m | [0mremote: Counting objects:  58% (201/345)        [35m[blink.cmp] [0m[36m      clone[0m[90m | [0mremote: Counting objects:  59% (204/345)        [35m[blink.cmp] [0m[36m      clone[0m[90m | [0mremote: Counting objects:  60% (207/345)        [35m[blink.cmp] [0m[36m      clone[0m[90m | [0mremote: Counting objects:  61% (211/345)        [35m[blink.cmp] [0m[36m      clone[0m[90m | [0mremote: Counting objects:  62% (214/345)        [35m[blink.cmp] [0m[36m      clone[0m[90m | [0mremote: Counting objects:  63% (218/345)        [35m[blink.cmp] [0m[36m      clone[0m[90m | [0mremote: Counting objects:  64% (221/345)        [35m[blink.cmp] [0m[36m      clone[0m[90m | [0mremote: Counting objects:  65% (225/345)        [35m[blink.cmp] [0m[36m      clone[0m[90m | [0mremote: Counting objects:  66% (228/345)        [35m[blink.cmp] [0m[36m      clone[0m[90m | [0mremote: Counting objects:  67% (232/345)        [35m[blink.cmp] [0m[36m      clone[0m[90m | [0mremote: Counting objects:  68% (235/345)        [35m[blink.cmp] [0m[36m      clone[0m[90m | [0mremote: Counting objects:  69% (239/345)        [35m[blink.cmp] [0m[36m      clone[0m[90m | [0mremote: Counting objects:  70% (242/345)        [35m[blink.cmp] [0m[36m      clone[0m[90m | [0mremote: Counting objects:  71% (245/345)        [35m[blink.cmp] [0m[36m      clone[0m[90m | [0mremote: Counting objects:  72% (249/345)        [35m[blink.cmp] [0m[36m      clone[0m[90m | [0mremote: Counting objects:  73% (252/345)        [35m[blink.cmp] [0m[36m      clone[0m[90m | [0mremote: Counting objects:  74% (256/345)        [35m[blink.cmp] [0m[36m      clone[0m[90m | [0mremote: Counting objects:  75% (259/345)        [35m[blink.cmp] [0m[36m      clone[0m[90m | [0mremote: Counting objects:  76% (263/345)        [35m[blink.cmp] [0m[36m      clone[0m[90m | [0mremote: Counting objects:  77% (266/345)        [35m[blink.cmp] [0m[36m      clone[0m[90m | [0mremote: Counting objects:  78% (270/345)        [35m[blink.cmp] [0m[36m      clone[0m[90m | [0mremote: Counting objects:  79% (273/345)        [35m[blink.cmp] [0m[36m      clone[0m[90m | [0mremote: Counting objects:  80% (276/345)        [35m[blink.cmp] [0m[36m      clone[0m[90m | [0mremote: Counting objects:  81% (280/345)        [35m[blink.cmp] [0m[36m      clone[0m[90m | [0mremote: Counting objects:  82% (283/345)        [35m[blink.cmp] [0m[36m      clone[0m[90m | [0mremote: Counting objects:  83% (287/345)        [35m[blink.cmp] [0m[36m      clone[0m[90m | [0mremote: Counting objects:  84% (290/345)        [35m[blink.cmp] [0m[36m      clone[0m[90m | [0mremote: Counting objects:  85% (294/345)        [35m[blink.cmp] [0m[36m      clone[0m[90m | [0mremote: Counting objects:  86% (297/345)        [35m[blink.cmp] [0m[36m      clone[0m[90m | [0mremote: Counting objects:  87% (301/345)        [35m[blink.cmp] [0m[36m      clone[0m[90m | [0mremote: Counting objects:  88% (304/345)        [35m[blink.cmp] [0m[36m      clone[0m[90m | [0mremote: Counting objects:  89% (308/345)        [35m[blink.cmp] [0m[36m      clone[0m[90m | [0mremote: Counting objects:  90% (311/345)        [35m[blink.cmp] [0m[36m      clone[0m[90m | [0mremote: Counting objects:  91% (314/345)        [35m[blink.cmp] [0m[36m      clone[0m[90m | [0mremote: Counting objects:  92% (318/345)        [35m[blink.cmp] [0m[36m      clone[0m[90m | [0mremote: Counting objects:  93% (321/345)        [35m[blink.cmp] [0m[36m      clone[0m[90m | [0mremote: Counting objects:  94% (325/345)        [35m[blink.cmp] [0m[36m      clone[0m[90m | [0mremote: Counting objects:  95% (328/345)        [35m[blink.cmp] [0m[36m      clone[0m[90m | [0mremote: Counting objects:  96% (332/345)        [35m[blink.cmp] [0m[36m      clone[0m[90m | [0mremote: Counting objects:  97% (335/345)        [35m[blink.cmp] [0m[36m      clone[0m[90m | [0mremote: Counting objects:  98% (339/345)        [35m[blink.cmp] [0m[36m      clone[0m[90m | [0mremote: Counting objects:  99% (342/345)        [35m[blink.cmp] [0m[36m      clone[0m[90m | [0mremote: Counting objects: 100% (345/345)        [35m[blink.cmp] [0m[36m      clone[0m[90m | [0mremote: Counting objects: 100% (345/345), done.        
[35m[blink.cmp] [0m[36m      clone[0m[90m | [0mremote: Compressing objects:   1% (1/87)        [35m[blink.cmp] [0m[36m      clone[0m[90m | [0mremote: Compressing objects:   2% (2/87)        [35m[blink.cmp] [0m[36m      clone[0m[90m | [0mremote: Compressing objects:   3% (3/87)        [35m[blink.cmp] [0m[36m      clone[0m[90m | [0mremote: Compressing objects:   4% (4/87)        [35m[blink.cmp] [0m[36m      clone[0m[90m | [0mremote: Compressing objects:   5% (5/87)        [35m[blink.cmp] [0m[36m      clone[0m[90m | [0mremote: Compressing objects:   6% (6/87)        [35m[blink.cmp] [0m[36m      clone[0m[90m | [0mremote: Compressing objects:   8% (7/87)        [35m[blink.cmp] [0m[36m      clone[0m[90m | [0mremote: Compressing objects:   9% (8/87)        [35m[blink.cmp] [0m[36m      clone[0m[90m | [0mremote: Compressing objects:  10% (9/87)        [35m[blink.cmp] [0m[36m      clone[0m[90m | [0mremote: Compressing objects:  11% (10/87)        [35m[blink.cmp] [0m[36m      clone[0m[90m | [0mremote: Compressing objects:  12% (11/87)        [35m[blink.cmp] [0m[36m      clone[0m[90m | [0mremote: Compressing objects:  13% (12/87)        [35m[blink.cmp] [0m[36m      clone[0m[90m | [0mremote: Compressing objects:  14% (13/87)        [35m[blink.cmp] [0m[36m      clone[0m[90m | [0mremote: Compressing objects:  16% (14/87)        [35m[blink.cmp] [0m[36m      clone[0m[90m | [0mremote: Compressing objects:  17% (15/87)        [35m[blink.cmp] [0m[36m      clone[0m[90m | [0mremote: Compressing objects:  18% (16/87)        [35m[blink.cmp] [0m[36m      clone[0m[90m | [0mremote: Compressing objects:  19% (17/87)        [35m[blink.cmp] [0m[36m      clone[0m[90m | [0mremote: Compressing objects:  20% (18/87)        [35m[blink.cmp] [0m[36m      clone[0m[90m | [0mremote: Compressing objects:  21% (19/87)        [35m[blink.cmp] [0m[36m      clone[0m[90m | [0mremote: Compressing objects:  22% (20/87)        [35m[blink.cmp] [0m[36m      clone[0m[90m | [0mremote: Compressing objects:  24% (21/87)        [35m[blink.cmp] [0m[36m      clone[0m[90m | [0mremote: Compressing objects:  25% (22/87)        [35m[blink.cmp] [0m[36m      clone[0m[90m | [0mremote: Compressing objects:  26% (23/87)        [35m[blink.cmp] [0m[36m      clone[0m[90m | [0mremote: Compressing objects:  27% (24/87)        [35m[blink.cmp] [0m[36m      clone[0m[90m | [0mremote: Compressing objects:  28% (25/87)        [35m[blink.cmp] [0m[36m      clone[0m[90m | [0mremote: Compressing objects:  29% (26/87)        [35m[blink.cmp] [0m[36m      clone[0m[90m | [0mremote: Compressing objects:  31% (27/87)        [35m[blink.cmp] [0m[36m      clone[0m[90m | [0mremote: Compressing objects:  32% (28/87)        [35m[blink.cmp] [0m[36m      clone[0m[90m | [0mremote: Compressing objects:  33% (29/87)        [35m[blink.cmp] [0m[36m      clone[0m[90m | [0mremote: Compressing objects:  34% (30/87)        [35m[blink.cmp] [0m[36m      clone[0m[90m | [0mremote: Compressing objects:  35% (31/87)        [35m[blink.cmp] [0m[36m      clone[0m[90m | [0mremote: Compressing objects:  36% (32/87)        [35m[blink.cmp] [0m[36m      clone[0m[90m | [0mremote: Compressing objects:  37% (33/87)        [35m[blink.cmp] [0m[36m      clone[0m[90m | [0mremote: Compressing objects:  39% (34/87)        [35m[blink.cmp] [0m[36m      clone[0m[90m | [0mremote: Compressing objects:  40% (35/87)        [35m[blink.cmp] [0m[36m      clone[0m[90m | [0mremote: Compressing objects:  41% (36/87)        [35m[blink.cmp] [0m[36m      clone[0m[90m | [0mremote: Compressing objects:  42% (37/87)        [35m[blink.cmp] [0m[36m      clone[0m[90m | [0mremote: Compressing objects:  43% (38/87)        [35m[blink.cmp] [0m[36m      clone[0m[90m | [0mremote: Compressing objects:  44% (39/87)        [35m[blink.cmp] [0m[36m      clone[0m[90m | [0mremote: Compressing objects:  45% (40/87)        [35m[blink.cmp] [0m[36m      clone[0m[90m | [0mremote: Compressing objects:  47% (41/87)        [35m[blink.cmp] [0m[36m      clone[0m[90m | [0mremote: Compressing objects:  48% (42/87)        [35m[blink.cmp] [0m[36m      clone[0m[90m | [0mremote: Compressing objects:  49% (43/87)        [35m[blink.cmp] [0m[36m      clone[0m[90m | [0mremote: Compressing objects:  50% (44/87)        [35m[blink.cmp] [0m[36m      clone[0m[90m | [0mremote: Compressing objects:  51% (45/87)        [35m[blink.cmp] [0m[36m      clone[0m[90m | [0mremote: Compressing objects:  52% (46/87)        [35m[blink.cmp] [0m[36m      clone[0m[90m | [0mremote: Compressing objects:  54% (47/87)        [35m[blink.cmp] [0m[36m      clone[0m[90m | [0mremote: Compressing objects:  55% (48/87)        [35m[blink.cmp] [0m[36m      clone[0m[90m | [0mremote: Compressing objects:  56% (49/87)        [35m[blink.cmp] [0m[36m      clone[0m[90m | [0mremote: Compressing objects:  57% (50/87)        [35m[blink.cmp] [0m[36m      clone[0m[90m | [0mremote: Compressing objects:  58% (51/87)        [35m[blink.cmp] [0m[36m      clone[0m[90m | [0mremote: Compressing objects:  59% (52/87)        [35m[blink.cmp] [0m[36m      clone[0m[90m | [0mremote: Compressing objects:  60% (53/87)        [35m[blink.cmp] [0m[36m      clone[0m[90m | [0mremote: Compressing objects:  62% (54/87)        [35m[blink.cmp] [0m[36m      clone[0m[90m | [0mremote: Compressing objects:  63% (55/87)        [35m[blink.cmp] [0m[36m      clone[0m[90m | [0mremote: Compressing objects:  64% (56/87)        [35m[blink.cmp] [0m[36m      clone[0m[90m | [0mremote: Compressing objects:  65% (57/87)        [35m[blink.cmp] [0m[36m      clone[0m[90m | [0mremote: Compressing objects:  66% (58/87)        [35m[blink.cmp] [0m[36m      clone[0m[90m | [0mremote: Compressing objects:  67% (59/87)        [35m[blink.cmp] [0m[36m      clone[0m[90m | [0mremote: Compressing objects:  68% (60/87)        [35m[blink.cmp] [0m[36m      clone[0m[90m | [0mremote: Compressing objects:  70% (61/87)        [35m[blink.cmp] [0m[36m      clone[0m[90m | [0mremote: Compressing objects:  71% (62/87)        [35m[blink.cmp] [0m[36m      clone[0m[90m | [0mremote: Compressing objects:  72% (63/87)        [35m[blink.cmp] [0m[36m      clone[0m[90m | [0mremote: Compressing objects:  73% (64/87)        [35m[blink.cmp] [0m[36m      clone[0m[90m | [0mremote: Compressing objects:  74% (65/87)        [35m[blink.cmp] [0m[36m      clone[0m[90m | [0mremote: Compressing objects:  75% (66/87)        [35m[blink.cmp] [0m[36m      clone[0m[90m | [0mremote: Compressing objects:  77% (67/87)        [35m[blink.cmp] [0m[36m      clone[0m[90m | [0mremote: Compressing objects:  78% (68/87)        [35m[blink.cmp] [0m[36m      clone[0m[90m | [0mremote: Compressing objects:  79% (69/87)        [35m[blink.cmp] [0m[36m      clone[0m[90m | [0mremote: Compressing objects:  80% (70/87)        [35m[blink.cmp] [0m[36m      clone[0m[90m | [0mremote: Compressing objects:  81% (71/87)        [35m[blink.cmp] [0m[36m      clone[0m[90m | [0mremote: Compressing objects:  82% (72/87)        [35m[blink.cmp] [0m[36m      clone[0m[90m | [0mremote: Compressing objects:  83% (73/87)        [35m[blink.cmp] [0m[36m      clone[0m[90m | [0mremote: Compressing objects:  85% (74/87)        [35m[blink.cmp] [0m[36m      clone[0m[90m | [0mremote: Compressing objects:  86% (75/87)        [35m[blink.cmp] [0m[36m      clone[0m[90m | [0mremote: Compressing objects:  87% (76/87)        [35m[blink.cmp] [0m[36m      clone[0m[90m | [0mremote: Compressing objects:  88% (77/87)        [35m[blink.cmp] [0m[36m      clone[0m[90m | [0mremote: Compressing objects:  89% (78/87)        [35m[blink.cmp] [0m[36m      clone[0m[90m | [0mremote: Compressing objects:  90% (79/87)        [35m[blink.cmp] [0m[36m      clone[0m[90m | [0mremote: Compressing objects:  91% (80/87)        [35m[blink.cmp] [0m[36m      clone[0m[90m | [0mremote: Compressing objects:  93% (81/87)        [35m[blink.cmp] [0m[36m      clone[0m[90m | [0mremote: Compressing objects:  94% (82/87)        [35m[blink.cmp] [0m[36m      clone[0m[90m | [0mremote: Compressing objects:  95% (83/87)        [35m[blink.cmp] [0m[36m      clone[0m[90m | [0mremote: Compressing objects:  96% (84/87)        [35m[blink.cmp] [0m[36m      clone[0m[90m | [0mremote: Compressing objects:  97% (85/87)        [35m[blink.cmp] [0m[36m      clone[0m[90m | [0mremote: Compressing objects:  98% (86/87)        [35m[blink.cmp] [0m[36m      clone[0m[90m | [0mremote: Compressing objects: 100% (87/87)        [35m[blink.cmp] [0m[36m      clone[0m[90m | [0mremote: Compressing objects: 100% (87/87), done.        
[35m[grug-far.nvim] [0m[36m  clone[0m[90m | [0mremote: Enumerating objects: 6002, done.        
[35m[grug-far.nvim] [0m[36m  clone[0m[90m | [0mremote: Counting objects:   0% (1/690)        [35m[grug-far.nvim] [0m[36m  clone[0m[90m | [0mremote: Counting objects:   1% (7/690)        [35m[grug-far.nvim] [0m[36m  clone[0m[90m | [0mremote: Counting objects:   2% (14/690)        [35m[grug-far.nvim] [0m[36m  clone[0m[90m | [0mremote: Counting objects:   3% (21/690)        [35m[grug-far.nvim] [0m[36m  clone[0m[90m | [0mremote: Counting objects:   4% (28/690)        [35m[grug-far.nvim] [0m[36m  clone[0m[90m | [0mremote: Counting objects:   5% (35/690)        [35m[grug-far.nvim] [0m[36m  clone[0m[90m | [0mremote: Counting objects:   6% (42/690)        [35m[grug-far.nvim] [0m[36m  clone[0m[90m | [0mremote: Counting objects:   7% (49/690)        [35m[grug-far.nvim] [0m[36m  clone[0m[90m | [0mremote: Counting objects:   8% (56/690)        [35m[grug-far.nvim] [0m[36m  clone[0m[90m | [0mremote: Counting objects:   9% (63/690)        [35m[grug-far.nvim] [0m[36m  clone[0m[90m | [0mremote: Counting objects:  10% (69/690)        [35m[grug-far.nvim] [0m[36m  clone[0m[90m | [0mremote: Counting objects:  11% (76/690)        [35m[grug-far.nvim] [0m[36m  clone[0m[90m | [0mremote: Counting objects:  12% (83/690)        [35m[grug-far.nvim] [0m[36m  clone[0m[90m | [0mremote: Counting objects:  13% (90/690)        [35m[grug-far.nvim] [0m[36m  clone[0m[90m | [0mremote: Counting objects:  14% (97/690)        [35m[grug-far.nvim] [0m[36m  clone[0m[90m | [0mremote: Counting objects:  15% (104/690)        [35m[grug-far.nvim] [0m[36m  clone[0m[90m | [0mremote: Counting objects:  16% (111/690)        [35m[grug-far.nvim] [0m[36m  clone[0m[90m | [0mremote: Counting objects:  17% (118/690)        [35m[grug-far.nvim] [0m[36m  clone[0m[90m | [0mremote: Counting objects:  18% (125/690)        [35m[grug-far.nvim] [0m[36m  clone[0m[90m | [0mremote: Counting objects:  19% (132/690)        [35m[grug-far.nvim] [0m[36m  clone[0m[90m | [0mremote: Counting objects:  20% (138/690)        [35m[grug-far.nvim] [0m[36m  clone[0m[90m | [0mremote: Counting objects:  21% (145/690)        [35m[grug-far.nvim] [0m[36m  clone[0m[90m | [0mremote: Counting objects:  22% (152/690)        [35m[grug-far.nvim] [0m[36m  clone[0m[90m | [0mremote: Counting objects:  23% (159/690)        [35m[grug-far.nvim] [0m[36m  clone[0m[90m | [0mremote: Counting objects:  24% (166/690)        [35m[grug-far.nvim] [0m[36m  clone[0m[90m | [0mremote: Counting objects:  25% (173/690)        [35m[grug-far.nvim] [0m[36m  clone[0m[90m | [0mremote: Counting objects:  26% (180/690)        [35m[grug-far.nvim] [0m[36m  clone[0m[90m | [0mremote: Counting objects:  27% (187/690)        [35m[grug-far.nvim] [0m[36m  clone[0m[90m | [0mremote: Counting objects:  28% (194/690)        [35m[grug-far.nvim] [0m[36m  clone[0m[90m | [0mremote: Counting objects:  29% (201/690)        [35m[grug-far.nvim] [0m[36m  clone[0m[90m | [0mremote: Counting objects:  30% (207/690)        [35m[grug-far.nvim] [0m[36m  clone[0m[90m | [0mremote: Counting objects:  31% (214/690)        [35m[grug-far.nvim] [0m[36m  clone[0m[90m | [0mremote: Counting objects:  32% (221/690)        [35m[grug-far.nvim] [0m[36m  clone[0m[90m | [0mremote: Counting objects:  33% (228/690)        [35m[grug-far.nvim] [0m[36m  clone[0m[90m | [0mremote: Counting objects:  34% (235/690)        [35m[grug-far.nvim] [0m[36m  clone[0m[90m | [0mremote: Counting objects:  35% (242/690)        [35m[grug-far.nvim] [0m[36m  clone[0m[90m | [0mremote: Counting objects:  36% (249/690)        [35m[grug-far.nvim] [0m[36m  clone[0m[90m | [0mremote: Counting objects:  37% (256/690)        [35m[grug-far.nvim] [0m[36m  clone[0m[90m | [0mremote: Counting objects:  38% (263/690)        [35m[grug-far.nvim] [0m[36m  clone[0m[90m | [0mremote: Counting objects:  39% (270/690)        [35m[grug-far.nvim] [0m[36m  clone[0m[90m | [0mremote: Counting objects:  40% (276/690)        [35m[grug-far.nvim] [0m[36m  clone[0m[90m | [0mremote: Counting objects:  41% (283/690)        [35m[grug-far.nvim] [0m[36m  clone[0m[90m | [0mremote: Counting objects:  42% (290/690)        [35m[grug-far.nvim] [0m[36m  clone[0m[90m | [0mremote: Counting objects:  43% (297/690)        [35m[grug-far.nvim] [0m[36m  clone[0m[90m | [0mremote: Counting objects:  44% (304/690)        [35m[grug-far.nvim] [0m[36m  clone[0m[90m | [0mremote: Counting objects:  45% (311/690)        [35m[grug-far.nvim] [0m[36m  clone[0m[90m | [0mremote: Counting objects:  46% (318/690)        [35m[grug-far.nvim] [0m[36m  clone[0m[90m | [0mremote: Counting objects:  47% (325/690)        [35m[grug-far.nvim] [0m[36m  clone[0m[90m | [0mremote: Counting objects:  48% (332/690)        [35m[grug-far.nvim] [0m[36m  clone[0m[90m | [0mremote: Counting objects:  49% (339/690)        [35m[grug-far.nvim] [0m[36m  clone[0m[90m | [0mremote: Counting objects:  50% (345/690)        [35m[grug-far.nvim] [0m[36m  clone[0m[90m | [0mremote: Counting objects:  51% (352/690)        [35m[grug-far.nvim] [0m[36m  clone[0m[90m | [0mremote: Counting objects:  52% (359/690)        [35m[grug-far.nvim] [0m[36m  clone[0m[90m | [0mremote: Counting objects:  53% (366/690)        [35m[grug-far.nvim] [0m[36m  clone[0m[90m | [0mremote: Counting objects:  54% (373/690)        [35m[grug-far.nvim] [0m[36m  clone[0m[90m | [0mremote: Counting objects:  55% (380/690)        [35m[grug-far.nvim] [0m[36m  clone[0m[90m | [0mremote: Counting objects:  56% (387/690)        [35m[grug-far.nvim] [0m[36m  clone[0m[90m | [0mremote: Counting objects:  57% (394/690)        [35m[grug-far.nvim] [0m[36m  clone[0m[90m | [0mremote: Counting objects:  58% (401/690)        [35m[grug-far.nvim] [0m[36m  clone[0m[90m | [0mremote: Counting objects:  59% (408/690)        [35m[grug-far.nvim] [0m[36m  clone[0m[90m | [0mremote: Counting objects:  60% (414/690)        [35m[grug-far.nvim] [0m[36m  clone[0m[90m | [0mremote: Counting objects:  61% (421/690)        [35m[grug-far.nvim] [0m[36m  clone[0m[90m | [0mremote: Counting objects:  62% (428/690)        [35m[grug-far.nvim] [0m[36m  clone[0m[90m | [0mremote: Counting objects:  63% (435/690)        [35m[grug-far.nvim] [0m[36m  clone[0m[90m | [0mremote: Counting objects:  64% (442/690)        [35m[grug-far.nvim] [0m[36m  clone[0m[90m | [0mremote: Counting objects:  65% (449/690)        [35m[grug-far.nvim] [0m[36m  clone[0m[90m | [0mremote: Counting objects:  66% (456/690)        [35m[grug-far.nvim] [0m[36m  clone[0m[90m | [0mremote: Counting objects:  67% (463/690)        [35m[grug-far.nvim] [0m[36m  clone[0m[90m | [0mremote: Counting objects:  68% (470/690)        [35m[grug-far.nvim] [0m[36m  clone[0m[90m | [0mremote: Counting objects:  69% (477/690)        [35m[grug-far.nvim] [0m[36m  clone[0m[90m | [0mremote: Counting objects:  70% (483/690)        [35m[grug-far.nvim] [0m[36m  clone[0m[90m | [0mremote: Counting objects:  71% (490/690)        [35m[grug-far.nvim] [0m[36m  clone[0m[90m | [0mremote: Counting objects:  72% (497/690)        [35m[grug-far.nvim] [0m[36m  clone[0m[90m | [0mremote: Counting objects:  73% (504/690)        [35m[grug-far.nvim] [0m[36m  clone[0m[90m | [0mremote: Counting objects:  74% (511/690)        [35m[grug-far.nvim] [0m[36m  clone[0m[90m | [0mremote: Counting objects:  75% (518/690)        [35m[grug-far.nvim] [0m[36m  clone[0m[90m | [0mremote: Counting objects:  76% (525/690)        [35m[grug-far.nvim] [0m[36m  clone[0m[90m | [0mremote: Counting objects:  77% (532/690)        [35m[grug-far.nvim] [0m[36m  clone[0m[90m | [0mremote: Counting objects:  78% (539/690)        [35m[grug-far.nvim] [0m[36m  clone[0m[90m | [0mremote: Counting objects:  79% (546/690)        [35m[grug-far.nvim] [0m[36m  clone[0m[90m | [0mremote: Counting objects:  80% (552/690)        [35m[grug-far.nvim] [0m[36m  clone[0m[90m | [0mremote: Counting objects:  81% (559/690)        [35m[grug-far.nvim] [0m[36m  clone[0m[90m | [0mremote: Counting objects:  82% (566/690)        [35m[grug-far.nvim] [0m[36m  clone[0m[90m | [0mremote: Counting objects:  83% (573/690)        [35m[grug-far.nvim] [0m[36m  clone[0m[90m | [0mremote: Counting objects:  84% (580/690)        [35m[grug-far.nvim] [0m[36m  clone[0m[90m | [0mremote: Counting objects:  85% (587/690)        [35m[grug-far.nvim] [0m[36m  clone[0m[90m | [0mremote: Counting objects:  86% (594/690)        [35m[grug-far.nvim] [0m[36m  clone[0m[90m | [0mremote: Counting objects:  87% (601/690)        [35m[grug-far.nvim] [0m[36m  clone[0m[90m | [0mremote: Counting objects:  88% (608/690)        [35m[grug-far.nvim] [0m[36m  clone[0m[90m | [0mremote: Counting objects:  89% (615/690)        [35m[grug-far.nvim] [0m[36m  clone[0m[90m | [0mremote: Counting objects:  90% (621/690)        [35m[grug-far.nvim] [0m[36m  clone[0m[90m | [0mremote: Counting objects:  91% (628/690)        [35m[grug-far.nvim] [0m[36m  clone[0m[90m | [0mremote: Counting objects:  92% (635/690)        [35m[grug-far.nvim] [0m[36m  clone[0m[90m | [0mremote: Counting objects:  93% (642/690)        [35m[grug-far.nvim] [0m[36m  clone[0m[90m | [0mremote: Counting objects:  94% (649/690)        [35m[grug-far.nvim] [0m[36m  clone[0m[90m | [0mremote: Counting objects:  95% (656/690)        [35m[grug-far.nvim] [0m[36m  clone[0m[90m | [0mremote: Counting objects:  96% (663/690)        [35m[grug-far.nvim] [0m[36m  clone[0m[90m | [0mremote: Counting objects:  97% (670/690)        [35m[grug-far.nvim] [0m[36m  clone[0m[90m | [0mremote: Counting objects:  98% (677/690)        [35m[grug-far.nvim] [0m[36m  clone[0m[90m | [0mremote: Counting objects:  99% (684/690)        [35m[grug-far.nvim] [0m[36m  clone[0m[90m | [0mremote: Counting objects: 100% (690/690)        [35m[grug-far.nvim] [0m[36m  clone[0m[90m | [0mremote: Counting objects: 100% (690/690), done.        
[35m[grug-far.nvim] [0m[36m  clone[0m[90m | [0mremote: Compressing objects:   0% (1/164)        [35m[grug-far.nvim] [0m[36m  clone[0m[90m | [0mremote: Compressing objects:   1% (2/164)        [35m[grug-far.nvim] [0m[36m  clone[0m[90m | [0mremote: Compressing objects:   2% (4/164)        [35m[grug-far.nvim] [0m[36m  clone[0m[90m | [0mremote: Compressing objects:   3% (5/164)        [35m[grug-far.nvim] [0m[36m  clone[0m[90m | [0mremote: Compressing objects:   4% (7/164)        [35m[grug-far.nvim] [0m[36m  clone[0m[90m | [0mremote: Compressing objects:   5% (9/164)        [35m[grug-far.nvim] [0m[36m  clone[0m[90m | [0mremote: Compressing objects:   6% (10/164)        [35m[grug-far.nvim] [0m[36m  clone[0m[90m | [0mremote: Compressing objects:   7% (12/164)        [35m[grug-far.nvim] [0m[36m  clone[0m[90m | [0mremote: Compressing objects:   8% (14/164)        [35m[grug-far.nvim] [0m[36m  clone[0m[90m | [0mremote: Compressing objects:   9% (15/164)        [35m[grug-far.nvim] [0m[36m  clone[0m[90m | [0mremote: Compressing objects:  10% (17/164)        [35m[grug-far.nvim] [0m[36m  clone[0m[90m | [0mremote: Compressing objects:  11% (19/164)        [35m[grug-far.nvim] [0m[36m  clone[0m[90m | [0mremote: Compressing objects:  12% (20/164)        [35m[grug-far.nvim] [0m[36m  clone[0m[90m | [0mremote: Compressing objects:  13% (22/164)        [35m[grug-far.nvim] [0m[36m  clone[0m[90m | [0mremote: Compressing objects:  14% (23/164)        [35m[grug-far.nvim] [0m[36m  clone[0m[90m | [0mremote: Compressing objects:  15% (25/164)        [35m[grug-far.nvim] [0m[36m  clone[0m[90m | [0mremote: Compressing objects:  16% (27/164)        [35m[grug-far.nvim] [0m[36m  clone[0m[90m | [0mremote: Compressing objects:  17% (28/164)        [35m[grug-far.nvim] [0m[36m  clone[0m[90m | [0mremote: Compressing objects:  18% (30/164)        [35m[grug-far.nvim] [0m[36m  clone[0m[90m | [0mremote: Compressing objects:  19% (32/164)        [35m[grug-far.nvim] [0m[36m  clone[0m[90m | [0mremote: Compressing objects:  20% (33/164)        [35m[grug-far.nvim] [0m[36m  clone[0m[90m | [0mremote: Compressing objects:  21% (35/164)        [35m[grug-far.nvim] [0m[36m  clone[0m[90m | [0mremote: Compressing objects:  22% (37/164)        [35m[grug-far.nvim] [0m[36m  clone[0m[90m | [0mremote: Compressing objects:  23% (38/164)        [35m[grug-far.nvim] [0m[36m  clone[0m[90m | [0mremote: Compressing objects:  24% (40/164)        [35m[grug-far.nvim] [0m[36m  clone[0m[90m | [0mremote: Compressing objects:  25% (41/164)        [35m[grug-far.nvim] [0m[36m  clone[0m[90m | [0mremote: Compressing objects:  26% (43/164)        [35m[grug-far.nvim] [0m[36m  clone[0m[90m | [0mremote: Compressing objects:  27% (45/164)        [35m[grug-far.nvim] [0m[36m  clone[0m[90m | [0mremote: Compressing objects:  28% (46/164)        [35m[grug-far.nvim] [0m[36m  clone[0m[90m | [0mremote: Compressing objects:  29% (48/164)        [35m[grug-far.nvim] [0m[36m  clone[0m[90m | [0mremote: Compressing objects:  30% (50/164)        [35m[grug-far.nvim] [0m[36m  clone[0m[90m | [0mremote: Compressing objects:  31% (51/164)        [35m[SchemaStore.nvim] [0m[36mclone[0m[90m | [0mReceiving objects:  21% (862/4101)[35m[SchemaStore.nvim] [0m[36mclone[0m[90m | [0mReceiving objects:  22% (903/4101)[35m[grug-far.nvim] [0m[36m  clone[0m[90m | [0mremote: Compressing objects:  32% (53/164)        [35m[grug-far.nvim] [0m[36m  clone[0m[90m | [0mremote: Compressing objects:  33% (55/164)        [35m[grug-far.nvim] [0m[36m  clone[0m[90m | [0mremote: Compressing objects:  34% (56/164)        [35m[grug-far.nvim] [0m[36m  clone[0m[90m | [0mremote: Compressing objects:  35% (58/164)        [35m[grug-far.nvim] [0m[36m  clone[0m[90m | [0mremote: Compressing objects:  36% (60/164)        [35m[grug-far.nvim] [0m[36m  clone[0m[90m | [0mremote: Compressing objects:  37% (61/164)        [35m[grug-far.nvim] [0m[36m  clone[0m[90m | [0mremote: Compressing objects:  38% (63/164)        [35m[grug-far.nvim] [0m[36m  clone[0m[90m | [0mremote: Compressing objects:  39% (64/164)        [35m[grug-far.nvim] [0m[36m  clone[0m[90m | [0mremote: Compressing objects:  40% (66/164)        [35m[grug-far.nvim] [0m[36m  clone[0m[90m | [0mremote: Compressing objects:  41% (68/164)        [35m[grug-far.nvim] [0m[36m  clone[0m[90m | [0mremote: Compressing objects:  42% (69/164)        [35m[grug-far.nvim] [0m[36m  clone[0m[90m | [0mremote: Compressing objects:  43% (71/164)        [35m[grug-far.nvim] [0m[36m  clone[0m[90m | [0mremote: Compressing objects:  44% (73/164)        [35m[grug-far.nvim] [0m[36m  clone[0m[90m | [0mremote: Compressing objects:  45% (74/164)        [35m[grug-far.nvim] [0m[36m  clone[0m[90m | [0mremote: Compressing objects:  46% (76/164)        [35m[grug-far.nvim] [0m[36m  clone[0m[90m | [0mremote: Compressing objects:  47% (78/164)        [35m[grug-far.nvim] [0m[36m  clone[0m[90m | [0mremote: Compressing objects:  48% (79/164)        [35m[grug-far.nvim] [0m[36m  clone[0m[90m | [0mremote: Compressing objects:  49% (81/164)        [35m[grug-far.nvim] [0m[36m  clone[0m[90m | [0mremote: Compressing objects:  50% (82/164)        [35m[grug-far.nvim] [0m[36m  clone[0m[90m | [0mremote: Compressing objects:  51% (84/164)        [35m[grug-far.nvim] [0m[36m  clone[0m[90m | [0mremote: Compressing objects:  52% (86/164)        [35m[grug-far.nvim] [0m[36m  clone[0m[90m | [0mremote: Compressing objects:  53% (87/164)        [35m[grug-far.nvim] [0m[36m  clone[0m[90m | [0mremote: Compressing objects:  54% (89/164)        [35m[grug-far.nvim] [0m[36m  clone[0m[90m | [0mremote: Compressing objects:  55% (91/164)        [35m[grug-far.nvim] [0m[36m  clone[0m[90m | [0mremote: Compressing objects:  56% (92/164)        [35m[grug-far.nvim] [0m[36m  clone[0m[90m | [0mremote: Compressing objects:  57% (94/164)        [35m[grug-far.nvim] [0m[36m  clone[0m[90m | [0mremote: Compressing objects:  58% (96/164)        [35m[grug-far.nvim] [0m[36m  clone[0m[90m | [0mremote: Compressing objects:  59% (97/164)        [35m[grug-far.nvim] [0m[36m  clone[0m[90m | [0mremote: Compressing objects:  60% (99/164)        [35m[grug-far.nvim] [0m[36m  clone[0m[90m | [0mremote: Compressing objects:  61% (101/164)        [35m[grug-far.nvim] [0m[36m  clone[0m[90m | [0mremote: Compressing objects:  62% (102/164)        [35m[grug-far.nvim] [0m[36m  clone[0m[90m | [0mremote: Compressing objects:  63% (104/164)        [35m[grug-far.nvim] [0m[36m  clone[0m[90m | [0mremote: Compressing objects:  64% (105/164)        [35m[grug-far.nvim] [0m[36m  clone[0m[90m | [0mremote: Compressing objects:  65% (107/164)        [35m[grug-far.nvim] [0m[36m  clone[0m[90m | [0mremote: Compressing objects:  66% (109/164)        [35m[grug-far.nvim] [0m[36m  clone[0m[90m | [0mremote: Compressing objects:  67% (110/164)        [35m[grug-far.nvim] [0m[36m  clone[0m[90m | [0mremote: Compressing objects:  68% (112/164)        [35m[grug-far.nvim] [0m[36m  clone[0m[90m | [0mremote: Compressing objects:  69% (114/164)        [35m[grug-far.nvim] [0m[36m  clone[0m[90m | [0mremote: Compressing objects:  70% (115/164)        [35m[grug-far.nvim] [0m[36m  clone[0m[90m | [0mremote: Compressing objects:  71% (117/164)        [35m[grug-far.nvim] [0m[36m  clone[0m[90m | [0mremote: Compressing objects:  72% (119/164)        [35m[grug-far.nvim] [0m[36m  clone[0m[90m | [0mremote: Compressing objects:  73% (120/164)        [35m[grug-far.nvim] [0m[36m  clone[0m[90m | [0mremote: Compressing objects:  74% (122/164)        [35m[grug-far.nvim] [0m[36m  clone[0m[90m | [0mremote: Compressing objects:  75% (123/164)        [35m[grug-far.nvim] [0m[36m  clone[0m[90m | [0mremote: Compressing objects:  76% (125/164)        [35m[grug-far.nvim] [0m[36m  clone[0m[90m | [0mremote: Compressing objects:  77% (127/164)        [35m[grug-far.nvim] [0m[36m  clone[0m[90m | [0mremote: Compressing objects:  78% (128/164)        [35m[grug-far.nvim] [0m[36m  clone[0m[90m | [0mremote: Compressing objects:  79% (130/164)        [35m[grug-far.nvim] [0m[36m  clone[0m[90m | [0mremote: Compressing objects:  80% (132/164)        [35m[grug-far.nvim] [0m[36m  clone[0m[90m | [0mremote: Compressing objects:  81% (133/164)        [35m[grug-far.nvim] [0m[36m  clone[0m[90m | [0mremote: Compressing objects:  82% (135/164)        [35m[grug-far.nvim] [0m[36m  clone[0m[90m | [0mremote: Compressing objects:  83% (137/164)        [35m[grug-far.nvim] [0m[36m  clone[0m[90m | [0mremote: Compressing objects:  84% (138/164)        [35m[grug-far.nvim] [0m[36m  clone[0m[90m | [0mremote: Compressing objects:  85% (140/164)        [35m[grug-far.nvim] [0m[36m  clone[0m[90m | [0mremote: Compressing objects:  86% (142/164)        [35m[grug-far.nvim] [0m[36m  clone[0m[90m | [0mremote: Compressing objects:  87% (143/164)        [35m[grug-far.nvim] [0m[36m  clone[0m[90m | [0mremote: Compressing objects:  88% (145/164)        [35m[grug-far.nvim] [0m[36m  clone[0m[90m | [0mremote: Compressing objects:  89% (146/164)        [35m[grug-far.nvim] [0m[36m  clone[0m[90m | [0mremote: Compressing objects:  90% (148/164)        [35m[grug-far.nvim] [0m[36m  clone[0m[90m | [0mremote: Compressing objects:  91% (150/164)        [35m[grug-far.nvim] [0m[36m  clone[0m[90m | [0mremote: Compressing objects:  92% (151/164)        [35m[grug-far.nvim] [0m[36m  clone[0m[90m | [0mremote: Compressing objects:  93% (153/164)        [35m[grug-far.nvim] [0m[36m  clone[0m[90m | [0mremote: Compressing objects:  94% (155/164)        [35m[grug-far.nvim] [0m[36m  clone[0m[90m | [0mremote: Compressing objects:  95% (156/164)        [35m[grug-far.nvim] [0m[36m  clone[0m[90m | [0mremote: Compressing objects:  96% (158/164)        [35m[grug-far.nvim] [0m[36m  clone[0m[90m | [0mremote: Compressing objects:  97% (160/164)        [35m[grug-far.nvim] [0m[36m  clone[0m[90m | [0mremote: Compressing objects:  98% (161/164)        [35m[grug-far.nvim] [0m[36m  clone[0m[90m | [0mremote: Compressing objects:  99% (163/164)        [35m[grug-far.nvim] [0m[36m  clone[0m[90m | [0mremote: Compressing objects: 100% (164/164)        [35m[grug-far.nvim] [0m[36m  clone[0m[90m | [0mremote: Compressing objects: 100% (164/164), done.        
[35m[flash.nvim] [0m[36m     clone[0m[90m | [0mReceiving objects:   7% (138/1960)[35m[flash.nvim] [0m[36m     clone[0m[90m | [0mReceiving objects:   8% (157/1960)[35m[flash.nvim] [0m[36m     clone[0m[90m | [0mReceiving objects:   9% (177/1960)[35m[flash.nvim] [0m[36m     clone[0m[90m | [0mReceiving objects:  10% (196/1960)[35m[flash.nvim] [0m[36m     clone[0m[90m | [0mReceiving objects:  11% (216/1960)[35m[blink.cmp] [0m[36m      clone[0m[90m | [0mReceiving objects:   0% (1/11581)[35m[flash.nvim] [0m[36m     clone[0m[90m | [0mReceiving objects:  12% (236/1960)[35m[grug-far.nvim] [0m[36m  clone[0m[90m | [0mReceiving objects:   0% (1/6002)[35m[flash.nvim] [0m[36m     clone[0m[90m | [0mReceiving objects:  13% (255/1960)[35m[SchemaStore.nvim] [0m[36mclone[0m[90m | [0mReceiving objects:  23% (944/4101)[35m[SchemaStore.nvim] [0m[36mclone[0m[90m | [0mReceiving objects:  24% (985/4101)[35m[SchemaStore.nvim] [0m[36mclone[0m[90m | [0mReceiving objects:  25% (1026/4101)[35m[SchemaStore.nvim] [0m[36mclone[0m[90m | [0mReceiving objects:  26% (1067/4101)[35m[SchemaStore.nvim] [0m[36mclone[0m[90m | [0mReceiving objects:  27% (1108/4101)[35m[SchemaStore.nvim] [0m[36mclone[0m[90m | [0mReceiving objects:  28% (1149/4101)[35m[SchemaStore.nvim] [0m[36mclone[0m[90m | [0mReceiving objects:  29% (1190/4101)[35m[SchemaStore.nvim] [0m[36mclone[0m[90m | [0mReceiving objects:  30% (1231/4101)[35m[SchemaStore.nvim] [0m[36mclone[0m[90m | [0mReceiving objects:  31% (1272/4101)[35m[SchemaStore.nvim] [0m[36mclone[0m[90m | [0mReceiving objects:  32% (1313/4101)[35m[SchemaStore.nvim] [0m[36mclone[0m[90m | [0mReceiving objects:  33% (1354/4101)[35m[mason.nvim] [0m[36m     clone[0m[90m | [0mremote: Enumerating objects: 12443, done.        
[35m[mason.nvim] [0m[36m     clone[0m[90m | [0mremote: Counting objects:   0% (1/1201)        [35m[mason.nvim] [0m[36m     clone[0m[90m | [0mremote: Counting objects:   1% (13/1201)        [35m[mason.nvim] [0m[36m     clone[0m[90m | [0mremote: Counting objects:   2% (25/1201)        [35m[mason.nvim] [0m[36m     clone[0m[90m | [0mremote: Counting objects:   3% (37/1201)        [35m[mason.nvim] [0m[36m     clone[0m[90m | [0mremote: Counting objects:   4% (49/1201)        [35m[mason.nvim] [0m[36m     clone[0m[90m | [0mremote: Counting objects:   5% (61/1201)        [35m[mason.nvim] [0m[36m     clone[0m[90m | [0mremote: Counting objects:   6% (73/1201)        [35m[mason.nvim] [0m[36m     clone[0m[90m | [0mremote: Counting objects:   7% (85/1201)        [35m[mason.nvim] [0m[36m     clone[0m[90m | [0mremote: Counting objects:   8% (97/1201)        [35m[mason.nvim] [0m[36m     clone[0m[90m | [0mremote: Counting objects:   9% (109/1201)        [35m[mason.nvim] [0m[36m     clone[0m[90m | [0mremote: Counting objects:  10% (121/1201)        [35m[mason.nvim] [0m[36m     clone[0m[90m | [0mremote: Counting objects:  11% (133/1201)        [35m[mason.nvim] [0m[36m     clone[0m[90m | [0mremote: Counting objects:  12% (145/1201)        [35m[mason.nvim] [0m[36m     clone[0m[90m | [0mremote: Counting objects:  13% (157/1201)        [35m[mason.nvim] [0m[36m     clone[0m[90m | [0mremote: Counting objects:  14% (169/1201)        [35m[mason.nvim] [0m[36m     clone[0m[90m | [0mremote: Counting objects:  15% (181/1201)        [35m[mason.nvim] [0m[36m     clone[0m[90m | [0mremote: Counting objects:  16% (193/1201)        [35m[mason.nvim] [0m[36m     clone[0m[90m | [0mremote: Counting objects:  17% (205/1201)        [35m[mason.nvim] [0m[36m     clone[0m[90m | [0mremote: Counting objects:  18% (217/1201)        [35m[mason.nvim] [0m[36m     clone[0m[90m | [0mremote: Counting objects:  19% (229/1201)        [35m[mason.nvim] [0m[36m     clone[0m[90m | [0mremote: Counting objects:  20% (241/1201)        [35m[mason.nvim] [0m[36m     clone[0m[90m | [0mremote: Counting objects:  21% (253/1201)        [35m[mason.nvim] [0m[36m     clone[0m[90m | [0mremote: Counting objects:  22% (265/1201)        [35m[mason.nvim] [0m[36m     clone[0m[90m | [0mremote: Counting objects:  23% (277/1201)        [35m[mason.nvim] [0m[36m     clone[0m[90m | [0mremote: Counting objects:  24% (289/1201)        [35m[mason.nvim] [0m[36m     clone[0m[90m | [0mremote: Counting objects:  25% (301/1201)        [35m[mason.nvim] [0m[36m     clone[0m[90m | [0mremote: Counting objects:  26% (313/1201)        [35m[mason.nvim] [0m[36m     clone[0m[90m | [0mremote: Counting objects:  27% (325/1201)        [35m[mason.nvim] [0m[36m     clone[0m[90m | [0mremote: Counting objects:  28% (337/1201)        [35m[mason.nvim] [0m[36m     clone[0m[90m | [0mremote: Counting objects:  29% (349/1201)        [35m[mason.nvim] [0m[36m     clone[0m[90m | [0mremote: Counting objects:  30% (361/1201)        [35m[mason.nvim] [0m[36m     clone[0m[90m | [0mremote: Counting objects:  31% (373/1201)        [35m[mason.nvim] [0m[36m     clone[0m[90m | [0mremote: Counting objects:  32% (385/1201)        [35m[mason.nvim] [0m[36m     clone[0m[90m | [0mremote: Counting objects:  33% (397/1201)        [35m[mason.nvim] [0m[36m     clone[0m[90m | [0mremote: Counting objects:  34% (409/1201)        [35m[mason.nvim] [0m[36m     clone[0m[90m | [0mremote: Counting objects:  35% (421/1201)        [35m[mason.nvim] [0m[36m     clone[0m[90m | [0mremote: Counting objects:  36% (433/1201)        [35m[mason.nvim] [0m[36m     clone[0m[90m | [0mremote: Counting objects:  37% (445/1201)        [35m[mason.nvim] [0m[36m     clone[0m[90m | [0mremote: Counting objects:  38% (457/1201)        [35m[mason.nvim] [0m[36m     clone[0m[90m | [0mremote: Counting objects:  39% (469/1201)        [35m[mason.nvim] [0m[36m     clone[0m[90m | [0mremote: Counting objects:  40% (481/1201)        [35m[mason.nvim] [0m[36m     clone[0m[90m | [0mremote: Counting objects:  41% (493/1201)        [35m[mason.nvim] [0m[36m     clone[0m[90m | [0mremote: Counting objects:  42% (505/1201)        [35m[mason.nvim] [0m[36m     clone[0m[90m | [0mremote: Counting objects:  43% (517/1201)        [35m[mason.nvim] [0m[36m     clone[0m[90m | [0mremote: Counting objects:  44% (529/1201)        [35m[mason.nvim] [0m[36m     clone[0m[90m | [0mremote: Counting objects:  45% (541/1201)        [35m[mason.nvim] [0m[36m     clone[0m[90m | [0mremote: Counting objects:  46% (553/1201)        [35m[mason.nvim] [0m[36m     clone[0m[90m | [0mremote: Counting objects:  47% (565/1201)        [35m[mason.nvim] [0m[36m     clone[0m[90m | [0mremote: Counting objects:  48% (577/1201)        [35m[mason.nvim] [0m[36m     clone[0m[90m | [0mremote: Counting objects:  49% (589/1201)        [35m[mason.nvim] [0m[36m     clone[0m[90m | [0mremote: Counting objects:  50% (601/1201)        [35m[mason.nvim] [0m[36m     clone[0m[90m | [0mremote: Counting objects:  51% (613/1201)        [35m[mason.nvim] [0m[36m     clone[0m[90m | [0mremote: Counting objects:  52% (625/1201)        [35m[mason.nvim] [0m[36m     clone[0m[90m | [0mremote: Counting objects:  53% (637/1201)        [35m[mason.nvim] [0m[36m     clone[0m[90m | [0mremote: Counting objects:  54% (649/1201)        [35m[mason.nvim] [0m[36m     clone[0m[90m | [0mremote: Counting objects:  55% (661/1201)        [35m[mason.nvim] [0m[36m     clone[0m[90m | [0mremote: Counting objects:  56% (673/1201)        [35m[mason.nvim] [0m[36m     clone[0m[90m | [0mremote: Counting objects:  57% (685/1201)        [35m[mason.nvim] [0m[36m     clone[0m[90m | [0mremote: Counting objects:  58% (697/1201)        [35m[mason.nvim] [0m[36m     clone[0m[90m | [0mremote: Counting objects:  59% (709/1201)        [35m[mason.nvim] [0m[36m     clone[0m[90m | [0mremote: Counting objects:  60% (721/1201)        [35m[mason.nvim] [0m[36m     clone[0m[90m | [0mremote: Counting objects:  61% (733/1201)        [35m[mason.nvim] [0m[36m     clone[0m[90m | [0mremote: Counting objects:  62% (745/1201)        [35m[mason.nvim] [0m[36m     clone[0m[90m | [0mremote: Counting objects:  63% (757/1201)        [35m[mason.nvim] [0m[36m     clone[0m[90m | [0mremote: Counting objects:  64% (769/1201)        [35m[mason.nvim] [0m[36m     clone[0m[90m | [0mremote: Counting objects:  65% (781/1201)        [35m[mason.nvim] [0m[36m     clone[0m[90m | [0mremote: Counting objects:  66% (793/1201)        [35m[mason.nvim] [0m[36m     clone[0m[90m | [0mremote: Counting objects:  67% (805/1201)        [35m[mason.nvim] [0m[36m     clone[0m[90m | [0mremote: Counting objects:  68% (817/1201)        [35m[mason.nvim] [0m[36m     clone[0m[90m | [0mremote: Counting objects:  69% (829/1201)        [35m[mason.nvim] [0m[36m     clone[0m[90m | [0mremote: Counting objects:  70% (841/1201)        [35m[mason.nvim] [0m[36m     clone[0m[90m | [0mremote: Counting objects:  71% (853/1201)        [35m[mason.nvim] [0m[36m     clone[0m[90m | [0mremote: Counting objects:  72% (865/1201)        [35m[mason.nvim] [0m[36m     clone[0m[90m | [0mremote: Counting objects:  73% (877/1201)        [35m[mason.nvim] [0m[36m     clone[0m[90m | [0mremote: Counting objects:  74% (889/1201)        [35m[mason.nvim] [0m[36m     clone[0m[90m | [0mremote: Counting objects:  75% (901/1201)        [35m[mason.nvim] [0m[36m     clone[0m[90m | [0mremote: Counting objects:  76% (913/1201)        [35m[mason.nvim] [0m[36m     clone[0m[90m | [0mremote: Counting objects:  77% (925/1201)        [35m[mason.nvim] [0m[36m     clone[0m[90m | [0mremote: Counting objects:  78% (937/1201)        [35m[mason.nvim] [0m[36m     clone[0m[90m | [0mremote: Counting objects:  79% (949/1201)        [35m[mason.nvim] [0m[36m     clone[0m[90m | [0mremote: Counting objects:  80% (961/1201)        [35m[mason.nvim] [0m[36m     clone[0m[90m | [0mremote: Counting objects:  81% (973/1201)        [35m[mason.nvim] [0m[36m     clone[0m[90m | [0mremote: Counting objects:  82% (985/1201)        [35m[mason.nvim] [0m[36m     clone[0m[90m | [0mremote: Counting objects:  83% (997/1201)        [35m[mason.nvim] [0m[36m     clone[0m[90m | [0mremote: Counting objects:  84% (1009/1201)        [35m[mason.nvim] [0m[36m     clone[0m[90m | [0mremote: Counting objects:  85% (1021/1201)        [35m[mason.nvim] [0m[36m     clone[0m[90m | [0mremote: Counting objects:  86% (1033/1201)        [35m[mason.nvim] [0m[36m     clone[0m[90m | [0mremote: Counting objects:  87% (1045/1201)        [35m[mason.nvim] [0m[36m     clone[0m[90m | [0mremote: Counting objects:  88% (1057/1201)        [35m[mason.nvim] [0m[36m     clone[0m[90m | [0mremote: Counting objects:  89% (1069/1201)        [35m[mason.nvim] [0m[36m     clone[0m[90m | [0mremote: Counting objects:  90% (1081/1201)        [35m[mason.nvim] [0m[36m     clone[0m[90m | [0mremote: Counting objects:  91% (1093/1201)        [35m[mason.nvim] [0m[36m     clone[0m[90m | [0mremote: Counting objects:  92% (1105/1201)        [35m[mason.nvim] [0m[36m     clone[0m[90m | [0mremote: Counting objects:  93% (1117/1201)        [35m[mason.nvim] [0m[36m     clone[0m[90m | [0mremote: Counting objects:  94% (1129/1201)        [35m[mason.nvim] [0m[36m     clone[0m[90m | [0mremote: Counting objects:  95% (1141/1201)        [35m[mason.nvim] [0m[36m     clone[0m[90m | [0mremote: Counting objects:  96% (1153/1201)        [35m[mason.nvim] [0m[36m     clone[0m[90m | [0mremote: Counting objects:  97% (1165/1201)        [35m[mason.nvim] [0m[36m     clone[0m[90m | [0mremote: Counting objects:  98% (1177/1201)        [35m[mason.nvim] [0m[36m     clone[0m[90m | [0mremote: Counting objects:  99% (1189/1201)        [35m[mason.nvim] [0m[36m     clone[0m[90m | [0mremote: Counting objects: 100% (1201/1201)        [35m[mason.nvim] [0m[36m     clone[0m[90m | [0mremote: Counting objects: 100% (1201/1201), done.        
[35m[mason.nvim] [0m[36m     clone[0m[90m | [0mremote: Compressing objects:   0% (1/234)        [35m[mason.nvim] [0m[36m     clone[0m[90m | [0mremote: Compressing objects:   1% (3/234)        [35m[mason.nvim] [0m[36m     clone[0m[90m | [0mremote: Compressing objects:   2% (5/234)        [35m[mason.nvim] [0m[36m     clone[0m[90m | [0mremote: Compressing objects:   3% (8/234)        [35m[mason.nvim] [0m[36m     clone[0m[90m | [0mremote: Compressing objects:   4% (10/234)        [35m[mason.nvim] [0m[36m     clone[0m[90m | [0mremote: Compressing objects:   5% (12/234)        [35m[mason.nvim] [0m[36m     clone[0m[90m | [0mremote: Compressing objects:   6% (15/234)        [35m[mason.nvim] [0m[36m     clone[0m[90m | [0mremote: Compressing objects:   7% (17/234)        [35m[mason.nvim] [0m[36m     clone[0m[90m | [0mremote: Compressing objects:   8% (19/234)        [35m[mason.nvim] [0m[36m     clone[0m[90m | [0mremote: Compressing objects:   9% (22/234)        [35m[mason.nvim] [0m[36m     clone[0m[90m | [0mremote: Compressing objects:  10% (24/234)        [35m[mason.nvim] [0m[36m     clone[0m[90m | [0mremote: Compressing objects:  11% (26/234)        [35m[mason.nvim] [0m[36m     clone[0m[90m | [0mremote: Compressing objects:  12% (29/234)        [35m[mason.nvim] [0m[36m     clone[0m[90m | [0mremote: Compressing objects:  13% (31/234)        [35m[mason.nvim] [0m[36m     clone[0m[90m | [0mremote: Compressing objects:  14% (33/234)        [35m[mason.nvim] [0m[36m     clone[0m[90m | [0mremote: Compressing objects:  15% (36/234)        [35m[mason.nvim] [0m[36m     clone[0m[90m | [0mremote: Compressing objects:  16% (38/234)        [35m[mason.nvim] [0m[36m     clone[0m[90m | [0mremote: Compressing objects:  17% (40/234)        [35m[mason.nvim] [0m[36m     clone[0m[90m | [0mremote: Compressing objects:  18% (43/234)        [35m[mason.nvim] [0m[36m     clone[0m[90m | [0mremote: Compressing objects:  19% (45/234)        [35m[mason.nvim] [0m[36m     clone[0m[90m | [0mremote: Compressing objects:  20% (47/234)        [35m[mason.nvim] [0m[36m     clone[0m[90m | [0mremote: Compressing objects:  21% (50/234)        [35m[mason.nvim] [0m[36m     clone[0m[90m | [0mremote: Compressing objects:  22% (52/234)        [35m[mason.nvim] [0m[36m     clone[0m[90m | [0mremote: Compressing objects:  23% (54/234)        [35m[mason.nvim] [0m[36m     clone[0m[90m | [0mremote: Compressing objects:  24% (57/234)        [35m[mason.nvim] [0m[36m     clone[0m[90m | [0mremote: Compressing objects:  25% (59/234)        [35m[mason.nvim] [0m[36m     clone[0m[90m | [0mremote: Compressing objects:  26% (61/234)        [35m[mason.nvim] [0m[36m     clone[0m[90m | [0mremote: Compressing objects:  27% (64/234)        [35m[mason.nvim] [0m[36m     clone[0m[90m | [0mremote: Compressing objects:  28% (66/234)        [35m[mason.nvim] [0m[36m     clone[0m[90m | [0mremote: Compressing objects:  29% (68/234)        [35m[mason.nvim] [0m[36m     clone[0m[90m | [0mremote: Compressing objects:  30% (71/234)        [35m[mason.nvim] [0m[36m     clone[0m[90m | [0mremote: Compressing objects:  31% (73/234)        [35m[mason.nvim] [0m[36m     clone[0m[90m | [0mremote: Compressing objects:  32% (75/234)        [35m[mason.nvim] [0m[36m     clone[0m[90m | [0mremote: Compressing objects:  33% (78/234)        [35m[mason.nvim] [0m[36m     clone[0m[90m | [0mremote: Compressing objects:  34% (80/234)        [35m[mason.nvim] [0m[36m     clone[0m[90m | [0mremote: Compressing objects:  35% (82/234)        [35m[mason.nvim] [0m[36m     clone[0m[90m | [0mremote: Compressing objects:  36% (85/234)        [35m[mason.nvim] [0m[36m     clone[0m[90m | [0mremote: Compressing objects:  37% (87/234)        [35m[mason.nvim] [0m[36m     clone[0m[90m | [0mremote: Compressing objects:  38% (89/234)        [35m[mason.nvim] [0m[36m     clone[0m[90m | [0mremote: Compressing objects:  39% (92/234)        [35m[mason.nvim] [0m[36m     clone[0m[90m | [0mremote: Compressing objects:  40% (94/234)        [35m[mason.nvim] [0m[36m     clone[0m[90m | [0mremote: Compressing objects:  41% (96/234)        [35m[mason.nvim] [0m[36m     clone[0m[90m | [0mremote: Compressing objects:  42% (99/234)        [35m[mason.nvim] [0m[36m     clone[0m[90m | [0mremote: Compressing objects:  43% (101/234)        [35m[mason.nvim] [0m[36m     clone[0m[90m | [0mremote: Compressing objects:  44% (103/234)        [35m[mason.nvim] [0m[36m     clone[0m[90m | [0mremote: Compressing objects:  45% (106/234)        [35m[mason.nvim] [0m[36m     clone[0m[90m | [0mremote: Compressing objects:  46% (108/234)        [35m[mason.nvim] [0m[36m     clone[0m[90m | [0mremote: Compressing objects:  47% (110/234)        [35m[mason.nvim] [0m[36m     clone[0m[90m | [0mremote: Compressing objects:  48% (113/234)        [35m[mason.nvim] [0m[36m     clone[0m[90m | [0mremote: Compressing objects:  49% (115/234)        [35m[mason.nvim] [0m[36m     clone[0m[90m | [0mremote: Compressing objects:  50% (117/234)        [35m[mason.nvim] [0m[36m     clone[0m[90m | [0mremote: Compressing objects:  51% (120/234)        [35m[mason.nvim] [0m[36m     clone[0m[90m | [0mremote: Compressing objects:  52% (122/234)        [35m[mason.nvim] [0m[36m     clone[0m[90m | [0mremote: Compressing objects:  53% (125/234)        [35m[mason.nvim] [0m[36m     clone[0m[90m | [0mremote: Compressing objects:  54% (127/234)        [35m[mason.nvim] [0m[36m     clone[0m[90m | [0mremote: Compressing objects:  55% (129/234)        [35m[mason.nvim] [0m[36m     clone[0m[90m | [0mremote: Compressing objects:  56% (132/234)        [35m[mason.nvim] [0m[36m     clone[0m[90m | [0mremote: Compressing objects:  57% (134/234)        [35m[mason.nvim] [0m[36m     clone[0m[90m | [0mremote: Compressing objects:  58% (136/234)        [35m[mason.nvim] [0m[36m     clone[0m[90m | [0mremote: Compressing objects:  59% (139/234)        [35m[mason.nvim] [0m[36m     clone[0m[90m | [0mremote: Compressing objects:  60% (141/234)        [35m[mason.nvim] [0m[36m     clone[0m[90m | [0mremote: Compressing objects:  61% (143/234)        [35m[mason.nvim] [0m[36m     clone[0m[90m | [0mremote: Compressing objects:  62% (146/234)        [35m[mason.nvim] [0m[36m     clone[0m[90m | [0mremote: Compressing objects:  63% (148/234)        [35m[mason.nvim] [0m[36m     clone[0m[90m | [0mremote: Compressing objects:  64% (150/234)        [35m[mason.nvim] [0m[36m     clone[0m[90m | [0mremote: Compressing objects:  65% (153/234)        [35m[mason.nvim] [0m[36m     clone[0m[90m | [0mremote: Compressing objects:  66% (155/234)        [35m[mason.nvim] [0m[36m     clone[0m[90m | [0mremote: Compressing objects:  67% (157/234)        [35m[mason.nvim] [0m[36m     clone[0m[90m | [0mremote: Compressing objects:  68% (160/234)        [35m[mason.nvim] [0m[36m     clone[0m[90m | [0mremote: Compressing objects:  69% (162/234)        [35m[mason.nvim] [0m[36m     clone[0m[90m | [0mremote: Compressing objects:  70% (164/234)        [35m[mason.nvim] [0m[36m     clone[0m[90m | [0mremote: Compressing objects:  71% (167/234)        [35m[mason.nvim] [0m[36m     clone[0m[90m | [0mremote: Compressing objects:  72% (169/234)        [35m[mason.nvim] [0m[36m     clone[0m[90m | [0mremote: Compressing objects:  73% (171/234)        [35m[mason.nvim] [0m[36m     clone[0m[90m | [0mremote: Compressing objects:  74% (174/234)        [35m[mason.nvim] [0m[36m     clone[0m[90m | [0mremote: Compressing objects:  75% (176/234)        [35m[mason.nvim] [0m[36m     clone[0m[90m | [0mremote: Compressing objects:  76% (178/234)        [35m[mason.nvim] [0m[36m     clone[0m[90m | [0mremote: Compressing objects:  77% (181/234)        [35m[mason.nvim] [0m[36m     clone[0m[90m | [0mremote: Compressing objects:  78% (183/234)        [35m[mason.nvim] [0m[36m     clone[0m[90m | [0mremote: Compressing objects:  79% (185/234)        [35m[mason.nvim] [0m[36m     clone[0m[90m | [0mremote: Compressing objects:  80% (188/234)        [35m[mason.nvim] [0m[36m     clone[0m[90m | [0mremote: Compressing objects:  81% (190/234)        [35m[mason.nvim] [0m[36m     clone[0m[90m | [0mremote: Compressing objects:  82% (192/234)        [35m[mason.nvim] [0m[36m     clone[0m[90m | [0mremote: Compressing objects:  83% (195/234)        [35m[mason.nvim] [0m[36m     clone[0m[90m | [0mremote: Compressing objects:  84% (197/234)        [35m[mason.nvim] [0m[36m     clone[0m[90m | [0mremote: Compressing objects:  85% (199/234)        [35m[mason.nvim] [0m[36m     clone[0m[90m | [0mremote: Compressing objects:  86% (202/234)        [35m[mason.nvim] [0m[36m     clone[0m[90m | [0mremote: Compressing objects:  87% (204/234)        [35m[mason.nvim] [0m[36m     clone[0m[90m | [0mremote: Compressing objects:  88% (206/234)        [35m[mason.nvim] [0m[36m     clone[0m[90m | [0mremote: Compressing objects:  89% (209/234)        [35m[mason.nvim] [0m[36m     clone[0m[90m | [0mremote: Compressing objects:  90% (211/234)        [35m[mason.nvim] [0m[36m     clone[0m[90m | [0mremote: Compressing objects:  91% (213/234)        [35m[mason.nvim] [0m[36m     clone[0m[90m | [0mremote: Compressing objects:  92% (216/234)        [35m[mason.nvim] [0m[36m     clone[0m[90m | [0mremote: Compressing objects:  93% (218/234)        [35m[mason.nvim] [0m[36m     clone[0m[90m | [0mremote: Compressing objects:  94% (220/234)        [35m[mason.nvim] [0m[36m     clone[0m[90m | [0mremote: Compressing objects:  95% (223/234)        [35m[mason.nvim] [0m[36m     clone[0m[90m | [0mremote: Compressing objects:  96% (225/234)        [35m[mason.nvim] [0m[36m     clone[0m[90m | [0mremote: Compressing objects:  97% (227/234)        [35m[mason.nvim] [0m[36m     clone[0m[90m | [0mremote: Compressing objects:  98% (230/234)        [35m[mason.nvim] [0m[36m     clone[0m[90m | [0mremote: Compressing objects:  99% (232/234)        [35m[mason.nvim] [0m[36m     clone[0m[90m | [0mremote: Compressing objects: 100% (234/234)        [35m[mason.nvim] [0m[36m     clone[0m[90m | [0mremote: Compressing objects: 100% (234/234), done.        
[35m[mason-lspconfig.nvim] [0m[36mclone[0m[90m | [0mremote: Enumerating objects: 2183, done.        
[35m[mason-lspconfig.nvim] [0m[36mclone[0m[90m | [0mremote: Counting objects:   2% (1/50)        [35m[mason-lspconfig.nvim] [0m[36mclone[0m[90m | [0mremote: Counting objects:   4% (2/50)        [35m[mason-lspconfig.nvim] [0m[36mclone[0m[90m | [0mremote: Counting objects:   6% (3/50)        [35m[mason-lspconfig.nvim] [0m[36mclone[0m[90m | [0mremote: Counting objects:   8% (4/50)        [35m[mason-lspconfig.nvim] [0m[36mclone[0m[90m | [0mremote: Counting objects:  10% (5/50)        [35m[mason-lspconfig.nvim] [0m[36mclone[0m[90m | [0mremote: Counting objects:  12% (6/50)        [35m[grug-far.nvim] [0m[36m  clone[0m[90m | [0mReceiving objects:   1% (61/6002)[35m[mason-lspconfig.nvim] [0m[36mclone[0m[90m | [0mremote: Counting objects:  14% (7/50)        [35m[mason-lspconfig.nvim] [0m[36mclone[0m[90m | [0mremote: Counting objects:  16% (8/50)        [35m[mason-lspconfig.nvim] [0m[36mclone[0m[90m | [0mremote: Counting objects:  18% (9/50)        [35m[mason-lspconfig.nvim] [0m[36mclone[0m[90m | [0mremote: Counting objects:  20% (10/50)        [35m[mason-lspconfig.nvim] [0m[36mclone[0m[90m | [0mremote: Counting objects:  22% (11/50)        [35m[mason-lspconfig.nvim] [0m[36mclone[0m[90m | [0mremote: Counting objects:  24% (12/50)        [35m[mason-lspconfig.nvim] [0m[36mclone[0m[90m | [0mremote: Counting objects:  26% (13/50)        [35m[mason-lspconfig.nvim] [0m[36mclone[0m[90m | [0mremote: Counting objects:  28% (14/50)        [35m[mason-lspconfig.nvim] [0m[36mclone[0m[90m | [0mremote: Counting objects:  30% (15/50)        [35m[mason-lspconfig.nvim] [0m[36mclone[0m[90m | [0mremote: Counting objects:  32% (16/50)        [35m[mason-lspconfig.nvim] [0m[36mclone[0m[90m | [0mremote: Counting objects:  34% (17/50)        [35m[mason-lspconfig.nvim] [0m[36mclone[0m[90m | [0mremote: Counting objects:  36% (18/50)        [35m[mason-lspconfig.nvim] [0m[36mclone[0m[90m | [0mremote: Counting objects:  38% (19/50)        [35m[mason-lspconfig.nvim] [0m[36mclone[0m[90m | [0mremote: Counting objects:  40% (20/50)        [35m[mason-lspconfig.nvim] [0m[36mclone[0m[90m | [0mremote: Counting objects:  42% (21/50)        [35m[mason-lspconfig.nvim] [0m[36mclone[0m[90m | [0mremote: Counting objects:  44% (22/50)        [35m[mason-lspconfig.nvim] [0m[36mclone[0m[90m | [0mremote: Counting objects:  46% (23/50)        [35m[mason-lspconfig.nvim] [0m[36mclone[0m[90m | [0mremote: Counting objects:  48% (24/50)        [35m[mason-lspconfig.nvim] [0m[36mclone[0m[90m | [0mremote: Counting objects:  50% (25/50)        [35m[mason-lspconfig.nvim] [0m[36mclone[0m[90m | [0mremote: Counting objects:  52% (26/50)        [35m[mason-lspconfig.nvim] [0m[36mclone[0m[90m | [0mremote: Counting objects:  54% (27/50)        [35m[mason-lspconfig.nvim] [0m[36mclone[0m[90m | [0mremote: Counting objects:  56% (28/50)        [35m[mason-lspconfig.nvim] [0m[36mclone[0m[90m | [0mremote: Counting objects:  58% (29/50)        [35m[mason-lspconfig.nvim] [0m[36mclone[0m[90m | [0mremote: Counting objects:  60% (30/50)        [35m[mason-lspconfig.nvim] [0m[36mclone[0m[90m | [0mremote: Counting objects:  62% (31/50)        [35m[mason-lspconfig.nvim] [0m[36mclone[0m[90m | [0mremote: Counting objects:  64% (32/50)        [35m[mason-lspconfig.nvim] [0m[36mclone[0m[90m | [0mremote: Counting objects:  66% (33/50)        [35m[mason-lspconfig.nvim] [0m[36mclone[0m[90m | [0mremote: Counting objects:  68% (34/50)        [35m[mason-lspconfig.nvim] [0m[36mclone[0m[90m | [0mremote: Counting objects:  70% (35/50)        [35m[mason-lspconfig.nvim] [0m[36mclone[0m[90m | [0mremote: Counting objects:  72% (36/50)        [35m[mason-lspconfig.nvim] [0m[36mclone[0m[90m | [0mremote: Counting objects:  74% (37/50)        [35m[mason-lspconfig.nvim] [0m[36mclone[0m[90m | [0mremote: Counting objects:  76% (38/50)        [35m[mason-lspconfig.nvim] [0m[36mclone[0m[90m | [0mremote: Counting objects:  78% (39/50)        [35m[mason-lspconfig.nvim] [0m[36mclone[0m[90m | [0mremote: Counting objects:  80% (40/50)        [35m[mason-lspconfig.nvim] [0m[36mclone[0m[90m | [0mremote: Counting objects:  82% (41/50)        [35m[mason-lspconfig.nvim] [0m[36mclone[0m[90m | [0mremote: Counting objects:  84% (42/50)        [35m[mason-lspconfig.nvim] [0m[36mclone[0m[90m | [0mremote: Counting objects:  86% (43/50)        [35m[mason-lspconfig.nvim] [0m[36mclone[0m[90m | [0mremote: Counting objects:  88% (44/50)        [35m[mason-lspconfig.nvim] [0m[36mclone[0m[90m | [0mremote: Counting objects:  90% (45/50)        [35m[mason-lspconfig.nvim] [0m[36mclone[0m[90m | [0mremote: Counting objects:  92% (46/50)        [35m[mason-lspconfig.nvim] [0m[36mclone[0m[90m | [0mremote: Counting objects:  94% (47/50)        [35m[mason-lspconfig.nvim] [0m[36mclone[0m[90m | [0mremote: Counting objects:  96% (48/50)        [35m[mason-lspconfig.nvim] [0m[36mclone[0m[90m | [0mremote: Counting objects:  98% (49/50)        [35m[mason-lspconfig.nvim] [0m[36mclone[0m[90m | [0mremote: Counting objects: 100% (50/50)        [35m[mason-lspconfig.nvim] [0m[36mclone[0m[90m | [0mremote: Counting objects: 100% (50/50), done.        
[35m[mason-lspconfig.nvim] [0m[36mclone[0m[90m | [0mremote: Compressing objects:   2% (1/34)        [35m[mason-lspconfig.nvim] [0m[36mclone[0m[90m | [0mremote: Compressing objects:   5% (2/34)        [35m[mason-lspconfig.nvim] [0m[36mclone[0m[90m | [0mremote: Compressing objects:   8% (3/34)        [35m[mason-lspconfig.nvim] [0m[36mclone[0m[90m | [0mremote: Compressing objects:  11% (4/34)        [35m[mason-lspconfig.nvim] [0m[36mclone[0m[90m | [0mremote: Compressing objects:  14% (5/34)        [35m[mason-lspconfig.nvim] [0m[36mclone[0m[90m | [0mremote: Compressing objects:  17% (6/34)        [35m[mason-lspconfig.nvim] [0m[36mclone[0m[90m | [0mremote: Compressing objects:  20% (7/34)        [35m[mason-lspconfig.nvim] [0m[36mclone[0m[90m | [0mremote: Compressing objects:  23% (8/34)        [35m[mason-lspconfig.nvim] [0m[36mclone[0m[90m | [0mremote: Compressing objects:  26% (9/34)        [35m[mason-lspconfig.nvim] [0m[36mclone[0m[90m | [0mremote: Compressing objects:  29% (10/34)        [35m[mason-lspconfig.nvim] [0m[36mclone[0m[90m | [0mremote: Compressing objects:  32% (11/34)        [35m[mason-lspconfig.nvim] [0m[36mclone[0m[90m | [0mremote: Compressing objects:  35% (12/34)        [35m[mason-lspconfig.nvim] [0m[36mclone[0m[90m | [0mremote: Compressing objects:  38% (13/34)        [35m[mason-lspconfig.nvim] [0m[36mclone[0m[90m | [0mremote: Compressing objects:  41% (14/34)        [35m[mason-lspconfig.nvim] [0m[36mclone[0m[90m | [0mremote: Compressing objects:  44% (15/34)        [35m[mason-lspconfig.nvim] [0m[36mclone[0m[90m | [0mremote: Compressing objects:  47% (16/34)        [35m[mason-lspconfig.nvim] [0m[36mclone[0m[90m | [0mremote: Compressing objects:  50% (17/34)        [35m[mason-lspconfig.nvim] [0m[36mclone[0m[90m | [0mremote: Compressing objects:  52% (18/34)        [35m[mason-lspconfig.nvim] [0m[36mclone[0m[90m | [0mremote: Compressing objects:  55% (19/34)        [35m[mason-lspconfig.nvim] [0m[36mclone[0m[90m | [0mremote: Compressing objects:  58% (20/34)        [35m[mason-lspconfig.nvim] [0m[36mclone[0m[90m | [0mremote: Compressing objects:  61% (21/34)        [35m[mason-lspconfig.nvim] [0m[36mclone[0m[90m | [0mremote: Compressing objects:  64% (22/34)        [35m[mason-lspconfig.nvim] [0m[36mclone[0m[90m | [0mremote: Compressing objects:  67% (23/34)        [35m[mason-lspconfig.nvim] [0m[36mclone[0m[90m | [0mremote: Compressing objects:  70% (24/34)        [35m[mason-lspconfig.nvim] [0m[36mclone[0m[90m | [0mremote: Compressing objects:  73% (25/34)        [35m[mason-lspconfig.nvim] [0m[36mclone[0m[90m | [0mremote: Compressing objects:  76% (26/34)        [35m[mason-lspconfig.nvim] [0m[36mclone[0m[90m | [0mremote: Compressing objects:  79% (27/34)        [35m[mason-lspconfig.nvim] [0m[36mclone[0m[90m | [0mremote: Compressing objects:  82% (28/34)        [35m[mason-lspconfig.nvim] [0m[36mclone[0m[90m | [0mremote: Compressing objects:  85% (29/34)        [35m[mason-lspconfig.nvim] [0m[36mclone[0m[90m | [0mremote: Compressing objects:  88% (30/34)        [35m[mason-lspconfig.nvim] [0m[36mclone[0m[90m | [0mremote: Compressing objects:  91% (31/34)        [35m[mason-lspconfig.nvim] [0m[36mclone[0m[90m | [0mremote: Compressing objects:  94% (32/34)        [35m[mason-lspconfig.nvim] [0m[36mclone[0m[90m | [0mremote: Compressing objects:  97% (33/34)        [35m[mason-lspconfig.nvim] [0m[36mclone[0m[90m | [0mremote: Compressing objects: 100% (34/34)        [35m[mason-lspconfig.nvim] [0m[36mclone[0m[90m | [0mremote: Compressing objects: 100% (34/34), done.        
[35m[lualine.nvim] [0m[36m   clone[0m[90m | [0mremote: Enumerating objects: 3596, done.        
[35m[lualine.nvim] [0m[36m   clone[0m[90m | [0mremote: Counting objects:   5% (1/18)        [35m[lualine.nvim] [0m[36m   clone[0m[90m | [0mremote: Counting objects:  11% (2/18)        [35m[lualine.nvim] [0m[36m   clone[0m[90m | [0mremote: Counting objects:  16% (3/18)        [35m[lualine.nvim] [0m[36m   clone[0m[90m | [0mremote: Counting objects:  22% (4/18)        [35m[lualine.nvim] [0m[36m   clone[0m[90m | [0mremote: Counting objects:  27% (5/18)        [35m[lualine.nvim] [0m[36m   clone[0m[90m | [0mremote: Counting objects:  33% (6/18)        [35m[lualine.nvim] [0m[36m   clone[0m[90m | [0mremote: Counting objects:  38% (7/18)        [35m[lualine.nvim] [0m[36m   clone[0m[90m | [0mremote: Counting objects:  44% (8/18)        [35m[lualine.nvim] [0m[36m   clone[0m[90m | [0mremote: Counting objects:  50% (9/18)        [35m[lualine.nvim] [0m[36m   clone[0m[90m | [0mremote: Counting objects:  55% (10/18)        [35m[lualine.nvim] [0m[36m   clone[0m[90m | [0mremote: Counting objects:  61% (11/18)        [35m[lualine.nvim] [0m[36m   clone[0m[90m | [0mremote: Counting objects:  66% (12/18)        [35m[lualine.nvim] [0m[36m   clone[0m[90m | [0mremote: Counting objects:  72% (13/18)        [35m[lualine.nvim] [0m[36m   clone[0m[90m | [0mremote: Counting objects:  77% (14/18)        [35m[lualine.nvim] [0m[36m   clone[0m[90m | [0mremote: Counting objects:  83% (15/18)        [35m[lualine.nvim] [0m[36m   clone[0m[90m | [0mremote: Counting objects:  88% (16/18)        [35m[lualine.nvim] [0m[36m   clone[0m[90m | [0mremote: Counting objects:  94% (17/18)        [35m[lualine.nvim] [0m[36m   clone[0m[90m | [0mremote: Counting objects: 100% (18/18)        [35m[lualine.nvim] [0m[36m   clone[0m[90m | [0mremote: Counting objects: 100% (18/18), done.        
[35m[grug-far.nvim] [0m[36m  clone[0m[90m | [0mReceiving objects:   2% (121/6002)[35m[lualine.nvim] [0m[36m   clone[0m[90m | [0mremote: Compressing objects:  12% (1/8)        [35m[lualine.nvim] [0m[36m   clone[0m[90m | [0mremote: Compressing objects:  25% (2/8)        [35m[lualine.nvim] [0m[36m   clone[0m[90m | [0mremote: Compressing objects:  37% (3/8)        [35m[lualine.nvim] [0m[36m   clone[0m[90m | [0mremote: Compressing objects:  50% (4/8)        [35m[lualine.nvim] [0m[36m   clone[0m[90m | [0mremote: Compressing objects:  62% (5/8)        [35m[lualine.nvim] [0m[36m   clone[0m[90m | [0mremote: Compressing objects:  75% (6/8)        [35m[lualine.nvim] [0m[36m   clone[0m[90m | [0mremote: Compressing objects:  87% (7/8)        [35m[lualine.nvim] [0m[36m   clone[0m[90m | [0mremote: Compressing objects: 100% (8/8)        [35m[lualine.nvim] [0m[36m   clone[0m[90m | [0mremote: Compressing objects: 100% (8/8), done.        
[35m[flash.nvim] [0m[36m     clone[0m[90m | [0mReceiving objects:  14% (275/1960)[35m[flash.nvim] [0m[36m     clone[0m[90m | [0mReceiving objects:  15% (294/1960)[35m[mason-lspconfig.nvim] [0m[36mclone[0m[90m | [0mReceiving objects:   0% (1/2183)[35m[lualine.nvim] [0m[36m   clone[0m[90m | [0mReceiving objects:   0% (1/3596)[35m[flash.nvim] [0m[36m     clone[0m[90m | [0mReceiving objects:  16% (314/1960)[35m[flash.nvim] [0m[36m     clone[0m[90m | [0mReceiving objects:  17% (334/1960)[35m[grug-far.nvim] [0m[36m  clone[0m[90m | [0mReceiving objects:   3% (181/6002)[35m[flash.nvim] [0m[36m     clone[0m[90m | [0mReceiving objects:  18% (353/1960)[35m[grug-far.nvim] [0m[36m  clone[0m[90m | [0mReceiving objects:   4% (241/6002)[35m[flash.nvim] [0m[36m     clone[0m[90m | [0mReceiving objects:  19% (373/1960)[35m[blink.cmp] [0m[36m      clone[0m[90m | [0mReceiving objects:   1% (116/11581)[35m[flash.nvim] [0m[36m     clone[0m[90m | [0mReceiving objects:  20% (392/1960)[35m[flash.nvim] [0m[36m     clone[0m[90m | [0mReceiving objects:  21% (412/1960)[35m[flash.nvim] [0m[36m     clone[0m[90m | [0mReceiving objects:  22% (432/1960)[35m[mason.nvim] [0m[36m     clone[0m[90m | [0mReceiving objects:   0% (1/12443)[35m[mason-lspconfig.nvim] [0m[36mclone[0m[90m | [0mReceiving objects:   1% (22/2183)[35m[mason.nvim] [0m[36m     clone[0m[90m | [0mReceiving objects:   1% (125/12443)[35m[SchemaStore.nvim] [0m[36mclone[0m[90m | [0mReceiving objects:  34% (1395/4101)[35m[SchemaStore.nvim] [0m[36mclone[0m[90m | [0mReceiving objects:  35% (1436/4101)[35m[SchemaStore.nvim] [0m[36mclone[0m[90m | [0mReceiving objects:  36% (1477/4101)[35m[SchemaStore.nvim] [0m[36mclone[0m[90m | [0mReceiving objects:  37% (1518/4101)[35m[SchemaStore.nvim] [0m[36mclone[0m[90m | [0mReceiving objects:  38% (1559/4101)[35m[SchemaStore.nvim] [0m[36mclone[0m[90m | [0mReceiving objects:  39% (1600/4101)[35m[SchemaStore.nvim] [0m[36mclone[0m[90m | [0mReceiving objects:  40% (1641/4101)[35m[SchemaStore.nvim] [0m[36mclone[0m[90m | [0mReceiving objects:  41% (1682/4101)[35m[SchemaStore.nvim] [0m[36mclone[0m[90m | [0mReceiving objects:  42% (1723/4101)[35m[SchemaStore.nvim] [0m[36mclone[0m[90m | [0mReceiving objects:  43% (1764/4101)[35m[SchemaStore.nvim] [0m[36mclone[0m[90m | [0mReceiving objects:  44% (1805/4101)[35m[SchemaStore.nvim] [0m[36mclone[0m[90m | [0mReceiving objects:  45% (1846/4101)[35m[SchemaStore.nvim] [0m[36mclone[0m[90m | [0mReceiving objects:  46% (1887/4101)[35m[SchemaStore.nvim] [0m[36mclone[0m[90m | [0mReceiving objects:  47% (1928/4101)[35m[SchemaStore.nvim] [0m[36mclone[0m[90m | [0mReceiving objects:  48% (1969/4101)[35m[grug-far.nvim] [0m[36m  clone[0m[90m | [0mReceiving objects:   5% (301/6002)[35m[grug-far.nvim] [0m[36m  clone[0m[90m | [0mReceiving objects:   6% (361/6002)[35m[grug-far.nvim] [0m[36m  clone[0m[90m | [0mReceiving objects:   7% (421/6002)[35m[lualine.nvim] [0m[36m   clone[0m[90m | [0mReceiving objects:   1% (36/3596)[35m[mini.ai] [0m[36m        clone[0m[90m | [0mremote: Enumerating objects: 419, done.        
[35m[mini.ai] [0m[36m        clone[0m[90m | [0mremote: Counting objects:   1% (1/65)        [35m[mini.ai] [0m[36m        clone[0m[90m | [0mremote: Counting objects:   3% (2/65)        [35m[mini.ai] [0m[36m        clone[0m[90m | [0mremote: Counting objects:   4% (3/65)        [35m[mini.ai] [0m[36m        clone[0m[90m | [0mremote: Counting objects:   6% (4/65)        [35m[mini.ai] [0m[36m        clone[0m[90m | [0mremote: Counting objects:   7% (5/65)        [35m[mini.ai] [0m[36m        clone[0m[90m | [0mremote: Counting objects:   9% (6/65)        [35m[mini.ai] [0m[36m        clone[0m[90m | [0mremote: Counting objects:  10% (7/65)        [35m[mini.ai] [0m[36m        clone[0m[90m | [0mremote: Counting objects:  12% (8/65)        [35m[mini.ai] [0m[36m        clone[0m[90m | [0mremote: Counting objects:  13% (9/65)        [35m[mini.ai] [0m[36m        clone[0m[90m | [0mremote: Counting objects:  15% (10/65)        [35m[mini.ai] [0m[36m        clone[0m[90m | [0mremote: Counting objects:  16% (11/65)        [35m[mini.ai] [0m[36m        clone[0m[90m | [0mremote: Counting objects:  18% (12/65)        [35m[mini.ai] [0m[36m        clone[0m[90m | [0mremote: Counting objects:  20% (13/65)        [35m[mini.ai] [0m[36m        clone[0m[90m | [0mremote: Counting objects:  21% (14/65)        [35m[mini.ai] [0m[36m        clone[0m[90m | [0mremote: Counting objects:  23% (15/65)        [35m[mini.ai] [0m[36m        clone[0m[90m | [0mremote: Counting objects:  24% (16/65)        [35m[mini.ai] [0m[36m        clone[0m[90m | [0mremote: Counting objects:  26% (17/65)        [35m[mini.ai] [0m[36m        clone[0m[90m | [0mremote: Counting objects:  27% (18/65)        [35m[mini.ai] [0m[36m        clone[0m[90m | [0mremote: Counting objects:  29% (19/65)        [35m[mini.ai] [0m[36m        clone[0m[90m | [0mremote: Counting objects:  30% (20/65)        [35m[mini.ai] [0m[36m        clone[0m[90m | [0mremote: Counting objects:  32% (21/65)        [35m[mini.ai] [0m[36m        clone[0m[90m | [0mremote: Counting objects:  33% (22/65)        [35m[mini.ai] [0m[36m        clone[0m[90m | [0mremote: Counting objects:  35% (23/65)        [35m[mini.ai] [0m[36m        clone[0m[90m | [0mremote: Counting objects:  36% (24/65)        [35m[mini.ai] [0m[36m        clone[0m[90m | [0mremote: Counting objects:  38% (25/65)        [35m[mini.ai] [0m[36m        clone[0m[90m | [0mremote: Counting objects:  40% (26/65)        [35m[mini.ai] [0m[36m        clone[0m[90m | [0mremote: Counting objects:  41% (27/65)        [35m[mini.ai] [0m[36m        clone[0m[90m | [0mremote: Counting objects:  43% (28/65)        [35m[mini.ai] [0m[36m        clone[0m[90m | [0mremote: Counting objects:  44% (29/65)        [35m[mini.ai] [0m[36m        clone[0m[90m | [0mremote: Counting objects:  46% (30/65)        [35m[mini.ai] [0m[36m        clone[0m[90m | [0mremote: Counting objects:  47% (31/65)        [35m[mini.ai] [0m[36m        clone[0m[90m | [0mremote: Counting objects:  49% (32/65)        [35m[mini.ai] [0m[36m        clone[0m[90m | [0mremote: Counting objects:  50% (33/65)        [35m[mini.ai] [0m[36m        clone[0m[90m | [0mremote: Counting objects:  52% (34/65)        [35m[mini.ai] [0m[36m        clone[0m[90m | [0mremote: Counting objects:  53% (35/65)        [35m[mini.ai] [0m[36m        clone[0m[90m | [0mremote: Counting objects:  55% (36/65)        [35m[mini.ai] [0m[36m        clone[0m[90m | [0mremote: Counting objects:  56% (37/65)        [35m[mini.ai] [0m[36m        clone[0m[90m | [0mremote: Counting objects:  58% (38/65)        [35m[mini.ai] [0m[36m        clone[0m[90m | [0mremote: Counting objects:  60% (39/65)        [35m[mini.ai] [0m[36m        clone[0m[90m | [0mremote: Counting objects:  61% (40/65)        [35m[mini.ai] [0m[36m        clone[0m[90m | [0mremote: Counting objects:  63% (41/65)        [35m[mini.ai] [0m[36m        clone[0m[90m | [0mremote: Counting objects:  64% (42/65)        [35m[mini.ai] [0m[36m        clone[0m[90m | [0mremote: Counting objects:  66% (43/65)        [35m[mini.ai] [0m[36m        clone[0m[90m | [0mremote: Counting objects:  67% (44/65)        [35m[mini.ai] [0m[36m        clone[0m[90m | [0mremote: Counting objects:  69% (45/65)        [35m[mini.ai] [0m[36m        clone[0m[90m | [0mremote: Counting objects:  70% (46/65)        [35m[mini.ai] [0m[36m        clone[0m[90m | [0mremote: Counting objects:  72% (47/65)        [35m[mini.ai] [0m[36m        clone[0m[90m | [0mremote: Counting objects:  73% (48/65)        [35m[mini.ai] [0m[36m        clone[0m[90m | [0mremote: Counting objects:  75% (49/65)        [35m[mini.ai] [0m[36m        clone[0m[90m | [0mremote: Counting objects:  76% (50/65)        [35m[mini.ai] [0m[36m        clone[0m[90m | [0mremote: Counting objects:  78% (51/65)        [35m[mini.ai] [0m[36m        clone[0m[90m | [0mremote: Counting objects:  80% (52/65)        [35m[mini.ai] [0m[36m        clone[0m[90m | [0mremote: Counting objects:  81% (53/65)        [35m[mini.ai] [0m[36m        clone[0m[90m | [0mremote: Counting objects:  83% (54/65)        [35m[mini.ai] [0m[36m        clone[0m[90m | [0mremote: Counting objects:  84% (55/65)        [35m[mini.ai] [0m[36m        clone[0m[90m | [0mremote: Counting objects:  86% (56/65)        [35m[mini.ai] [0m[36m        clone[0m[90m | [0mremote: Counting objects:  87% (57/65)        [35m[mini.ai] [0m[36m        clone[0m[90m | [0mremote: Counting objects:  89% (58/65)        [35m[mini.ai] [0m[36m        clone[0m[90m | [0mremote: Counting objects:  90% (59/65)        [35m[mini.ai] [0m[36m        clone[0m[90m | [0mremote: Counting objects:  92% (60/65)        [35m[mini.ai] [0m[36m        clone[0m[90m | [0mremote: Counting objects:  93% (61/65)        [35m[mini.ai] [0m[36m        clone[0m[90m | [0mremote: Counting objects:  95% (62/65)        [35m[mini.ai] [0m[36m        clone[0m[90m | [0mremote: Counting objects:  96% (63/65)        [35m[mini.ai] [0m[36m        clone[0m[90m | [0mremote: Counting objects:  98% (64/65)        [35m[mini.ai] [0m[36m        clone[0m[90m | [0mremote: Counting objects: 100% (65/65)        [35m[mini.ai] [0m[36m        clone[0m[90m | [0mremote: Counting objects: 100% (65/65), done.        
[35m[mini.ai] [0m[36m        clone[0m[90m | [0mremote: Compressing objects:   3% (1/28)        [35m[mini.ai] [0m[36m        clone[0m[90m | [0mremote: Compressing objects:   7% (2/28)        [35m[mini.ai] [0m[36m        clone[0m[90m | [0mremote: Compressing objects:  10% (3/28)        [35m[mini.ai] [0m[36m        clone[0m[90m | [0mremote: Compressing objects:  14% (4/28)        [35m[mini.ai] [0m[36m        clone[0m[90m | [0mremote: Compressing objects:  17% (5/28)        [35m[mini.ai] [0m[36m        clone[0m[90m | [0mremote: Compressing objects:  21% (6/28)        [35m[mini.ai] [0m[36m        clone[0m[90m | [0mremote: Compressing objects:  25% (7/28)        [35m[mini.ai] [0m[36m        clone[0m[90m | [0mremote: Compressing objects:  28% (8/28)        [35m[mini.ai] [0m[36m        clone[0m[90m | [0mremote: Compressing objects:  32% (9/28)        [35m[mini.ai] [0m[36m        clone[0m[90m | [0mremote: Compressing objects:  35% (10/28)        [35m[mini.ai] [0m[36m        clone[0m[90m | [0mremote: Compressing objects:  39% (11/28)        [35m[mini.ai] [0m[36m        clone[0m[90m | [0mremote: Compressing objects:  42% (12/28)        [35m[mini.ai] [0m[36m        clone[0m[90m | [0mremote: Compressing objects:  46% (13/28)        [35m[mini.ai] [0m[36m        clone[0m[90m | [0mremote: Compressing objects:  50% (14/28)        [35m[mini.ai] [0m[36m        clone[0m[90m | [0mremote: Compressing objects:  53% (15/28)        [35m[mini.ai] [0m[36m        clone[0m[90m | [0mremote: Compressing objects:  57% (16/28)        [35m[mini.ai] [0m[36m        clone[0m[90m | [0mremote: Compressing objects:  60% (17/28)        [35m[mini.ai] [0m[36m        clone[0m[90m | [0mremote: Compressing objects:  64% (18/28)        [35m[mini.ai] [0m[36m        clone[0m[90m | [0mremote: Compressing objects:  67% (19/28)        [35m[mini.ai] [0m[36m        clone[0m[90m | [0mremote: Compressing objects:  71% (20/28)        [35m[mini.ai] [0m[36m        clone[0m[90m | [0mremote: Compressing objects:  75% (21/28)        [35m[mini.ai] [0m[36m        clone[0m[90m | [0mremote: Compressing objects:  78% (22/28)        [35m[mini.ai] [0m[36m        clone[0m[90m | [0mremote: Compressing objects:  82% (23/28)        [35m[mini.ai] [0m[36m        clone[0m[90m | [0mremote: Compressing objects:  85% (24/28)        [35m[mini.ai] [0m[36m        clone[0m[90m | [0mremote: Compressing objects:  89% (25/28)        [35m[mini.ai] [0m[36m        clone[0m[90m | [0mremote: Compressing objects:  92% (26/28)        [35m[mini.ai] [0m[36m        clone[0m[90m | [0mremote: Compressing objects:  96% (27/28)        [35m[mini.ai] [0m[36m        clone[0m[90m | [0mremote: Compressing objects: 100% (28/28)        [35m[mini.ai] [0m[36m        clone[0m[90m | [0mremote: Compressing objects: 100% (28/28), done.        
[35m[flash.nvim] [0m[36m     clone[0m[90m | [0mReceiving objects:  23% (451/1960)[35m[flash.nvim] [0m[36m     clone[0m[90m | [0mReceiving objects:  24% (471/1960)[35m[flash.nvim] [0m[36m     clone[0m[90m | [0mReceiving objects:  25% (490/1960)[35m[mini.ai] [0m[36m        clone[0m[90m | [0mReceiving objects:   0% (1/419)[35m[mini.ai] [0m[36m        clone[0m[90m | [0mReceiving objects:   1% (5/419)[35m[mini.ai] [0m[36m        clone[0m[90m | [0mReceiving objects:   2% (9/419)[35m[mini.ai] [0m[36m        clone[0m[90m | [0mReceiving objects:   3% (13/419)[35m[mini.ai] [0m[36m        clone[0m[90m | [0mReceiving objects:   4% (17/419)[35m[flash.nvim] [0m[36m     clone[0m[90m | [0mReceiving objects:  26% (510/1960)[35m[mason-lspconfig.nvim] [0m[36mclone[0m[90m | [0mReceiving objects:   2% (44/2183)[35m[flash.nvim] [0m[36m     clone[0m[90m | [0mReceiving objects:  27% (530/1960)[35m[mason.nvim] [0m[36m     clone[0m[90m | [0mReceiving objects:   2% (249/12443)[35m[mason-lspconfig.nvim] [0m[36mclone[0m[90m | [0mReceiving objects:   3% (66/2183)[35m[mason.nvim] [0m[36m     clone[0m[90m | [0mReceiving objects:   3% (374/12443)[35m[flash.nvim] [0m[36m     clone[0m[90m | [0mReceiving objects:  28% (549/1960)[35m[blink.cmp] [0m[36m      clone[0m[90m | [0mReceiving objects:   2% (232/11581)[35m[flash.nvim] [0m[36m     clone[0m[90m | [0mReceiving objects:  29% (569/1960)[35m[mason-lspconfig.nvim] [0m[36mclone[0m[90m | [0mReceiving objects:   4% (88/2183)[35m[mason-lspconfig.nvim] [0m[36mclone[0m[90m | [0mReceiving objects:   5% (110/2183)[35m[mason.nvim] [0m[36m     clone[0m[90m | [0mReceiving objects:   4% (498/12443)[35m[flash.nvim] [0m[36m     clone[0m[90m | [0mReceiving objects:  30% (588/1960)[35m[grug-far.nvim] [0m[36m  clone[0m[90m | [0mReceiving objects:   8% (481/6002)[35m[SchemaStore.nvim] [0m[36mclone[0m[90m | [0mReceiving objects:  49% (2010/4101)[35m[SchemaStore.nvim] [0m[36mclone[0m[90m | [0mReceiving objects:  50% (2051/4101)[35m[SchemaStore.nvim] [0m[36mclone[0m[90m | [0mReceiving objects:  51% (2092/4101)[35m[SchemaStore.nvim] [0m[36mclone[0m[90m | [0mReceiving objects:  52% (2133/4101)[35m[SchemaStore.nvim] [0m[36mclone[0m[90m | [0mReceiving objects:  53% (2174/4101)[35m[SchemaStore.nvim] [0m[36mclone[0m[90m | [0mReceiving objects:  54% (2215/4101)[35m[SchemaStore.nvim] [0m[36mclone[0m[90m | [0mReceiving objects:  55% (2256/4101)[35m[SchemaStore.nvim] [0m[36mclone[0m[90m | [0mReceiving objects:  56% (2297/4101)[35m[SchemaStore.nvim] [0m[36mclone[0m[90m | [0mReceiving objects:  57% (2338/4101)[35m[SchemaStore.nvim] [0m[36mclone[0m[90m | [0mReceiving objects:  58% (2379/4101)[35m[SchemaStore.nvim] [0m[36mclone[0m[90m | [0mReceiving objects:  59% (2420/4101)[35m[SchemaStore.nvim] [0m[36mclone[0m[90m | [0mReceiving objects:  60% (2461/4101)[35m[SchemaStore.nvim] [0m[36mclone[0m[90m | [0mReceiving objects:  61% (2502/4101)[35m[SchemaStore.nvim] [0m[36mclone[0m[90m | [0mReceiving objects:  62% (2543/4101)[35m[SchemaStore.nvim] [0m[36mclone[0m[90m | [0mReceiving objects:  63% (2584/4101)[35m[SchemaStore.nvim] [0m[36mclone[0m[90m | [0mReceiving objects:  64% (2625/4101)[35m[SchemaStore.nvim] [0m[36mclone[0m[90m | [0mReceiving objects:  65% (2666/4101)[35m[SchemaStore.nvim] [0m[36mclone[0m[90m | [0mReceiving objects:  66% (2707/4101)[35m[grug-far.nvim] [0m[36m  clone[0m[90m | [0mReceiving objects:   9% (541/6002)[35m[flash.nvim] [0m[36m     clone[0m[90m | [0mReceiving objects:  31% (608/1960)[35m[mini.ai] [0m[36m        clone[0m[90m | [0mReceiving objects:   5% (21/419)[35m[mini.ai] [0m[36m        clone[0m[90m | [0mReceiving objects:   6% (26/419)[35m[mini.ai] [0m[36m        clone[0m[90m | [0mReceiving objects:   7% (30/419)[35m[mini.ai] [0m[36m        clone[0m[90m | [0mReceiving objects:   8% (34/419)[35m[mini.ai] [0m[36m        clone[0m[90m | [0mReceiving objects:   9% (38/419)[35m[mini.ai] [0m[36m        clone[0m[90m | [0mReceiving objects:  10% (42/419)[35m[mini.ai] [0m[36m        clone[0m[90m | [0mReceiving objects:  11% (47/419)[35m[mini.ai] [0m[36m        clone[0m[90m | [0mReceiving objects:  12% (51/419)[35m[mini.ai] [0m[36m        clone[0m[90m | [0mReceiving objects:  13% (55/419)[35m[mini.ai] [0m[36m        clone[0m[90m | [0mReceiving objects:  14% (59/419)[35m[mini.ai] [0m[36m        clone[0m[90m | [0mReceiving objects:  15% (63/419)[35m[mini.ai] [0m[36m        clone[0m[90m | [0mReceiving objects:  16% (68/419)[35m[mini.ai] [0m[36m        clone[0m[90m | [0mReceiving objects:  17% (72/419)[35m[mini.ai] [0m[36m        clone[0m[90m | [0mReceiving objects:  18% (76/419)[35m[mini.ai] [0m[36m        clone[0m[90m | [0mReceiving objects:  19% (80/419)[35m[mini.ai] [0m[36m        clone[0m[90m | [0mReceiving objects:  20% (84/419)[35m[mini.ai] [0m[36m        clone[0m[90m | [0mReceiving objects:  21% (88/419)[35m[mini.ai] [0m[36m        clone[0m[90m | [0mReceiving objects:  22% (93/419)[35m[grug-far.nvim] [0m[36m  clone[0m[90m | [0mReceiving objects:  10% (601/6002)[35m[flash.nvim] [0m[36m     clone[0m[90m | [0mReceiving objects:  32% (628/1960)[35m[grug-far.nvim] [0m[36m  clone[0m[90m | [0mReceiving objects:  11% (661/6002)[35m[lualine.nvim] [0m[36m   clone[0m[90m | [0mReceiving objects:   2% (72/3596)[35m[lualine.nvim] [0m[36m   clone[0m[90m | [0mReceiving objects:   3% (108/3596)[35m[lualine.nvim] [0m[36m   clone[0m[90m | [0mReceiving objects:   4% (144/3596)[35m[grug-far.nvim] [0m[36m  clone[0m[90m | [0mReceiving objects:  12% (721/6002)[35m[grug-far.nvim] [0m[36m  clone[0m[90m | [0mReceiving objects:  13% (781/6002)[35m[nui.nvim] [0m[36m       clone[0m[90m | [0mremote: Enumerating objects: 3072, done.        
[35m[nui.nvim] [0m[36m       clone[0m[90m | [0mremote: Counting objects:   0% (1/363)        [35m[nui.nvim] [0m[36m       clone[0m[90m | [0mremote: Counting objects:   1% (4/363)        [35m[nui.nvim] [0m[36m       clone[0m[90m | [0mremote: Counting objects:   2% (8/363)        [35m[nui.nvim] [0m[36m       clone[0m[90m | [0mremote: Counting objects:   3% (11/363)        [35m[nui.nvim] [0m[36m       clone[0m[90m | [0mremote: Counting objects:   4% (15/363)        [35m[nui.nvim] [0m[36m       clone[0m[90m | [0mremote: Counting objects:   5% (19/363)        [35m[nui.nvim] [0m[36m       clone[0m[90m | [0mremote: Counting objects:   6% (22/363)        [35m[nui.nvim] [0m[36m       clone[0m[90m | [0mremote: Counting objects:   7% (26/363)        [35m[nui.nvim] [0m[36m       clone[0m[90m | [0mremote: Counting objects:   8% (30/363)        [35m[nui.nvim] [0m[36m       clone[0m[90m | [0mremote: Counting objects:   9% (33/363)        [35m[nui.nvim] [0m[36m       clone[0m[90m | [0mremote: Counting objects:  10% (37/363)        [35m[nui.nvim] [0m[36m       clone[0m[90m | [0mremote: Counting objects:  11% (40/363)        [35m[nui.nvim] [0m[36m       clone[0m[90m | [0mremote: Counting objects:  12% (44/363)        [35m[nui.nvim] [0m[36m       clone[0m[90m | [0mremote: Counting objects:  13% (48/363)        [35m[nui.nvim] [0m[36m       clone[0m[90m | [0mremote: Counting objects:  14% (51/363)        [35m[nui.nvim] [0m[36m       clone[0m[90m | [0mremote: Counting objects:  15% (55/363)        [35m[nui.nvim] [0m[36m       clone[0m[90m | [0mremote: Counting objects:  16% (59/363)        [35m[nui.nvim] [0m[36m       clone[0m[90m | [0mremote: Counting objects:  17% (62/363)        [35m[nui.nvim] [0m[36m       clone[0m[90m | [0mremote: Counting objects:  18% (66/363)        [35m[nui.nvim] [0m[36m       clone[0m[90m | [0mremote: Counting objects:  19% (69/363)        [35m[nui.nvim] [0m[36m       clone[0m[90m | [0mremote: Counting objects:  20% (73/363)        [35m[nui.nvim] [0m[36m       clone[0m[90m | [0mremote: Counting objects:  21% (77/363)        [35m[nui.nvim] [0m[36m       clone[0m[90m | [0mremote: Counting objects:  22% (80/363)        [35m[nui.nvim] [0m[36m       clone[0m[90m | [0mremote: Counting objects:  23% (84/363)        [35m[nui.nvim] [0m[36m       clone[0m[90m | [0mremote: Counting objects:  24% (88/363)        [35m[nui.nvim] [0m[36m       clone[0m[90m | [0mremote: Counting objects:  25% (91/363)        [35m[nui.nvim] [0m[36m       clone[0m[90m | [0mremote: Counting objects:  26% (95/363)        [35m[nui.nvim] [0m[36m       clone[0m[90m | [0mremote: Counting objects:  27% (99/363)        [35m[nui.nvim] [0m[36m       clone[0m[90m | [0mremote: Counting objects:  28% (102/363)        [35m[nui.nvim] [0m[36m       clone[0m[90m | [0mremote: Counting objects:  29% (106/363)        [35m[nui.nvim] [0m[36m       clone[0m[90m | [0mremote: Counting objects:  30% (109/363)        [35m[nui.nvim] [0m[36m       clone[0m[90m | [0mremote: Counting objects:  31% (113/363)        [35m[nui.nvim] [0m[36m       clone[0m[90m | [0mremote: Counting objects:  32% (117/363)        [35m[nui.nvim] [0m[36m       clone[0m[90m | [0mremote: Counting objects:  33% (120/363)        [35m[nui.nvim] [0m[36m       clone[0m[90m | [0mremote: Counting objects:  34% (124/363)        [35m[nui.nvim] [0m[36m       clone[0m[90m | [0mremote: Counting objects:  35% (128/363)        [35m[nui.nvim] [0m[36m       clone[0m[90m | [0mremote: Counting objects:  36% (131/363)        [35m[nui.nvim] [0m[36m       clone[0m[90m | [0mremote: Counting objects:  37% (135/363)        [35m[nui.nvim] [0m[36m       clone[0m[90m | [0mremote: Counting objects:  38% (138/363)        [35m[nui.nvim] [0m[36m       clone[0m[90m | [0mremote: Counting objects:  39% (142/363)        [35m[nui.nvim] [0m[36m       clone[0m[90m | [0mremote: Counting objects:  40% (146/363)        [35m[nui.nvim] [0m[36m       clone[0m[90m | [0mremote: Counting objects:  41% (149/363)        [35m[nui.nvim] [0m[36m       clone[0m[90m | [0mremote: Counting objects:  42% (153/363)        [35m[nui.nvim] [0m[36m       clone[0m[90m | [0mremote: Counting objects:  43% (157/363)        [35m[nui.nvim] [0m[36m       clone[0m[90m | [0mremote: Counting objects:  44% (160/363)        [35m[nui.nvim] [0m[36m       clone[0m[90m | [0mremote: Counting objects:  45% (164/363)        [35m[nui.nvim] [0m[36m       clone[0m[90m | [0mremote: Counting objects:  46% (167/363)        [35m[nui.nvim] [0m[36m       clone[0m[90m | [0mremote: Counting objects:  47% (171/363)        [35m[nui.nvim] [0m[36m       clone[0m[90m | [0mremote: Counting objects:  48% (175/363)        [35m[nui.nvim] [0m[36m       clone[0m[90m | [0mremote: Counting objects:  49% (178/363)        [35m[nui.nvim] [0m[36m       clone[0m[90m | [0mremote: Counting objects:  50% (182/363)        [35m[nui.nvim] [0m[36m       clone[0m[90m | [0mremote: Counting objects:  51% (186/363)        [35m[nui.nvim] [0m[36m       clone[0m[90m | [0mremote: Counting objects:  52% (189/363)        [35m[nui.nvim] [0m[36m       clone[0m[90m | [0mremote: Counting objects:  53% (193/363)        [35m[nui.nvim] [0m[36m       clone[0m[90m | [0mremote: Counting objects:  54% (197/363)        [35m[nui.nvim] [0m[36m       clone[0m[90m | [0mremote: Counting objects:  55% (200/363)        [35m[nui.nvim] [0m[36m       clone[0m[90m | [0mremote: Counting objects:  56% (204/363)        [35m[nui.nvim] [0m[36m       clone[0m[90m | [0mremote: Counting objects:  57% (207/363)        [35m[nui.nvim] [0m[36m       clone[0m[90m | [0mremote: Counting objects:  58% (211/363)        [35m[nui.nvim] [0m[36m       clone[0m[90m | [0mremote: Counting objects:  59% (215/363)        [35m[nui.nvim] [0m[36m       clone[0m[90m | [0mremote: Counting objects:  60% (218/363)        [35m[nui.nvim] [0m[36m       clone[0m[90m | [0mremote: Counting objects:  61% (222/363)        [35m[nui.nvim] [0m[36m       clone[0m[90m | [0mremote: Counting objects:  62% (226/363)        [35m[nui.nvim] [0m[36m       clone[0m[90m | [0mremote: Counting objects:  63% (229/363)        [35m[nui.nvim] [0m[36m       clone[0m[90m | [0mremote: Counting objects:  64% (233/363)        [35m[nui.nvim] [0m[36m       clone[0m[90m | [0mremote: Counting objects:  65% (236/363)        [35m[nui.nvim] [0m[36m       clone[0m[90m | [0mremote: Counting objects:  66% (240/363)        [35m[nui.nvim] [0m[36m       clone[0m[90m | [0mremote: Counting objects:  67% (244/363)        [35m[nui.nvim] [0m[36m       clone[0m[90m | [0mremote: Counting objects:  68% (247/363)        [35m[nui.nvim] [0m[36m       clone[0m[90m | [0mremote: Counting objects:  69% (251/363)        [35m[nui.nvim] [0m[36m       clone[0m[90m | [0mremote: Counting objects:  70% (255/363)        [35m[nui.nvim] [0m[36m       clone[0m[90m | [0mremote: Counting objects:  71% (258/363)        [35m[nui.nvim] [0m[36m       clone[0m[90m | [0mremote: Counting objects:  72% (262/363)        [35m[nui.nvim] [0m[36m       clone[0m[90m | [0mremote: Counting objects:  73% (265/363)        [35m[nui.nvim] [0m[36m       clone[0m[90m | [0mremote: Counting objects:  74% (269/363)        [35m[nui.nvim] [0m[36m       clone[0m[90m | [0mremote: Counting objects:  75% (273/363)        [35m[nui.nvim] [0m[36m       clone[0m[90m | [0mremote: Counting objects:  76% (276/363)        [35m[nui.nvim] [0m[36m       clone[0m[90m | [0mremote: Counting objects:  77% (280/363)        [35m[nui.nvim] [0m[36m       clone[0m[90m | [0mremote: Counting objects:  78% (284/363)        [35m[nui.nvim] [0m[36m       clone[0m[90m | [0mremote: Counting objects:  79% (287/363)        [35m[nui.nvim] [0m[36m       clone[0m[90m | [0mremote: Counting objects:  80% (291/363)        [35m[nui.nvim] [0m[36m       clone[0m[90m | [0mremote: Counting objects:  81% (295/363)        [35m[nui.nvim] [0m[36m       clone[0m[90m | [0mremote: Counting objects:  82% (298/363)        [35m[nui.nvim] [0m[36m       clone[0m[90m | [0mremote: Counting objects:  83% (302/363)        [35m[nui.nvim] [0m[36m       clone[0m[90m | [0mremote: Counting objects:  84% (305/363)        [35m[nui.nvim] [0m[36m       clone[0m[90m | [0mremote: Counting objects:  85% (309/363)        [35m[nui.nvim] [0m[36m       clone[0m[90m | [0mremote: Counting objects:  86% (313/363)        [35m[nui.nvim] [0m[36m       clone[0m[90m | [0mremote: Counting objects:  87% (316/363)        [35m[nui.nvim] [0m[36m       clone[0m[90m | [0mremote: Counting objects:  88% (320/363)        [35m[nui.nvim] [0m[36m       clone[0m[90m | [0mremote: Counting objects:  89% (324/363)        [35m[nui.nvim] [0m[36m       clone[0m[90m | [0mremote: Counting objects:  90% (327/363)        [35m[nui.nvim] [0m[36m       clone[0m[90m | [0mremote: Counting objects:  91% (331/363)        [35m[nui.nvim] [0m[36m       clone[0m[90m | [0mremote: Counting objects:  92% (334/363)        [35m[nui.nvim] [0m[36m       clone[0m[90m | [0mremote: Counting objects:  93% (338/363)        [35m[nui.nvim] [0m[36m       clone[0m[90m | [0mremote: Counting objects:  94% (342/363)        [35m[nui.nvim] [0m[36m       clone[0m[90m | [0mremote: Counting objects:  95% (345/363)        [35m[nui.nvim] [0m[36m       clone[0m[90m | [0mremote: Counting objects:  96% (349/363)        [35m[nui.nvim] [0m[36m       clone[0m[90m | [0mremote: Counting objects:  97% (353/363)        [35m[nui.nvim] [0m[36m       clone[0m[90m | [0mremote: Counting objects:  98% (356/363)        [35m[nui.nvim] [0m[36m       clone[0m[90m | [0mremote: Counting objects:  99% (360/363)        [35m[nui.nvim] [0m[36m       clone[0m[90m | [0mremote: Counting objects: 100% (363/363)        [35m[nui.nvim] [0m[36m       clone[0m[90m | [0mremote: Counting objects: 100% (363/363), done.        
[35m[nui.nvim] [0m[36m       clone[0m[90m | [0mremote: Compressing objects:   0% (1/179)        [35m[nui.nvim] [0m[36m       clone[0m[90m | [0mremote: Compressing objects:   1% (2/179)        [35m[nui.nvim] [0m[36m       clone[0m[90m | [0mremote: Compressing objects:   2% (4/179)        [35m[nui.nvim] [0m[36m       clone[0m[90m | [0mremote: Compressing objects:   3% (6/179)        [35m[nui.nvim] [0m[36m       clone[0m[90m | [0mremote: Compressing objects:   4% (8/179)        [35m[nui.nvim] [0m[36m       clone[0m[90m | [0mremote: Compressing objects:   5% (9/179)        [35m[nui.nvim] [0m[36m       clone[0m[90m | [0mremote: Compressing objects:   6% (11/179)        [35m[nui.nvim] [0m[36m       clone[0m[90m | [0mremote: Compressing objects:   7% (13/179)        [35m[nui.nvim] [0m[36m       clone[0m[90m | [0mremote: Compressing objects:   8% (15/179)        [35m[nui.nvim] [0m[36m       clone[0m[90m | [0mremote: Compressing objects:   9% (17/179)        [35m[nui.nvim] [0m[36m       clone[0m[90m | [0mremote: Compressing objects:  10% (18/179)        [35m[nui.nvim] [0m[36m       clone[0m[90m | [0mremote: Compressing objects:  11% (20/179)        [35m[nui.nvim] [0m[36m       clone[0m[90m | [0mremote: Compressing objects:  12% (22/179)        [35m[nui.nvim] [0m[36m       clone[0m[90m | [0mremote: Compressing objects:  13% (24/179)        [35m[nui.nvim] [0m[36m       clone[0m[90m | [0mremote: Compressing objects:  14% (26/179)        [35m[nui.nvim] [0m[36m       clone[0m[90m | [0mremote: Compressing objects:  15% (27/179)        [35m[nui.nvim] [0m[36m       clone[0m[90m | [0mremote: Compressing objects:  16% (29/179)        [35m[nui.nvim] [0m[36m       clone[0m[90m | [0mremote: Compressing objects:  17% (31/179)        [35m[nui.nvim] [0m[36m       clone[0m[90m | [0mremote: Compressing objects:  18% (33/179)        [35m[nui.nvim] [0m[36m       clone[0m[90m | [0mremote: Compressing objects:  19% (35/179)        [35m[nui.nvim] [0m[36m       clone[0m[90m | [0mremote: Compressing objects:  20% (36/179)        [35m[nui.nvim] [0m[36m       clone[0m[90m | [0mremote: Compressing objects:  21% (38/179)        [35m[nui.nvim] [0m[36m       clone[0m[90m | [0mremote: Compressing objects:  22% (40/179)        [35m[nui.nvim] [0m[36m       clone[0m[90m | [0mremote: Compressing objects:  23% (42/179)        [35m[nui.nvim] [0m[36m       clone[0m[90m | [0mremote: Compressing objects:  24% (43/179)        [35m[nui.nvim] [0m[36m       clone[0m[90m | [0mremote: Compressing objects:  25% (45/179)        [35m[nui.nvim] [0m[36m       clone[0m[90m | [0mremote: Compressing objects:  26% (47/179)        [35m[nui.nvim] [0m[36m       clone[0m[90m | [0mremote: Compressing objects:  27% (49/179)        [35m[nui.nvim] [0m[36m       clone[0m[90m | [0mremote: Compressing objects:  28% (51/179)        [35m[nui.nvim] [0m[36m       clone[0m[90m | [0mremote: Compressing objects:  29% (52/179)        [35m[nui.nvim] [0m[36m       clone[0m[90m | [0mremote: Compressing objects:  30% (54/179)        [35m[nui.nvim] [0m[36m       clone[0m[90m | [0mremote: Compressing objects:  31% (56/179)        [35m[nui.nvim] [0m[36m       clone[0m[90m | [0mremote: Compressing objects:  32% (58/179)        [35m[nui.nvim] [0m[36m       clone[0m[90m | [0mremote: Compressing objects:  33% (60/179)        [35m[nui.nvim] [0m[36m       clone[0m[90m | [0mremote: Compressing objects:  34% (61/179)        [35m[nui.nvim] [0m[36m       clone[0m[90m | [0mremote: Compressing objects:  35% (63/179)        [35m[nui.nvim] [0m[36m       clone[0m[90m | [0mremote: Compressing objects:  36% (65/179)        [35m[nui.nvim] [0m[36m       clone[0m[90m | [0mremote: Compressing objects:  37% (67/179)        [35m[nui.nvim] [0m[36m       clone[0m[90m | [0mremote: Compressing objects:  38% (69/179)        [35m[nui.nvim] [0m[36m       clone[0m[90m | [0mremote: Compressing objects:  39% (70/179)        [35m[nui.nvim] [0m[36m       clone[0m[90m | [0mremote: Compressing objects:  40% (72/179)        [35m[nui.nvim] [0m[36m       clone[0m[90m | [0mremote: Compressing objects:  41% (74/179)        [35m[nui.nvim] [0m[36m       clone[0m[90m | [0mremote: Compressing objects:  42% (76/179)        [35m[nui.nvim] [0m[36m       clone[0m[90m | [0mremote: Compressing objects:  43% (77/179)        [35m[nui.nvim] [0m[36m       clone[0m[90m | [0mremote: Compressing objects:  44% (79/179)        [35m[nui.nvim] [0m[36m       clone[0m[90m | [0mremote: Compressing objects:  45% (81/179)        [35m[nui.nvim] [0m[36m       clone[0m[90m | [0mremote: Compressing objects:  46% (83/179)        [35m[nui.nvim] [0m[36m       clone[0m[90m | [0mremote: Compressing objects:  47% (85/179)        [35m[nui.nvim] [0m[36m       clone[0m[90m | [0mremote: Compressing objects:  48% (86/179)        [35m[nui.nvim] [0m[36m       clone[0m[90m | [0mremote: Compressing objects:  49% (88/179)        [35m[nui.nvim] [0m[36m       clone[0m[90m | [0mremote: Compressing objects:  50% (90/179)        [35m[nui.nvim] [0m[36m       clone[0m[90m | [0mremote: Compressing objects:  51% (92/179)        [35m[todo-comments.nvim] [0m[36mclone[0m[90m | [0mremote: Enumerating objects: 769, done.        
[35m[todo-comments.nvim] [0m[36mclone[0m[90m | [0mremote: Counting objects:   0% (1/128)        [35m[todo-comments.nvim] [0m[36mclone[0m[90m | [0mremote: Counting objects:   1% (2/128)        [35m[todo-comments.nvim] [0m[36mclone[0m[90m | [0mremote: Counting objects:   2% (3/128)        [35m[todo-comments.nvim] [0m[36mclone[0m[90m | [0mremote: Counting objects:   3% (4/128)        [35m[todo-comments.nvim] [0m[36mclone[0m[90m | [0mremote: Counting objects:   4% (6/128)        [35m[todo-comments.nvim] [0m[36mclone[0m[90m | [0mremote: Counting objects:   5% (7/128)        [35m[todo-comments.nvim] [0m[36mclone[0m[90m | [0mremote: Counting objects:   6% (8/128)        [35m[todo-comments.nvim] [0m[36mclone[0m[90m | [0mremote: Counting objects:   7% (9/128)        [35m[todo-comments.nvim] [0m[36mclone[0m[90m | [0mremote: Counting objects:   8% (11/128)        [35m[todo-comments.nvim] [0m[36mclone[0m[90m | [0mremote: Counting objects:   9% (12/128)        [35m[todo-comments.nvim] [0m[36mclone[0m[90m | [0mremote: Counting objects:  10% (13/128)        [35m[todo-comments.nvim] [0m[36mclone[0m[90m | [0mremote: Counting objects:  11% (15/128)        [35m[todo-comments.nvim] [0m[36mclone[0m[90m | [0mremote: Counting objects:  12% (16/128)        [35m[todo-comments.nvim] [0m[36mclone[0m[90m | [0mremote: Counting objects:  13% (17/128)        [35m[todo-comments.nvim] [0m[36mclone[0m[90m | [0mremote: Counting objects:  14% (18/128)        [35m[todo-comments.nvim] [0m[36mclone[0m[90m | [0mremote: Counting objects:  15% (20/128)        [35m[todo-comments.nvim] [0m[36mclone[0m[90m | [0mremote: Counting objects:  16% (21/128)        [35m[todo-comments.nvim] [0m[36mclone[0m[90m | [0mremote: Counting objects:  17% (22/128)        [35m[todo-comments.nvim] [0m[36mclone[0m[90m | [0mremote: Counting objects:  18% (24/128)        [35m[todo-comments.nvim] [0m[36mclone[0m[90m | [0mremote: Counting objects:  19% (25/128)        [35m[todo-comments.nvim] [0m[36mclone[0m[90m | [0mremote: Counting objects:  20% (26/128)        [35m[todo-comments.nvim] [0m[36mclone[0m[90m | [0mremote: Counting objects:  21% (27/128)        [35m[todo-comments.nvim] [0m[36mclone[0m[90m | [0mremote: Counting objects:  22% (29/128)        [35m[todo-comments.nvim] [0m[36mclone[0m[90m | [0mremote: Counting objects:  23% (30/128)        [35m[todo-comments.nvim] [0m[36mclone[0m[90m | [0mremote: Counting objects:  24% (31/128)        [35m[todo-comments.nvim] [0m[36mclone[0m[90m | [0mremote: Counting objects:  25% (32/128)        [35m[todo-comments.nvim] [0m[36mclone[0m[90m | [0mremote: Counting objects:  26% (34/128)        [35m[todo-comments.nvim] [0m[36mclone[0m[90m | [0mremote: Counting objects:  27% (35/128)        [35m[todo-comments.nvim] [0m[36mclone[0m[90m | [0mremote: Counting objects:  28% (36/128)        [35m[todo-comments.nvim] [0m[36mclone[0m[90m | [0mremote: Counting objects:  29% (38/128)        [35m[todo-comments.nvim] [0m[36mclone[0m[90m | [0mremote: Counting objects:  30% (39/128)        [35m[todo-comments.nvim] [0m[36mclone[0m[90m | [0mremote: Counting objects:  31% (40/128)        [35m[todo-comments.nvim] [0m[36mclone[0m[90m | [0mremote: Counting objects:  32% (41/128)        [35m[todo-comments.nvim] [0m[36mclone[0m[90m | [0mremote: Counting objects:  33% (43/128)        [35m[todo-comments.nvim] [0m[36mclone[0m[90m | [0mremote: Counting objects:  34% (44/128)        [35m[todo-comments.nvim] [0m[36mclone[0m[90m | [0mremote: Counting objects:  35% (45/128)        [35m[todo-comments.nvim] [0m[36mclone[0m[90m | [0mremote: Counting objects:  36% (47/128)        [35m[todo-comments.nvim] [0m[36mclone[0m[90m | [0mremote: Counting objects:  37% (48/128)        [35m[todo-comments.nvim] [0m[36mclone[0m[90m | [0mremote: Counting objects:  38% (49/128)        [35m[todo-comments.nvim] [0m[36mclone[0m[90m | [0mremote: Counting objects:  39% (50/128)        [35m[todo-comments.nvim] [0m[36mclone[0m[90m | [0mremote: Counting objects:  40% (52/128)        [35m[todo-comments.nvim] [0m[36mclone[0m[90m | [0mremote: Counting objects:  41% (53/128)        [35m[todo-comments.nvim] [0m[36mclone[0m[90m | [0mremote: Counting objects:  42% (54/128)        [35m[todo-comments.nvim] [0m[36mclone[0m[90m | [0mremote: Counting objects:  43% (56/128)        [35m[todo-comments.nvim] [0m[36mclone[0m[90m | [0mremote: Counting objects:  44% (57/128)        [35m[todo-comments.nvim] [0m[36mclone[0m[90m | [0mremote: Counting objects:  45% (58/128)        [35m[todo-comments.nvim] [0m[36mclone[0m[90m | [0mremote: Counting objects:  46% (59/128)        [35m[todo-comments.nvim] [0m[36mclone[0m[90m | [0mremote: Counting objects:  47% (61/128)        [35m[todo-comments.nvim] [0m[36mclone[0m[90m | [0mremote: Counting objects:  48% (62/128)        [35m[todo-comments.nvim] [0m[36mclone[0m[90m | [0mremote: Counting objects:  49% (63/128)        [35m[todo-comments.nvim] [0m[36mclone[0m[90m | [0mremote: Counting objects:  50% (64/128)        [35m[todo-comments.nvim] [0m[36mclone[0m[90m | [0mremote: Counting objects:  51% (66/128)        [35m[todo-comments.nvim] [0m[36mclone[0m[90m | [0mremote: Counting objects:  52% (67/128)        [35m[todo-comments.nvim] [0m[36mclone[0m[90m | [0mremote: Counting objects:  53% (68/128)        [35m[todo-comments.nvim] [0m[36mclone[0m[90m | [0mremote: Counting objects:  54% (70/128)        [35m[todo-comments.nvim] [0m[36mclone[0m[90m | [0mremote: Counting objects:  55% (71/128)        [35m[todo-comments.nvim] [0m[36mclone[0m[90m | [0mremote: Counting objects:  56% (72/128)        [35m[todo-comments.nvim] [0m[36mclone[0m[90m | [0mremote: Counting objects:  57% (73/128)        [35m[todo-comments.nvim] [0m[36mclone[0m[90m | [0mremote: Counting objects:  58% (75/128)        [35m[todo-comments.nvim] [0m[36mclone[0m[90m | [0mremote: Counting objects:  59% (76/128)        [35m[todo-comments.nvim] [0m[36mclone[0m[90m | [0mremote: Counting objects:  60% (77/128)        [35m[todo-comments.nvim] [0m[36mclone[0m[90m | [0mremote: Counting objects:  61% (79/128)        [35m[todo-comments.nvim] [0m[36mclone[0m[90m | [0mremote: Counting objects:  62% (80/128)        [35m[todo-comments.nvim] [0m[36mclone[0m[90m | [0mremote: Counting objects:  63% (81/128)        [35m[todo-comments.nvim] [0m[36mclone[0m[90m | [0mremote: Counting objects:  64% (82/128)        [35m[todo-comments.nvim] [0m[36mclone[0m[90m | [0mremote: Counting objects:  65% (84/128)        [35m[todo-comments.nvim] [0m[36mclone[0m[90m | [0mremote: Counting objects:  66% (85/128)        [35m[todo-comments.nvim] [0m[36mclone[0m[90m | [0mremote: Counting objects:  67% (86/128)        [35m[todo-comments.nvim] [0m[36mclone[0m[90m | [0mremote: Counting objects:  68% (88/128)        [35m[todo-comments.nvim] [0m[36mclone[0m[90m | [0mremote: Counting objects:  69% (89/128)        [35m[todo-comments.nvim] [0m[36mclone[0m[90m | [0mremote: Counting objects:  70% (90/128)        [35m[todo-comments.nvim] [0m[36mclone[0m[90m | [0mremote: Counting objects:  71% (91/128)        [35m[todo-comments.nvim] [0m[36mclone[0m[90m | [0mremote: Counting objects:  72% (93/128)        [35m[todo-comments.nvim] [0m[36mclone[0m[90m | [0mremote: Counting objects:  73% (94/128)        [35m[todo-comments.nvim] [0m[36mclone[0m[90m | [0mremote: Counting objects:  74% (95/128)        [35m[todo-comments.nvim] [0m[36mclone[0m[90m | [0mremote: Counting objects:  75% (96/128)        [35m[todo-comments.nvim] [0m[36mclone[0m[90m | [0mremote: Counting objects:  76% (98/128)        [35m[todo-comments.nvim] [0m[36mclone[0m[90m | [0mremote: Counting objects:  77% (99/128)        [35m[todo-comments.nvim] [0m[36mclone[0m[90m | [0mremote: Counting objects:  78% (100/128)        [35m[todo-comments.nvim] [0m[36mclone[0m[90m | [0mremote: Counting objects:  79% (102/128)        [35m[todo-comments.nvim] [0m[36mclone[0m[90m | [0mremote: Counting objects:  80% (103/128)        [35m[todo-comments.nvim] [0m[36mclone[0m[90m | [0mremote: Counting objects:  81% (104/128)        [35m[todo-comments.nvim] [0m[36mclone[0m[90m | [0mremote: Counting objects:  82% (105/128)        [35m[todo-comments.nvim] [0m[36mclone[0m[90m | [0mremote: Counting objects:  83% (107/128)        [35m[todo-comments.nvim] [0m[36mclone[0m[90m | [0mremote: Counting objects:  84% (108/128)        [35m[todo-comments.nvim] [0m[36mclone[0m[90m | [0mremote: Counting objects:  85% (109/128)        [35m[todo-comments.nvim] [0m[36mclone[0m[90m | [0mremote: Counting objects:  86% (111/128)        [35m[todo-comments.nvim] [0m[36mclone[0m[90m | [0mremote: Counting objects:  87% (112/128)        [35m[todo-comments.nvim] [0m[36mclone[0m[90m | [0mremote: Counting objects:  88% (113/128)        [35m[todo-comments.nvim] [0m[36mclone[0m[90m | [0mremote: Counting objects:  89% (114/128)        [35m[todo-comments.nvim] [0m[36mclone[0m[90m | [0mremote: Counting objects:  90% (116/128)        [35m[todo-comments.nvim] [0m[36mclone[0m[90m | [0mremote: Counting objects:  91% (117/128)        [35m[todo-comments.nvim] [0m[36mclone[0m[90m | [0mremote: Counting objects:  92% (118/128)        [35m[todo-comments.nvim] [0m[36mclone[0m[90m | [0mremote: Counting objects:  93% (120/128)        [35m[todo-comments.nvim] [0m[36mclone[0m[90m | [0mremote: Counting objects:  94% (121/128)        [35m[todo-comments.nvim] [0m[36mclone[0m[90m | [0mremote: Counting objects:  95% (122/128)        [35m[todo-comments.nvim] [0m[36mclone[0m[90m | [0mremote: Counting objects:  96% (123/128)        [35m[todo-comments.nvim] [0m[36mclone[0m[90m | [0mremote: Counting objects:  97% (125/128)        [35m[todo-comments.nvim] [0m[36mclone[0m[90m | [0mremote: Counting objects:  98% (126/128)        [35m[todo-comments.nvim] [0m[36mclone[0m[90m | [0mremote: Counting objects:  99% (127/128)        [35m[todo-comments.nvim] [0m[36mclone[0m[90m | [0mremote: Counting objects: 100% (128/128)        [35m[todo-comments.nvim] [0m[36mclone[0m[90m | [0mremote: Counting objects: 100% (128/128), done.        
[35m[todo-comments.nvim] [0m[36mclone[0m[90m | [0mremote: Compressing objects:   4% (1/21)        [35m[todo-comments.nvim] [0m[36mclone[0m[90m | [0mremote: Compressing objects:   9% (2/21)        [35m[todo-comments.nvim] [0m[36mclone[0m[90m | [0mremote: Compressing objects:  14% (3/21)        [35m[todo-comments.nvim] [0m[36mclone[0m[90m | [0mremote: Compressing objects:  19% (4/21)        [35m[todo-comments.nvim] [0m[36mclone[0m[90m | [0mremote: Compressing objects:  23% (5/21)        [35m[todo-comments.nvim] [0m[36mclone[0m[90m | [0mremote: Compressing objects:  28% (6/21)        [35m[todo-comments.nvim] [0m[36mclone[0m[90m | [0mremote: Compressing objects:  33% (7/21)        [35m[todo-comments.nvim] [0m[36mclone[0m[90m | [0mremote: Compressing objects:  38% (8/21)        [35m[todo-comments.nvim] [0m[36mclone[0m[90m | [0mremote: Compressing objects:  42% (9/21)        [35m[todo-comments.nvim] [0m[36mclone[0m[90m | [0mremote: Compressing objects:  47% (10/21)        [35m[todo-comments.nvim] [0m[36mclone[0m[90m | [0mremote: Compressing objects:  52% (11/21)        [35m[todo-comments.nvim] [0m[36mclone[0m[90m | [0mremote: Compressing objects:  57% (12/21)        [35m[todo-comments.nvim] [0m[36mclone[0m[90m | [0mremote: Compressing objects:  61% (13/21)        [35m[todo-comments.nvim] [0m[36mclone[0m[90m | [0mremote: Compressing objects:  66% (14/21)        [35m[todo-comments.nvim] [0m[36mclone[0m[90m | [0mremote: Compressing objects:  71% (15/21)        [35m[todo-comments.nvim] [0m[36mclone[0m[90m | [0mremote: Compressing objects:  76% (16/21)        [35m[todo-comments.nvim] [0m[36mclone[0m[90m | [0mremote: Compressing objects:  80% (17/21)        [35m[todo-comments.nvim] [0m[36mclone[0m[90m | [0mremote: Compressing objects:  85% (18/21)        [35m[todo-comments.nvim] [0m[36mclone[0m[90m | [0mremote: Compressing objects:  90% (19/21)        [35m[todo-comments.nvim] [0m[36mclone[0m[90m | [0mremote: Compressing objects:  95% (20/21)        [35m[todo-comments.nvim] [0m[36mclone[0m[90m | [0mremote: Compressing objects: 100% (21/21)        [35m[todo-comments.nvim] [0m[36mclone[0m[90m | [0mremote: Compressing objects: 100% (21/21), done.        
[35m[nui.nvim] [0m[36m       clone[0m[90m | [0mremote: Compressing objects:  52% (94/179)        [35m[nui.nvim] [0m[36m       clone[0m[90m | [0mremote: Compressing objects:  53% (95/179)        [35m[nui.nvim] [0m[36m       clone[0m[90m | [0mremote: Compressing objects:  54% (97/179)        [35m[nui.nvim] [0m[36m       clone[0m[90m | [0mremote: Compressing objects:  55% (99/179)        [35m[nui.nvim] [0m[36m       clone[0m[90m | [0mremote: Compressing objects:  56% (101/179)        [35m[nui.nvim] [0m[36m       clone[0m[90m | [0mremote: Compressing objects:  57% (103/179)        [35m[nui.nvim] [0m[36m       clone[0m[90m | [0mremote: Compressing objects:  58% (104/179)        [35m[nui.nvim] [0m[36m       clone[0m[90m | [0mremote: Compressing objects:  59% (106/179)        [35m[nui.nvim] [0m[36m       clone[0m[90m | [0mremote: Compressing objects:  60% (108/179)        [35m[nui.nvim] [0m[36m       clone[0m[90m | [0mremote: Compressing objects:  61% (110/179)        [35m[nui.nvim] [0m[36m       clone[0m[90m | [0mremote: Compressing objects:  62% (111/179)        [35m[nui.nvim] [0m[36m       clone[0m[90m | [0mremote: Compressing objects:  63% (113/179)        [35m[nui.nvim] [0m[36m       clone[0m[90m | [0mremote: Compressing objects:  64% (115/179)        [35m[nui.nvim] [0m[36m       clone[0m[90m | [0mremote: Compressing objects:  65% (117/179)        [35m[nui.nvim] [0m[36m       clone[0m[90m | [0mremote: Compressing objects:  66% (119/179)        [35m[nui.nvim] [0m[36m       clone[0m[90m | [0mremote: Compressing objects:  67% (120/179)        [35m[nui.nvim] [0m[36m       clone[0m[90m | [0mremote: Compressing objects:  68% (122/179)        [35m[nui.nvim] [0m[36m       clone[0m[90m | [0mremote: Compressing objects:  69% (124/179)        [35m[nui.nvim] [0m[36m       clone[0m[90m | [0mremote: Compressing objects:  70% (126/179)        [35m[nui.nvim] [0m[36m       clone[0m[90m | [0mremote: Compressing objects:  71% (128/179)        [35m[nui.nvim] [0m[36m       clone[0m[90m | [0mremote: Compressing objects:  72% (129/179)        [35m[nui.nvim] [0m[36m       clone[0m[90m | [0mremote: Compressing objects:  73% (131/179)        [35m[nui.nvim] [0m[36m       clone[0m[90m | [0mremote: Compressing objects:  74% (133/179)        [35m[nui.nvim] [0m[36m       clone[0m[90m | [0mremote: Compressing objects:  75% (135/179)        [35m[nui.nvim] [0m[36m       clone[0m[90m | [0mremote: Compressing objects:  76% (137/179)        [35m[nui.nvim] [0m[36m       clone[0m[90m | [0mremote: Compressing objects:  77% (138/179)        [35m[nui.nvim] [0m[36m       clone[0m[90m | [0mremote: Compressing objects:  78% (140/179)        [35m[nui.nvim] [0m[36m       clone[0m[90m | [0mremote: Compressing objects:  79% (142/179)        [35m[nui.nvim] [0m[36m       clone[0m[90m | [0mremote: Compressing objects:  80% (144/179)        [35m[nui.nvim] [0m[36m       clone[0m[90m | [0mremote: Compressing objects:  81% (145/179)        [35m[nui.nvim] [0m[36m       clone[0m[90m | [0mremote: Compressing objects:  82% (147/179)        [35m[nui.nvim] [0m[36m       clone[0m[90m | [0mremote: Compressing objects:  83% (149/179)        [35m[nui.nvim] [0m[36m       clone[0m[90m | [0mremote: Compressing objects:  84% (151/179)        [35m[nui.nvim] [0m[36m       clone[0m[90m | [0mremote: Compressing objects:  85% (153/179)        [35m[nui.nvim] [0m[36m       clone[0m[90m | [0mremote: Compressing objects:  86% (154/179)        [35m[nui.nvim] [0m[36m       clone[0m[90m | [0mremote: Compressing objects:  87% (156/179)        [35m[nui.nvim] [0m[36m       clone[0m[90m | [0mremote: Compressing objects:  88% (158/179)        [35m[nui.nvim] [0m[36m       clone[0m[90m | [0mremote: Compressing objects:  89% (160/179)        [35m[nui.nvim] [0m[36m       clone[0m[90m | [0mremote: Compressing objects:  90% (162/179)        [35m[nui.nvim] [0m[36m       clone[0m[90m | [0mremote: Compressing objects:  91% (163/179)        [35m[nui.nvim] [0m[36m       clone[0m[90m | [0mremote: Compressing objects:  92% (165/179)        [35m[nui.nvim] [0m[36m       clone[0m[90m | [0mremote: Compressing objects:  93% (167/179)        [35m[nui.nvim] [0m[36m       clone[0m[90m | [0mremote: Compressing objects:  94% (169/179)        [35m[nui.nvim] [0m[36m       clone[0m[90m | [0mremote: Compressing objects:  95% (171/179)        [35m[nui.nvim] [0m[36m       clone[0m[90m | [0mremote: Compressing objects:  96% (172/179)        [35m[nui.nvim] [0m[36m       clone[0m[90m | [0mremote: Compressing objects:  97% (174/179)        [35m[nui.nvim] [0m[36m       clone[0m[90m | [0mremote: Compressing objects:  98% (176/179)        [35m[nui.nvim] [0m[36m       clone[0m[90m | [0mremote: Compressing objects:  99% (178/179)        [35m[nui.nvim] [0m[36m       clone[0m[90m | [0mremote: Compressing objects: 100% (179/179)        [35m[nui.nvim] [0m[36m       clone[0m[90m | [0mremote: Compressing objects: 100% (179/179), done.        
[35m[mini.hipatterns] [0m[36mclone[0m[90m | [0mremote: Enumerating objects: 210, done.        
[35m[mini.hipatterns] [0m[36mclone[0m[90m | [0mremote: Counting objects:   2% (1/47)        [35m[mini.hipatterns] [0m[36mclone[0m[90m | [0mremote: Counting objects:   4% (2/47)        [35m[mini.hipatterns] [0m[36mclone[0m[90m | [0mremote: Counting objects:   6% (3/47)        [35m[mini.hipatterns] [0m[36mclone[0m[90m | [0mremote: Counting objects:   8% (4/47)        [35m[mini.hipatterns] [0m[36mclone[0m[90m | [0mremote: Counting objects:  10% (5/47)        [35m[mini.hipatterns] [0m[36mclone[0m[90m | [0mremote: Counting objects:  12% (6/47)        [35m[mini.hipatterns] [0m[36mclone[0m[90m | [0mremote: Counting objects:  14% (7/47)        [35m[mini.hipatterns] [0m[36mclone[0m[90m | [0mremote: Counting objects:  17% (8/47)        [35m[mini.hipatterns] [0m[36mclone[0m[90m | [0mremote: Counting objects:  19% (9/47)        [35m[mini.hipatterns] [0m[36mclone[0m[90m | [0mremote: Counting objects:  21% (10/47)        [35m[mini.hipatterns] [0m[36mclone[0m[90m | [0mremote: Counting objects:  23% (11/47)        [35m[mini.hipatterns] [0m[36mclone[0m[90m | [0mremote: Counting objects:  25% (12/47)        [35m[mini.hipatterns] [0m[36mclone[0m[90m | [0mremote: Counting objects:  27% (13/47)        [35m[mini.hipatterns] [0m[36mclone[0m[90m | [0mremote: Counting objects:  29% (14/47)        [35m[mini.hipatterns] [0m[36mclone[0m[90m | [0mremote: Counting objects:  31% (15/47)        [35m[mini.hipatterns] [0m[36mclone[0m[90m | [0mremote: Counting objects:  34% (16/47)        [35m[mini.hipatterns] [0m[36mclone[0m[90m | [0mremote: Counting objects:  36% (17/47)        [35m[mini.hipatterns] [0m[36mclone[0m[90m | [0mremote: Counting objects:  38% (18/47)        [35m[mini.hipatterns] [0m[36mclone[0m[90m | [0mremote: Counting objects:  40% (19/47)        [35m[mini.hipatterns] [0m[36mclone[0m[90m | [0mremote: Counting objects:  42% (20/47)        [35m[mini.hipatterns] [0m[36mclone[0m[90m | [0mremote: Counting objects:  44% (21/47)        [35m[mini.hipatterns] [0m[36mclone[0m[90m | [0mremote: Counting objects:  46% (22/47)        [35m[mini.hipatterns] [0m[36mclone[0m[90m | [0mremote: Counting objects:  48% (23/47)        [35m[mini.hipatterns] [0m[36mclone[0m[90m | [0mremote: Counting objects:  51% (24/47)        [35m[mini.hipatterns] [0m[36mclone[0m[90m | [0mremote: Counting objects:  53% (25/47)        [35m[mini.hipatterns] [0m[36mclone[0m[90m | [0mremote: Counting objects:  55% (26/47)        [35m[mini.hipatterns] [0m[36mclone[0m[90m | [0mremote: Counting objects:  57% (27/47)        [35m[mini.hipatterns] [0m[36mclone[0m[90m | [0mremote: Counting objects:  59% (28/47)        [35m[mini.hipatterns] [0m[36mclone[0m[90m | [0mremote: Counting objects:  61% (29/47)        [35m[mini.hipatterns] [0m[36mclone[0m[90m | [0mremote: Counting objects:  63% (30/47)        [35m[mini.hipatterns] [0m[36mclone[0m[90m | [0mremote: Counting objects:  65% (31/47)        [35m[mini.hipatterns] [0m[36mclone[0m[90m | [0mremote: Counting objects:  68% (32/47)        [35m[mini.hipatterns] [0m[36mclone[0m[90m | [0mremote: Counting objects:  70% (33/47)        [35m[mini.hipatterns] [0m[36mclone[0m[90m | [0mremote: Counting objects:  72% (34/47)        [35m[mini.hipatterns] [0m[36mclone[0m[90m | [0mremote: Counting objects:  74% (35/47)        [35m[mini.hipatterns] [0m[36mclone[0m[90m | [0mremote: Counting objects:  76% (36/47)        [35m[mini.hipatterns] [0m[36mclone[0m[90m | [0mremote: Counting objects:  78% (37/47)        [35m[mini.hipatterns] [0m[36mclone[0m[90m | [0mremote: Counting objects:  80% (38/47)        [35m[mini.hipatterns] [0m[36mclone[0m[90m | [0mremote: Counting objects:  82% (39/47)        [35m[mini.hipatterns] [0m[36mclone[0m[90m | [0mremote: Counting objects:  85% (40/47)        [35m[mini.hipatterns] [0m[36mclone[0m[90m | [0mremote: Counting objects:  87% (41/47)        [35m[mini.hipatterns] [0m[36mclone[0m[90m | [0mremote: Counting objects:  89% (42/47)        [35m[mini.hipatterns] [0m[36mclone[0m[90m | [0mremote: Counting objects:  91% (43/47)        [35m[mini.hipatterns] [0m[36mclone[0m[90m | [0mremote: Counting objects:  93% (44/47)        [35m[mini.hipatterns] [0m[36mclone[0m[90m | [0mremote: Counting objects:  95% (45/47)        [35m[mini.hipatterns] [0m[36mclone[0m[90m | [0mremote: Counting objects:  97% (46/47)        [35m[mini.hipatterns] [0m[36mclone[0m[90m | [0mremote: Counting objects: 100% (47/47)        [35m[mini.hipatterns] [0m[36mclone[0m[90m | [0mremote: Counting objects: 100% (47/47), done.        
[35m[mini.hipatterns] [0m[36mclone[0m[90m | [0mremote: Compressing objects:   4% (1/23)        [35m[mini.hipatterns] [0m[36mclone[0m[90m | [0mremote: Compressing objects:   8% (2/23)        [35m[mini.hipatterns] [0m[36mclone[0m[90m | [0mremote: Compressing objects:  13% (3/23)        [35m[mini.hipatterns] [0m[36mclone[0m[90m | [0mremote: Compressing objects:  17% (4/23)        [35m[mini.hipatterns] [0m[36mclone[0m[90m | [0mremote: Compressing objects:  21% (5/23)        [35m[mini.hipatterns] [0m[36mclone[0m[90m | [0mremote: Compressing objects:  26% (6/23)        [35m[mini.hipatterns] [0m[36mclone[0m[90m | [0mremote: Compressing objects:  30% (7/23)        [35m[mini.hipatterns] [0m[36mclone[0m[90m | [0mremote: Compressing objects:  34% (8/23)        [35m[mini.hipatterns] [0m[36mclone[0m[90m | [0mremote: Compressing objects:  39% (9/23)        [35m[mini.hipatterns] [0m[36mclone[0m[90m | [0mremote: Compressing objects:  43% (10/23)        [35m[mini.hipatterns] [0m[36mclone[0m[90m | [0mremote: Compressing objects:  47% (11/23)        [35m[mini.hipatterns] [0m[36mclone[0m[90m | [0mremote: Compressing objects:  52% (12/23)        [35m[mini.hipatterns] [0m[36mclone[0m[90m | [0mremote: Compressing objects:  56% (13/23)        [35m[mini.hipatterns] [0m[36mclone[0m[90m | [0mremote: Compressing objects:  60% (14/23)        [35m[mini.hipatterns] [0m[36mclone[0m[90m | [0mremote: Compressing objects:  65% (15/23)        [35m[mini.hipatterns] [0m[36mclone[0m[90m | [0mremote: Compressing objects:  69% (16/23)        [35m[mini.hipatterns] [0m[36mclone[0m[90m | [0mremote: Compressing objects:  73% (17/23)        [35m[mini.hipatterns] [0m[36mclone[0m[90m | [0mremote: Compressing objects:  78% (18/23)        [35m[mini.hipatterns] [0m[36mclone[0m[90m | [0mremote: Compressing objects:  82% (19/23)        [35m[mini.hipatterns] [0m[36mclone[0m[90m | [0mremote: Compressing objects:  86% (20/23)        [35m[mini.hipatterns] [0m[36mclone[0m[90m | [0mremote: Compressing objects:  91% (21/23)        [35m[mini.hipatterns] [0m[36mclone[0m[90m | [0mremote: Compressing objects:  95% (22/23)        [35m[mini.hipatterns] [0m[36mclone[0m[90m | [0mremote: Compressing objects: 100% (23/23)        [35m[mini.hipatterns] [0m[36mclone[0m[90m | [0mremote: Compressing objects: 100% (23/23), done.        
[35m[mini.pairs] [0m[36m     clone[0m[90m | [0mremote: Enumerating objects: 229, done.        
[35m[mini.pairs] [0m[36m     clone[0m[90m | [0mremote: Counting objects:   1% (1/98)        [35m[mini.pairs] [0m[36m     clone[0m[90m | [0mremote: Counting objects:   2% (2/98)        [35m[mini.pairs] [0m[36m     clone[0m[90m | [0mremote: Counting objects:   3% (3/98)        [35m[mini.pairs] [0m[36m     clone[0m[90m | [0mremote: Counting objects:   4% (4/98)        [35m[mini.pairs] [0m[36m     clone[0m[90m | [0mremote: Counting objects:   5% (5/98)        [35m[mini.pairs] [0m[36m     clone[0m[90m | [0mremote: Counting objects:   6% (6/98)        [35m[mini.pairs] [0m[36m     clone[0m[90m | [0mremote: Counting objects:   7% (7/98)        [35m[mini.pairs] [0m[36m     clone[0m[90m | [0mremote: Counting objects:   8% (8/98)        [35m[mini.pairs] [0m[36m     clone[0m[90m | [0mremote: Counting objects:   9% (9/98)        [35m[mini.pairs] [0m[36m     clone[0m[90m | [0mremote: Counting objects:  10% (10/98)        [35m[mini.pairs] [0m[36m     clone[0m[90m | [0mremote: Counting objects:  11% (11/98)        [35m[mini.pairs] [0m[36m     clone[0m[90m | [0mremote: Counting objects:  12% (12/98)        [35m[mini.pairs] [0m[36m     clone[0m[90m | [0mremote: Counting objects:  13% (13/98)        [35m[mini.pairs] [0m[36m     clone[0m[90m | [0mremote: Counting objects:  14% (14/98)        [35m[mini.pairs] [0m[36m     clone[0m[90m | [0mremote: Counting objects:  15% (15/98)        [35m[mini.pairs] [0m[36m     clone[0m[90m | [0mremote: Counting objects:  16% (16/98)        [35m[mini.pairs] [0m[36m     clone[0m[90m | [0mremote: Counting objects:  17% (17/98)        [35m[mini.pairs] [0m[36m     clone[0m[90m | [0mremote: Counting objects:  18% (18/98)        [35m[mini.pairs] [0m[36m     clone[0m[90m | [0mremote: Counting objects:  19% (19/98)        [35m[mini.pairs] [0m[36m     clone[0m[90m | [0mremote: Counting objects:  20% (20/98)        [35m[mini.pairs] [0m[36m     clone[0m[90m | [0mremote: Counting objects:  21% (21/98)        [35m[mini.pairs] [0m[36m     clone[0m[90m | [0mremote: Counting objects:  22% (22/98)        [35m[mini.pairs] [0m[36m     clone[0m[90m | [0mremote: Counting objects:  23% (23/98)        [35m[mini.pairs] [0m[36m     clone[0m[90m | [0mremote: Counting objects:  24% (24/98)        [35m[mini.pairs] [0m[36m     clone[0m[90m | [0mremote: Counting objects:  25% (25/98)        [35m[mini.pairs] [0m[36m     clone[0m[90m | [0mremote: Counting objects:  26% (26/98)        [35m[mini.pairs] [0m[36m     clone[0m[90m | [0mremote: Counting objects:  27% (27/98)        [35m[mini.pairs] [0m[36m     clone[0m[90m | [0mremote: Counting objects:  28% (28/98)        [35m[mini.pairs] [0m[36m     clone[0m[90m | [0mremote: Counting objects:  29% (29/98)        [35m[mini.pairs] [0m[36m     clone[0m[90m | [0mremote: Counting objects:  30% (30/98)        [35m[mini.pairs] [0m[36m     clone[0m[90m | [0mremote: Counting objects:  31% (31/98)        [35m[mini.pairs] [0m[36m     clone[0m[90m | [0mremote: Counting objects:  32% (32/98)        [35m[mini.pairs] [0m[36m     clone[0m[90m | [0mremote: Counting objects:  33% (33/98)        [35m[mini.pairs] [0m[36m     clone[0m[90m | [0mremote: Counting objects:  34% (34/98)        [35m[mini.pairs] [0m[36m     clone[0m[90m | [0mremote: Counting objects:  35% (35/98)        [35m[mini.pairs] [0m[36m     clone[0m[90m | [0mremote: Counting objects:  36% (36/98)        [35m[mini.pairs] [0m[36m     clone[0m[90m | [0mremote: Counting objects:  37% (37/98)        [35m[mini.pairs] [0m[36m     clone[0m[90m | [0mremote: Counting objects:  38% (38/98)        [35m[mini.pairs] [0m[36m     clone[0m[90m | [0mremote: Counting objects:  39% (39/98)        [35m[mini.pairs] [0m[36m     clone[0m[90m | [0mremote: Counting objects:  40% (40/98)        [35m[mini.pairs] [0m[36m     clone[0m[90m | [0mremote: Counting objects:  41% (41/98)        [35m[mini.pairs] [0m[36m     clone[0m[90m | [0mremote: Counting objects:  42% (42/98)        [35m[mini.pairs] [0m[36m     clone[0m[90m | [0mremote: Counting objects:  43% (43/98)        [35m[mini.pairs] [0m[36m     clone[0m[90m | [0mremote: Counting objects:  44% (44/98)        [35m[mini.pairs] [0m[36m     clone[0m[90m | [0mremote: Counting objects:  45% (45/98)        [35m[mini.pairs] [0m[36m     clone[0m[90m | [0mremote: Counting objects:  46% (46/98)        [35m[mini.pairs] [0m[36m     clone[0m[90m | [0mremote: Counting objects:  47% (47/98)        [35m[mini.pairs] [0m[36m     clone[0m[90m | [0mremote: Counting objects:  48% (48/98)        [35m[mini.pairs] [0m[36m     clone[0m[90m | [0mremote: Counting objects:  50% (49/98)        [35m[mini.pairs] [0m[36m     clone[0m[90m | [0mremote: Counting objects:  51% (50/98)        [35m[mini.pairs] [0m[36m     clone[0m[90m | [0mremote: Counting objects:  52% (51/98)        [35m[mini.pairs] [0m[36m     clone[0m[90m | [0mremote: Counting objects:  53% (52/98)        [35m[mini.pairs] [0m[36m     clone[0m[90m | [0mremote: Counting objects:  54% (53/98)        [35m[mini.pairs] [0m[36m     clone[0m[90m | [0mremote: Counting objects:  55% (54/98)        [35m[mini.pairs] [0m[36m     clone[0m[90m | [0mremote: Counting objects:  56% (55/98)        [35m[mini.pairs] [0m[36m     clone[0m[90m | [0mremote: Counting objects:  57% (56/98)        [35m[mini.pairs] [0m[36m     clone[0m[90m | [0mremote: Counting objects:  58% (57/98)        [35m[mini.pairs] [0m[36m     clone[0m[90m | [0mremote: Counting objects:  59% (58/98)        [35m[mini.pairs] [0m[36m     clone[0m[90m | [0mremote: Counting objects:  60% (59/98)        [35m[mini.pairs] [0m[36m     clone[0m[90m | [0mremote: Counting objects:  61% (60/98)        [35m[mini.pairs] [0m[36m     clone[0m[90m | [0mremote: Counting objects:  62% (61/98)        [35m[mini.pairs] [0m[36m     clone[0m[90m | [0mremote: Counting objects:  63% (62/98)        [35m[mini.pairs] [0m[36m     clone[0m[90m | [0mremote: Counting objects:  64% (63/98)        [35m[mini.pairs] [0m[36m     clone[0m[90m | [0mremote: Counting objects:  65% (64/98)        [35m[mini.pairs] [0m[36m     clone[0m[90m | [0mremote: Counting objects:  66% (65/98)        [35m[mini.pairs] [0m[36m     clone[0m[90m | [0mremote: Counting objects:  67% (66/98)        [35m[mini.pairs] [0m[36m     clone[0m[90m | [0mremote: Counting objects:  68% (67/98)        [35m[mini.pairs] [0m[36m     clone[0m[90m | [0mremote: Counting objects:  69% (68/98)        [35m[mini.pairs] [0m[36m     clone[0m[90m | [0mremote: Counting objects:  70% (69/98)        [35m[mini.pairs] [0m[36m     clone[0m[90m | [0mremote: Counting objects:  71% (70/98)        [35m[mini.pairs] [0m[36m     clone[0m[90m | [0mremote: Counting objects:  72% (71/98)        [35m[mini.pairs] [0m[36m     clone[0m[90m | [0mremote: Counting objects:  73% (72/98)        [35m[mini.pairs] [0m[36m     clone[0m[90m | [0mremote: Counting objects:  74% (73/98)        [35m[mini.pairs] [0m[36m     clone[0m[90m | [0mremote: Counting objects:  75% (74/98)        [35m[mini.pairs] [0m[36m     clone[0m[90m | [0mremote: Counting objects:  76% (75/98)        [35m[mini.pairs] [0m[36m     clone[0m[90m | [0mremote: Counting objects:  77% (76/98)        [35m[mini.pairs] [0m[36m     clone[0m[90m | [0mremote: Counting objects:  78% (77/98)        [35m[mini.pairs] [0m[36m     clone[0m[90m | [0mremote: Counting objects:  79% (78/98)        [35m[mini.pairs] [0m[36m     clone[0m[90m | [0mremote: Counting objects:  80% (79/98)        [35m[mini.pairs] [0m[36m     clone[0m[90m | [0mremote: Counting objects:  81% (80/98)        [35m[mini.pairs] [0m[36m     clone[0m[90m | [0mremote: Counting objects:  82% (81/98)        [35m[mini.pairs] [0m[36m     clone[0m[90m | [0mremote: Counting objects:  83% (82/98)        [35m[mini.pairs] [0m[36m     clone[0m[90m | [0mremote: Counting objects:  84% (83/98)        [35m[mini.pairs] [0m[36m     clone[0m[90m | [0mremote: Counting objects:  85% (84/98)        [35m[mini.pairs] [0m[36m     clone[0m[90m | [0mremote: Counting objects:  86% (85/98)        [35m[mini.pairs] [0m[36m     clone[0m[90m | [0mremote: Counting objects:  87% (86/98)        [35m[mini.pairs] [0m[36m     clone[0m[90m | [0mremote: Counting objects:  88% (87/98)        [35m[mini.pairs] [0m[36m     clone[0m[90m | [0mremote: Counting objects:  89% (88/98)        [35m[mini.pairs] [0m[36m     clone[0m[90m | [0mremote: Counting objects:  90% (89/98)        [35m[mini.pairs] [0m[36m     clone[0m[90m | [0mremote: Counting objects:  91% (90/98)        [35m[mini.pairs] [0m[36m     clone[0m[90m | [0mremote: Counting objects:  92% (91/98)        [35m[mini.pairs] [0m[36m     clone[0m[90m | [0mremote: Counting objects:  93% (92/98)        [35m[mini.pairs] [0m[36m     clone[0m[90m | [0mremote: Counting objects:  94% (93/98)        [35m[mini.pairs] [0m[36m     clone[0m[90m | [0mremote: Counting objects:  95% (94/98)        [35m[mini.pairs] [0m[36m     clone[0m[90m | [0mremote: Counting objects:  96% (95/98)        [35m[mini.pairs] [0m[36m     clone[0m[90m | [0mremote: Counting objects:  97% (96/98)        [35m[mini.pairs] [0m[36m     clone[0m[90m | [0mremote: Counting objects:  98% (97/98)        [35m[mini.pairs] [0m[36m     clone[0m[90m | [0mremote: Counting objects: 100% (98/98)        [35m[mini.pairs] [0m[36m     clone[0m[90m | [0mremote: Counting objects: 100% (98/98), done.        
[35m[mini.pairs] [0m[36m     clone[0m[90m | [0mremote: Compressing objects:   2% (1/46)        [35m[mini.pairs] [0m[36m     clone[0m[90m | [0mremote: Compressing objects:   4% (2/46)        [35m[mini.pairs] [0m[36m     clone[0m[90m | [0mremote: Compressing objects:   6% (3/46)        [35m[mini.pairs] [0m[36m     clone[0m[90m | [0mremote: Compressing objects:   8% (4/46)        [35m[mini.pairs] [0m[36m     clone[0m[90m | [0mremote: Compressing objects:  10% (5/46)        [35m[mini.pairs] [0m[36m     clone[0m[90m | [0mremote: Compressing objects:  13% (6/46)        [35m[mini.pairs] [0m[36m     clone[0m[90m | [0mremote: Compressing objects:  15% (7/46)        [35m[mini.pairs] [0m[36m     clone[0m[90m | [0mremote: Compressing objects:  17% (8/46)        [35m[mini.pairs] [0m[36m     clone[0m[90m | [0mremote: Compressing objects:  19% (9/46)        [35m[mini.pairs] [0m[36m     clone[0m[90m | [0mremote: Compressing objects:  21% (10/46)        [35m[mini.pairs] [0m[36m     clone[0m[90m | [0mremote: Compressing objects:  23% (11/46)        [35m[mini.pairs] [0m[36m     clone[0m[90m | [0mremote: Compressing objects:  26% (12/46)        [35m[mini.pairs] [0m[36m     clone[0m[90m | [0mremote: Compressing objects:  28% (13/46)        [35m[mini.pairs] [0m[36m     clone[0m[90m | [0mremote: Compressing objects:  30% (14/46)        [35m[mini.pairs] [0m[36m     clone[0m[90m | [0mremote: Compressing objects:  32% (15/46)        [35m[mini.pairs] [0m[36m     clone[0m[90m | [0mremote: Compressing objects:  34% (16/46)        [35m[mini.pairs] [0m[36m     clone[0m[90m | [0mremote: Compressing objects:  36% (17/46)        [35m[mini.pairs] [0m[36m     clone[0m[90m | [0mremote: Compressing objects:  39% (18/46)        [35m[mini.pairs] [0m[36m     clone[0m[90m | [0mremote: Compressing objects:  41% (19/46)        [35m[mini.pairs] [0m[36m     clone[0m[90m | [0mremote: Compressing objects:  43% (20/46)        [35m[mini.pairs] [0m[36m     clone[0m[90m | [0mremote: Compressing objects:  45% (21/46)        [35m[mini.pairs] [0m[36m     clone[0m[90m | [0mremote: Compressing objects:  47% (22/46)        [35m[mini.pairs] [0m[36m     clone[0m[90m | [0mremote: Compressing objects:  50% (23/46)        [35m[mini.pairs] [0m[36m     clone[0m[90m | [0mremote: Compressing objects:  52% (24/46)        [35m[mini.pairs] [0m[36m     clone[0m[90m | [0mremote: Compressing objects:  54% (25/46)        [35m[mini.pairs] [0m[36m     clone[0m[90m | [0mremote: Compressing objects:  56% (26/46)        [35m[mini.pairs] [0m[36m     clone[0m[90m | [0mremote: Compressing objects:  58% (27/46)        [35m[mini.pairs] [0m[36m     clone[0m[90m | [0mremote: Compressing objects:  60% (28/46)        [35m[mini.pairs] [0m[36m     clone[0m[90m | [0mremote: Compressing objects:  63% (29/46)        [35m[mini.pairs] [0m[36m     clone[0m[90m | [0mremote: Compressing objects:  65% (30/46)        [35m[mini.pairs] [0m[36m     clone[0m[90m | [0mremote: Compressing objects:  67% (31/46)        [35m[mini.pairs] [0m[36m     clone[0m[90m | [0mremote: Compressing objects:  69% (32/46)        [35m[mini.pairs] [0m[36m     clone[0m[90m | [0mremote: Compressing objects:  71% (33/46)        [35m[mini.pairs] [0m[36m     clone[0m[90m | [0mremote: Compressing objects:  73% (34/46)        [35m[mini.pairs] [0m[36m     clone[0m[90m | [0mremote: Compressing objects:  76% (35/46)        [35m[mini.pairs] [0m[36m     clone[0m[90m | [0mremote: Compressing objects:  78% (36/46)        [35m[mini.pairs] [0m[36m     clone[0m[90m | [0mremote: Compressing objects:  80% (37/46)        [35m[mini.pairs] [0m[36m     clone[0m[90m | [0mremote: Compressing objects:  82% (38/46)        [35m[mini.pairs] [0m[36m     clone[0m[90m | [0mremote: Compressing objects:  84% (39/46)        [35m[mini.pairs] [0m[36m     clone[0m[90m | [0mremote: Compressing objects:  86% (40/46)        [35m[mini.pairs] [0m[36m     clone[0m[90m | [0mremote: Compressing objects:  89% (41/46)        [35m[mini.pairs] [0m[36m     clone[0m[90m | [0mremote: Compressing objects:  91% (42/46)        [35m[mini.pairs] [0m[36m     clone[0m[90m | [0mremote: Compressing objects:  93% (43/46)        [35m[mini.pairs] [0m[36m     clone[0m[90m | [0mremote: Compressing objects:  95% (44/46)        [35m[mini.pairs] [0m[36m     clone[0m[90m | [0mremote: Compressing objects:  97% (45/46)        [35m[mini.pairs] [0m[36m     clone[0m[90m | [0mremote: Compressing objects: 100% (46/46)        [35m[mini.pairs] [0m[36m     clone[0m[90m | [0mremote: Compressing objects: 100% (46/46), done.        
[35m[persistence.nvim] [0m[36mclone[0m[90m | [0mremote: Enumerating objects: 319, done.        
[35m[persistence.nvim] [0m[36mclone[0m[90m | [0mremote: Counting objects:   1% (1/62)        [35m[persistence.nvim] [0m[36mclone[0m[90m | [0mremote: Counting objects:   3% (2/62)        [35m[persistence.nvim] [0m[36mclone[0m[90m | [0mremote: Counting objects:   4% (3/62)        [35m[persistence.nvim] [0m[36mclone[0m[90m | [0mremote: Counting objects:   6% (4/62)        [35m[persistence.nvim] [0m[36mclone[0m[90m | [0mremote: Counting objects:   8% (5/62)        [35m[persistence.nvim] [0m[36mclone[0m[90m | [0mremote: Counting objects:   9% (6/62)        [35m[persistence.nvim] [0m[36mclone[0m[90m | [0mremote: Counting objects:  11% (7/62)        [35m[persistence.nvim] [0m[36mclone[0m[90m | [0mremote: Counting objects:  12% (8/62)        [35m[persistence.nvim] [0m[36mclone[0m[90m | [0mremote: Counting objects:  14% (9/62)        [35m[persistence.nvim] [0m[36mclone[0m[90m | [0mremote: Counting objects:  16% (10/62)        [35m[persistence.nvim] [0m[36mclone[0m[90m | [0mremote: Counting objects:  17% (11/62)        [35m[persistence.nvim] [0m[36mclone[0m[90m | [0mremote: Counting objects:  19% (12/62)        [35m[persistence.nvim] [0m[36mclone[0m[90m | [0mremote: Counting objects:  20% (13/62)        [35m[persistence.nvim] [0m[36mclone[0m[90m | [0mremote: Counting objects:  22% (14/62)        [35m[persistence.nvim] [0m[36mclone[0m[90m | [0mremote: Counting objects:  24% (15/62)        [35m[persistence.nvim] [0m[36mclone[0m[90m | [0mremote: Counting objects:  25% (16/62)        [35m[persistence.nvim] [0m[36mclone[0m[90m | [0mremote: Counting objects:  27% (17/62)        [35m[persistence.nvim] [0m[36mclone[0m[90m | [0mremote: Counting objects:  29% (18/62)        [35m[persistence.nvim] [0m[36mclone[0m[90m | [0mremote: Counting objects:  30% (19/62)        [35m[persistence.nvim] [0m[36mclone[0m[90m | [0mremote: Counting objects:  32% (20/62)        [35m[persistence.nvim] [0m[36mclone[0m[90m | [0mremote: Counting objects:  33% (21/62)        [35m[persistence.nvim] [0m[36mclone[0m[90m | [0mremote: Counting objects:  35% (22/62)        [35m[persistence.nvim] [0m[36mclone[0m[90m | [0mremote: Counting objects:  37% (23/62)        [35m[persistence.nvim] [0m[36mclone[0m[90m | [0mremote: Counting objects:  38% (24/62)        [35m[persistence.nvim] [0m[36mclone[0m[90m | [0mremote: Counting objects:  40% (25/62)        [35m[persistence.nvim] [0m[36mclone[0m[90m | [0mremote: Counting objects:  41% (26/62)        [35m[persistence.nvim] [0m[36mclone[0m[90m | [0mremote: Counting objects:  43% (27/62)        [35m[persistence.nvim] [0m[36mclone[0m[90m | [0mremote: Counting objects:  45% (28/62)        [35m[persistence.nvim] [0m[36mclone[0m[90m | [0mremote: Counting objects:  46% (29/62)        [35m[persistence.nvim] [0m[36mclone[0m[90m | [0mremote: Counting objects:  48% (30/62)        [35m[persistence.nvim] [0m[36mclone[0m[90m | [0mremote: Counting objects:  50% (31/62)        [35m[persistence.nvim] [0m[36mclone[0m[90m | [0mremote: Counting objects:  51% (32/62)        [35m[persistence.nvim] [0m[36mclone[0m[90m | [0mremote: Counting objects:  53% (33/62)        [35m[persistence.nvim] [0m[36mclone[0m[90m | [0mremote: Counting objects:  54% (34/62)        [35m[persistence.nvim] [0m[36mclone[0m[90m | [0mremote: Counting objects:  56% (35/62)        [35m[persistence.nvim] [0m[36mclone[0m[90m | [0mremote: Counting objects:  58% (36/62)        [35m[persistence.nvim] [0m[36mclone[0m[90m | [0mremote: Counting objects:  59% (37/62)        [35m[persistence.nvim] [0m[36mclone[0m[90m | [0mremote: Counting objects:  61% (38/62)        [35m[persistence.nvim] [0m[36mclone[0m[90m | [0mremote: Counting objects:  62% (39/62)        [35m[persistence.nvim] [0m[36mclone[0m[90m | [0mremote: Counting objects:  64% (40/62)        [35m[persistence.nvim] [0m[36mclone[0m[90m | [0mremote: Counting objects:  66% (41/62)        [35m[persistence.nvim] [0m[36mclone[0m[90m | [0mremote: Counting objects:  67% (42/62)        [35m[persistence.nvim] [0m[36mclone[0m[90m | [0mremote: Counting objects:  69% (43/62)        [35m[persistence.nvim] [0m[36mclone[0m[90m | [0mremote: Counting objects:  70% (44/62)        [35m[persistence.nvim] [0m[36mclone[0m[90m | [0mremote: Counting objects:  72% (45/62)        [35m[persistence.nvim] [0m[36mclone[0m[90m | [0mremote: Counting objects:  74% (46/62)        [35m[persistence.nvim] [0m[36mclone[0m[90m | [0mremote: Counting objects:  75% (47/62)        [35m[persistence.nvim] [0m[36mclone[0m[90m | [0mremote: Counting objects:  77% (48/62)        [35m[persistence.nvim] [0m[36mclone[0m[90m | [0mremote: Counting objects:  79% (49/62)        [35m[persistence.nvim] [0m[36mclone[0m[90m | [0mremote: Counting objects:  80% (50/62)        [35m[persistence.nvim] [0m[36mclone[0m[90m | [0mremote: Counting objects:  82% (51/62)        [35m[persistence.nvim] [0m[36mclone[0m[90m | [0mremote: Counting objects:  83% (52/62)        [35m[persistence.nvim] [0m[36mclone[0m[90m | [0mremote: Counting objects:  85% (53/62)        [35m[persistence.nvim] [0m[36mclone[0m[90m | [0mremote: Counting objects:  87% (54/62)        [35m[persistence.nvim] [0m[36mclone[0m[90m | [0mremote: Counting objects:  88% (55/62)        [35m[persistence.nvim] [0m[36mclone[0m[90m | [0mremote: Counting objects:  90% (56/62)        [35m[persistence.nvim] [0m[36mclone[0m[90m | [0mremote: Counting objects:  91% (57/62)        [35m[persistence.nvim] [0m[36mclone[0m[90m | [0mremote: Counting objects:  93% (58/62)        [35m[persistence.nvim] [0m[36mclone[0m[90m | [0mremote: Counting objects:  95% (59/62)        [35m[persistence.nvim] [0m[36mclone[0m[90m | [0mremote: Counting objects:  96% (60/62)        [35m[persistence.nvim] [0m[36mclone[0m[90m | [0mremote: Counting objects:  98% (61/62)        [35m[persistence.nvim] [0m[36mclone[0m[90m | [0mremote: Counting objects: 100% (62/62)        [35m[persistence.nvim] [0m[36mclone[0m[90m | [0mremote: Counting objects: 100% (62/62), done.        
[35m[persistence.nvim] [0m[36mclone[0m[90m | [0mremote: Compressing objects:   6% (1/15)        [35m[persistence.nvim] [0m[36mclone[0m[90m | [0mremote: Compressing objects:  13% (2/15)        [35m[persistence.nvim] [0m[36mclone[0m[90m | [0mremote: Compressing objects:  20% (3/15)        [35m[persistence.nvim] [0m[36mclone[0m[90m | [0mremote: Compressing objects:  26% (4/15)        [35m[persistence.nvim] [0m[36mclone[0m[90m | [0mremote: Compressing objects:  33% (5/15)        [35m[persistence.nvim] [0m[36mclone[0m[90m | [0mremote: Compressing objects:  40% (6/15)        [35m[persistence.nvim] [0m[36mclone[0m[90m | [0mremote: Compressing objects:  46% (7/15)        [35m[persistence.nvim] [0m[36mclone[0m[90m | [0mremote: Compressing objects:  53% (8/15)        [35m[persistence.nvim] [0m[36mclone[0m[90m | [0mremote: Compressing objects:  60% (9/15)        [35m[persistence.nvim] [0m[36mclone[0m[90m | [0mremote: Compressing objects:  66% (10/15)        [35m[persistence.nvim] [0m[36mclone[0m[90m | [0mremote: Compressing objects:  73% (11/15)        [35m[persistence.nvim] [0m[36mclone[0m[90m | [0mremote: Compressing objects:  80% (12/15)        [35m[persistence.nvim] [0m[36mclone[0m[90m | [0mremote: Compressing objects:  86% (13/15)        [35m[persistence.nvim] [0m[36mclone[0m[90m | [0mremote: Compressing objects:  93% (14/15)        [35m[persistence.nvim] [0m[36mclone[0m[90m | [0mremote: Compressing objects: 100% (15/15)        [35m[persistence.nvim] [0m[36mclone[0m[90m | [0mremote: Compressing objects: 100% (15/15), done.        
[35m[noice.nvim] [0m[36m     clone[0m[90m | [0mremote: Enumerating objects: 5871, done.        
[35m[noice.nvim] [0m[36m     clone[0m[90m | [0mremote: Counting objects:   2% (1/46)        [35m[noice.nvim] [0m[36m     clone[0m[90m | [0mremote: Counting objects:   4% (2/46)        [35m[noice.nvim] [0m[36m     clone[0m[90m | [0mremote: Counting objects:   6% (3/46)        [35m[noice.nvim] [0m[36m     clone[0m[90m | [0mremote: Counting objects:   8% (4/46)        [35m[noice.nvim] [0m[36m     clone[0m[90m | [0mremote: Counting objects:  10% (5/46)        [35m[noice.nvim] [0m[36m     clone[0m[90m | [0mremote: Counting objects:  13% (6/46)        [35m[noice.nvim] [0m[36m     clone[0m[90m | [0mremote: Counting objects:  15% (7/46)        [35m[noice.nvim] [0m[36m     clone[0m[90m | [0mremote: Counting objects:  17% (8/46)        [35m[noice.nvim] [0m[36m     clone[0m[90m | [0mremote: Counting objects:  19% (9/46)        [35m[noice.nvim] [0m[36m     clone[0m[90m | [0mremote: Counting objects:  21% (10/46)        [35m[noice.nvim] [0m[36m     clone[0m[90m | [0mremote: Counting objects:  23% (11/46)        [35m[noice.nvim] [0m[36m     clone[0m[90m | [0mremote: Counting objects:  26% (12/46)        [35m[noice.nvim] [0m[36m     clone[0m[90m | [0mremote: Counting objects:  28% (13/46)        [35m[noice.nvim] [0m[36m     clone[0m[90m | [0mremote: Counting objects:  30% (14/46)        [35m[noice.nvim] [0m[36m     clone[0m[90m | [0mremote: Counting objects:  32% (15/46)        [35m[noice.nvim] [0m[36m     clone[0m[90m | [0mremote: Counting objects:  34% (16/46)        [35m[noice.nvim] [0m[36m     clone[0m[90m | [0mremote: Counting objects:  36% (17/46)        [35m[noice.nvim] [0m[36m     clone[0m[90m | [0mremote: Counting objects:  39% (18/46)        [35m[noice.nvim] [0m[36m     clone[0m[90m | [0mremote: Counting objects:  41% (19/46)        [35m[noice.nvim] [0m[36m     clone[0m[90m | [0mremote: Counting objects:  43% (20/46)        [35m[noice.nvim] [0m[36m     clone[0m[90m | [0mremote: Counting objects:  45% (21/46)        [35m[noice.nvim] [0m[36m     clone[0m[90m | [0mremote: Counting objects:  47% (22/46)        [35m[noice.nvim] [0m[36m     clone[0m[90m | [0mremote: Counting objects:  50% (23/46)        [35m[noice.nvim] [0m[36m     clone[0m[90m | [0mremote: Counting objects:  52% (24/46)        [35m[noice.nvim] [0m[36m     clone[0m[90m | [0mremote: Counting objects:  54% (25/46)        [35m[noice.nvim] [0m[36m     clone[0m[90m | [0mremote: Counting objects:  56% (26/46)        [35m[noice.nvim] [0m[36m     clone[0m[90m | [0mremote: Counting objects:  58% (27/46)        [35m[noice.nvim] [0m[36m     clone[0m[90m | [0mremote: Counting objects:  60% (28/46)        [35m[noice.nvim] [0m[36m     clone[0m[90m | [0mremote: Counting objects:  63% (29/46)        [35m[noice.nvim] [0m[36m     clone[0m[90m | [0mremote: Counting objects:  65% (30/46)        [35m[noice.nvim] [0m[36m     clone[0m[90m | [0mremote: Counting objects:  67% (31/46)        [35m[noice.nvim] [0m[36m     clone[0m[90m | [0mremote: Counting objects:  69% (32/46)        [35m[noice.nvim] [0m[36m     clone[0m[90m | [0mremote: Counting objects:  71% (33/46)        [35m[noice.nvim] [0m[36m     clone[0m[90m | [0mremote: Counting objects:  73% (34/46)        [35m[noice.nvim] [0m[36m     clone[0m[90m | [0mremote: Counting objects:  76% (35/46)        [35m[noice.nvim] [0m[36m     clone[0m[90m | [0mremote: Counting objects:  78% (36/46)        [35m[noice.nvim] [0m[36m     clone[0m[90m | [0mremote: Counting objects:  80% (37/46)        [35m[noice.nvim] [0m[36m     clone[0m[90m | [0mremote: Counting objects:  82% (38/46)        [35m[noice.nvim] [0m[36m     clone[0m[90m | [0mremote: Counting objects:  84% (39/46)        [35m[noice.nvim] [0m[36m     clone[0m[90m | [0mremote: Counting objects:  86% (40/46)        [35m[noice.nvim] [0m[36m     clone[0m[90m | [0mremote: Counting objects:  89% (41/46)        [35m[noice.nvim] [0m[36m     clone[0m[90m | [0mremote: Counting objects:  91% (42/46)        [35m[noice.nvim] [0m[36m     clone[0m[90m | [0mremote: Counting objects:  93% (43/46)        [35m[noice.nvim] [0m[36m     clone[0m[90m | [0mremote: Counting objects:  95% (44/46)        [35m[noice.nvim] [0m[36m     clone[0m[90m | [0mremote: Counting objects:  97% (45/46)        [35m[noice.nvim] [0m[36m     clone[0m[90m | [0mremote: Counting objects: 100% (46/46)        [35m[noice.nvim] [0m[36m     clone[0m[90m | [0mremote: Counting objects: 100% (46/46), done.        
[35m[noice.nvim] [0m[36m     clone[0m[90m | [0mremote: Compressing objects:  25% (1/4)        [35m[noice.nvim] [0m[36m     clone[0m[90m | [0mremote: Compressing objects:  50% (2/4)        [35m[noice.nvim] [0m[36m     clone[0m[90m | [0mremote: Compressing objects:  75% (3/4)        [35m[noice.nvim] [0m[36m     clone[0m[90m | [0mremote: Compressing objects: 100% (4/4)        [35m[noice.nvim] [0m[36m     clone[0m[90m | [0mremote: Compressing objects: 100% (4/4), done.        
[35m[flash.nvim] [0m[36m     clone[0m[90m | [0mReceiving objects:  33% (647/1960)[35m[todo-comments.nvim] [0m[36mclone[0m[90m | [0mReceiving objects:   0% (1/769)[35m[todo-comments.nvim] [0m[36mclone[0m[90m | [0mReceiving objects:   1% (8/769)[35m[todo-comments.nvim] [0m[36mclone[0m[90m | [0mReceiving objects:   2% (16/769)[35m[todo-comments.nvim] [0m[36mclone[0m[90m | [0mReceiving objects:   3% (24/769)[35m[todo-comments.nvim] [0m[36mclone[0m[90m | [0mReceiving objects:   4% (31/769)[35m[todo-comments.nvim] [0m[36mclone[0m[90m | [0mReceiving objects:   5% (39/769)[35m[todo-comments.nvim] [0m[36mclone[0m[90m | [0mReceiving objects:   6% (47/769)[35m[flash.nvim] [0m[36m     clone[0m[90m | [0mReceiving objects:  34% (667/1960), 348.00 KiB | 674.00 KiB/s[35m[flash.nvim] [0m[36m     clone[0m[90m | [0mReceiving objects:  35% (686/1960), 348.00 KiB | 674.00 KiB/s[35m[flash.nvim] [0m[36m     clone[0m[90m | [0mReceiving objects:  36% (706/1960), 348.00 KiB | 674.00 KiB/s[35m[flash.nvim] [0m[36m     clone[0m[90m | [0mReceiving objects:  37% (726/1960), 348.00 KiB | 674.00 KiB/s[35m[mini.hipatterns] [0m[36mclone[0m[90m | [0mReceiving objects:   0% (1/210)[35m[mini.hipatterns] [0m[36mclone[0m[90m | [0mReceiving objects:   1% (3/210)[35m[mini.hipatterns] [0m[36mclone[0m[90m | [0mReceiving objects:   2% (5/210)[35m[mini.hipatterns] [0m[36mclone[0m[90m | [0mReceiving objects:   3% (7/210)[35m[mini.hipatterns] [0m[36mclone[0m[90m | [0mReceiving objects:   4% (9/210)[35m[mini.hipatterns] [0m[36mclone[0m[90m | [0mReceiving objects:   5% (11/210)[35m[mini.hipatterns] [0m[36mclone[0m[90m | [0mReceiving objects:   6% (13/210)[35m[mini.hipatterns] [0m[36mclone[0m[90m | [0mReceiving objects:   7% (15/210)[35m[mini.hipatterns] [0m[36mclone[0m[90m | [0mReceiving objects:   8% (17/210)[35m[noice.nvim] [0m[36m     clone[0m[90m | [0mReceiving objects:   0% (1/5871)[35m[mason-lspconfig.nvim] [0m[36mclone[0m[90m | [0mReceiving objects:   6% (131/2183)[35m[flash.nvim] [0m[36m     clone[0m[90m | [0mReceiving objects:  38% (745/1960), 348.00 KiB | 674.00 KiB/s[35m[flash.nvim] [0m[36m     clone[0m[90m | [0mReceiving objects:  39% (765/1960), 348.00 KiB | 674.00 KiB/s[35m[flash.nvim] [0m[36m     clone[0m[90m | [0mReceiving objects:  40% (784/1960), 348.00 KiB | 674.00 KiB/s[35m[flash.nvim] [0m[36m     clone[0m[90m | [0mReceiving objects:  41% (804/1960), 348.00 KiB | 674.00 KiB/s[35m[flash.nvim] [0m[36m     clone[0m[90m | [0mReceiving objects:  42% (824/1960), 348.00 KiB | 674.00 KiB/s[35m[flash.nvim] [0m[36m     clone[0m[90m | [0mReceiving objects:  43% (843/1960), 348.00 KiB | 674.00 KiB/s[35m[mason-lspconfig.nvim] [0m[36mclone[0m[90m | [0mReceiving objects:   7% (153/2183)[35m[flash.nvim] [0m[36m     clone[0m[90m | [0mReceiving objects:  44% (863/1960), 348.00 KiB | 674.00 KiB/s[35m[flash.nvim] [0m[36m     clone[0m[90m | [0mReceiving objects:  45% (882/1960), 348.00 KiB | 674.00 KiB/s[35m[flash.nvim] [0m[36m     clone[0m[90m | [0mReceiving objects:  46% (902/1960), 348.00 KiB | 674.00 KiB/s[35m[flash.nvim] [0m[36m     clone[0m[90m | [0mReceiving objects:  47% (922/1960), 348.00 KiB | 674.00 KiB/s[35m[flash.nvim] [0m[36m     clone[0m[90m | [0mReceiving objects:  48% (941/1960), 348.00 KiB | 674.00 KiB/s[35m[flash.nvim] [0m[36m     clone[0m[90m | [0mReceiving objects:  49% (961/1960), 348.00 KiB | 674.00 KiB/s[35m[flash.nvim] [0m[36m     clone[0m[90m | [0mReceiving objects:  50% (980/1960), 348.00 KiB | 674.00 KiB/s[35m[flash.nvim] [0m[36m     clone[0m[90m | [0mReceiving objects:  51% (1000/1960), 348.00 KiB | 674.00 KiB/s[35m[flash.nvim] [0m[36m     clone[0m[90m | [0mReceiving objects:  52% (1020/1960), 348.00 KiB | 674.00 KiB/s[35m[flash.nvim] [0m[36m     clone[0m[90m | [0mReceiving objects:  53% (1039/1960), 348.00 KiB | 674.00 KiB/s[35m[flash.nvim] [0m[36m     clone[0m[90m | [0mReceiving objects:  54% (1059/1960), 348.00 KiB | 674.00 KiB/s[35m[flash.nvim] [0m[36m     clone[0m[90m | [0mReceiving objects:  55% (1078/1960), 348.00 KiB | 674.00 KiB/s[35m[flash.nvim] [0m[36m     clone[0m[90m | [0mReceiving objects:  56% (1098/1960), 348.00 KiB | 674.00 KiB/s[35m[flash.nvim] [0m[36m     clone[0m[90m | [0mReceiving objects:  57% (1118/1960), 348.00 KiB | 674.00 KiB/s[35m[flash.nvim] [0m[36m     clone[0m[90m | [0mReceiving objects:  58% (1137/1960), 348.00 KiB | 674.00 KiB/s[35m[flash.nvim] [0m[36m     clone[0m[90m | [0mReceiving objects:  59% (1157/1960), 348.00 KiB | 674.00 KiB/s[35m[flash.nvim] [0m[36m     clone[0m[90m | [0mReceiving objects:  60% (1176/1960), 348.00 KiB | 674.00 KiB/s[35m[flash.nvim] [0m[36m     clone[0m[90m | [0mReceiving objects:  61% (1196/1960), 348.00 KiB | 674.00 KiB/s[35m[flash.nvim] [0m[36m     clone[0m[90m | [0mReceiving objects:  62% (1216/1960), 348.00 KiB | 674.00 KiB/s[35m[flash.nvim] [0m[36m     clone[0m[90m | [0mReceiving objects:  63% (1235/1960), 348.00 KiB | 674.00 KiB/s[35m[flash.nvim] [0m[36m     clone[0m[90m | [0mReceiving objects:  64% (1255/1960), 348.00 KiB | 674.00 KiB/s[35m[flash.nvim] [0m[36m     clone[0m[90m | [0mReceiving objects:  65% (1274/1960), 348.00 KiB | 674.00 KiB/s[35m[flash.nvim] [0m[36m     clone[0m[90m | [0mReceiving objects:  66% (1294/1960), 348.00 KiB | 674.00 KiB/s[35m[flash.nvim] [0m[36m     clone[0m[90m | [0mReceiving objects:  67% (1314/1960), 348.00 KiB | 674.00 KiB/s[35m[flash.nvim] [0m[36m     clone[0m[90m | [0mReceiving objects:  68% (1333/1960), 348.00 KiB | 674.00 KiB/s[35m[mini.pairs] [0m[36m     clone[0m[90m | [0mReceiving objects:   0% (1/229)[35m[mini.pairs] [0m[36m     clone[0m[90m | [0mReceiving objects:   1% (3/229)[35m[mini.pairs] [0m[36m     clone[0m[90m | [0mReceiving objects:   2% (5/229)[35m[mini.pairs] [0m[36m     clone[0m[90m | [0mReceiving objects:   3% (7/229)[35m[mini.pairs] [0m[36m     clone[0m[90m | [0mReceiving objects:   4% (10/229)[35m[mini.pairs] [0m[36m     clone[0m[90m | [0mReceiving objects:   5% (12/229)[35m[mini.pairs] [0m[36m     clone[0m[90m | [0mReceiving objects:   6% (14/229)[35m[mini.pairs] [0m[36m     clone[0m[90m | [0mReceiving objects:   7% (17/229)[35m[mini.pairs] [0m[36m     clone[0m[90m | [0mReceiving objects:   8% (19/229)[35m[mini.pairs] [0m[36m     clone[0m[90m | [0mReceiving objects:   9% (21/229)[35m[mini.pairs] [0m[36m     clone[0m[90m | [0mReceiving objects:  10% (23/229)[35m[mini.pairs] [0m[36m     clone[0m[90m | [0mReceiving objects:  11% (26/229)[35m[blink.cmp] [0m[36m      clone[0m[90m | [0mReceiving objects:   3% (348/11581)[35m[mason-lspconfig.nvim] [0m[36mclone[0m[90m | [0mReceiving objects:   8% (175/2183)[35m[mason-lspconfig.nvim] [0m[36mclone[0m[90m | [0mReceiving objects:   9% (197/2183)[35m[ts-comments.nvim] [0m[36mclone[0m[90m | [0mremote: Enumerating objects: 364, done.        
[35m[ts-comments.nvim] [0m[36mclone[0m[90m | [0mremote: Counting objects:   5% (1/20)        [35m[ts-comments.nvim] [0m[36mclone[0m[90m | [0mremote: Counting objects:  10% (2/20)        [35m[ts-comments.nvim] [0m[36mclone[0m[90m | [0mremote: Counting objects:  15% (3/20)        [35m[ts-comments.nvim] [0m[36mclone[0m[90m | [0mremote: Counting objects:  20% (4/20)        [35m[ts-comments.nvim] [0m[36mclone[0m[90m | [0mremote: Counting objects:  25% (5/20)        [35m[ts-comments.nvim] [0m[36mclone[0m[90m | [0mremote: Counting objects:  30% (6/20)        [35m[ts-comments.nvim] [0m[36mclone[0m[90m | [0mremote: Counting objects:  35% (7/20)        [35m[ts-comments.nvim] [0m[36mclone[0m[90m | [0mremote: Counting objects:  40% (8/20)        [35m[ts-comments.nvim] [0m[36mclone[0m[90m | [0mremote: Counting objects:  45% (9/20)        [35m[ts-comments.nvim] [0m[36mclone[0m[90m | [0mremote: Counting objects:  50% (10/20)        [35m[ts-comments.nvim] [0m[36mclone[0m[90m | [0mremote: Counting objects:  55% (11/20)        [35m[ts-comments.nvim] [0m[36mclone[0m[90m | [0mremote: Counting objects:  60% (12/20)        [35m[ts-comments.nvim] [0m[36mclone[0m[90m | [0mremote: Counting objects:  65% (13/20)        [35m[ts-comments.nvim] [0m[36mclone[0m[90m | [0mremote: Counting objects:  70% (14/20)        [35m[ts-comments.nvim] [0m[36mclone[0m[90m | [0mremote: Counting objects:  75% (15/20)        [35m[ts-comments.nvim] [0m[36mclone[0m[90m | [0mremote: Counting objects:  80% (16/20)        [35m[ts-comments.nvim] [0m[36mclone[0m[90m | [0mremote: Counting objects:  85% (17/20)        [35m[ts-comments.nvim] [0m[36mclone[0m[90m | [0mremote: Counting objects:  90% (18/20)        [35m[ts-comments.nvim] [0m[36mclone[0m[90m | [0mremote: Counting objects:  95% (19/20)        [35m[ts-comments.nvim] [0m[36mclone[0m[90m | [0mremote: Counting objects: 100% (20/20)        [35m[ts-comments.nvim] [0m[36mclone[0m[90m | [0mremote: Counting objects: 100% (20/20), done.        
[35m[ts-comments.nvim] [0m[36mclone[0m[90m | [0mremote: Compressing objects:   6% (1/16)        [35m[ts-comments.nvim] [0m[36mclone[0m[90m | [0mremote: Compressing objects:  12% (2/16)        [35m[ts-comments.nvim] [0m[36mclone[0m[90m | [0mremote: Compressing objects:  18% (3/16)        [35m[ts-comments.nvim] [0m[36mclone[0m[90m | [0mremote: Compressing objects:  25% (4/16)        [35m[ts-comments.nvim] [0m[36mclone[0m[90m | [0mremote: Compressing objects:  31% (5/16)        [35m[ts-comments.nvim] [0m[36mclone[0m[90m | [0mremote: Compressing objects:  37% (6/16)        [35m[ts-comments.nvim] [0m[36mclone[0m[90m | [0mremote: Compressing objects:  43% (7/16)        [35m[ts-comments.nvim] [0m[36mclone[0m[90m | [0mremote: Compressing objects:  50% (8/16)        [35m[ts-comments.nvim] [0m[36mclone[0m[90m | [0mremote: Compressing objects:  56% (9/16)        [35m[ts-comments.nvim] [0m[36mclone[0m[90m | [0mremote: Compressing objects:  62% (10/16)        [35m[ts-comments.nvim] [0m[36mclone[0m[90m | [0mremote: Compressing objects:  68% (11/16)        [35m[ts-comments.nvim] [0m[36mclone[0m[90m | [0mremote: Compressing objects:  75% (12/16)        [35m[ts-comments.nvim] [0m[36mclone[0m[90m | [0mremote: Compressing objects:  81% (13/16)        [35m[ts-comments.nvim] [0m[36mclone[0m[90m | [0mremote: Compressing objects:  87% (14/16)        [35m[ts-comments.nvim] [0m[36mclone[0m[90m | [0mremote: Compressing objects:  93% (15/16)        [35m[ts-comments.nvim] [0m[36mclone[0m[90m | [0mremote: Compressing objects: 100% (16/16)        [35m[ts-comments.nvim] [0m[36mclone[0m[90m | [0mremote: Compressing objects: 100% (16/16), done.        
[35m[flash.nvim] [0m[36m     clone[0m[90m | [0mReceiving objects:  69% (1353/1960), 348.00 KiB | 674.00 KiB/s[35m[flash.nvim] [0m[36m     clone[0m[90m | [0mReceiving objects:  70% (1372/1960), 348.00 KiB | 674.00 KiB/s[35m[flash.nvim] [0m[36m     clone[0m[90m | [0mReceiving objects:  71% (1392/1960), 348.00 KiB | 674.00 KiB/s[35m[flash.nvim] [0m[36m     clone[0m[90m | [0mReceiving objects:  72% (1412/1960), 348.00 KiB | 674.00 KiB/s[35m[nvim-treesitter-textobjects] [0m[36mclone[0m[90m | [0mremote: Enumerating objects: 2906, done.        
[35m[nvim-treesitter-textobjects] [0m[36mclone[0m[90m | [0mremote: Counting objects:   7% (1/14)        [35m[nvim-treesitter-textobjects] [0m[36mclone[0m[90m | [0mremote: Counting objects:  14% (2/14)        [35m[nvim-treesitter-textobjects] [0m[36mclone[0m[90m | [0mremote: Counting objects:  21% (3/14)        [35m[nvim-treesitter-textobjects] [0m[36mclone[0m[90m | [0mremote: Counting objects:  28% (4/14)        [35m[nvim-treesitter-textobjects] [0m[36mclone[0m[90m | [0mremote: Counting objects:  35% (5/14)        [35m[nvim-treesitter-textobjects] [0m[36mclone[0m[90m | [0mremote: Counting objects:  42% (6/14)        [35m[nvim-treesitter-textobjects] [0m[36mclone[0m[90m | [0mremote: Counting objects:  50% (7/14)        [35m[nvim-treesitter-textobjects] [0m[36mclone[0m[90m | [0mremote: Counting objects:  57% (8/14)        [35m[nvim-treesitter-textobjects] [0m[36mclone[0m[90m | [0mremote: Counting objects:  64% (9/14)        [35m[nvim-treesitter-textobjects] [0m[36mclone[0m[90m | [0mremote: Counting objects:  71% (10/14)        [35m[nvim-treesitter-textobjects] [0m[36mclone[0m[90m | [0mremote: Counting objects:  78% (11/14)        [35m[nvim-treesitter-textobjects] [0m[36mclone[0m[90m | [0mremote: Counting objects:  85% (12/14)        [35m[nvim-treesitter-textobjects] [0m[36mclone[0m[90m | [0mremote: Counting objects:  92% (13/14)        [35m[nvim-treesitter-textobjects] [0m[36mclone[0m[90m | [0mremote: Counting objects: 100% (14/14)        [35m[nvim-treesitter-textobjects] [0m[36mclone[0m[90m | [0mremote: Counting objects: 100% (14/14), done.        
[35m[nvim-treesitter-textobjects] [0m[36mclone[0m[90m | [0mremote: Compressing objects:   8% (1/12)        [35m[nvim-treesitter-textobjects] [0m[36mclone[0m[90m | [0mremote: Compressing objects:  16% (2/12)        [35m[nvim-treesitter-textobjects] [0m[36mclone[0m[90m | [0mremote: Compressing objects:  25% (3/12)        [35m[nvim-treesitter-textobjects] [0m[36mclone[0m[90m | [0mremote: Compressing objects:  33% (4/12)        [35m[nvim-treesitter-textobjects] [0m[36mclone[0m[90m | [0mremote: Compressing objects:  41% (5/12)        [35m[nvim-treesitter-textobjects] [0m[36mclone[0m[90m | [0mremote: Compressing objects:  50% (6/12)        [35m[nvim-treesitter-textobjects] [0m[36mclone[0m[90m | [0mremote: Compressing objects:  58% (7/12)        [35m[nvim-treesitter-textobjects] [0m[36mclone[0m[90m | [0mremote: Compressing objects:  66% (8/12)        [35m[nvim-treesitter-textobjects] [0m[36mclone[0m[90m | [0mremote: Compressing objects:  75% (9/12)        [35m[nvim-treesitter-textobjects] [0m[36mclone[0m[90m | [0mremote: Compressing objects:  83% (10/12)        [35m[nvim-treesitter-textobjects] [0m[36mclone[0m[90m | [0mremote: Compressing objects:  91% (11/12)        [35m[nvim-treesitter-textobjects] [0m[36mclone[0m[90m | [0mremote: Compressing objects: 100% (12/12)        [35m[nvim-treesitter-textobjects] [0m[36mclone[0m[90m | [0mremote: Compressing objects: 100% (12/12), done.        
[35m[nvim-lint] [0m[36m      clone[0m[90m | [0mremote: Enumerating objects: 2684, done.        
[35m[nvim-lint] [0m[36m      clone[0m[90m | [0mremote: Counting objects:   0% (1/139)        [35m[nvim-lint] [0m[36m      clone[0m[90m | [0mremote: Counting objects:   1% (2/139)        [35m[nvim-lint] [0m[36m      clone[0m[90m | [0mremote: Counting objects:   2% (3/139)        [35m[nvim-lint] [0m[36m      clone[0m[90m | [0mremote: Counting objects:   3% (5/139)        [35m[nvim-lint] [0m[36m      clone[0m[90m | [0mremote: Counting objects:   4% (6/139)        [35m[nvim-lint] [0m[36m      clone[0m[90m | [0mremote: Counting objects:   5% (7/139)        [35m[nvim-lint] [0m[36m      clone[0m[90m | [0mremote: Counting objects:   6% (9/139)        [35m[nvim-lint] [0m[36m      clone[0m[90m | [0mremote: Counting objects:   7% (10/139)        [35m[nvim-lint] [0m[36m      clone[0m[90m | [0mremote: Counting objects:   8% (12/139)        [35m[nvim-lint] [0m[36m      clone[0m[90m | [0mremote: Counting objects:   9% (13/139)        [35m[nvim-lint] [0m[36m      clone[0m[90m | [0mremote: Counting objects:  10% (14/139)        [35m[nvim-lint] [0m[36m      clone[0m[90m | [0mremote: Counting objects:  11% (16/139)        [35m[nvim-lint] [0m[36m      clone[0m[90m | [0mremote: Counting objects:  12% (17/139)        [35m[nvim-lint] [0m[36m      clone[0m[90m | [0mremote: Counting objects:  13% (19/139)        [35m[nvim-lint] [0m[36m      clone[0m[90m | [0mremote: Counting objects:  14% (20/139)        [35m[nvim-lint] [0m[36m      clone[0m[90m | [0mremote: Counting objects:  15% (21/139)        [35m[nvim-lint] [0m[36m      clone[0m[90m | [0mremote: Counting objects:  16% (23/139)        [35m[nvim-lint] [0m[36m      clone[0m[90m | [0mremote: Counting objects:  17% (24/139)        [35m[nvim-lint] [0m[36m      clone[0m[90m | [0mremote: Counting objects:  18% (26/139)        [35m[nvim-lint] [0m[36m      clone[0m[90m | [0mremote: Counting objects:  19% (27/139)        [35m[nvim-lint] [0m[36m      clone[0m[90m | [0mremote: Counting objects:  20% (28/139)        [35m[nvim-lint] [0m[36m      clone[0m[90m | [0mremote: Counting objects:  21% (30/139)        [35m[nvim-lint] [0m[36m      clone[0m[90m | [0mremote: Counting objects:  22% (31/139)        [35m[nvim-lint] [0m[36m      clone[0m[90m | [0mremote: Counting objects:  23% (32/139)        [35m[nvim-lint] [0m[36m      clone[0m[90m | [0mremote: Counting objects:  24% (34/139)        [35m[nvim-lint] [0m[36m      clone[0m[90m | [0mremote: Counting objects:  25% (35/139)        [35m[nvim-lint] [0m[36m      clone[0m[90m | [0mremote: Counting objects:  26% (37/139)        [35m[nvim-lint] [0m[36m      clone[0m[90m | [0mremote: Counting objects:  27% (38/139)        [35m[nvim-lint] [0m[36m      clone[0m[90m | [0mremote: Counting objects:  28% (39/139)        [35m[nvim-lint] [0m[36m      clone[0m[90m | [0mremote: Counting objects:  29% (41/139)        [35m[nvim-lint] [0m[36m      clone[0m[90m | [0mremote: Counting objects:  30% (42/139)        [35m[nvim-lint] [0m[36m      clone[0m[90m | [0mremote: Counting objects:  31% (44/139)        [35m[nvim-lint] [0m[36m      clone[0m[90m | [0mremote: Counting objects:  32% (45/139)        [35m[nvim-lint] [0m[36m      clone[0m[90m | [0mremote: Counting objects:  33% (46/139)        [35m[nvim-lint] [0m[36m      clone[0m[90m | [0mremote: Counting objects:  34% (48/139)        [35m[nvim-lint] [0m[36m      clone[0m[90m | [0mremote: Counting objects:  35% (49/139)        [35m[nvim-lint] [0m[36m      clone[0m[90m | [0mremote: Counting objects:  36% (51/139)        [35m[nvim-lint] [0m[36m      clone[0m[90m | [0mremote: Counting objects:  37% (52/139)        [35m[nvim-lint] [0m[36m      clone[0m[90m | [0mremote: Counting objects:  38% (53/139)        [35m[nvim-lint] [0m[36m      clone[0m[90m | [0mremote: Counting objects:  39% (55/139)        [35m[nvim-lint] [0m[36m      clone[0m[90m | [0mremote: Counting objects:  40% (56/139)        [35m[nvim-lint] [0m[36m      clone[0m[90m | [0mremote: Counting objects:  41% (57/139)        [35m[nvim-lint] [0m[36m      clone[0m[90m | [0mremote: Counting objects:  42% (59/139)        [35m[nvim-lint] [0m[36m      clone[0m[90m | [0mremote: Counting objects:  43% (60/139)        [35m[nvim-lint] [0m[36m      clone[0m[90m | [0mremote: Counting objects:  44% (62/139)        [35m[nvim-lint] [0m[36m      clone[0m[90m | [0mremote: Counting objects:  45% (63/139)        [35m[nvim-lint] [0m[36m      clone[0m[90m | [0mremote: Counting objects:  46% (64/139)        [35m[nvim-lint] [0m[36m      clone[0m[90m | [0mremote: Counting objects:  47% (66/139)        [35m[nvim-lint] [0m[36m      clone[0m[90m | [0mremote: Counting objects:  48% (67/139)        [35m[nvim-lint] [0m[36m      clone[0m[90m | [0mremote: Counting objects:  49% (69/139)        [35m[nvim-lint] [0m[36m      clone[0m[90m | [0mremote: Counting objects:  50% (70/139)        [35m[nvim-lint] [0m[36m      clone[0m[90m | [0mremote: Counting objects:  51% (71/139)        [35m[nvim-lint] [0m[36m      clone[0m[90m | [0mremote: Counting objects:  52% (73/139)        [35m[nvim-lint] [0m[36m      clone[0m[90m | [0mremote: Counting objects:  53% (74/139)        [35m[nvim-lint] [0m[36m      clone[0m[90m | [0mremote: Counting objects:  54% (76/139)        [35m[nvim-lint] [0m[36m      clone[0m[90m | [0mremote: Counting objects:  55% (77/139)        [35m[nvim-lint] [0m[36m      clone[0m[90m | [0mremote: Counting objects:  56% (78/139)        [35m[nvim-lint] [0m[36m      clone[0m[90m | [0mremote: Counting objects:  57% (80/139)        [35m[nvim-lint] [0m[36m      clone[0m[90m | [0mremote: Counting objects:  58% (81/139)        [35m[nvim-lint] [0m[36m      clone[0m[90m | [0mremote: Counting objects:  59% (83/139)        [35m[nvim-lint] [0m[36m      clone[0m[90m | [0mremote: Counting objects:  60% (84/139)        [35m[nvim-lint] [0m[36m      clone[0m[90m | [0mremote: Counting objects:  61% (85/139)        [35m[nvim-lint] [0m[36m      clone[0m[90m | [0mremote: Counting objects:  62% (87/139)        [35m[nvim-lint] [0m[36m      clone[0m[90m | [0mremote: Counting objects:  63% (88/139)        [35m[nvim-lint] [0m[36m      clone[0m[90m | [0mremote: Counting objects:  64% (89/139)        [35m[nvim-lint] [0m[36m      clone[0m[90m | [0mremote: Counting objects:  65% (91/139)        [35m[nvim-lint] [0m[36m      clone[0m[90m | [0mremote: Counting objects:  66% (92/139)        [35m[nvim-lint] [0m[36m      clone[0m[90m | [0mremote: Counting objects:  67% (94/139)        [35m[nvim-lint] [0m[36m      clone[0m[90m | [0mremote: Counting objects:  68% (95/139)        [35m[nvim-lint] [0m[36m      clone[0m[90m | [0mremote: Counting objects:  69% (96/139)        [35m[nvim-lint] [0m[36m      clone[0m[90m | [0mremote: Counting objects:  70% (98/139)        [35m[nvim-lint] [0m[36m      clone[0m[90m | [0mremote: Counting objects:  71% (99/139)        [35m[nvim-lint] [0m[36m      clone[0m[90m | [0mremote: Counting objects:  72% (101/139)        [35m[nvim-lint] [0m[36m      clone[0m[90m | [0mremote: Counting objects:  73% (102/139)        [35m[nvim-lint] [0m[36m      clone[0m[90m | [0mremote: Counting objects:  74% (103/139)        [35m[nvim-lint] [0m[36m      clone[0m[90m | [0mremote: Counting objects:  75% (105/139)        [35m[nvim-lint] [0m[36m      clone[0m[90m | [0mremote: Counting objects:  76% (106/139)        [35m[nvim-lint] [0m[36m      clone[0m[90m | [0mremote: Counting objects:  77% (108/139)        [35m[nvim-lint] [0m[36m      clone[0m[90m | [0mremote: Counting objects:  78% (109/139)        [35m[nvim-lint] [0m[36m      clone[0m[90m | [0mremote: Counting objects:  79% (110/139)        [35m[nvim-lint] [0m[36m      clone[0m[90m | [0mremote: Counting objects:  80% (112/139)        [35m[nvim-lint] [0m[36m      clone[0m[90m | [0mremote: Counting objects:  81% (113/139)        [35m[nvim-lint] [0m[36m      clone[0m[90m | [0mremote: Counting objects:  82% (114/139)        [35m[nvim-lint] [0m[36m      clone[0m[90m | [0mremote: Counting objects:  83% (116/139)        [35m[nvim-lint] [0m[36m      clone[0m[90m | [0mremote: Counting objects:  84% (117/139)        [35m[nvim-lint] [0m[36m      clone[0m[90m | [0mremote: Counting objects:  85% (119/139)        [35m[nvim-lint] [0m[36m      clone[0m[90m | [0mremote: Counting objects:  86% (120/139)        [35m[nvim-lint] [0m[36m      clone[0m[90m | [0mremote: Counting objects:  87% (121/139)        [35m[nvim-lint] [0m[36m      clone[0m[90m | [0mremote: Counting objects:  88% (123/139)        [35m[nvim-lint] [0m[36m      clone[0m[90m | [0mremote: Counting objects:  89% (124/139)        [35m[nvim-lint] [0m[36m      clone[0m[90m | [0mremote: Counting objects:  90% (126/139)        [35m[nvim-lint] [0m[36m      clone[0m[90m | [0mremote: Counting objects:  91% (127/139)        [35m[nvim-lint] [0m[36m      clone[0m[90m | [0mremote: Counting objects:  92% (128/139)        [35m[nvim-lint] [0m[36m      clone[0m[90m | [0mremote: Counting objects:  93% (130/139)        [35m[nvim-lint] [0m[36m      clone[0m[90m | [0mremote: Counting objects:  94% (131/139)        [35m[nvim-lint] [0m[36m      clone[0m[90m | [0mremote: Counting objects:  95% (133/139)        [35m[nvim-lint] [0m[36m      clone[0m[90m | [0mremote: Counting objects:  96% (134/139)        [35m[nvim-lint] [0m[36m      clone[0m[90m | [0mremote: Counting objects:  97% (135/139)        [35m[nvim-lint] [0m[36m      clone[0m[90m | [0mremote: Counting objects:  98% (137/139)        [35m[nvim-lint] [0m[36m      clone[0m[90m | [0mremote: Counting objects:  99% (138/139)        [35m[nvim-lint] [0m[36m      clone[0m[90m | [0mremote: Counting objects: 100% (139/139)        [35m[nvim-lint] [0m[36m      clone[0m[90m | [0mremote: Counting objects: 100% (139/139), done.        
[35m[nvim-lint] [0m[36m      clone[0m[90m | [0mremote: Compressing objects:   1% (1/74)        [35m[nvim-lint] [0m[36m      clone[0m[90m | [0mremote: Compressing objects:   2% (2/74)        [35m[nvim-lint] [0m[36m      clone[0m[90m | [0mremote: Compressing objects:   4% (3/74)        [35m[nvim-lint] [0m[36m      clone[0m[90m | [0mremote: Compressing objects:   5% (4/74)        [35m[nvim-lint] [0m[36m      clone[0m[90m | [0mremote: Compressing objects:   6% (5/74)        [35m[nvim-lint] [0m[36m      clone[0m[90m | [0mremote: Compressing objects:   8% (6/74)        [35m[nvim-lint] [0m[36m      clone[0m[90m | [0mremote: Compressing objects:   9% (7/74)        [35m[nvim-lint] [0m[36m      clone[0m[90m | [0mremote: Compressing objects:  10% (8/74)        [35m[nvim-lint] [0m[36m      clone[0m[90m | [0mremote: Compressing objects:  12% (9/74)        [35m[nvim-lint] [0m[36m      clone[0m[90m | [0mremote: Compressing objects:  13% (10/74)        [35m[nvim-lint] [0m[36m      clone[0m[90m | [0mremote: Compressing objects:  14% (11/74)        [35m[nvim-lint] [0m[36m      clone[0m[90m | [0mremote: Compressing objects:  16% (12/74)        [35m[nvim-lint] [0m[36m      clone[0m[90m | [0mremote: Compressing objects:  17% (13/74)        [35m[nvim-lint] [0m[36m      clone[0m[90m | [0mremote: Compressing objects:  18% (14/74)        [35m[nvim-lint] [0m[36m      clone[0m[90m | [0mremote: Compressing objects:  20% (15/74)        [35m[nvim-lint] [0m[36m      clone[0m[90m | [0mremote: Compressing objects:  21% (16/74)        [35m[nvim-lint] [0m[36m      clone[0m[90m | [0mremote: Compressing objects:  22% (17/74)        [35m[nvim-lint] [0m[36m      clone[0m[90m | [0mremote: Compressing objects:  24% (18/74)        [35m[nvim-lint] [0m[36m      clone[0m[90m | [0mremote: Compressing objects:  25% (19/74)        [35m[nvim-lint] [0m[36m      clone[0m[90m | [0mremote: Compressing objects:  27% (20/74)        [35m[nvim-lint] [0m[36m      clone[0m[90m | [0mremote: Compressing objects:  28% (21/74)        [35m[nvim-lint] [0m[36m      clone[0m[90m | [0mremote: Compressing objects:  29% (22/74)        [35m[nvim-lint] [0m[36m      clone[0m[90m | [0mremote: Compressing objects:  31% (23/74)        [35m[nvim-lint] [0m[36m      clone[0m[90m | [0mremote: Compressing objects:  32% (24/74)        [35m[nvim-lint] [0m[36m      clone[0m[90m | [0mremote: Compressing objects:  33% (25/74)        [35m[nvim-lint] [0m[36m      clone[0m[90m | [0mremote: Compressing objects:  35% (26/74)        [35m[nvim-lint] [0m[36m      clone[0m[90m | [0mremote: Compressing objects:  36% (27/74)        [35m[nvim-lint] [0m[36m      clone[0m[90m | [0mremote: Compressing objects:  37% (28/74)        [35m[nvim-lint] [0m[36m      clone[0m[90m | [0mremote: Compressing objects:  39% (29/74)        [35m[nvim-lint] [0m[36m      clone[0m[90m | [0mremote: Compressing objects:  40% (30/74)        [35m[nvim-lint] [0m[36m      clone[0m[90m | [0mremote: Compressing objects:  41% (31/74)        [35m[nvim-lint] [0m[36m      clone[0m[90m | [0mremote: Compressing objects:  43% (32/74)        [35m[nvim-lint] [0m[36m      clone[0m[90m | [0mremote: Compressing objects:  44% (33/74)        [35m[nvim-lint] [0m[36m      clone[0m[90m | [0mremote: Compressing objects:  45% (34/74)        [35m[nvim-lint] [0m[36m      clone[0m[90m | [0mremote: Compressing objects:  47% (35/74)        [35m[nvim-lint] [0m[36m      clone[0m[90m | [0mremote: Compressing objects:  48% (36/74)        [35m[nvim-lint] [0m[36m      clone[0m[90m | [0mremote: Compressing objects:  50% (37/74)        [35m[nvim-lint] [0m[36m      clone[0m[90m | [0mremote: Compressing objects:  51% (38/74)        [35m[nvim-lint] [0m[36m      clone[0m[90m | [0mremote: Compressing objects:  52% (39/74)        [35m[nvim-lint] [0m[36m      clone[0m[90m | [0mremote: Compressing objects:  54% (40/74)        [35m[nvim-lint] [0m[36m      clone[0m[90m | [0mremote: Compressing objects:  55% (41/74)        [35m[nvim-lint] [0m[36m      clone[0m[90m | [0mremote: Compressing objects:  56% (42/74)        [35m[nvim-lint] [0m[36m      clone[0m[90m | [0mremote: Compressing objects:  58% (43/74)        [35m[nvim-lint] [0m[36m      clone[0m[90m | [0mremote: Compressing objects:  59% (44/74)        [35m[nvim-lint] [0m[36m      clone[0m[90m | [0mremote: Compressing objects:  60% (45/74)        [35m[nvim-lint] [0m[36m      clone[0m[90m | [0mremote: Compressing objects:  62% (46/74)        [35m[nvim-lint] [0m[36m      clone[0m[90m | [0mremote: Compressing objects:  63% (47/74)        [35m[nvim-lint] [0m[36m      clone[0m[90m | [0mremote: Compressing objects:  64% (48/74)        [35m[nvim-lint] [0m[36m      clone[0m[90m | [0mremote: Compressing objects:  66% (49/74)        [35m[nvim-lint] [0m[36m      clone[0m[90m | [0mremote: Compressing objects:  67% (50/74)        [35m[nvim-lint] [0m[36m      clone[0m[90m | [0mremote: Compressing objects:  68% (51/74)        [35m[nvim-lint] [0m[36m      clone[0m[90m | [0mremote: Compressing objects:  70% (52/74)        [35m[nvim-lint] [0m[36m      clone[0m[90m | [0mremote: Compressing objects:  71% (53/74)        [35m[nvim-lint] [0m[36m      clone[0m[90m | [0mremote: Compressing objects:  72% (54/74)        [35m[nvim-lint] [0m[36m      clone[0m[90m | [0mremote: Compressing objects:  74% (55/74)        [35m[nvim-lint] [0m[36m      clone[0m[90m | [0mremote: Compressing objects:  75% (56/74)        [35m[nvim-lint] [0m[36m      clone[0m[90m | [0mremote: Compressing objects:  77% (57/74)        [35m[nvim-lint] [0m[36m      clone[0m[90m | [0mremote: Compressing objects:  78% (58/74)        [35m[nvim-lint] [0m[36m      clone[0m[90m | [0mremote: Compressing objects:  79% (59/74)        [35m[nvim-lint] [0m[36m      clone[0m[90m | [0mremote: Compressing objects:  81% (60/74)        [35m[nvim-lint] [0m[36m      clone[0m[90m | [0mremote: Compressing objects:  82% (61/74)        [35m[nvim-lint] [0m[36m      clone[0m[90m | [0mremote: Compressing objects:  83% (62/74)        [35m[nvim-lint] [0m[36m      clone[0m[90m | [0mremote: Compressing objects:  85% (63/74)        [35m[nvim-lint] [0m[36m      clone[0m[90m | [0mremote: Compressing objects:  86% (64/74)        [35m[nvim-lint] [0m[36m      clone[0m[90m | [0mremote: Compressing objects:  87% (65/74)        [35m[nvim-lint] [0m[36m      clone[0m[90m | [0mremote: Compressing objects:  89% (66/74)        [35m[nvim-lint] [0m[36m      clone[0m[90m | [0mremote: Compressing objects:  90% (67/74)        [35m[nvim-lint] [0m[36m      clone[0m[90m | [0mremote: Compressing objects:  91% (68/74)        [35m[nvim-lint] [0m[36m      clone[0m[90m | [0mremote: Compressing objects:  93% (69/74)        [35m[nvim-lint] [0m[36m      clone[0m[90m | [0mremote: Compressing objects:  94% (70/74)        [35m[nvim-lint] [0m[36m      clone[0m[90m | [0mremote: Compressing objects:  95% (71/74)        [35m[nvim-lint] [0m[36m      clone[0m[90m | [0mremote: Compressing objects:  97% (72/74)        [35m[nvim-lint] [0m[36m      clone[0m[90m | [0mremote: Compressing objects:  98% (73/74)        [35m[nvim-lint] [0m[36m      clone[0m[90m | [0mremote: Compressing objects: 100% (74/74)        [35m[nvim-lint] [0m[36m      clone[0m[90m | [0mremote: Compressing objects: 100% (74/74), done.        
[35m[flash.nvim] [0m[36m     clone[0m[90m | [0mReceiving objects:  73% (1431/1960), 348.00 KiB | 674.00 KiB/s[35m[flash.nvim] [0m[36m     clone[0m[90m | [0mReceiving objects:  74% (1451/1960), 348.00 KiB | 674.00 KiB/s[35m[flash.nvim] [0m[36m     clone[0m[90m | [0mReceiving objects:  75% (1470/1960), 348.00 KiB | 674.00 KiB/s[35m[flash.nvim] [0m[36m     clone[0m[90m | [0mReceiving objects:  76% (1490/1960), 348.00 KiB | 674.00 KiB/s[35m[flash.nvim] [0m[36m     clone[0m[90m | [0mReceiving objects:  77% (1510/1960), 348.00 KiB | 674.00 KiB/s[35m[flash.nvim] [0m[36m     clone[0m[90m | [0mReceiving objects:  78% (1529/1960), 348.00 KiB | 674.00 KiB/s[35m[flash.nvim] [0m[36m     clone[0m[90m | [0mReceiving objects:  79% (1549/1960), 348.00 KiB | 674.00 KiB/s[35m[SchemaStore.nvim] [0m[36mclone[0m[90m | [0mReceiving objects:  67% (2748/4101), 316.00 KiB | 483.00 KiB/s[35m[SchemaStore.nvim] [0m[36mclone[0m[90m | [0mReceiving objects:  68% (2789/4101), 316.00 KiB | 483.00 KiB/s[35m[SchemaStore.nvim] [0m[36mclone[0m[90m | [0mReceiving objects:  69% (2830/4101), 316.00 KiB | 483.00 KiB/s[35m[SchemaStore.nvim] [0m[36mclone[0m[90m | [0mReceiving objects:  70% (2871/4101), 316.00 KiB | 483.00 KiB/s[35m[SchemaStore.nvim] [0m[36mclone[0m[90m | [0mReceiving objects:  71% (2912/4101), 316.00 KiB | 483.00 KiB/s[35m[SchemaStore.nvim] [0m[36mclone[0m[90m | [0mReceiving objects:  72% (2953/4101), 316.00 KiB | 483.00 KiB/s[35m[SchemaStore.nvim] [0m[36mclone[0m[90m | [0mReceiving objects:  73% (2994/4101), 316.00 KiB | 483.00 KiB/s[35m[SchemaStore.nvim] [0m[36mclone[0m[90m | [0mReceiving objects:  74% (3035/4101), 316.00 KiB | 483.00 KiB/s[35m[SchemaStore.nvim] [0m[36mclone[0m[90m | [0mReceiving objects:  75% (3076/4101), 316.00 KiB | 483.00 KiB/s[35m[SchemaStore.nvim] [0m[36mclone[0m[90m | [0mReceiving objects:  76% (3117/4101), 316.00 KiB | 483.00 KiB/s[35m[SchemaStore.nvim] [0m[36mclone[0m[90m | [0mReceiving objects:  77% (3158/4101), 316.00 KiB | 483.00 KiB/s[35m[SchemaStore.nvim] [0m[36mclone[0m[90m | [0mReceiving objects:  78% (3199/4101), 316.00 KiB | 483.00 KiB/s[35m[SchemaStore.nvim] [0m[36mclone[0m[90m | [0mReceiving objects:  79% (3240/4101), 316.00 KiB | 483.00 KiB/s[35m[SchemaStore.nvim] [0m[36mclone[0m[90m | [0mReceiving objects:  80% (3281/4101), 316.00 KiB | 483.00 KiB/s[35m[SchemaStore.nvim] [0m[36mclone[0m[90m | [0mReceiving objects:  81% (3322/4101), 316.00 KiB | 483.00 KiB/s[35m[SchemaStore.nvim] [0m[36mclone[0m[90m | [0mReceiving objects:  82% (3363/4101), 316.00 KiB | 483.00 KiB/s[35m[SchemaStore.nvim] [0m[36mclone[0m[90m | [0mReceiving objects:  83% (3404/4101), 316.00 KiB | 483.00 KiB/s[35m[SchemaStore.nvim] [0m[36mclone[0m[90m | [0mReceiving objects:  84% (3445/4101), 316.00 KiB | 483.00 KiB/s[35m[SchemaStore.nvim] [0m[36mclone[0m[90m | [0mReceiving objects:  85% (3486/4101), 316.00 KiB | 483.00 KiB/s[35m[SchemaStore.nvim] [0m[36mclone[0m[90m | [0mReceiving objects:  86% (3527/4101), 316.00 KiB | 483.00 KiB/s[35m[SchemaStore.nvim] [0m[36mclone[0m[90m | [0mReceiving objects:  87% (3568/4101), 316.00 KiB | 483.00 KiB/s[35m[SchemaStore.nvim] [0m[36mclone[0m[90m | [0mReceiving objects:  88% (3609/4101), 316.00 KiB | 483.00 KiB/s[35m[SchemaStore.nvim] [0m[36mclone[0m[90m | [0mReceiving objects:  89% (3650/4101), 316.00 KiB | 483.00 KiB/s[35m[SchemaStore.nvim] [0m[36mclone[0m[90m | [0mReceiving objects:  90% (3691/4101), 316.00 KiB | 483.00 KiB/s[35m[SchemaStore.nvim] [0m[36mclone[0m[90m | [0mReceiving objects:  91% (3732/4101), 316.00 KiB | 483.00 KiB/s[35m[SchemaStore.nvim] [0m[36mclone[0m[90m | [0mReceiving objects:  92% (3773/4101), 316.00 KiB | 483.00 KiB/s[35m[SchemaStore.nvim] [0m[36mclone[0m[90m | [0mReceiving objects:  93% (3814/4101), 316.00 KiB | 483.00 KiB/s[35m[SchemaStore.nvim] [0m[36mclone[0m[90m | [0mReceiving objects:  94% (3855/4101), 316.00 KiB | 483.00 KiB/s[35m[SchemaStore.nvim] [0m[36mclone[0m[90m | [0mReceiving objects:  95% (3896/4101), 316.00 KiB | 483.00 KiB/s[35m[SchemaStore.nvim] [0m[36mclone[0m[90m | [0mReceiving objects:  96% (3937/4101), 316.00 KiB | 483.00 KiB/s[35m[SchemaStore.nvim] [0m[36mclone[0m[90m | [0mReceiving objects:  97% (3978/4101), 316.00 KiB | 483.00 KiB/s[35m[SchemaStore.nvim] [0m[36mclone[0m[90m | [0mremote: Total 4101 (delta 457), reused 484 (delta 408), pack-reused 3563 (from 3)        
[35m[SchemaStore.nvim] [0m[36mclone[0m[90m | [0mReceiving objects:  98% (4019/4101), 316.00 KiB | 483.00 KiB/s[35m[SchemaStore.nvim] [0m[36mclone[0m[90m | [0mReceiving objects:  99% (4060/4101), 316.00 KiB | 483.00 KiB/s[35m[SchemaStore.nvim] [0m[36mclone[0m[90m | [0mReceiving objects: 100% (4101/4101), 316.00 KiB | 483.00 KiB/s[35m[SchemaStore.nvim] [0m[36mclone[0m[90m | [0mReceiving objects: 100% (4101/4101), 423.40 KiB | 642.00 KiB/s, done.
[35m[SchemaStore.nvim] [0m[36mclone[0m[90m | [0mResolving deltas:   0% (0/1395)[35m[SchemaStore.nvim] [0m[36mclone[0m[90m | [0mResolving deltas:   1% (14/1395)[35m[SchemaStore.nvim] [0m[36mclone[0m[90m | [0mResolving deltas:   2% (28/1395)[35m[SchemaStore.nvim] [0m[36mclone[0m[90m | [0mResolving deltas:   3% (43/1395)[35m[SchemaStore.nvim] [0m[36mclone[0m[90m | [0mResolving deltas:   4% (56/1395)[35m[SchemaStore.nvim] [0m[36mclone[0m[90m | [0mResolving deltas:   5% (70/1395)[35m[SchemaStore.nvim] [0m[36mclone[0m[90m | [0mResolving deltas:   6% (84/1395)[35m[SchemaStore.nvim] [0m[36mclone[0m[90m | [0mResolving deltas:   7% (98/1395)[35m[SchemaStore.nvim] [0m[36mclone[0m[90m | [0mResolving deltas:   8% (112/1395)[35m[nvim-treesitter-textobjects] [0m[36mclone[0m[90m | [0mReceiving objects:   0% (1/2906)[35m[SchemaStore.nvim] [0m[36mclone[0m[90m | [0mResolving deltas:   9% (126/1395)[35m[SchemaStore.nvim] [0m[36mclone[0m[90m | [0mResolving deltas:  10% (140/1395)[35m[SchemaStore.nvim] [0m[36mclone[0m[90m | [0mResolving deltas:  11% (154/1395)[35m[SchemaStore.nvim] [0m[36mclone[0m[90m | [0mResolving deltas:  12% (168/1395)[35m[SchemaStore.nvim] [0m[36mclone[0m[90m | [0mResolving deltas:  13% (185/1395)[35m[SchemaStore.nvim] [0m[36mclone[0m[90m | [0mResolving deltas:  14% (196/1395)[35m[SchemaStore.nvim] [0m[36mclone[0m[90m | [0mResolving deltas:  15% (210/1395)[35m[SchemaStore.nvim] [0m[36mclone[0m[90m | [0mResolving deltas:  16% (224/1395)[35m[SchemaStore.nvim] [0m[36mclone[0m[90m | [0mResolving deltas:  17% (238/1395)[35m[SchemaStore.nvim] [0m[36mclone[0m[90m | [0mResolving deltas:  18% (252/1395)[35m[SchemaStore.nvim] [0m[36mclone[0m[90m | [0mResolving deltas:  19% (266/1395)[35m[SchemaStore.nvim] [0m[36mclone[0m[90m | [0mResolving deltas:  20% (279/1395)[35m[SchemaStore.nvim] [0m[36mclone[0m[90m | [0mResolving deltas:  21% (293/1395)[35m[SchemaStore.nvim] [0m[36mclone[0m[90m | [0mResolving deltas:  22% (307/1395)[35m[SchemaStore.nvim] [0m[36mclone[0m[90m | [0mResolving deltas:  23% (321/1395)[35m[SchemaStore.nvim] [0m[36mclone[0m[90m | [0mResolving deltas:  24% (336/1395)[35m[SchemaStore.nvim] [0m[36mclone[0m[90m | [0mResolving deltas:  25% (349/1395)[35m[SchemaStore.nvim] [0m[36mclone[0m[90m | [0mResolving deltas:  26% (363/1395)[35m[SchemaStore.nvim] [0m[36mclone[0m[90m | [0mResolving deltas:  27% (377/1395)[35m[SchemaStore.nvim] [0m[36mclone[0m[90m | [0mResolving deltas:  28% (391/1395)[35m[SchemaStore.nvim] [0m[36mclone[0m[90m | [0mResolving deltas:  29% (405/1395)[35m[SchemaStore.nvim] [0m[36mclone[0m[90m | [0mResolving deltas:  30% (419/1395)[35m[SchemaStore.nvim] [0m[36mclone[0m[90m | [0mResolving deltas:  31% (433/1395)[35m[SchemaStore.nvim] [0m[36mclone[0m[90m | [0mResolving deltas:  32% (447/1395)[35m[SchemaStore.nvim] [0m[36mclone[0m[90m | [0mResolving deltas:  33% (461/1395)[35m[SchemaStore.nvim] [0m[36mclone[0m[90m | [0mResolving deltas:  34% (475/1395)[35m[SchemaStore.nvim] [0m[36mclone[0m[90m | [0mResolving deltas:  35% (489/1395)[35m[SchemaStore.nvim] [0m[36mclone[0m[90m | [0mResolving deltas:  36% (503/1395)[35m[SchemaStore.nvim] [0m[36mclone[0m[90m | [0mResolving deltas:  37% (517/1395)[35m[SchemaStore.nvim] [0m[36mclone[0m[90m | [0mResolving deltas:  38% (531/1395)[35m[SchemaStore.nvim] [0m[36mclone[0m[90m | [0mResolving deltas:  39% (545/1395)[35m[SchemaStore.nvim] [0m[36mclone[0m[90m | [0mResolving deltas:  40% (558/1395)[35m[SchemaStore.nvim] [0m[36mclone[0m[90m | [0mResolving deltas:  41% (573/1395)[35m[SchemaStore.nvim] [0m[36mclone[0m[90m | [0mResolving deltas:  42% (586/1395)[35m[SchemaStore.nvim] [0m[36mclone[0m[90m | [0mResolving deltas:  43% (600/1395)[35m[SchemaStore.nvim] [0m[36mclone[0m[90m | [0mResolving deltas:  44% (615/1395)[35m[SchemaStore.nvim] [0m[36mclone[0m[90m | [0mResolving deltas:  45% (628/1395)[35m[SchemaStore.nvim] [0m[36mclone[0m[90m | [0mResolving deltas:  46% (642/1395)[35m[SchemaStore.nvim] [0m[36mclone[0m[90m | [0mResolving deltas:  47% (656/1395)[35m[SchemaStore.nvim] [0m[36mclone[0m[90m | [0mResolving deltas:  48% (670/1395)[35m[SchemaStore.nvim] [0m[36mclone[0m[90m | [0mResolving deltas:  49% (684/1395)[35m[SchemaStore.nvim] [0m[36mclone[0m[90m | [0mResolving deltas:  50% (698/1395)[35m[SchemaStore.nvim] [0m[36mclone[0m[90m | [0mResolving deltas:  51% (712/1395)[35m[SchemaStore.nvim] [0m[36mclone[0m[90m | [0mResolving deltas:  52% (726/1395)[35m[SchemaStore.nvim] [0m[36mclone[0m[90m | [0mResolving deltas:  53% (740/1395)[35m[SchemaStore.nvim] [0m[36mclone[0m[90m | [0mResolving deltas:  54% (754/1395)[35m[SchemaStore.nvim] [0m[36mclone[0m[90m | [0mResolving deltas:  55% (768/1395)[35m[SchemaStore.nvim] [0m[36mclone[0m[90m | [0mResolving deltas:  56% (782/1395)[35m[SchemaStore.nvim] [0m[36mclone[0m[90m | [0mResolving deltas:  57% (796/1395)[35m[SchemaStore.nvim] [0m[36mclone[0m[90m | [0mResolving deltas:  58% (811/1395)[35m[SchemaStore.nvim] [0m[36mclone[0m[90m | [0mResolving deltas:  59% (824/1395)[35m[SchemaStore.nvim] [0m[36mclone[0m[90m | [0mResolving deltas:  60% (837/1395)[35m[SchemaStore.nvim] [0m[36mclone[0m[90m | [0mResolving deltas:  61% (851/1395)[35m[SchemaStore.nvim] [0m[36mclone[0m[90m | [0mResolving deltas:  62% (865/1395)[35m[SchemaStore.nvim] [0m[36mclone[0m[90m | [0mResolving deltas:  63% (880/1395)[35m[SchemaStore.nvim] [0m[36mclone[0m[90m | [0mResolving deltas:  64% (893/1395)[35m[SchemaStore.nvim] [0m[36mclone[0m[90m | [0mResolving deltas:  65% (907/1395)[35m[SchemaStore.nvim] [0m[36mclone[0m[90m | [0mResolving deltas:  66% (921/1395)[35m[SchemaStore.nvim] [0m[36mclone[0m[90m | [0mResolving deltas:  67% (936/1395)[35m[SchemaStore.nvim] [0m[36mclone[0m[90m | [0mResolving deltas:  68% (949/1395)[35m[SchemaStore.nvim] [0m[36mclone[0m[90m | [0mResolving deltas:  69% (963/1395)[35m[SchemaStore.nvim] [0m[36mclone[0m[90m | [0mResolving deltas:  70% (977/1395)[35m[SchemaStore.nvim] [0m[36mclone[0m[90m | [0mResolving deltas:  71% (991/1395)[35m[SchemaStore.nvim] [0m[36mclone[0m[90m | [0mResolving deltas:  72% (1007/1395)[35m[SchemaStore.nvim] [0m[36mclone[0m[90m | [0mResolving deltas:  73% (1019/1395)[35m[SchemaStore.nvim] [0m[36mclone[0m[90m | [0mResolving deltas:  74% (1033/1395)[35m[SchemaStore.nvim] [0m[36mclone[0m[90m | [0mResolving deltas:  75% (1047/1395)[35m[SchemaStore.nvim] [0m[36mclone[0m[90m | [0mResolving deltas:  76% (1061/1395)[35m[SchemaStore.nvim] [0m[36mclone[0m[90m | [0mResolving deltas:  77% (1075/1395)[35m[SchemaStore.nvim] [0m[36mclone[0m[90m | [0mResolving deltas:  78% (1089/1395)[35m[SchemaStore.nvim] [0m[36mclone[0m[90m | [0mResolving deltas:  79% (1103/1395)[35m[SchemaStore.nvim] [0m[36mclone[0m[90m | [0mResolving deltas:  80% (1116/1395)[35m[SchemaStore.nvim] [0m[36mclone[0m[90m | [0mResolving deltas:  81% (1130/1395)[35m[SchemaStore.nvim] [0m[36mclone[0m[90m | [0mResolving deltas:  82% (1144/1395)[35m[SchemaStore.nvim] [0m[36mclone[0m[90m | [0mResolving deltas:  83% (1158/1395)[35m[SchemaStore.nvim] [0m[36mclone[0m[90m | [0mResolving deltas:  84% (1172/1395)[35m[SchemaStore.nvim] [0m[36mclone[0m[90m | [0mResolving deltas:  85% (1186/1395)[35m[SchemaStore.nvim] [0m[36mclone[0m[90m | [0mResolving deltas:  86% (1200/1395)[35m[SchemaStore.nvim] [0m[36mclone[0m[90m | [0mResolving deltas:  87% (1215/1395)[35m[SchemaStore.nvim] [0m[36mclone[0m[90m | [0mResolving deltas:  88% (1228/1395)[35m[SchemaStore.nvim] [0m[36mclone[0m[90m | [0mResolving deltas:  89% (1242/1395)[35m[SchemaStore.nvim] [0m[36mclone[0m[90m | [0mResolving deltas:  90% (1256/1395)[35m[SchemaStore.nvim] [0m[36mclone[0m[90m | [0mResolving deltas:  91% (1270/1395)[35m[SchemaStore.nvim] [0m[36mclone[0m[90m | [0mResolving deltas:  92% (1284/1395)[35m[SchemaStore.nvim] [0m[36mclone[0m[90m | [0mResolving deltas:  93% (1298/1395)[35m[SchemaStore.nvim] [0m[36mclone[0m[90m | [0mResolving deltas:  94% (1312/1395)[35m[SchemaStore.nvim] [0m[36mclone[0m[90m | [0mResolving deltas:  95% (1327/1395)[35m[SchemaStore.nvim] [0m[36mclone[0m[90m | [0mResolving deltas:  96% (1340/1395)[35m[SchemaStore.nvim] [0m[36mclone[0m[90m | [0mResolving deltas:  97% (1354/1395)[35m[SchemaStore.nvim] [0m[36mclone[0m[90m | [0mResolving deltas:  98% (1369/1395)[35m[SchemaStore.nvim] [0m[36mclone[0m[90m | [0mResolving deltas:  99% (1382/1395)[35m[SchemaStore.nvim] [0m[36mclone[0m[90m | [0mResolving deltas: 100% (1395/1395)[35m[SchemaStore.nvim] [0m[36mclone[0m[90m | [0mResolving deltas: 100% (1395/1395), done.
[35m[flash.nvim] [0m[36m     clone[0m[90m | [0mReceiving objects:  80% (1568/1960), 348.00 KiB | 674.00 KiB/s[35m[flash.nvim] [0m[36m     clone[0m[90m | [0mReceiving objects:  81% (1588/1960), 348.00 KiB | 674.00 KiB/s[35m[flash.nvim] [0m[36m     clone[0m[90m | [0mReceiving objects:  82% (1608/1960), 348.00 KiB | 674.00 KiB/s[35m[flash.nvim] [0m[36m     clone[0m[90m | [0mReceiving objects:  83% (1627/1960), 348.00 KiB | 674.00 KiB/s[35m[flash.nvim] [0m[36m     clone[0m[90m | [0mReceiving objects:  84% (1647/1960), 348.00 KiB | 674.00 KiB/s[35m[flash.nvim] [0m[36m     clone[0m[90m | [0mReceiving objects:  85% (1666/1960), 348.00 KiB | 674.00 KiB/s[35m[flash.nvim] [0m[36m     clone[0m[90m | [0mReceiving objects:  86% (1686/1960), 348.00 KiB | 674.00 KiB/s[35m[grug-far.nvim] [0m[36m  clone[0m[90m | [0mReceiving objects:  14% (841/6002), 164.00 KiB | 281.00 KiB/s[35m[mini.ai] [0m[36m        clone[0m[90m | [0mReceiving objects:  23% (97/419)[35m[grug-far.nvim] [0m[36m  clone[0m[90m | [0mReceiving objects:  15% (901/6002), 164.00 KiB | 281.00 KiB/s[35m[mini.ai] [0m[36m        clone[0m[90m | [0mReceiving objects:  24% (101/419)[35m[mini.ai] [0m[36m        clone[0m[90m | [0mReceiving objects:  25% (105/419)[35m[mini.ai] [0m[36m        clone[0m[90m | [0mReceiving objects:  26% (109/419)[35m[mini.ai] [0m[36m        clone[0m[90m | [0mReceiving objects:  27% (114/419)[35m[mini.ai] [0m[36m        clone[0m[90m | [0mReceiving objects:  28% (118/419)[35m[mini.ai] [0m[36m        clone[0m[90m | [0mReceiving objects:  29% (122/419)[35m[mini.ai] [0m[36m        clone[0m[90m | [0mReceiving objects:  30% (126/419)[35m[mini.ai] [0m[36m        clone[0m[90m | [0mReceiving objects:  31% (130/419)[35m[mini.ai] [0m[36m        clone[0m[90m | [0mReceiving objects:  32% (135/419)[35m[mini.ai] [0m[36m        clone[0m[90m | [0mReceiving objects:  33% (139/419)[35m[mini.ai] [0m[36m        clone[0m[90m | [0mReceiving objects:  34% (143/419)[35m[mini.ai] [0m[36m        clone[0m[90m | [0mReceiving objects:  35% (147/419)[35m[mini.ai] [0m[36m        clone[0m[90m | [0mReceiving objects:  36% (151/419)[35m[flash.nvim] [0m[36m     clone[0m[90m | [0mReceiving objects:  87% (1706/1960), 348.00 KiB | 674.00 KiB/s[35m[flash.nvim] [0m[36m     clone[0m[90m | [0mReceiving objects:  88% (1725/1960), 348.00 KiB | 674.00 KiB/s[35m[flash.nvim] [0m[36m     clone[0m[90m | [0mReceiving objects:  89% (1745/1960), 348.00 KiB | 674.00 KiB/s[35m[flash.nvim] [0m[36m     clone[0m[90m | [0mReceiving objects:  90% (1764/1960), 348.00 KiB | 674.00 KiB/s[35m[flash.nvim] [0m[36m     clone[0m[90m | [0mReceiving objects:  91% (1784/1960), 348.00 KiB | 674.00 KiB/s[35m[flash.nvim] [0m[36m     clone[0m[90m | [0mReceiving objects:  92% (1804/1960), 348.00 KiB | 674.00 KiB/s[35m[flash.nvim] [0m[36m     clone[0m[90m | [0mReceiving objects:  93% (1823/1960), 348.00 KiB | 674.00 KiB/s[35m[flash.nvim] [0m[36m     clone[0m[90m | [0mReceiving objects:  94% (1843/1960), 348.00 KiB | 674.00 KiB/s[35m[mini.ai] [0m[36m        clone[0m[90m | [0mReceiving objects:  37% (156/419)[35m[nvim-lint] [0m[36m      clone[0m[90m | [0mReceiving objects:   0% (1/2684)[35m[mini.ai] [0m[36m        clone[0m[90m | [0mReceiving objects:  38% (160/419)[35m[mini.ai] [0m[36m        clone[0m[90m | [0mReceiving objects:  39% (164/419)[35m[mini.ai] [0m[36m        clone[0m[90m | [0mReceiving objects:  40% (168/419)[35m[mini.ai] [0m[36m        clone[0m[90m | [0mReceiving objects:  41% (172/419)[35m[mini.ai] [0m[36m        clone[0m[90m | [0mReceiving objects:  42% (176/419)[35m[mini.ai] [0m[36m        clone[0m[90m | [0mReceiving objects:  43% (181/419)[35m[mini.ai] [0m[36m        clone[0m[90m | [0mReceiving objects:  44% (185/419)[35m[mini.ai] [0m[36m        clone[0m[90m | [0mReceiving objects:  45% (189/419)[35m[mini.ai] [0m[36m        clone[0m[90m | [0mReceiving objects:  46% (193/419)[35m[mini.ai] [0m[36m        clone[0m[90m | [0mReceiving objects:  47% (197/419)[35m[mini.ai] [0m[36m        clone[0m[90m | [0mReceiving objects:  48% (202/419)[35m[mini.ai] [0m[36m        clone[0m[90m | [0mReceiving objects:  49% (206/419)[35m[mini.ai] [0m[36m        clone[0m[90m | [0mReceiving objects:  50% (210/419)[35m[mini.ai] [0m[36m        clone[0m[90m | [0mReceiving objects:  51% (214/419)[35m[mini.ai] [0m[36m        clone[0m[90m | [0mReceiving objects:  52% (218/419)[35m[mini.ai] [0m[36m        clone[0m[90m | [0mReceiving objects:  53% (223/419)[35m[mini.ai] [0m[36m        clone[0m[90m | [0mReceiving objects:  54% (227/419)[35m[mini.ai] [0m[36m        clone[0m[90m | [0mReceiving objects:  55% (231/419)[35m[mini.ai] [0m[36m        clone[0m[90m | [0mReceiving objects:  56% (235/419)[35m[mini.ai] [0m[36m        clone[0m[90m | [0mReceiving objects:  57% (239/419)[35m[mini.ai] [0m[36m        clone[0m[90m | [0mReceiving objects:  58% (244/419)[35m[mini.ai] [0m[36m        clone[0m[90m | [0mReceiving objects:  59% (248/419)[35m[mini.ai] [0m[36m        clone[0m[90m | [0mReceiving objects:  60% (252/419)[35m[mini.ai] [0m[36m        clone[0m[90m | [0mReceiving objects:  61% (256/419)[35m[mini.ai] [0m[36m        clone[0m[90m | [0mReceiving objects:  62% (260/419)[35m[mini.ai] [0m[36m        clone[0m[90m | [0mReceiving objects:  63% (264/419)[35m[mini.ai] [0m[36m        clone[0m[90m | [0mReceiving objects:  64% (269/419)[35m[mini.ai] [0m[36m        clone[0m[90m | [0mReceiving objects:  65% (273/419)[35m[mini.ai] [0m[36m        clone[0m[90m | [0mReceiving objects:  66% (277/419)[35m[mini.ai] [0m[36m        clone[0m[90m | [0mReceiving objects:  67% (281/419)[35m[mini.ai] [0m[36m        clone[0m[90m | [0mReceiving objects:  68% (285/419)[35m[mini.ai] [0m[36m        clone[0m[90m | [0mReceiving objects:  69% (290/419)[35m[mini.ai] [0m[36m        clone[0m[90m | [0mReceiving objects:  70% (294/419)[35m[mini.ai] [0m[36m        clone[0m[90m | [0mReceiving objects:  71% (298/419)[35m[mini.ai] [0m[36m        clone[0m[90m | [0mReceiving objects:  72% (302/419)[35m[mini.ai] [0m[36m        clone[0m[90m | [0mReceiving objects:  73% (306/419)[35m[mini.ai] [0m[36m        clone[0m[90m | [0mReceiving objects:  74% (311/419)[35m[nui.nvim] [0m[36m       clone[0m[90m | [0mReceiving objects:   0% (1/3072)[35m[nui.nvim] [0m[36m       clone[0m[90m | [0mReceiving objects:   1% (31/3072)[35m[nui.nvim] [0m[36m       clone[0m[90m | [0mReceiving objects:   2% (62/3072)[35m[nui.nvim] [0m[36m       clone[0m[90m | [0mReceiving objects:   3% (93/3072)[35m[nui.nvim] [0m[36m       clone[0m[90m | [0mReceiving objects:   4% (123/3072)[35m[nui.nvim] [0m[36m       clone[0m[90m | [0mReceiving objects:   5% (154/3072)[35m[mini.hipatterns] [0m[36mclone[0m[90m | [0mReceiving objects:   9% (19/210)[35m[mini.hipatterns] [0m[36mclone[0m[90m | [0mReceiving objects:  10% (21/210)[35m[mini.hipatterns] [0m[36mclone[0m[90m | [0mReceiving objects:  11% (24/210)[35m[mini.hipatterns] [0m[36mclone[0m[90m | [0mReceiving objects:  12% (26/210)[35m[mini.hipatterns] [0m[36mclone[0m[90m | [0mReceiving objects:  13% (28/210)[35m[mini.hipatterns] [0m[36mclone[0m[90m | [0mReceiving objects:  14% (30/210)[35m[mini.hipatterns] [0m[36mclone[0m[90m | [0mReceiving objects:  15% (32/210)[35m[mini.hipatterns] [0m[36mclone[0m[90m | [0mReceiving objects:  16% (34/210)[35m[mini.hipatterns] [0m[36mclone[0m[90m | [0mReceiving objects:  17% (36/210)[35m[mini.hipatterns] [0m[36mclone[0m[90m | [0mReceiving objects:  18% (38/210)[35m[mini.hipatterns] [0m[36mclone[0m[90m | [0mReceiving objects:  19% (40/210)[35m[mini.hipatterns] [0m[36mclone[0m[90m | [0mReceiving objects:  20% (42/210)[35m[mini.hipatterns] [0m[36mclone[0m[90m | [0mReceiving objects:  21% (45/210)[35m[mini.hipatterns] [0m[36mclone[0m[90m | [0mReceiving objects:  22% (47/210)[35m[mini.hipatterns] [0m[36mclone[0m[90m | [0mReceiving objects:  23% (49/210)[35m[mini.hipatterns] [0m[36mclone[0m[90m | [0mReceiving objects:  24% (51/210)[35m[mini.hipatterns] [0m[36mclone[0m[90m | [0mReceiving objects:  25% (53/210)[35m[mini.hipatterns] [0m[36mclone[0m[90m | [0mReceiving objects:  26% (55/210)[35m[mini.hipatterns] [0m[36mclone[0m[90m | [0mReceiving objects:  27% (57/210)[35m[mini.hipatterns] [0m[36mclone[0m[90m | [0mReceiving objects:  28% (59/210)[35m[mini.hipatterns] [0m[36mclone[0m[90m | [0mReceiving objects:  29% (61/210)[35m[mini.hipatterns] [0m[36mclone[0m[90m | [0mReceiving objects:  30% (63/210)[35m[mini.hipatterns] [0m[36mclone[0m[90m | [0mReceiving objects:  31% (66/210)[35m[mini.hipatterns] [0m[36mclone[0m[90m | [0mReceiving objects:  32% (68/210)[35m[mini.hipatterns] [0m[36mclone[0m[90m | [0mReceiving objects:  33% (70/210)[35m[mini.hipatterns] [0m[36mclone[0m[90m | [0mReceiving objects:  34% (72/210)[35m[mini.hipatterns] [0m[36mclone[0m[90m | [0mReceiving objects:  35% (74/210)[35m[flash.nvim] [0m[36m     clone[0m[90m | [0mremote: Total 1960 (delta 565), reused 546 (delta 544), pack-reused 1374 (from 3)        
[35m[flash.nvim] [0m[36m     clone[0m[90m | [0mReceiving objects:  95% (1862/1960), 348.00 KiB | 674.00 KiB/s[35m[flash.nvim] [0m[36m     clone[0m[90m | [0mReceiving objects:  96% (1882/1960), 348.00 KiB | 674.00 KiB/s[35m[flash.nvim] [0m[36m     clone[0m[90m | [0mReceiving objects:  97% (1902/1960), 348.00 KiB | 674.00 KiB/s[35m[mini.hipatterns] [0m[36mclone[0m[90m | [0mReceiving objects:  36% (76/210)[35m[mini.hipatterns] [0m[36mclone[0m[90m | [0mReceiving objects:  37% (78/210)[35m[mini.hipatterns] [0m[36mclone[0m[90m | [0mReceiving objects:  38% (80/210)[35m[mini.hipatterns] [0m[36mclone[0m[90m | [0mReceiving objects:  39% (82/210)[35m[mini.hipatterns] [0m[36mclone[0m[90m | [0mReceiving objects:  40% (84/210)[35m[mini.hipatterns] [0m[36mclone[0m[90m | [0mReceiving objects:  41% (87/210)[35m[mini.hipatterns] [0m[36mclone[0m[90m | [0mReceiving objects:  42% (89/210)[35m[mini.hipatterns] [0m[36mclone[0m[90m | [0mReceiving objects:  43% (91/210)[35m[mini.hipatterns] [0m[36mclone[0m[90m | [0mReceiving objects:  44% (93/210)[35m[mini.hipatterns] [0m[36mclone[0m[90m | [0mReceiving objects:  45% (95/210)[35m[mini.hipatterns] [0m[36mclone[0m[90m | [0mReceiving objects:  46% (97/210)[35m[mini.hipatterns] [0m[36mclone[0m[90m | [0mReceiving objects:  47% (99/210)[35m[mini.hipatterns] [0m[36mclone[0m[90m | [0mReceiving objects:  48% (101/210)[35m[flash.nvim] [0m[36m     clone[0m[90m | [0mReceiving objects:  98% (1921/1960), 348.00 KiB | 674.00 KiB/s[35m[flash.nvim] [0m[36m     clone[0m[90m | [0mReceiving objects:  99% (1941/1960), 348.00 KiB | 674.00 KiB/s[35m[flash.nvim] [0m[36m     clone[0m[90m | [0mReceiving objects: 100% (1960/1960), 348.00 KiB | 674.00 KiB/s[35m[mini.hipatterns] [0m[36mclone[0m[90m | [0mReceiving objects:  49% (103/210)[35m[mini.hipatterns] [0m[36mclone[0m[90m | [0mReceiving objects:  50% (105/210)[35m[flash.nvim] [0m[36m     clone[0m[90m | [0mReceiving objects: 100% (1960/1960), 446.36 KiB | 651.00 KiB/s, done.
[35m[flash.nvim] [0m[36m     clone[0m[90m | [0mResolving deltas:   0% (0/975)[35m[flash.nvim] [0m[36m     clone[0m[90m | [0mResolving deltas:   1% (10/975)[35m[flash.nvim] [0m[36m     clone[0m[90m | [0mResolving deltas:   2% (21/975)[35m[flash.nvim] [0m[36m     clone[0m[90m | [0mResolving deltas:   3% (30/975)[35m[flash.nvim] [0m[36m     clone[0m[90m | [0mResolving deltas:   4% (39/975)[35m[flash.nvim] [0m[36m     clone[0m[90m | [0mResolving deltas:   5% (49/975)[35m[flash.nvim] [0m[36m     clone[0m[90m | [0mResolving deltas:   6% (59/975)[35m[flash.nvim] [0m[36m     clone[0m[90m | [0mResolving deltas:   7% (70/975)[35m[flash.nvim] [0m[36m     clone[0m[90m | [0mResolving deltas:   8% (78/975)[35m[flash.nvim] [0m[36m     clone[0m[90m | [0mResolving deltas:   9% (88/975)[35m[flash.nvim] [0m[36m     clone[0m[90m | [0mResolving deltas:  10% (98/975)[35m[flash.nvim] [0m[36m     clone[0m[90m | [0mResolving deltas:  11% (108/975)[35m[flash.nvim] [0m[36m     clone[0m[90m | [0mResolving deltas:  12% (117/975)[35m[flash.nvim] [0m[36m     clone[0m[90m | [0mResolving deltas:  13% (128/975)[35m[flash.nvim] [0m[36m     clone[0m[90m | [0mResolving deltas:  14% (137/975)[35m[flash.nvim] [0m[36m     clone[0m[90m | [0mResolving deltas:  15% (147/975)[35m[flash.nvim] [0m[36m     clone[0m[90m | [0mResolving deltas:  16% (158/975)[35m[flash.nvim] [0m[36m     clone[0m[90m | [0mResolving deltas:  17% (166/975)[35m[flash.nvim] [0m[36m     clone[0m[90m | [0mResolving deltas:  18% (176/975)[35m[flash.nvim] [0m[36m     clone[0m[90m | [0mResolving deltas:  19% (186/975)[35m[flash.nvim] [0m[36m     clone[0m[90m | [0mResolving deltas:  20% (195/975)[35m[flash.nvim] [0m[36m     clone[0m[90m | [0mResolving deltas:  21% (207/975)[35m[flash.nvim] [0m[36m     clone[0m[90m | [0mResolving deltas:  22% (215/975)[35m[flash.nvim] [0m[36m     clone[0m[90m | [0mResolving deltas:  23% (225/975)[35m[flash.nvim] [0m[36m     clone[0m[90m | [0mResolving deltas:  24% (235/975)[35m[flash.nvim] [0m[36m     clone[0m[90m | [0mResolving deltas:  25% (244/975)[35m[flash.nvim] [0m[36m     clone[0m[90m | [0mResolving deltas:  26% (254/975)[35m[flash.nvim] [0m[36m     clone[0m[90m | [0mResolving deltas:  27% (265/975)[35m[flash.nvim] [0m[36m     clone[0m[90m | [0mResolving deltas:  28% (273/975)[35m[flash.nvim] [0m[36m     clone[0m[90m | [0mResolving deltas:  29% (284/975)[35m[flash.nvim] [0m[36m     clone[0m[90m | [0mResolving deltas:  30% (293/975)[35m[flash.nvim] [0m[36m     clone[0m[90m | [0mResolving deltas:  31% (303/975)[35m[flash.nvim] [0m[36m     clone[0m[90m | [0mResolving deltas:  32% (314/975)[35m[flash.nvim] [0m[36m     clone[0m[90m | [0mResolving deltas:  33% (322/975)[35m[flash.nvim] [0m[36m     clone[0m[90m | [0mResolving deltas:  34% (334/975)[35m[flash.nvim] [0m[36m     clone[0m[90m | [0mResolving deltas:  35% (342/975)[35m[flash.nvim] [0m[36m     clone[0m[90m | [0mResolving deltas:  36% (352/975)[35m[flash.nvim] [0m[36m     clone[0m[90m | [0mResolving deltas:  37% (361/975)[35m[flash.nvim] [0m[36m     clone[0m[90m | [0mResolving deltas:  38% (371/975)[35m[flash.nvim] [0m[36m     clone[0m[90m | [0mResolving deltas:  39% (382/975)[35m[flash.nvim] [0m[36m     clone[0m[90m | [0mResolving deltas:  40% (390/975)[35m[flash.nvim] [0m[36m     clone[0m[90m | [0mResolving deltas:  41% (400/975)[35m[flash.nvim] [0m[36m     clone[0m[90m | [0mResolving deltas:  42% (410/975)[35m[flash.nvim] [0m[36m     clone[0m[90m | [0mResolving deltas:  43% (420/975)[35m[flash.nvim] [0m[36m     clone[0m[90m | [0mResolving deltas:  44% (429/975)[35m[flash.nvim] [0m[36m     clone[0m[90m | [0mResolving deltas:  45% (439/975)[35m[flash.nvim] [0m[36m     clone[0m[90m | [0mResolving deltas:  46% (449/975)[35m[flash.nvim] [0m[36m     clone[0m[90m | [0mResolving deltas:  47% (459/975)[35m[flash.nvim] [0m[36m     clone[0m[90m | [0mResolving deltas:  48% (469/975)[35m[flash.nvim] [0m[36m     clone[0m[90m | [0mResolving deltas:  49% (478/975)[35m[flash.nvim] [0m[36m     clone[0m[90m | [0mResolving deltas:  50% (488/975)[35m[todo-comments.nvim] [0m[36mclone[0m[90m | [0mReceiving objects:   7% (54/769)[35m[todo-comments.nvim] [0m[36mclone[0m[90m | [0mReceiving objects:   8% (62/769)[35m[todo-comments.nvim] [0m[36mclone[0m[90m | [0mReceiving objects:   9% (70/769)[35m[flash.nvim] [0m[36m     clone[0m[90m | [0mResolving deltas:  51% (498/975)[35m[flash.nvim] [0m[36m     clone[0m[90m | [0mResolving deltas:  52% (508/975)[35m[flash.nvim] [0m[36m     clone[0m[90m | [0mResolving deltas:  53% (517/975)[35m[flash.nvim] [0m[36m     clone[0m[90m | [0mResolving deltas:  54% (527/975)[35m[flash.nvim] [0m[36m     clone[0m[90m | [0mResolving deltas:  55% (537/975)[35m[flash.nvim] [0m[36m     clone[0m[90m | [0mResolving deltas:  56% (546/975)[35m[flash.nvim] [0m[36m     clone[0m[90m | [0mResolving deltas:  57% (558/975)[35m[flash.nvim] [0m[36m     clone[0m[90m | [0mResolving deltas:  58% (566/975)[35m[flash.nvim] [0m[36m     clone[0m[90m | [0mResolving deltas:  59% (576/975)[35m[flash.nvim] [0m[36m     clone[0m[90m | [0mResolving deltas:  60% (585/975)[35m[flash.nvim] [0m[36m     clone[0m[90m | [0mResolving deltas:  61% (595/975)[35m[todo-comments.nvim] [0m[36mclone[0m[90m | [0mReceiving objects:  10% (77/769)[35m[todo-comments.nvim] [0m[36mclone[0m[90m | [0mReceiving objects:  11% (85/769)[35m[todo-comments.nvim] [0m[36mclone[0m[90m | [0mReceiving objects:  12% (93/769)[35m[flash.nvim] [0m[36m     clone[0m[90m | [0mResolving deltas:  62% (605/975)[35m[flash.nvim] [0m[36m     clone[0m[90m | [0mResolving deltas:  63% (617/975)[35m[flash.nvim] [0m[36m     clone[0m[90m | [0mResolving deltas:  64% (624/975)[35m[flash.nvim] [0m[36m     clone[0m[90m | [0mResolving deltas:  65% (634/975)[35m[flash.nvim] [0m[36m     clone[0m[90m | [0mResolving deltas:  66% (644/975)[35m[flash.nvim] [0m[36m     clone[0m[90m | [0mResolving deltas:  67% (655/975)[35m[flash.nvim] [0m[36m     clone[0m[90m | [0mResolving deltas:  68% (663/975)[35m[flash.nvim] [0m[36m     clone[0m[90m | [0mResolving deltas:  69% (673/975)[35m[flash.nvim] [0m[36m     clone[0m[90m | [0mResolving deltas:  70% (683/975)[35m[flash.nvim] [0m[36m     clone[0m[90m | [0mResolving deltas:  71% (696/975)[35m[flash.nvim] [0m[36m     clone[0m[90m | [0mResolving deltas:  72% (702/975)[35m[flash.nvim] [0m[36m     clone[0m[90m | [0mResolving deltas:  73% (712/975)[35m[flash.nvim] [0m[36m     clone[0m[90m | [0mResolving deltas:  74% (722/975)[35m[flash.nvim] [0m[36m     clone[0m[90m | [0mResolving deltas:  75% (732/975)[35m[todo-comments.nvim] [0m[36mclone[0m[90m | [0mReceiving objects:  13% (100/769)[35m[flash.nvim] [0m[36m     clone[0m[90m | [0mResolving deltas:  76% (741/975)[35m[flash.nvim] [0m[36m     clone[0m[90m | [0mResolving deltas:  77% (751/975)[35m[flash.nvim] [0m[36m     clone[0m[90m | [0mResolving deltas:  78% (762/975)[35m[flash.nvim] [0m[36m     clone[0m[90m | [0mResolving deltas:  79% (771/975)[35m[flash.nvim] [0m[36m     clone[0m[90m | [0mResolving deltas:  80% (781/975)[35m[flash.nvim] [0m[36m     clone[0m[90m | [0mResolving deltas:  81% (790/975)[35m[flash.nvim] [0m[36m     clone[0m[90m | [0mResolving deltas:  82% (802/975)[35m[flash.nvim] [0m[36m     clone[0m[90m | [0mResolving deltas:  83% (810/975)[35m[flash.nvim] [0m[36m     clone[0m[90m | [0mResolving deltas:  84% (819/975)[35m[flash.nvim] [0m[36m     clone[0m[90m | [0mResolving deltas:  85% (829/975)[35m[flash.nvim] [0m[36m     clone[0m[90m | [0mResolving deltas:  86% (840/975)[35m[flash.nvim] [0m[36m     clone[0m[90m | [0mResolving deltas:  87% (849/975)[35m[flash.nvim] [0m[36m     clone[0m[90m | [0mResolving deltas:  88% (858/975)[35m[flash.nvim] [0m[36m     clone[0m[90m | [0mResolving deltas:  89% (869/975)[35m[flash.nvim] [0m[36m     clone[0m[90m | [0mResolving deltas:  90% (878/975)[35m[flash.nvim] [0m[36m     clone[0m[90m | [0mResolving deltas:  91% (888/975)[35m[flash.nvim] [0m[36m     clone[0m[90m | [0mResolving deltas:  92% (897/975)[35m[flash.nvim] [0m[36m     clone[0m[90m | [0mResolving deltas:  93% (907/975)[35m[flash.nvim] [0m[36m     clone[0m[90m | [0mResolving deltas:  94% (917/975)[35m[flash.nvim] [0m[36m     clone[0m[90m | [0mResolving deltas:  95% (927/975)[35m[flash.nvim] [0m[36m     clone[0m[90m | [0mResolving deltas:  96% (936/975)[35m[flash.nvim] [0m[36m     clone[0m[90m | [0mResolving deltas:  97% (946/975)[35m[flash.nvim] [0m[36m     clone[0m[90m | [0mResolving deltas:  98% (956/975)[35m[flash.nvim] [0m[36m     clone[0m[90m | [0mResolving deltas:  99% (966/975)[35m[flash.nvim] [0m[36m     clone[0m[90m | [0mResolving deltas: 100% (975/975)[35m[flash.nvim] [0m[36m     clone[0m[90m | [0mResolving deltas: 100% (975/975), done.
[35m[lualine.nvim] [0m[36m   clone[0m[90m | [0mReceiving objects:   5% (180/3596), 84.01 KiB | 143.00 KiB/s[35m[lualine.nvim] [0m[36m   clone[0m[90m | [0mReceiving objects:   6% (216/3596), 84.01 KiB | 143.00 KiB/s[35m[mini.pairs] [0m[36m     clone[0m[90m | [0mReceiving objects:  12% (28/229)[35m[mini.pairs] [0m[36m     clone[0m[90m | [0mReceiving objects:  13% (30/229)[35m[mini.pairs] [0m[36m     clone[0m[90m | [0mReceiving objects:  14% (33/229)[35m[mini.pairs] [0m[36m     clone[0m[90m | [0mReceiving objects:  15% (35/229)[35m[mini.pairs] [0m[36m     clone[0m[90m | [0mReceiving objects:  16% (37/229)[35m[mini.pairs] [0m[36m     clone[0m[90m | [0mReceiving objects:  17% (39/229)[35m[mini.pairs] [0m[36m     clone[0m[90m | [0mReceiving objects:  18% (42/229)[35m[mini.pairs] [0m[36m     clone[0m[90m | [0mReceiving objects:  19% (44/229)[35m[mini.pairs] [0m[36m     clone[0m[90m | [0mReceiving objects:  20% (46/229)[35m[mini.pairs] [0m[36m     clone[0m[90m | [0mReceiving objects:  21% (49/229)[35m[mini.pairs] [0m[36m     clone[0m[90m | [0mReceiving objects:  22% (51/229)[35m[mini.pairs] [0m[36m     clone[0m[90m | [0mReceiving objects:  23% (53/229)[35m[mini.pairs] [0m[36m     clone[0m[90m | [0mReceiving objects:  24% (55/229)[35m[mini.pairs] [0m[36m     clone[0m[90m | [0mReceiving objects:  25% (58/229)[35m[mini.pairs] [0m[36m     clone[0m[90m | [0mReceiving objects:  26% (60/229)[35m[mini.pairs] [0m[36m     clone[0m[90m | [0mReceiving objects:  27% (62/229)[35m[todo-comments.nvim] [0m[36mclone[0m[90m | [0mReceiving objects:  14% (108/769)[35m[todo-comments.nvim] [0m[36mclone[0m[90m | [0mReceiving objects:  15% (116/769)[35m[mini.pairs] [0m[36m     clone[0m[90m | [0mReceiving objects:  28% (65/229)[35m[mini.pairs] [0m[36m     clone[0m[90m | [0mReceiving objects:  29% (67/229)[35m[mini.pairs] [0m[36m     clone[0m[90m | [0mReceiving objects:  30% (69/229)[35m[mini.pairs] [0m[36m     clone[0m[90m | [0mReceiving objects:  31% (71/229)[35m[mini.pairs] [0m[36m     clone[0m[90m | [0mReceiving objects:  32% (74/229)[35m[mini.pairs] [0m[36m     clone[0m[90m | [0mReceiving objects:  33% (76/229)[35m[mini.pairs] [0m[36m     clone[0m[90m | [0mReceiving objects:  34% (78/229)[35m[mini.pairs] [0m[36m     clone[0m[90m | [0mReceiving objects:  35% (81/229)[35m[mini.pairs] [0m[36m     clone[0m[90m | [0mReceiving objects:  36% (83/229)[35m[mini.pairs] [0m[36m     clone[0m[90m | [0mReceiving objects:  37% (85/229)[35m[mini.pairs] [0m[36m     clone[0m[90m | [0mReceiving objects:  38% (88/229)[35m[mini.pairs] [0m[36m     clone[0m[90m | [0mReceiving objects:  39% (90/229)[35m[mini.pairs] [0m[36m     clone[0m[90m | [0mReceiving objects:  40% (92/229)[35m[mini.pairs] [0m[36m     clone[0m[90m | [0mReceiving objects:  41% (94/229)[35m[mini.pairs] [0m[36m     clone[0m[90m | [0mReceiving objects:  42% (97/229)[35m[mini.pairs] [0m[36m     clone[0m[90m | [0mReceiving objects:  43% (99/229)[35m[mini.pairs] [0m[36m     clone[0m[90m | [0mReceiving objects:  44% (101/229)[35m[mini.pairs] [0m[36m     clone[0m[90m | [0mReceiving objects:  45% (104/229)[35m[mini.pairs] [0m[36m     clone[0m[90m | [0mReceiving objects:  46% (106/229)[35m[mini.pairs] [0m[36m     clone[0m[90m | [0mReceiving objects:  47% (108/229)[35m[mini.pairs] [0m[36m     clone[0m[90m | [0mReceiving objects:  48% (110/229)[35m[mini.pairs] [0m[36m     clone[0m[90m | [0mReceiving objects:  49% (113/229)[35m[mini.pairs] [0m[36m     clone[0m[90m | [0mReceiving objects:  50% (115/229)[35m[mini.pairs] [0m[36m     clone[0m[90m | [0mReceiving objects:  51% (117/229)[35m[mini.pairs] [0m[36m     clone[0m[90m | [0mReceiving objects:  52% (120/229)[35m[mini.pairs] [0m[36m     clone[0m[90m | [0mReceiving objects:  53% (122/229)[35m[lualine.nvim] [0m[36m   clone[0m[90m | [0mReceiving objects:   7% (252/3596), 84.01 KiB | 143.00 KiB/s[35m[mini.pairs] [0m[36m     clone[0m[90m | [0mReceiving objects:  54% (124/229)[35m[grug-far.nvim] [0m[36m  clone[0m[90m | [0mReceiving objects:  16% (961/6002), 164.00 KiB | 281.00 KiB/s[35m[lualine.nvim] [0m[36m   clone[0m[90m | [0mReceiving objects:   8% (288/3596), 84.01 KiB | 143.00 KiB/s[35m[grug-far.nvim] [0m[36m  clone[0m[90m | [0mReceiving objects:  17% (1021/6002), 164.00 KiB | 281.00 KiB/s[35m[lualine.nvim] [0m[36m   clone[0m[90m | [0mReceiving objects:   9% (324/3596), 84.01 KiB | 143.00 KiB/s[35m[grug-far.nvim] [0m[36m  clone[0m[90m | [0mReceiving objects:  18% (1081/6002), 164.00 KiB | 281.00 KiB/s[35m[grug-far.nvim] [0m[36m  clone[0m[90m | [0mReceiving objects:  19% (1141/6002), 164.00 KiB | 281.00 KiB/s[35m[lualine.nvim] [0m[36m   clone[0m[90m | [0mReceiving objects:  10% (360/3596), 84.01 KiB | 143.00 KiB/s[35m[lualine.nvim] [0m[36m   clone[0m[90m | [0mReceiving objects:  11% (396/3596), 84.01 KiB | 143.00 KiB/s[35m[lualine.nvim] [0m[36m   clone[0m[90m | [0mReceiving objects:  12% (432/3596), 84.01 KiB | 143.00 KiB/s[35m[trouble.nvim] [0m[36m   clone[0m[90m | [0mremote: Enumerating objects: 2940, done.        
[35m[trouble.nvim] [0m[36m   clone[0m[90m | [0mremote: Counting objects:   2% (1/42)        [35m[trouble.nvim] [0m[36m   clone[0m[90m | [0mremote: Counting objects:   4% (2/42)        [35m[trouble.nvim] [0m[36m   clone[0m[90m | [0mremote: Counting objects:   7% (3/42)        [35m[trouble.nvim] [0m[36m   clone[0m[90m | [0mremote: Counting objects:   9% (4/42)        [35m[trouble.nvim] [0m[36m   clone[0m[90m | [0mremote: Counting objects:  11% (5/42)        [35m[trouble.nvim] [0m[36m   clone[0m[90m | [0mremote: Counting objects:  14% (6/42)        [35m[trouble.nvim] [0m[36m   clone[0m[90m | [0mremote: Counting objects:  16% (7/42)        [35m[trouble.nvim] [0m[36m   clone[0m[90m | [0mremote: Counting objects:  19% (8/42)        [35m[trouble.nvim] [0m[36m   clone[0m[90m | [0mremote: Counting objects:  21% (9/42)        [35m[trouble.nvim] [0m[36m   clone[0m[90m | [0mremote: Counting objects:  23% (10/42)        [35m[trouble.nvim] [0m[36m   clone[0m[90m | [0mremote: Counting objects:  26% (11/42)        [35m[trouble.nvim] [0m[36m   clone[0m[90m | [0mremote: Counting objects:  28% (12/42)        [35m[trouble.nvim] [0m[36m   clone[0m[90m | [0mremote: Counting objects:  30% (13/42)        [35m[trouble.nvim] [0m[36m   clone[0m[90m | [0mremote: Counting objects:  33% (14/42)        [35m[trouble.nvim] [0m[36m   clone[0m[90m | [0mremote: Counting objects:  35% (15/42)        [35m[trouble.nvim] [0m[36m   clone[0m[90m | [0mremote: Counting objects:  38% (16/42)        [35m[trouble.nvim] [0m[36m   clone[0m[90m | [0mremote: Counting objects:  40% (17/42)        [35m[trouble.nvim] [0m[36m   clone[0m[90m | [0mremote: Counting objects:  42% (18/42)        [35m[trouble.nvim] [0m[36m   clone[0m[90m | [0mremote: Counting objects:  45% (19/42)        [35m[trouble.nvim] [0m[36m   clone[0m[90m | [0mremote: Counting objects:  47% (20/42)        [35m[trouble.nvim] [0m[36m   clone[0m[90m | [0mremote: Counting objects:  50% (21/42)        [35m[trouble.nvim] [0m[36m   clone[0m[90m | [0mremote: Counting objects:  52% (22/42)        [35m[trouble.nvim] [0m[36m   clone[0m[90m | [0mremote: Counting objects:  54% (23/42)        [35m[trouble.nvim] [0m[36m   clone[0m[90m | [0mremote: Counting objects:  57% (24/42)        [35m[trouble.nvim] [0m[36m   clone[0m[90m | [0mremote: Counting objects:  59% (25/42)        [35m[trouble.nvim] [0m[36m   clone[0m[90m | [0mremote: Counting objects:  61% (26/42)        [35m[trouble.nvim] [0m[36m   clone[0m[90m | [0mremote: Counting objects:  64% (27/42)        [35m[trouble.nvim] [0m[36m   clone[0m[90m | [0mremote: Counting objects:  66% (28/42)        [35m[trouble.nvim] [0m[36m   clone[0m[90m | [0mremote: Counting objects:  69% (29/42)        [35m[trouble.nvim] [0m[36m   clone[0m[90m | [0mremote: Counting objects:  71% (30/42)        [35m[trouble.nvim] [0m[36m   clone[0m[90m | [0mremote: Counting objects:  73% (31/42)        [35m[trouble.nvim] [0m[36m   clone[0m[90m | [0mremote: Counting objects:  76% (32/42)        [35m[trouble.nvim] [0m[36m   clone[0m[90m | [0mremote: Counting objects:  78% (33/42)        [35m[trouble.nvim] [0m[36m   clone[0m[90m | [0mremote: Counting objects:  80% (34/42)        [35m[trouble.nvim] [0m[36m   clone[0m[90m | [0mremote: Counting objects:  83% (35/42)        [35m[trouble.nvim] [0m[36m   clone[0m[90m | [0mremote: Counting objects:  85% (36/42)        [35m[trouble.nvim] [0m[36m   clone[0m[90m | [0mremote: Counting objects:  88% (37/42)        [35m[trouble.nvim] [0m[36m   clone[0m[90m | [0mremote: Counting objects:  90% (38/42)        [35m[trouble.nvim] [0m[36m   clone[0m[90m | [0mremote: Counting objects:  92% (39/42)        [35m[trouble.nvim] [0m[36m   clone[0m[90m | [0mremote: Counting objects:  95% (40/42)        [35m[trouble.nvim] [0m[36m   clone[0m[90m | [0mremote: Counting objects:  97% (41/42)        [35m[trouble.nvim] [0m[36m   clone[0m[90m | [0mremote: Counting objects: 100% (42/42)        [35m[trouble.nvim] [0m[36m   clone[0m[90m | [0mremote: Counting objects: 100% (42/42), done.        
[35m[trouble.nvim] [0m[36m   clone[0m[90m | [0mremote: Compressing objects:   4% (1/25)        [35m[trouble.nvim] [0m[36m   clone[0m[90m | [0mremote: Compressing objects:   8% (2/25)        [35m[trouble.nvim] [0m[36m   clone[0m[90m | [0mremote: Compressing objects:  12% (3/25)        [35m[trouble.nvim] [0m[36m   clone[0m[90m | [0mremote: Compressing objects:  16% (4/25)        [35m[trouble.nvim] [0m[36m   clone[0m[90m | [0mremote: Compressing objects:  20% (5/25)        [35m[trouble.nvim] [0m[36m   clone[0m[90m | [0mremote: Compressing objects:  24% (6/25)        [35m[trouble.nvim] [0m[36m   clone[0m[90m | [0mremote: Compressing objects:  28% (7/25)        [35m[trouble.nvim] [0m[36m   clone[0m[90m | [0mremote: Compressing objects:  32% (8/25)        [35m[trouble.nvim] [0m[36m   clone[0m[90m | [0mremote: Compressing objects:  36% (9/25)        [35m[trouble.nvim] [0m[36m   clone[0m[90m | [0mremote: Compressing objects:  40% (10/25)        [35m[trouble.nvim] [0m[36m   clone[0m[90m | [0mremote: Compressing objects:  44% (11/25)        [35m[trouble.nvim] [0m[36m   clone[0m[90m | [0mremote: Compressing objects:  48% (12/25)        [35m[trouble.nvim] [0m[36m   clone[0m[90m | [0mremote: Compressing objects:  52% (13/25)        [35m[trouble.nvim] [0m[36m   clone[0m[90m | [0mremote: Compressing objects:  56% (14/25)        [35m[trouble.nvim] [0m[36m   clone[0m[90m | [0mremote: Compressing objects:  60% (15/25)        [35m[trouble.nvim] [0m[36m   clone[0m[90m | [0mremote: Compressing objects:  64% (16/25)        [35m[trouble.nvim] [0m[36m   clone[0m[90m | [0mremote: Compressing objects:  68% (17/25)        [35m[trouble.nvim] [0m[36m   clone[0m[90m | [0mremote: Compressing objects:  72% (18/25)        [35m[trouble.nvim] [0m[36m   clone[0m[90m | [0mremote: Compressing objects:  76% (19/25)        [35m[trouble.nvim] [0m[36m   clone[0m[90m | [0mremote: Compressing objects:  80% (20/25)        [35m[trouble.nvim] [0m[36m   clone[0m[90m | [0mremote: Compressing objects:  84% (21/25)        [35m[trouble.nvim] [0m[36m   clone[0m[90m | [0mremote: Compressing objects:  88% (22/25)        [35m[trouble.nvim] [0m[36m   clone[0m[90m | [0mremote: Compressing objects:  92% (23/25)        [35m[trouble.nvim] [0m[36m   clone[0m[90m | [0mremote: Compressing objects:  96% (24/25)        [35m[trouble.nvim] [0m[36m   clone[0m[90m | [0mremote: Compressing objects: 100% (25/25)        [35m[trouble.nvim] [0m[36m   clone[0m[90m | [0mremote: Compressing objects: 100% (25/25), done.        
[35m[noice.nvim] [0m[36m     clone[0m[90m | [0mReceiving objects:   1% (59/5871)[35m[yanky.nvim] [0m[36m     clone[0m[90m | [0mremote: Enumerating objects: 677, done.        
[35m[yanky.nvim] [0m[36m     clone[0m[90m | [0mremote: Counting objects:   0% (1/114)        [35m[yanky.nvim] [0m[36m     clone[0m[90m | [0mremote: Counting objects:   1% (2/114)        [35m[yanky.nvim] [0m[36m     clone[0m[90m | [0mremote: Counting objects:   2% (3/114)        [35m[yanky.nvim] [0m[36m     clone[0m[90m | [0mremote: Counting objects:   3% (4/114)        [35m[yanky.nvim] [0m[36m     clone[0m[90m | [0mremote: Counting objects:   4% (5/114)        [35m[yanky.nvim] [0m[36m     clone[0m[90m | [0mremote: Counting objects:   5% (6/114)        [35m[yanky.nvim] [0m[36m     clone[0m[90m | [0mremote: Counting objects:   6% (7/114)        [35m[yanky.nvim] [0m[36m     clone[0m[90m | [0mremote: Counting objects:   7% (8/114)        [35m[yanky.nvim] [0m[36m     clone[0m[90m | [0mremote: Counting objects:   8% (10/114)        [35m[yanky.nvim] [0m[36m     clone[0m[90m | [0mremote: Counting objects:   9% (11/114)        [35m[yanky.nvim] [0m[36m     clone[0m[90m | [0mremote: Counting objects:  10% (12/114)        [35m[yanky.nvim] [0m[36m     clone[0m[90m | [0mremote: Counting objects:  11% (13/114)        [35m[yanky.nvim] [0m[36m     clone[0m[90m | [0mremote: Counting objects:  12% (14/114)        [35m[yanky.nvim] [0m[36m     clone[0m[90m | [0mremote: Counting objects:  13% (15/114)        [35m[yanky.nvim] [0m[36m     clone[0m[90m | [0mremote: Counting objects:  14% (16/114)        [35m[yanky.nvim] [0m[36m     clone[0m[90m | [0mremote: Counting objects:  15% (18/114)        [35m[yanky.nvim] [0m[36m     clone[0m[90m | [0mremote: Counting objects:  16% (19/114)        [35m[yanky.nvim] [0m[36m     clone[0m[90m | [0mremote: Counting objects:  17% (20/114)        [35m[yanky.nvim] [0m[36m     clone[0m[90m | [0mremote: Counting objects:  18% (21/114)        [35m[yanky.nvim] [0m[36m     clone[0m[90m | [0mremote: Counting objects:  19% (22/114)        [35m[yanky.nvim] [0m[36m     clone[0m[90m | [0mremote: Counting objects:  20% (23/114)        [35m[yanky.nvim] [0m[36m     clone[0m[90m | [0mremote: Counting objects:  21% (24/114)        [35m[yanky.nvim] [0m[36m     clone[0m[90m | [0mremote: Counting objects:  22% (26/114)        [35m[yanky.nvim] [0m[36m     clone[0m[90m | [0mremote: Counting objects:  23% (27/114)        [35m[yanky.nvim] [0m[36m     clone[0m[90m | [0mremote: Counting objects:  24% (28/114)        [35m[yanky.nvim] [0m[36m     clone[0m[90m | [0mremote: Counting objects:  25% (29/114)        [35m[yanky.nvim] [0m[36m     clone[0m[90m | [0mremote: Counting objects:  26% (30/114)        [35m[yanky.nvim] [0m[36m     clone[0m[90m | [0mremote: Counting objects:  27% (31/114)        [35m[yanky.nvim] [0m[36m     clone[0m[90m | [0mremote: Counting objects:  28% (32/114)        [35m[yanky.nvim] [0m[36m     clone[0m[90m | [0mremote: Counting objects:  29% (34/114)        [35m[yanky.nvim] [0m[36m     clone[0m[90m | [0mremote: Counting objects:  30% (35/114)        [35m[yanky.nvim] [0m[36m     clone[0m[90m | [0mremote: Counting objects:  31% (36/114)        [35m[yanky.nvim] [0m[36m     clone[0m[90m | [0mremote: Counting objects:  32% (37/114)        [35m[yanky.nvim] [0m[36m     clone[0m[90m | [0mremote: Counting objects:  33% (38/114)        [35m[yanky.nvim] [0m[36m     clone[0m[90m | [0mremote: Counting objects:  34% (39/114)        [35m[yanky.nvim] [0m[36m     clone[0m[90m | [0mremote: Counting objects:  35% (40/114)        [35m[yanky.nvim] [0m[36m     clone[0m[90m | [0mremote: Counting objects:  36% (42/114)        [35m[yanky.nvim] [0m[36m     clone[0m[90m | [0mremote: Counting objects:  37% (43/114)        [35m[yanky.nvim] [0m[36m     clone[0m[90m | [0mremote: Counting objects:  38% (44/114)        [35m[yanky.nvim] [0m[36m     clone[0m[90m | [0mremote: Counting objects:  39% (45/114)        [35m[yanky.nvim] [0m[36m     clone[0m[90m | [0mremote: Counting objects:  40% (46/114)        [35m[yanky.nvim] [0m[36m     clone[0m[90m | [0mremote: Counting objects:  41% (47/114)        [35m[yanky.nvim] [0m[36m     clone[0m[90m | [0mremote: Counting objects:  42% (48/114)        [35m[yanky.nvim] [0m[36m     clone[0m[90m | [0mremote: Counting objects:  43% (50/114)        [35m[yanky.nvim] [0m[36m     clone[0m[90m | [0mremote: Counting objects:  44% (51/114)        [35m[yanky.nvim] [0m[36m     clone[0m[90m | [0mremote: Counting objects:  45% (52/114)        [35m[yanky.nvim] [0m[36m     clone[0m[90m | [0mremote: Counting objects:  46% (53/114)        [35m[yanky.nvim] [0m[36m     clone[0m[90m | [0mremote: Counting objects:  47% (54/114)        [35m[yanky.nvim] [0m[36m     clone[0m[90m | [0mremote: Counting objects:  48% (55/114)        [35m[yanky.nvim] [0m[36m     clone[0m[90m | [0mremote: Counting objects:  49% (56/114)        [35m[yanky.nvim] [0m[36m     clone[0m[90m | [0mremote: Counting objects:  50% (57/114)        [35m[yanky.nvim] [0m[36m     clone[0m[90m | [0mremote: Counting objects:  51% (59/114)        [35m[yanky.nvim] [0m[36m     clone[0m[90m | [0mremote: Counting objects:  52% (60/114)        [35m[yanky.nvim] [0m[36m     clone[0m[90m | [0mremote: Counting objects:  53% (61/114)        [35m[yanky.nvim] [0m[36m     clone[0m[90m | [0mremote: Counting objects:  54% (62/114)        [35m[yanky.nvim] [0m[36m     clone[0m[90m | [0mremote: Counting objects:  55% (63/114)        [35m[yanky.nvim] [0m[36m     clone[0m[90m | [0mremote: Counting objects:  56% (64/114)        [35m[yanky.nvim] [0m[36m     clone[0m[90m | [0mremote: Counting objects:  57% (65/114)        [35m[yanky.nvim] [0m[36m     clone[0m[90m | [0mremote: Counting objects:  58% (67/114)        [35m[yanky.nvim] [0m[36m     clone[0m[90m | [0mremote: Counting objects:  59% (68/114)        [35m[yanky.nvim] [0m[36m     clone[0m[90m | [0mremote: Counting objects:  60% (69/114)        [35m[yanky.nvim] [0m[36m     clone[0m[90m | [0mremote: Counting objects:  61% (70/114)        [35m[yanky.nvim] [0m[36m     clone[0m[90m | [0mremote: Counting objects:  62% (71/114)        [35m[yanky.nvim] [0m[36m     clone[0m[90m | [0mremote: Counting objects:  63% (72/114)        [35m[yanky.nvim] [0m[36m     clone[0m[90m | [0mremote: Counting objects:  64% (73/114)        [35m[yanky.nvim] [0m[36m     clone[0m[90m | [0mremote: Counting objects:  65% (75/114)        [35m[yanky.nvim] [0m[36m     clone[0m[90m | [0mremote: Counting objects:  66% (76/114)        [35m[yanky.nvim] [0m[36m     clone[0m[90m | [0mremote: Counting objects:  67% (77/114)        [35m[yanky.nvim] [0m[36m     clone[0m[90m | [0mremote: Counting objects:  68% (78/114)        [35m[yanky.nvim] [0m[36m     clone[0m[90m | [0mremote: Counting objects:  69% (79/114)        [35m[yanky.nvim] [0m[36m     clone[0m[90m | [0mremote: Counting objects:  70% (80/114)        [35m[yanky.nvim] [0m[36m     clone[0m[90m | [0mremote: Counting objects:  71% (81/114)        [35m[yanky.nvim] [0m[36m     clone[0m[90m | [0mremote: Counting objects:  72% (83/114)        [35m[yanky.nvim] [0m[36m     clone[0m[90m | [0mremote: Counting objects:  73% (84/114)        [35m[yanky.nvim] [0m[36m     clone[0m[90m | [0mremote: Counting objects:  74% (85/114)        [35m[yanky.nvim] [0m[36m     clone[0m[90m | [0mremote: Counting objects:  75% (86/114)        [35m[yanky.nvim] [0m[36m     clone[0m[90m | [0mremote: Counting objects:  76% (87/114)        [35m[yanky.nvim] [0m[36m     clone[0m[90m | [0mremote: Counting objects:  77% (88/114)        [35m[yanky.nvim] [0m[36m     clone[0m[90m | [0mremote: Counting objects:  78% (89/114)        [35m[yanky.nvim] [0m[36m     clone[0m[90m | [0mremote: Counting objects:  79% (91/114)        [35m[yanky.nvim] [0m[36m     clone[0m[90m | [0mremote: Counting objects:  80% (92/114)        [35m[yanky.nvim] [0m[36m     clone[0m[90m | [0mremote: Counting objects:  81% (93/114)        [35m[yanky.nvim] [0m[36m     clone[0m[90m | [0mremote: Counting objects:  82% (94/114)        [35m[yanky.nvim] [0m[36m     clone[0m[90m | [0mremote: Counting objects:  83% (95/114)        [35m[yanky.nvim] [0m[36m     clone[0m[90m | [0mremote: Counting objects:  84% (96/114)        [35m[yanky.nvim] [0m[36m     clone[0m[90m | [0mremote: Counting objects:  85% (97/114)        [35m[yanky.nvim] [0m[36m     clone[0m[90m | [0mremote: Counting objects:  86% (99/114)        [35m[yanky.nvim] [0m[36m     clone[0m[90m | [0mremote: Counting objects:  87% (100/114)        [35m[yanky.nvim] [0m[36m     clone[0m[90m | [0mremote: Counting objects:  88% (101/114)        [35m[yanky.nvim] [0m[36m     clone[0m[90m | [0mremote: Counting objects:  89% (102/114)        [35m[yanky.nvim] [0m[36m     clone[0m[90m | [0mremote: Counting objects:  90% (103/114)        [35m[yanky.nvim] [0m[36m     clone[0m[90m | [0mremote: Counting objects:  91% (104/114)        [35m[yanky.nvim] [0m[36m     clone[0m[90m | [0mremote: Counting objects:  92% (105/114)        [35m[yanky.nvim] [0m[36m     clone[0m[90m | [0mremote: Counting objects:  93% (107/114)        [35m[yanky.nvim] [0m[36m     clone[0m[90m | [0mremote: Counting objects:  94% (108/114)        [35m[yanky.nvim] [0m[36m     clone[0m[90m | [0mremote: Counting objects:  95% (109/114)        [35m[yanky.nvim] [0m[36m     clone[0m[90m | [0mremote: Counting objects:  96% (110/114)        [35m[yanky.nvim] [0m[36m     clone[0m[90m | [0mremote: Counting objects:  97% (111/114)        [35m[yanky.nvim] [0m[36m     clone[0m[90m | [0mremote: Counting objects:  98% (112/114)        [35m[yanky.nvim] [0m[36m     clone[0m[90m | [0mremote: Counting objects:  99% (113/114)        [35m[yanky.nvim] [0m[36m     clone[0m[90m | [0mremote: Counting objects: 100% (114/114)        [35m[yanky.nvim] [0m[36m     clone[0m[90m | [0mremote: Counting objects: 100% (114/114), done.        
[35m[yanky.nvim] [0m[36m     clone[0m[90m | [0mremote: Compressing objects:   1% (1/54)        [35m[yanky.nvim] [0m[36m     clone[0m[90m | [0mremote: Compressing objects:   3% (2/54)        [35m[yanky.nvim] [0m[36m     clone[0m[90m | [0mremote: Compressing objects:   5% (3/54)        [35m[yanky.nvim] [0m[36m     clone[0m[90m | [0mremote: Compressing objects:   7% (4/54)        [35m[yanky.nvim] [0m[36m     clone[0m[90m | [0mremote: Compressing objects:   9% (5/54)        [35m[yanky.nvim] [0m[36m     clone[0m[90m | [0mremote: Compressing objects:  11% (6/54)        [35m[yanky.nvim] [0m[36m     clone[0m[90m | [0mremote: Compressing objects:  12% (7/54)        [35m[yanky.nvim] [0m[36m     clone[0m[90m | [0mremote: Compressing objects:  14% (8/54)        [35m[yanky.nvim] [0m[36m     clone[0m[90m | [0mremote: Compressing objects:  16% (9/54)        [35m[yanky.nvim] [0m[36m     clone[0m[90m | [0mremote: Compressing objects:  18% (10/54)        [35m[yanky.nvim] [0m[36m     clone[0m[90m | [0mremote: Compressing objects:  20% (11/54)        [35m[yanky.nvim] [0m[36m     clone[0m[90m | [0mremote: Compressing objects:  22% (12/54)        [35m[yanky.nvim] [0m[36m     clone[0m[90m | [0mremote: Compressing objects:  24% (13/54)        [35m[yanky.nvim] [0m[36m     clone[0m[90m | [0mremote: Compressing objects:  25% (14/54)        [35m[yanky.nvim] [0m[36m     clone[0m[90m | [0mremote: Compressing objects:  27% (15/54)        [35m[yanky.nvim] [0m[36m     clone[0m[90m | [0mremote: Compressing objects:  29% (16/54)        [35m[yanky.nvim] [0m[36m     clone[0m[90m | [0mremote: Compressing objects:  31% (17/54)        [35m[yanky.nvim] [0m[36m     clone[0m[90m | [0mremote: Compressing objects:  33% (18/54)        [35m[yanky.nvim] [0m[36m     clone[0m[90m | [0mremote: Compressing objects:  35% (19/54)        [35m[yanky.nvim] [0m[36m     clone[0m[90m | [0mremote: Compressing objects:  37% (20/54)        [35m[yanky.nvim] [0m[36m     clone[0m[90m | [0mremote: Compressing objects:  38% (21/54)        [35m[yanky.nvim] [0m[36m     clone[0m[90m | [0mremote: Compressing objects:  40% (22/54)        [35m[yanky.nvim] [0m[36m     clone[0m[90m | [0mremote: Compressing objects:  42% (23/54)        [35m[yanky.nvim] [0m[36m     clone[0m[90m | [0mremote: Compressing objects:  44% (24/54)        [35m[yanky.nvim] [0m[36m     clone[0m[90m | [0mremote: Compressing objects:  46% (25/54)        [35m[yanky.nvim] [0m[36m     clone[0m[90m | [0mremote: Compressing objects:  48% (26/54)        [35m[yanky.nvim] [0m[36m     clone[0m[90m | [0mremote: Compressing objects:  50% (27/54)        [35m[yanky.nvim] [0m[36m     clone[0m[90m | [0mremote: Compressing objects:  51% (28/54)        [35m[yanky.nvim] [0m[36m     clone[0m[90m | [0mremote: Compressing objects:  53% (29/54)        [35m[yanky.nvim] [0m[36m     clone[0m[90m | [0mremote: Compressing objects:  55% (30/54)        [35m[yanky.nvim] [0m[36m     clone[0m[90m | [0mremote: Compressing objects:  57% (31/54)        [35m[yanky.nvim] [0m[36m     clone[0m[90m | [0mremote: Compressing objects:  59% (32/54)        [35m[yanky.nvim] [0m[36m     clone[0m[90m | [0mremote: Compressing objects:  61% (33/54)        [35m[yanky.nvim] [0m[36m     clone[0m[90m | [0mremote: Compressing objects:  62% (34/54)        [35m[yanky.nvim] [0m[36m     clone[0m[90m | [0mremote: Compressing objects:  64% (35/54)        [35m[yanky.nvim] [0m[36m     clone[0m[90m | [0mremote: Compressing objects:  66% (36/54)        [35m[yanky.nvim] [0m[36m     clone[0m[90m | [0mremote: Compressing objects:  68% (37/54)        [35m[yanky.nvim] [0m[36m     clone[0m[90m | [0mremote: Compressing objects:  70% (38/54)        [35m[yanky.nvim] [0m[36m     clone[0m[90m | [0mremote: Compressing objects:  72% (39/54)        [35m[yanky.nvim] [0m[36m     clone[0m[90m | [0mremote: Compressing objects:  74% (40/54)        [35m[yanky.nvim] [0m[36m     clone[0m[90m | [0mremote: Compressing objects:  75% (41/54)        [35m[yanky.nvim] [0m[36m     clone[0m[90m | [0mremote: Compressing objects:  77% (42/54)        [35m[yanky.nvim] [0m[36m     clone[0m[90m | [0mremote: Compressing objects:  79% (43/54)        [35m[yanky.nvim] [0m[36m     clone[0m[90m | [0mremote: Compressing objects:  81% (44/54)        [35m[yanky.nvim] [0m[36m     clone[0m[90m | [0mremote: Compressing objects:  83% (45/54)        [35m[yanky.nvim] [0m[36m     clone[0m[90m | [0mremote: Compressing objects:  85% (46/54)        [35m[yanky.nvim] [0m[36m     clone[0m[90m | [0mremote: Compressing objects:  87% (47/54)        [35m[yanky.nvim] [0m[36m     clone[0m[90m | [0mremote: Compressing objects:  88% (48/54)        [35m[yanky.nvim] [0m[36m     clone[0m[90m | [0mremote: Compressing objects:  90% (49/54)        [35m[yanky.nvim] [0m[36m     clone[0m[90m | [0mremote: Compressing objects:  92% (50/54)        [35m[yanky.nvim] [0m[36m     clone[0m[90m | [0mremote: Compressing objects:  94% (51/54)        [35m[yanky.nvim] [0m[36m     clone[0m[90m | [0mremote: Compressing objects:  96% (52/54)        [35m[yanky.nvim] [0m[36m     clone[0m[90m | [0mremote: Compressing objects:  98% (53/54)        [35m[yanky.nvim] [0m[36m     clone[0m[90m | [0mremote: Compressing objects: 100% (54/54)        [35m[yanky.nvim] [0m[36m     clone[0m[90m | [0mremote: Compressing objects: 100% (54/54), done.        
[35m[mini.ai] [0m[36m        clone[0m[90m | [0mReceiving objects:  75% (315/419)[35m[nvim-ts-autotag] [0m[36mclone[0m[90m | [0mremote: Enumerating objects: 629, done.        
[35m[nvim-ts-autotag] [0m[36mclone[0m[90m | [0mremote: Counting objects:   0% (1/221)        [35m[nvim-ts-autotag] [0m[36mclone[0m[90m | [0mremote: Counting objects:   1% (3/221)        [35m[nvim-ts-autotag] [0m[36mclone[0m[90m | [0mremote: Counting objects:   2% (5/221)        [35m[nvim-ts-autotag] [0m[36mclone[0m[90m | [0mremote: Counting objects:   3% (7/221)        [35m[nvim-ts-autotag] [0m[36mclone[0m[90m | [0mremote: Counting objects:   4% (9/221)        [35m[nvim-ts-autotag] [0m[36mclone[0m[90m | [0mremote: Counting objects:   5% (12/221)        [35m[nvim-ts-autotag] [0m[36mclone[0m[90m | [0mremote: Counting objects:   6% (14/221)        [35m[nvim-ts-autotag] [0m[36mclone[0m[90m | [0mremote: Counting objects:   7% (16/221)        [35m[nvim-ts-autotag] [0m[36mclone[0m[90m | [0mremote: Counting objects:   8% (18/221)        [35m[nvim-ts-autotag] [0m[36mclone[0m[90m | [0mremote: Counting objects:   9% (20/221)        [35m[nvim-ts-autotag] [0m[36mclone[0m[90m | [0mremote: Counting objects:  10% (23/221)        [35m[nvim-ts-autotag] [0m[36mclone[0m[90m | [0mremote: Counting objects:  11% (25/221)        [35m[nvim-ts-autotag] [0m[36mclone[0m[90m | [0mremote: Counting objects:  12% (27/221)        [35m[nvim-ts-autotag] [0m[36mclone[0m[90m | [0mremote: Counting objects:  13% (29/221)        [35m[nvim-ts-autotag] [0m[36mclone[0m[90m | [0mremote: Counting objects:  14% (31/221)        [35m[nvim-ts-autotag] [0m[36mclone[0m[90m | [0mremote: Counting objects:  15% (34/221)        [35m[nvim-ts-autotag] [0m[36mclone[0m[90m | [0mremote: Counting objects:  16% (36/221)        [35m[nvim-ts-autotag] [0m[36mclone[0m[90m | [0mremote: Counting objects:  17% (38/221)        [35m[nvim-ts-autotag] [0m[36mclone[0m[90m | [0mremote: Counting objects:  18% (40/221)        [35m[nvim-ts-autotag] [0m[36mclone[0m[90m | [0mremote: Counting objects:  19% (42/221)        [35m[nvim-ts-autotag] [0m[36mclone[0m[90m | [0mremote: Counting objects:  20% (45/221)        [35m[nvim-ts-autotag] [0m[36mclone[0m[90m | [0mremote: Counting objects:  21% (47/221)        [35m[nvim-ts-autotag] [0m[36mclone[0m[90m | [0mremote: Counting objects:  22% (49/221)        [35m[nvim-ts-autotag] [0m[36mclone[0m[90m | [0mremote: Counting objects:  23% (51/221)        [35m[nvim-ts-autotag] [0m[36mclone[0m[90m | [0mremote: Counting objects:  24% (54/221)        [35m[nvim-ts-autotag] [0m[36mclone[0m[90m | [0mremote: Counting objects:  25% (56/221)        [35m[nvim-ts-autotag] [0m[36mclone[0m[90m | [0mremote: Counting objects:  26% (58/221)        [35m[nvim-ts-autotag] [0m[36mclone[0m[90m | [0mremote: Counting objects:  27% (60/221)        [35m[nvim-ts-autotag] [0m[36mclone[0m[90m | [0mremote: Counting objects:  28% (62/221)        [35m[nvim-ts-autotag] [0m[36mclone[0m[90m | [0mremote: Counting objects:  29% (65/221)        [35m[nvim-ts-autotag] [0m[36mclone[0m[90m | [0mremote: Counting objects:  30% (67/221)        [35m[nvim-ts-autotag] [0m[36mclone[0m[90m | [0mremote: Counting objects:  31% (69/221)        [35m[nvim-ts-autotag] [0m[36mclone[0m[90m | [0mremote: Counting objects:  32% (71/221)        [35m[nvim-ts-autotag] [0m[36mclone[0m[90m | [0mremote: Counting objects:  33% (73/221)        [35m[nvim-ts-autotag] [0m[36mclone[0m[90m | [0mremote: Counting objects:  34% (76/221)        [35m[nvim-ts-autotag] [0m[36mclone[0m[90m | [0mremote: Counting objects:  35% (78/221)        [35m[nvim-ts-autotag] [0m[36mclone[0m[90m | [0mremote: Counting objects:  36% (80/221)        [35m[nvim-ts-autotag] [0m[36mclone[0m[90m | [0mremote: Counting objects:  37% (82/221)        [35m[nvim-ts-autotag] [0m[36mclone[0m[90m | [0mremote: Counting objects:  38% (84/221)        [35m[nvim-ts-autotag] [0m[36mclone[0m[90m | [0mremote: Counting objects:  39% (87/221)        [35m[nvim-ts-autotag] [0m[36mclone[0m[90m | [0mremote: Counting objects:  40% (89/221)        [35m[nvim-ts-autotag] [0m[36mclone[0m[90m | [0mremote: Counting objects:  41% (91/221)        [35m[nvim-ts-autotag] [0m[36mclone[0m[90m | [0mremote: Counting objects:  42% (93/221)        [35m[nvim-ts-autotag] [0m[36mclone[0m[90m | [0mremote: Counting objects:  43% (96/221)        [35m[nvim-ts-autotag] [0m[36mclone[0m[90m | [0mremote: Counting objects:  44% (98/221)        [35m[nvim-ts-autotag] [0m[36mclone[0m[90m | [0mremote: Counting objects:  45% (100/221)        [35m[nvim-ts-autotag] [0m[36mclone[0m[90m | [0mremote: Counting objects:  46% (102/221)        [35m[nvim-ts-autotag] [0m[36mclone[0m[90m | [0mremote: Counting objects:  47% (104/221)        [35m[nvim-ts-autotag] [0m[36mclone[0m[90m | [0mremote: Counting objects:  48% (107/221)        [35m[nvim-ts-autotag] [0m[36mclone[0m[90m | [0mremote: Counting objects:  49% (109/221)        [35m[nvim-ts-autotag] [0m[36mclone[0m[90m | [0mremote: Counting objects:  50% (111/221)        [35m[nvim-ts-autotag] [0m[36mclone[0m[90m | [0mremote: Counting objects:  51% (113/221)        [35m[nvim-ts-autotag] [0m[36mclone[0m[90m | [0mremote: Counting objects:  52% (115/221)        [35m[nvim-ts-autotag] [0m[36mclone[0m[90m | [0mremote: Counting objects:  53% (118/221)        [35m[nvim-ts-autotag] [0m[36mclone[0m[90m | [0mremote: Counting objects:  54% (120/221)        [35m[nvim-ts-autotag] [0m[36mclone[0m[90m | [0mremote: Counting objects:  55% (122/221)        [35m[nvim-ts-autotag] [0m[36mclone[0m[90m | [0mremote: Counting objects:  56% (124/221)        [35m[nvim-ts-autotag] [0m[36mclone[0m[90m | [0mremote: Counting objects:  57% (126/221)        [35m[nvim-ts-autotag] [0m[36mclone[0m[90m | [0mremote: Counting objects:  58% (129/221)        [35m[nvim-ts-autotag] [0m[36mclone[0m[90m | [0mremote: Counting objects:  59% (131/221)        [35m[nvim-ts-autotag] [0m[36mclone[0m[90m | [0mremote: Counting objects:  60% (133/221)        [35m[nvim-ts-autotag] [0m[36mclone[0m[90m | [0mremote: Counting objects:  61% (135/221)        [35m[nvim-ts-autotag] [0m[36mclone[0m[90m | [0mremote: Counting objects:  62% (138/221)        [35m[nvim-ts-autotag] [0m[36mclone[0m[90m | [0mremote: Counting objects:  63% (140/221)        [35m[nvim-ts-autotag] [0m[36mclone[0m[90m | [0mremote: Counting objects:  64% (142/221)        [35m[nvim-ts-autotag] [0m[36mclone[0m[90m | [0mremote: Counting objects:  65% (144/221)        [35m[nvim-ts-autotag] [0m[36mclone[0m[90m | [0mremote: Counting objects:  66% (146/221)        [35m[nvim-ts-autotag] [0m[36mclone[0m[90m | [0mremote: Counting objects:  67% (149/221)        [35m[nvim-ts-autotag] [0m[36mclone[0m[90m | [0mremote: Counting objects:  68% (151/221)        [35m[nvim-ts-autotag] [0m[36mclone[0m[90m | [0mremote: Counting objects:  69% (153/221)        [35m[nvim-ts-autotag] [0m[36mclone[0m[90m | [0mremote: Counting objects:  70% (155/221)        [35m[nvim-ts-autotag] [0m[36mclone[0m[90m | [0mremote: Counting objects:  71% (157/221)        [35m[nvim-ts-autotag] [0m[36mclone[0m[90m | [0mremote: Counting objects:  72% (160/221)        [35m[nvim-ts-autotag] [0m[36mclone[0m[90m | [0mremote: Counting objects:  73% (162/221)        [35m[nvim-ts-autotag] [0m[36mclone[0m[90m | [0mremote: Counting objects:  74% (164/221)        [35m[nvim-ts-autotag] [0m[36mclone[0m[90m | [0mremote: Counting objects:  75% (166/221)        [35m[nvim-ts-autotag] [0m[36mclone[0m[90m | [0mremote: Counting objects:  76% (168/221)        [35m[nvim-ts-autotag] [0m[36mclone[0m[90m | [0mremote: Counting objects:  77% (171/221)        [35m[nvim-ts-autotag] [0m[36mclone[0m[90m | [0mremote: Counting objects:  78% (173/221)        [35m[nvim-ts-autotag] [0m[36mclone[0m[90m | [0mremote: Counting objects:  79% (175/221)        [35m[nvim-ts-autotag] [0m[36mclone[0m[90m | [0mremote: Counting objects:  80% (177/221)        [35m[nvim-ts-autotag] [0m[36mclone[0m[90m | [0mremote: Counting objects:  81% (180/221)        [35m[nvim-ts-autotag] [0m[36mclone[0m[90m | [0mremote: Counting objects:  82% (182/221)        [35m[nvim-ts-autotag] [0m[36mclone[0m[90m | [0mremote: Counting objects:  83% (184/221)        [35m[nvim-ts-autotag] [0m[36mclone[0m[90m | [0mremote: Counting objects:  84% (186/221)        [35m[nvim-ts-autotag] [0m[36mclone[0m[90m | [0mremote: Counting objects:  85% (188/221)        [35m[nvim-ts-autotag] [0m[36mclone[0m[90m | [0mremote: Counting objects:  86% (191/221)        [35m[nvim-ts-autotag] [0m[36mclone[0m[90m | [0mremote: Counting objects:  87% (193/221)        [35m[nvim-ts-autotag] [0m[36mclone[0m[90m | [0mremote: Counting objects:  88% (195/221)        [35m[nvim-ts-autotag] [0m[36mclone[0m[90m | [0mremote: Counting objects:  89% (197/221)        [35m[nvim-ts-autotag] [0m[36mclone[0m[90m | [0mremote: Counting objects:  90% (199/221)        [35m[nvim-ts-autotag] [0m[36mclone[0m[90m | [0mremote: Counting objects:  91% (202/221)        [35m[nvim-ts-autotag] [0m[36mclone[0m[90m | [0mremote: Counting objects:  92% (204/221)        [35m[nvim-ts-autotag] [0m[36mclone[0m[90m | [0mremote: Counting objects:  93% (206/221)        [35m[nvim-ts-autotag] [0m[36mclone[0m[90m | [0mremote: Counting objects:  94% (208/221)        [35m[nvim-ts-autotag] [0m[36mclone[0m[90m | [0mremote: Counting objects:  95% (210/221)        [35m[nvim-ts-autotag] [0m[36mclone[0m[90m | [0mremote: Counting objects:  96% (213/221)        [35m[nvim-ts-autotag] [0m[36mclone[0m[90m | [0mremote: Counting objects:  97% (215/221)        [35m[nvim-ts-autotag] [0m[36mclone[0m[90m | [0mremote: Counting objects:  98% (217/221)        [35m[nvim-ts-autotag] [0m[36mclone[0m[90m | [0mremote: Counting objects:  99% (219/221)        [35m[nvim-ts-autotag] [0m[36mclone[0m[90m | [0mremote: Counting objects: 100% (221/221)        [35m[nvim-ts-autotag] [0m[36mclone[0m[90m | [0mremote: Counting objects: 100% (221/221), done.        
[35m[nvim-ts-autotag] [0m[36mclone[0m[90m | [0mremote: Compressing objects:   0% (1/125)        [35m[nvim-ts-autotag] [0m[36mclone[0m[90m | [0mremote: Compressing objects:   1% (2/125)        [35m[nvim-ts-autotag] [0m[36mclone[0m[90m | [0mremote: Compressing objects:   2% (3/125)        [35m[nvim-ts-autotag] [0m[36mclone[0m[90m | [0mremote: Compressing objects:   3% (4/125)        [35m[nvim-ts-autotag] [0m[36mclone[0m[90m | [0mremote: Compressing objects:   4% (5/125)        [35m[nvim-ts-autotag] [0m[36mclone[0m[90m | [0mremote: Compressing objects:   5% (7/125)        [35m[nvim-ts-autotag] [0m[36mclone[0m[90m | [0mremote: Compressing objects:   6% (8/125)        [35m[nvim-ts-autotag] [0m[36mclone[0m[90m | [0mremote: Compressing objects:   7% (9/125)        [35m[nvim-ts-autotag] [0m[36mclone[0m[90m | [0mremote: Compressing objects:   8% (10/125)        [35m[nvim-ts-autotag] [0m[36mclone[0m[90m | [0mremote: Compressing objects:   9% (12/125)        [35m[nvim-ts-autotag] [0m[36mclone[0m[90m | [0mremote: Compressing objects:  10% (13/125)        [35m[nvim-ts-autotag] [0m[36mclone[0m[90m | [0mremote: Compressing objects:  11% (14/125)        [35m[nvim-ts-autotag] [0m[36mclone[0m[90m | [0mremote: Compressing objects:  12% (15/125)        [35m[nvim-ts-autotag] [0m[36mclone[0m[90m | [0mremote: Compressing objects:  13% (17/125)        [35m[nvim-ts-autotag] [0m[36mclone[0m[90m | [0mremote: Compressing objects:  14% (18/125)        [35m[nvim-ts-autotag] [0m[36mclone[0m[90m | [0mremote: Compressing objects:  15% (19/125)        [35m[nvim-ts-autotag] [0m[36mclone[0m[90m | [0mremote: Compressing objects:  16% (20/125)        [35m[mini.icons] [0m[36m     clone[0m[90m | [0mremote: Enumerating objects: 281, done.        
[35m[mini.icons] [0m[36m     clone[0m[90m | [0mremote: Counting objects:   6% (1/15)        [35m[mini.icons] [0m[36m     clone[0m[90m | [0mremote: Counting objects:  13% (2/15)        [35m[mini.icons] [0m[36m     clone[0m[90m | [0mremote: Counting objects:  20% (3/15)        [35m[mini.icons] [0m[36m     clone[0m[90m | [0mremote: Counting objects:  26% (4/15)        [35m[mini.icons] [0m[36m     clone[0m[90m | [0mremote: Counting objects:  33% (5/15)        [35m[mini.icons] [0m[36m     clone[0m[90m | [0mremote: Counting objects:  40% (6/15)        [35m[mini.icons] [0m[36m     clone[0m[90m | [0mremote: Counting objects:  46% (7/15)        [35m[mini.icons] [0m[36m     clone[0m[90m | [0mremote: Counting objects:  53% (8/15)        [35m[mini.icons] [0m[36m     clone[0m[90m | [0mremote: Counting objects:  60% (9/15)        [35m[mini.icons] [0m[36m     clone[0m[90m | [0mremote: Counting objects:  66% (10/15)        [35m[mini.icons] [0m[36m     clone[0m[90m | [0mremote: Counting objects:  73% (11/15)        [35m[mini.icons] [0m[36m     clone[0m[90m | [0mremote: Counting objects:  80% (12/15)        [35m[mini.icons] [0m[36m     clone[0m[90m | [0mremote: Counting objects:  86% (13/15)        [35m[mini.icons] [0m[36m     clone[0m[90m | [0mremote: Counting objects:  93% (14/15)        [35m[mini.icons] [0m[36m     clone[0m[90m | [0mremote: Counting objects: 100% (15/15)        [35m[mini.icons] [0m[36m     clone[0m[90m | [0mremote: Counting objects: 100% (15/15), done.        
[35m[mini.icons] [0m[36m     clone[0m[90m | [0mremote: Compressing objects:  14% (1/7)        [35m[mini.icons] [0m[36m     clone[0m[90m | [0mremote: Compressing objects:  28% (2/7)        [35m[mini.icons] [0m[36m     clone[0m[90m | [0mremote: Compressing objects:  42% (3/7)        [35m[mini.icons] [0m[36m     clone[0m[90m | [0mremote: Compressing objects:  57% (4/7)        [35m[mini.icons] [0m[36m     clone[0m[90m | [0mremote: Compressing objects:  71% (5/7)        [35m[mini.icons] [0m[36m     clone[0m[90m | [0mremote: Compressing objects:  85% (6/7)        [35m[mini.icons] [0m[36m     clone[0m[90m | [0mremote: Compressing objects: 100% (7/7)        [35m[mini.icons] [0m[36m     clone[0m[90m | [0mremote: Compressing objects: 100% (7/7), done.        
[35m[mini.ai] [0m[36m        clone[0m[90m | [0mReceiving objects:  76% (319/419)[35m[mini.ai] [0m[36m        clone[0m[90m | [0mReceiving objects:  77% (323/419)[35m[mini.ai] [0m[36m        clone[0m[90m | [0mReceiving objects:  78% (327/419)[35m[mini.ai] [0m[36m        clone[0m[90m | [0mReceiving objects:  79% (332/419)[35m[mini.ai] [0m[36m        clone[0m[90m | [0mReceiving objects:  80% (336/419)[35m[mini.ai] [0m[36m        clone[0m[90m | [0mReceiving objects:  81% (340/419)[35m[mini.ai] [0m[36m        clone[0m[90m | [0mReceiving objects:  82% (344/419)[35m[mini.ai] [0m[36m        clone[0m[90m | [0mReceiving objects:  83% (348/419)[35m[nvim-ts-autotag] [0m[36mclone[0m[90m | [0mremote: Compressing objects:  17% (22/125)        [35m[nvim-ts-autotag] [0m[36mclone[0m[90m | [0mremote: Compressing objects:  18% (23/125)        [35m[nvim-ts-autotag] [0m[36mclone[0m[90m | [0mremote: Compressing objects:  19% (24/125)        [35m[nvim-ts-autotag] [0m[36mclone[0m[90m | [0mremote: Compressing objects:  20% (25/125)        [35m[nvim-ts-autotag] [0m[36mclone[0m[90m | [0mremote: Compressing objects:  21% (27/125)        [35m[nvim-ts-autotag] [0m[36mclone[0m[90m | [0mremote: Compressing objects:  22% (28/125)        [35m[nvim-ts-autotag] [0m[36mclone[0m[90m | [0mremote: Compressing objects:  23% (29/125)        [35m[nvim-ts-autotag] [0m[36mclone[0m[90m | [0mremote: Compressing objects:  24% (30/125)        [35m[nvim-ts-autotag] [0m[36mclone[0m[90m | [0mremote: Compressing objects:  25% (32/125)        [35m[nvim-ts-autotag] [0m[36mclone[0m[90m | [0mremote: Compressing objects:  26% (33/125)        [35m[nvim-ts-autotag] [0m[36mclone[0m[90m | [0mremote: Compressing objects:  27% (34/125)        [35m[nvim-ts-autotag] [0m[36mclone[0m[90m | [0mremote: Compressing objects:  28% (35/125)        [35m[nvim-ts-autotag] [0m[36mclone[0m[90m | [0mremote: Compressing objects:  29% (37/125)        [35m[nvim-ts-autotag] [0m[36mclone[0m[90m | [0mremote: Compressing objects:  30% (38/125)        [35m[nvim-ts-autotag] [0m[36mclone[0m[90m | [0mremote: Compressing objects:  31% (39/125)        [35m[nvim-ts-autotag] [0m[36mclone[0m[90m | [0mremote: Compressing objects:  32% (40/125)        [35m[nvim-ts-autotag] [0m[36mclone[0m[90m | [0mremote: Compressing objects:  33% (42/125)        [35m[nvim-ts-autotag] [0m[36mclone[0m[90m | [0mremote: Compressing objects:  34% (43/125)        [35m[nvim-ts-autotag] [0m[36mclone[0m[90m | [0mremote: Compressing objects:  35% (44/125)        [35m[nvim-ts-autotag] [0m[36mclone[0m[90m | [0mremote: Compressing objects:  36% (45/125)        [35m[nvim-ts-autotag] [0m[36mclone[0m[90m | [0mremote: Compressing objects:  37% (47/125)        [35m[nvim-ts-autotag] [0m[36mclone[0m[90m | [0mremote: Compressing objects:  38% (48/125)        [35m[nvim-ts-autotag] [0m[36mclone[0m[90m | [0mremote: Compressing objects:  39% (49/125)        [35m[nvim-ts-autotag] [0m[36mclone[0m[90m | [0mremote: Compressing objects:  40% (50/125)        [35m[nvim-ts-autotag] [0m[36mclone[0m[90m | [0mremote: Compressing objects:  41% (52/125)        [35m[nvim-ts-autotag] [0m[36mclone[0m[90m | [0mremote: Compressing objects:  42% (53/125)        [35m[nvim-ts-autotag] [0m[36mclone[0m[90m | [0mremote: Compressing objects:  43% (54/125)        [35m[nvim-ts-autotag] [0m[36mclone[0m[90m | [0mremote: Compressing objects:  44% (55/125)        [35m[nvim-ts-autotag] [0m[36mclone[0m[90m | [0mremote: Compressing objects:  45% (57/125)        [35m[nvim-ts-autotag] [0m[36mclone[0m[90m | [0mremote: Compressing objects:  46% (58/125)        [35m[nvim-ts-autotag] [0m[36mclone[0m[90m | [0mremote: Compressing objects:  47% (59/125)        [35m[nvim-ts-autotag] [0m[36mclone[0m[90m | [0mremote: Compressing objects:  48% (60/125)        [35m[nvim-ts-autotag] [0m[36mclone[0m[90m | [0mremote: Compressing objects:  49% (62/125)        [35m[nvim-ts-autotag] [0m[36mclone[0m[90m | [0mremote: Compressing objects:  50% (63/125)        [35m[nvim-ts-autotag] [0m[36mclone[0m[90m | [0mremote: Compressing objects:  51% (64/125)        [35m[nvim-ts-autotag] [0m[36mclone[0m[90m | [0mremote: Compressing objects:  52% (65/125)        [35m[nvim-ts-autotag] [0m[36mclone[0m[90m | [0mremote: Compressing objects:  53% (67/125)        [35m[nvim-ts-autotag] [0m[36mclone[0m[90m | [0mremote: Compressing objects:  54% (68/125)        [35m[trouble.nvim] [0m[36m   clone[0m[90m | [0mReceiving objects:   0% (1/2940)[35m[nvim-ts-autotag] [0m[36mclone[0m[90m | [0mremote: Compressing objects:  55% (69/125)        [35m[nvim-ts-autotag] [0m[36mclone[0m[90m | [0mremote: Compressing objects:  56% (70/125)        [35m[nvim-ts-autotag] [0m[36mclone[0m[90m | [0mremote: Compressing objects:  57% (72/125)        [35m[nvim-ts-autotag] [0m[36mclone[0m[90m | [0mremote: Compressing objects:  58% (73/125)        [35m[nvim-ts-autotag] [0m[36mclone[0m[90m | [0mremote: Compressing objects:  59% (74/125)        [35m[nvim-ts-autotag] [0m[36mclone[0m[90m | [0mremote: Compressing objects:  60% (75/125)        [35m[nvim-ts-autotag] [0m[36mclone[0m[90m | [0mremote: Compressing objects:  61% (77/125)        [35m[nvim-ts-autotag] [0m[36mclone[0m[90m | [0mremote: Compressing objects:  62% (78/125)        [35m[nvim-ts-autotag] [0m[36mclone[0m[90m | [0mremote: Compressing objects:  63% (79/125)        [35m[nvim-ts-autotag] [0m[36mclone[0m[90m | [0mremote: Compressing objects:  64% (80/125)        [35m[nvim-ts-autotag] [0m[36mclone[0m[90m | [0mremote: Compressing objects:  65% (82/125)        [35m[nvim-ts-autotag] [0m[36mclone[0m[90m | [0mremote: Compressing objects:  66% (83/125)        [35m[nvim-ts-autotag] [0m[36mclone[0m[90m | [0mremote: Compressing objects:  67% (84/125)        [35m[nvim-ts-autotag] [0m[36mclone[0m[90m | [0mremote: Compressing objects:  68% (85/125)        [35m[nvim-ts-autotag] [0m[36mclone[0m[90m | [0mremote: Compressing objects:  69% (87/125)        [35m[nvim-ts-autotag] [0m[36mclone[0m[90m | [0mremote: Compressing objects:  70% (88/125)        [35m[nvim-ts-autotag] [0m[36mclone[0m[90m | [0mremote: Compressing objects:  71% (89/125)        [35m[nvim-ts-autotag] [0m[36mclone[0m[90m | [0mremote: Compressing objects:  72% (90/125)        [35m[nvim-ts-autotag] [0m[36mclone[0m[90m | [0mremote: Compressing objects:  73% (92/125)        [35m[nvim-ts-autotag] [0m[36mclone[0m[90m | [0mremote: Compressing objects:  74% (93/125)        [35m[nvim-ts-autotag] [0m[36mclone[0m[90m | [0mremote: Compressing objects:  75% (94/125)        [35m[nvim-ts-autotag] [0m[36mclone[0m[90m | [0mremote: Compressing objects:  76% (95/125)        [35m[nvim-ts-autotag] [0m[36mclone[0m[90m | [0mremote: Compressing objects:  77% (97/125)        [35m[nvim-ts-autotag] [0m[36mclone[0m[90m | [0mremote: Compressing objects:  78% (98/125)        [35m[nvim-ts-autotag] [0m[36mclone[0m[90m | [0mremote: Compressing objects:  79% (99/125)        [35m[nvim-ts-autotag] [0m[36mclone[0m[90m | [0mremote: Compressing objects:  80% (100/125)        [35m[nvim-ts-autotag] [0m[36mclone[0m[90m | [0mremote: Compressing objects:  81% (102/125)        [35m[nvim-ts-autotag] [0m[36mclone[0m[90m | [0mremote: Compressing objects:  82% (103/125)        [35m[nvim-ts-autotag] [0m[36mclone[0m[90m | [0mremote: Compressing objects:  83% (104/125)        [35m[nvim-ts-autotag] [0m[36mclone[0m[90m | [0mremote: Compressing objects:  84% (105/125)        [35m[nvim-ts-autotag] [0m[36mclone[0m[90m | [0mremote: Compressing objects:  85% (107/125)        [35m[nvim-ts-autotag] [0m[36mclone[0m[90m | [0mremote: Compressing objects:  86% (108/125)        [35m[nvim-ts-autotag] [0m[36mclone[0m[90m | [0mremote: Compressing objects:  87% (109/125)        [35m[nvim-ts-autotag] [0m[36mclone[0m[90m | [0mremote: Compressing objects:  88% (110/125)        [35m[nvim-ts-autotag] [0m[36mclone[0m[90m | [0mremote: Compressing objects:  89% (112/125)        [35m[nvim-ts-autotag] [0m[36mclone[0m[90m | [0mremote: Compressing objects:  90% (113/125)        [35m[nvim-ts-autotag] [0m[36mclone[0m[90m | [0mremote: Compressing objects:  91% (114/125)        [35m[nvim-ts-autotag] [0m[36mclone[0m[90m | [0mremote: Compressing objects:  92% (115/125)        [35m[nvim-ts-autotag] [0m[36mclone[0m[90m | [0mremote: Compressing objects:  93% (117/125)        [35m[nvim-ts-autotag] [0m[36mclone[0m[90m | [0mremote: Compressing objects:  94% (118/125)        [35m[nvim-ts-autotag] [0m[36mclone[0m[90m | [0mremote: Compressing objects:  95% (119/125)        [35m[nvim-ts-autotag] [0m[36mclone[0m[90m | [0mremote: Compressing objects:  96% (120/125)        [35m[nvim-ts-autotag] [0m[36mclone[0m[90m | [0mremote: Compressing objects:  97% (122/125)        [35m[nvim-ts-autotag] [0m[36mclone[0m[90m | [0mremote: Compressing objects:  98% (123/125)        [35m[nvim-ts-autotag] [0m[36mclone[0m[90m | [0mremote: Compressing objects:  99% (124/125)        [35m[nvim-ts-autotag] [0m[36mclone[0m[90m | [0mremote: Compressing objects: 100% (125/125)        [35m[nvim-ts-autotag] [0m[36mclone[0m[90m | [0mremote: Compressing objects: 100% (125/125), done.        
[35m[mason-lspconfig.nvim] [0m[36mclone[0m[90m | [0mReceiving objects:  10% (219/2183), 156.00 KiB | 230.00 KiB/s[35m[mason.nvim] [0m[36m     clone[0m[90m | [0mReceiving objects:   5% (623/12443), 140.00 KiB | 218.00 KiB/s[35m[mason-lspconfig.nvim] [0m[36mclone[0m[90m | [0mReceiving objects:  11% (241/2183), 156.00 KiB | 230.00 KiB/s[35m[mason-lspconfig.nvim] [0m[36mclone[0m[90m | [0mReceiving objects:  12% (262/2183), 156.00 KiB | 230.00 KiB/s[35m[mason-lspconfig.nvim] [0m[36mclone[0m[90m | [0mReceiving objects:  13% (284/2183), 156.00 KiB | 230.00 KiB/s[35m[ts-comments.nvim] [0m[36mclone[0m[90m | [0mReceiving objects:   0% (1/364)[35m[ts-comments.nvim] [0m[36mclone[0m[90m | [0mReceiving objects:   1% (4/364)[35m[ts-comments.nvim] [0m[36mclone[0m[90m | [0mReceiving objects:   2% (8/364)[35m[ts-comments.nvim] [0m[36mclone[0m[90m | [0mReceiving objects:   3% (11/364)[35m[nui.nvim] [0m[36m       clone[0m[90m | [0mReceiving objects:   6% (185/3072)[35m[ts-comments.nvim] [0m[36mclone[0m[90m | [0mReceiving objects:   4% (15/364)[35m[ts-comments.nvim] [0m[36mclone[0m[90m | [0mReceiving objects:   5% (19/364)[35m[ts-comments.nvim] [0m[36mclone[0m[90m | [0mReceiving objects:   6% (22/364)[35m[ts-comments.nvim] [0m[36mclone[0m[90m | [0mReceiving objects:   7% (26/364)[35m[ts-comments.nvim] [0m[36mclone[0m[90m | [0mReceiving objects:   8% (30/364)[35m[ts-comments.nvim] [0m[36mclone[0m[90m | [0mReceiving objects:   9% (33/364)[35m[ts-comments.nvim] [0m[36mclone[0m[90m | [0mReceiving objects:  10% (37/364)[35m[ts-comments.nvim] [0m[36mclone[0m[90m | [0mReceiving objects:  11% (41/364)[35m[ts-comments.nvim] [0m[36mclone[0m[90m | [0mReceiving objects:  12% (44/364)[35m[ts-comments.nvim] [0m[36mclone[0m[90m | [0mReceiving objects:  13% (48/364)[35m[ts-comments.nvim] [0m[36mclone[0m[90m | [0mReceiving objects:  14% (51/364)[35m[ts-comments.nvim] [0m[36mclone[0m[90m | [0mReceiving objects:  15% (55/364)[35m[ts-comments.nvim] [0m[36mclone[0m[90m | [0mReceiving objects:  16% (59/364)[35m[ts-comments.nvim] [0m[36mclone[0m[90m | [0mReceiving objects:  17% (62/364)[35m[ts-comments.nvim] [0m[36mclone[0m[90m | [0mReceiving objects:  18% (66/364)[35m[ts-comments.nvim] [0m[36mclone[0m[90m | [0mReceiving objects:  19% (70/364)[35m[ts-comments.nvim] [0m[36mclone[0m[90m | [0mReceiving objects:  20% (73/364)[35m[ts-comments.nvim] [0m[36mclone[0m[90m | [0mReceiving objects:  21% (77/364)[35m[ts-comments.nvim] [0m[36mclone[0m[90m | [0mReceiving objects:  22% (81/364)[35m[ts-comments.nvim] [0m[36mclone[0m[90m | [0mReceiving objects:  23% (84/364)[35m[ts-comments.nvim] [0m[36mclone[0m[90m | [0mReceiving objects:  24% (88/364)[35m[ts-comments.nvim] [0m[36mclone[0m[90m | [0mReceiving objects:  25% (91/364)[35m[ts-comments.nvim] [0m[36mclone[0m[90m | [0mReceiving objects:  26% (95/364)[35m[ts-comments.nvim] [0m[36mclone[0m[90m | [0mReceiving objects:  27% (99/364)[35m[ts-comments.nvim] [0m[36mclone[0m[90m | [0mReceiving objects:  28% (102/364)[35m[ts-comments.nvim] [0m[36mclone[0m[90m | [0mReceiving objects:  29% (106/364)[35m[ts-comments.nvim] [0m[36mclone[0m[90m | [0mReceiving objects:  30% (110/364)[35m[ts-comments.nvim] [0m[36mclone[0m[90m | [0mReceiving objects:  31% (113/364)[35m[ts-comments.nvim] [0m[36mclone[0m[90m | [0mReceiving objects:  32% (117/364)[35m[ts-comments.nvim] [0m[36mclone[0m[90m | [0mReceiving objects:  33% (121/364)[35m[ts-comments.nvim] [0m[36mclone[0m[90m | [0mReceiving objects:  34% (124/364)[35m[ts-comments.nvim] [0m[36mclone[0m[90m | [0mReceiving objects:  35% (128/364)[35m[ts-comments.nvim] [0m[36mclone[0m[90m | [0mReceiving objects:  36% (132/364)[35m[ts-comments.nvim] [0m[36mclone[0m[90m | [0mReceiving objects:  37% (135/364)[35m[ts-comments.nvim] [0m[36mclone[0m[90m | [0mReceiving objects:  38% (139/364)[35m[ts-comments.nvim] [0m[36mclone[0m[90m | [0mReceiving objects:  39% (142/364)[35m[ts-comments.nvim] [0m[36mclone[0m[90m | [0mReceiving objects:  40% (146/364)[35m[nui.nvim] [0m[36m       clone[0m[90m | [0mReceiving objects:   7% (216/3072)[35m[nvim-lint] [0m[36m      clone[0m[90m | [0mReceiving objects:   1% (27/2684)[35m[nui.nvim] [0m[36m       clone[0m[90m | [0mReceiving objects:   8% (246/3072)[35m[nui.nvim] [0m[36m       clone[0m[90m | [0mReceiving objects:   9% (277/3072)[35m[nui.nvim] [0m[36m       clone[0m[90m | [0mReceiving objects:  10% (308/3072)[35m[nui.nvim] [0m[36m       clone[0m[90m | [0mReceiving objects:  11% (338/3072)[35m[nui.nvim] [0m[36m       clone[0m[90m | [0mReceiving objects:  12% (369/3072)[35m[nui.nvim] [0m[36m       clone[0m[90m | [0mReceiving objects:  13% (400/3072)[35m[nui.nvim] [0m[36m       clone[0m[90m | [0mReceiving objects:  14% (431/3072)[35m[mini.hipatterns] [0m[36mclone[0m[90m | [0mReceiving objects:  51% (108/210)[35m[mini.hipatterns] [0m[36mclone[0m[90m | [0mReceiving objects:  52% (110/210)[35m[mini.hipatterns] [0m[36mclone[0m[90m | [0mReceiving objects:  53% (112/210)[35m[mini.hipatterns] [0m[36mclone[0m[90m | [0mReceiving objects:  54% (114/210)[35m[mini.hipatterns] [0m[36mclone[0m[90m | [0mReceiving objects:  55% (116/210)[35m[mini.hipatterns] [0m[36mclone[0m[90m | [0mReceiving objects:  56% (118/210)[35m[mini.hipatterns] [0m[36mclone[0m[90m | [0mReceiving objects:  57% (120/210)[35m[mini.hipatterns] [0m[36mclone[0m[90m | [0mReceiving objects:  58% (122/210)[35m[mini.hipatterns] [0m[36mclone[0m[90m | [0mReceiving objects:  59% (124/210)[35m[mini.hipatterns] [0m[36mclone[0m[90m | [0mReceiving objects:  60% (126/210)[35m[mini.hipatterns] [0m[36mclone[0m[90m | [0mReceiving objects:  61% (129/210)[35m[mini.hipatterns] [0m[36mclone[0m[90m | [0mReceiving objects:  62% (131/210)[35m[mini.hipatterns] [0m[36mclone[0m[90m | [0mReceiving objects:  63% (133/210)[35m[mini.hipatterns] [0m[36mclone[0m[90m | [0mReceiving objects:  64% (135/210)[35m[mini.hipatterns] [0m[36mclone[0m[90m | [0mReceiving objects:  65% (137/210)[35m[mini.ai] [0m[36m        clone[0m[90m | [0mReceiving objects:  84% (352/419), 100.00 KiB | 155.00 KiB/s[35m[mini.ai] [0m[36m        clone[0m[90m | [0mReceiving objects:  85% (357/419), 100.00 KiB | 155.00 KiB/s[35m[mini.ai] [0m[36m        clone[0m[90m | [0mReceiving objects:  86% (361/419), 100.00 KiB | 155.00 KiB/s[35m[mini.ai] [0m[36m        clone[0m[90m | [0mReceiving objects:  87% (365/419), 100.00 KiB | 155.00 KiB/s[35m[mini.ai] [0m[36m        clone[0m[90m | [0mReceiving objects:  88% (369/419), 100.00 KiB | 155.00 KiB/s[35m[mini.hipatterns] [0m[36mclone[0m[90m | [0mReceiving objects:  66% (139/210)[35m[mini.hipatterns] [0m[36mclone[0m[90m | [0mReceiving objects:  67% (141/210)[35m[mini.hipatterns] [0m[36mclone[0m[90m | [0mReceiving objects:  68% (143/210)[35m[mini.hipatterns] [0m[36mclone[0m[90m | [0mReceiving objects:  69% (145/210)[35m[mini.hipatterns] [0m[36mclone[0m[90m | [0mReceiving objects:  70% (147/210)[35m[mini.hipatterns] [0m[36mclone[0m[90m | [0mReceiving objects:  71% (150/210)[35m[mini.ai] [0m[36m        clone[0m[90m | [0mremote: Total 419 (delta 8), reused 59 (delta 7), pack-reused 354 (from 1)        
[35m[mini.ai] [0m[36m        clone[0m[90m | [0mReceiving objects:  89% (373/419), 100.00 KiB | 155.00 KiB/s[35m[mini.hipatterns] [0m[36mclone[0m[90m | [0mReceiving objects:  72% (152/210)[35m[mini.hipatterns] [0m[36mclone[0m[90m | [0mReceiving objects:  73% (154/210)[35m[mini.hipatterns] [0m[36mclone[0m[90m | [0mReceiving objects:  74% (156/210)[35m[mini.hipatterns] [0m[36mclone[0m[90m | [0mReceiving objects:  75% (158/210)[35m[mini.hipatterns] [0m[36mclone[0m[90m | [0mReceiving objects:  76% (160/210)[35m[mini.hipatterns] [0m[36mclone[0m[90m | [0mReceiving objects:  77% (162/210)[35m[mini.hipatterns] [0m[36mclone[0m[90m | [0mReceiving objects:  78% (164/210)[35m[mini.hipatterns] [0m[36mclone[0m[90m | [0mremote: Total 210 (delta 1), reused 47 (delta 1), pack-reused 163 (from 1)        
[35m[mini.hipatterns] [0m[36mclone[0m[90m | [0mReceiving objects:  79% (166/210)[35m[mini.hipatterns] [0m[36mclone[0m[90m | [0mReceiving objects:  80% (168/210)[35m[mini.ai] [0m[36m        clone[0m[90m | [0mReceiving objects:  90% (378/419), 100.00 KiB | 155.00 KiB/s[35m[mini.ai] [0m[36m        clone[0m[90m | [0mReceiving objects:  91% (382/419), 100.00 KiB | 155.00 KiB/s[35m[mini.ai] [0m[36m        clone[0m[90m | [0mReceiving objects:  92% (386/419), 100.00 KiB | 155.00 KiB/s[35m[mini.ai] [0m[36m        clone[0m[90m | [0mReceiving objects:  93% (390/419), 100.00 KiB | 155.00 KiB/s[35m[mini.ai] [0m[36m        clone[0m[90m | [0mReceiving objects:  94% (394/419), 100.00 KiB | 155.00 KiB/s[35m[mini.ai] [0m[36m        clone[0m[90m | [0mReceiving objects:  95% (399/419), 100.00 KiB | 155.00 KiB/s[35m[mini.ai] [0m[36m        clone[0m[90m | [0mReceiving objects:  96% (403/419), 100.00 KiB | 155.00 KiB/s[35m[mini.ai] [0m[36m        clone[0m[90m | [0mReceiving objects:  97% (407/419), 100.00 KiB | 155.00 KiB/s[35m[mini.ai] [0m[36m        clone[0m[90m | [0mReceiving objects:  98% (411/419), 100.00 KiB | 155.00 KiB/s[35m[mini.ai] [0m[36m        clone[0m[90m | [0mReceiving objects:  99% (415/419), 100.00 KiB | 155.00 KiB/s[35m[mini.ai] [0m[36m        clone[0m[90m | [0mReceiving objects: 100% (419/419), 100.00 KiB | 155.00 KiB/s[35m[mini.hipatterns] [0m[36mclone[0m[90m | [0mReceiving objects:  81% (171/210)[35m[mini.hipatterns] [0m[36mclone[0m[90m | [0mReceiving objects:  82% (173/210)[35m[mini.hipatterns] [0m[36mclone[0m[90m | [0mReceiving objects:  83% (175/210)[35m[mini.hipatterns] [0m[36mclone[0m[90m | [0mReceiving objects:  84% (177/210)[35m[mini.hipatterns] [0m[36mclone[0m[90m | [0mReceiving objects:  85% (179/210)[35m[mini.hipatterns] [0m[36mclone[0m[90m | [0mReceiving objects:  86% (181/210)[35m[mini.hipatterns] [0m[36mclone[0m[90m | [0mReceiving objects:  87% (183/210)[35m[mini.hipatterns] [0m[36mclone[0m[90m | [0mReceiving objects:  88% (185/210)[35m[mini.hipatterns] [0m[36mclone[0m[90m | [0mReceiving objects:  89% (187/210)[35m[mini.hipatterns] [0m[36mclone[0m[90m | [0mReceiving objects:  90% (189/210)[35m[mini.hipatterns] [0m[36mclone[0m[90m | [0mReceiving objects:  91% (192/210)[35m[mini.hipatterns] [0m[36mclone[0m[90m | [0mReceiving objects:  92% (194/210)[35m[mini.hipatterns] [0m[36mclone[0m[90m | [0mReceiving objects:  93% (196/210)[35m[mini.ai] [0m[36m        clone[0m[90m | [0mReceiving objects: 100% (419/419), 112.20 KiB | 186.00 KiB/s, done.
[35m[mini.hipatterns] [0m[36mclone[0m[90m | [0mReceiving objects:  94% (198/210)[35m[mini.hipatterns] [0m[36mclone[0m[90m | [0mReceiving objects:  95% (200/210)[35m[mini.hipatterns] [0m[36mclone[0m[90m | [0mReceiving objects:  96% (202/210)[35m[mini.hipatterns] [0m[36mclone[0m[90m | [0mReceiving objects:  97% (204/210)[35m[mini.hipatterns] [0m[36mclone[0m[90m | [0mReceiving objects:  98% (206/210)[35m[mini.hipatterns] [0m[36mclone[0m[90m | [0mReceiving objects:  99% (208/210)[35m[mini.hipatterns] [0m[36mclone[0m[90m | [0mReceiving objects: 100% (210/210)[35m[mini.ai] [0m[36m        clone[0m[90m | [0mResolving deltas:   0% (0/44)[35m[mini.ai] [0m[36m        clone[0m[90m | [0mResolving deltas:   2% (1/44)[35m[mini.ai] [0m[36m        clone[0m[90m | [0mResolving deltas:   4% (2/44)[35m[mini.ai] [0m[36m        clone[0m[90m | [0mResolving deltas:   6% (3/44)[35m[mini.ai] [0m[36m        clone[0m[90m | [0mResolving deltas:   9% (4/44)[35m[mini.ai] [0m[36m        clone[0m[90m | [0mResolving deltas:  11% (5/44)[35m[mini.ai] [0m[36m        clone[0m[90m | [0mResolving deltas:  13% (6/44)[35m[mini.ai] [0m[36m        clone[0m[90m | [0mResolving deltas:  15% (7/44)[35m[mini.ai] [0m[36m        clone[0m[90m | [0mResolving deltas:  18% (8/44)[35m[mini.ai] [0m[36m        clone[0m[90m | [0mResolving deltas:  20% (9/44)[35m[mini.ai] [0m[36m        clone[0m[90m | [0mResolving deltas:  22% (10/44)[35m[mini.ai] [0m[36m        clone[0m[90m | [0mResolving deltas:  25% (11/44)[35m[mini.ai] [0m[36m        clone[0m[90m | [0mResolving deltas:  27% (12/44)[35m[mini.ai] [0m[36m        clone[0m[90m | [0mResolving deltas:  29% (13/44)[35m[mini.ai] [0m[36m        clone[0m[90m | [0mResolving deltas:  31% (14/44)[35m[mini.ai] [0m[36m        clone[0m[90m | [0mResolving deltas:  34% (15/44)[35m[mini.ai] [0m[36m        clone[0m[90m | [0mResolving deltas:  36% (16/44)[35m[mini.ai] [0m[36m        clone[0m[90m | [0mResolving deltas:  38% (17/44)[35m[mini.ai] [0m[36m        clone[0m[90m | [0mResolving deltas:  40% (18/44)[35m[mini.ai] [0m[36m        clone[0m[90m | [0mResolving deltas:  43% (19/44)[35m[mini.ai] [0m[36m        clone[0m[90m | [0mResolving deltas:  45% (20/44)[35m[mini.ai] [0m[36m        clone[0m[90m | [0mResolving deltas:  50% (22/44)[35m[mini.ai] [0m[36m        clone[0m[90m | [0mResolving deltas:  52% (23/44)[35m[mini.ai] [0m[36m        clone[0m[90m | [0mResolving deltas:  54% (24/44)[35m[mini.ai] [0m[36m        clone[0m[90m | [0mResolving deltas:  56% (25/44)[35m[mini.ai] [0m[36m        clone[0m[90m | [0mResolving deltas:  59% (26/44)[35m[mini.hipatterns] [0m[36mclone[0m[90m | [0mReceiving objects: 100% (210/210), 59.00 KiB | 147.00 KiB/s, done.
[35m[mini.ai] [0m[36m        clone[0m[90m | [0mResolving deltas:  61% (27/44)[35m[mini.ai] [0m[36m        clone[0m[90m | [0mResolving deltas:  63% (28/44)[35m[mini.ai] [0m[36m        clone[0m[90m | [0mResolving deltas:  65% (29/44)[35m[mini.ai] [0m[36m        clone[0m[90m | [0mResolving deltas:  68% (30/44)[35m[mini.ai] [0m[36m        clone[0m[90m | [0mResolving deltas:  70% (31/44)[35m[mini.ai] [0m[36m        clone[0m[90m | [0mResolving deltas:  72% (32/44)[35m[mini.ai] [0m[36m        clone[0m[90m | [0mResolving deltas:  75% (33/44)[35m[mini.ai] [0m[36m        clone[0m[90m | [0mResolving deltas:  77% (34/44)[35m[mini.ai] [0m[36m        clone[0m[90m | [0mResolving deltas:  79% (35/44)[35m[mini.ai] [0m[36m        clone[0m[90m | [0mResolving deltas:  81% (36/44)[35m[mini.ai] [0m[36m        clone[0m[90m | [0mResolving deltas:  84% (37/44)[35m[mini.ai] [0m[36m        clone[0m[90m | [0mResolving deltas:  86% (38/44)[35m[mini.ai] [0m[36m        clone[0m[90m | [0mResolving deltas:  90% (40/44)[35m[mini.ai] [0m[36m        clone[0m[90m | [0mResolving deltas:  93% (41/44)[35m[mini.ai] [0m[36m        clone[0m[90m | [0mResolving deltas:  95% (42/44)[35m[mini.ai] [0m[36m        clone[0m[90m | [0mResolving deltas:  97% (43/44)[35m[mini.ai] [0m[36m        clone[0m[90m | [0mResolving deltas: 100% (44/44)[35m[mini.ai] [0m[36m        clone[0m[90m | [0mResolving deltas: 100% (44/44), done.
[35m[mini.hipatterns] [0m[36mclone[0m[90m | [0mResolving deltas:   0% (0/17)[35m[mini.hipatterns] [0m[36mclone[0m[90m | [0mResolving deltas:   5% (1/17)[35m[mini.hipatterns] [0m[36mclone[0m[90m | [0mResolving deltas:  11% (2/17)[35m[mini.hipatterns] [0m[36mclone[0m[90m | [0mResolving deltas:  17% (3/17)[35m[mini.hipatterns] [0m[36mclone[0m[90m | [0mResolving deltas:  23% (4/17)[35m[mini.hipatterns] [0m[36mclone[0m[90m | [0mResolving deltas:  29% (5/17)[35m[mini.hipatterns] [0m[36mclone[0m[90m | [0mResolving deltas:  35% (6/17)[35m[mini.hipatterns] [0m[36mclone[0m[90m | [0mResolving deltas:  41% (7/17)[35m[mini.hipatterns] [0m[36mclone[0m[90m | [0mResolving deltas:  47% (8/17)[35m[mini.hipatterns] [0m[36mclone[0m[90m | [0mResolving deltas:  52% (9/17)[35m[mini.hipatterns] [0m[36mclone[0m[90m | [0mResolving deltas:  58% (10/17)[35m[mini.hipatterns] [0m[36mclone[0m[90m | [0mResolving deltas:  64% (11/17)[35m[mini.hipatterns] [0m[36mclone[0m[90m | [0mResolving deltas:  70% (12/17)[35m[mini.hipatterns] [0m[36mclone[0m[90m | [0mResolving deltas:  76% (13/17)[35m[mini.hipatterns] [0m[36mclone[0m[90m | [0mResolving deltas:  82% (14/17)[35m[mini.hipatterns] [0m[36mclone[0m[90m | [0mResolving deltas:  88% (15/17)[35m[mini.hipatterns] [0m[36mclone[0m[90m | [0mResolving deltas:  94% (16/17)[35m[mini.hipatterns] [0m[36mclone[0m[90m | [0mResolving deltas: 100% (17/17)[35m[mini.hipatterns] [0m[36mclone[0m[90m | [0mResolving deltas: 100% (17/17), done.
[35m[mini.pairs] [0m[36m     clone[0m[90m | [0mReceiving objects:  55% (126/229)[35m[mini.pairs] [0m[36m     clone[0m[90m | [0mReceiving objects:  56% (129/229)[35m[mini.pairs] [0m[36m     clone[0m[90m | [0mReceiving objects:  57% (131/229)[35m[mini.pairs] [0m[36m     clone[0m[90m | [0mReceiving objects:  58% (133/229)[35m[mini.pairs] [0m[36m     clone[0m[90m | [0mReceiving objects:  59% (136/229)[35m[mini.pairs] [0m[36m     clone[0m[90m | [0mReceiving objects:  60% (138/229)[35m[todo-comments.nvim] [0m[36mclone[0m[90m | [0mReceiving objects:  16% (124/769)[35m[todo-comments.nvim] [0m[36mclone[0m[90m | [0mReceiving objects:  17% (131/769)[35m[todo-comments.nvim] [0m[36mclone[0m[90m | [0mReceiving objects:  18% (139/769)[35m[todo-comments.nvim] [0m[36mclone[0m[90m | [0mReceiving objects:  19% (147/769)[35m[todo-comments.nvim] [0m[36mclone[0m[90m | [0mReceiving objects:  20% (154/769)[35m[todo-comments.nvim] [0m[36mclone[0m[90m | [0mReceiving objects:  21% (162/769)[35m[todo-comments.nvim] [0m[36mclone[0m[90m | [0mReceiving objects:  22% (170/769)[35m[todo-comments.nvim] [0m[36mclone[0m[90m | [0mReceiving objects:  23% (177/769)[35m[todo-comments.nvim] [0m[36mclone[0m[90m | [0mReceiving objects:  24% (185/769)[35m[todo-comments.nvim] [0m[36mclone[0m[90m | [0mReceiving objects:  25% (193/769)[35m[todo-comments.nvim] [0m[36mclone[0m[90m | [0mReceiving objects:  26% (200/769)[35m[mini.pairs] [0m[36m     clone[0m[90m | [0mReceiving objects:  61% (140/229)[35m[mini.pairs] [0m[36m     clone[0m[90m | [0mReceiving objects:  62% (142/229)[35m[mini.pairs] [0m[36m     clone[0m[90m | [0mReceiving objects:  63% (145/229)[35m[mini.pairs] [0m[36m     clone[0m[90m | [0mReceiving objects:  64% (147/229)[35m[ts-comments.nvim] [0m[36mclone[0m[90m | [0mReceiving objects:  41% (150/364)[35m[ts-comments.nvim] [0m[36mclone[0m[90m | [0mReceiving objects:  42% (153/364)[35m[ts-comments.nvim] [0m[36mclone[0m[90m | [0mReceiving objects:  43% (157/364)[35m[ts-comments.nvim] [0m[36mclone[0m[90m | [0mReceiving objects:  44% (161/364)[35m[ts-comments.nvim] [0m[36mclone[0m[90m | [0mReceiving objects:  45% (164/364)[35m[ts-comments.nvim] [0m[36mclone[0m[90m | [0mReceiving objects:  46% (168/364)[35m[ts-comments.nvim] [0m[36mclone[0m[90m | [0mReceiving objects:  47% (172/364)[35m[ts-comments.nvim] [0m[36mclone[0m[90m | [0mReceiving objects:  48% (175/364)[35m[ts-comments.nvim] [0m[36mclone[0m[90m | [0mReceiving objects:  49% (179/364)[35m[ts-comments.nvim] [0m[36mclone[0m[90m | [0mReceiving objects:  50% (182/364)[35m[todo-comments.nvim] [0m[36mclone[0m[90m | [0mReceiving objects:  27% (208/769)[35m[todo-comments.nvim] [0m[36mclone[0m[90m | [0mReceiving objects:  28% (216/769)[35m[todo-comments.nvim] [0m[36mclone[0m[90m | [0mReceiving objects:  29% (224/769)[35m[todo-comments.nvim] [0m[36mclone[0m[90m | [0mReceiving objects:  30% (231/769)[35m[todo-comments.nvim] [0m[36mclone[0m[90m | [0mReceiving objects:  31% (239/769)[35m[todo-comments.nvim] [0m[36mclone[0m[90m | [0mReceiving objects:  32% (247/769)[35m[todo-comments.nvim] [0m[36mclone[0m[90m | [0mReceiving objects:  33% (254/769)[35m[todo-comments.nvim] [0m[36mclone[0m[90m | [0mReceiving objects:  34% (262/769)[35m[todo-comments.nvim] [0m[36mclone[0m[90m | [0mReceiving objects:  35% (270/769)[35m[todo-comments.nvim] [0m[36mclone[0m[90m | [0mReceiving objects:  36% (277/769)[35m[todo-comments.nvim] [0m[36mclone[0m[90m | [0mReceiving objects:  37% (285/769)[35m[lualine.nvim] [0m[36m   clone[0m[90m | [0mReceiving objects:  13% (468/3596), 84.01 KiB | 143.00 KiB/s[35m[mini.pairs] [0m[36m     clone[0m[90m | [0mReceiving objects:  65% (149/229)[35m[mini.pairs] [0m[36m     clone[0m[90m | [0mReceiving objects:  66% (152/229)[35m[mini.pairs] [0m[36m     clone[0m[90m | [0mReceiving objects:  67% (154/229)[35m[mini.pairs] [0m[36m     clone[0m[90m | [0mReceiving objects:  68% (156/229)[35m[mini.pairs] [0m[36m     clone[0m[90m | [0mremote: Total 229 (delta 12), reused 93 (delta 8), pack-reused 131 (from 1)        
[35m[mini.pairs] [0m[36m     clone[0m[90m | [0mReceiving objects:  69% (159/229)[35m[mini.pairs] [0m[36m     clone[0m[90m | [0mReceiving objects:  70% (161/229)[35m[mini.pairs] [0m[36m     clone[0m[90m | [0mReceiving objects:  71% (163/229)[35m[mini.pairs] [0m[36m     clone[0m[90m | [0mReceiving objects:  72% (165/229)[35m[mini.pairs] [0m[36m     clone[0m[90m | [0mReceiving objects:  73% (168/229)[35m[mini.pairs] [0m[36m     clone[0m[90m | [0mReceiving objects:  74% (170/229)[35m[mini.pairs] [0m[36m     clone[0m[90m | [0mReceiving objects:  75% (172/229)[35m[mini.pairs] [0m[36m     clone[0m[90m | [0mReceiving objects:  76% (175/229)[35m[mini.pairs] [0m[36m     clone[0m[90m | [0mReceiving objects:  77% (177/229)[35m[mini.pairs] [0m[36m     clone[0m[90m | [0mReceiving objects:  78% (179/229)[35m[mini.pairs] [0m[36m     clone[0m[90m | [0mReceiving objects:  79% (181/229)[35m[mini.pairs] [0m[36m     clone[0m[90m | [0mReceiving objects:  80% (184/229)[35m[mini.pairs] [0m[36m     clone[0m[90m | [0mReceiving objects:  81% (186/229)[35m[mini.pairs] [0m[36m     clone[0m[90m | [0mReceiving objects:  82% (188/229)[35m[mini.pairs] [0m[36m     clone[0m[90m | [0mReceiving objects:  83% (191/229)[35m[mini.pairs] [0m[36m     clone[0m[90m | [0mReceiving objects:  84% (193/229)[35m[mini.pairs] [0m[36m     clone[0m[90m | [0mReceiving objects:  85% (195/229)[35m[mini.pairs] [0m[36m     clone[0m[90m | [0mReceiving objects:  86% (197/229)[35m[mini.pairs] [0m[36m     clone[0m[90m | [0mReceiving objects:  87% (200/229)[35m[mini.pairs] [0m[36m     clone[0m[90m | [0mReceiving objects:  88% (202/229)[35m[mini.pairs] [0m[36m     clone[0m[90m | [0mReceiving objects:  89% (204/229)[35m[mini.pairs] [0m[36m     clone[0m[90m | [0mReceiving objects:  90% (207/229)[35m[todo-comments.nvim] [0m[36mclone[0m[90m | [0mReceiving objects:  38% (293/769)[35m[todo-comments.nvim] [0m[36mclone[0m[90m | [0mReceiving objects:  39% (300/769)[35m[todo-comments.nvim] [0m[36mclone[0m[90m | [0mReceiving objects:  40% (308/769)[35m[todo-comments.nvim] [0m[36mclone[0m[90m | [0mReceiving objects:  41% (316/769)[35m[mini.pairs] [0m[36m     clone[0m[90m | [0mReceiving objects:  91% (209/229)[35m[mini.pairs] [0m[36m     clone[0m[90m | [0mReceiving objects:  92% (211/229)[35m[mini.pairs] [0m[36m     clone[0m[90m | [0mReceiving objects:  93% (213/229)[35m[mini.pairs] [0m[36m     clone[0m[90m | [0mReceiving objects:  94% (216/229)[35m[mini.pairs] [0m[36m     clone[0m[90m | [0mReceiving objects:  95% (218/229)[35m[mini.pairs] [0m[36m     clone[0m[90m | [0mReceiving objects:  96% (220/229)[35m[mini.pairs] [0m[36m     clone[0m[90m | [0mReceiving objects:  97% (223/229)[35m[mini.pairs] [0m[36m     clone[0m[90m | [0mReceiving objects:  98% (225/229)[35m[mini.pairs] [0m[36m     clone[0m[90m | [0mReceiving objects:  99% (227/229)[35m[mini.pairs] [0m[36m     clone[0m[90m | [0mReceiving objects: 100% (229/229)[35m[todo-comments.nvim] [0m[36mclone[0m[90m | [0mReceiving objects:  42% (323/769)[35m[todo-comments.nvim] [0m[36mclone[0m[90m | [0mReceiving objects:  43% (331/769)[35m[todo-comments.nvim] [0m[36mclone[0m[90m | [0mReceiving objects:  44% (339/769)[35m[todo-comments.nvim] [0m[36mclone[0m[90m | [0mReceiving objects:  45% (347/769)[35m[todo-comments.nvim] [0m[36mclone[0m[90m | [0mReceiving objects:  46% (354/769)[35m[mini.pairs] [0m[36m     clone[0m[90m | [0mReceiving objects: 100% (229/229), 64.13 KiB | 170.00 KiB/s, done.
[35m[mini.pairs] [0m[36m     clone[0m[90m | [0mResolving deltas:   0% (0/23)[35m[mini.pairs] [0m[36m     clone[0m[90m | [0mResolving deltas:   4% (1/23)[35m[mini.pairs] [0m[36m     clone[0m[90m | [0mResolving deltas:   8% (2/23)[35m[mini.pairs] [0m[36m     clone[0m[90m | [0mResolving deltas:  13% (3/23)[35m[mini.pairs] [0m[36m     clone[0m[90m | [0mResolving deltas:  17% (4/23)[35m[mini.pairs] [0m[36m     clone[0m[90m | [0mResolving deltas:  21% (5/23)[35m[mini.pairs] [0m[36m     clone[0m[90m | [0mResolving deltas:  26% (6/23)[35m[mini.pairs] [0m[36m     clone[0m[90m | [0mResolving deltas:  30% (7/23)[35m[mini.pairs] [0m[36m     clone[0m[90m | [0mResolving deltas:  34% (8/23)[35m[mini.pairs] [0m[36m     clone[0m[90m | [0mResolving deltas:  39% (9/23)[35m[mini.pairs] [0m[36m     clone[0m[90m | [0mResolving deltas:  47% (11/23)[35m[mini.pairs] [0m[36m     clone[0m[90m | [0mResolving deltas:  52% (12/23)[35m[mini.pairs] [0m[36m     clone[0m[90m | [0mResolving deltas:  60% (14/23)[35m[mini.pairs] [0m[36m     clone[0m[90m | [0mResolving deltas:  65% (15/23)[35m[mini.pairs] [0m[36m     clone[0m[90m | [0mResolving deltas:  69% (16/23)[35m[mini.pairs] [0m[36m     clone[0m[90m | [0mResolving deltas:  73% (17/23)[35m[mini.pairs] [0m[36m     clone[0m[90m | [0mResolving deltas:  78% (18/23)[35m[mini.pairs] [0m[36m     clone[0m[90m | [0mResolving deltas:  82% (19/23)[35m[mini.pairs] [0m[36m     clone[0m[90m | [0mResolving deltas:  86% (20/23)[35m[mini.pairs] [0m[36m     clone[0m[90m | [0mResolving deltas:  91% (21/23)[35m[mini.pairs] [0m[36m     clone[0m[90m | [0mResolving deltas:  95% (22/23)[35m[mini.pairs] [0m[36m     clone[0m[90m | [0mResolving deltas: 100% (23/23)[35m[mini.pairs] [0m[36m     clone[0m[90m | [0mResolving deltas: 100% (23/23), done.
[35m[grug-far.nvim] [0m[36m  clone[0m[90m | [0mReceiving objects:  20% (1201/6002), 164.00 KiB | 281.00 KiB/s[35m[lualine.nvim] [0m[36m   clone[0m[90m | [0mReceiving objects:  14% (504/3596), 84.01 KiB | 143.00 KiB/s[35m[persistence.nvim] [0m[36mclone[0m[90m | [0mReceiving objects:   0% (1/319)[35m[persistence.nvim] [0m[36mclone[0m[90m | [0mReceiving objects:   1% (4/319)[35m[persistence.nvim] [0m[36mclone[0m[90m | [0mReceiving objects:   2% (7/319)[35m[persistence.nvim] [0m[36mclone[0m[90m | [0mReceiving objects:   3% (10/319)[35m[persistence.nvim] [0m[36mclone[0m[90m | [0mReceiving objects:   4% (13/319)[35m[persistence.nvim] [0m[36mclone[0m[90m | [0mReceiving objects:   5% (16/319)[35m[persistence.nvim] [0m[36mclone[0m[90m | [0mReceiving objects:   6% (20/319)[35m[persistence.nvim] [0m[36mclone[0m[90m | [0mReceiving objects:   7% (23/319)[35m[persistence.nvim] [0m[36mclone[0m[90m | [0mReceiving objects:   8% (26/319)[35m[persistence.nvim] [0m[36mclone[0m[90m | [0mReceiving objects:   9% (29/319)[35m[persistence.nvim] [0m[36mclone[0m[90m | [0mReceiving objects:  10% (32/319)[35m[persistence.nvim] [0m[36mclone[0m[90m | [0mReceiving objects:  11% (36/319)[35m[persistence.nvim] [0m[36mclone[0m[90m | [0mReceiving objects:  12% (39/319)[35m[persistence.nvim] [0m[36mclone[0m[90m | [0mReceiving objects:  13% (42/319)[35m[persistence.nvim] [0m[36mclone[0m[90m | [0mReceiving objects:  14% (45/319)[35m[persistence.nvim] [0m[36mclone[0m[90m | [0mReceiving objects:  15% (48/319)[35m[persistence.nvim] [0m[36mclone[0m[90m | [0mReceiving objects:  16% (52/319)[35m[persistence.nvim] [0m[36mclone[0m[90m | [0mReceiving objects:  17% (55/319)[35m[persistence.nvim] [0m[36mclone[0m[90m | [0mReceiving objects:  18% (58/319)[35m[persistence.nvim] [0m[36mclone[0m[90m | [0mReceiving objects:  19% (61/319)[35m[persistence.nvim] [0m[36mclone[0m[90m | [0mReceiving objects:  20% (64/319)[35m[persistence.nvim] [0m[36mclone[0m[90m | [0mReceiving objects:  21% (67/319)[35m[persistence.nvim] [0m[36mclone[0m[90m | [0mReceiving objects:  22% (71/319)[35m[persistence.nvim] [0m[36mclone[0m[90m | [0mReceiving objects:  23% (74/319)[35m[persistence.nvim] [0m[36mclone[0m[90m | [0mReceiving objects:  24% (77/319)[35m[persistence.nvim] [0m[36mclone[0m[90m | [0mReceiving objects:  25% (80/319)[35m[persistence.nvim] [0m[36mclone[0m[90m | [0mReceiving objects:  26% (83/319)[35m[persistence.nvim] [0m[36mclone[0m[90m | [0mReceiving objects:  27% (87/319)[35m[persistence.nvim] [0m[36mclone[0m[90m | [0mReceiving objects:  28% (90/319)[35m[persistence.nvim] [0m[36mclone[0m[90m | [0mReceiving objects:  29% (93/319)[35m[persistence.nvim] [0m[36mclone[0m[90m | [0mReceiving objects:  30% (96/319)[35m[persistence.nvim] [0m[36mclone[0m[90m | [0mReceiving objects:  31% (99/319)[35m[persistence.nvim] [0m[36mclone[0m[90m | [0mReceiving objects:  32% (103/319)[35m[persistence.nvim] [0m[36mclone[0m[90m | [0mReceiving objects:  33% (106/319)[35m[persistence.nvim] [0m[36mclone[0m[90m | [0mReceiving objects:  34% (109/319)[35m[persistence.nvim] [0m[36mclone[0m[90m | [0mReceiving objects:  35% (112/319)[35m[persistence.nvim] [0m[36mclone[0m[90m | [0mReceiving objects:  36% (115/319)[35m[persistence.nvim] [0m[36mclone[0m[90m | [0mReceiving objects:  37% (119/319)[35m[persistence.nvim] [0m[36mclone[0m[90m | [0mReceiving objects:  38% (122/319)[35m[persistence.nvim] [0m[36mclone[0m[90m | [0mReceiving objects:  39% (125/319)[35m[persistence.nvim] [0m[36mclone[0m[90m | [0mReceiving objects:  40% (128/319)[35m[persistence.nvim] [0m[36mclone[0m[90m | [0mReceiving objects:  41% (131/319)[35m[persistence.nvim] [0m[36mclone[0m[90m | [0mReceiving objects:  42% (134/319)[35m[persistence.nvim] [0m[36mclone[0m[90m | [0mReceiving objects:  43% (138/319)[35m[persistence.nvim] [0m[36mclone[0m[90m | [0mReceiving objects:  44% (141/319)[35m[persistence.nvim] [0m[36mclone[0m[90m | [0mReceiving objects:  45% (144/319)[35m[persistence.nvim] [0m[36mclone[0m[90m | [0mReceiving objects:  46% (147/319)[35m[persistence.nvim] [0m[36mclone[0m[90m | [0mReceiving objects:  47% (150/319)[35m[persistence.nvim] [0m[36mclone[0m[90m | [0mReceiving objects:  48% (154/319)[35m[persistence.nvim] [0m[36mclone[0m[90m | [0mReceiving objects:  49% (157/319)[35m[persistence.nvim] [0m[36mclone[0m[90m | [0mReceiving objects:  50% (160/319)[35m[persistence.nvim] [0m[36mclone[0m[90m | [0mReceiving objects:  51% (163/319)[35m[persistence.nvim] [0m[36mclone[0m[90m | [0mReceiving objects:  52% (166/319)[35m[persistence.nvim] [0m[36mclone[0m[90m | [0mReceiving objects:  53% (170/319)[35m[persistence.nvim] [0m[36mclone[0m[90m | [0mReceiving objects:  54% (173/319)[35m[persistence.nvim] [0m[36mclone[0m[90m | [0mReceiving objects:  55% (176/319)[35m[lualine.nvim] [0m[36m   clone[0m[90m | [0mReceiving objects:  15% (540/3596), 84.01 KiB | 143.00 KiB/s[35m[persistence.nvim] [0m[36mclone[0m[90m | [0mReceiving objects:  56% (179/319)[35m[persistence.nvim] [0m[36mclone[0m[90m | [0mReceiving objects:  57% (182/319)[35m[persistence.nvim] [0m[36mclone[0m[90m | [0mReceiving objects:  58% (186/319)[35m[persistence.nvim] [0m[36mclone[0m[90m | [0mReceiving objects:  59% (189/319)[35m[persistence.nvim] [0m[36mclone[0m[90m | [0mReceiving objects:  60% (192/319)[35m[persistence.nvim] [0m[36mclone[0m[90m | [0mReceiving objects:  61% (195/319)[35m[persistence.nvim] [0m[36mclone[0m[90m | [0mReceiving objects:  62% (198/319)[35m[lualine.nvim] [0m[36m   clone[0m[90m | [0mReceiving objects:  16% (576/3596), 84.01 KiB | 143.00 KiB/s[35m[persistence.nvim] [0m[36mclone[0m[90m | [0mReceiving objects:  63% (201/319)[35m[persistence.nvim] [0m[36mclone[0m[90m | [0mReceiving objects:  64% (205/319)[35m[persistence.nvim] [0m[36mclone[0m[90m | [0mReceiving objects:  65% (208/319)[35m[persistence.nvim] [0m[36mclone[0m[90m | [0mReceiving objects:  66% (211/319)[35m[persistence.nvim] [0m[36mclone[0m[90m | [0mReceiving objects:  67% (214/319)[35m[persistence.nvim] [0m[36mclone[0m[90m | [0mReceiving objects:  68% (217/319)[35m[persistence.nvim] [0m[36mclone[0m[90m | [0mReceiving objects:  69% (221/319)[35m[persistence.nvim] [0m[36mclone[0m[90m | [0mReceiving objects:  70% (224/319)[35m[persistence.nvim] [0m[36mclone[0m[90m | [0mReceiving objects:  71% (227/319)[35m[persistence.nvim] [0m[36mclone[0m[90m | [0mReceiving objects:  72% (230/319)[35m[persistence.nvim] [0m[36mclone[0m[90m | [0mReceiving objects:  73% (233/319)[35m[persistence.nvim] [0m[36mclone[0m[90m | [0mReceiving objects:  74% (237/319)[35m[persistence.nvim] [0m[36mclone[0m[90m | [0mReceiving objects:  75% (240/319)[35m[persistence.nvim] [0m[36mclone[0m[90m | [0mremote: Total 319 (delta 53), reused 47 (delta 47), pack-reused 257 (from 2)        
[35m[persistence.nvim] [0m[36mclone[0m[90m | [0mReceiving objects:  76% (243/319)[35m[persistence.nvim] [0m[36mclone[0m[90m | [0mReceiving objects:  77% (246/319)[35m[persistence.nvim] [0m[36mclone[0m[90m | [0mReceiving objects:  78% (249/319)[35m[persistence.nvim] [0m[36mclone[0m[90m | [0mReceiving objects:  79% (253/319)[35m[persistence.nvim] [0m[36mclone[0m[90m | [0mReceiving objects:  80% (256/319)[35m[persistence.nvim] [0m[36mclone[0m[90m | [0mReceiving objects:  81% (259/319)[35m[persistence.nvim] [0m[36mclone[0m[90m | [0mReceiving objects:  82% (262/319)[35m[persistence.nvim] [0m[36mclone[0m[90m | [0mReceiving objects:  83% (265/319)[35m[persistence.nvim] [0m[36mclone[0m[90m | [0mReceiving objects:  84% (268/319)[35m[persistence.nvim] [0m[36mclone[0m[90m | [0mReceiving objects:  85% (272/319)[35m[persistence.nvim] [0m[36mclone[0m[90m | [0mReceiving objects:  86% (275/319)[35m[persistence.nvim] [0m[36mclone[0m[90m | [0mReceiving objects:  87% (278/319)[35m[persistence.nvim] [0m[36mclone[0m[90m | [0mReceiving objects:  88% (281/319)[35m[persistence.nvim] [0m[36mclone[0m[90m | [0mReceiving objects:  89% (284/319)[35m[persistence.nvim] [0m[36mclone[0m[90m | [0mReceiving objects:  90% (288/319)[35m[persistence.nvim] [0m[36mclone[0m[90m | [0mReceiving objects:  91% (291/319)[35m[persistence.nvim] [0m[36mclone[0m[90m | [0mReceiving objects:  92% (294/319)[35m[persistence.nvim] [0m[36mclone[0m[90m | [0mReceiving objects:  93% (297/319)[35m[persistence.nvim] [0m[36mclone[0m[90m | [0mReceiving objects:  94% (300/319)[35m[persistence.nvim] [0m[36mclone[0m[90m | [0mReceiving objects:  95% (304/319)[35m[persistence.nvim] [0m[36mclone[0m[90m | [0mReceiving objects:  96% (307/319)[35m[persistence.nvim] [0m[36mclone[0m[90m | [0mReceiving objects:  97% (310/319)[35m[persistence.nvim] [0m[36mclone[0m[90m | [0mReceiving objects:  98% (313/319)[35m[persistence.nvim] [0m[36mclone[0m[90m | [0mReceiving objects:  99% (316/319)[35m[persistence.nvim] [0m[36mclone[0m[90m | [0mReceiving objects: 100% (319/319)[35m[persistence.nvim] [0m[36mclone[0m[90m | [0mReceiving objects: 100% (319/319), 79.55 KiB | 8.84 MiB/s, done.
[35m[trouble.nvim] [0m[36m   clone[0m[90m | [0mReceiving objects:   1% (30/2940)[35m[persistence.nvim] [0m[36mclone[0m[90m | [0mResolving deltas:   0% (0/102)[35m[persistence.nvim] [0m[36mclone[0m[90m | [0mResolving deltas:   1% (2/102)[35m[persistence.nvim] [0m[36mclone[0m[90m | [0mResolving deltas:   2% (3/102)[35m[persistence.nvim] [0m[36mclone[0m[90m | [0mResolving deltas:   3% (4/102)[35m[persistence.nvim] [0m[36mclone[0m[90m | [0mResolving deltas:   6% (7/102)[35m[persistence.nvim] [0m[36mclone[0m[90m | [0mResolving deltas:   7% (8/102)[35m[persistence.nvim] [0m[36mclone[0m[90m | [0mResolving deltas:   8% (9/102)[35m[persistence.nvim] [0m[36mclone[0m[90m | [0mResolving deltas:  11% (12/102)[35m[persistence.nvim] [0m[36mclone[0m[90m | [0mResolving deltas:  12% (13/102)[35m[persistence.nvim] [0m[36mclone[0m[90m | [0mResolving deltas:  14% (15/102)[35m[persistence.nvim] [0m[36mclone[0m[90m | [0mResolving deltas:  15% (16/102)[35m[persistence.nvim] [0m[36mclone[0m[90m | [0mResolving deltas:  16% (17/102)[35m[persistence.nvim] [0m[36mclone[0m[90m | [0mResolving deltas:  17% (18/102)[35m[persistence.nvim] [0m[36mclone[0m[90m | [0mResolving deltas:  18% (19/102)[35m[persistence.nvim] [0m[36mclone[0m[90m | [0mResolving deltas:  19% (20/102)[35m[persistence.nvim] [0m[36mclone[0m[90m | [0mResolving deltas:  20% (21/102)[35m[persistence.nvim] [0m[36mclone[0m[90m | [0mResolving deltas:  21% (22/102)[35m[persistence.nvim] [0m[36mclone[0m[90m | [0mResolving deltas:  22% (23/102)[35m[persistence.nvim] [0m[36mclone[0m[90m | [0mResolving deltas:  23% (24/102)[35m[persistence.nvim] [0m[36mclone[0m[90m | [0mResolving deltas:  24% (25/102)[35m[persistence.nvim] [0m[36mclone[0m[90m | [0mResolving deltas:  25% (26/102)[35m[persistence.nvim] [0m[36mclone[0m[90m | [0mResolving deltas:  26% (27/102)[35m[persistence.nvim] [0m[36mclone[0m[90m | [0mResolving deltas:  27% (28/102)[35m[persistence.nvim] [0m[36mclone[0m[90m | [0mResolving deltas:  28% (29/102)[35m[persistence.nvim] [0m[36mclone[0m[90m | [0mResolving deltas:  29% (30/102)[35m[persistence.nvim] [0m[36mclone[0m[90m | [0mResolving deltas:  30% (31/102)[35m[persistence.nvim] [0m[36mclone[0m[90m | [0mResolving deltas:  31% (32/102)[35m[persistence.nvim] [0m[36mclone[0m[90m | [0mResolving deltas:  32% (33/102)[35m[persistence.nvim] [0m[36mclone[0m[90m | [0mResolving deltas:  33% (34/102)[35m[persistence.nvim] [0m[36mclone[0m[90m | [0mResolving deltas:  34% (35/102)[35m[persistence.nvim] [0m[36mclone[0m[90m | [0mResolving deltas:  36% (37/102)[35m[persistence.nvim] [0m[36mclone[0m[90m | [0mResolving deltas:  37% (38/102)[35m[persistence.nvim] [0m[36mclone[0m[90m | [0mResolving deltas:  38% (39/102)[35m[persistence.nvim] [0m[36mclone[0m[90m | [0mResolving deltas:  39% (40/102)[35m[persistence.nvim] [0m[36mclone[0m[90m | [0mResolving deltas:  40% (41/102)[35m[persistence.nvim] [0m[36mclone[0m[90m | [0mResolving deltas:  41% (42/102)[35m[persistence.nvim] [0m[36mclone[0m[90m | [0mResolving deltas:  42% (43/102)[35m[persistence.nvim] [0m[36mclone[0m[90m | [0mResolving deltas:  43% (44/102)[35m[persistence.nvim] [0m[36mclone[0m[90m | [0mResolving deltas:  44% (45/102)[35m[persistence.nvim] [0m[36mclone[0m[90m | [0mResolving deltas:  45% (46/102)[35m[persistence.nvim] [0m[36mclone[0m[90m | [0mResolving deltas:  46% (47/102)[35m[persistence.nvim] [0m[36mclone[0m[90m | [0mResolving deltas:  49% (50/102)[35m[persistence.nvim] [0m[36mclone[0m[90m | [0mResolving deltas:  50% (51/102)[35m[persistence.nvim] [0m[36mclone[0m[90m | [0mResolving deltas:  51% (53/102)[35m[persistence.nvim] [0m[36mclone[0m[90m | [0mResolving deltas:  52% (54/102)[35m[persistence.nvim] [0m[36mclone[0m[90m | [0mResolving deltas:  53% (55/102)[35m[persistence.nvim] [0m[36mclone[0m[90m | [0mResolving deltas:  54% (56/102)[35m[persistence.nvim] [0m[36mclone[0m[90m | [0mResolving deltas:  55% (57/102)[35m[persistence.nvim] [0m[36mclone[0m[90m | [0mResolving deltas:  56% (58/102)[35m[persistence.nvim] [0m[36mclone[0m[90m | [0mResolving deltas:  57% (59/102)[35m[persistence.nvim] [0m[36mclone[0m[90m | [0mResolving deltas:  58% (60/102)[35m[persistence.nvim] [0m[36mclone[0m[90m | [0mResolving deltas:  59% (61/102)[35m[persistence.nvim] [0m[36mclone[0m[90m | [0mResolving deltas:  60% (62/102)[35m[persistence.nvim] [0m[36mclone[0m[90m | [0mResolving deltas:  61% (63/102)[35m[persistence.nvim] [0m[36mclone[0m[90m | [0mResolving deltas:  62% (64/102)[35m[persistence.nvim] [0m[36mclone[0m[90m | [0mResolving deltas:  63% (65/102)[35m[persistence.nvim] [0m[36mclone[0m[90m | [0mResolving deltas:  64% (66/102)[35m[persistence.nvim] [0m[36mclone[0m[90m | [0mResolving deltas:  66% (68/102)[35m[persistence.nvim] [0m[36mclone[0m[90m | [0mResolving deltas:  67% (69/102)[35m[persistence.nvim] [0m[36mclone[0m[90m | [0mResolving deltas:  69% (71/102)[35m[persistence.nvim] [0m[36mclone[0m[90m | [0mResolving deltas:  70% (72/102)[35m[persistence.nvim] [0m[36mclone[0m[90m | [0mResolving deltas:  72% (74/102)[35m[persistence.nvim] [0m[36mclone[0m[90m | [0mResolving deltas:  73% (75/102)[35m[persistence.nvim] [0m[36mclone[0m[90m | [0mResolving deltas:  74% (76/102)[35m[persistence.nvim] [0m[36mclone[0m[90m | [0mResolving deltas:  75% (77/102)[35m[persistence.nvim] [0m[36mclone[0m[90m | [0mResolving deltas:  76% (78/102)[35m[persistence.nvim] [0m[36mclone[0m[90m | [0mResolving deltas:  77% (79/102)[35m[persistence.nvim] [0m[36mclone[0m[90m | [0mResolving deltas:  78% (80/102)[35m[persistence.nvim] [0m[36mclone[0m[90m | [0mResolving deltas:  80% (82/102)[35m[persistence.nvim] [0m[36mclone[0m[90m | [0mResolving deltas:  82% (84/102)[35m[persistence.nvim] [0m[36mclone[0m[90m | [0mResolving deltas:  83% (85/102)[35m[persistence.nvim] [0m[36mclone[0m[90m | [0mResolving deltas:  84% (86/102)[35m[persistence.nvim] [0m[36mclone[0m[90m | [0mResolving deltas:  85% (87/102)[35m[persistence.nvim] [0m[36mclone[0m[90m | [0mResolving deltas:  86% (88/102)[35m[persistence.nvim] [0m[36mclone[0m[90m | [0mResolving deltas:  87% (89/102)[35m[persistence.nvim] [0m[36mclone[0m[90m | [0mResolving deltas:  88% (90/102)[35m[persistence.nvim] [0m[36mclone[0m[90m | [0mResolving deltas:  89% (91/102)[35m[persistence.nvim] [0m[36mclone[0m[90m | [0mResolving deltas:  91% (93/102)[35m[persistence.nvim] [0m[36mclone[0m[90m | [0mResolving deltas:  92% (94/102)[35m[persistence.nvim] [0m[36mclone[0m[90m | [0mResolving deltas:  93% (95/102)[35m[persistence.nvim] [0m[36mclone[0m[90m | [0mResolving deltas:  94% (96/102)[35m[persistence.nvim] [0m[36mclone[0m[90m | [0mResolving deltas:  95% (97/102)[35m[persistence.nvim] [0m[36mclone[0m[90m | [0mResolving deltas:  96% (98/102)[35m[persistence.nvim] [0m[36mclone[0m[90m | [0mResolving deltas:  97% (99/102)[35m[persistence.nvim] [0m[36mclone[0m[90m | [0mResolving deltas:  98% (100/102)[35m[persistence.nvim] [0m[36mclone[0m[90m | [0mResolving deltas:  99% (101/102)[35m[persistence.nvim] [0m[36mclone[0m[90m | [0mResolving deltas: 100% (102/102)[35m[persistence.nvim] [0m[36mclone[0m[90m | [0mResolving deltas: 100% (102/102), done.
[35m[yanky.nvim] [0m[36m     clone[0m[90m | [0mReceiving objects:   0% (1/677)[35m[yanky.nvim] [0m[36m     clone[0m[90m | [0mReceiving objects:   1% (7/677)[35m[yanky.nvim] [0m[36m     clone[0m[90m | [0mReceiving objects:   2% (14/677)[35m[yanky.nvim] [0m[36m     clone[0m[90m | [0mReceiving objects:   3% (21/677)[35m[lualine.nvim] [0m[36m   clone[0m[90m | [0mReceiving objects:  17% (612/3596), 84.01 KiB | 143.00 KiB/s[35m[yanky.nvim] [0m[36m     clone[0m[90m | [0mReceiving objects:   4% (28/677)[35m[yanky.nvim] [0m[36m     clone[0m[90m | [0mReceiving objects:   5% (34/677)[35m[yanky.nvim] [0m[36m     clone[0m[90m | [0mReceiving objects:   6% (41/677)[35m[yanky.nvim] [0m[36m     clone[0m[90m | [0mReceiving objects:   7% (48/677)[35m[yanky.nvim] [0m[36m     clone[0m[90m | [0mReceiving objects:   8% (55/677)[35m[yanky.nvim] [0m[36m     clone[0m[90m | [0mReceiving objects:   9% (61/677)[35m[yanky.nvim] [0m[36m     clone[0m[90m | [0mReceiving objects:  10% (68/677)[35m[yanky.nvim] [0m[36m     clone[0m[90m | [0mReceiving objects:  11% (75/677)[35m[yanky.nvim] [0m[36m     clone[0m[90m | [0mReceiving objects:  12% (82/677)[35m[yanky.nvim] [0m[36m     clone[0m[90m | [0mReceiving objects:  13% (89/677)[35m[lualine.nvim] [0m[36m   clone[0m[90m | [0mReceiving objects:  18% (648/3596), 84.01 KiB | 143.00 KiB/s[35m[yanky.nvim] [0m[36m     clone[0m[90m | [0mReceiving objects:  14% (95/677)[35m[yanky.nvim] [0m[36m     clone[0m[90m | [0mReceiving objects:  15% (102/677)[35m[yanky.nvim] [0m[36m     clone[0m[90m | [0mReceiving objects:  16% (109/677)[35m[lualine.nvim] [0m[36m   clone[0m[90m | [0mReceiving objects:  19% (684/3596), 84.01 KiB | 143.00 KiB/s[35m[yanky.nvim] [0m[36m     clone[0m[90m | [0mReceiving objects:  17% (116/677)[35m[yanky.nvim] [0m[36m     clone[0m[90m | [0mReceiving objects:  18% (122/677)[35m[yanky.nvim] [0m[36m     clone[0m[90m | [0mReceiving objects:  19% (129/677)[35m[yanky.nvim] [0m[36m     clone[0m[90m | [0mReceiving objects:  20% (136/677)[35m[yanky.nvim] [0m[36m     clone[0m[90m | [0mReceiving objects:  21% (143/677)[35m[yanky.nvim] [0m[36m     clone[0m[90m | [0mReceiving objects:  22% (149/677)[35m[yanky.nvim] [0m[36m     clone[0m[90m | [0mReceiving objects:  23% (156/677)[35m[yanky.nvim] [0m[36m     clone[0m[90m | [0mReceiving objects:  24% (163/677)[35m[yanky.nvim] [0m[36m     clone[0m[90m | [0mReceiving objects:  25% (170/677)[35m[yanky.nvim] [0m[36m     clone[0m[90m | [0mReceiving objects:  26% (177/677)[35m[yanky.nvim] [0m[36m     clone[0m[90m | [0mReceiving objects:  27% (183/677)[35m[yanky.nvim] [0m[36m     clone[0m[90m | [0mReceiving objects:  28% (190/677)[35m[yanky.nvim] [0m[36m     clone[0m[90m | [0mReceiving objects:  29% (197/677)[35m[yanky.nvim] [0m[36m     clone[0m[90m | [0mReceiving objects:  30% (204/677)[35m[yanky.nvim] [0m[36m     clone[0m[90m | [0mReceiving objects:  31% (210/677)[35m[yanky.nvim] [0m[36m     clone[0m[90m | [0mReceiving objects:  32% (217/677)[35m[yanky.nvim] [0m[36m     clone[0m[90m | [0mReceiving objects:  33% (224/677)[35m[yanky.nvim] [0m[36m     clone[0m[90m | [0mReceiving objects:  34% (231/677)[35m[lualine.nvim] [0m[36m   clone[0m[90m | [0mReceiving objects:  20% (720/3596), 84.01 KiB | 143.00 KiB/s[35m[grug-far.nvim] [0m[36m  clone[0m[90m | [0mReceiving objects:  21% (1261/6002), 164.00 KiB | 281.00 KiB/s[35m[blink.cmp] [0m[36m      clone[0m[90m | [0mReceiving objects:   4% (464/11581), 236.00 KiB | 448.00 KiB/s[35m[grug-far.nvim] [0m[36m  clone[0m[90m | [0mReceiving objects:  22% (1321/6002), 164.00 KiB | 281.00 KiB/s[35m[noice.nvim] [0m[36m     clone[0m[90m | [0mReceiving objects:   2% (118/5871), 84.00 KiB | 151.00 KiB/s[35m[nvim-ts-autotag] [0m[36mclone[0m[90m | [0mReceiving objects:   0% (1/629)[35m[nvim-ts-autotag] [0m[36mclone[0m[90m | [0mReceiving objects:   1% (7/629)[35m[nvim-ts-autotag] [0m[36mclone[0m[90m | [0mReceiving objects:   2% (13/629)[35m[nvim-ts-autotag] [0m[36mclone[0m[90m | [0mReceiving objects:   3% (19/629)[35m[nvim-ts-autotag] [0m[36mclone[0m[90m | [0mReceiving objects:   4% (26/629)[35m[nvim-ts-autotag] [0m[36mclone[0m[90m | [0mReceiving objects:   5% (32/629)[35m[nvim-ts-autotag] [0m[36mclone[0m[90m | [0mReceiving objects:   6% (38/629)[35m[nvim-ts-autotag] [0m[36mclone[0m[90m | [0mReceiving objects:   7% (45/629)[35m[nvim-ts-autotag] [0m[36mclone[0m[90m | [0mReceiving objects:   8% (51/629)[35m[nvim-ts-autotag] [0m[36mclone[0m[90m | [0mReceiving objects:   9% (57/629)[35m[nvim-ts-autotag] [0m[36mclone[0m[90m | [0mReceiving objects:  10% (63/629)[35m[nvim-ts-autotag] [0m[36mclone[0m[90m | [0mReceiving objects:  11% (70/629)[35m[nvim-ts-autotag] [0m[36mclone[0m[90m | [0mReceiving objects:  12% (76/629)[35m[nvim-ts-autotag] [0m[36mclone[0m[90m | [0mReceiving objects:  13% (82/629)[35m[nvim-ts-autotag] [0m[36mclone[0m[90m | [0mReceiving objects:  14% (89/629)[35m[nvim-ts-autotag] [0m[36mclone[0m[90m | [0mReceiving objects:  15% (95/629)[35m[nvim-ts-autotag] [0m[36mclone[0m[90m | [0mReceiving objects:  16% (101/629)[35m[nvim-ts-autotag] [0m[36mclone[0m[90m | [0mReceiving objects:  17% (107/629)[35m[nvim-ts-autotag] [0m[36mclone[0m[90m | [0mReceiving objects:  18% (114/629)[35m[nvim-ts-autotag] [0m[36mclone[0m[90m | [0mReceiving objects:  19% (120/629)[35m[nvim-ts-autotag] [0m[36mclone[0m[90m | [0mReceiving objects:  20% (126/629)[35m[nvim-ts-autotag] [0m[36mclone[0m[90m | [0mReceiving objects:  21% (133/629)[35m[nvim-ts-autotag] [0m[36mclone[0m[90m | [0mReceiving objects:  22% (139/629)[35m[nvim-ts-autotag] [0m[36mclone[0m[90m | [0mReceiving objects:  23% (145/629)[35m[nvim-ts-autotag] [0m[36mclone[0m[90m | [0mReceiving objects:  24% (151/629)[35m[mason-lspconfig.nvim] [0m[36mclone[0m[90m | [0mReceiving objects:  14% (306/2183), 156.00 KiB | 230.00 KiB/s[35m[mason-lspconfig.nvim] [0m[36mclone[0m[90m | [0mReceiving objects:  15% (328/2183), 156.00 KiB | 230.00 KiB/s[35m[mason-lspconfig.nvim] [0m[36mclone[0m[90m | [0mReceiving objects:  16% (350/2183), 156.00 KiB | 230.00 KiB/s[35m[mason.nvim] [0m[36m     clone[0m[90m | [0mReceiving objects:   6% (747/12443), 140.00 KiB | 218.00 KiB/s[35m[mason-lspconfig.nvim] [0m[36mclone[0m[90m | [0mReceiving objects:  17% (372/2183), 156.00 KiB | 230.00 KiB/s[35m[mason-lspconfig.nvim] [0m[36mclone[0m[90m | [0mReceiving objects:  18% (393/2183), 156.00 KiB | 230.00 KiB/s[35m[mason-lspconfig.nvim] [0m[36mclone[0m[90m | [0mReceiving objects:  19% (415/2183), 156.00 KiB | 230.00 KiB/s[35m[mason-lspconfig.nvim] [0m[36mclone[0m[90m | [0mReceiving objects:  20% (437/2183), 156.00 KiB | 230.00 KiB/s[35m[mason-lspconfig.nvim] [0m[36mclone[0m[90m | [0mReceiving objects:  21% (459/2183), 156.00 KiB | 230.00 KiB/s[35m[mason-lspconfig.nvim] [0m[36mclone[0m[90m | [0mReceiving objects:  22% (481/2183), 156.00 KiB | 230.00 KiB/s[35m[mason-lspconfig.nvim] [0m[36mclone[0m[90m | [0mReceiving objects:  23% (503/2183), 156.00 KiB | 230.00 KiB/s[35m[mason-lspconfig.nvim] [0m[36mclone[0m[90m | [0mReceiving objects:  24% (524/2183), 156.00 KiB | 230.00 KiB/s[35m[mason-lspconfig.nvim] [0m[36mclone[0m[90m | [0mReceiving objects:  25% (546/2183), 156.00 KiB | 230.00 KiB/s[35m[mason-lspconfig.nvim] [0m[36mclone[0m[90m | [0mReceiving objects:  26% (568/2183), 156.00 KiB | 230.00 KiB/s[35m[mason-lspconfig.nvim] [0m[36mclone[0m[90m | [0mReceiving objects:  27% (590/2183), 156.00 KiB | 230.00 KiB/s[35m[mason-lspconfig.nvim] [0m[36mclone[0m[90m | [0mReceiving objects:  28% (612/2183), 156.00 KiB | 230.00 KiB/s[35m[mason-lspconfig.nvim] [0m[36mclone[0m[90m | [0mReceiving objects:  29% (634/2183), 156.00 KiB | 230.00 KiB/s[35m[mason-lspconfig.nvim] [0m[36mclone[0m[90m | [0mReceiving objects:  30% (655/2183), 156.00 KiB | 230.00 KiB/s[35m[mason-lspconfig.nvim] [0m[36mclone[0m[90m | [0mReceiving objects:  31% (677/2183), 156.00 KiB | 230.00 KiB/s[35m[mason-lspconfig.nvim] [0m[36mclone[0m[90m | [0mReceiving objects:  32% (699/2183), 156.00 KiB | 230.00 KiB/s[35m[mason-lspconfig.nvim] [0m[36mclone[0m[90m | [0mReceiving objects:  33% (721/2183), 156.00 KiB | 230.00 KiB/s[35m[mason-lspconfig.nvim] [0m[36mclone[0m[90m | [0mReceiving objects:  34% (743/2183), 156.00 KiB | 230.00 KiB/s[35m[mason-lspconfig.nvim] [0m[36mclone[0m[90m | [0mReceiving objects:  35% (765/2183), 156.00 KiB | 230.00 KiB/s[35m[mason-lspconfig.nvim] [0m[36mclone[0m[90m | [0mReceiving objects:  36% (786/2183), 156.00 KiB | 230.00 KiB/s[35m[mason-lspconfig.nvim] [0m[36mclone[0m[90m | [0mReceiving objects:  37% (808/2183), 156.00 KiB | 230.00 KiB/s[35m[mason-lspconfig.nvim] [0m[36mclone[0m[90m | [0mReceiving objects:  38% (830/2183), 156.00 KiB | 230.00 KiB/s[35m[mason-lspconfig.nvim] [0m[36mclone[0m[90m | [0mReceiving objects:  39% (852/2183), 156.00 KiB | 230.00 KiB/s[35m[mason-lspconfig.nvim] [0m[36mclone[0m[90m | [0mReceiving objects:  40% (874/2183), 156.00 KiB | 230.00 KiB/s[35m[mason-lspconfig.nvim] [0m[36mclone[0m[90m | [0mReceiving objects:  41% (896/2183), 156.00 KiB | 230.00 KiB/s[35m[trouble.nvim] [0m[36m   clone[0m[90m | [0mReceiving objects:   2% (59/2940)[35m[nvim-ts-autotag] [0m[36mclone[0m[90m | [0mReceiving objects:  25% (158/629)[35m[nvim-ts-autotag] [0m[36mclone[0m[90m | [0mReceiving objects:  26% (164/629)[35m[nvim-ts-autotag] [0m[36mclone[0m[90m | [0mReceiving objects:  27% (170/629)[35m[nvim-ts-autotag] [0m[36mclone[0m[90m | [0mReceiving objects:  28% (177/629)[35m[nvim-ts-autotag] [0m[36mclone[0m[90m | [0mReceiving objects:  29% (183/629)[35m[nvim-ts-autotag] [0m[36mclone[0m[90m | [0mReceiving objects:  30% (189/629)[35m[nui.nvim] [0m[36m       clone[0m[90m | [0mReceiving objects:  15% (461/3072)[35m[nui.nvim] [0m[36m       clone[0m[90m | [0mReceiving objects:  16% (492/3072)[35m[nui.nvim] [0m[36m       clone[0m[90m | [0mReceiving objects:  17% (523/3072)[35m[nvim-lint] [0m[36m      clone[0m[90m | [0mReceiving objects:   2% (54/2684)[35m[nui.nvim] [0m[36m       clone[0m[90m | [0mReceiving objects:  18% (553/3072)[35m[nui.nvim] [0m[36m       clone[0m[90m | [0mReceiving objects:  19% (584/3072)[35m[nui.nvim] [0m[36m       clone[0m[90m | [0mReceiving objects:  20% (615/3072)[35m[nui.nvim] [0m[36m       clone[0m[90m | [0mReceiving objects:  21% (646/3072)[35m[nui.nvim] [0m[36m       clone[0m[90m | [0mReceiving objects:  22% (676/3072)[35m[nui.nvim] [0m[36m       clone[0m[90m | [0mReceiving objects:  23% (707/3072)[35m[nui.nvim] [0m[36m       clone[0m[90m | [0mReceiving objects:  24% (738/3072)[35m[nvim-lint] [0m[36m      clone[0m[90m | [0mReceiving objects:   3% (81/2684)[35m[nui.nvim] [0m[36m       clone[0m[90m | [0mReceiving objects:  25% (768/3072)[35m[nui.nvim] [0m[36m       clone[0m[90m | [0mReceiving objects:  26% (799/3072)[35m[nui.nvim] [0m[36m       clone[0m[90m | [0mReceiving objects:  27% (830/3072)[35m[nui.nvim] [0m[36m       clone[0m[90m | [0mReceiving objects:  28% (861/3072)[35m[nui.nvim] [0m[36m       clone[0m[90m | [0mReceiving objects:  29% (891/3072)[35m[nui.nvim] [0m[36m       clone[0m[90m | [0mReceiving objects:  30% (922/3072)[35m[nui.nvim] [0m[36m       clone[0m[90m | [0mReceiving objects:  31% (953/3072)[35m[nvim-lint] [0m[36m      clone[0m[90m | [0mReceiving objects:   4% (108/2684)[35m[ts-comments.nvim] [0m[36mclone[0m[90m | [0mReceiving objects:  51% (186/364)[35m[ts-comments.nvim] [0m[36mclone[0m[90m | [0mReceiving objects:  52% (190/364)[35m[ts-comments.nvim] [0m[36mclone[0m[90m | [0mReceiving objects:  53% (193/364)[35m[ts-comments.nvim] [0m[36mclone[0m[90m | [0mReceiving objects:  54% (197/364)[35m[ts-comments.nvim] [0m[36mclone[0m[90m | [0mReceiving objects:  55% (201/364)[35m[ts-comments.nvim] [0m[36mclone[0m[90m | [0mReceiving objects:  56% (204/364)[35m[ts-comments.nvim] [0m[36mclone[0m[90m | [0mReceiving objects:  57% (208/364)[35m[ts-comments.nvim] [0m[36mclone[0m[90m | [0mReceiving objects:  58% (212/364)[35m[ts-comments.nvim] [0m[36mclone[0m[90m | [0mReceiving objects:  59% (215/364)[35m[ts-comments.nvim] [0m[36mclone[0m[90m | [0mReceiving objects:  60% (219/364)[35m[ts-comments.nvim] [0m[36mclone[0m[90m | [0mReceiving objects:  61% (223/364)[35m[ts-comments.nvim] [0m[36mclone[0m[90m | [0mReceiving objects:  62% (226/364)[35m[ts-comments.nvim] [0m[36mclone[0m[90m | [0mReceiving objects:  63% (230/364)[35m[ts-comments.nvim] [0m[36mclone[0m[90m | [0mReceiving objects:  64% (233/364)[35m[ts-comments.nvim] [0m[36mclone[0m[90m | [0mReceiving objects:  65% (237/364)[35m[ts-comments.nvim] [0m[36mclone[0m[90m | [0mReceiving objects:  66% (241/364)[35m[ts-comments.nvim] [0m[36mclone[0m[90m | [0mReceiving objects:  67% (244/364)[35m[ts-comments.nvim] [0m[36mclone[0m[90m | [0mReceiving objects:  68% (248/364)[35m[ts-comments.nvim] [0m[36mclone[0m[90m | [0mReceiving objects:  69% (252/364)[35m[ts-comments.nvim] [0m[36mclone[0m[90m | [0mReceiving objects:  70% (255/364)[35m[ts-comments.nvim] [0m[36mclone[0m[90m | [0mReceiving objects:  71% (259/364)[35m[ts-comments.nvim] [0m[36mclone[0m[90m | [0mReceiving objects:  72% (263/364)[35m[nui.nvim] [0m[36m       clone[0m[90m | [0mReceiving objects:  32% (984/3072)[35m[nui.nvim] [0m[36m       clone[0m[90m | [0mReceiving objects:  33% (1014/3072)[35m[nui.nvim] [0m[36m       clone[0m[90m | [0mReceiving objects:  34% (1045/3072)[35m[nui.nvim] [0m[36m       clone[0m[90m | [0mReceiving objects:  35% (1076/3072)[35m[ts-comments.nvim] [0m[36mclone[0m[90m | [0mReceiving objects:  73% (266/364)[35m[ts-comments.nvim] [0m[36mclone[0m[90m | [0mReceiving objects:  74% (270/364)[35m[ts-comments.nvim] [0m[36mclone[0m[90m | [0mReceiving objects:  75% (273/364)[35m[ts-comments.nvim] [0m[36mclone[0m[90m | [0mReceiving objects:  76% (277/364)[35m[ts-comments.nvim] [0m[36mclone[0m[90m | [0mReceiving objects:  77% (281/364)[35m[ts-comments.nvim] [0m[36mclone[0m[90m | [0mReceiving objects:  78% (284/364)[35m[ts-comments.nvim] [0m[36mclone[0m[90m | [0mReceiving objects:  79% (288/364)[35m[ts-comments.nvim] [0m[36mclone[0m[90m | [0mReceiving objects:  80% (292/364)[35m[ts-comments.nvim] [0m[36mclone[0m[90m | [0mReceiving objects:  81% (295/364)[35m[ts-comments.nvim] [0m[36mclone[0m[90m | [0mReceiving objects:  82% (299/364)[35m[nui.nvim] [0m[36m       clone[0m[90m | [0mReceiving objects:  36% (1106/3072)[35m[nui.nvim] [0m[36m       clone[0m[90m | [0mReceiving objects:  37% (1137/3072)[35m[ts-comments.nvim] [0m[36mclone[0m[90m | [0mReceiving objects:  83% (303/364)[35m[ts-comments.nvim] [0m[36mclone[0m[90m | [0mReceiving objects:  84% (306/364)[35m[ts-comments.nvim] [0m[36mclone[0m[90m | [0mReceiving objects:  85% (310/364)[35m[ts-comments.nvim] [0m[36mclone[0m[90m | [0mReceiving objects:  86% (314/364)[35m[ts-comments.nvim] [0m[36mclone[0m[90m | [0mReceiving objects:  87% (317/364)[35m[ts-comments.nvim] [0m[36mclone[0m[90m | [0mReceiving objects:  88% (321/364)[35m[nui.nvim] [0m[36m       clone[0m[90m | [0mReceiving objects:  38% (1168/3072)[35m[nui.nvim] [0m[36m       clone[0m[90m | [0mReceiving objects:  39% (1199/3072)[35m[nui.nvim] [0m[36m       clone[0m[90m | [0mReceiving objects:  40% (1229/3072)[35m[ts-comments.nvim] [0m[36mclone[0m[90m | [0mReceiving objects:  89% (324/364)[35m[ts-comments.nvim] [0m[36mclone[0m[90m | [0mremote: Total 364 (delta 6), reused 8 (delta 3), pack-reused 344 (from 2)        
[35m[ts-comments.nvim] [0m[36mclone[0m[90m | [0mReceiving objects:  90% (328/364)[35m[ts-comments.nvim] [0m[36mclone[0m[90m | [0mReceiving objects:  91% (332/364)[35m[ts-comments.nvim] [0m[36mclone[0m[90m | [0mReceiving objects:  92% (335/364)[35m[ts-comments.nvim] [0m[36mclone[0m[90m | [0mReceiving objects:  93% (339/364)[35m[ts-comments.nvim] [0m[36mclone[0m[90m | [0mReceiving objects:  94% (343/364)[35m[ts-comments.nvim] [0m[36mclone[0m[90m | [0mReceiving objects:  95% (346/364)[35m[ts-comments.nvim] [0m[36mclone[0m[90m | [0mReceiving objects:  96% (350/364)[35m[ts-comments.nvim] [0m[36mclone[0m[90m | [0mReceiving objects:  97% (354/364)[35m[ts-comments.nvim] [0m[36mclone[0m[90m | [0mReceiving objects:  98% (357/364)[35m[ts-comments.nvim] [0m[36mclone[0m[90m | [0mReceiving objects:  99% (361/364)[35m[ts-comments.nvim] [0m[36mclone[0m[90m | [0mReceiving objects: 100% (364/364)[35m[nui.nvim] [0m[36m       clone[0m[90m | [0mReceiving objects:  41% (1260/3072)[35m[ts-comments.nvim] [0m[36mclone[0m[90m | [0mReceiving objects: 100% (364/364), 90.43 KiB | 326.00 KiB/s, done.
[35m[nui.nvim] [0m[36m       clone[0m[90m | [0mReceiving objects:  42% (1291/3072)[35m[nui.nvim] [0m[36m       clone[0m[90m | [0mReceiving objects:  43% (1321/3072)[35m[ts-comments.nvim] [0m[36mclone[0m[90m | [0mResolving deltas:   0% (0/142)[35m[ts-comments.nvim] [0m[36mclone[0m[90m | [0mResolving deltas:   1% (2/142)[35m[ts-comments.nvim] [0m[36mclone[0m[90m | [0mResolving deltas:   2% (3/142)[35m[ts-comments.nvim] [0m[36mclone[0m[90m | [0mResolving deltas:   3% (5/142)[35m[ts-comments.nvim] [0m[36mclone[0m[90m | [0mResolving deltas:   4% (6/142)[35m[ts-comments.nvim] [0m[36mclone[0m[90m | [0mResolving deltas:   5% (8/142)[35m[ts-comments.nvim] [0m[36mclone[0m[90m | [0mResolving deltas:   6% (9/142)[35m[ts-comments.nvim] [0m[36mclone[0m[90m | [0mResolving deltas:   7% (10/142)[35m[ts-comments.nvim] [0m[36mclone[0m[90m | [0mResolving deltas:   8% (12/142)[35m[ts-comments.nvim] [0m[36mclone[0m[90m | [0mResolving deltas:   9% (13/142)[35m[ts-comments.nvim] [0m[36mclone[0m[90m | [0mResolving deltas:  10% (15/142)[35m[blink.cmp] [0m[36m      clone[0m[90m | [0mReceiving objects:   4% (504/11581), 348.00 KiB | 322.00 KiB/s[35m[ts-comments.nvim] [0m[36mclone[0m[90m | [0mResolving deltas:  11% (16/142)[35m[ts-comments.nvim] [0m[36mclone[0m[90m | [0mResolving deltas:  12% (18/142)[35m[ts-comments.nvim] [0m[36mclone[0m[90m | [0mResolving deltas:  13% (19/142)[35m[ts-comments.nvim] [0m[36mclone[0m[90m | [0mResolving deltas:  14% (20/142)[35m[ts-comments.nvim] [0m[36mclone[0m[90m | [0mResolving deltas:  15% (22/142)[35m[ts-comments.nvim] [0m[36mclone[0m[90m | [0mResolving deltas:  16% (23/142)[35m[ts-comments.nvim] [0m[36mclone[0m[90m | [0mResolving deltas:  17% (25/142)[35m[ts-comments.nvim] [0m[36mclone[0m[90m | [0mResolving deltas:  18% (26/142)[35m[ts-comments.nvim] [0m[36mclone[0m[90m | [0mResolving deltas:  19% (27/142)[35m[ts-comments.nvim] [0m[36mclone[0m[90m | [0mResolving deltas:  21% (30/142)[35m[ts-comments.nvim] [0m[36mclone[0m[90m | [0mResolving deltas:  22% (32/142)[35m[ts-comments.nvim] [0m[36mclone[0m[90m | [0mResolving deltas:  23% (33/142)[35m[ts-comments.nvim] [0m[36mclone[0m[90m | [0mResolving deltas:  24% (35/142)[35m[ts-comments.nvim] [0m[36mclone[0m[90m | [0mResolving deltas:  26% (37/142)[35m[ts-comments.nvim] [0m[36mclone[0m[90m | [0mResolving deltas:  27% (39/142)[35m[ts-comments.nvim] [0m[36mclone[0m[90m | [0mResolving deltas:  28% (40/142)[35m[ts-comments.nvim] [0m[36mclone[0m[90m | [0mResolving deltas:  30% (43/142)[35m[ts-comments.nvim] [0m[36mclone[0m[90m | [0mResolving deltas:  31% (45/142)[35m[ts-comments.nvim] [0m[36mclone[0m[90m | [0mResolving deltas:  32% (46/142)[35m[ts-comments.nvim] [0m[36mclone[0m[90m | [0mResolving deltas:  33% (47/142)[35m[ts-comments.nvim] [0m[36mclone[0m[90m | [0mResolving deltas:  34% (49/142)[35m[ts-comments.nvim] [0m[36mclone[0m[90m | [0mResolving deltas:  35% (50/142)[35m[ts-comments.nvim] [0m[36mclone[0m[90m | [0mResolving deltas:  36% (52/142)[35m[ts-comments.nvim] [0m[36mclone[0m[90m | [0mResolving deltas:  37% (53/142)[35m[ts-comments.nvim] [0m[36mclone[0m[90m | [0mResolving deltas:  38% (54/142)[35m[ts-comments.nvim] [0m[36mclone[0m[90m | [0mResolving deltas:  39% (56/142)[35m[ts-comments.nvim] [0m[36mclone[0m[90m | [0mResolving deltas:  40% (57/142)[35m[ts-comments.nvim] [0m[36mclone[0m[90m | [0mResolving deltas:  41% (59/142)[35m[ts-comments.nvim] [0m[36mclone[0m[90m | [0mResolving deltas:  42% (60/142)[35m[ts-comments.nvim] [0m[36mclone[0m[90m | [0mResolving deltas:  43% (62/142)[35m[ts-comments.nvim] [0m[36mclone[0m[90m | [0mResolving deltas:  44% (63/142)[35m[ts-comments.nvim] [0m[36mclone[0m[90m | [0mResolving deltas:  45% (64/142)[35m[ts-comments.nvim] [0m[36mclone[0m[90m | [0mResolving deltas:  46% (66/142)[35m[ts-comments.nvim] [0m[36mclone[0m[90m | [0mResolving deltas:  47% (67/142)[35m[ts-comments.nvim] [0m[36mclone[0m[90m | [0mResolving deltas:  48% (69/142)[35m[ts-comments.nvim] [0m[36mclone[0m[90m | [0mResolving deltas:  50% (71/142)[35m[ts-comments.nvim] [0m[36mclone[0m[90m | [0mResolving deltas:  51% (73/142)[35m[ts-comments.nvim] [0m[36mclone[0m[90m | [0mResolving deltas:  54% (77/142)[35m[ts-comments.nvim] [0m[36mclone[0m[90m | [0mResolving deltas:  55% (79/142)[35m[ts-comments.nvim] [0m[36mclone[0m[90m | [0mResolving deltas:  56% (80/142)[35m[ts-comments.nvim] [0m[36mclone[0m[90m | [0mResolving deltas:  58% (83/142)[35m[ts-comments.nvim] [0m[36mclone[0m[90m | [0mResolving deltas:  59% (84/142)[35m[ts-comments.nvim] [0m[36mclone[0m[90m | [0mResolving deltas:  60% (86/142)[35m[ts-comments.nvim] [0m[36mclone[0m[90m | [0mResolving deltas:  61% (87/142)[35m[ts-comments.nvim] [0m[36mclone[0m[90m | [0mResolving deltas:  62% (89/142)[35m[ts-comments.nvim] [0m[36mclone[0m[90m | [0mResolving deltas:  63% (90/142)[35m[ts-comments.nvim] [0m[36mclone[0m[90m | [0mResolving deltas:  64% (91/142)[35m[ts-comments.nvim] [0m[36mclone[0m[90m | [0mResolving deltas:  65% (93/142)[35m[ts-comments.nvim] [0m[36mclone[0m[90m | [0mResolving deltas:  66% (94/142)[35m[ts-comments.nvim] [0m[36mclone[0m[90m | [0mResolving deltas:  67% (96/142)[35m[ts-comments.nvim] [0m[36mclone[0m[90m | [0mResolving deltas:  68% (97/142)[35m[ts-comments.nvim] [0m[36mclone[0m[90m | [0mResolving deltas:  69% (98/142)[35m[ts-comments.nvim] [0m[36mclone[0m[90m | [0mResolving deltas:  70% (100/142)[35m[ts-comments.nvim] [0m[36mclone[0m[90m | [0mResolving deltas:  71% (101/142)[35m[ts-comments.nvim] [0m[36mclone[0m[90m | [0mResolving deltas:  72% (103/142)[35m[ts-comments.nvim] [0m[36mclone[0m[90m | [0mResolving deltas:  73% (104/142)[35m[ts-comments.nvim] [0m[36mclone[0m[90m | [0mResolving deltas:  74% (106/142)[35m[ts-comments.nvim] [0m[36mclone[0m[90m | [0mResolving deltas:  75% (107/142)[35m[ts-comments.nvim] [0m[36mclone[0m[90m | [0mResolving deltas:  76% (108/142)[35m[ts-comments.nvim] [0m[36mclone[0m[90m | [0mResolving deltas:  77% (110/142)[35m[ts-comments.nvim] [0m[36mclone[0m[90m | [0mResolving deltas:  78% (111/142)[35m[ts-comments.nvim] [0m[36mclone[0m[90m | [0mResolving deltas:  80% (114/142)[35m[ts-comments.nvim] [0m[36mclone[0m[90m | [0mResolving deltas:  81% (116/142)[35m[ts-comments.nvim] [0m[36mclone[0m[90m | [0mResolving deltas:  83% (118/142)[35m[ts-comments.nvim] [0m[36mclone[0m[90m | [0mResolving deltas:  84% (120/142)[35m[ts-comments.nvim] [0m[36mclone[0m[90m | [0mResolving deltas:  85% (121/142)[35m[ts-comments.nvim] [0m[36mclone[0m[90m | [0mResolving deltas:  86% (123/142)[35m[ts-comments.nvim] [0m[36mclone[0m[90m | [0mResolving deltas:  88% (125/142)[35m[ts-comments.nvim] [0m[36mclone[0m[90m | [0mResolving deltas:  90% (128/142)[35m[ts-comments.nvim] [0m[36mclone[0m[90m | [0mResolving deltas:  92% (131/142)[35m[ts-comments.nvim] [0m[36mclone[0m[90m | [0mResolving deltas:  93% (133/142)[35m[ts-comments.nvim] [0m[36mclone[0m[90m | [0mResolving deltas:  95% (135/142)[35m[ts-comments.nvim] [0m[36mclone[0m[90m | [0mResolving deltas:  96% (137/142)[35m[ts-comments.nvim] [0m[36mclone[0m[90m | [0mResolving deltas:  97% (138/142)[35m[ts-comments.nvim] [0m[36mclone[0m[90m | [0mResolving deltas:  98% (140/142)[35m[ts-comments.nvim] [0m[36mclone[0m[90m | [0mResolving deltas:  99% (141/142)[35m[ts-comments.nvim] [0m[36mclone[0m[90m | [0mResolving deltas: 100% (142/142)[35m[ts-comments.nvim] [0m[36mclone[0m[90m | [0mResolving deltas: 100% (142/142), done.
[35m[nvim-lint] [0m[36m      clone[0m[90m | [0mReceiving objects:   5% (135/2684)[35m[nvim-treesitter-textobjects] [0m[36mclone[0m[90m | [0mReceiving objects:   1% (30/2906), 12.01 KiB | 7.00 KiB/s[35m[nvim-treesitter-textobjects] [0m[36mclone[0m[90m | [0mReceiving objects:   2% (59/2906), 12.01 KiB | 7.00 KiB/s[35m[nvim-treesitter-textobjects] [0m[36mclone[0m[90m | [0mReceiving objects:   3% (88/2906), 12.01 KiB | 7.00 KiB/s[35m[nvim-treesitter-textobjects] [0m[36mclone[0m[90m | [0mReceiving objects:   4% (117/2906), 12.01 KiB | 7.00 KiB/s[35m[todo-comments.nvim] [0m[36mclone[0m[90m | [0mReceiving objects:  47% (362/769), 84.00 KiB | 114.00 KiB/s[35m[todo-comments.nvim] [0m[36mclone[0m[90m | [0mReceiving objects:  48% (370/769), 84.00 KiB | 114.00 KiB/s[35m[todo-comments.nvim] [0m[36mclone[0m[90m | [0mReceiving objects:  49% (377/769), 84.00 KiB | 114.00 KiB/s[35m[todo-comments.nvim] [0m[36mclone[0m[90m | [0mReceiving objects:  50% (385/769), 84.00 KiB | 114.00 KiB/s[35m[todo-comments.nvim] [0m[36mclone[0m[90m | [0mReceiving objects:  51% (393/769), 84.00 KiB | 114.00 KiB/s[35m[todo-comments.nvim] [0m[36mclone[0m[90m | [0mReceiving objects:  52% (400/769), 84.00 KiB | 114.00 KiB/s[35m[todo-comments.nvim] [0m[36mclone[0m[90m | [0mReceiving objects:  53% (408/769), 84.00 KiB | 114.00 KiB/s[35m[todo-comments.nvim] [0m[36mclone[0m[90m | [0mReceiving objects:  54% (416/769), 84.00 KiB | 114.00 KiB/s[35m[todo-comments.nvim] [0m[36mclone[0m[90m | [0mReceiving objects:  55% (423/769), 84.00 KiB | 114.00 KiB/s[35m[todo-comments.nvim] [0m[36mclone[0m[90m | [0mReceiving objects:  56% (431/769), 84.00 KiB | 114.00 KiB/s[35m[todo-comments.nvim] [0m[36mclone[0m[90m | [0mReceiving objects:  57% (439/769), 84.00 KiB | 114.00 KiB/s[35m[todo-comments.nvim] [0m[36mclone[0m[90m | [0mReceiving objects:  58% (447/769), 84.00 KiB | 114.00 KiB/s[35m[todo-comments.nvim] [0m[36mclone[0m[90m | [0mReceiving objects:  59% (454/769), 84.00 KiB | 114.00 KiB/s[35m[todo-comments.nvim] [0m[36mclone[0m[90m | [0mReceiving objects:  60% (462/769), 84.00 KiB | 114.00 KiB/s[35m[todo-comments.nvim] [0m[36mclone[0m[90m | [0mReceiving objects:  61% (470/769), 84.00 KiB | 114.00 KiB/s[35m[todo-comments.nvim] [0m[36mclone[0m[90m | [0mReceiving objects:  62% (477/769), 84.00 KiB | 114.00 KiB/s[35m[todo-comments.nvim] [0m[36mclone[0m[90m | [0mReceiving objects:  63% (485/769), 84.00 KiB | 114.00 KiB/s[35m[todo-comments.nvim] [0m[36mclone[0m[90m | [0mReceiving objects:  64% (493/769), 84.00 KiB | 114.00 KiB/s[35m[todo-comments.nvim] [0m[36mclone[0m[90m | [0mReceiving objects:  65% (500/769), 84.00 KiB | 114.00 KiB/s[35m[todo-comments.nvim] [0m[36mclone[0m[90m | [0mReceiving objects:  66% (508/769), 84.00 KiB | 114.00 KiB/s[35m[todo-comments.nvim] [0m[36mclone[0m[90m | [0mReceiving objects:  67% (516/769), 84.00 KiB | 114.00 KiB/s[35m[todo-comments.nvim] [0m[36mclone[0m[90m | [0mReceiving objects:  68% (523/769), 84.00 KiB | 114.00 KiB/s[35m[todo-comments.nvim] [0m[36mclone[0m[90m | [0mReceiving objects:  69% (531/769), 84.00 KiB | 114.00 KiB/s[35m[todo-comments.nvim] [0m[36mclone[0m[90m | [0mReceiving objects:  70% (539/769), 84.00 KiB | 114.00 KiB/s[35m[todo-comments.nvim] [0m[36mclone[0m[90m | [0mReceiving objects:  71% (546/769), 84.00 KiB | 114.00 KiB/s[35m[todo-comments.nvim] [0m[36mclone[0m[90m | [0mReceiving objects:  72% (554/769), 84.00 KiB | 114.00 KiB/s[35m[todo-comments.nvim] [0m[36mclone[0m[90m | [0mReceiving objects:  73% (562/769), 84.00 KiB | 114.00 KiB/s[35m[lualine.nvim] [0m[36m   clone[0m[90m | [0mReceiving objects:  20% (738/3596), 84.01 KiB | 143.00 KiB/s[35m[todo-comments.nvim] [0m[36mclone[0m[90m | [0mReceiving objects:  74% (570/769), 84.00 KiB | 114.00 KiB/s[35m[todo-comments.nvim] [0m[36mclone[0m[90m | [0mReceiving objects:  75% (577/769), 84.00 KiB | 114.00 KiB/s[35m[lualine.nvim] [0m[36m   clone[0m[90m | [0mReceiving objects:  21% (756/3596), 84.01 KiB | 143.00 KiB/s[35m[noice.nvim] [0m[36m     clone[0m[90m | [0mReceiving objects:   3% (177/5871), 84.00 KiB | 151.00 KiB/s[35m[todo-comments.nvim] [0m[36mclone[0m[90m | [0mReceiving objects:  76% (585/769), 84.00 KiB | 114.00 KiB/s[35m[todo-comments.nvim] [0m[36mclone[0m[90m | [0mReceiving objects:  77% (593/769), 84.00 KiB | 114.00 KiB/s[35m[todo-comments.nvim] [0m[36mclone[0m[90m | [0mReceiving objects:  78% (600/769), 84.00 KiB | 114.00 KiB/s[35m[todo-comments.nvim] [0m[36mclone[0m[90m | [0mReceiving objects:  79% (608/769), 84.00 KiB | 114.00 KiB/s[35m[yanky.nvim] [0m[36m     clone[0m[90m | [0mReceiving objects:  35% (237/677)[35m[yanky.nvim] [0m[36m     clone[0m[90m | [0mReceiving objects:  36% (244/677)[35m[yanky.nvim] [0m[36m     clone[0m[90m | [0mReceiving objects:  37% (251/677)[35m[yanky.nvim] [0m[36m     clone[0m[90m | [0mReceiving objects:  38% (258/677)[35m[yanky.nvim] [0m[36m     clone[0m[90m | [0mReceiving objects:  39% (265/677)[35m[yanky.nvim] [0m[36m     clone[0m[90m | [0mReceiving objects:  40% (271/677)[35m[yanky.nvim] [0m[36m     clone[0m[90m | [0mReceiving objects:  41% (278/677)[35m[yanky.nvim] [0m[36m     clone[0m[90m | [0mReceiving objects:  42% (285/677)[35m[yanky.nvim] [0m[36m     clone[0m[90m | [0mReceiving objects:  43% (292/677)[35m[todo-comments.nvim] [0m[36mclone[0m[90m | [0mReceiving objects:  80% (616/769), 84.00 KiB | 114.00 KiB/s[35m[todo-comments.nvim] [0m[36mclone[0m[90m | [0mReceiving objects:  81% (623/769), 84.00 KiB | 114.00 KiB/s[35m[todo-comments.nvim] [0m[36mclone[0m[90m | [0mReceiving objects:  82% (631/769), 84.00 KiB | 114.00 KiB/s[35m[todo-comments.nvim] [0m[36mclone[0m[90m | [0mReceiving objects:  83% (639/769), 84.00 KiB | 114.00 KiB/s[35m[todo-comments.nvim] [0m[36mclone[0m[90m | [0mReceiving objects:  84% (646/769), 84.00 KiB | 114.00 KiB/s[35m[todo-comments.nvim] [0m[36mclone[0m[90m | [0mReceiving objects:  85% (654/769), 84.00 KiB | 114.00 KiB/s[35m[todo-comments.nvim] [0m[36mclone[0m[90m | [0mReceiving objects:  86% (662/769), 84.00 KiB | 114.00 KiB/s[35m[todo-comments.nvim] [0m[36mclone[0m[90m | [0mReceiving objects:  87% (670/769), 84.00 KiB | 114.00 KiB/s[35m[todo-comments.nvim] [0m[36mclone[0m[90m | [0mReceiving objects:  88% (677/769), 84.00 KiB | 114.00 KiB/s[35m[todo-comments.nvim] [0m[36mclone[0m[90m | [0mReceiving objects:  89% (685/769), 84.00 KiB | 114.00 KiB/s[35m[todo-comments.nvim] [0m[36mclone[0m[90m | [0mReceiving objects:  90% (693/769), 84.00 KiB | 114.00 KiB/s[35m[todo-comments.nvim] [0m[36mclone[0m[90m | [0mReceiving objects:  91% (700/769), 84.00 KiB | 114.00 KiB/s[35m[todo-comments.nvim] [0m[36mclone[0m[90m | [0mremote: Total 769 (delta 114), reused 107 (delta 107), pack-reused 641 (from 2)        
[35m[todo-comments.nvim] [0m[36mclone[0m[90m | [0mReceiving objects:  92% (708/769), 84.00 KiB | 114.00 KiB/s[35m[todo-comments.nvim] [0m[36mclone[0m[90m | [0mReceiving objects:  93% (716/769), 84.00 KiB | 114.00 KiB/s[35m[todo-comments.nvim] [0m[36mclone[0m[90m | [0mReceiving objects:  94% (723/769), 84.00 KiB | 114.00 KiB/s[35m[todo-comments.nvim] [0m[36mclone[0m[90m | [0mReceiving objects:  95% (731/769), 84.00 KiB | 114.00 KiB/s[35m[todo-comments.nvim] [0m[36mclone[0m[90m | [0mReceiving objects:  96% (739/769), 84.00 KiB | 114.00 KiB/s[35m[todo-comments.nvim] [0m[36mclone[0m[90m | [0mReceiving objects:  97% (746/769), 84.00 KiB | 114.00 KiB/s[35m[todo-comments.nvim] [0m[36mclone[0m[90m | [0mReceiving objects:  98% (754/769), 84.00 KiB | 114.00 KiB/s[35m[todo-comments.nvim] [0m[36mclone[0m[90m | [0mReceiving objects:  99% (762/769), 84.00 KiB | 114.00 KiB/s[35m[todo-comments.nvim] [0m[36mclone[0m[90m | [0mReceiving objects: 100% (769/769), 84.00 KiB | 114.00 KiB/s[35m[todo-comments.nvim] [0m[36mclone[0m[90m | [0mReceiving objects: 100% (769/769), 163.89 KiB | 237.00 KiB/s, done.
[35m[todo-comments.nvim] [0m[36mclone[0m[90m | [0mResolving deltas:   0% (0/291)[35m[todo-comments.nvim] [0m[36mclone[0m[90m | [0mResolving deltas:   1% (3/291)[35m[todo-comments.nvim] [0m[36mclone[0m[90m | [0mResolving deltas:   2% (6/291)[35m[todo-comments.nvim] [0m[36mclone[0m[90m | [0mResolving deltas:   3% (9/291)[35m[todo-comments.nvim] [0m[36mclone[0m[90m | [0mResolving deltas:   4% (12/291)[35m[todo-comments.nvim] [0m[36mclone[0m[90m | [0mResolving deltas:   5% (15/291)[35m[todo-comments.nvim] [0m[36mclone[0m[90m | [0mResolving deltas:   6% (18/291)[35m[todo-comments.nvim] [0m[36mclone[0m[90m | [0mResolving deltas:   7% (21/291)[35m[todo-comments.nvim] [0m[36mclone[0m[90m | [0mResolving deltas:   8% (24/291)[35m[todo-comments.nvim] [0m[36mclone[0m[90m | [0mResolving deltas:   9% (28/291)[35m[todo-comments.nvim] [0m[36mclone[0m[90m | [0mResolving deltas:  10% (30/291)[35m[todo-comments.nvim] [0m[36mclone[0m[90m | [0mResolving deltas:  11% (33/291)[35m[todo-comments.nvim] [0m[36mclone[0m[90m | [0mResolving deltas:  12% (35/291)[35m[todo-comments.nvim] [0m[36mclone[0m[90m | [0mResolving deltas:  13% (40/291)[35m[todo-comments.nvim] [0m[36mclone[0m[90m | [0mResolving deltas:  14% (41/291)[35m[todo-comments.nvim] [0m[36mclone[0m[90m | [0mResolving deltas:  15% (45/291)[35m[todo-comments.nvim] [0m[36mclone[0m[90m | [0mResolving deltas:  16% (47/291)[35m[todo-comments.nvim] [0m[36mclone[0m[90m | [0mResolving deltas:  17% (50/291)[35m[todo-comments.nvim] [0m[36mclone[0m[90m | [0mResolving deltas:  18% (53/291)[35m[todo-comments.nvim] [0m[36mclone[0m[90m | [0mResolving deltas:  19% (56/291)[35m[todo-comments.nvim] [0m[36mclone[0m[90m | [0mResolving deltas:  20% (59/291)[35m[todo-comments.nvim] [0m[36mclone[0m[90m | [0mResolving deltas:  21% (62/291)[35m[todo-comments.nvim] [0m[36mclone[0m[90m | [0mResolving deltas:  22% (65/291)[35m[todo-comments.nvim] [0m[36mclone[0m[90m | [0mResolving deltas:  23% (68/291)[35m[todo-comments.nvim] [0m[36mclone[0m[90m | [0mResolving deltas:  24% (70/291)[35m[todo-comments.nvim] [0m[36mclone[0m[90m | [0mResolving deltas:  25% (75/291)[35m[todo-comments.nvim] [0m[36mclone[0m[90m | [0mResolving deltas:  26% (76/291)[35m[todo-comments.nvim] [0m[36mclone[0m[90m | [0mResolving deltas:  27% (79/291)[35m[todo-comments.nvim] [0m[36mclone[0m[90m | [0mResolving deltas:  28% (82/291)[35m[todo-comments.nvim] [0m[36mclone[0m[90m | [0mResolving deltas:  29% (85/291)[35m[todo-comments.nvim] [0m[36mclone[0m[90m | [0mResolving deltas:  30% (89/291)[35m[todo-comments.nvim] [0m[36mclone[0m[90m | [0mResolving deltas:  31% (91/291)[35m[todo-comments.nvim] [0m[36mclone[0m[90m | [0mResolving deltas:  32% (94/291)[35m[todo-comments.nvim] [0m[36mclone[0m[90m | [0mResolving deltas:  33% (97/291)[35m[todo-comments.nvim] [0m[36mclone[0m[90m | [0mResolving deltas:  34% (99/291)[35m[todo-comments.nvim] [0m[36mclone[0m[90m | [0mResolving deltas:  35% (102/291)[35m[todo-comments.nvim] [0m[36mclone[0m[90m | [0mResolving deltas:  36% (105/291)[35m[todo-comments.nvim] [0m[36mclone[0m[90m | [0mResolving deltas:  37% (108/291)[35m[todo-comments.nvim] [0m[36mclone[0m[90m | [0mResolving deltas:  38% (112/291)[35m[todo-comments.nvim] [0m[36mclone[0m[90m | [0mResolving deltas:  39% (114/291)[35m[todo-comments.nvim] [0m[36mclone[0m[90m | [0mResolving deltas:  40% (117/291)[35m[todo-comments.nvim] [0m[36mclone[0m[90m | [0mResolving deltas:  41% (120/291)[35m[todo-comments.nvim] [0m[36mclone[0m[90m | [0mResolving deltas:  42% (123/291)[35m[todo-comments.nvim] [0m[36mclone[0m[90m | [0mResolving deltas:  43% (126/291)[35m[todo-comments.nvim] [0m[36mclone[0m[90m | [0mResolving deltas:  44% (130/291)[35m[todo-comments.nvim] [0m[36mclone[0m[90m | [0mResolving deltas:  45% (131/291)[35m[todo-comments.nvim] [0m[36mclone[0m[90m | [0mResolving deltas:  46% (134/291)[35m[todo-comments.nvim] [0m[36mclone[0m[90m | [0mResolving deltas:  47% (137/291)[35m[todo-comments.nvim] [0m[36mclone[0m[90m | [0mResolving deltas:  48% (140/291)[35m[todo-comments.nvim] [0m[36mclone[0m[90m | [0mResolving deltas:  49% (143/291)[35m[todo-comments.nvim] [0m[36mclone[0m[90m | [0mResolving deltas:  50% (146/291)[35m[todo-comments.nvim] [0m[36mclone[0m[90m | [0mResolving deltas:  51% (149/291)[35m[todo-comments.nvim] [0m[36mclone[0m[90m | [0mResolving deltas:  52% (152/291)[35m[todo-comments.nvim] [0m[36mclone[0m[90m | [0mResolving deltas:  53% (155/291)[35m[todo-comments.nvim] [0m[36mclone[0m[90m | [0mResolving deltas:  54% (159/291)[35m[todo-comments.nvim] [0m[36mclone[0m[90m | [0mResolving deltas:  55% (161/291)[35m[todo-comments.nvim] [0m[36mclone[0m[90m | [0mResolving deltas:  56% (164/291)[35m[todo-comments.nvim] [0m[36mclone[0m[90m | [0mResolving deltas:  57% (166/291)[35m[todo-comments.nvim] [0m[36mclone[0m[90m | [0mResolving deltas:  58% (170/291)[35m[todo-comments.nvim] [0m[36mclone[0m[90m | [0mResolving deltas:  59% (172/291)[35m[todo-comments.nvim] [0m[36mclone[0m[90m | [0mResolving deltas:  60% (175/291)[35m[todo-comments.nvim] [0m[36mclone[0m[90m | [0mResolving deltas:  61% (178/291)[35m[todo-comments.nvim] [0m[36mclone[0m[90m | [0mResolving deltas:  62% (181/291)[35m[todo-comments.nvim] [0m[36mclone[0m[90m | [0mResolving deltas:  63% (184/291)[35m[todo-comments.nvim] [0m[36mclone[0m[90m | [0mResolving deltas:  64% (189/291)[35m[todo-comments.nvim] [0m[36mclone[0m[90m | [0mResolving deltas:  65% (190/291)[35m[todo-comments.nvim] [0m[36mclone[0m[90m | [0mResolving deltas:  66% (193/291)[35m[todo-comments.nvim] [0m[36mclone[0m[90m | [0mResolving deltas:  67% (196/291)[35m[todo-comments.nvim] [0m[36mclone[0m[90m | [0mResolving deltas:  68% (199/291)[35m[todo-comments.nvim] [0m[36mclone[0m[90m | [0mResolving deltas:  69% (201/291)[35m[todo-comments.nvim] [0m[36mclone[0m[90m | [0mResolving deltas:  70% (204/291)[35m[todo-comments.nvim] [0m[36mclone[0m[90m | [0mResolving deltas:  71% (207/291)[35m[todo-comments.nvim] [0m[36mclone[0m[90m | [0mResolving deltas:  72% (210/291)[35m[todo-comments.nvim] [0m[36mclone[0m[90m | [0mResolving deltas:  73% (214/291)[35m[todo-comments.nvim] [0m[36mclone[0m[90m | [0mResolving deltas:  74% (217/291)[35m[todo-comments.nvim] [0m[36mclone[0m[90m | [0mResolving deltas:  75% (219/291)[35m[todo-comments.nvim] [0m[36mclone[0m[90m | [0mResolving deltas:  76% (222/291)[35m[todo-comments.nvim] [0m[36mclone[0m[90m | [0mResolving deltas:  77% (225/291)[35m[todo-comments.nvim] [0m[36mclone[0m[90m | [0mResolving deltas:  78% (227/291)[35m[todo-comments.nvim] [0m[36mclone[0m[90m | [0mResolving deltas:  79% (230/291)[35m[todo-comments.nvim] [0m[36mclone[0m[90m | [0mResolving deltas:  80% (233/291)[35m[todo-comments.nvim] [0m[36mclone[0m[90m | [0mResolving deltas:  81% (236/291)[35m[todo-comments.nvim] [0m[36mclone[0m[90m | [0mResolving deltas:  82% (239/291)[35m[todo-comments.nvim] [0m[36mclone[0m[90m | [0mResolving deltas:  83% (242/291)[35m[todo-comments.nvim] [0m[36mclone[0m[90m | [0mResolving deltas:  84% (245/291)[35m[todo-comments.nvim] [0m[36mclone[0m[90m | [0mResolving deltas:  85% (248/291)[35m[todo-comments.nvim] [0m[36mclone[0m[90m | [0mResolving deltas:  86% (251/291)[35m[todo-comments.nvim] [0m[36mclone[0m[90m | [0mResolving deltas:  87% (254/291)[35m[todo-comments.nvim] [0m[36mclone[0m[90m | [0mResolving deltas:  88% (257/291)[35m[todo-comments.nvim] [0m[36mclone[0m[90m | [0mResolving deltas:  89% (259/291)[35m[todo-comments.nvim] [0m[36mclone[0m[90m | [0mResolving deltas:  90% (262/291)[35m[todo-comments.nvim] [0m[36mclone[0m[90m | [0mResolving deltas:  91% (265/291)[35m[todo-comments.nvim] [0m[36mclone[0m[90m | [0mResolving deltas:  92% (268/291)[35m[todo-comments.nvim] [0m[36mclone[0m[90m | [0mResolving deltas:  93% (271/291)[35m[todo-comments.nvim] [0m[36mclone[0m[90m | [0mResolving deltas:  94% (276/291)[35m[todo-comments.nvim] [0m[36mclone[0m[90m | [0mResolving deltas:  95% (277/291)[35m[todo-comments.nvim] [0m[36mclone[0m[90m | [0mResolving deltas:  96% (280/291)[35m[todo-comments.nvim] [0m[36mclone[0m[90m | [0mResolving deltas:  97% (283/291)[35m[todo-comments.nvim] [0m[36mclone[0m[90m | [0mResolving deltas:  98% (286/291)[35m[todo-comments.nvim] [0m[36mclone[0m[90m | [0mResolving deltas:  99% (289/291)[35m[todo-comments.nvim] [0m[36mclone[0m[90m | [0mResolving deltas: 100% (291/291)[35m[todo-comments.nvim] [0m[36mclone[0m[90m | [0mResolving deltas: 100% (291/291), done.
[35m[trouble.nvim] [0m[36m   clone[0m[90m | [0mReceiving objects:   3% (89/2940)[35m[lualine.nvim] [0m[36m   clone[0m[90m | [0mReceiving objects:  22% (792/3596), 324.01 KiB | 305.00 KiB/s[35m[lualine.nvim] [0m[36m   clone[0m[90m | [0mReceiving objects:  23% (828/3596), 324.01 KiB | 305.00 KiB/s[35m[lualine.nvim] [0m[36m   clone[0m[90m | [0mReceiving objects:  24% (864/3596), 324.01 KiB | 305.00 KiB/s[35m[lualine.nvim] [0m[36m   clone[0m[90m | [0mReceiving objects:  25% (899/3596), 324.01 KiB | 305.00 KiB/s[35m[lualine.nvim] [0m[36m   clone[0m[90m | [0mReceiving objects:  26% (935/3596), 324.01 KiB | 305.00 KiB/s[35m[lualine.nvim] [0m[36m   clone[0m[90m | [0mReceiving objects:  27% (971/3596), 324.01 KiB | 305.00 KiB/s[35m[lualine.nvim] [0m[36m   clone[0m[90m | [0mReceiving objects:  28% (1007/3596), 324.01 KiB | 305.00 KiB/s[35m[lualine.nvim] [0m[36m   clone[0m[90m | [0mReceiving objects:  29% (1043/3596), 324.01 KiB | 305.00 KiB/s[35m[lualine.nvim] [0m[36m   clone[0m[90m | [0mReceiving objects:  30% (1079/3596), 324.01 KiB | 305.00 KiB/s[35m[lualine.nvim] [0m[36m   clone[0m[90m | [0mReceiving objects:  31% (1115/3596), 324.01 KiB | 305.00 KiB/s[35m[grug-far.nvim] [0m[36m  clone[0m[90m | [0mReceiving objects:  22% (1352/6002), 284.00 KiB | 247.00 KiB/s[35m[grug-far.nvim] [0m[36m  clone[0m[90m | [0mReceiving objects:  23% (1381/6002), 284.00 KiB | 247.00 KiB/s[35m[grug-far.nvim] [0m[36m  clone[0m[90m | [0mReceiving objects:  24% (1441/6002), 284.00 KiB | 247.00 KiB/s[35m[yanky.nvim] [0m[36m     clone[0m[90m | [0mReceiving objects:  44% (298/677)[35m[yanky.nvim] [0m[36m     clone[0m[90m | [0mReceiving objects:  45% (305/677)[35m[yanky.nvim] [0m[36m     clone[0m[90m | [0mReceiving objects:  46% (312/677)[35m[yanky.nvim] [0m[36m     clone[0m[90m | [0mReceiving objects:  47% (319/677)[35m[yanky.nvim] [0m[36m     clone[0m[90m | [0mReceiving objects:  48% (325/677)[35m[yanky.nvim] [0m[36m     clone[0m[90m | [0mReceiving objects:  49% (332/677)[35m[yanky.nvim] [0m[36m     clone[0m[90m | [0mReceiving objects:  50% (339/677)[35m[yanky.nvim] [0m[36m     clone[0m[90m | [0mReceiving objects:  51% (346/677)[35m[yanky.nvim] [0m[36m     clone[0m[90m | [0mReceiving objects:  52% (353/677)[35m[yanky.nvim] [0m[36m     clone[0m[90m | [0mReceiving objects:  53% (359/677)[35m[yanky.nvim] [0m[36m     clone[0m[90m | [0mReceiving objects:  54% (366/677)[35m[yanky.nvim] [0m[36m     clone[0m[90m | [0mReceiving objects:  55% (373/677)[35m[yanky.nvim] [0m[36m     clone[0m[90m | [0mReceiving objects:  56% (380/677)[35m[yanky.nvim] [0m[36m     clone[0m[90m | [0mReceiving objects:  57% (386/677)[35m[yanky.nvim] [0m[36m     clone[0m[90m | [0mReceiving objects:  58% (393/677)[35m[yanky.nvim] [0m[36m     clone[0m[90m | [0mReceiving objects:  59% (400/677)[35m[yanky.nvim] [0m[36m     clone[0m[90m | [0mReceiving objects:  60% (407/677)[35m[yanky.nvim] [0m[36m     clone[0m[90m | [0mReceiving objects:  61% (413/677)[35m[yanky.nvim] [0m[36m     clone[0m[90m | [0mReceiving objects:  62% (420/677)[35m[yanky.nvim] [0m[36m     clone[0m[90m | [0mReceiving objects:  63% (427/677)[35m[yanky.nvim] [0m[36m     clone[0m[90m | [0mReceiving objects:  64% (434/677)[35m[yanky.nvim] [0m[36m     clone[0m[90m | [0mReceiving objects:  65% (441/677)[35m[yanky.nvim] [0m[36m     clone[0m[90m | [0mReceiving objects:  66% (447/677)[35m[yanky.nvim] [0m[36m     clone[0m[90m | [0mReceiving objects:  67% (454/677)[35m[yanky.nvim] [0m[36m     clone[0m[90m | [0mReceiving objects:  68% (461/677)[35m[yanky.nvim] [0m[36m     clone[0m[90m | [0mReceiving objects:  69% (468/677)[35m[yanky.nvim] [0m[36m     clone[0m[90m | [0mReceiving objects:  70% (474/677)[35m[yanky.nvim] [0m[36m     clone[0m[90m | [0mReceiving objects:  71% (481/677)[35m[yanky.nvim] [0m[36m     clone[0m[90m | [0mReceiving objects:  72% (488/677)[35m[yanky.nvim] [0m[36m     clone[0m[90m | [0mReceiving objects:  73% (495/677)[35m[yanky.nvim] [0m[36m     clone[0m[90m | [0mReceiving objects:  74% (501/677)[35m[yanky.nvim] [0m[36m     clone[0m[90m | [0mReceiving objects:  75% (508/677)[35m[yanky.nvim] [0m[36m     clone[0m[90m | [0mReceiving objects:  76% (515/677)[35m[lualine.nvim] [0m[36m   clone[0m[90m | [0mReceiving objects:  32% (1151/3596), 324.01 KiB | 305.00 KiB/s[35m[lualine.nvim] [0m[36m   clone[0m[90m | [0mReceiving objects:  33% (1187/3596), 324.01 KiB | 305.00 KiB/s[35m[lualine.nvim] [0m[36m   clone[0m[90m | [0mReceiving objects:  34% (1223/3596), 324.01 KiB | 305.00 KiB/s[35m[trouble.nvim] [0m[36m   clone[0m[90m | [0mReceiving objects:   4% (118/2940)[35m[lualine.nvim] [0m[36m   clone[0m[90m | [0mReceiving objects:  35% (1259/3596), 324.01 KiB | 305.00 KiB/s[35m[lualine.nvim] [0m[36m   clone[0m[90m | [0mReceiving objects:  36% (1295/3596), 324.01 KiB | 305.00 KiB/s[35m[lualine.nvim] [0m[36m   clone[0m[90m | [0mReceiving objects:  37% (1331/3596), 324.01 KiB | 305.00 KiB/s[35m[mini.icons] [0m[36m     clone[0m[90m | [0mReceiving objects:   0% (1/281)[35m[mini.icons] [0m[36m     clone[0m[90m | [0mReceiving objects:   1% (3/281)[35m[mini.icons] [0m[36m     clone[0m[90m | [0mReceiving objects:   2% (6/281)[35m[mini.icons] [0m[36m     clone[0m[90m | [0mReceiving objects:   3% (9/281)[35m[mini.icons] [0m[36m     clone[0m[90m | [0mReceiving objects:   4% (12/281)[35m[mini.icons] [0m[36m     clone[0m[90m | [0mReceiving objects:   5% (15/281)[35m[mini.icons] [0m[36m     clone[0m[90m | [0mReceiving objects:   6% (17/281)[35m[mini.icons] [0m[36m     clone[0m[90m | [0mReceiving objects:   7% (20/281)[35m[mini.icons] [0m[36m     clone[0m[90m | [0mReceiving objects:   8% (23/281)[35m[mini.icons] [0m[36m     clone[0m[90m | [0mReceiving objects:   9% (26/281)[35m[mini.icons] [0m[36m     clone[0m[90m | [0mReceiving objects:  10% (29/281)[35m[mini.icons] [0m[36m     clone[0m[90m | [0mReceiving objects:  11% (31/281)[35m[mini.icons] [0m[36m     clone[0m[90m | [0mReceiving objects:  12% (34/281)[35m[mini.icons] [0m[36m     clone[0m[90m | [0mReceiving objects:  13% (37/281)[35m[mini.icons] [0m[36m     clone[0m[90m | [0mReceiving objects:  14% (40/281)[35m[mini.icons] [0m[36m     clone[0m[90m | [0mReceiving objects:  15% (43/281)[35m[mini.icons] [0m[36m     clone[0m[90m | [0mReceiving objects:  16% (45/281)[35m[mini.icons] [0m[36m     clone[0m[90m | [0mReceiving objects:  17% (48/281)[35m[mini.icons] [0m[36m     clone[0m[90m | [0mReceiving objects:  18% (51/281)[35m[mini.icons] [0m[36m     clone[0m[90m | [0mReceiving objects:  19% (54/281)[35m[mini.icons] [0m[36m     clone[0m[90m | [0mReceiving objects:  20% (57/281)[35m[mini.icons] [0m[36m     clone[0m[90m | [0mReceiving objects:  21% (60/281)[35m[mini.icons] [0m[36m     clone[0m[90m | [0mReceiving objects:  22% (62/281)[35m[mini.icons] [0m[36m     clone[0m[90m | [0mReceiving objects:  23% (65/281)[35m[mini.icons] [0m[36m     clone[0m[90m | [0mReceiving objects:  24% (68/281)[35m[mini.icons] [0m[36m     clone[0m[90m | [0mReceiving objects:  25% (71/281)[35m[mini.icons] [0m[36m     clone[0m[90m | [0mReceiving objects:  26% (74/281)[35m[mini.icons] [0m[36m     clone[0m[90m | [0mReceiving objects:  27% (76/281)[35m[mini.icons] [0m[36m     clone[0m[90m | [0mReceiving objects:  28% (79/281)[35m[mini.icons] [0m[36m     clone[0m[90m | [0mReceiving objects:  29% (82/281)[35m[mini.icons] [0m[36m     clone[0m[90m | [0mReceiving objects:  30% (85/281)[35m[mini.icons] [0m[36m     clone[0m[90m | [0mReceiving objects:  31% (88/281)[35m[mini.icons] [0m[36m     clone[0m[90m | [0mReceiving objects:  32% (90/281)[35m[mini.icons] [0m[36m     clone[0m[90m | [0mReceiving objects:  33% (93/281)[35m[mini.icons] [0m[36m     clone[0m[90m | [0mReceiving objects:  34% (96/281)[35m[mini.icons] [0m[36m     clone[0m[90m | [0mReceiving objects:  35% (99/281)[35m[mini.icons] [0m[36m     clone[0m[90m | [0mReceiving objects:  36% (102/281)[35m[mini.icons] [0m[36m     clone[0m[90m | [0mReceiving objects:  37% (104/281)[35m[mini.icons] [0m[36m     clone[0m[90m | [0mReceiving objects:  38% (107/281)[35m[mini.icons] [0m[36m     clone[0m[90m | [0mReceiving objects:  39% (110/281)[35m[mini.icons] [0m[36m     clone[0m[90m | [0mReceiving objects:  40% (113/281)[35m[mini.icons] [0m[36m     clone[0m[90m | [0mReceiving objects:  41% (116/281)[35m[mini.icons] [0m[36m     clone[0m[90m | [0mReceiving objects:  42% (119/281)[35m[mini.icons] [0m[36m     clone[0m[90m | [0mReceiving objects:  43% (121/281)[35m[mini.icons] [0m[36m     clone[0m[90m | [0mReceiving objects:  44% (124/281)[35m[mini.icons] [0m[36m     clone[0m[90m | [0mReceiving objects:  45% (127/281)[35m[mini.icons] [0m[36m     clone[0m[90m | [0mReceiving objects:  46% (130/281)[35m[mini.icons] [0m[36m     clone[0m[90m | [0mReceiving objects:  47% (133/281)[35m[mini.icons] [0m[36m     clone[0m[90m | [0mReceiving objects:  48% (135/281)[35m[mini.icons] [0m[36m     clone[0m[90m | [0mReceiving objects:  49% (138/281)[35m[mini.icons] [0m[36m     clone[0m[90m | [0mReceiving objects:  50% (141/281)[35m[mini.icons] [0m[36m     clone[0m[90m | [0mReceiving objects:  51% (144/281)[35m[mini.icons] [0m[36m     clone[0m[90m | [0mReceiving objects:  52% (147/281)[35m[mini.icons] [0m[36m     clone[0m[90m | [0mReceiving objects:  53% (149/281)[35m[mini.icons] [0m[36m     clone[0m[90m | [0mReceiving objects:  54% (152/281)[35m[mini.icons] [0m[36m     clone[0m[90m | [0mReceiving objects:  55% (155/281)[35m[mini.icons] [0m[36m     clone[0m[90m | [0mReceiving objects:  56% (158/281)[35m[mini.icons] [0m[36m     clone[0m[90m | [0mReceiving objects:  57% (161/281)[35m[mini.icons] [0m[36m     clone[0m[90m | [0mReceiving objects:  58% (163/281)[35m[mini.icons] [0m[36m     clone[0m[90m | [0mReceiving objects:  59% (166/281)[35m[mini.icons] [0m[36m     clone[0m[90m | [0mReceiving objects:  60% (169/281)[35m[mini.icons] [0m[36m     clone[0m[90m | [0mReceiving objects:  61% (172/281)[35m[mini.icons] [0m[36m     clone[0m[90m | [0mReceiving objects:  62% (175/281)[35m[mini.icons] [0m[36m     clone[0m[90m | [0mReceiving objects:  63% (178/281)[35m[mini.icons] [0m[36m     clone[0m[90m | [0mReceiving objects:  64% (180/281)[35m[mini.icons] [0m[36m     clone[0m[90m | [0mReceiving objects:  65% (183/281)[35m[mini.icons] [0m[36m     clone[0m[90m | [0mReceiving objects:  66% (186/281)[35m[mini.icons] [0m[36m     clone[0m[90m | [0mReceiving objects:  67% (189/281)[35m[mini.icons] [0m[36m     clone[0m[90m | [0mReceiving objects:  68% (192/281)[35m[mini.icons] [0m[36m     clone[0m[90m | [0mReceiving objects:  69% (194/281)[35m[mini.icons] [0m[36m     clone[0m[90m | [0mReceiving objects:  70% (197/281)[35m[mini.icons] [0m[36m     clone[0m[90m | [0mReceiving objects:  71% (200/281)[35m[mini.icons] [0m[36m     clone[0m[90m | [0mReceiving objects:  72% (203/281)[35m[mini.icons] [0m[36m     clone[0m[90m | [0mReceiving objects:  73% (206/281)[35m[mini.icons] [0m[36m     clone[0m[90m | [0mReceiving objects:  74% (208/281)[35m[mini.icons] [0m[36m     clone[0m[90m | [0mReceiving objects:  75% (211/281)[35m[mini.icons] [0m[36m     clone[0m[90m | [0mremote: Total 281 (delta 2), reused 13 (delta 1), pack-reused 266 (from 1)        
[35m[yanky.nvim] [0m[36m     clone[0m[90m | [0mReceiving objects:  77% (522/677)[35m[lualine.nvim] [0m[36m   clone[0m[90m | [0mReceiving objects:  38% (1367/3596), 324.01 KiB | 305.00 KiB/s[35m[lualine.nvim] [0m[36m   clone[0m[90m | [0mReceiving objects:  39% (1403/3596), 324.01 KiB | 305.00 KiB/s[35m[lualine.nvim] [0m[36m   clone[0m[90m | [0mReceiving objects:  40% (1439/3596), 324.01 KiB | 305.00 KiB/s[35m[yanky.nvim] [0m[36m     clone[0m[90m | [0mReceiving objects:  78% (529/677)[35m[yanky.nvim] [0m[36m     clone[0m[90m | [0mReceiving objects:  79% (535/677)[35m[yanky.nvim] [0m[36m     clone[0m[90m | [0mReceiving objects:  80% (542/677)[35m[yanky.nvim] [0m[36m     clone[0m[90m | [0mReceiving objects:  81% (549/677)[35m[yanky.nvim] [0m[36m     clone[0m[90m | [0mReceiving objects:  82% (556/677)[35m[yanky.nvim] [0m[36m     clone[0m[90m | [0mReceiving objects:  83% (562/677)[35m[yanky.nvim] [0m[36m     clone[0m[90m | [0mReceiving objects:  84% (569/677)[35m[yanky.nvim] [0m[36m     clone[0m[90m | [0mReceiving objects:  85% (576/677)[35m[yanky.nvim] [0m[36m     clone[0m[90m | [0mReceiving objects:  86% (583/677)[35m[lualine.nvim] [0m[36m   clone[0m[90m | [0mReceiving objects:  41% (1475/3596), 324.01 KiB | 305.00 KiB/s[35m[lualine.nvim] [0m[36m   clone[0m[90m | [0mReceiving objects:  42% (1511/3596), 324.01 KiB | 305.00 KiB/s[35m[lualine.nvim] [0m[36m   clone[0m[90m | [0mReceiving objects:  43% (1547/3596), 324.01 KiB | 305.00 KiB/s[35m[mini.icons] [0m[36m     clone[0m[90m | [0mReceiving objects:  76% (214/281)[35m[mini.icons] [0m[36m     clone[0m[90m | [0mReceiving objects:  77% (217/281)[35m[mini.icons] [0m[36m     clone[0m[90m | [0mReceiving objects:  78% (220/281)[35m[mini.icons] [0m[36m     clone[0m[90m | [0mReceiving objects:  79% (222/281)[35m[mini.icons] [0m[36m     clone[0m[90m | [0mReceiving objects:  80% (225/281)[35m[mini.icons] [0m[36m     clone[0m[90m | [0mReceiving objects:  81% (228/281)[35m[mini.icons] [0m[36m     clone[0m[90m | [0mReceiving objects:  82% (231/281)[35m[mini.icons] [0m[36m     clone[0m[90m | [0mReceiving objects:  83% (234/281)[35m[mini.icons] [0m[36m     clone[0m[90m | [0mReceiving objects:  84% (237/281)[35m[mini.icons] [0m[36m     clone[0m[90m | [0mReceiving objects:  85% (239/281)[35m[mini.icons] [0m[36m     clone[0m[90m | [0mReceiving objects:  86% (242/281)[35m[mini.icons] [0m[36m     clone[0m[90m | [0mReceiving objects:  87% (245/281)[35m[mini.icons] [0m[36m     clone[0m[90m | [0mReceiving objects:  88% (248/281)[35m[mini.icons] [0m[36m     clone[0m[90m | [0mReceiving objects:  89% (251/281)[35m[mini.icons] [0m[36m     clone[0m[90m | [0mReceiving objects:  90% (253/281)[35m[mini.icons] [0m[36m     clone[0m[90m | [0mReceiving objects:  91% (256/281)[35m[mini.icons] [0m[36m     clone[0m[90m | [0mReceiving objects:  92% (259/281)[35m[mini.icons] [0m[36m     clone[0m[90m | [0mReceiving objects:  93% (262/281)[35m[mini.icons] [0m[36m     clone[0m[90m | [0mReceiving objects:  94% (265/281)[35m[mini.icons] [0m[36m     clone[0m[90m | [0mReceiving objects:  95% (267/281)[35m[mini.icons] [0m[36m     clone[0m[90m | [0mReceiving objects:  96% (270/281)[35m[mini.icons] [0m[36m     clone[0m[90m | [0mReceiving objects:  97% (273/281)[35m[mini.icons] [0m[36m     clone[0m[90m | [0mReceiving objects:  98% (276/281)[35m[mini.icons] [0m[36m     clone[0m[90m | [0mReceiving objects:  99% (279/281)[35m[mini.icons] [0m[36m     clone[0m[90m | [0mReceiving objects: 100% (281/281)[35m[mini.icons] [0m[36m     clone[0m[90m | [0mReceiving objects: 100% (281/281), 82.66 KiB | 1.27 MiB/s, done.
[35m[mini.icons] [0m[36m     clone[0m[90m | [0mResolving deltas:   0% (0/36)[35m[mini.icons] [0m[36m     clone[0m[90m | [0mResolving deltas:   2% (1/36)[35m[mini.icons] [0m[36m     clone[0m[90m | [0mResolving deltas:   5% (2/36)[35m[mini.icons] [0m[36m     clone[0m[90m | [0mResolving deltas:   8% (3/36)[35m[mini.icons] [0m[36m     clone[0m[90m | [0mResolving deltas:  11% (4/36)[35m[mini.icons] [0m[36m     clone[0m[90m | [0mResolving deltas:  13% (5/36)[35m[mini.icons] [0m[36m     clone[0m[90m | [0mResolving deltas:  19% (7/36)[35m[mini.icons] [0m[36m     clone[0m[90m | [0mResolving deltas:  22% (8/36)[35m[mini.icons] [0m[36m     clone[0m[90m | [0mResolving deltas:  25% (9/36)[35m[mini.icons] [0m[36m     clone[0m[90m | [0mResolving deltas:  27% (10/36)[35m[mini.icons] [0m[36m     clone[0m[90m | [0mResolving deltas:  30% (11/36)[35m[mini.icons] [0m[36m     clone[0m[90m | [0mResolving deltas:  33% (12/36)[35m[mini.icons] [0m[36m     clone[0m[90m | [0mResolving deltas:  36% (13/36)[35m[mini.icons] [0m[36m     clone[0m[90m | [0mResolving deltas:  38% (14/36)[35m[mini.icons] [0m[36m     clone[0m[90m | [0mResolving deltas:  41% (15/36)[35m[mini.icons] [0m[36m     clone[0m[90m | [0mResolving deltas:  44% (16/36)[35m[mini.icons] [0m[36m     clone[0m[90m | [0mResolving deltas:  47% (17/36)[35m[mini.icons] [0m[36m     clone[0m[90m | [0mResolving deltas:  50% (18/36)[35m[mini.icons] [0m[36m     clone[0m[90m | [0mResolving deltas:  52% (19/36)[35m[mini.icons] [0m[36m     clone[0m[90m | [0mResolving deltas:  55% (20/36)[35m[mini.icons] [0m[36m     clone[0m[90m | [0mResolving deltas:  58% (21/36)[35m[mini.icons] [0m[36m     clone[0m[90m | [0mResolving deltas:  61% (22/36)[35m[mini.icons] [0m[36m     clone[0m[90m | [0mResolving deltas:  63% (23/36)[35m[mini.icons] [0m[36m     clone[0m[90m | [0mResolving deltas:  66% (24/36)[35m[mini.icons] [0m[36m     clone[0m[90m | [0mResolving deltas:  69% (25/36)[35m[mini.icons] [0m[36m     clone[0m[90m | [0mResolving deltas:  72% (26/36)[35m[mini.icons] [0m[36m     clone[0m[90m | [0mResolving deltas:  75% (27/36)[35m[mini.icons] [0m[36m     clone[0m[90m | [0mResolving deltas:  77% (28/36)[35m[mini.icons] [0m[36m     clone[0m[90m | [0mResolving deltas:  80% (29/36)[35m[mini.icons] [0m[36m     clone[0m[90m | [0mResolving deltas:  83% (30/36)[35m[mini.icons] [0m[36m     clone[0m[90m | [0mResolving deltas:  86% (31/36)[35m[mini.icons] [0m[36m     clone[0m[90m | [0mResolving deltas:  88% (32/36)[35m[mini.icons] [0m[36m     clone[0m[90m | [0mResolving deltas:  91% (33/36)[35m[mini.icons] [0m[36m     clone[0m[90m | [0mResolving deltas:  94% (34/36)[35m[mini.icons] [0m[36m     clone[0m[90m | [0mResolving deltas:  97% (35/36)[35m[mini.icons] [0m[36m     clone[0m[90m | [0mResolving deltas: 100% (36/36)[35m[mini.icons] [0m[36m     clone[0m[90m | [0mResolving deltas: 100% (36/36), done.
[35m[lualine.nvim] [0m[36m   clone[0m[90m | [0mReceiving objects:  44% (1583/3596), 324.01 KiB | 305.00 KiB/s[35m[lualine.nvim] [0m[36m   clone[0m[90m | [0mReceiving objects:  45% (1619/3596), 324.01 KiB | 305.00 KiB/s[35m[lualine.nvim] [0m[36m   clone[0m[90m | [0mReceiving objects:  46% (1655/3596), 324.01 KiB | 305.00 KiB/s[35m[mason-lspconfig.nvim] [0m[36mclone[0m[90m | [0mReceiving objects:  41% (898/2183), 300.00 KiB | 250.00 KiB/s[35m[mason-lspconfig.nvim] [0m[36mclone[0m[90m | [0mReceiving objects:  42% (917/2183), 300.00 KiB | 250.00 KiB/s[35m[mason-lspconfig.nvim] [0m[36mclone[0m[90m | [0mReceiving objects:  43% (939/2183), 300.00 KiB | 250.00 KiB/s[35m[mason-lspconfig.nvim] [0m[36mclone[0m[90m | [0mReceiving objects:  44% (961/2183), 300.00 KiB | 250.00 KiB/s[35m[mason-lspconfig.nvim] [0m[36mclone[0m[90m | [0mReceiving objects:  45% (983/2183), 300.00 KiB | 250.00 KiB/s[35m[mason-lspconfig.nvim] [0m[36mclone[0m[90m | [0mReceiving objects:  46% (1005/2183), 300.00 KiB | 250.00 KiB/s[35m[noice.nvim] [0m[36m     clone[0m[90m | [0mReceiving objects:   4% (235/5871), 84.00 KiB | 151.00 KiB/s[35m[noice.nvim] [0m[36m     clone[0m[90m | [0mReceiving objects:   5% (294/5871), 84.00 KiB | 151.00 KiB/s[35m[grug-far.nvim] [0m[36m  clone[0m[90m | [0mReceiving objects:  25% (1501/6002), 284.00 KiB | 247.00 KiB/s[35m[grug-far.nvim] [0m[36m  clone[0m[90m | [0mReceiving objects:  26% (1561/6002), 284.00 KiB | 247.00 KiB/s[35m[nvim-ts-autotag] [0m[36mclone[0m[90m | [0mReceiving objects:  31% (195/629)[35m[nvim-ts-autotag] [0m[36mclone[0m[90m | [0mReceiving objects:  32% (202/629)[35m[nvim-ts-autotag] [0m[36mclone[0m[90m | [0mReceiving objects:  33% (208/629)[35m[nvim-ts-autotag] [0m[36mclone[0m[90m | [0mReceiving objects:  34% (214/629)[35m[nvim-ts-autotag] [0m[36mclone[0m[90m | [0mReceiving objects:  35% (221/629)[35m[nvim-ts-autotag] [0m[36mclone[0m[90m | [0mReceiving objects:  36% (227/629)[35m[nvim-ts-autotag] [0m[36mclone[0m[90m | [0mReceiving objects:  37% (233/629)[35m[nvim-ts-autotag] [0m[36mclone[0m[90m | [0mReceiving objects:  38% (240/629)[35m[nvim-ts-autotag] [0m[36mclone[0m[90m | [0mReceiving objects:  39% (246/629)[35m[nvim-ts-autotag] [0m[36mclone[0m[90m | [0mReceiving objects:  40% (252/629)[35m[nvim-ts-autotag] [0m[36mclone[0m[90m | [0mReceiving objects:  41% (258/629)[35m[nvim-ts-autotag] [0m[36mclone[0m[90m | [0mReceiving objects:  42% (265/629)[35m[noice.nvim] [0m[36m     clone[0m[90m | [0mReceiving objects:   6% (353/5871), 84.00 KiB | 151.00 KiB/s[35m[nvim-ts-autotag] [0m[36mclone[0m[90m | [0mReceiving objects:  43% (271/629)[35m[nvim-ts-autotag] [0m[36mclone[0m[90m | [0mReceiving objects:  44% (277/629)[35m[nvim-ts-autotag] [0m[36mclone[0m[90m | [0mReceiving objects:  45% (284/629)[35m[nvim-ts-autotag] [0m[36mclone[0m[90m | [0mReceiving objects:  46% (290/629)[35m[nvim-ts-autotag] [0m[36mclone[0m[90m | [0mReceiving objects:  47% (296/629)[35m[nvim-ts-autotag] [0m[36mclone[0m[90m | [0mReceiving objects:  48% (302/629)[35m[nvim-ts-autotag] [0m[36mclone[0m[90m | [0mReceiving objects:  49% (309/629)[35m[nvim-ts-autotag] [0m[36mclone[0m[90m | [0mReceiving objects:  50% (315/629)[35m[nvim-ts-autotag] [0m[36mclone[0m[90m | [0mReceiving objects:  51% (321/629)[35m[nvim-ts-autotag] [0m[36mclone[0m[90m | [0mReceiving objects:  52% (328/629)[35m[nvim-ts-autotag] [0m[36mclone[0m[90m | [0mReceiving objects:  53% (334/629)[35m[nvim-ts-autotag] [0m[36mclone[0m[90m | [0mReceiving objects:  54% (340/629)[35m[nvim-ts-autotag] [0m[36mclone[0m[90m | [0mReceiving objects:  55% (346/629)[35m[mason.nvim] [0m[36m     clone[0m[90m | [0mReceiving objects:   6% (852/12443), 276.00 KiB | 229.00 KiB/s[35m[mason.nvim] [0m[36m     clone[0m[90m | [0mReceiving objects:   7% (872/12443), 276.00 KiB | 229.00 KiB/s[35m[nvim-ts-autotag] [0m[36mclone[0m[90m | [0mReceiving objects:  56% (353/629)[35m[nvim-ts-autotag] [0m[36mclone[0m[90m | [0mReceiving objects:  57% (359/629)[35m[nvim-ts-autotag] [0m[36mclone[0m[90m | [0mReceiving objects:  58% (365/629)[35m[nvim-ts-autotag] [0m[36mclone[0m[90m | [0mReceiving objects:  59% (372/629)[35m[nvim-ts-autotag] [0m[36mclone[0m[90m | [0mReceiving objects:  60% (378/629)[35m[nvim-ts-autotag] [0m[36mclone[0m[90m | [0mReceiving objects:  61% (384/629)[35m[grug-far.nvim] [0m[36m  clone[0m[90m | [0mReceiving objects:  27% (1621/6002), 284.00 KiB | 247.00 KiB/s[35m[blink.cmp] [0m[36m      clone[0m[90m | [0mReceiving objects:   5% (580/11581), 348.00 KiB | 322.00 KiB/s[35m[nvim-ts-autotag] [0m[36mclone[0m[90m | [0mReceiving objects:  62% (390/629)[35m[nvim-ts-autotag] [0m[36mclone[0m[90m | [0mReceiving objects:  63% (397/629)[35m[nvim-ts-autotag] [0m[36mclone[0m[90m | [0mReceiving objects:  64% (403/629)[35m[grug-far.nvim] [0m[36m  clone[0m[90m | [0mReceiving objects:  28% (1681/6002), 284.00 KiB | 247.00 KiB/s[35m[nvim-ts-autotag] [0m[36mclone[0m[90m | [0mReceiving objects:  65% (409/629)[35m[nvim-ts-autotag] [0m[36mclone[0m[90m | [0mReceiving objects:  66% (416/629)[35m[nvim-ts-autotag] [0m[36mclone[0m[90m | [0mReceiving objects:  67% (422/629)[35m[nvim-ts-autotag] [0m[36mclone[0m[90m | [0mReceiving objects:  68% (428/629)[35m[nvim-ts-autotag] [0m[36mclone[0m[90m | [0mReceiving objects:  69% (435/629)[35m[nvim-ts-autotag] [0m[36mclone[0m[90m | [0mReceiving objects:  70% (441/629)[35m[nvim-ts-autotag] [0m[36mclone[0m[90m | [0mReceiving objects:  71% (447/629)[35m[nvim-ts-autotag] [0m[36mclone[0m[90m | [0mReceiving objects:  72% (453/629)[35m[nvim-ts-autotag] [0m[36mclone[0m[90m | [0mReceiving objects:  73% (460/629)[35m[nvim-ts-autotag] [0m[36mclone[0m[90m | [0mReceiving objects:  74% (466/629)[35m[nvim-ts-autotag] [0m[36mclone[0m[90m | [0mReceiving objects:  75% (472/629)[35m[mason-lspconfig.nvim] [0m[36mclone[0m[90m | [0mReceiving objects:  47% (1027/2183), 300.00 KiB | 250.00 KiB/s[35m[mason-lspconfig.nvim] [0m[36mclone[0m[90m | [0mReceiving objects:  48% (1048/2183), 300.00 KiB | 250.00 KiB/s[35m[mason-lspconfig.nvim] [0m[36mclone[0m[90m | [0mReceiving objects:  49% (1070/2183), 300.00 KiB | 250.00 KiB/s[35m[mason-lspconfig.nvim] [0m[36mclone[0m[90m | [0mReceiving objects:  50% (1092/2183), 300.00 KiB | 250.00 KiB/s[35m[mason-lspconfig.nvim] [0m[36mclone[0m[90m | [0mReceiving objects:  51% (1114/2183), 300.00 KiB | 250.00 KiB/s[35m[mason-lspconfig.nvim] [0m[36mclone[0m[90m | [0mReceiving objects:  52% (1136/2183), 300.00 KiB | 250.00 KiB/s[35m[mason-lspconfig.nvim] [0m[36mclone[0m[90m | [0mReceiving objects:  53% (1157/2183), 300.00 KiB | 250.00 KiB/s[35m[mason-lspconfig.nvim] [0m[36mclone[0m[90m | [0mReceiving objects:  54% (1179/2183), 300.00 KiB | 250.00 KiB/s[35m[mason-lspconfig.nvim] [0m[36mclone[0m[90m | [0mReceiving objects:  55% (1201/2183), 300.00 KiB | 250.00 KiB/s[35m[mason-lspconfig.nvim] [0m[36mclone[0m[90m | [0mReceiving objects:  56% (1223/2183), 300.00 KiB | 250.00 KiB/s[35m[mason-lspconfig.nvim] [0m[36mclone[0m[90m | [0mReceiving objects:  57% (1245/2183), 300.00 KiB | 250.00 KiB/s[35m[mason-lspconfig.nvim] [0m[36mclone[0m[90m | [0mReceiving objects:  58% (1267/2183), 300.00 KiB | 250.00 KiB/s[35m[mason-lspconfig.nvim] [0m[36mclone[0m[90m | [0mReceiving objects:  59% (1288/2183), 300.00 KiB | 250.00 KiB/s[35m[mason-lspconfig.nvim] [0m[36mclone[0m[90m | [0mReceiving objects:  60% (1310/2183), 300.00 KiB | 250.00 KiB/s[35m[mason-lspconfig.nvim] [0m[36mclone[0m[90m | [0mReceiving objects:  61% (1332/2183), 300.00 KiB | 250.00 KiB/s[35m[mason-lspconfig.nvim] [0m[36mclone[0m[90m | [0mReceiving objects:  62% (1354/2183), 300.00 KiB | 250.00 KiB/s[35m[mason-lspconfig.nvim] [0m[36mclone[0m[90m | [0mReceiving objects:  63% (1376/2183), 300.00 KiB | 250.00 KiB/s[35m[mason-lspconfig.nvim] [0m[36mclone[0m[90m | [0mReceiving objects:  64% (1398/2183), 300.00 KiB | 250.00 KiB/s[35m[mason-lspconfig.nvim] [0m[36mclone[0m[90m | [0mReceiving objects:  65% (1419/2183), 300.00 KiB | 250.00 KiB/s[35m[mason-lspconfig.nvim] [0m[36mclone[0m[90m | [0mReceiving objects:  66% (1441/2183), 300.00 KiB | 250.00 KiB/s[35m[mason-lspconfig.nvim] [0m[36mclone[0m[90m | [0mReceiving objects:  67% (1463/2183), 300.00 KiB | 250.00 KiB/s[35m[mason-lspconfig.nvim] [0m[36mclone[0m[90m | [0mReceiving objects:  68% (1485/2183), 300.00 KiB | 250.00 KiB/s[35m[mason-lspconfig.nvim] [0m[36mclone[0m[90m | [0mReceiving objects:  69% (1507/2183), 300.00 KiB | 250.00 KiB/s[35m[mason-lspconfig.nvim] [0m[36mclone[0m[90m | [0mReceiving objects:  70% (1529/2183), 300.00 KiB | 250.00 KiB/s[35m[mason-lspconfig.nvim] [0m[36mclone[0m[90m | [0mReceiving objects:  71% (1550/2183), 300.00 KiB | 250.00 KiB/s[35m[mason-lspconfig.nvim] [0m[36mclone[0m[90m | [0mReceiving objects:  72% (1572/2183), 300.00 KiB | 250.00 KiB/s[35m[mason-lspconfig.nvim] [0m[36mclone[0m[90m | [0mReceiving objects:  73% (1594/2183), 300.00 KiB | 250.00 KiB/s[35m[mason-lspconfig.nvim] [0m[36mclone[0m[90m | [0mReceiving objects:  74% (1616/2183), 300.00 KiB | 250.00 KiB/s[35m[mason-lspconfig.nvim] [0m[36mclone[0m[90m | [0mReceiving objects:  75% (1638/2183), 300.00 KiB | 250.00 KiB/s[35m[mason-lspconfig.nvim] [0m[36mclone[0m[90m | [0mReceiving objects:  76% (1660/2183), 300.00 KiB | 250.00 KiB/s[35m[mason-lspconfig.nvim] [0m[36mclone[0m[90m | [0mReceiving objects:  77% (1681/2183), 300.00 KiB | 250.00 KiB/s[35m[mason-lspconfig.nvim] [0m[36mclone[0m[90m | [0mReceiving objects:  78% (1703/2183), 300.00 KiB | 250.00 KiB/s[35m[mason-lspconfig.nvim] [0m[36mclone[0m[90m | [0mReceiving objects:  79% (1725/2183), 300.00 KiB | 250.00 KiB/s[35m[mason-lspconfig.nvim] [0m[36mclone[0m[90m | [0mReceiving objects:  80% (1747/2183), 300.00 KiB | 250.00 KiB/s[35m[nvim-ts-autotag] [0m[36mclone[0m[90m | [0mReceiving objects:  76% (479/629)[35m[nvim-ts-autotag] [0m[36mclone[0m[90m | [0mReceiving objects:  77% (485/629)[35m[nvim-ts-autotag] [0m[36mclone[0m[90m | [0mReceiving objects:  78% (491/629)[35m[nvim-ts-autotag] [0m[36mclone[0m[90m | [0mReceiving objects:  79% (497/629)[35m[nvim-ts-autotag] [0m[36mclone[0m[90m | [0mReceiving objects:  80% (504/629)[35m[nvim-ts-autotag] [0m[36mclone[0m[90m | [0mReceiving objects:  81% (510/629)[35m[nvim-ts-autotag] [0m[36mclone[0m[90m | [0mReceiving objects:  82% (516/629)[35m[nvim-ts-autotag] [0m[36mclone[0m[90m | [0mReceiving objects:  83% (523/629)[35m[nvim-ts-autotag] [0m[36mclone[0m[90m | [0mReceiving objects:  84% (529/629)[35m[nvim-ts-autotag] [0m[36mclone[0m[90m | [0mReceiving objects:  85% (535/629)[35m[nvim-ts-autotag] [0m[36mclone[0m[90m | [0mReceiving objects:  86% (541/629)[35m[nvim-ts-autotag] [0m[36mclone[0m[90m | [0mReceiving objects:  87% (548/629)[35m[nvim-ts-autotag] [0m[36mclone[0m[90m | [0mremote: Total 629 (delta 119), reused 101 (delta 96), pack-reused 408 (from 2)        
[35m[nvim-ts-autotag] [0m[36mclone[0m[90m | [0mReceiving objects:  88% (554/629)[35m[nvim-ts-autotag] [0m[36mclone[0m[90m | [0mReceiving objects:  89% (560/629)[35m[nvim-ts-autotag] [0m[36mclone[0m[90m | [0mReceiving objects:  90% (567/629)[35m[nvim-ts-autotag] [0m[36mclone[0m[90m | [0mReceiving objects:  91% (573/629)[35m[nvim-ts-autotag] [0m[36mclone[0m[90m | [0mReceiving objects:  92% (579/629)[35m[nvim-ts-autotag] [0m[36mclone[0m[90m | [0mReceiving objects:  93% (585/629)[35m[nvim-ts-autotag] [0m[36mclone[0m[90m | [0mReceiving objects:  94% (592/629)[35m[nvim-ts-autotag] [0m[36mclone[0m[90m | [0mReceiving objects:  95% (598/629)[35m[nvim-ts-autotag] [0m[36mclone[0m[90m | [0mReceiving objects:  96% (604/629)[35m[nvim-ts-autotag] [0m[36mclone[0m[90m | [0mReceiving objects:  97% (611/629)[35m[nvim-ts-autotag] [0m[36mclone[0m[90m | [0mReceiving objects:  98% (617/629)[35m[nvim-ts-autotag] [0m[36mclone[0m[90m | [0mReceiving objects:  99% (623/629)[35m[nvim-ts-autotag] [0m[36mclone[0m[90m | [0mReceiving objects: 100% (629/629)[35m[nvim-ts-autotag] [0m[36mclone[0m[90m | [0mReceiving objects: 100% (629/629), 92.50 KiB | 232.00 KiB/s, done.
[35m[mason-lspconfig.nvim] [0m[36mclone[0m[90m | [0mReceiving objects:  81% (1769/2183), 300.00 KiB | 250.00 KiB/s[35m[mason-lspconfig.nvim] [0m[36mclone[0m[90m | [0mReceiving objects:  82% (1791/2183), 300.00 KiB | 250.00 KiB/s[35m[nvim-ts-autotag] [0m[36mclone[0m[90m | [0mResolving deltas:   0% (0/218)[35m[nvim-ts-autotag] [0m[36mclone[0m[90m | [0mResolving deltas:   1% (3/218)[35m[nvim-ts-autotag] [0m[36mclone[0m[90m | [0mResolving deltas:   2% (5/218)[35m[mason-lspconfig.nvim] [0m[36mclone[0m[90m | [0mReceiving objects:  83% (1812/2183), 300.00 KiB | 250.00 KiB/s[35m[mason-lspconfig.nvim] [0m[36mclone[0m[90m | [0mReceiving objects:  84% (1834/2183), 300.00 KiB | 250.00 KiB/s[35m[mason-lspconfig.nvim] [0m[36mclone[0m[90m | [0mReceiving objects:  85% (1856/2183), 300.00 KiB | 250.00 KiB/s[35m[nvim-ts-autotag] [0m[36mclone[0m[90m | [0mResolving deltas:   3% (7/218)[35m[nvim-ts-autotag] [0m[36mclone[0m[90m | [0mResolving deltas:   4% (9/218)[35m[nvim-ts-autotag] [0m[36mclone[0m[90m | [0mResolving deltas:   5% (11/218)[35m[nvim-ts-autotag] [0m[36mclone[0m[90m | [0mResolving deltas:   6% (15/218)[35m[nvim-ts-autotag] [0m[36mclone[0m[90m | [0mResolving deltas:   7% (16/218)[35m[nvim-ts-autotag] [0m[36mclone[0m[90m | [0mResolving deltas:   8% (18/218)[35m[nvim-ts-autotag] [0m[36mclone[0m[90m | [0mResolving deltas:   9% (20/218)[35m[nvim-ts-autotag] [0m[36mclone[0m[90m | [0mResolving deltas:  10% (22/218)[35m[nvim-ts-autotag] [0m[36mclone[0m[90m | [0mResolving deltas:  11% (24/218)[35m[nvim-ts-autotag] [0m[36mclone[0m[90m | [0mResolving deltas:  12% (28/218)[35m[nvim-ts-autotag] [0m[36mclone[0m[90m | [0mResolving deltas:  13% (30/218)[35m[nvim-ts-autotag] [0m[36mclone[0m[90m | [0mResolving deltas:  14% (31/218)[35m[nvim-ts-autotag] [0m[36mclone[0m[90m | [0mResolving deltas:  15% (33/218)[35m[mason-lspconfig.nvim] [0m[36mclone[0m[90m | [0mReceiving objects:  86% (1878/2183), 300.00 KiB | 250.00 KiB/s[35m[mason-lspconfig.nvim] [0m[36mclone[0m[90m | [0mReceiving objects:  87% (1900/2183), 300.00 KiB | 250.00 KiB/s[35m[mason-lspconfig.nvim] [0m[36mclone[0m[90m | [0mReceiving objects:  88% (1922/2183), 300.00 KiB | 250.00 KiB/s[35m[mason-lspconfig.nvim] [0m[36mclone[0m[90m | [0mReceiving objects:  89% (1943/2183), 300.00 KiB | 250.00 KiB/s[35m[mason-lspconfig.nvim] [0m[36mclone[0m[90m | [0mReceiving objects:  90% (1965/2183), 300.00 KiB | 250.00 KiB/s[35m[mason-lspconfig.nvim] [0m[36mclone[0m[90m | [0mReceiving objects:  91% (1987/2183), 300.00 KiB | 250.00 KiB/s[35m[nvim-ts-autotag] [0m[36mclone[0m[90m | [0mResolving deltas:  16% (35/218)[35m[nvim-ts-autotag] [0m[36mclone[0m[90m | [0mResolving deltas:  17% (38/218)[35m[nvim-ts-autotag] [0m[36mclone[0m[90m | [0mResolving deltas:  18% (40/218)[35m[nvim-ts-autotag] [0m[36mclone[0m[90m | [0mResolving deltas:  19% (42/218)[35m[nvim-ts-autotag] [0m[36mclone[0m[90m | [0mResolving deltas:  20% (44/218)[35m[nvim-ts-autotag] [0m[36mclone[0m[90m | [0mResolving deltas:  21% (46/218)[35m[nvim-ts-autotag] [0m[36mclone[0m[90m | [0mResolving deltas:  22% (49/218)[35m[nvim-ts-autotag] [0m[36mclone[0m[90m | [0mResolving deltas:  23% (51/218)[35m[nvim-ts-autotag] [0m[36mclone[0m[90m | [0mResolving deltas:  24% (53/218)[35m[nvim-ts-autotag] [0m[36mclone[0m[90m | [0mResolving deltas:  25% (55/218)[35m[nvim-ts-autotag] [0m[36mclone[0m[90m | [0mResolving deltas:  26% (57/218)[35m[nvim-ts-autotag] [0m[36mclone[0m[90m | [0mResolving deltas:  27% (60/218)[35m[nvim-ts-autotag] [0m[36mclone[0m[90m | [0mResolving deltas:  28% (63/218)[35m[nvim-ts-autotag] [0m[36mclone[0m[90m | [0mResolving deltas:  29% (65/218)[35m[nvim-ts-autotag] [0m[36mclone[0m[90m | [0mResolving deltas:  30% (66/218)[35m[nvim-ts-autotag] [0m[36mclone[0m[90m | [0mResolving deltas:  31% (68/218)[35m[nvim-ts-autotag] [0m[36mclone[0m[90m | [0mResolving deltas:  32% (70/218)[35m[nvim-ts-autotag] [0m[36mclone[0m[90m | [0mResolving deltas:  33% (72/218)[35m[nvim-ts-autotag] [0m[36mclone[0m[90m | [0mResolving deltas:  34% (75/218)[35m[nvim-ts-autotag] [0m[36mclone[0m[90m | [0mResolving deltas:  35% (77/218)[35m[nvim-ts-autotag] [0m[36mclone[0m[90m | [0mResolving deltas:  36% (79/218)[35m[nvim-ts-autotag] [0m[36mclone[0m[90m | [0mResolving deltas:  37% (81/218)[35m[nvim-ts-autotag] [0m[36mclone[0m[90m | [0mResolving deltas:  38% (83/218)[35m[nvim-ts-autotag] [0m[36mclone[0m[90m | [0mResolving deltas:  39% (86/218)[35m[nvim-ts-autotag] [0m[36mclone[0m[90m | [0mResolving deltas:  40% (88/218)[35m[nvim-ts-autotag] [0m[36mclone[0m[90m | [0mResolving deltas:  41% (91/218)[35m[nvim-ts-autotag] [0m[36mclone[0m[90m | [0mResolving deltas:  42% (92/218)[35m[nvim-ts-autotag] [0m[36mclone[0m[90m | [0mResolving deltas:  43% (94/218)[35m[nvim-ts-autotag] [0m[36mclone[0m[90m | [0mResolving deltas:  44% (96/218)[35m[nvim-ts-autotag] [0m[36mclone[0m[90m | [0mResolving deltas:  45% (99/218)[35m[mason-lspconfig.nvim] [0m[36mclone[0m[90m | [0mReceiving objects:  92% (2009/2183), 300.00 KiB | 250.00 KiB/s[35m[mason-lspconfig.nvim] [0m[36mclone[0m[90m | [0mReceiving objects:  93% (2031/2183), 300.00 KiB | 250.00 KiB/s[35m[mason-lspconfig.nvim] [0m[36mclone[0m[90m | [0mReceiving objects:  94% (2053/2183), 300.00 KiB | 250.00 KiB/s[35m[mason-lspconfig.nvim] [0m[36mclone[0m[90m | [0mReceiving objects:  95% (2074/2183), 300.00 KiB | 250.00 KiB/s[35m[nvim-ts-autotag] [0m[36mclone[0m[90m | [0mResolving deltas:  46% (101/218)[35m[nvim-ts-autotag] [0m[36mclone[0m[90m | [0mResolving deltas:  47% (103/218)[35m[nvim-ts-autotag] [0m[36mclone[0m[90m | [0mResolving deltas:  48% (105/218)[35m[nvim-ts-autotag] [0m[36mclone[0m[90m | [0mResolving deltas:  50% (109/218)[35m[nvim-ts-autotag] [0m[36mclone[0m[90m | [0mResolving deltas:  51% (113/218)[35m[nvim-ts-autotag] [0m[36mclone[0m[90m | [0mResolving deltas:  52% (114/218)[35m[nvim-ts-autotag] [0m[36mclone[0m[90m | [0mResolving deltas:  54% (118/218)[35m[nvim-ts-autotag] [0m[36mclone[0m[90m | [0mResolving deltas:  55% (120/218)[35m[nvim-ts-autotag] [0m[36mclone[0m[90m | [0mResolving deltas:  56% (123/218)[35m[nvim-ts-autotag] [0m[36mclone[0m[90m | [0mResolving deltas:  57% (125/218)[35m[nvim-ts-autotag] [0m[36mclone[0m[90m | [0mResolving deltas:  58% (127/218)[35m[nvim-ts-autotag] [0m[36mclone[0m[90m | [0mResolving deltas:  59% (129/218)[35m[nvim-ts-autotag] [0m[36mclone[0m[90m | [0mResolving deltas:  60% (131/218)[35m[nvim-ts-autotag] [0m[36mclone[0m[90m | [0mResolving deltas:  61% (133/218)[35m[nvim-ts-autotag] [0m[36mclone[0m[90m | [0mResolving deltas:  62% (136/218)[35m[nvim-ts-autotag] [0m[36mclone[0m[90m | [0mResolving deltas:  63% (138/218)[35m[nvim-ts-autotag] [0m[36mclone[0m[90m | [0mResolving deltas:  64% (140/218)[35m[nvim-ts-autotag] [0m[36mclone[0m[90m | [0mResolving deltas:  65% (142/218)[35m[nvim-ts-autotag] [0m[36mclone[0m[90m | [0mResolving deltas:  66% (144/218)[35m[nvim-ts-autotag] [0m[36mclone[0m[90m | [0mResolving deltas:  67% (147/218)[35m[nvim-ts-autotag] [0m[36mclone[0m[90m | [0mResolving deltas:  68% (149/218)[35m[nvim-ts-autotag] [0m[36mclone[0m[90m | [0mResolving deltas:  69% (151/218)[35m[nvim-ts-autotag] [0m[36mclone[0m[90m | [0mResolving deltas:  70% (153/218)[35m[nvim-ts-autotag] [0m[36mclone[0m[90m | [0mResolving deltas:  71% (155/218)[35m[nvim-ts-autotag] [0m[36mclone[0m[90m | [0mResolving deltas:  72% (157/218)[35m[nvim-ts-autotag] [0m[36mclone[0m[90m | [0mResolving deltas:  73% (160/218)[35m[nvim-ts-autotag] [0m[36mclone[0m[90m | [0mResolving deltas:  74% (163/218)[35m[nvim-ts-autotag] [0m[36mclone[0m[90m | [0mResolving deltas:  75% (164/218)[35m[nvim-ts-autotag] [0m[36mclone[0m[90m | [0mResolving deltas:  76% (167/218)[35m[nvim-ts-autotag] [0m[36mclone[0m[90m | [0mResolving deltas:  77% (168/218)[35m[nvim-ts-autotag] [0m[36mclone[0m[90m | [0mResolving deltas:  78% (171/218)[35m[nvim-ts-autotag] [0m[36mclone[0m[90m | [0mResolving deltas:  79% (174/218)[35m[nvim-ts-autotag] [0m[36mclone[0m[90m | [0mResolving deltas:  80% (175/218)[35m[nvim-ts-autotag] [0m[36mclone[0m[90m | [0mResolving deltas:  81% (177/218)[35m[nvim-ts-autotag] [0m[36mclone[0m[90m | [0mResolving deltas:  82% (180/218)[35m[nvim-ts-autotag] [0m[36mclone[0m[90m | [0mResolving deltas:  83% (181/218)[35m[nvim-ts-autotag] [0m[36mclone[0m[90m | [0mResolving deltas:  84% (184/218)[35m[nvim-ts-autotag] [0m[36mclone[0m[90m | [0mResolving deltas:  85% (186/218)[35m[nvim-ts-autotag] [0m[36mclone[0m[90m | [0mResolving deltas:  86% (188/218)[35m[nvim-ts-autotag] [0m[36mclone[0m[90m | [0mResolving deltas:  87% (190/218)[35m[nvim-ts-autotag] [0m[36mclone[0m[90m | [0mResolving deltas:  88% (192/218)[35m[nvim-ts-autotag] [0m[36mclone[0m[90m | [0mResolving deltas:  89% (195/218)[35m[nvim-ts-autotag] [0m[36mclone[0m[90m | [0mResolving deltas:  90% (197/218)[35m[nvim-ts-autotag] [0m[36mclone[0m[90m | [0mResolving deltas:  91% (200/218)[35m[nvim-ts-autotag] [0m[36mclone[0m[90m | [0mResolving deltas:  92% (201/218)[35m[nvim-ts-autotag] [0m[36mclone[0m[90m | [0mResolving deltas:  93% (203/218)[35m[nvim-ts-autotag] [0m[36mclone[0m[90m | [0mResolving deltas:  94% (205/218)[35m[nvim-ts-autotag] [0m[36mclone[0m[90m | [0mResolving deltas:  95% (208/218)[35m[nvim-ts-autotag] [0m[36mclone[0m[90m | [0mResolving deltas:  96% (210/218)[35m[nvim-ts-autotag] [0m[36mclone[0m[90m | [0mResolving deltas:  97% (212/218)[35m[nvim-ts-autotag] [0m[36mclone[0m[90m | [0mResolving deltas:  98% (214/218)[35m[nvim-ts-autotag] [0m[36mclone[0m[90m | [0mResolving deltas:  99% (216/218)[35m[nvim-ts-autotag] [0m[36mclone[0m[90m | [0mResolving deltas: 100% (218/218)[35m[nvim-ts-autotag] [0m[36mclone[0m[90m | [0mResolving deltas: 100% (218/218), done.
[35m[mason-lspconfig.nvim] [0m[36mclone[0m[90m | [0mReceiving objects:  96% (2096/2183), 300.00 KiB | 250.00 KiB/s[35m[nui.nvim] [0m[36m       clone[0m[90m | [0mReceiving objects:  44% (1352/3072), 148.00 KiB | 182.00 KiB/s[35m[nui.nvim] [0m[36m       clone[0m[90m | [0mReceiving objects:  45% (1383/3072), 148.00 KiB | 182.00 KiB/s[35m[nui.nvim] [0m[36m       clone[0m[90m | [0mReceiving objects:  46% (1414/3072), 148.00 KiB | 182.00 KiB/s[35m[nui.nvim] [0m[36m       clone[0m[90m | [0mReceiving objects:  47% (1444/3072), 148.00 KiB | 182.00 KiB/s[35m[nui.nvim] [0m[36m       clone[0m[90m | [0mReceiving objects:  48% (1475/3072), 148.00 KiB | 182.00 KiB/s[35m[nui.nvim] [0m[36m       clone[0m[90m | [0mReceiving objects:  49% (1506/3072), 148.00 KiB | 182.00 KiB/s[35m[nui.nvim] [0m[36m       clone[0m[90m | [0mReceiving objects:  50% (1536/3072), 148.00 KiB | 182.00 KiB/s[35m[nui.nvim] [0m[36m       clone[0m[90m | [0mReceiving objects:  51% (1567/3072), 148.00 KiB | 182.00 KiB/s[35m[nui.nvim] [0m[36m       clone[0m[90m | [0mReceiving objects:  52% (1598/3072), 148.00 KiB | 182.00 KiB/s[35m[nvim-lint] [0m[36m      clone[0m[90m | [0mReceiving objects:   6% (162/2684), 92.01 KiB | 106.00 KiB/s[35m[nui.nvim] [0m[36m       clone[0m[90m | [0mReceiving objects:  53% (1629/3072), 148.00 KiB | 182.00 KiB/s[35m[nui.nvim] [0m[36m       clone[0m[90m | [0mReceiving objects:  54% (1659/3072), 148.00 KiB | 182.00 KiB/s[35m[nvim-lint] [0m[36m      clone[0m[90m | [0mReceiving objects:   7% (188/2684), 92.01 KiB | 106.00 KiB/s[35m[nui.nvim] [0m[36m       clone[0m[90m | [0mReceiving objects:  55% (1690/3072), 148.00 KiB | 182.00 KiB/s[35m[nui.nvim] [0m[36m       clone[0m[90m | [0mReceiving objects:  56% (1721/3072), 148.00 KiB | 182.00 KiB/s[35m[nui.nvim] [0m[36m       clone[0m[90m | [0mReceiving objects:  57% (1752/3072), 148.00 KiB | 182.00 KiB/s[35m[nui.nvim] [0m[36m       clone[0m[90m | [0mReceiving objects:  58% (1782/3072), 148.00 KiB | 182.00 KiB/s[35m[nui.nvim] [0m[36m       clone[0m[90m | [0mReceiving objects:  59% (1813/3072), 148.00 KiB | 182.00 KiB/s[35m[nui.nvim] [0m[36m       clone[0m[90m | [0mReceiving objects:  60% (1844/3072), 148.00 KiB | 182.00 KiB/s[35m[nui.nvim] [0m[36m       clone[0m[90m | [0mReceiving objects:  61% (1874/3072), 148.00 KiB | 182.00 KiB/s[35m[nui.nvim] [0m[36m       clone[0m[90m | [0mReceiving objects:  62% (1905/3072), 148.00 KiB | 182.00 KiB/s[35m[nui.nvim] [0m[36m       clone[0m[90m | [0mReceiving objects:  63% (1936/3072), 148.00 KiB | 182.00 KiB/s[35m[nui.nvim] [0m[36m       clone[0m[90m | [0mReceiving objects:  64% (1967/3072), 148.00 KiB | 182.00 KiB/s[35m[nui.nvim] [0m[36m       clone[0m[90m | [0mReceiving objects:  65% (1997/3072), 148.00 KiB | 182.00 KiB/s[35m[nui.nvim] [0m[36m       clone[0m[90m | [0mReceiving objects:  66% (2028/3072), 148.00 KiB | 182.00 KiB/s[35m[nui.nvim] [0m[36m       clone[0m[90m | [0mReceiving objects:  67% (2059/3072), 148.00 KiB | 182.00 KiB/s[35m[nui.nvim] [0m[36m       clone[0m[90m | [0mReceiving objects:  68% (2089/3072), 148.00 KiB | 182.00 KiB/s[35m[nui.nvim] [0m[36m       clone[0m[90m | [0mReceiving objects:  69% (2120/3072), 148.00 KiB | 182.00 KiB/s[35m[nui.nvim] [0m[36m       clone[0m[90m | [0mReceiving objects:  70% (2151/3072), 148.00 KiB | 182.00 KiB/s[35m[nui.nvim] [0m[36m       clone[0m[90m | [0mReceiving objects:  71% (2182/3072), 148.00 KiB | 182.00 KiB/s[35m[nui.nvim] [0m[36m       clone[0m[90m | [0mReceiving objects:  72% (2212/3072), 148.00 KiB | 182.00 KiB/s[35m[nui.nvim] [0m[36m       clone[0m[90m | [0mReceiving objects:  73% (2243/3072), 148.00 KiB | 182.00 KiB/s[35m[nui.nvim] [0m[36m       clone[0m[90m | [0mReceiving objects:  74% (2274/3072), 148.00 KiB | 182.00 KiB/s[35m[nui.nvim] [0m[36m       clone[0m[90m | [0mReceiving objects:  75% (2304/3072), 148.00 KiB | 182.00 KiB/s[35m[nui.nvim] [0m[36m       clone[0m[90m | [0mReceiving objects:  76% (2335/3072), 148.00 KiB | 182.00 KiB/s[35m[nui.nvim] [0m[36m       clone[0m[90m | [0mReceiving objects:  77% (2366/3072), 148.00 KiB | 182.00 KiB/s[35m[nui.nvim] [0m[36m       clone[0m[90m | [0mReceiving objects:  78% (2397/3072), 148.00 KiB | 182.00 KiB/s[35m[nui.nvim] [0m[36m       clone[0m[90m | [0mReceiving objects:  79% (2427/3072), 148.00 KiB | 182.00 KiB/s[35m[nui.nvim] [0m[36m       clone[0m[90m | [0mReceiving objects:  80% (2458/3072), 148.00 KiB | 182.00 KiB/s[35m[nui.nvim] [0m[36m       clone[0m[90m | [0mReceiving objects:  81% (2489/3072), 148.00 KiB | 182.00 KiB/s[35m[nui.nvim] [0m[36m       clone[0m[90m | [0mReceiving objects:  82% (2520/3072), 148.00 KiB | 182.00 KiB/s[35m[nui.nvim] [0m[36m       clone[0m[90m | [0mReceiving objects:  83% (2550/3072), 148.00 KiB | 182.00 KiB/s[35m[nui.nvim] [0m[36m       clone[0m[90m | [0mReceiving objects:  84% (2581/3072), 148.00 KiB | 182.00 KiB/s[35m[nui.nvim] [0m[36m       clone[0m[90m | [0mReceiving objects:  85% (2612/3072), 148.00 KiB | 182.00 KiB/s[35m[nui.nvim] [0m[36m       clone[0m[90m | [0mReceiving objects:  86% (2642/3072), 148.00 KiB | 182.00 KiB/s[35m[nui.nvim] [0m[36m       clone[0m[90m | [0mReceiving objects:  87% (2673/3072), 148.00 KiB | 182.00 KiB/s[35m[nui.nvim] [0m[36m       clone[0m[90m | [0mReceiving objects:  88% (2704/3072), 148.00 KiB | 182.00 KiB/s[35m[nui.nvim] [0m[36m       clone[0m[90m | [0mReceiving objects:  89% (2735/3072), 148.00 KiB | 182.00 KiB/s[35m[nui.nvim] [0m[36m       clone[0m[90m | [0mReceiving objects:  90% (2765/3072), 148.00 KiB | 182.00 KiB/s[35m[nvim-lint] [0m[36m      clone[0m[90m | [0mReceiving objects:   8% (215/2684), 92.01 KiB | 106.00 KiB/s[35m[nvim-lint] [0m[36m      clone[0m[90m | [0mReceiving objects:   9% (242/2684), 92.01 KiB | 106.00 KiB/s[35m[nui.nvim] [0m[36m       clone[0m[90m | [0mReceiving objects:  91% (2796/3072), 148.00 KiB | 182.00 KiB/s[35m[nvim-treesitter-textobjects] [0m[36mclone[0m[90m | [0mReceiving objects:   5% (146/2906), 12.01 KiB | 7.00 KiB/s[35m[nvim-treesitter-textobjects] [0m[36mclone[0m[90m | [0mReceiving objects:   6% (175/2906), 12.01 KiB | 7.00 KiB/s[35m[nvim-treesitter-textobjects] [0m[36mclone[0m[90m | [0mReceiving objects:   7% (204/2906), 12.01 KiB | 7.00 KiB/s[35m[nvim-treesitter-textobjects] [0m[36mclone[0m[90m | [0mReceiving objects:   8% (233/2906), 12.01 KiB | 7.00 KiB/s[35m[nvim-treesitter-textobjects] [0m[36mclone[0m[90m | [0mReceiving objects:   9% (262/2906), 12.01 KiB | 7.00 KiB/s[35m[nvim-treesitter-textobjects] [0m[36mclone[0m[90m | [0mReceiving objects:  10% (291/2906), 12.01 KiB | 7.00 KiB/s[35m[nvim-treesitter-textobjects] [0m[36mclone[0m[90m | [0mReceiving objects:  11% (320/2906), 12.01 KiB | 7.00 KiB/s[35m[nvim-treesitter-textobjects] [0m[36mclone[0m[90m | [0mReceiving objects:  12% (349/2906), 12.01 KiB | 7.00 KiB/s[35m[nvim-treesitter-textobjects] [0m[36mclone[0m[90m | [0mReceiving objects:  13% (378/2906), 12.01 KiB | 7.00 KiB/s[35m[nvim-treesitter-textobjects] [0m[36mclone[0m[90m | [0mReceiving objects:  14% (407/2906), 12.01 KiB | 7.00 KiB/s[35m[nvim-treesitter-textobjects] [0m[36mclone[0m[90m | [0mReceiving objects:  15% (436/2906), 12.01 KiB | 7.00 KiB/s[35m[nvim-treesitter-textobjects] [0m[36mclone[0m[90m | [0mReceiving objects:  16% (465/2906), 12.01 KiB | 7.00 KiB/s[35m[nvim-treesitter-textobjects] [0m[36mclone[0m[90m | [0mReceiving objects:  17% (495/2906), 12.01 KiB | 7.00 KiB/s[35m[nvim-treesitter-textobjects] [0m[36mclone[0m[90m | [0mReceiving objects:  18% (524/2906), 12.01 KiB | 7.00 KiB/s[35m[yanky.nvim] [0m[36m     clone[0m[90m | [0mremote: Total 677 (delta 68), reused 63 (delta 56), pack-reused 563 (from 3)        
[35m[yanky.nvim] [0m[36m     clone[0m[90m | [0mReceiving objects:  87% (589/677), 100.00 KiB | 161.00 KiB/s[35m[yanky.nvim] [0m[36m     clone[0m[90m | [0mReceiving objects:  88% (596/677), 100.00 KiB | 161.00 KiB/s[35m[yanky.nvim] [0m[36m     clone[0m[90m | [0mReceiving objects:  89% (603/677), 100.00 KiB | 161.00 KiB/s[35m[yanky.nvim] [0m[36m     clone[0m[90m | [0mReceiving objects:  90% (610/677), 100.00 KiB | 161.00 KiB/s[35m[yanky.nvim] [0m[36m     clone[0m[90m | [0mReceiving objects:  91% (617/677), 100.00 KiB | 161.00 KiB/s[35m[yanky.nvim] [0m[36m     clone[0m[90m | [0mReceiving objects:  92% (623/677), 100.00 KiB | 161.00 KiB/s[35m[yanky.nvim] [0m[36m     clone[0m[90m | [0mReceiving objects:  93% (630/677), 100.00 KiB | 161.00 KiB/s[35m[yanky.nvim] [0m[36m     clone[0m[90m | [0mReceiving objects:  94% (637/677), 100.00 KiB | 161.00 KiB/s[35m[yanky.nvim] [0m[36m     clone[0m[90m | [0mReceiving objects:  95% (644/677), 100.00 KiB | 161.00 KiB/s[35m[yanky.nvim] [0m[36m     clone[0m[90m | [0mReceiving objects:  96% (650/677), 100.00 KiB | 161.00 KiB/s[35m[yanky.nvim] [0m[36m     clone[0m[90m | [0mReceiving objects:  97% (657/677), 100.00 KiB | 161.00 KiB/s[35m[yanky.nvim] [0m[36m     clone[0m[90m | [0mReceiving objects:  98% (664/677), 100.00 KiB | 161.00 KiB/s[35m[yanky.nvim] [0m[36m     clone[0m[90m | [0mReceiving objects:  99% (671/677), 100.00 KiB | 161.00 KiB/s[35m[yanky.nvim] [0m[36m     clone[0m[90m | [0mReceiving objects: 100% (677/677), 100.00 KiB | 161.00 KiB/s[35m[yanky.nvim] [0m[36m     clone[0m[90m | [0mReceiving objects: 100% (677/677), 105.10 KiB | 183.00 KiB/s, done.
[35m[trouble.nvim] [0m[36m   clone[0m[90m | [0mReceiving objects:   5% (147/2940), 92.00 KiB | 135.00 KiB/s[35m[yanky.nvim] [0m[36m     clone[0m[90m | [0mResolving deltas:   0% (0/299)[35m[yanky.nvim] [0m[36m     clone[0m[90m | [0mResolving deltas:   1% (3/299)[35m[yanky.nvim] [0m[36m     clone[0m[90m | [0mResolving deltas:   2% (6/299)[35m[yanky.nvim] [0m[36m     clone[0m[90m | [0mResolving deltas:   3% (9/299)[35m[yanky.nvim] [0m[36m     clone[0m[90m | [0mResolving deltas:   4% (12/299)[35m[yanky.nvim] [0m[36m     clone[0m[90m | [0mResolving deltas:   5% (15/299)[35m[yanky.nvim] [0m[36m     clone[0m[90m | [0mResolving deltas:   6% (18/299)[35m[yanky.nvim] [0m[36m     clone[0m[90m | [0mResolving deltas:   7% (21/299)[35m[yanky.nvim] [0m[36m     clone[0m[90m | [0mResolving deltas:   8% (24/299)[35m[yanky.nvim] [0m[36m     clone[0m[90m | [0mResolving deltas:   9% (27/299)[35m[yanky.nvim] [0m[36m     clone[0m[90m | [0mResolving deltas:  10% (30/299)[35m[yanky.nvim] [0m[36m     clone[0m[90m | [0mResolving deltas:  11% (33/299)[35m[yanky.nvim] [0m[36m     clone[0m[90m | [0mResolving deltas:  12% (36/299)[35m[yanky.nvim] [0m[36m     clone[0m[90m | [0mResolving deltas:  13% (39/299)[35m[yanky.nvim] [0m[36m     clone[0m[90m | [0mResolving deltas:  14% (42/299)[35m[yanky.nvim] [0m[36m     clone[0m[90m | [0mResolving deltas:  15% (45/299)[35m[yanky.nvim] [0m[36m     clone[0m[90m | [0mResolving deltas:  16% (48/299)[35m[yanky.nvim] [0m[36m     clone[0m[90m | [0mResolving deltas:  17% (51/299)[35m[yanky.nvim] [0m[36m     clone[0m[90m | [0mResolving deltas:  19% (57/299)[35m[yanky.nvim] [0m[36m     clone[0m[90m | [0mResolving deltas:  20% (60/299)[35m[yanky.nvim] [0m[36m     clone[0m[90m | [0mResolving deltas:  21% (63/299)[35m[yanky.nvim] [0m[36m     clone[0m[90m | [0mResolving deltas:  22% (67/299)[35m[yanky.nvim] [0m[36m     clone[0m[90m | [0mResolving deltas:  23% (69/299)[35m[yanky.nvim] [0m[36m     clone[0m[90m | [0mResolving deltas:  24% (72/299)[35m[yanky.nvim] [0m[36m     clone[0m[90m | [0mResolving deltas:  25% (75/299)[35m[yanky.nvim] [0m[36m     clone[0m[90m | [0mResolving deltas:  26% (78/299)[35m[yanky.nvim] [0m[36m     clone[0m[90m | [0mResolving deltas:  27% (81/299)[35m[yanky.nvim] [0m[36m     clone[0m[90m | [0mResolving deltas:  28% (84/299)[35m[yanky.nvim] [0m[36m     clone[0m[90m | [0mResolving deltas:  29% (87/299)[35m[yanky.nvim] [0m[36m     clone[0m[90m | [0mResolving deltas:  30% (90/299)[35m[yanky.nvim] [0m[36m     clone[0m[90m | [0mResolving deltas:  31% (93/299)[35m[yanky.nvim] [0m[36m     clone[0m[90m | [0mResolving deltas:  32% (96/299)[35m[yanky.nvim] [0m[36m     clone[0m[90m | [0mResolving deltas:  33% (100/299)[35m[yanky.nvim] [0m[36m     clone[0m[90m | [0mResolving deltas:  34% (102/299)[35m[yanky.nvim] [0m[36m     clone[0m[90m | [0mResolving deltas:  35% (105/299)[35m[yanky.nvim] [0m[36m     clone[0m[90m | [0mResolving deltas:  36% (108/299)[35m[yanky.nvim] [0m[36m     clone[0m[90m | [0mResolving deltas:  37% (113/299)[35m[yanky.nvim] [0m[36m     clone[0m[90m | [0mResolving deltas:  38% (116/299)[35m[yanky.nvim] [0m[36m     clone[0m[90m | [0mResolving deltas:  39% (117/299)[35m[yanky.nvim] [0m[36m     clone[0m[90m | [0mResolving deltas:  40% (120/299)[35m[yanky.nvim] [0m[36m     clone[0m[90m | [0mResolving deltas:  41% (123/299)[35m[yanky.nvim] [0m[36m     clone[0m[90m | [0mResolving deltas:  42% (127/299)[35m[yanky.nvim] [0m[36m     clone[0m[90m | [0mResolving deltas:  43% (129/299)[35m[yanky.nvim] [0m[36m     clone[0m[90m | [0mResolving deltas:  44% (132/299)[35m[yanky.nvim] [0m[36m     clone[0m[90m | [0mResolving deltas:  45% (135/299)[35m[yanky.nvim] [0m[36m     clone[0m[90m | [0mResolving deltas:  46% (138/299)[35m[yanky.nvim] [0m[36m     clone[0m[90m | [0mResolving deltas:  47% (142/299)[35m[yanky.nvim] [0m[36m     clone[0m[90m | [0mResolving deltas:  48% (144/299)[35m[yanky.nvim] [0m[36m     clone[0m[90m | [0mResolving deltas:  49% (147/299)[35m[yanky.nvim] [0m[36m     clone[0m[90m | [0mResolving deltas:  50% (150/299)[35m[yanky.nvim] [0m[36m     clone[0m[90m | [0mResolving deltas:  51% (153/299)[35m[yanky.nvim] [0m[36m     clone[0m[90m | [0mResolving deltas:  52% (156/299)[35m[yanky.nvim] [0m[36m     clone[0m[90m | [0mResolving deltas:  53% (159/299)[35m[yanky.nvim] [0m[36m     clone[0m[90m | [0mResolving deltas:  54% (164/299)[35m[yanky.nvim] [0m[36m     clone[0m[90m | [0mResolving deltas:  55% (165/299)[35m[yanky.nvim] [0m[36m     clone[0m[90m | [0mResolving deltas:  56% (168/299)[35m[yanky.nvim] [0m[36m     clone[0m[90m | [0mResolving deltas:  57% (172/299)[35m[yanky.nvim] [0m[36m     clone[0m[90m | [0mResolving deltas:  58% (176/299)[35m[yanky.nvim] [0m[36m     clone[0m[90m | [0mResolving deltas:  59% (177/299)[35m[yanky.nvim] [0m[36m     clone[0m[90m | [0mResolving deltas:  60% (180/299)[35m[yanky.nvim] [0m[36m     clone[0m[90m | [0mResolving deltas:  61% (185/299)[35m[yanky.nvim] [0m[36m     clone[0m[90m | [0mResolving deltas:  62% (186/299)[35m[yanky.nvim] [0m[36m     clone[0m[90m | [0mResolving deltas:  64% (192/299)[35m[yanky.nvim] [0m[36m     clone[0m[90m | [0mResolving deltas:  65% (195/299)[35m[yanky.nvim] [0m[36m     clone[0m[90m | [0mResolving deltas:  66% (198/299)[35m[yanky.nvim] [0m[36m     clone[0m[90m | [0mResolving deltas:  67% (201/299)[35m[yanky.nvim] [0m[36m     clone[0m[90m | [0mResolving deltas:  68% (204/299)[35m[yanky.nvim] [0m[36m     clone[0m[90m | [0mResolving deltas:  69% (207/299)[35m[yanky.nvim] [0m[36m     clone[0m[90m | [0mResolving deltas:  70% (210/299)[35m[yanky.nvim] [0m[36m     clone[0m[90m | [0mResolving deltas:  71% (213/299)[35m[yanky.nvim] [0m[36m     clone[0m[90m | [0mResolving deltas:  72% (216/299)[35m[yanky.nvim] [0m[36m     clone[0m[90m | [0mResolving deltas:  73% (219/299)[35m[yanky.nvim] [0m[36m     clone[0m[90m | [0mResolving deltas:  74% (222/299)[35m[yanky.nvim] [0m[36m     clone[0m[90m | [0mResolving deltas:  75% (225/299)[35m[yanky.nvim] [0m[36m     clone[0m[90m | [0mResolving deltas:  76% (228/299)[35m[yanky.nvim] [0m[36m     clone[0m[90m | [0mResolving deltas:  77% (231/299)[35m[yanky.nvim] [0m[36m     clone[0m[90m | [0mResolving deltas:  78% (234/299)[35m[yanky.nvim] [0m[36m     clone[0m[90m | [0mResolving deltas:  79% (237/299)[35m[yanky.nvim] [0m[36m     clone[0m[90m | [0mResolving deltas:  80% (240/299)[35m[yanky.nvim] [0m[36m     clone[0m[90m | [0mResolving deltas:  81% (243/299)[35m[yanky.nvim] [0m[36m     clone[0m[90m | [0mResolving deltas:  82% (246/299)[35m[yanky.nvim] [0m[36m     clone[0m[90m | [0mResolving deltas:  83% (249/299)[35m[yanky.nvim] [0m[36m     clone[0m[90m | [0mResolving deltas:  84% (253/299)[35m[yanky.nvim] [0m[36m     clone[0m[90m | [0mResolving deltas:  85% (255/299)[35m[yanky.nvim] [0m[36m     clone[0m[90m | [0mResolving deltas:  86% (258/299)[35m[yanky.nvim] [0m[36m     clone[0m[90m | [0mResolving deltas:  87% (262/299)[35m[yanky.nvim] [0m[36m     clone[0m[90m | [0mResolving deltas:  88% (264/299)[35m[yanky.nvim] [0m[36m     clone[0m[90m | [0mResolving deltas:  89% (267/299)[35m[yanky.nvim] [0m[36m     clone[0m[90m | [0mResolving deltas:  90% (270/299)[35m[yanky.nvim] [0m[36m     clone[0m[90m | [0mResolving deltas:  91% (273/299)[35m[yanky.nvim] [0m[36m     clone[0m[90m | [0mResolving deltas:  92% (277/299)[35m[yanky.nvim] [0m[36m     clone[0m[90m | [0mResolving deltas:  93% (279/299)[35m[yanky.nvim] [0m[36m     clone[0m[90m | [0mResolving deltas:  94% (282/299)[35m[yanky.nvim] [0m[36m     clone[0m[90m | [0mResolving deltas:  95% (285/299)[35m[yanky.nvim] [0m[36m     clone[0m[90m | [0mResolving deltas:  96% (288/299)[35m[yanky.nvim] [0m[36m     clone[0m[90m | [0mResolving deltas:  97% (291/299)[35m[yanky.nvim] [0m[36m     clone[0m[90m | [0mResolving deltas:  98% (295/299)[35m[yanky.nvim] [0m[36m     clone[0m[90m | [0mResolving deltas:  99% (297/299)[35m[yanky.nvim] [0m[36m     clone[0m[90m | [0mResolving deltas: 100% (299/299)[35m[yanky.nvim] [0m[36m     clone[0m[90m | [0mResolving deltas: 100% (299/299), done.
[35m[trouble.nvim] [0m[36m   clone[0m[90m | [0mReceiving objects:   6% (177/2940), 92.00 KiB | 135.00 KiB/s[35m[lualine.nvim] [0m[36m   clone[0m[90m | [0mReceiving objects:  47% (1691/3596), 324.01 KiB | 305.00 KiB/s[35m[lualine.nvim] [0m[36m   clone[0m[90m | [0mReceiving objects:  48% (1727/3596), 324.01 KiB | 305.00 KiB/s[35m[lualine.nvim] [0m[36m   clone[0m[90m | [0mReceiving objects:  49% (1763/3596), 324.01 KiB | 305.00 KiB/s[35m[lualine.nvim] [0m[36m   clone[0m[90m | [0mReceiving objects:  50% (1798/3596), 324.01 KiB | 305.00 KiB/s[35m[lualine.nvim] [0m[36m   clone[0m[90m | [0mReceiving objects:  51% (1834/3596), 324.01 KiB | 305.00 KiB/s[35m[lualine.nvim] [0m[36m   clone[0m[90m | [0mReceiving objects:  52% (1870/3596), 324.01 KiB | 305.00 KiB/s[35m[lualine.nvim] [0m[36m   clone[0m[90m | [0mReceiving objects:  53% (1906/3596), 324.01 KiB | 305.00 KiB/s[35m[lualine.nvim] [0m[36m   clone[0m[90m | [0mReceiving objects:  54% (1942/3596), 324.01 KiB | 305.00 KiB/s[35m[lualine.nvim] [0m[36m   clone[0m[90m | [0mReceiving objects:  55% (1978/3596), 324.01 KiB | 305.00 KiB/s[35m[lualine.nvim] [0m[36m   clone[0m[90m | [0mReceiving objects:  56% (2014/3596), 324.01 KiB | 305.00 KiB/s[35m[lualine.nvim] [0m[36m   clone[0m[90m | [0mReceiving objects:  57% (2050/3596), 324.01 KiB | 305.00 KiB/s[35m[lualine.nvim] [0m[36m   clone[0m[90m | [0mReceiving objects:  58% (2086/3596), 324.01 KiB | 305.00 KiB/s[35m[lualine.nvim] [0m[36m   clone[0m[90m | [0mReceiving objects:  59% (2122/3596), 324.01 KiB | 305.00 KiB/s[35m[lualine.nvim] [0m[36m   clone[0m[90m | [0mReceiving objects:  60% (2158/3596), 324.01 KiB | 305.00 KiB/s[35m[lualine.nvim] [0m[36m   clone[0m[90m | [0mReceiving objects:  61% (2194/3596), 324.01 KiB | 305.00 KiB/s[35m[lualine.nvim] [0m[36m   clone[0m[90m | [0mReceiving objects:  62% (2230/3596), 324.01 KiB | 305.00 KiB/s[35m[lualine.nvim] [0m[36m   clone[0m[90m | [0mReceiving objects:  63% (2266/3596), 324.01 KiB | 305.00 KiB/s[35m[lualine.nvim] [0m[36m   clone[0m[90m | [0mReceiving objects:  64% (2302/3596), 324.01 KiB | 305.00 KiB/s[35m[lualine.nvim] [0m[36m   clone[0m[90m | [0mReceiving objects:  65% (2338/3596), 324.01 KiB | 305.00 KiB/s[35m[lualine.nvim] [0m[36m   clone[0m[90m | [0mReceiving objects:  66% (2374/3596), 324.01 KiB | 305.00 KiB/s[35m[lualine.nvim] [0m[36m   clone[0m[90m | [0mReceiving objects:  67% (2410/3596), 324.01 KiB | 305.00 KiB/s[35m[lualine.nvim] [0m[36m   clone[0m[90m | [0mReceiving objects:  68% (2446/3596), 324.01 KiB | 305.00 KiB/s[35m[lualine.nvim] [0m[36m   clone[0m[90m | [0mReceiving objects:  69% (2482/3596), 324.01 KiB | 305.00 KiB/s[35m[lualine.nvim] [0m[36m   clone[0m[90m | [0mReceiving objects:  70% (2518/3596), 324.01 KiB | 305.00 KiB/s[35m[lualine.nvim] [0m[36m   clone[0m[90m | [0mReceiving objects:  71% (2554/3596), 324.01 KiB | 305.00 KiB/s[35m[grug-far.nvim] [0m[36m  clone[0m[90m | [0mReceiving objects:  29% (1741/6002), 284.00 KiB | 247.00 KiB/s[35m[lualine.nvim] [0m[36m   clone[0m[90m | [0mReceiving objects:  72% (2590/3596), 324.01 KiB | 305.00 KiB/s[35m[lualine.nvim] [0m[36m   clone[0m[90m | [0mReceiving objects:  73% (2626/3596), 324.01 KiB | 305.00 KiB/s[35m[lualine.nvim] [0m[36m   clone[0m[90m | [0mReceiving objects:  74% (2662/3596), 324.01 KiB | 305.00 KiB/s[35m[lualine.nvim] [0m[36m   clone[0m[90m | [0mReceiving objects:  75% (2697/3596), 324.01 KiB | 305.00 KiB/s[35m[lualine.nvim] [0m[36m   clone[0m[90m | [0mReceiving objects:  76% (2733/3596), 324.01 KiB | 305.00 KiB/s[35m[lualine.nvim] [0m[36m   clone[0m[90m | [0mReceiving objects:  77% (2769/3596), 324.01 KiB | 305.00 KiB/s[35m[lualine.nvim] [0m[36m   clone[0m[90m | [0mReceiving objects:  78% (2805/3596), 324.01 KiB | 305.00 KiB/s[35m[lualine.nvim] [0m[36m   clone[0m[90m | [0mReceiving objects:  79% (2841/3596), 324.01 KiB | 305.00 KiB/s[35m[lualine.nvim] [0m[36m   clone[0m[90m | [0mReceiving objects:  80% (2877/3596), 324.01 KiB | 305.00 KiB/s[35m[lualine.nvim] [0m[36m   clone[0m[90m | [0mReceiving objects:  81% (2913/3596), 324.01 KiB | 305.00 KiB/s[35m[lualine.nvim] [0m[36m   clone[0m[90m | [0mReceiving objects:  82% (2949/3596), 324.01 KiB | 305.00 KiB/s[35m[lualine.nvim] [0m[36m   clone[0m[90m | [0mReceiving objects:  83% (2985/3596), 324.01 KiB | 305.00 KiB/s[35m[lualine.nvim] [0m[36m   clone[0m[90m | [0mReceiving objects:  84% (3021/3596), 324.01 KiB | 305.00 KiB/s[35m[lualine.nvim] [0m[36m   clone[0m[90m | [0mReceiving objects:  85% (3057/3596), 324.01 KiB | 305.00 KiB/s[35m[lualine.nvim] [0m[36m   clone[0m[90m | [0mReceiving objects:  86% (3093/3596), 324.01 KiB | 305.00 KiB/s[35m[lualine.nvim] [0m[36m   clone[0m[90m | [0mReceiving objects:  87% (3129/3596), 324.01 KiB | 305.00 KiB/s[35m[lualine.nvim] [0m[36m   clone[0m[90m | [0mReceiving objects:  88% (3165/3596), 324.01 KiB | 305.00 KiB/s[35m[lualine.nvim] [0m[36m   clone[0m[90m | [0mReceiving objects:  89% (3201/3596), 324.01 KiB | 305.00 KiB/s[35m[lualine.nvim] [0m[36m   clone[0m[90m | [0mReceiving objects:  90% (3237/3596), 324.01 KiB | 305.00 KiB/s[35m[lualine.nvim] [0m[36m   clone[0m[90m | [0mReceiving objects:  91% (3273/3596), 324.01 KiB | 305.00 KiB/s[35m[noice.nvim] [0m[36m     clone[0m[90m | [0mReceiving objects:   6% (394/5871), 252.00 KiB | 219.00 KiB/s[35m[mason.nvim] [0m[36m     clone[0m[90m | [0mReceiving objects:   8% (996/12443), 276.00 KiB | 229.00 KiB/s[35m[noice.nvim] [0m[36m     clone[0m[90m | [0mReceiving objects:   7% (411/5871), 252.00 KiB | 219.00 KiB/s[35m[nui.nvim] [0m[36m       clone[0m[90m | [0mReceiving objects:  92% (2827/3072), 148.00 KiB | 182.00 KiB/s[35m[nui.nvim] [0m[36m       clone[0m[90m | [0mReceiving objects:  93% (2857/3072), 148.00 KiB | 182.00 KiB/s[35m[nui.nvim] [0m[36m       clone[0m[90m | [0mReceiving objects:  94% (2888/3072), 148.00 KiB | 182.00 KiB/s[35m[nui.nvim] [0m[36m       clone[0m[90m | [0mReceiving objects:  95% (2919/3072), 148.00 KiB | 182.00 KiB/s[35m[nui.nvim] [0m[36m       clone[0m[90m | [0mReceiving objects:  96% (2950/3072), 148.00 KiB | 182.00 KiB/s[35m[nui.nvim] [0m[36m       clone[0m[90m | [0mReceiving objects:  97% (2980/3072), 148.00 KiB | 182.00 KiB/s[35m[nui.nvim] [0m[36m       clone[0m[90m | [0mremote: Total 3072 (delta 220), reused 190 (delta 179), pack-reused 2709 (from 2)        
[35m[nui.nvim] [0m[36m       clone[0m[90m | [0mReceiving objects:  98% (3011/3072), 148.00 KiB | 182.00 KiB/s[35m[nui.nvim] [0m[36m       clone[0m[90m | [0mReceiving objects:  99% (3042/3072), 148.00 KiB | 182.00 KiB/s[35m[nui.nvim] [0m[36m       clone[0m[90m | [0mReceiving objects: 100% (3072/3072), 148.00 KiB | 182.00 KiB/s[35m[nui.nvim] [0m[36m       clone[0m[90m | [0mReceiving objects: 100% (3072/3072), 284.58 KiB | 296.00 KiB/s, done.
[35m[nui.nvim] [0m[36m       clone[0m[90m | [0mResolving deltas:   0% (0/1167)[35m[nui.nvim] [0m[36m       clone[0m[90m | [0mResolving deltas:   1% (14/1167)[35m[nui.nvim] [0m[36m       clone[0m[90m | [0mResolving deltas:   2% (24/1167)[35m[nui.nvim] [0m[36m       clone[0m[90m | [0mResolving deltas:   3% (36/1167)[35m[nui.nvim] [0m[36m       clone[0m[90m | [0mResolving deltas:   4% (48/1167)[35m[nui.nvim] [0m[36m       clone[0m[90m | [0mResolving deltas:   5% (59/1167)[35m[nui.nvim] [0m[36m       clone[0m[90m | [0mResolving deltas:   6% (74/1167)[35m[nui.nvim] [0m[36m       clone[0m[90m | [0mResolving deltas:   7% (82/1167)[35m[nui.nvim] [0m[36m       clone[0m[90m | [0mResolving deltas:   8% (95/1167)[35m[nui.nvim] [0m[36m       clone[0m[90m | [0mResolving deltas:   9% (106/1167)[35m[nui.nvim] [0m[36m       clone[0m[90m | [0mResolving deltas:  10% (117/1167)[35m[nui.nvim] [0m[36m       clone[0m[90m | [0mResolving deltas:  11% (129/1167)[35m[nui.nvim] [0m[36m       clone[0m[90m | [0mResolving deltas:  12% (141/1167)[35m[nui.nvim] [0m[36m       clone[0m[90m | [0mResolving deltas:  13% (152/1167)[35m[nui.nvim] [0m[36m       clone[0m[90m | [0mResolving deltas:  14% (164/1167)[35m[nui.nvim] [0m[36m       clone[0m[90m | [0mResolving deltas:  15% (176/1167)[35m[nui.nvim] [0m[36m       clone[0m[90m | [0mResolving deltas:  16% (187/1167)[35m[nui.nvim] [0m[36m       clone[0m[90m | [0mResolving deltas:  17% (202/1167)[35m[nui.nvim] [0m[36m       clone[0m[90m | [0mResolving deltas:  18% (211/1167)[35m[nui.nvim] [0m[36m       clone[0m[90m | [0mResolving deltas:  19% (223/1167)[35m[nui.nvim] [0m[36m       clone[0m[90m | [0mResolving deltas:  20% (234/1167)[35m[nui.nvim] [0m[36m       clone[0m[90m | [0mResolving deltas:  21% (246/1167)[35m[nui.nvim] [0m[36m       clone[0m[90m | [0mResolving deltas:  22% (258/1167)[35m[nui.nvim] [0m[36m       clone[0m[90m | [0mResolving deltas:  23% (269/1167)[35m[nui.nvim] [0m[36m       clone[0m[90m | [0mResolving deltas:  24% (281/1167)[35m[nui.nvim] [0m[36m       clone[0m[90m | [0mResolving deltas:  25% (292/1167)[35m[nui.nvim] [0m[36m       clone[0m[90m | [0mResolving deltas:  26% (304/1167)[35m[nui.nvim] [0m[36m       clone[0m[90m | [0mResolving deltas:  27% (316/1167)[35m[nui.nvim] [0m[36m       clone[0m[90m | [0mResolving deltas:  28% (327/1167)[35m[nui.nvim] [0m[36m       clone[0m[90m | [0mResolving deltas:  29% (339/1167)[35m[nui.nvim] [0m[36m       clone[0m[90m | [0mResolving deltas:  30% (351/1167)[35m[nui.nvim] [0m[36m       clone[0m[90m | [0mResolving deltas:  31% (362/1167)[35m[nui.nvim] [0m[36m       clone[0m[90m | [0mResolving deltas:  32% (374/1167)[35m[nui.nvim] [0m[36m       clone[0m[90m | [0mResolving deltas:  33% (387/1167)[35m[nui.nvim] [0m[36m       clone[0m[90m | [0mResolving deltas:  34% (398/1167)[35m[nui.nvim] [0m[36m       clone[0m[90m | [0mResolving deltas:  35% (409/1167)[35m[nui.nvim] [0m[36m       clone[0m[90m | [0mResolving deltas:  36% (421/1167)[35m[nui.nvim] [0m[36m       clone[0m[90m | [0mResolving deltas:  37% (433/1167)[35m[nui.nvim] [0m[36m       clone[0m[90m | [0mResolving deltas:  38% (444/1167)[35m[nui.nvim] [0m[36m       clone[0m[90m | [0mResolving deltas:  39% (456/1167)[35m[nui.nvim] [0m[36m       clone[0m[90m | [0mResolving deltas:  40% (467/1167)[35m[nui.nvim] [0m[36m       clone[0m[90m | [0mResolving deltas:  41% (479/1167)[35m[nui.nvim] [0m[36m       clone[0m[90m | [0mResolving deltas:  42% (491/1167)[35m[nui.nvim] [0m[36m       clone[0m[90m | [0mResolving deltas:  43% (502/1167)[35m[nui.nvim] [0m[36m       clone[0m[90m | [0mResolving deltas:  44% (514/1167)[35m[nui.nvim] [0m[36m       clone[0m[90m | [0mResolving deltas:  45% (526/1167)[35m[nui.nvim] [0m[36m       clone[0m[90m | [0mResolving deltas:  46% (538/1167)[35m[nui.nvim] [0m[36m       clone[0m[90m | [0mResolving deltas:  47% (549/1167)[35m[nui.nvim] [0m[36m       clone[0m[90m | [0mResolving deltas:  48% (561/1167)[35m[nui.nvim] [0m[36m       clone[0m[90m | [0mResolving deltas:  49% (572/1167)[35m[nui.nvim] [0m[36m       clone[0m[90m | [0mResolving deltas:  50% (584/1167)[35m[nui.nvim] [0m[36m       clone[0m[90m | [0mResolving deltas:  51% (596/1167)[35m[nui.nvim] [0m[36m       clone[0m[90m | [0mResolving deltas:  52% (607/1167)[35m[nui.nvim] [0m[36m       clone[0m[90m | [0mResolving deltas:  53% (619/1167)[35m[nui.nvim] [0m[36m       clone[0m[90m | [0mResolving deltas:  54% (631/1167)[35m[nui.nvim] [0m[36m       clone[0m[90m | [0mResolving deltas:  55% (642/1167)[35m[nui.nvim] [0m[36m       clone[0m[90m | [0mResolving deltas:  56% (654/1167)[35m[nui.nvim] [0m[36m       clone[0m[90m | [0mResolving deltas:  57% (667/1167)[35m[nui.nvim] [0m[36m       clone[0m[90m | [0mResolving deltas:  58% (677/1167)[35m[nui.nvim] [0m[36m       clone[0m[90m | [0mResolving deltas:  59% (689/1167)[35m[nui.nvim] [0m[36m       clone[0m[90m | [0mResolving deltas:  60% (702/1167)[35m[nui.nvim] [0m[36m       clone[0m[90m | [0mResolving deltas:  61% (712/1167)[35m[nui.nvim] [0m[36m       clone[0m[90m | [0mResolving deltas:  62% (724/1167)[35m[nui.nvim] [0m[36m       clone[0m[90m | [0mResolving deltas:  63% (736/1167)[35m[nui.nvim] [0m[36m       clone[0m[90m | [0mResolving deltas:  64% (747/1167)[35m[trouble.nvim] [0m[36m   clone[0m[90m | [0mReceiving objects:   7% (206/2940), 92.00 KiB | 135.00 KiB/s[35m[mason-lspconfig.nvim] [0m[36mclone[0m[90m | [0mReceiving objects:  97% (2118/2183), 300.00 KiB | 250.00 KiB/s[35m[nui.nvim] [0m[36m       clone[0m[90m | [0mResolving deltas:  65% (759/1167)[35m[nui.nvim] [0m[36m       clone[0m[90m | [0mResolving deltas:  66% (771/1167)[35m[nui.nvim] [0m[36m       clone[0m[90m | [0mResolving deltas:  67% (784/1167)[35m[nui.nvim] [0m[36m       clone[0m[90m | [0mResolving deltas:  68% (794/1167)[35m[nui.nvim] [0m[36m       clone[0m[90m | [0mResolving deltas:  69% (806/1167)[35m[nui.nvim] [0m[36m       clone[0m[90m | [0mResolving deltas:  70% (817/1167)[35m[nui.nvim] [0m[36m       clone[0m[90m | [0mResolving deltas:  71% (829/1167)[35m[nui.nvim] [0m[36m       clone[0m[90m | [0mResolving deltas:  72% (841/1167)[35m[nui.nvim] [0m[36m       clone[0m[90m | [0mResolving deltas:  73% (852/1167)[35m[nui.nvim] [0m[36m       clone[0m[90m | [0mResolving deltas:  74% (866/1167)[35m[nui.nvim] [0m[36m       clone[0m[90m | [0mResolving deltas:  75% (876/1167)[35m[nui.nvim] [0m[36m       clone[0m[90m | [0mResolving deltas:  76% (887/1167)[35m[nui.nvim] [0m[36m       clone[0m[90m | [0mResolving deltas:  77% (901/1167)[35m[nui.nvim] [0m[36m       clone[0m[90m | [0mResolving deltas:  78% (911/1167)[35m[nui.nvim] [0m[36m       clone[0m[90m | [0mResolving deltas:  79% (923/1167)[35m[nui.nvim] [0m[36m       clone[0m[90m | [0mResolving deltas:  80% (934/1167)[35m[nui.nvim] [0m[36m       clone[0m[90m | [0mResolving deltas:  81% (946/1167)[35m[nui.nvim] [0m[36m       clone[0m[90m | [0mResolving deltas:  82% (958/1167)[35m[nui.nvim] [0m[36m       clone[0m[90m | [0mResolving deltas:  83% (969/1167)[35m[nui.nvim] [0m[36m       clone[0m[90m | [0mResolving deltas:  84% (981/1167)[35m[nui.nvim] [0m[36m       clone[0m[90m | [0mResolving deltas:  85% (992/1167)[35m[nui.nvim] [0m[36m       clone[0m[90m | [0mResolving deltas:  86% (1004/1167)[35m[nui.nvim] [0m[36m       clone[0m[90m | [0mResolving deltas:  87% (1016/1167)[35m[nui.nvim] [0m[36m       clone[0m[90m | [0mResolving deltas:  88% (1029/1167)[35m[nui.nvim] [0m[36m       clone[0m[90m | [0mResolving deltas:  89% (1039/1167)[35m[nui.nvim] [0m[36m       clone[0m[90m | [0mResolving deltas:  90% (1051/1167)[35m[nui.nvim] [0m[36m       clone[0m[90m | [0mResolving deltas:  91% (1062/1167)[35m[nui.nvim] [0m[36m       clone[0m[90m | [0mResolving deltas:  92% (1074/1167)[35m[nui.nvim] [0m[36m       clone[0m[90m | [0mResolving deltas:  93% (1086/1167)[35m[nui.nvim] [0m[36m       clone[0m[90m | [0mResolving deltas:  94% (1097/1167)[35m[nui.nvim] [0m[36m       clone[0m[90m | [0mResolving deltas:  95% (1109/1167)[35m[nui.nvim] [0m[36m       clone[0m[90m | [0mResolving deltas:  96% (1121/1167)[35m[nui.nvim] [0m[36m       clone[0m[90m | [0mResolving deltas:  97% (1132/1167)[35m[nui.nvim] [0m[36m       clone[0m[90m | [0mResolving deltas:  98% (1144/1167)[35m[nui.nvim] [0m[36m       clone[0m[90m | [0mResolving deltas:  99% (1159/1167)[35m[nui.nvim] [0m[36m       clone[0m[90m | [0mResolving deltas: 100% (1167/1167)[35m[nui.nvim] [0m[36m       clone[0m[90m | [0mResolving deltas: 100% (1167/1167), done.
[35m[mason-lspconfig.nvim] [0m[36mclone[0m[90m | [0mReceiving objects:  98% (2140/2183), 300.00 KiB | 250.00 KiB/s[35m[noice.nvim] [0m[36m     clone[0m[90m | [0mReceiving objects:   8% (470/5871), 252.00 KiB | 219.00 KiB/s[35m[mason-lspconfig.nvim] [0m[36mclone[0m[90m | [0mremote: Total 2183 (delta 26), reused 18 (delta 8), pack-reused 2133 (from 3)        
[35m[mason-lspconfig.nvim] [0m[36mclone[0m[90m | [0mReceiving objects:  99% (2162/2183), 300.00 KiB | 250.00 KiB/s[35m[mason-lspconfig.nvim] [0m[36mclone[0m[90m | [0mReceiving objects: 100% (2183/2183), 300.00 KiB | 250.00 KiB/s[35m[mason-lspconfig.nvim] [0m[36mclone[0m[90m | [0mReceiving objects: 100% (2183/2183), 415.88 KiB | 280.00 KiB/s, done.
[35m[mason-lspconfig.nvim] [0m[36mclone[0m[90m | [0mResolving deltas:   0% (0/929)[35m[mason-lspconfig.nvim] [0m[36mclone[0m[90m | [0mResolving deltas:   1% (10/929)[35m[mason-lspconfig.nvim] [0m[36mclone[0m[90m | [0mResolving deltas:   2% (19/929)[35m[mason-lspconfig.nvim] [0m[36mclone[0m[90m | [0mResolving deltas:   3% (29/929)[35m[mason-lspconfig.nvim] [0m[36mclone[0m[90m | [0mResolving deltas:   4% (38/929)[35m[mason-lspconfig.nvim] [0m[36mclone[0m[90m | [0mResolving deltas:   5% (48/929)[35m[mason-lspconfig.nvim] [0m[36mclone[0m[90m | [0mResolving deltas:   6% (56/929)[35m[mason-lspconfig.nvim] [0m[36mclone[0m[90m | [0mResolving deltas:   7% (66/929)[35m[mason-lspconfig.nvim] [0m[36mclone[0m[90m | [0mResolving deltas:   8% (75/929)[35m[mason-lspconfig.nvim] [0m[36mclone[0m[90m | [0mResolving deltas:   9% (84/929)[35m[mason-lspconfig.nvim] [0m[36mclone[0m[90m | [0mResolving deltas:  10% (93/929)[35m[mason-lspconfig.nvim] [0m[36mclone[0m[90m | [0mResolving deltas:  11% (103/929)[35m[mason-lspconfig.nvim] [0m[36mclone[0m[90m | [0mResolving deltas:  12% (112/929)[35m[mason-lspconfig.nvim] [0m[36mclone[0m[90m | [0mResolving deltas:  13% (121/929)[35m[mason-lspconfig.nvim] [0m[36mclone[0m[90m | [0mResolving deltas:  14% (131/929)[35m[mason-lspconfig.nvim] [0m[36mclone[0m[90m | [0mResolving deltas:  15% (140/929)[35m[mason-lspconfig.nvim] [0m[36mclone[0m[90m | [0mResolving deltas:  16% (149/929)[35m[mason-lspconfig.nvim] [0m[36mclone[0m[90m | [0mResolving deltas:  17% (158/929)[35m[mason-lspconfig.nvim] [0m[36mclone[0m[90m | [0mResolving deltas:  18% (168/929)[35m[mason-lspconfig.nvim] [0m[36mclone[0m[90m | [0mResolving deltas:  19% (177/929)[35m[mason-lspconfig.nvim] [0m[36mclone[0m[90m | [0mResolving deltas:  20% (186/929)[35m[mason-lspconfig.nvim] [0m[36mclone[0m[90m | [0mResolving deltas:  21% (198/929)[35m[mason-lspconfig.nvim] [0m[36mclone[0m[90m | [0mResolving deltas:  22% (205/929)[35m[mason-lspconfig.nvim] [0m[36mclone[0m[90m | [0mResolving deltas:  23% (214/929)[35m[mason-lspconfig.nvim] [0m[36mclone[0m[90m | [0mResolving deltas:  24% (223/929)[35m[mason-lspconfig.nvim] [0m[36mclone[0m[90m | [0mResolving deltas:  25% (233/929)[35m[mason-lspconfig.nvim] [0m[36mclone[0m[90m | [0mResolving deltas:  26% (243/929)[35m[mason-lspconfig.nvim] [0m[36mclone[0m[90m | [0mResolving deltas:  27% (251/929)[35m[mason-lspconfig.nvim] [0m[36mclone[0m[90m | [0mResolving deltas:  28% (263/929)[35m[mason-lspconfig.nvim] [0m[36mclone[0m[90m | [0mResolving deltas:  29% (270/929)[35m[mason-lspconfig.nvim] [0m[36mclone[0m[90m | [0mResolving deltas:  30% (279/929)[35m[mason-lspconfig.nvim] [0m[36mclone[0m[90m | [0mResolving deltas:  31% (290/929)[35m[mason-lspconfig.nvim] [0m[36mclone[0m[90m | [0mResolving deltas:  32% (298/929)[35m[mason-lspconfig.nvim] [0m[36mclone[0m[90m | [0mResolving deltas:  33% (307/929)[35m[mason-lspconfig.nvim] [0m[36mclone[0m[90m | [0mResolving deltas:  34% (316/929)[35m[mason-lspconfig.nvim] [0m[36mclone[0m[90m | [0mResolving deltas:  35% (326/929)[35m[mason-lspconfig.nvim] [0m[36mclone[0m[90m | [0mResolving deltas:  36% (335/929)[35m[mason-lspconfig.nvim] [0m[36mclone[0m[90m | [0mResolving deltas:  37% (345/929)[35m[mason-lspconfig.nvim] [0m[36mclone[0m[90m | [0mResolving deltas:  38% (354/929)[35m[mason-lspconfig.nvim] [0m[36mclone[0m[90m | [0mResolving deltas:  39% (363/929)[35m[mason-lspconfig.nvim] [0m[36mclone[0m[90m | [0mResolving deltas:  40% (372/929)[35m[mason-lspconfig.nvim] [0m[36mclone[0m[90m | [0mResolving deltas:  41% (382/929)[35m[mason-lspconfig.nvim] [0m[36mclone[0m[90m | [0mResolving deltas:  42% (391/929)[35m[mason-lspconfig.nvim] [0m[36mclone[0m[90m | [0mResolving deltas:  43% (400/929)[35m[mason-lspconfig.nvim] [0m[36mclone[0m[90m | [0mResolving deltas:  44% (409/929)[35m[mason-lspconfig.nvim] [0m[36mclone[0m[90m | [0mResolving deltas:  45% (419/929)[35m[mason-lspconfig.nvim] [0m[36mclone[0m[90m | [0mResolving deltas:  46% (428/929)[35m[mason-lspconfig.nvim] [0m[36mclone[0m[90m | [0mResolving deltas:  47% (437/929)[35m[mason-lspconfig.nvim] [0m[36mclone[0m[90m | [0mResolving deltas:  48% (446/929)[35m[mason-lspconfig.nvim] [0m[36mclone[0m[90m | [0mResolving deltas:  49% (456/929)[35m[mason-lspconfig.nvim] [0m[36mclone[0m[90m | [0mResolving deltas:  50% (467/929)[35m[mason-lspconfig.nvim] [0m[36mclone[0m[90m | [0mResolving deltas:  51% (474/929)[35m[mason-lspconfig.nvim] [0m[36mclone[0m[90m | [0mResolving deltas:  52% (484/929)[35m[mason-lspconfig.nvim] [0m[36mclone[0m[90m | [0mResolving deltas:  53% (493/929)[35m[mason-lspconfig.nvim] [0m[36mclone[0m[90m | [0mResolving deltas:  54% (502/929)[35m[mason-lspconfig.nvim] [0m[36mclone[0m[90m | [0mResolving deltas:  55% (511/929)[35m[mason-lspconfig.nvim] [0m[36mclone[0m[90m | [0mResolving deltas:  56% (521/929)[35m[mason-lspconfig.nvim] [0m[36mclone[0m[90m | [0mResolving deltas:  57% (530/929)[35m[mason-lspconfig.nvim] [0m[36mclone[0m[90m | [0mResolving deltas:  58% (539/929)[35m[mason-lspconfig.nvim] [0m[36mclone[0m[90m | [0mResolving deltas:  59% (550/929)[35m[mason-lspconfig.nvim] [0m[36mclone[0m[90m | [0mResolving deltas:  60% (560/929)[35m[mason-lspconfig.nvim] [0m[36mclone[0m[90m | [0mResolving deltas:  61% (567/929)[35m[mason-lspconfig.nvim] [0m[36mclone[0m[90m | [0mResolving deltas:  62% (576/929)[35m[mason-lspconfig.nvim] [0m[36mclone[0m[90m | [0mResolving deltas:  63% (586/929)[35m[mason-lspconfig.nvim] [0m[36mclone[0m[90m | [0mResolving deltas:  64% (595/929)[35m[mason-lspconfig.nvim] [0m[36mclone[0m[90m | [0mResolving deltas:  65% (604/929)[35m[mason-lspconfig.nvim] [0m[36mclone[0m[90m | [0mResolving deltas:  66% (614/929)[35m[mason-lspconfig.nvim] [0m[36mclone[0m[90m | [0mResolving deltas:  67% (623/929)[35m[mason-lspconfig.nvim] [0m[36mclone[0m[90m | [0mResolving deltas:  68% (632/929)[35m[mason-lspconfig.nvim] [0m[36mclone[0m[90m | [0mResolving deltas:  69% (642/929)[35m[mason-lspconfig.nvim] [0m[36mclone[0m[90m | [0mResolving deltas:  70% (651/929)[35m[mason-lspconfig.nvim] [0m[36mclone[0m[90m | [0mResolving deltas:  71% (660/929)[35m[nvim-lint] [0m[36m      clone[0m[90m | [0mReceiving objects:  10% (269/2684), 92.01 KiB | 106.00 KiB/s[35m[mason-lspconfig.nvim] [0m[36mclone[0m[90m | [0mResolving deltas:  72% (669/929)[35m[mason-lspconfig.nvim] [0m[36mclone[0m[90m | [0mResolving deltas:  73% (682/929)[35m[mason-lspconfig.nvim] [0m[36mclone[0m[90m | [0mResolving deltas:  74% (688/929)[35m[mason-lspconfig.nvim] [0m[36mclone[0m[90m | [0mResolving deltas:  75% (697/929)[35m[mason-lspconfig.nvim] [0m[36mclone[0m[90m | [0mResolving deltas:  76% (707/929)[35m[mason-lspconfig.nvim] [0m[36mclone[0m[90m | [0mResolving deltas:  77% (716/929)[35m[mason-lspconfig.nvim] [0m[36mclone[0m[90m | [0mResolving deltas:  78% (725/929)[35m[mason-lspconfig.nvim] [0m[36mclone[0m[90m | [0mResolving deltas:  79% (735/929)[35m[mason-lspconfig.nvim] [0m[36mclone[0m[90m | [0mResolving deltas:  80% (744/929)[35m[mason-lspconfig.nvim] [0m[36mclone[0m[90m | [0mResolving deltas:  81% (753/929)[35m[mason-lspconfig.nvim] [0m[36mclone[0m[90m | [0mResolving deltas:  82% (762/929)[35m[mason-lspconfig.nvim] [0m[36mclone[0m[90m | [0mResolving deltas:  83% (772/929)[35m[mason-lspconfig.nvim] [0m[36mclone[0m[90m | [0mResolving deltas:  84% (782/929)[35m[mason-lspconfig.nvim] [0m[36mclone[0m[90m | [0mResolving deltas:  85% (791/929)[35m[mason-lspconfig.nvim] [0m[36mclone[0m[90m | [0mResolving deltas:  86% (799/929)[35m[mason-lspconfig.nvim] [0m[36mclone[0m[90m | [0mResolving deltas:  87% (809/929)[35m[mason-lspconfig.nvim] [0m[36mclone[0m[90m | [0mResolving deltas:  88% (818/929)[35m[mason-lspconfig.nvim] [0m[36mclone[0m[90m | [0mResolving deltas:  89% (827/929)[35m[mason-lspconfig.nvim] [0m[36mclone[0m[90m | [0mResolving deltas:  90% (838/929)[35m[mason-lspconfig.nvim] [0m[36mclone[0m[90m | [0mResolving deltas:  91% (850/929)[35m[mason-lspconfig.nvim] [0m[36mclone[0m[90m | [0mResolving deltas:  92% (855/929)[35m[mason-lspconfig.nvim] [0m[36mclone[0m[90m | [0mResolving deltas:  93% (864/929)[35m[mason-lspconfig.nvim] [0m[36mclone[0m[90m | [0mResolving deltas:  94% (874/929)[35m[mason-lspconfig.nvim] [0m[36mclone[0m[90m | [0mResolving deltas:  95% (883/929)[35m[mason-lspconfig.nvim] [0m[36mclone[0m[90m | [0mResolving deltas:  96% (892/929)[35m[mason-lspconfig.nvim] [0m[36mclone[0m[90m | [0mResolving deltas:  97% (902/929)[35m[mason-lspconfig.nvim] [0m[36mclone[0m[90m | [0mResolving deltas:  98% (911/929)[35m[mason-lspconfig.nvim] [0m[36mclone[0m[90m | [0mResolving deltas:  99% (923/929)[35m[mason-lspconfig.nvim] [0m[36mclone[0m[90m | [0mResolving deltas: 100% (929/929)[35m[mason-lspconfig.nvim] [0m[36mclone[0m[90m | [0mResolving deltas: 100% (929/929), done.
[35m[nvim-lint] [0m[36m      clone[0m[90m | [0mReceiving objects:  11% (296/2684), 92.01 KiB | 106.00 KiB/s[35m[noice.nvim] [0m[36m     clone[0m[90m | [0mReceiving objects:   9% (529/5871), 252.00 KiB | 219.00 KiB/s[35m[nvim-lint] [0m[36m      clone[0m[90m | [0mReceiving objects:  11% (300/2684), 92.01 KiB | 106.00 KiB/s[35m[nvim-lint] [0m[36m      clone[0m[90m | [0mReceiving objects:  12% (323/2684), 92.01 KiB | 106.00 KiB/s[35m[nvim-lint] [0m[36m      clone[0m[90m | [0mReceiving objects:  13% (349/2684), 92.01 KiB | 106.00 KiB/s[35m[nvim-lint] [0m[36m      clone[0m[90m | [0mReceiving objects:  14% (376/2684), 92.01 KiB | 106.00 KiB/s[35m[noice.nvim] [0m[36m     clone[0m[90m | [0mReceiving objects:  10% (588/5871), 252.00 KiB | 219.00 KiB/s[35m[nvim-lint] [0m[36m      clone[0m[90m | [0mReceiving objects:  15% (403/2684), 92.01 KiB | 106.00 KiB/s[35m[noice.nvim] [0m[36m     clone[0m[90m | [0mReceiving objects:  11% (646/5871), 252.00 KiB | 219.00 KiB/s[35m[grug-far.nvim] [0m[36m  clone[0m[90m | [0mReceiving objects:  30% (1801/6002), 388.00 KiB | 234.00 KiB/s[35m[grug-far.nvim] [0m[36m  clone[0m[90m | [0mReceiving objects:  31% (1861/6002), 388.00 KiB | 234.00 KiB/s[35m[grug-far.nvim] [0m[36m  clone[0m[90m | [0mReceiving objects:  32% (1921/6002), 388.00 KiB | 234.00 KiB/s[35m[noice.nvim] [0m[36m     clone[0m[90m | [0mReceiving objects:  12% (705/5871), 252.00 KiB | 219.00 KiB/s[35m[grug-far.nvim] [0m[36m  clone[0m[90m | [0mReceiving objects:  33% (1981/6002), 388.00 KiB | 234.00 KiB/s[35m[nvim-treesitter-textobjects] [0m[36mclone[0m[90m | [0mReceiving objects:  18% (543/2906), 212.01 KiB | 184.00 KiB/s[35m[nvim-treesitter-textobjects] [0m[36mclone[0m[90m | [0mReceiving objects:  19% (553/2906), 212.01 KiB | 184.00 KiB/s[35m[nvim-treesitter-textobjects] [0m[36mclone[0m[90m | [0mReceiving objects:  20% (582/2906), 212.01 KiB | 184.00 KiB/s[35m[nvim-treesitter-textobjects] [0m[36mclone[0m[90m | [0mReceiving objects:  21% (611/2906), 212.01 KiB | 184.00 KiB/s[35m[nvim-treesitter-textobjects] [0m[36mclone[0m[90m | [0mReceiving objects:  22% (640/2906), 212.01 KiB | 184.00 KiB/s[35m[nvim-treesitter-textobjects] [0m[36mclone[0m[90m | [0mReceiving objects:  23% (669/2906), 212.01 KiB | 184.00 KiB/s[35m[nvim-treesitter-textobjects] [0m[36mclone[0m[90m | [0mReceiving objects:  24% (698/2906), 212.01 KiB | 184.00 KiB/s[35m[nvim-treesitter-textobjects] [0m[36mclone[0m[90m | [0mReceiving objects:  25% (727/2906), 212.01 KiB | 184.00 KiB/s[35m[nvim-treesitter-textobjects] [0m[36mclone[0m[90m | [0mReceiving objects:  26% (756/2906), 212.01 KiB | 184.00 KiB/s[35m[nvim-treesitter-textobjects] [0m[36mclone[0m[90m | [0mReceiving objects:  27% (785/2906), 212.01 KiB | 184.00 KiB/s[35m[blink.cmp] [0m[36m      clone[0m[90m | [0mReceiving objects:   6% (695/11581), 476.00 KiB | 280.00 KiB/s[35m[nvim-treesitter-textobjects] [0m[36mclone[0m[90m | [0mReceiving objects:  28% (814/2906), 212.01 KiB | 184.00 KiB/s[35m[nvim-treesitter-textobjects] [0m[36mclone[0m[90m | [0mReceiving objects:  29% (843/2906), 212.01 KiB | 184.00 KiB/s[35m[nvim-treesitter-textobjects] [0m[36mclone[0m[90m | [0mReceiving objects:  30% (872/2906), 212.01 KiB | 184.00 KiB/s[35m[nvim-treesitter-textobjects] [0m[36mclone[0m[90m | [0mReceiving objects:  31% (901/2906), 212.01 KiB | 184.00 KiB/s[35m[nvim-treesitter-textobjects] [0m[36mclone[0m[90m | [0mReceiving objects:  32% (930/2906), 212.01 KiB | 184.00 KiB/s[35m[nvim-treesitter-textobjects] [0m[36mclone[0m[90m | [0mReceiving objects:  33% (959/2906), 212.01 KiB | 184.00 KiB/s[35m[nvim-treesitter-textobjects] [0m[36mclone[0m[90m | [0mReceiving objects:  34% (989/2906), 212.01 KiB | 184.00 KiB/s[35m[nvim-treesitter-textobjects] [0m[36mclone[0m[90m | [0mReceiving objects:  35% (1018/2906), 212.01 KiB | 184.00 KiB/s[35m[nvim-treesitter-textobjects] [0m[36mclone[0m[90m | [0mReceiving objects:  36% (1047/2906), 212.01 KiB | 184.00 KiB/s[35m[nvim-treesitter-textobjects] [0m[36mclone[0m[90m | [0mReceiving objects:  37% (1076/2906), 212.01 KiB | 184.00 KiB/s[35m[nvim-treesitter-textobjects] [0m[36mclone[0m[90m | [0mReceiving objects:  38% (1105/2906), 212.01 KiB | 184.00 KiB/s[35m[nvim-treesitter-textobjects] [0m[36mclone[0m[90m | [0mReceiving objects:  39% (1134/2906), 212.01 KiB | 184.00 KiB/s[35m[nvim-treesitter-textobjects] [0m[36mclone[0m[90m | [0mReceiving objects:  40% (1163/2906), 212.01 KiB | 184.00 KiB/s[35m[nvim-treesitter-textobjects] [0m[36mclone[0m[90m | [0mReceiving objects:  41% (1192/2906), 212.01 KiB | 184.00 KiB/s[35m[nvim-treesitter-textobjects] [0m[36mclone[0m[90m | [0mReceiving objects:  42% (1221/2906), 212.01 KiB | 184.00 KiB/s[35m[nvim-treesitter-textobjects] [0m[36mclone[0m[90m | [0mReceiving objects:  43% (1250/2906), 212.01 KiB | 184.00 KiB/s[35m[nvim-treesitter-textobjects] [0m[36mclone[0m[90m | [0mReceiving objects:  44% (1279/2906), 212.01 KiB | 184.00 KiB/s[35m[nvim-treesitter-textobjects] [0m[36mclone[0m[90m | [0mReceiving objects:  45% (1308/2906), 212.01 KiB | 184.00 KiB/s[35m[lualine.nvim] [0m[36m   clone[0m[90m | [0mReceiving objects:  92% (3309/3596), 540.01 KiB | 329.00 KiB/s[35m[lualine.nvim] [0m[36m   clone[0m[90m | [0mReceiving objects:  93% (3345/3596), 540.01 KiB | 329.00 KiB/s[35m[lualine.nvim] [0m[36m   clone[0m[90m | [0mReceiving objects:  94% (3381/3596), 540.01 KiB | 329.00 KiB/s[35m[nvim-treesitter-textobjects] [0m[36mclone[0m[90m | [0mReceiving objects:  46% (1337/2906), 212.01 KiB | 184.00 KiB/s[35m[nvim-treesitter-textobjects] [0m[36mclone[0m[90m | [0mReceiving objects:  47% (1366/2906), 212.01 KiB | 184.00 KiB/s[35m[nvim-treesitter-textobjects] [0m[36mclone[0m[90m | [0mReceiving objects:  48% (1395/2906), 212.01 KiB | 184.00 KiB/s[35m[nvim-treesitter-textobjects] [0m[36mclone[0m[90m | [0mReceiving objects:  49% (1424/2906), 212.01 KiB | 184.00 KiB/s[35m[nvim-treesitter-textobjects] [0m[36mclone[0m[90m | [0mReceiving objects:  50% (1453/2906), 212.01 KiB | 184.00 KiB/s[35m[nvim-treesitter-textobjects] [0m[36mclone[0m[90m | [0mReceiving objects:  51% (1483/2906), 212.01 KiB | 184.00 KiB/s[35m[nvim-treesitter-textobjects] [0m[36mclone[0m[90m | [0mReceiving objects:  52% (1512/2906), 212.01 KiB | 184.00 KiB/s[35m[nvim-treesitter-textobjects] [0m[36mclone[0m[90m | [0mReceiving objects:  53% (1541/2906), 212.01 KiB | 184.00 KiB/s[35m[trouble.nvim] [0m[36m   clone[0m[90m | [0mReceiving objects:   7% (230/2940), 92.00 KiB | 135.00 KiB/s[35m[trouble.nvim] [0m[36m   clone[0m[90m | [0mReceiving objects:   8% (236/2940), 92.00 KiB | 135.00 KiB/s[35m[lualine.nvim] [0m[36m   clone[0m[90m | [0mReceiving objects:  95% (3417/3596), 540.01 KiB | 329.00 KiB/s[35m[lualine.nvim] [0m[36m   clone[0m[90m | [0mReceiving objects:  96% (3453/3596), 540.01 KiB | 329.00 KiB/s[35m[lualine.nvim] [0m[36m   clone[0m[90m | [0mReceiving objects:  97% (3489/3596), 540.01 KiB | 329.00 KiB/s[35m[lualine.nvim] [0m[36m   clone[0m[90m | [0mReceiving objects:  98% (3525/3596), 540.01 KiB | 329.00 KiB/s[35m[lualine.nvim] [0m[36m   clone[0m[90m | [0mReceiving objects:  99% (3561/3596), 540.01 KiB | 329.00 KiB/s[35m[noice.nvim] [0m[36m     clone[0m[90m | [0mReceiving objects:  13% (764/5871), 252.00 KiB | 219.00 KiB/s[35m[lualine.nvim] [0m[36m   clone[0m[90m | [0mremote: Total 3596 (delta 12), reused 10 (delta 10), pack-reused 3578 (from 2)        
[35m[lualine.nvim] [0m[36m   clone[0m[90m | [0mReceiving objects: 100% (3596/3596), 540.01 KiB | 329.00 KiB/s[35m[grug-far.nvim] [0m[36m  clone[0m[90m | [0mReceiving objects:  34% (2041/6002), 388.00 KiB | 234.00 KiB/s[35m[grug-far.nvim] [0m[36m  clone[0m[90m | [0mReceiving objects:  35% (2101/6002), 388.00 KiB | 234.00 KiB/s[35m[lualine.nvim] [0m[36m   clone[0m[90m | [0mReceiving objects: 100% (3596/3596), 564.63 KiB | 344.00 KiB/s, done.
[35m[lualine.nvim] [0m[36m   clone[0m[90m | [0mResolving deltas:   0% (0/1773)[35m[lualine.nvim] [0m[36m   clone[0m[90m | [0mResolving deltas:   1% (18/1773)[35m[grug-far.nvim] [0m[36m  clone[0m[90m | [0mReceiving objects:  36% (2161/6002), 388.00 KiB | 234.00 KiB/s[35m[lualine.nvim] [0m[36m   clone[0m[90m | [0mResolving deltas:   2% (36/1773)[35m[lualine.nvim] [0m[36m   clone[0m[90m | [0mResolving deltas:   3% (55/1773)[35m[lualine.nvim] [0m[36m   clone[0m[90m | [0mResolving deltas:   4% (72/1773)[35m[lualine.nvim] [0m[36m   clone[0m[90m | [0mResolving deltas:   5% (89/1773)[35m[grug-far.nvim] [0m[36m  clone[0m[90m | [0mReceiving objects:  37% (2221/6002), 388.00 KiB | 234.00 KiB/s[35m[lualine.nvim] [0m[36m   clone[0m[90m | [0mResolving deltas:   6% (107/1773)[35m[lualine.nvim] [0m[36m   clone[0m[90m | [0mResolving deltas:   7% (125/1773)[35m[lualine.nvim] [0m[36m   clone[0m[90m | [0mResolving deltas:   8% (142/1773)[35m[lualine.nvim] [0m[36m   clone[0m[90m | [0mResolving deltas:   9% (161/1773)[35m[lualine.nvim] [0m[36m   clone[0m[90m | [0mResolving deltas:  10% (178/1773)[35m[lualine.nvim] [0m[36m   clone[0m[90m | [0mResolving deltas:  11% (196/1773)[35m[lualine.nvim] [0m[36m   clone[0m[90m | [0mResolving deltas:  12% (213/1773)[35m[lualine.nvim] [0m[36m   clone[0m[90m | [0mResolving deltas:  13% (231/1773)[35m[lualine.nvim] [0m[36m   clone[0m[90m | [0mResolving deltas:  14% (249/1773)[35m[lualine.nvim] [0m[36m   clone[0m[90m | [0mResolving deltas:  15% (266/1773)[35m[lualine.nvim] [0m[36m   clone[0m[90m | [0mResolving deltas:  16% (285/1773)[35m[lualine.nvim] [0m[36m   clone[0m[90m | [0mResolving deltas:  17% (302/1773)[35m[lualine.nvim] [0m[36m   clone[0m[90m | [0mResolving deltas:  18% (320/1773)[35m[lualine.nvim] [0m[36m   clone[0m[90m | [0mResolving deltas:  19% (337/1773)[35m[lualine.nvim] [0m[36m   clone[0m[90m | [0mResolving deltas:  20% (355/1773)[35m[lualine.nvim] [0m[36m   clone[0m[90m | [0mResolving deltas:  21% (375/1773)[35m[lualine.nvim] [0m[36m   clone[0m[90m | [0mResolving deltas:  22% (391/1773)[35m[lualine.nvim] [0m[36m   clone[0m[90m | [0mResolving deltas:  23% (408/1773)[35m[lualine.nvim] [0m[36m   clone[0m[90m | [0mResolving deltas:  24% (426/1773)[35m[lualine.nvim] [0m[36m   clone[0m[90m | [0mResolving deltas:  25% (444/1773)[35m[lualine.nvim] [0m[36m   clone[0m[90m | [0mResolving deltas:  26% (461/1773)[35m[lualine.nvim] [0m[36m   clone[0m[90m | [0mResolving deltas:  27% (479/1773)[35m[lualine.nvim] [0m[36m   clone[0m[90m | [0mResolving deltas:  28% (498/1773)[35m[lualine.nvim] [0m[36m   clone[0m[90m | [0mResolving deltas:  29% (515/1773)[35m[lualine.nvim] [0m[36m   clone[0m[90m | [0mResolving deltas:  30% (532/1773)[35m[lualine.nvim] [0m[36m   clone[0m[90m | [0mResolving deltas:  31% (551/1773)[35m[lualine.nvim] [0m[36m   clone[0m[90m | [0mResolving deltas:  32% (568/1773)[35m[lualine.nvim] [0m[36m   clone[0m[90m | [0mResolving deltas:  33% (586/1773)[35m[lualine.nvim] [0m[36m   clone[0m[90m | [0mResolving deltas:  34% (603/1773)[35m[lualine.nvim] [0m[36m   clone[0m[90m | [0mResolving deltas:  35% (621/1773)[35m[lualine.nvim] [0m[36m   clone[0m[90m | [0mResolving deltas:  36% (639/1773)[35m[lualine.nvim] [0m[36m   clone[0m[90m | [0mResolving deltas:  37% (657/1773)[35m[lualine.nvim] [0m[36m   clone[0m[90m | [0mResolving deltas:  38% (674/1773)[35m[lualine.nvim] [0m[36m   clone[0m[90m | [0mResolving deltas:  39% (692/1773)[35m[lualine.nvim] [0m[36m   clone[0m[90m | [0mResolving deltas:  40% (710/1773)[35m[lualine.nvim] [0m[36m   clone[0m[90m | [0mResolving deltas:  41% (727/1773)[35m[lualine.nvim] [0m[36m   clone[0m[90m | [0mResolving deltas:  42% (747/1773)[35m[lualine.nvim] [0m[36m   clone[0m[90m | [0mResolving deltas:  43% (763/1773)[35m[lualine.nvim] [0m[36m   clone[0m[90m | [0mResolving deltas:  44% (781/1773)[35m[lualine.nvim] [0m[36m   clone[0m[90m | [0mResolving deltas:  45% (798/1773)[35m[lualine.nvim] [0m[36m   clone[0m[90m | [0mResolving deltas:  46% (816/1773)[35m[lualine.nvim] [0m[36m   clone[0m[90m | [0mResolving deltas:  47% (834/1773)[35m[lualine.nvim] [0m[36m   clone[0m[90m | [0mResolving deltas:  48% (852/1773)[35m[lualine.nvim] [0m[36m   clone[0m[90m | [0mResolving deltas:  49% (871/1773)[35m[lualine.nvim] [0m[36m   clone[0m[90m | [0mResolving deltas:  50% (887/1773)[35m[lualine.nvim] [0m[36m   clone[0m[90m | [0mResolving deltas:  51% (908/1773)[35m[lualine.nvim] [0m[36m   clone[0m[90m | [0mResolving deltas:  52% (923/1773)[35m[lualine.nvim] [0m[36m   clone[0m[90m | [0mResolving deltas:  53% (942/1773)[35m[lualine.nvim] [0m[36m   clone[0m[90m | [0mResolving deltas:  54% (958/1773)[35m[lualine.nvim] [0m[36m   clone[0m[90m | [0mResolving deltas:  55% (976/1773)[35m[lualine.nvim] [0m[36m   clone[0m[90m | [0mResolving deltas:  56% (993/1773)[35m[lualine.nvim] [0m[36m   clone[0m[90m | [0mResolving deltas:  57% (1011/1773)[35m[lualine.nvim] [0m[36m   clone[0m[90m | [0mResolving deltas:  58% (1029/1773)[35m[lualine.nvim] [0m[36m   clone[0m[90m | [0mResolving deltas:  59% (1047/1773)[35m[lualine.nvim] [0m[36m   clone[0m[90m | [0mResolving deltas:  60% (1064/1773)[35m[lualine.nvim] [0m[36m   clone[0m[90m | [0mResolving deltas:  61% (1082/1773)[35m[lualine.nvim] [0m[36m   clone[0m[90m | [0mResolving deltas:  62% (1100/1773)[35m[lualine.nvim] [0m[36m   clone[0m[90m | [0mResolving deltas:  63% (1117/1773)[35m[lualine.nvim] [0m[36m   clone[0m[90m | [0mResolving deltas:  64% (1136/1773)[35m[lualine.nvim] [0m[36m   clone[0m[90m | [0mResolving deltas:  65% (1154/1773)[35m[lualine.nvim] [0m[36m   clone[0m[90m | [0mResolving deltas:  66% (1171/1773)[35m[lualine.nvim] [0m[36m   clone[0m[90m | [0mResolving deltas:  67% (1191/1773)[35m[lualine.nvim] [0m[36m   clone[0m[90m | [0mResolving deltas:  68% (1208/1773)[35m[lualine.nvim] [0m[36m   clone[0m[90m | [0mResolving deltas:  69% (1224/1773)[35m[lualine.nvim] [0m[36m   clone[0m[90m | [0mResolving deltas:  70% (1242/1773)[35m[lualine.nvim] [0m[36m   clone[0m[90m | [0mResolving deltas:  71% (1260/1773)[35m[lualine.nvim] [0m[36m   clone[0m[90m | [0mResolving deltas:  72% (1277/1773)[35m[lualine.nvim] [0m[36m   clone[0m[90m | [0mResolving deltas:  73% (1295/1773)[35m[lualine.nvim] [0m[36m   clone[0m[90m | [0mResolving deltas:  74% (1313/1773)[35m[trouble.nvim] [0m[36m   clone[0m[90m | [0mReceiving objects:   9% (265/2940), 92.00 KiB | 135.00 KiB/s[35m[lualine.nvim] [0m[36m   clone[0m[90m | [0mResolving deltas:  75% (1330/1773)[35m[lualine.nvim] [0m[36m   clone[0m[90m | [0mResolving deltas:  76% (1348/1773)[35m[lualine.nvim] [0m[36m   clone[0m[90m | [0mResolving deltas:  77% (1366/1773)[35m[lualine.nvim] [0m[36m   clone[0m[90m | [0mResolving deltas:  78% (1383/1773)[35m[lualine.nvim] [0m[36m   clone[0m[90m | [0mResolving deltas:  79% (1401/1773)[35m[lualine.nvim] [0m[36m   clone[0m[90m | [0mResolving deltas:  80% (1419/1773)[35m[lualine.nvim] [0m[36m   clone[0m[90m | [0mResolving deltas:  81% (1437/1773)[35m[lualine.nvim] [0m[36m   clone[0m[90m | [0mResolving deltas:  82% (1454/1773)[35m[lualine.nvim] [0m[36m   clone[0m[90m | [0mResolving deltas:  83% (1472/1773)[35m[lualine.nvim] [0m[36m   clone[0m[90m | [0mResolving deltas:  84% (1490/1773)[35m[lualine.nvim] [0m[36m   clone[0m[90m | [0mResolving deltas:  85% (1508/1773)[35m[lualine.nvim] [0m[36m   clone[0m[90m | [0mResolving deltas:  86% (1525/1773)[35m[lualine.nvim] [0m[36m   clone[0m[90m | [0mResolving deltas:  87% (1543/1773)[35m[lualine.nvim] [0m[36m   clone[0m[90m | [0mResolving deltas:  88% (1561/1773)[35m[lualine.nvim] [0m[36m   clone[0m[90m | [0mResolving deltas:  89% (1578/1773)[35m[lualine.nvim] [0m[36m   clone[0m[90m | [0mResolving deltas:  90% (1598/1773)[35m[lualine.nvim] [0m[36m   clone[0m[90m | [0mResolving deltas:  91% (1615/1773)[35m[lualine.nvim] [0m[36m   clone[0m[90m | [0mResolving deltas:  92% (1632/1773)[35m[lualine.nvim] [0m[36m   clone[0m[90m | [0mResolving deltas:  93% (1649/1773)[35m[lualine.nvim] [0m[36m   clone[0m[90m | [0mResolving deltas:  94% (1668/1773)[35m[lualine.nvim] [0m[36m   clone[0m[90m | [0mResolving deltas:  95% (1685/1773)[35m[lualine.nvim] [0m[36m   clone[0m[90m | [0mResolving deltas:  96% (1703/1773)[35m[lualine.nvim] [0m[36m   clone[0m[90m | [0mResolving deltas:  97% (1720/1773)[35m[lualine.nvim] [0m[36m   clone[0m[90m | [0mResolving deltas:  98% (1738/1773)[35m[lualine.nvim] [0m[36m   clone[0m[90m | [0mResolving deltas:  99% (1756/1773)[35m[lualine.nvim] [0m[36m   clone[0m[90m | [0mResolving deltas: 100% (1773/1773)[35m[lualine.nvim] [0m[36m   clone[0m[90m | [0mResolving deltas: 100% (1773/1773), done.
[35m[mason.nvim] [0m[36m     clone[0m[90m | [0mReceiving objects:   9% (1120/12443), 276.00 KiB | 229.00 KiB/s[35m[nvim-lint] [0m[36m      clone[0m[90m | [0mReceiving objects:  16% (430/2684), 92.01 KiB | 106.00 KiB/s[35m[nvim-lint] [0m[36m      clone[0m[90m | [0mReceiving objects:  17% (457/2684), 92.01 KiB | 106.00 KiB/s[35m[nvim-lint] [0m[36m      clone[0m[90m | [0mReceiving objects:  18% (484/2684), 92.01 KiB | 106.00 KiB/s[35m[nvim-lint] [0m[36m      clone[0m[90m | [0mReceiving objects:  19% (510/2684), 92.01 KiB | 106.00 KiB/s[35m[nvim-lint] [0m[36m      clone[0m[90m | [0mReceiving objects:  20% (537/2684), 92.01 KiB | 106.00 KiB/s[35m[nvim-lint] [0m[36m      clone[0m[90m | [0mReceiving objects:  21% (564/2684), 92.01 KiB | 106.00 KiB/s[35m[nvim-lint] [0m[36m      clone[0m[90m | [0mReceiving objects:  22% (591/2684), 92.01 KiB | 106.00 KiB/s[35m[nvim-lint] [0m[36m      clone[0m[90m | [0mReceiving objects:  23% (618/2684), 92.01 KiB | 106.00 KiB/s[35m[nvim-lint] [0m[36m      clone[0m[90m | [0mReceiving objects:  24% (645/2684), 92.01 KiB | 106.00 KiB/s[35m[noice.nvim] [0m[36m     clone[0m[90m | [0mReceiving objects:  14% (822/5871), 252.00 KiB | 219.00 KiB/s[35m[grug-far.nvim] [0m[36m  clone[0m[90m | [0mReceiving objects:  38% (2281/6002), 388.00 KiB | 234.00 KiB/s[35m[noice.nvim] [0m[36m     clone[0m[90m | [0mReceiving objects:  15% (881/5871), 252.00 KiB | 219.00 KiB/s[35m[grug-far.nvim] [0m[36m  clone[0m[90m | [0mReceiving objects:  39% (2341/6002), 388.00 KiB | 234.00 KiB/s[35m[nvim-lint] [0m[36m      clone[0m[90m | [0mReceiving objects:  25% (671/2684), 92.01 KiB | 106.00 KiB/s[35m[nvim-lint] [0m[36m      clone[0m[90m | [0mReceiving objects:  26% (698/2684), 92.01 KiB | 106.00 KiB/s[35m[nvim-lint] [0m[36m      clone[0m[90m | [0mReceiving objects:  27% (725/2684), 92.01 KiB | 106.00 KiB/s[35m[nvim-lint] [0m[36m      clone[0m[90m | [0mReceiving objects:  28% (752/2684), 92.01 KiB | 106.00 KiB/s[35m[nvim-lint] [0m[36m      clone[0m[90m | [0mReceiving objects:  29% (779/2684), 92.01 KiB | 106.00 KiB/s[35m[nvim-lint] [0m[36m      clone[0m[90m | [0mReceiving objects:  30% (806/2684), 92.01 KiB | 106.00 KiB/s[35m[nvim-lint] [0m[36m      clone[0m[90m | [0mReceiving objects:  31% (833/2684), 92.01 KiB | 106.00 KiB/s[35m[nvim-lint] [0m[36m      clone[0m[90m | [0mReceiving objects:  32% (859/2684), 92.01 KiB | 106.00 KiB/s[35m[nvim-lint] [0m[36m      clone[0m[90m | [0mReceiving objects:  33% (886/2684), 92.01 KiB | 106.00 KiB/s[35m[grug-far.nvim] [0m[36m  clone[0m[90m | [0mReceiving objects:  40% (2401/6002), 388.00 KiB | 234.00 KiB/s[35m[noice.nvim] [0m[36m     clone[0m[90m | [0mReceiving objects:  16% (940/5871), 252.00 KiB | 219.00 KiB/s[35m[nvim-treesitter-textobjects] [0m[36mclone[0m[90m | [0mReceiving objects:  54% (1570/2906), 212.01 KiB | 184.00 KiB/s[35m[nvim-treesitter-textobjects] [0m[36mclone[0m[90m | [0mReceiving objects:  55% (1599/2906), 212.01 KiB | 184.00 KiB/s[35m[nvim-treesitter-textobjects] [0m[36mclone[0m[90m | [0mReceiving objects:  56% (1628/2906), 212.01 KiB | 184.00 KiB/s[35m[nvim-treesitter-textobjects] [0m[36mclone[0m[90m | [0mReceiving objects:  57% (1657/2906), 212.01 KiB | 184.00 KiB/s[35m[nvim-treesitter-textobjects] [0m[36mclone[0m[90m | [0mReceiving objects:  58% (1686/2906), 212.01 KiB | 184.00 KiB/s[35m[nvim-treesitter-textobjects] [0m[36mclone[0m[90m | [0mReceiving objects:  59% (1715/2906), 212.01 KiB | 184.00 KiB/s[35m[nvim-treesitter-textobjects] [0m[36mclone[0m[90m | [0mReceiving objects:  60% (1744/2906), 212.01 KiB | 184.00 KiB/s[35m[nvim-treesitter-textobjects] [0m[36mclone[0m[90m | [0mReceiving objects:  61% (1773/2906), 212.01 KiB | 184.00 KiB/s[35m[nvim-treesitter-textobjects] [0m[36mclone[0m[90m | [0mReceiving objects:  62% (1802/2906), 212.01 KiB | 184.00 KiB/s[35m[nvim-treesitter-textobjects] [0m[36mclone[0m[90m | [0mReceiving objects:  63% (1831/2906), 212.01 KiB | 184.00 KiB/s[35m[nvim-treesitter-textobjects] [0m[36mclone[0m[90m | [0mReceiving objects:  64% (1860/2906), 212.01 KiB | 184.00 KiB/s[35m[nvim-treesitter-textobjects] [0m[36mclone[0m[90m | [0mReceiving objects:  65% (1889/2906), 212.01 KiB | 184.00 KiB/s[35m[nvim-treesitter-textobjects] [0m[36mclone[0m[90m | [0mReceiving objects:  66% (1918/2906), 212.01 KiB | 184.00 KiB/s[35m[nvim-treesitter-textobjects] [0m[36mclone[0m[90m | [0mReceiving objects:  67% (1948/2906), 212.01 KiB | 184.00 KiB/s[35m[nvim-treesitter-textobjects] [0m[36mclone[0m[90m | [0mReceiving objects:  68% (1977/2906), 212.01 KiB | 184.00 KiB/s[35m[nvim-treesitter-textobjects] [0m[36mclone[0m[90m | [0mReceiving objects:  69% (2006/2906), 212.01 KiB | 184.00 KiB/s[35m[nvim-treesitter-textobjects] [0m[36mclone[0m[90m | [0mReceiving objects:  70% (2035/2906), 212.01 KiB | 184.00 KiB/s[35m[nvim-treesitter-textobjects] [0m[36mclone[0m[90m | [0mReceiving objects:  71% (2064/2906), 212.01 KiB | 184.00 KiB/s[35m[nvim-treesitter-textobjects] [0m[36mclone[0m[90m | [0mReceiving objects:  72% (2093/2906), 212.01 KiB | 184.00 KiB/s[35m[nvim-treesitter-textobjects] [0m[36mclone[0m[90m | [0mReceiving objects:  73% (2122/2906), 212.01 KiB | 184.00 KiB/s[35m[noice.nvim] [0m[36m     clone[0m[90m | [0mReceiving objects:  17% (999/5871), 252.00 KiB | 219.00 KiB/s[35m[nvim-treesitter-textobjects] [0m[36mclone[0m[90m | [0mReceiving objects:  74% (2151/2906), 212.01 KiB | 184.00 KiB/s[35m[nvim-treesitter-textobjects] [0m[36mclone[0m[90m | [0mReceiving objects:  75% (2180/2906), 212.01 KiB | 184.00 KiB/s[35m[nvim-treesitter-textobjects] [0m[36mclone[0m[90m | [0mReceiving objects:  76% (2209/2906), 212.01 KiB | 184.00 KiB/s[35m[nvim-treesitter-textobjects] [0m[36mclone[0m[90m | [0mReceiving objects:  77% (2238/2906), 212.01 KiB | 184.00 KiB/s[35m[nvim-treesitter-textobjects] [0m[36mclone[0m[90m | [0mReceiving objects:  78% (2267/2906), 212.01 KiB | 184.00 KiB/s[35m[nvim-treesitter-textobjects] [0m[36mclone[0m[90m | [0mReceiving objects:  79% (2296/2906), 212.01 KiB | 184.00 KiB/s[35m[nvim-treesitter-textobjects] [0m[36mclone[0m[90m | [0mReceiving objects:  80% (2325/2906), 212.01 KiB | 184.00 KiB/s[35m[nvim-treesitter-textobjects] [0m[36mclone[0m[90m | [0mReceiving objects:  81% (2354/2906), 212.01 KiB | 184.00 KiB/s[35m[nvim-treesitter-textobjects] [0m[36mclone[0m[90m | [0mReceiving objects:  82% (2383/2906), 212.01 KiB | 184.00 KiB/s[35m[nvim-treesitter-textobjects] [0m[36mclone[0m[90m | [0mReceiving objects:  83% (2412/2906), 212.01 KiB | 184.00 KiB/s[35m[nvim-treesitter-textobjects] [0m[36mclone[0m[90m | [0mReceiving objects:  84% (2442/2906), 212.01 KiB | 184.00 KiB/s[35m[nvim-treesitter-textobjects] [0m[36mclone[0m[90m | [0mReceiving objects:  85% (2471/2906), 212.01 KiB | 184.00 KiB/s[35m[nvim-treesitter-textobjects] [0m[36mclone[0m[90m | [0mReceiving objects:  86% (2500/2906), 212.01 KiB | 184.00 KiB/s[35m[nvim-treesitter-textobjects] [0m[36mclone[0m[90m | [0mReceiving objects:  87% (2529/2906), 212.01 KiB | 184.00 KiB/s[35m[nvim-treesitter-textobjects] [0m[36mclone[0m[90m | [0mReceiving objects:  88% (2558/2906), 212.01 KiB | 184.00 KiB/s[35m[nvim-treesitter-textobjects] [0m[36mclone[0m[90m | [0mReceiving objects:  89% (2587/2906), 212.01 KiB | 184.00 KiB/s[35m[nvim-treesitter-textobjects] [0m[36mclone[0m[90m | [0mReceiving objects:  90% (2616/2906), 212.01 KiB | 184.00 KiB/s[35m[nvim-treesitter-textobjects] [0m[36mclone[0m[90m | [0mReceiving objects:  91% (2645/2906), 212.01 KiB | 184.00 KiB/s[35m[nvim-treesitter-textobjects] [0m[36mclone[0m[90m | [0mReceiving objects:  92% (2674/2906), 212.01 KiB | 184.00 KiB/s[35m[nvim-treesitter-textobjects] [0m[36mclone[0m[90m | [0mReceiving objects:  93% (2703/2906), 212.01 KiB | 184.00 KiB/s[35m[nvim-treesitter-textobjects] [0m[36mclone[0m[90m | [0mReceiving objects:  94% (2732/2906), 212.01 KiB | 184.00 KiB/s[35m[nvim-treesitter-textobjects] [0m[36mclone[0m[90m | [0mReceiving objects:  95% (2761/2906), 212.01 KiB | 184.00 KiB/s[35m[nvim-treesitter-textobjects] [0m[36mclone[0m[90m | [0mReceiving objects:  96% (2790/2906), 212.01 KiB | 184.00 KiB/s[35m[nvim-treesitter-textobjects] [0m[36mclone[0m[90m | [0mReceiving objects:  97% (2819/2906), 212.01 KiB | 184.00 KiB/s[35m[nvim-treesitter-textobjects] [0m[36mclone[0m[90m | [0mReceiving objects:  98% (2848/2906), 212.01 KiB | 184.00 KiB/s[35m[nvim-treesitter-textobjects] [0m[36mclone[0m[90m | [0mReceiving objects:  99% (2877/2906), 212.01 KiB | 184.00 KiB/s[35m[noice.nvim] [0m[36m     clone[0m[90m | [0mReceiving objects:  18% (1057/5871), 252.00 KiB | 219.00 KiB/s[35m[nvim-treesitter-textobjects] [0m[36mclone[0m[90m | [0mremote: Total 2906 (delta 6), reused 4 (delta 1), pack-reused 2892 (from 2)        
[35m[nvim-treesitter-textobjects] [0m[36mclone[0m[90m | [0mReceiving objects: 100% (2906/2906), 212.01 KiB | 184.00 KiB/s[35m[nvim-treesitter-textobjects] [0m[36mclone[0m[90m | [0mReceiving objects: 100% (2906/2906), 430.30 KiB | 319.00 KiB/s, done.
[35m[nvim-treesitter-textobjects] [0m[36mclone[0m[90m | [0mResolving deltas:   0% (0/1286)[35m[nvim-treesitter-textobjects] [0m[36mclone[0m[90m | [0mResolving deltas:   1% (13/1286)[35m[nvim-treesitter-textobjects] [0m[36mclone[0m[90m | [0mResolving deltas:   2% (26/1286)[35m[nvim-treesitter-textobjects] [0m[36mclone[0m[90m | [0mResolving deltas:   3% (39/1286)[35m[nvim-treesitter-textobjects] [0m[36mclone[0m[90m | [0mResolving deltas:   4% (52/1286)[35m[nvim-treesitter-textobjects] [0m[36mclone[0m[90m | [0mResolving deltas:   5% (65/1286)[35m[nvim-treesitter-textobjects] [0m[36mclone[0m[90m | [0mResolving deltas:   6% (78/1286)[35m[nvim-treesitter-textobjects] [0m[36mclone[0m[90m | [0mResolving deltas:   7% (92/1286)[35m[nvim-treesitter-textobjects] [0m[36mclone[0m[90m | [0mResolving deltas:   8% (103/1286)[35m[blink.cmp] [0m[36m      clone[0m[90m | [0mReceiving objects:   7% (811/11581), 476.00 KiB | 280.00 KiB/s[35m[nvim-treesitter-textobjects] [0m[36mclone[0m[90m | [0mResolving deltas:   9% (117/1286)[35m[nvim-treesitter-textobjects] [0m[36mclone[0m[90m | [0mResolving deltas:  10% (129/1286)[35m[nvim-treesitter-textobjects] [0m[36mclone[0m[90m | [0mResolving deltas:  11% (142/1286)[35m[nvim-treesitter-textobjects] [0m[36mclone[0m[90m | [0mResolving deltas:  12% (156/1286)[35m[nvim-treesitter-textobjects] [0m[36mclone[0m[90m | [0mResolving deltas:  13% (168/1286)[35m[grug-far.nvim] [0m[36m  clone[0m[90m | [0mReceiving objects:  41% (2461/6002), 388.00 KiB | 234.00 KiB/s[35m[nvim-treesitter-textobjects] [0m[36mclone[0m[90m | [0mResolving deltas:  14% (181/1286)[35m[nvim-treesitter-textobjects] [0m[36mclone[0m[90m | [0mResolving deltas:  15% (194/1286)[35m[nvim-treesitter-textobjects] [0m[36mclone[0m[90m | [0mResolving deltas:  16% (206/1286)[35m[nvim-treesitter-textobjects] [0m[36mclone[0m[90m | [0mResolving deltas:  17% (219/1286)[35m[nvim-treesitter-textobjects] [0m[36mclone[0m[90m | [0mResolving deltas:  18% (232/1286)[35m[nvim-treesitter-textobjects] [0m[36mclone[0m[90m | [0mResolving deltas:  19% (245/1286)[35m[nvim-treesitter-textobjects] [0m[36mclone[0m[90m | [0mResolving deltas:  20% (259/1286)[35m[nvim-treesitter-textobjects] [0m[36mclone[0m[90m | [0mResolving deltas:  21% (271/1286)[35m[nvim-treesitter-textobjects] [0m[36mclone[0m[90m | [0mResolving deltas:  22% (283/1286)[35m[nvim-treesitter-textobjects] [0m[36mclone[0m[90m | [0mResolving deltas:  23% (296/1286)[35m[nvim-treesitter-textobjects] [0m[36mclone[0m[90m | [0mResolving deltas:  24% (309/1286)[35m[nvim-treesitter-textobjects] [0m[36mclone[0m[90m | [0mResolving deltas:  25% (322/1286)[35m[nvim-treesitter-textobjects] [0m[36mclone[0m[90m | [0mResolving deltas:  26% (335/1286)[35m[nvim-treesitter-textobjects] [0m[36mclone[0m[90m | [0mResolving deltas:  27% (350/1286)[35m[nvim-treesitter-textobjects] [0m[36mclone[0m[90m | [0mResolving deltas:  28% (361/1286)[35m[nvim-treesitter-textobjects] [0m[36mclone[0m[90m | [0mResolving deltas:  29% (373/1286)[35m[nvim-treesitter-textobjects] [0m[36mclone[0m[90m | [0mResolving deltas:  30% (386/1286)[35m[nvim-treesitter-textobjects] [0m[36mclone[0m[90m | [0mResolving deltas:  31% (399/1286)[35m[nvim-treesitter-textobjects] [0m[36mclone[0m[90m | [0mResolving deltas:  32% (412/1286)[35m[nvim-treesitter-textobjects] [0m[36mclone[0m[90m | [0mResolving deltas:  33% (425/1286)[35m[nvim-treesitter-textobjects] [0m[36mclone[0m[90m | [0mResolving deltas:  34% (438/1286)[35m[nvim-treesitter-textobjects] [0m[36mclone[0m[90m | [0mResolving deltas:  35% (451/1286)[35m[nvim-treesitter-textobjects] [0m[36mclone[0m[90m | [0mResolving deltas:  36% (463/1286)[35m[nvim-treesitter-textobjects] [0m[36mclone[0m[90m | [0mResolving deltas:  37% (476/1286)[35m[nvim-treesitter-textobjects] [0m[36mclone[0m[90m | [0mResolving deltas:  38% (489/1286)[35m[nvim-treesitter-textobjects] [0m[36mclone[0m[90m | [0mResolving deltas:  39% (502/1286)[35m[nvim-treesitter-textobjects] [0m[36mclone[0m[90m | [0mResolving deltas:  40% (515/1286)[35m[nvim-treesitter-textobjects] [0m[36mclone[0m[90m | [0mResolving deltas:  41% (531/1286)[35m[nvim-treesitter-textobjects] [0m[36mclone[0m[90m | [0mResolving deltas:  42% (541/1286)[35m[nvim-treesitter-textobjects] [0m[36mclone[0m[90m | [0mResolving deltas:  43% (553/1286)[35m[nvim-treesitter-textobjects] [0m[36mclone[0m[90m | [0mResolving deltas:  44% (566/1286)[35m[nvim-treesitter-textobjects] [0m[36mclone[0m[90m | [0mResolving deltas:  45% (579/1286)[35m[nvim-treesitter-textobjects] [0m[36mclone[0m[90m | [0mResolving deltas:  46% (592/1286)[35m[nvim-treesitter-textobjects] [0m[36mclone[0m[90m | [0mResolving deltas:  47% (605/1286)[35m[nvim-treesitter-textobjects] [0m[36mclone[0m[90m | [0mResolving deltas:  48% (620/1286)[35m[nvim-treesitter-textobjects] [0m[36mclone[0m[90m | [0mResolving deltas:  49% (631/1286)[35m[nvim-treesitter-textobjects] [0m[36mclone[0m[90m | [0mResolving deltas:  50% (643/1286)[35m[nvim-treesitter-textobjects] [0m[36mclone[0m[90m | [0mResolving deltas:  51% (656/1286)[35m[nvim-treesitter-textobjects] [0m[36mclone[0m[90m | [0mResolving deltas:  52% (669/1286)[35m[nvim-treesitter-textobjects] [0m[36mclone[0m[90m | [0mResolving deltas:  53% (682/1286)[35m[nvim-treesitter-textobjects] [0m[36mclone[0m[90m | [0mResolving deltas:  54% (695/1286)[35m[nvim-treesitter-textobjects] [0m[36mclone[0m[90m | [0mResolving deltas:  55% (708/1286)[35m[nvim-treesitter-textobjects] [0m[36mclone[0m[90m | [0mResolving deltas:  56% (721/1286)[35m[nvim-treesitter-textobjects] [0m[36mclone[0m[90m | [0mResolving deltas:  57% (735/1286)[35m[nvim-treesitter-textobjects] [0m[36mclone[0m[90m | [0mResolving deltas:  58% (746/1286)[35m[nvim-treesitter-textobjects] [0m[36mclone[0m[90m | [0mResolving deltas:  59% (760/1286)[35m[nvim-treesitter-textobjects] [0m[36mclone[0m[90m | [0mResolving deltas:  60% (772/1286)[35m[nvim-treesitter-textobjects] [0m[36mclone[0m[90m | [0mResolving deltas:  61% (786/1286)[35m[nvim-treesitter-textobjects] [0m[36mclone[0m[90m | [0mResolving deltas:  62% (798/1286)[35m[nvim-treesitter-textobjects] [0m[36mclone[0m[90m | [0mResolving deltas:  63% (812/1286)[35m[nvim-treesitter-textobjects] [0m[36mclone[0m[90m | [0mResolving deltas:  64% (824/1286)[35m[nvim-treesitter-textobjects] [0m[36mclone[0m[90m | [0mResolving deltas:  65% (837/1286)[35m[nvim-treesitter-textobjects] [0m[36mclone[0m[90m | [0mResolving deltas:  66% (849/1286)[35m[nvim-treesitter-textobjects] [0m[36mclone[0m[90m | [0mResolving deltas:  67% (863/1286)[35m[nvim-treesitter-textobjects] [0m[36mclone[0m[90m | [0mResolving deltas:  68% (876/1286)[35m[nvim-treesitter-textobjects] [0m[36mclone[0m[90m | [0mResolving deltas:  69% (891/1286)[35m[nvim-treesitter-textobjects] [0m[36mclone[0m[90m | [0mResolving deltas:  70% (901/1286)[35m[nvim-treesitter-textobjects] [0m[36mclone[0m[90m | [0mResolving deltas:  71% (915/1286)[35m[nvim-treesitter-textobjects] [0m[36mclone[0m[90m | [0mResolving deltas:  72% (929/1286)[35m[nvim-treesitter-textobjects] [0m[36mclone[0m[90m | [0mResolving deltas:  73% (939/1286)[35m[nvim-treesitter-textobjects] [0m[36mclone[0m[90m | [0mResolving deltas:  74% (952/1286)[35m[nvim-treesitter-textobjects] [0m[36mclone[0m[90m | [0mResolving deltas:  75% (965/1286)[35m[nvim-treesitter-textobjects] [0m[36mclone[0m[90m | [0mResolving deltas:  76% (978/1286)[35m[nvim-treesitter-textobjects] [0m[36mclone[0m[90m | [0mResolving deltas:  77% (991/1286)[35m[nvim-treesitter-textobjects] [0m[36mclone[0m[90m | [0mResolving deltas:  78% (1007/1286)[35m[nvim-treesitter-textobjects] [0m[36mclone[0m[90m | [0mResolving deltas:  79% (1016/1286)[35m[nvim-treesitter-textobjects] [0m[36mclone[0m[90m | [0mResolving deltas:  80% (1029/1286)[35m[nvim-treesitter-textobjects] [0m[36mclone[0m[90m | [0mResolving deltas:  81% (1042/1286)[35m[nvim-treesitter-textobjects] [0m[36mclone[0m[90m | [0mResolving deltas:  82% (1057/1286)[35m[nvim-treesitter-textobjects] [0m[36mclone[0m[90m | [0mResolving deltas:  83% (1068/1286)[35m[nvim-treesitter-textobjects] [0m[36mclone[0m[90m | [0mResolving deltas:  84% (1081/1286)[35m[nvim-treesitter-textobjects] [0m[36mclone[0m[90m | [0mResolving deltas:  85% (1095/1286)[35m[nvim-treesitter-textobjects] [0m[36mclone[0m[90m | [0mResolving deltas:  86% (1106/1286)[35m[nvim-treesitter-textobjects] [0m[36mclone[0m[90m | [0mResolving deltas:  87% (1120/1286)[35m[nvim-treesitter-textobjects] [0m[36mclone[0m[90m | [0mResolving deltas:  88% (1132/1286)[35m[nvim-treesitter-textobjects] [0m[36mclone[0m[90m | [0mResolving deltas:  89% (1145/1286)[35m[nvim-treesitter-textobjects] [0m[36mclone[0m[90m | [0mResolving deltas:  90% (1158/1286)[35m[nvim-treesitter-textobjects] [0m[36mclone[0m[90m | [0mResolving deltas:  91% (1171/1286)[35m[nvim-treesitter-textobjects] [0m[36mclone[0m[90m | [0mResolving deltas:  92% (1184/1286)[35m[nvim-treesitter-textobjects] [0m[36mclone[0m[90m | [0mResolving deltas:  93% (1196/1286)[35m[nvim-treesitter-textobjects] [0m[36mclone[0m[90m | [0mResolving deltas:  94% (1210/1286)[35m[nvim-treesitter-textobjects] [0m[36mclone[0m[90m | [0mResolving deltas:  95% (1222/1286)[35m[nvim-treesitter-textobjects] [0m[36mclone[0m[90m | [0mResolving deltas:  96% (1235/1286)[35m[nvim-treesitter-textobjects] [0m[36mclone[0m[90m | [0mResolving deltas:  97% (1248/1286)[35m[nvim-treesitter-textobjects] [0m[36mclone[0m[90m | [0mResolving deltas:  98% (1262/1286)[35m[nvim-treesitter-textobjects] [0m[36mclone[0m[90m | [0mResolving deltas:  99% (1274/1286)[35m[nvim-treesitter-textobjects] [0m[36mclone[0m[90m | [0mResolving deltas: 100% (1286/1286)[35m[nvim-treesitter-textobjects] [0m[36mclone[0m[90m | [0mResolving deltas: 100% (1286/1286), done.
[35m[grug-far.nvim] [0m[36m  clone[0m[90m | [0mReceiving objects:  42% (2521/6002), 388.00 KiB | 234.00 KiB/s[35m[grug-far.nvim] [0m[36m  clone[0m[90m | [0mReceiving objects:  43% (2581/6002), 388.00 KiB | 234.00 KiB/s[35m[trouble.nvim] [0m[36m   clone[0m[90m | [0mReceiving objects:  10% (294/2940), 228.00 KiB | 180.00 KiB/s[35m[trouble.nvim] [0m[36m   clone[0m[90m | [0mReceiving objects:  11% (324/2940), 228.00 KiB | 180.00 KiB/s[35m[grug-far.nvim] [0m[36m  clone[0m[90m | [0mReceiving objects:  44% (2641/6002), 388.00 KiB | 234.00 KiB/s[35m[noice.nvim] [0m[36m     clone[0m[90m | [0mReceiving objects:  19% (1116/5871), 252.00 KiB | 219.00 KiB/s[35m[grug-far.nvim] [0m[36m  clone[0m[90m | [0mReceiving objects:  45% (2701/6002), 388.00 KiB | 234.00 KiB/s[35m[nvim-lint] [0m[36m      clone[0m[90m | [0mReceiving objects:  34% (913/2684), 284.01 KiB | 199.00 KiB/s[35m[nvim-lint] [0m[36m      clone[0m[90m | [0mReceiving objects:  35% (940/2684), 284.01 KiB | 199.00 KiB/s[35m[nvim-lint] [0m[36m      clone[0m[90m | [0mReceiving objects:  36% (967/2684), 284.01 KiB | 199.00 KiB/s[35m[nvim-lint] [0m[36m      clone[0m[90m | [0mReceiving objects:  37% (994/2684), 284.01 KiB | 199.00 KiB/s[35m[nvim-lint] [0m[36m      clone[0m[90m | [0mReceiving objects:  38% (1020/2684), 284.01 KiB | 199.00 KiB/s[35m[nvim-lint] [0m[36m      clone[0m[90m | [0mReceiving objects:  39% (1047/2684), 284.01 KiB | 199.00 KiB/s[35m[nvim-lint] [0m[36m      clone[0m[90m | [0mReceiving objects:  40% (1074/2684), 284.01 KiB | 199.00 KiB/s[35m[nvim-lint] [0m[36m      clone[0m[90m | [0mReceiving objects:  41% (1101/2684), 284.01 KiB | 199.00 KiB/s[35m[nvim-lint] [0m[36m      clone[0m[90m | [0mReceiving objects:  42% (1128/2684), 284.01 KiB | 199.00 KiB/s[35m[nvim-lint] [0m[36m      clone[0m[90m | [0mReceiving objects:  43% (1155/2684), 284.01 KiB | 199.00 KiB/s[35m[mason.nvim] [0m[36m     clone[0m[90m | [0mReceiving objects:  10% (1245/12443), 436.00 KiB | 251.00 KiB/s[35m[nvim-lint] [0m[36m      clone[0m[90m | [0mReceiving objects:  44% (1181/2684), 284.01 KiB | 199.00 KiB/s[35m[nvim-lint] [0m[36m      clone[0m[90m | [0mReceiving objects:  45% (1208/2684), 284.01 KiB | 199.00 KiB/s[35m[nvim-lint] [0m[36m      clone[0m[90m | [0mReceiving objects:  46% (1235/2684), 284.01 KiB | 199.00 KiB/s[35m[nvim-lint] [0m[36m      clone[0m[90m | [0mReceiving objects:  47% (1262/2684), 284.01 KiB | 199.00 KiB/s[35m[nvim-lint] [0m[36m      clone[0m[90m | [0mReceiving objects:  48% (1289/2684), 284.01 KiB | 199.00 KiB/s[35m[nvim-lint] [0m[36m      clone[0m[90m | [0mReceiving objects:  49% (1316/2684), 284.01 KiB | 199.00 KiB/s[35m[nvim-lint] [0m[36m      clone[0m[90m | [0mReceiving objects:  50% (1342/2684), 284.01 KiB | 199.00 KiB/s[35m[nvim-lint] [0m[36m      clone[0m[90m | [0mReceiving objects:  51% (1369/2684), 284.01 KiB | 199.00 KiB/s[35m[nvim-lint] [0m[36m      clone[0m[90m | [0mReceiving objects:  52% (1396/2684), 284.01 KiB | 199.00 KiB/s[35m[nvim-lint] [0m[36m      clone[0m[90m | [0mReceiving objects:  53% (1423/2684), 284.01 KiB | 199.00 KiB/s[35m[nvim-lint] [0m[36m      clone[0m[90m | [0mReceiving objects:  54% (1450/2684), 284.01 KiB | 199.00 KiB/s[35m[nvim-lint] [0m[36m      clone[0m[90m | [0mReceiving objects:  55% (1477/2684), 284.01 KiB | 199.00 KiB/s[35m[nvim-lint] [0m[36m      clone[0m[90m | [0mReceiving objects:  56% (1504/2684), 284.01 KiB | 199.00 KiB/s[35m[nvim-lint] [0m[36m      clone[0m[90m | [0mReceiving objects:  57% (1530/2684), 284.01 KiB | 199.00 KiB/s[35m[nvim-lint] [0m[36m      clone[0m[90m | [0mReceiving objects:  58% (1557/2684), 284.01 KiB | 199.00 KiB/s[35m[nvim-lint] [0m[36m      clone[0m[90m | [0mReceiving objects:  59% (1584/2684), 284.01 KiB | 199.00 KiB/s[35m[nvim-lint] [0m[36m      clone[0m[90m | [0mReceiving objects:  60% (1611/2684), 284.01 KiB | 199.00 KiB/s[35m[nvim-lint] [0m[36m      clone[0m[90m | [0mReceiving objects:  61% (1638/2684), 284.01 KiB | 199.00 KiB/s[35m[nvim-lint] [0m[36m      clone[0m[90m | [0mReceiving objects:  62% (1665/2684), 284.01 KiB | 199.00 KiB/s[35m[nvim-lint] [0m[36m      clone[0m[90m | [0mReceiving objects:  63% (1691/2684), 284.01 KiB | 199.00 KiB/s[35m[nvim-lint] [0m[36m      clone[0m[90m | [0mReceiving objects:  64% (1718/2684), 284.01 KiB | 199.00 KiB/s[35m[nvim-lint] [0m[36m      clone[0m[90m | [0mReceiving objects:  65% (1745/2684), 284.01 KiB | 199.00 KiB/s[35m[nvim-lint] [0m[36m      clone[0m[90m | [0mReceiving objects:  66% (1772/2684), 284.01 KiB | 199.00 KiB/s[35m[nvim-lint] [0m[36m      clone[0m[90m | [0mReceiving objects:  67% (1799/2684), 284.01 KiB | 199.00 KiB/s[35m[nvim-lint] [0m[36m      clone[0m[90m | [0mReceiving objects:  68% (1826/2684), 284.01 KiB | 199.00 KiB/s[35m[nvim-lint] [0m[36m      clone[0m[90m | [0mReceiving objects:  69% (1852/2684), 284.01 KiB | 199.00 KiB/s[35m[nvim-lint] [0m[36m      clone[0m[90m | [0mReceiving objects:  70% (1879/2684), 284.01 KiB | 199.00 KiB/s[35m[nvim-lint] [0m[36m      clone[0m[90m | [0mReceiving objects:  71% (1906/2684), 284.01 KiB | 199.00 KiB/s[35m[trouble.nvim] [0m[36m   clone[0m[90m | [0mReceiving objects:  12% (353/2940), 228.00 KiB | 180.00 KiB/s[35m[nvim-lint] [0m[36m      clone[0m[90m | [0mReceiving objects:  72% (1933/2684), 284.01 KiB | 199.00 KiB/s[35m[nvim-lint] [0m[36m      clone[0m[90m | [0mReceiving objects:  73% (1960/2684), 284.01 KiB | 199.00 KiB/s[35m[nvim-lint] [0m[36m      clone[0m[90m | [0mReceiving objects:  74% (1987/2684), 284.01 KiB | 199.00 KiB/s[35m[nvim-lint] [0m[36m      clone[0m[90m | [0mReceiving objects:  75% (2013/2684), 284.01 KiB | 199.00 KiB/s[35m[nvim-lint] [0m[36m      clone[0m[90m | [0mReceiving objects:  76% (2040/2684), 284.01 KiB | 199.00 KiB/s[35m[nvim-lint] [0m[36m      clone[0m[90m | [0mReceiving objects:  77% (2067/2684), 284.01 KiB | 199.00 KiB/s[35m[nvim-lint] [0m[36m      clone[0m[90m | [0mReceiving objects:  78% (2094/2684), 284.01 KiB | 199.00 KiB/s[35m[nvim-lint] [0m[36m      clone[0m[90m | [0mReceiving objects:  79% (2121/2684), 284.01 KiB | 199.00 KiB/s[35m[nvim-lint] [0m[36m      clone[0m[90m | [0mReceiving objects:  80% (2148/2684), 284.01 KiB | 199.00 KiB/s[35m[nvim-lint] [0m[36m      clone[0m[90m | [0mReceiving objects:  81% (2175/2684), 284.01 KiB | 199.00 KiB/s[35m[nvim-lint] [0m[36m      clone[0m[90m | [0mReceiving objects:  82% (2201/2684), 284.01 KiB | 199.00 KiB/s[35m[nvim-lint] [0m[36m      clone[0m[90m | [0mReceiving objects:  83% (2228/2684), 284.01 KiB | 199.00 KiB/s[35m[nvim-lint] [0m[36m      clone[0m[90m | [0mReceiving objects:  84% (2255/2684), 284.01 KiB | 199.00 KiB/s[35m[nvim-lint] [0m[36m      clone[0m[90m | [0mReceiving objects:  85% (2282/2684), 284.01 KiB | 199.00 KiB/s[35m[nvim-lint] [0m[36m      clone[0m[90m | [0mReceiving objects:  86% (2309/2684), 284.01 KiB | 199.00 KiB/s[35m[nvim-lint] [0m[36m      clone[0m[90m | [0mReceiving objects:  87% (2336/2684), 284.01 KiB | 199.00 KiB/s[35m[grug-far.nvim] [0m[36m  clone[0m[90m | [0mReceiving objects:  46% (2761/6002), 388.00 KiB | 234.00 KiB/s[35m[grug-far.nvim] [0m[36m  clone[0m[90m | [0mReceiving objects:  47% (2821/6002), 388.00 KiB | 234.00 KiB/s[35m[noice.nvim] [0m[36m     clone[0m[90m | [0mReceiving objects:  20% (1175/5871), 252.00 KiB | 219.00 KiB/s[35m[grug-far.nvim] [0m[36m  clone[0m[90m | [0mReceiving objects:  48% (2881/6002), 388.00 KiB | 234.00 KiB/s[35m[grug-far.nvim] [0m[36m  clone[0m[90m | [0mReceiving objects:  49% (2941/6002), 388.00 KiB | 234.00 KiB/s[35m[grug-far.nvim] [0m[36m  clone[0m[90m | [0mReceiving objects:  50% (3001/6002), 388.00 KiB | 234.00 KiB/s[35m[noice.nvim] [0m[36m     clone[0m[90m | [0mReceiving objects:  21% (1233/5871), 252.00 KiB | 219.00 KiB/s[35m[noice.nvim] [0m[36m     clone[0m[90m | [0mReceiving objects:  22% (1292/5871), 252.00 KiB | 219.00 KiB/s[35m[noice.nvim] [0m[36m     clone[0m[90m | [0mReceiving objects:  23% (1351/5871), 916.00 KiB | 564.00 KiB/s[35m[noice.nvim] [0m[36m     clone[0m[90m | [0mReceiving objects:  24% (1410/5871), 916.00 KiB | 564.00 KiB/s[35m[noice.nvim] [0m[36m     clone[0m[90m | [0mReceiving objects:  25% (1468/5871), 916.00 KiB | 564.00 KiB/s[35m[noice.nvim] [0m[36m     clone[0m[90m | [0mReceiving objects:  26% (1527/5871), 916.00 KiB | 564.00 KiB/s[35m[noice.nvim] [0m[36m     clone[0m[90m | [0mReceiving objects:  27% (1586/5871), 916.00 KiB | 564.00 KiB/s[35m[grug-far.nvim] [0m[36m  clone[0m[90m | [0mReceiving objects:  50% (3029/6002), 388.00 KiB | 234.00 KiB/s[35m[grug-far.nvim] [0m[36m  clone[0m[90m | [0mReceiving objects:  51% (3062/6002), 388.00 KiB | 234.00 KiB/s[35m[noice.nvim] [0m[36m     clone[0m[90m | [0mReceiving objects:  28% (1644/5871), 916.00 KiB | 564.00 KiB/s[35m[grug-far.nvim] [0m[36m  clone[0m[90m | [0mReceiving objects:  52% (3122/6002), 388.00 KiB | 234.00 KiB/s[35m[blink.cmp] [0m[36m      clone[0m[90m | [0mReceiving objects:   7% (861/11581), 476.00 KiB | 280.00 KiB/s[35m[noice.nvim] [0m[36m     clone[0m[90m | [0mReceiving objects:  29% (1703/5871), 916.00 KiB | 564.00 KiB/s[35m[noice.nvim] [0m[36m     clone[0m[90m | [0mReceiving objects:  30% (1762/5871), 916.00 KiB | 564.00 KiB/s[35m[noice.nvim] [0m[36m     clone[0m[90m | [0mReceiving objects:  31% (1821/5871), 916.00 KiB | 564.00 KiB/s[35m[noice.nvim] [0m[36m     clone[0m[90m | [0mReceiving objects:  32% (1879/5871), 916.00 KiB | 564.00 KiB/s[35m[noice.nvim] [0m[36m     clone[0m[90m | [0mReceiving objects:  33% (1938/5871), 916.00 KiB | 564.00 KiB/s[35m[noice.nvim] [0m[36m     clone[0m[90m | [0mReceiving objects:  34% (1997/5871), 916.00 KiB | 564.00 KiB/s[35m[noice.nvim] [0m[36m     clone[0m[90m | [0mReceiving objects:  35% (2055/5871), 916.00 KiB | 564.00 KiB/s[35m[noice.nvim] [0m[36m     clone[0m[90m | [0mReceiving objects:  36% (2114/5871), 916.00 KiB | 564.00 KiB/s[35m[noice.nvim] [0m[36m     clone[0m[90m | [0mReceiving objects:  37% (2173/5871), 916.00 KiB | 564.00 KiB/s[35m[noice.nvim] [0m[36m     clone[0m[90m | [0mReceiving objects:  38% (2231/5871), 916.00 KiB | 564.00 KiB/s[35m[grug-far.nvim] [0m[36m  clone[0m[90m | [0mReceiving objects:  53% (3182/6002), 388.00 KiB | 234.00 KiB/s[35m[grug-far.nvim] [0m[36m  clone[0m[90m | [0mReceiving objects:  54% (3242/6002), 388.00 KiB | 234.00 KiB/s[35m[noice.nvim] [0m[36m     clone[0m[90m | [0mReceiving objects:  39% (2290/5871), 916.00 KiB | 564.00 KiB/s[35m[noice.nvim] [0m[36m     clone[0m[90m | [0mReceiving objects:  40% (2349/5871), 916.00 KiB | 564.00 KiB/s[35m[noice.nvim] [0m[36m     clone[0m[90m | [0mReceiving objects:  41% (2408/5871), 916.00 KiB | 564.00 KiB/s[35m[noice.nvim] [0m[36m     clone[0m[90m | [0mReceiving objects:  42% (2466/5871), 916.00 KiB | 564.00 KiB/s[35m[noice.nvim] [0m[36m     clone[0m[90m | [0mReceiving objects:  43% (2525/5871), 916.00 KiB | 564.00 KiB/s[35m[trouble.nvim] [0m[36m   clone[0m[90m | [0mReceiving objects:  13% (383/2940), 228.00 KiB | 180.00 KiB/s[35m[trouble.nvim] [0m[36m   clone[0m[90m | [0mReceiving objects:  14% (412/2940), 228.00 KiB | 180.00 KiB/s[35m[trouble.nvim] [0m[36m   clone[0m[90m | [0mReceiving objects:  15% (441/2940), 228.00 KiB | 180.00 KiB/s[35m[trouble.nvim] [0m[36m   clone[0m[90m | [0mReceiving objects:  16% (471/2940), 228.00 KiB | 180.00 KiB/s[35m[trouble.nvim] [0m[36m   clone[0m[90m | [0mReceiving objects:  17% (500/2940), 228.00 KiB | 180.00 KiB/s[35m[trouble.nvim] [0m[36m   clone[0m[90m | [0mReceiving objects:  18% (530/2940), 228.00 KiB | 180.00 KiB/s[35m[noice.nvim] [0m[36m     clone[0m[90m | [0mReceiving objects:  44% (2584/5871), 916.00 KiB | 564.00 KiB/s[35m[noice.nvim] [0m[36m     clone[0m[90m | [0mReceiving objects:  45% (2642/5871), 916.00 KiB | 564.00 KiB/s[35m[grug-far.nvim] [0m[36m  clone[0m[90m | [0mReceiving objects:  55% (3302/6002), 388.00 KiB | 234.00 KiB/s[35m[noice.nvim] [0m[36m     clone[0m[90m | [0mReceiving objects:  46% (2701/5871), 916.00 KiB | 564.00 KiB/s[35m[noice.nvim] [0m[36m     clone[0m[90m | [0mReceiving objects:  47% (2760/5871), 916.00 KiB | 564.00 KiB/s[35m[grug-far.nvim] [0m[36m  clone[0m[90m | [0mReceiving objects:  56% (3362/6002), 388.00 KiB | 234.00 KiB/s[35m[noice.nvim] [0m[36m     clone[0m[90m | [0mReceiving objects:  48% (2819/5871), 916.00 KiB | 564.00 KiB/s[35m[noice.nvim] [0m[36m     clone[0m[90m | [0mReceiving objects:  49% (2877/5871), 916.00 KiB | 564.00 KiB/s[35m[nvim-lint] [0m[36m      clone[0m[90m | [0mReceiving objects:  88% (2362/2684), 284.01 KiB | 199.00 KiB/s[35m[nvim-lint] [0m[36m      clone[0m[90m | [0mReceiving objects:  89% (2389/2684), 284.01 KiB | 199.00 KiB/s[35m[nvim-lint] [0m[36m      clone[0m[90m | [0mReceiving objects:  90% (2416/2684), 284.01 KiB | 199.00 KiB/s[35m[nvim-lint] [0m[36m      clone[0m[90m | [0mReceiving objects:  91% (2443/2684), 284.01 KiB | 199.00 KiB/s[35m[nvim-lint] [0m[36m      clone[0m[90m | [0mReceiving objects:  92% (2470/2684), 284.01 KiB | 199.00 KiB/s[35m[nvim-lint] [0m[36m      clone[0m[90m | [0mReceiving objects:  93% (2497/2684), 284.01 KiB | 199.00 KiB/s[35m[nvim-lint] [0m[36m      clone[0m[90m | [0mReceiving objects:  94% (2523/2684), 284.01 KiB | 199.00 KiB/s[35m[nvim-lint] [0m[36m      clone[0m[90m | [0mReceiving objects:  95% (2550/2684), 284.01 KiB | 199.00 KiB/s[35m[nvim-lint] [0m[36m      clone[0m[90m | [0mReceiving objects:  96% (2577/2684), 284.01 KiB | 199.00 KiB/s[35m[nvim-lint] [0m[36m      clone[0m[90m | [0mReceiving objects:  97% (2604/2684), 284.01 KiB | 199.00 KiB/s[35m[nvim-lint] [0m[36m      clone[0m[90m | [0mReceiving objects:  98% (2631/2684), 284.01 KiB | 199.00 KiB/s[35m[nvim-lint] [0m[36m      clone[0m[90m | [0mremote: Total 2684 (delta 108), reused 78 (delta 65), pack-reused 2545 (from 3)        
[35m[nvim-lint] [0m[36m      clone[0m[90m | [0mReceiving objects:  99% (2658/2684), 284.01 KiB | 199.00 KiB/s[35m[nvim-lint] [0m[36m      clone[0m[90m | [0mReceiving objects: 100% (2684/2684), 284.01 KiB | 199.00 KiB/s[35m[nvim-lint] [0m[36m      clone[0m[90m | [0mReceiving objects: 100% (2684/2684), 473.38 KiB | 301.00 KiB/s, done.
[35m[mason.nvim] [0m[36m     clone[0m[90m | [0mReceiving objects:  10% (1361/12443), 436.00 KiB | 251.00 KiB/s[35m[nvim-lint] [0m[36m      clone[0m[90m | [0mResolving deltas:   0% (0/1057)[35m[trouble.nvim] [0m[36m   clone[0m[90m | [0mReceiving objects:  19% (559/2940), 228.00 KiB | 180.00 KiB/s[35m[mason.nvim] [0m[36m     clone[0m[90m | [0mReceiving objects:  11% (1369/12443), 436.00 KiB | 251.00 KiB/s[35m[nvim-lint] [0m[36m      clone[0m[90m | [0mResolving deltas:   1% (13/1057)[35m[nvim-lint] [0m[36m      clone[0m[90m | [0mResolving deltas:   2% (22/1057)[35m[nvim-lint] [0m[36m      clone[0m[90m | [0mResolving deltas:   3% (33/1057)[35m[nvim-lint] [0m[36m      clone[0m[90m | [0mResolving deltas:   4% (43/1057)[35m[nvim-lint] [0m[36m      clone[0m[90m | [0mResolving deltas:   5% (55/1057)[35m[nvim-lint] [0m[36m      clone[0m[90m | [0mResolving deltas:   6% (64/1057)[35m[nvim-lint] [0m[36m      clone[0m[90m | [0mResolving deltas:   7% (74/1057)[35m[nvim-lint] [0m[36m      clone[0m[90m | [0mResolving deltas:   8% (85/1057)[35m[nvim-lint] [0m[36m      clone[0m[90m | [0mResolving deltas:   9% (96/1057)[35m[nvim-lint] [0m[36m      clone[0m[90m | [0mResolving deltas:  10% (106/1057)[35m[nvim-lint] [0m[36m      clone[0m[90m | [0mResolving deltas:  11% (120/1057)[35m[nvim-lint] [0m[36m      clone[0m[90m | [0mResolving deltas:  12% (127/1057)[35m[nvim-lint] [0m[36m      clone[0m[90m | [0mResolving deltas:  13% (138/1057)[35m[nvim-lint] [0m[36m      clone[0m[90m | [0mResolving deltas:  14% (148/1057)[35m[nvim-lint] [0m[36m      clone[0m[90m | [0mResolving deltas:  15% (159/1057)[35m[trouble.nvim] [0m[36m   clone[0m[90m | [0mReceiving objects:  20% (588/2940), 228.00 KiB | 180.00 KiB/s[35m[nvim-lint] [0m[36m      clone[0m[90m | [0mResolving deltas:  16% (171/1057)[35m[nvim-lint] [0m[36m      clone[0m[90m | [0mResolving deltas:  17% (181/1057)[35m[nvim-lint] [0m[36m      clone[0m[90m | [0mResolving deltas:  18% (193/1057)[35m[nvim-lint] [0m[36m      clone[0m[90m | [0mResolving deltas:  19% (203/1057)[35m[nvim-lint] [0m[36m      clone[0m[90m | [0mResolving deltas:  20% (212/1057)[35m[nvim-lint] [0m[36m      clone[0m[90m | [0mResolving deltas:  21% (222/1057)[35m[nvim-lint] [0m[36m      clone[0m[90m | [0mResolving deltas:  22% (234/1057)[35m[nvim-lint] [0m[36m      clone[0m[90m | [0mResolving deltas:  23% (244/1057)[35m[nvim-lint] [0m[36m      clone[0m[90m | [0mResolving deltas:  24% (258/1057)[35m[nvim-lint] [0m[36m      clone[0m[90m | [0mResolving deltas:  25% (265/1057)[35m[nvim-lint] [0m[36m      clone[0m[90m | [0mResolving deltas:  26% (276/1057)[35m[nvim-lint] [0m[36m      clone[0m[90m | [0mResolving deltas:  27% (286/1057)[35m[nvim-lint] [0m[36m      clone[0m[90m | [0mResolving deltas:  28% (296/1057)[35m[nvim-lint] [0m[36m      clone[0m[90m | [0mResolving deltas:  29% (307/1057)[35m[nvim-lint] [0m[36m      clone[0m[90m | [0mResolving deltas:  30% (318/1057)[35m[nvim-lint] [0m[36m      clone[0m[90m | [0mResolving deltas:  31% (328/1057)[35m[nvim-lint] [0m[36m      clone[0m[90m | [0mResolving deltas:  32% (340/1057)[35m[nvim-lint] [0m[36m      clone[0m[90m | [0mResolving deltas:  33% (349/1057)[35m[nvim-lint] [0m[36m      clone[0m[90m | [0mResolving deltas:  34% (361/1057)[35m[nvim-lint] [0m[36m      clone[0m[90m | [0mResolving deltas:  35% (370/1057)[35m[nvim-lint] [0m[36m      clone[0m[90m | [0mResolving deltas:  36% (381/1057)[35m[nvim-lint] [0m[36m      clone[0m[90m | [0mResolving deltas:  37% (392/1057)[35m[nvim-lint] [0m[36m      clone[0m[90m | [0mResolving deltas:  38% (402/1057)[35m[nvim-lint] [0m[36m      clone[0m[90m | [0mResolving deltas:  39% (413/1057)[35m[nvim-lint] [0m[36m      clone[0m[90m | [0mResolving deltas:  40% (424/1057)[35m[nvim-lint] [0m[36m      clone[0m[90m | [0mResolving deltas:  41% (434/1057)[35m[nvim-lint] [0m[36m      clone[0m[90m | [0mResolving deltas:  42% (444/1057)[35m[nvim-lint] [0m[36m      clone[0m[90m | [0mResolving deltas:  43% (455/1057)[35m[nvim-lint] [0m[36m      clone[0m[90m | [0mResolving deltas:  44% (466/1057)[35m[nvim-lint] [0m[36m      clone[0m[90m | [0mResolving deltas:  45% (476/1057)[35m[nvim-lint] [0m[36m      clone[0m[90m | [0mResolving deltas:  46% (487/1057)[35m[nvim-lint] [0m[36m      clone[0m[90m | [0mResolving deltas:  47% (498/1057)[35m[nvim-lint] [0m[36m      clone[0m[90m | [0mResolving deltas:  48% (508/1057)[35m[nvim-lint] [0m[36m      clone[0m[90m | [0mResolving deltas:  49% (518/1057)[35m[nvim-lint] [0m[36m      clone[0m[90m | [0mResolving deltas:  50% (529/1057)[35m[nvim-lint] [0m[36m      clone[0m[90m | [0mResolving deltas:  51% (540/1057)[35m[nvim-lint] [0m[36m      clone[0m[90m | [0mResolving deltas:  52% (550/1057)[35m[nvim-lint] [0m[36m      clone[0m[90m | [0mResolving deltas:  53% (561/1057)[35m[nvim-lint] [0m[36m      clone[0m[90m | [0mResolving deltas:  54% (571/1057)[35m[nvim-lint] [0m[36m      clone[0m[90m | [0mResolving deltas:  55% (582/1057)[35m[nvim-lint] [0m[36m      clone[0m[90m | [0mResolving deltas:  56% (592/1057)[35m[nvim-lint] [0m[36m      clone[0m[90m | [0mResolving deltas:  57% (603/1057)[35m[nvim-lint] [0m[36m      clone[0m[90m | [0mResolving deltas:  58% (614/1057)[35m[nvim-lint] [0m[36m      clone[0m[90m | [0mResolving deltas:  59% (624/1057)[35m[nvim-lint] [0m[36m      clone[0m[90m | [0mResolving deltas:  60% (635/1057)[35m[nvim-lint] [0m[36m      clone[0m[90m | [0mResolving deltas:  61% (645/1057)[35m[nvim-lint] [0m[36m      clone[0m[90m | [0mResolving deltas:  62% (657/1057)[35m[nvim-lint] [0m[36m      clone[0m[90m | [0mResolving deltas:  63% (668/1057)[35m[nvim-lint] [0m[36m      clone[0m[90m | [0mResolving deltas:  64% (677/1057)[35m[nvim-lint] [0m[36m      clone[0m[90m | [0mResolving deltas:  65% (688/1057)[35m[nvim-lint] [0m[36m      clone[0m[90m | [0mResolving deltas:  66% (698/1057)[35m[nvim-lint] [0m[36m      clone[0m[90m | [0mResolving deltas:  67% (709/1057)[35m[nvim-lint] [0m[36m      clone[0m[90m | [0mResolving deltas:  68% (719/1057)[35m[nvim-lint] [0m[36m      clone[0m[90m | [0mResolving deltas:  69% (730/1057)[35m[nvim-lint] [0m[36m      clone[0m[90m | [0mResolving deltas:  70% (740/1057)[35m[nvim-lint] [0m[36m      clone[0m[90m | [0mResolving deltas:  71% (751/1057)[35m[nvim-lint] [0m[36m      clone[0m[90m | [0mResolving deltas:  72% (762/1057)[35m[nvim-lint] [0m[36m      clone[0m[90m | [0mResolving deltas:  73% (772/1057)[35m[nvim-lint] [0m[36m      clone[0m[90m | [0mResolving deltas:  74% (783/1057)[35m[nvim-lint] [0m[36m      clone[0m[90m | [0mResolving deltas:  75% (793/1057)[35m[nvim-lint] [0m[36m      clone[0m[90m | [0mResolving deltas:  76% (804/1057)[35m[nvim-lint] [0m[36m      clone[0m[90m | [0mResolving deltas:  77% (814/1057)[35m[nvim-lint] [0m[36m      clone[0m[90m | [0mResolving deltas:  78% (825/1057)[35m[nvim-lint] [0m[36m      clone[0m[90m | [0mResolving deltas:  79% (837/1057)[35m[nvim-lint] [0m[36m      clone[0m[90m | [0mResolving deltas:  80% (846/1057)[35m[nvim-lint] [0m[36m      clone[0m[90m | [0mResolving deltas:  81% (857/1057)[35m[nvim-lint] [0m[36m      clone[0m[90m | [0mResolving deltas:  82% (867/1057)[35m[nvim-lint] [0m[36m      clone[0m[90m | [0mResolving deltas:  83% (878/1057)[35m[nvim-lint] [0m[36m      clone[0m[90m | [0mResolving deltas:  84% (888/1057)[35m[nvim-lint] [0m[36m      clone[0m[90m | [0mResolving deltas:  85% (899/1057)[35m[nvim-lint] [0m[36m      clone[0m[90m | [0mResolving deltas:  86% (910/1057)[35m[nvim-lint] [0m[36m      clone[0m[90m | [0mResolving deltas:  87% (920/1057)[35m[nvim-lint] [0m[36m      clone[0m[90m | [0mResolving deltas:  88% (931/1057)[35m[nvim-lint] [0m[36m      clone[0m[90m | [0mResolving deltas:  89% (941/1057)[35m[nvim-lint] [0m[36m      clone[0m[90m | [0mResolving deltas:  90% (952/1057)[35m[nvim-lint] [0m[36m      clone[0m[90m | [0mResolving deltas:  91% (962/1057)[35m[nvim-lint] [0m[36m      clone[0m[90m | [0mResolving deltas:  92% (974/1057)[35m[nvim-lint] [0m[36m      clone[0m[90m | [0mResolving deltas:  93% (985/1057)[35m[nvim-lint] [0m[36m      clone[0m[90m | [0mResolving deltas:  94% (994/1057)[35m[nvim-lint] [0m[36m      clone[0m[90m | [0mResolving deltas:  95% (1005/1057)[35m[nvim-lint] [0m[36m      clone[0m[90m | [0mResolving deltas:  96% (1015/1057)[35m[nvim-lint] [0m[36m      clone[0m[90m | [0mResolving deltas:  97% (1026/1057)[35m[nvim-lint] [0m[36m      clone[0m[90m | [0mResolving deltas:  98% (1036/1057)[35m[nvim-lint] [0m[36m      clone[0m[90m | [0mResolving deltas:  99% (1047/1057)[35m[nvim-lint] [0m[36m      clone[0m[90m | [0mResolving deltas: 100% (1057/1057)[35m[nvim-lint] [0m[36m      clone[0m[90m | [0mResolving deltas: 100% (1057/1057), done.
[35m[blink.cmp] [0m[36m      clone[0m[90m | [0mReceiving objects:   8% (927/11581), 476.00 KiB | 280.00 KiB/s[35m[noice.nvim] [0m[36m     clone[0m[90m | [0mReceiving objects:  50% (2936/5871), 916.00 KiB | 564.00 KiB/s[35m[noice.nvim] [0m[36m     clone[0m[90m | [0mReceiving objects:  51% (2995/5871), 916.00 KiB | 564.00 KiB/s[35m[noice.nvim] [0m[36m     clone[0m[90m | [0mReceiving objects:  52% (3053/5871), 916.00 KiB | 564.00 KiB/s[35m[noice.nvim] [0m[36m     clone[0m[90m | [0mReceiving objects:  53% (3112/5871), 916.00 KiB | 564.00 KiB/s[35m[noice.nvim] [0m[36m     clone[0m[90m | [0mReceiving objects:  54% (3171/5871), 916.00 KiB | 564.00 KiB/s[35m[noice.nvim] [0m[36m     clone[0m[90m | [0mReceiving objects:  55% (3230/5871), 916.00 KiB | 564.00 KiB/s[35m[noice.nvim] [0m[36m     clone[0m[90m | [0mReceiving objects:  56% (3288/5871), 916.00 KiB | 564.00 KiB/s[35m[noice.nvim] [0m[36m     clone[0m[90m | [0mReceiving objects:  57% (3347/5871), 916.00 KiB | 564.00 KiB/s[35m[noice.nvim] [0m[36m     clone[0m[90m | [0mReceiving objects:  58% (3406/5871), 916.00 KiB | 564.00 KiB/s[35m[noice.nvim] [0m[36m     clone[0m[90m | [0mReceiving objects:  59% (3464/5871), 916.00 KiB | 564.00 KiB/s[35m[grug-far.nvim] [0m[36m  clone[0m[90m | [0mReceiving objects:  57% (3422/6002), 548.00 KiB | 250.00 KiB/s[35m[noice.nvim] [0m[36m     clone[0m[90m | [0mReceiving objects:  60% (3523/5871), 916.00 KiB | 564.00 KiB/s[35m[grug-far.nvim] [0m[36m  clone[0m[90m | [0mReceiving objects:  58% (3482/6002), 548.00 KiB | 250.00 KiB/s[35m[noice.nvim] [0m[36m     clone[0m[90m | [0mReceiving objects:  61% (3582/5871), 916.00 KiB | 564.00 KiB/s[35m[grug-far.nvim] [0m[36m  clone[0m[90m | [0mReceiving objects:  59% (3542/6002), 548.00 KiB | 250.00 KiB/s[35m[grug-far.nvim] [0m[36m  clone[0m[90m | [0mReceiving objects:  60% (3602/6002), 548.00 KiB | 250.00 KiB/s[35m[noice.nvim] [0m[36m     clone[0m[90m | [0mReceiving objects:  62% (3641/5871), 916.00 KiB | 564.00 KiB/s[35m[noice.nvim] [0m[36m     clone[0m[90m | [0mReceiving objects:  63% (3699/5871), 916.00 KiB | 564.00 KiB/s[35m[noice.nvim] [0m[36m     clone[0m[90m | [0mReceiving objects:  64% (3758/5871), 916.00 KiB | 564.00 KiB/s[35m[noice.nvim] [0m[36m     clone[0m[90m | [0mReceiving objects:  65% (3817/5871), 916.00 KiB | 564.00 KiB/s[35m[noice.nvim] [0m[36m     clone[0m[90m | [0mReceiving objects:  66% (3875/5871), 916.00 KiB | 564.00 KiB/s[35m[noice.nvim] [0m[36m     clone[0m[90m | [0mReceiving objects:  67% (3934/5871), 916.00 KiB | 564.00 KiB/s[35m[noice.nvim] [0m[36m     clone[0m[90m | [0mReceiving objects:  68% (3993/5871), 916.00 KiB | 564.00 KiB/s[35m[noice.nvim] [0m[36m     clone[0m[90m | [0mReceiving objects:  69% (4051/5871), 916.00 KiB | 564.00 KiB/s[35m[noice.nvim] [0m[36m     clone[0m[90m | [0mReceiving objects:  70% (4110/5871), 916.00 KiB | 564.00 KiB/s[35m[noice.nvim] [0m[36m     clone[0m[90m | [0mReceiving objects:  71% (4169/5871), 916.00 KiB | 564.00 KiB/s[35m[noice.nvim] [0m[36m     clone[0m[90m | [0mReceiving objects:  72% (4228/5871), 916.00 KiB | 564.00 KiB/s[35m[noice.nvim] [0m[36m     clone[0m[90m | [0mReceiving objects:  73% (4286/5871), 916.00 KiB | 564.00 KiB/s[35m[noice.nvim] [0m[36m     clone[0m[90m | [0mReceiving objects:  74% (4345/5871), 916.00 KiB | 564.00 KiB/s[35m[trouble.nvim] [0m[36m   clone[0m[90m | [0mReceiving objects:  21% (618/2940), 228.00 KiB | 180.00 KiB/s[35m[noice.nvim] [0m[36m     clone[0m[90m | [0mReceiving objects:  75% (4404/5871), 916.00 KiB | 564.00 KiB/s[35m[noice.nvim] [0m[36m     clone[0m[90m | [0mReceiving objects:  76% (4462/5871), 916.00 KiB | 564.00 KiB/s[35m[noice.nvim] [0m[36m     clone[0m[90m | [0mReceiving objects:  77% (4521/5871), 916.00 KiB | 564.00 KiB/s[35m[noice.nvim] [0m[36m     clone[0m[90m | [0mReceiving objects:  78% (4580/5871), 916.00 KiB | 564.00 KiB/s[35m[noice.nvim] [0m[36m     clone[0m[90m | [0mReceiving objects:  79% (4639/5871), 916.00 KiB | 564.00 KiB/s[35m[noice.nvim] [0m[36m     clone[0m[90m | [0mReceiving objects:  80% (4697/5871), 916.00 KiB | 564.00 KiB/s[35m[noice.nvim] [0m[36m     clone[0m[90m | [0mReceiving objects:  81% (4756/5871), 916.00 KiB | 564.00 KiB/s[35m[noice.nvim] [0m[36m     clone[0m[90m | [0mReceiving objects:  82% (4815/5871), 916.00 KiB | 564.00 KiB/s[35m[noice.nvim] [0m[36m     clone[0m[90m | [0mReceiving objects:  83% (4873/5871), 916.00 KiB | 564.00 KiB/s[35m[noice.nvim] [0m[36m     clone[0m[90m | [0mReceiving objects:  84% (4932/5871), 916.00 KiB | 564.00 KiB/s[35m[noice.nvim] [0m[36m     clone[0m[90m | [0mReceiving objects:  85% (4991/5871), 916.00 KiB | 564.00 KiB/s[35m[noice.nvim] [0m[36m     clone[0m[90m | [0mReceiving objects:  86% (5050/5871), 916.00 KiB | 564.00 KiB/s[35m[noice.nvim] [0m[36m     clone[0m[90m | [0mReceiving objects:  87% (5108/5871), 916.00 KiB | 564.00 KiB/s[35m[trouble.nvim] [0m[36m   clone[0m[90m | [0mReceiving objects:  22% (647/2940), 228.00 KiB | 180.00 KiB/s[35m[noice.nvim] [0m[36m     clone[0m[90m | [0mReceiving objects:  88% (5167/5871), 916.00 KiB | 564.00 KiB/s[35m[noice.nvim] [0m[36m     clone[0m[90m | [0mReceiving objects:  89% (5226/5871), 916.00 KiB | 564.00 KiB/s[35m[trouble.nvim] [0m[36m   clone[0m[90m | [0mReceiving objects:  23% (677/2940), 228.00 KiB | 180.00 KiB/s[35m[noice.nvim] [0m[36m     clone[0m[90m | [0mReceiving objects:  90% (5284/5871), 916.00 KiB | 564.00 KiB/s[35m[noice.nvim] [0m[36m     clone[0m[90m | [0mReceiving objects:  91% (5343/5871), 916.00 KiB | 564.00 KiB/s[35m[noice.nvim] [0m[36m     clone[0m[90m | [0mReceiving objects:  92% (5402/5871), 916.00 KiB | 564.00 KiB/s[35m[noice.nvim] [0m[36m     clone[0m[90m | [0mReceiving objects:  93% (5461/5871), 916.00 KiB | 564.00 KiB/s[35m[trouble.nvim] [0m[36m   clone[0m[90m | [0mReceiving objects:  24% (706/2940), 228.00 KiB | 180.00 KiB/s[35m[noice.nvim] [0m[36m     clone[0m[90m | [0mReceiving objects:  94% (5519/5871), 916.00 KiB | 564.00 KiB/s[35m[noice.nvim] [0m[36m     clone[0m[90m | [0mReceiving objects:  95% (5578/5871), 916.00 KiB | 564.00 KiB/s[35m[trouble.nvim] [0m[36m   clone[0m[90m | [0mReceiving objects:  25% (735/2940), 228.00 KiB | 180.00 KiB/s[35m[noice.nvim] [0m[36m     clone[0m[90m | [0mReceiving objects:  96% (5637/5871), 916.00 KiB | 564.00 KiB/s[35m[noice.nvim] [0m[36m     clone[0m[90m | [0mReceiving objects:  97% (5695/5871), 916.00 KiB | 564.00 KiB/s[35m[mason.nvim] [0m[36m     clone[0m[90m | [0mReceiving objects:  12% (1494/12443), 436.00 KiB | 251.00 KiB/s[35m[grug-far.nvim] [0m[36m  clone[0m[90m | [0mReceiving objects:  61% (3662/6002), 548.00 KiB | 250.00 KiB/s[35m[noice.nvim] [0m[36m     clone[0m[90m | [0mReceiving objects:  98% (5754/5871), 916.00 KiB | 564.00 KiB/s[35m[noice.nvim] [0m[36m     clone[0m[90m | [0mReceiving objects:  99% (5813/5871), 916.00 KiB | 564.00 KiB/s[35m[grug-far.nvim] [0m[36m  clone[0m[90m | [0mReceiving objects:  62% (3722/6002), 548.00 KiB | 250.00 KiB/s[35m[noice.nvim] [0m[36m     clone[0m[90m | [0mremote: Total 5871 (delta 44), reused 42 (delta 42), pack-reused 5825 (from 2)        
[35m[noice.nvim] [0m[36m     clone[0m[90m | [0mReceiving objects: 100% (5871/5871), 916.00 KiB | 564.00 KiB/s[35m[noice.nvim] [0m[36m     clone[0m[90m | [0mReceiving objects: 100% (5871/5871), 1.22 MiB | 665.00 KiB/s, done.
[35m[noice.nvim] [0m[36m     clone[0m[90m | [0mResolving deltas:   0% (0/3051)[35m[noice.nvim] [0m[36m     clone[0m[90m | [0mResolving deltas:   1% (31/3051)[35m[noice.nvim] [0m[36m     clone[0m[90m | [0mResolving deltas:   2% (62/3051)[35m[noice.nvim] [0m[36m     clone[0m[90m | [0mResolving deltas:   3% (92/3051)[35m[noice.nvim] [0m[36m     clone[0m[90m | [0mResolving deltas:   4% (123/3051)[35m[noice.nvim] [0m[36m     clone[0m[90m | [0mResolving deltas:   5% (153/3051)[35m[noice.nvim] [0m[36m     clone[0m[90m | [0mResolving deltas:   6% (184/3051)[35m[noice.nvim] [0m[36m     clone[0m[90m | [0mResolving deltas:   7% (214/3051)[35m[noice.nvim] [0m[36m     clone[0m[90m | [0mResolving deltas:   8% (245/3051)[35m[noice.nvim] [0m[36m     clone[0m[90m | [0mResolving deltas:   9% (275/3051)[35m[noice.nvim] [0m[36m     clone[0m[90m | [0mResolving deltas:  10% (306/3051)[35m[noice.nvim] [0m[36m     clone[0m[90m | [0mResolving deltas:  11% (337/3051)[35m[noice.nvim] [0m[36m     clone[0m[90m | [0mResolving deltas:  12% (367/3051)[35m[noice.nvim] [0m[36m     clone[0m[90m | [0mResolving deltas:  13% (397/3051)[35m[grug-far.nvim] [0m[36m  clone[0m[90m | [0mReceiving objects:  63% (3782/6002), 548.00 KiB | 250.00 KiB/s[35m[noice.nvim] [0m[36m     clone[0m[90m | [0mResolving deltas:  14% (428/3051)[35m[noice.nvim] [0m[36m     clone[0m[90m | [0mResolving deltas:  15% (458/3051)[35m[noice.nvim] [0m[36m     clone[0m[90m | [0mResolving deltas:  16% (489/3051)[35m[noice.nvim] [0m[36m     clone[0m[90m | [0mResolving deltas:  17% (519/3051)[35m[noice.nvim] [0m[36m     clone[0m[90m | [0mResolving deltas:  18% (550/3051)[35m[noice.nvim] [0m[36m     clone[0m[90m | [0mResolving deltas:  19% (580/3051)[35m[noice.nvim] [0m[36m     clone[0m[90m | [0mResolving deltas:  20% (612/3051)[35m[grug-far.nvim] [0m[36m  clone[0m[90m | [0mReceiving objects:  64% (3842/6002), 548.00 KiB | 250.00 KiB/s[35m[noice.nvim] [0m[36m     clone[0m[90m | [0mResolving deltas:  21% (641/3051)[35m[noice.nvim] [0m[36m     clone[0m[90m | [0mResolving deltas:  22% (672/3051)[35m[noice.nvim] [0m[36m     clone[0m[90m | [0mResolving deltas:  23% (702/3051)[35m[noice.nvim] [0m[36m     clone[0m[90m | [0mResolving deltas:  24% (734/3051)[35m[noice.nvim] [0m[36m     clone[0m[90m | [0mResolving deltas:  25% (764/3051)[35m[noice.nvim] [0m[36m     clone[0m[90m | [0mResolving deltas:  26% (794/3051)[35m[noice.nvim] [0m[36m     clone[0m[90m | [0mResolving deltas:  27% (825/3051)[35m[noice.nvim] [0m[36m     clone[0m[90m | [0mResolving deltas:  28% (856/3051)[35m[grug-far.nvim] [0m[36m  clone[0m[90m | [0mReceiving objects:  65% (3902/6002), 548.00 KiB | 250.00 KiB/s[35m[noice.nvim] [0m[36m     clone[0m[90m | [0mResolving deltas:  29% (885/3051)[35m[noice.nvim] [0m[36m     clone[0m[90m | [0mResolving deltas:  30% (917/3051)[35m[noice.nvim] [0m[36m     clone[0m[90m | [0mResolving deltas:  31% (946/3051)[35m[noice.nvim] [0m[36m     clone[0m[90m | [0mResolving deltas:  32% (977/3051)[35m[noice.nvim] [0m[36m     clone[0m[90m | [0mResolving deltas:  33% (1007/3051)[35m[noice.nvim] [0m[36m     clone[0m[90m | [0mResolving deltas:  34% (1040/3051)[35m[noice.nvim] [0m[36m     clone[0m[90m | [0mResolving deltas:  35% (1068/3051)[35m[noice.nvim] [0m[36m     clone[0m[90m | [0mResolving deltas:  36% (1099/3051)[35m[noice.nvim] [0m[36m     clone[0m[90m | [0mResolving deltas:  37% (1131/3051)[35m[noice.nvim] [0m[36m     clone[0m[90m | [0mResolving deltas:  38% (1160/3051)[35m[noice.nvim] [0m[36m     clone[0m[90m | [0mResolving deltas:  39% (1190/3051)[35m[noice.nvim] [0m[36m     clone[0m[90m | [0mResolving deltas:  40% (1221/3051)[35m[noice.nvim] [0m[36m     clone[0m[90m | [0mResolving deltas:  41% (1251/3051)[35m[noice.nvim] [0m[36m     clone[0m[90m | [0mResolving deltas:  42% (1282/3051)[35m[noice.nvim] [0m[36m     clone[0m[90m | [0mResolving deltas:  43% (1312/3051)[35m[noice.nvim] [0m[36m     clone[0m[90m | [0mResolving deltas:  44% (1343/3051)[35m[noice.nvim] [0m[36m     clone[0m[90m | [0mResolving deltas:  45% (1373/3051)[35m[noice.nvim] [0m[36m     clone[0m[90m | [0mResolving deltas:  46% (1405/3051)[35m[noice.nvim] [0m[36m     clone[0m[90m | [0mResolving deltas:  47% (1434/3051)[35m[noice.nvim] [0m[36m     clone[0m[90m | [0mResolving deltas:  48% (1467/3051)[35m[noice.nvim] [0m[36m     clone[0m[90m | [0mResolving deltas:  49% (1495/3051)[35m[noice.nvim] [0m[36m     clone[0m[90m | [0mResolving deltas:  50% (1529/3051)[35m[noice.nvim] [0m[36m     clone[0m[90m | [0mResolving deltas:  51% (1557/3051)[35m[noice.nvim] [0m[36m     clone[0m[90m | [0mResolving deltas:  52% (1587/3051)[35m[noice.nvim] [0m[36m     clone[0m[90m | [0mResolving deltas:  53% (1618/3051)[35m[noice.nvim] [0m[36m     clone[0m[90m | [0mResolving deltas:  54% (1648/3051)[35m[noice.nvim] [0m[36m     clone[0m[90m | [0mResolving deltas:  55% (1680/3051)[35m[noice.nvim] [0m[36m     clone[0m[90m | [0mResolving deltas:  56% (1710/3051)[35m[noice.nvim] [0m[36m     clone[0m[90m | [0mResolving deltas:  57% (1740/3051)[35m[noice.nvim] [0m[36m     clone[0m[90m | [0mResolving deltas:  58% (1770/3051)[35m[noice.nvim] [0m[36m     clone[0m[90m | [0mResolving deltas:  59% (1801/3051)[35m[noice.nvim] [0m[36m     clone[0m[90m | [0mResolving deltas:  60% (1831/3051)[35m[noice.nvim] [0m[36m     clone[0m[90m | [0mResolving deltas:  61% (1862/3051)[35m[noice.nvim] [0m[36m     clone[0m[90m | [0mResolving deltas:  62% (1892/3051)[35m[noice.nvim] [0m[36m     clone[0m[90m | [0mResolving deltas:  63% (1923/3051)[35m[noice.nvim] [0m[36m     clone[0m[90m | [0mResolving deltas:  64% (1953/3051)[35m[noice.nvim] [0m[36m     clone[0m[90m | [0mResolving deltas:  65% (1985/3051)[35m[noice.nvim] [0m[36m     clone[0m[90m | [0mResolving deltas:  66% (2014/3051)[35m[noice.nvim] [0m[36m     clone[0m[90m | [0mResolving deltas:  67% (2045/3051)[35m[noice.nvim] [0m[36m     clone[0m[90m | [0mResolving deltas:  68% (2075/3051)[35m[noice.nvim] [0m[36m     clone[0m[90m | [0mResolving deltas:  69% (2106/3051)[35m[trouble.nvim] [0m[36m   clone[0m[90m | [0mReceiving objects:  26% (765/2940), 228.00 KiB | 180.00 KiB/s[35m[noice.nvim] [0m[36m     clone[0m[90m | [0mResolving deltas:  70% (2138/3051)[35m[noice.nvim] [0m[36m     clone[0m[90m | [0mResolving deltas:  71% (2167/3051)[35m[noice.nvim] [0m[36m     clone[0m[90m | [0mResolving deltas:  72% (2197/3051)[35m[noice.nvim] [0m[36m     clone[0m[90m | [0mResolving deltas:  73% (2230/3051)[35m[noice.nvim] [0m[36m     clone[0m[90m | [0mResolving deltas:  74% (2258/3051)[35m[noice.nvim] [0m[36m     clone[0m[90m | [0mResolving deltas:  75% (2289/3051)[35m[noice.nvim] [0m[36m     clone[0m[90m | [0mResolving deltas:  76% (2320/3051)[35m[noice.nvim] [0m[36m     clone[0m[90m | [0mResolving deltas:  77% (2351/3051)[35m[noice.nvim] [0m[36m     clone[0m[90m | [0mResolving deltas:  78% (2380/3051)[35m[noice.nvim] [0m[36m     clone[0m[90m | [0mResolving deltas:  79% (2411/3051)[35m[noice.nvim] [0m[36m     clone[0m[90m | [0mResolving deltas:  80% (2441/3051)[35m[noice.nvim] [0m[36m     clone[0m[90m | [0mResolving deltas:  81% (2472/3051)[35m[noice.nvim] [0m[36m     clone[0m[90m | [0mResolving deltas:  82% (2504/3051)[35m[noice.nvim] [0m[36m     clone[0m[90m | [0mResolving deltas:  83% (2534/3051)[35m[noice.nvim] [0m[36m     clone[0m[90m | [0mResolving deltas:  84% (2563/3051)[35m[noice.nvim] [0m[36m     clone[0m[90m | [0mResolving deltas:  85% (2594/3051)[35m[noice.nvim] [0m[36m     clone[0m[90m | [0mResolving deltas:  86% (2624/3051)[35m[noice.nvim] [0m[36m     clone[0m[90m | [0mResolving deltas:  87% (2656/3051)[35m[noice.nvim] [0m[36m     clone[0m[90m | [0mResolving deltas:  88% (2685/3051)[35m[noice.nvim] [0m[36m     clone[0m[90m | [0mResolving deltas:  89% (2716/3051)[35m[noice.nvim] [0m[36m     clone[0m[90m | [0mResolving deltas:  90% (2746/3051)[35m[noice.nvim] [0m[36m     clone[0m[90m | [0mResolving deltas:  91% (2777/3051)[35m[noice.nvim] [0m[36m     clone[0m[90m | [0mResolving deltas:  92% (2807/3051)[35m[noice.nvim] [0m[36m     clone[0m[90m | [0mResolving deltas:  93% (2838/3051)[35m[noice.nvim] [0m[36m     clone[0m[90m | [0mResolving deltas:  94% (2870/3051)[35m[noice.nvim] [0m[36m     clone[0m[90m | [0mResolving deltas:  95% (2899/3051)[35m[noice.nvim] [0m[36m     clone[0m[90m | [0mResolving deltas:  96% (2930/3051)[35m[noice.nvim] [0m[36m     clone[0m[90m | [0mResolving deltas:  97% (2960/3051)[35m[noice.nvim] [0m[36m     clone[0m[90m | [0mResolving deltas:  98% (2990/3051)[35m[noice.nvim] [0m[36m     clone[0m[90m | [0mResolving deltas:  99% (3021/3051)[35m[noice.nvim] [0m[36m     clone[0m[90m | [0mResolving deltas: 100% (3051/3051)[35m[noice.nvim] [0m[36m     clone[0m[90m | [0mResolving deltas: 100% (3051/3051), done.
[35m[grug-far.nvim] [0m[36m  clone[0m[90m | [0mReceiving objects:  66% (3962/6002), 548.00 KiB | 250.00 KiB/s[35m[grug-far.nvim] [0m[36m  clone[0m[90m | [0mReceiving objects:  67% (4022/6002), 548.00 KiB | 250.00 KiB/s[35m[grug-far.nvim] [0m[36m  clone[0m[90m | [0mReceiving objects:  68% (4082/6002), 548.00 KiB | 250.00 KiB/s[35m[grug-far.nvim] [0m[36m  clone[0m[90m | [0mReceiving objects:  69% (4142/6002), 548.00 KiB | 250.00 KiB/s[35m[mason.nvim] [0m[36m     clone[0m[90m | [0mReceiving objects:  13% (1618/12443), 636.00 KiB | 278.00 KiB/s[35m[trouble.nvim] [0m[36m   clone[0m[90m | [0mReceiving objects:  27% (794/2940), 228.00 KiB | 180.00 KiB/s[35m[trouble.nvim] [0m[36m   clone[0m[90m | [0mReceiving objects:  28% (824/2940), 228.00 KiB | 180.00 KiB/s[35m[trouble.nvim] [0m[36m   clone[0m[90m | [0mReceiving objects:  29% (853/2940), 228.00 KiB | 180.00 KiB/s[35m[trouble.nvim] [0m[36m   clone[0m[90m | [0mReceiving objects:  30% (882/2940), 228.00 KiB | 180.00 KiB/s[35m[trouble.nvim] [0m[36m   clone[0m[90m | [0mReceiving objects:  31% (912/2940), 228.00 KiB | 180.00 KiB/s[35m[trouble.nvim] [0m[36m   clone[0m[90m | [0mReceiving objects:  32% (941/2940), 228.00 KiB | 180.00 KiB/s[35m[trouble.nvim] [0m[36m   clone[0m[90m | [0mReceiving objects:  33% (971/2940), 228.00 KiB | 180.00 KiB/s[35m[trouble.nvim] [0m[36m   clone[0m[90m | [0mReceiving objects:  34% (1000/2940), 228.00 KiB | 180.00 KiB/s[35m[trouble.nvim] [0m[36m   clone[0m[90m | [0mReceiving objects:  35% (1029/2940), 228.00 KiB | 180.00 KiB/s[35m[trouble.nvim] [0m[36m   clone[0m[90m | [0mReceiving objects:  36% (1059/2940), 228.00 KiB | 180.00 KiB/s[35m[trouble.nvim] [0m[36m   clone[0m[90m | [0mReceiving objects:  37% (1088/2940), 228.00 KiB | 180.00 KiB/s[35m[trouble.nvim] [0m[36m   clone[0m[90m | [0mReceiving objects:  38% (1118/2940), 228.00 KiB | 180.00 KiB/s[35m[trouble.nvim] [0m[36m   clone[0m[90m | [0mReceiving objects:  39% (1147/2940), 228.00 KiB | 180.00 KiB/s[35m[trouble.nvim] [0m[36m   clone[0m[90m | [0mReceiving objects:  40% (1176/2940), 228.00 KiB | 180.00 KiB/s[35m[trouble.nvim] [0m[36m   clone[0m[90m | [0mReceiving objects:  41% (1206/2940), 228.00 KiB | 180.00 KiB/s[35m[trouble.nvim] [0m[36m   clone[0m[90m | [0mReceiving objects:  42% (1235/2940), 228.00 KiB | 180.00 KiB/s[35m[trouble.nvim] [0m[36m   clone[0m[90m | [0mReceiving objects:  43% (1265/2940), 228.00 KiB | 180.00 KiB/s[35m[trouble.nvim] [0m[36m   clone[0m[90m | [0mReceiving objects:  44% (1294/2940), 228.00 KiB | 180.00 KiB/s[35m[trouble.nvim] [0m[36m   clone[0m[90m | [0mReceiving objects:  45% (1323/2940), 228.00 KiB | 180.00 KiB/s[35m[trouble.nvim] [0m[36m   clone[0m[90m | [0mReceiving objects:  46% (1353/2940), 228.00 KiB | 180.00 KiB/s[35m[trouble.nvim] [0m[36m   clone[0m[90m | [0mReceiving objects:  47% (1382/2940), 228.00 KiB | 180.00 KiB/s[35m[trouble.nvim] [0m[36m   clone[0m[90m | [0mReceiving objects:  48% (1412/2940), 228.00 KiB | 180.00 KiB/s[35m[trouble.nvim] [0m[36m   clone[0m[90m | [0mReceiving objects:  49% (1441/2940), 524.00 KiB | 300.00 KiB/s[35m[trouble.nvim] [0m[36m   clone[0m[90m | [0mReceiving objects:  50% (1470/2940), 524.00 KiB | 300.00 KiB/s[35m[trouble.nvim] [0m[36m   clone[0m[90m | [0mReceiving objects:  51% (1500/2940), 524.00 KiB | 300.00 KiB/s[35m[trouble.nvim] [0m[36m   clone[0m[90m | [0mReceiving objects:  52% (1529/2940), 524.00 KiB | 300.00 KiB/s[35m[trouble.nvim] [0m[36m   clone[0m[90m | [0mReceiving objects:  53% (1559/2940), 524.00 KiB | 300.00 KiB/s[35m[blink.cmp] [0m[36m      clone[0m[90m | [0mReceiving objects:   9% (1043/11581), 668.00 KiB | 294.00 KiB/s[35m[trouble.nvim] [0m[36m   clone[0m[90m | [0mReceiving objects:  54% (1588/2940), 524.00 KiB | 300.00 KiB/s[35m[mason.nvim] [0m[36m     clone[0m[90m | [0mReceiving objects:  14% (1743/12443), 636.00 KiB | 278.00 KiB/s[35m[trouble.nvim] [0m[36m   clone[0m[90m | [0mReceiving objects:  55% (1617/2940), 524.00 KiB | 300.00 KiB/s[35m[trouble.nvim] [0m[36m   clone[0m[90m | [0mReceiving objects:  56% (1647/2940), 524.00 KiB | 300.00 KiB/s[35m[trouble.nvim] [0m[36m   clone[0m[90m | [0mReceiving objects:  57% (1676/2940), 524.00 KiB | 300.00 KiB/s[35m[trouble.nvim] [0m[36m   clone[0m[90m | [0mReceiving objects:  58% (1706/2940), 524.00 KiB | 300.00 KiB/s[35m[trouble.nvim] [0m[36m   clone[0m[90m | [0mReceiving objects:  59% (1735/2940), 524.00 KiB | 300.00 KiB/s[35m[trouble.nvim] [0m[36m   clone[0m[90m | [0mReceiving objects:  60% (1764/2940), 524.00 KiB | 300.00 KiB/s[35m[trouble.nvim] [0m[36m   clone[0m[90m | [0mReceiving objects:  61% (1794/2940), 524.00 KiB | 300.00 KiB/s[35m[trouble.nvim] [0m[36m   clone[0m[90m | [0mReceiving objects:  62% (1823/2940), 524.00 KiB | 300.00 KiB/s[35m[grug-far.nvim] [0m[36m  clone[0m[90m | [0mReceiving objects:  70% (4202/6002), 548.00 KiB | 250.00 KiB/s[35m[grug-far.nvim] [0m[36m  clone[0m[90m | [0mReceiving objects:  71% (4262/6002), 548.00 KiB | 250.00 KiB/s[35m[grug-far.nvim] [0m[36m  clone[0m[90m | [0mReceiving objects:  72% (4322/6002), 548.00 KiB | 250.00 KiB/s[35m[grug-far.nvim] [0m[36m  clone[0m[90m | [0mReceiving objects:  73% (4382/6002), 548.00 KiB | 250.00 KiB/s[35m[grug-far.nvim] [0m[36m  clone[0m[90m | [0mReceiving objects:  74% (4442/6002), 548.00 KiB | 250.00 KiB/s[35m[grug-far.nvim] [0m[36m  clone[0m[90m | [0mReceiving objects:  75% (4502/6002), 548.00 KiB | 250.00 KiB/s[35m[grug-far.nvim] [0m[36m  clone[0m[90m | [0mReceiving objects:  76% (4562/6002), 548.00 KiB | 250.00 KiB/s[35m[grug-far.nvim] [0m[36m  clone[0m[90m | [0mReceiving objects:  77% (4622/6002), 548.00 KiB | 250.00 KiB/s[35m[grug-far.nvim] [0m[36m  clone[0m[90m | [0mReceiving objects:  78% (4682/6002), 548.00 KiB | 250.00 KiB/s[35m[grug-far.nvim] [0m[36m  clone[0m[90m | [0mReceiving objects:  79% (4742/6002), 548.00 KiB | 250.00 KiB/s[35m[grug-far.nvim] [0m[36m  clone[0m[90m | [0mReceiving objects:  80% (4802/6002), 548.00 KiB | 250.00 KiB/s[35m[grug-far.nvim] [0m[36m  clone[0m[90m | [0mReceiving objects:  81% (4862/6002), 548.00 KiB | 250.00 KiB/s[35m[grug-far.nvim] [0m[36m  clone[0m[90m | [0mReceiving objects:  82% (4922/6002), 548.00 KiB | 250.00 KiB/s[35m[trouble.nvim] [0m[36m   clone[0m[90m | [0mReceiving objects:  63% (1853/2940), 524.00 KiB | 300.00 KiB/s[35m[trouble.nvim] [0m[36m   clone[0m[90m | [0mReceiving objects:  64% (1882/2940), 524.00 KiB | 300.00 KiB/s[35m[trouble.nvim] [0m[36m   clone[0m[90m | [0mReceiving objects:  65% (1911/2940), 524.00 KiB | 300.00 KiB/s[35m[trouble.nvim] [0m[36m   clone[0m[90m | [0mReceiving objects:  66% (1941/2940), 524.00 KiB | 300.00 KiB/s[35m[trouble.nvim] [0m[36m   clone[0m[90m | [0mReceiving objects:  67% (1970/2940), 524.00 KiB | 300.00 KiB/s[35m[trouble.nvim] [0m[36m   clone[0m[90m | [0mReceiving objects:  68% (2000/2940), 524.00 KiB | 300.00 KiB/s[35m[trouble.nvim] [0m[36m   clone[0m[90m | [0mReceiving objects:  69% (2029/2940), 524.00 KiB | 300.00 KiB/s[35m[trouble.nvim] [0m[36m   clone[0m[90m | [0mReceiving objects:  70% (2058/2940), 524.00 KiB | 300.00 KiB/s[35m[trouble.nvim] [0m[36m   clone[0m[90m | [0mReceiving objects:  71% (2088/2940), 524.00 KiB | 300.00 KiB/s[35m[trouble.nvim] [0m[36m   clone[0m[90m | [0mReceiving objects:  72% (2117/2940), 524.00 KiB | 300.00 KiB/s[35m[trouble.nvim] [0m[36m   clone[0m[90m | [0mReceiving objects:  73% (2147/2940), 524.00 KiB | 300.00 KiB/s[35m[trouble.nvim] [0m[36m   clone[0m[90m | [0mReceiving objects:  74% (2176/2940), 524.00 KiB | 300.00 KiB/s[35m[trouble.nvim] [0m[36m   clone[0m[90m | [0mReceiving objects:  75% (2205/2940), 524.00 KiB | 300.00 KiB/s[35m[trouble.nvim] [0m[36m   clone[0m[90m | [0mReceiving objects:  76% (2235/2940), 524.00 KiB | 300.00 KiB/s[35m[trouble.nvim] [0m[36m   clone[0m[90m | [0mReceiving objects:  77% (2264/2940), 524.00 KiB | 300.00 KiB/s[35m[trouble.nvim] [0m[36m   clone[0m[90m | [0mReceiving objects:  78% (2294/2940), 524.00 KiB | 300.00 KiB/s[35m[trouble.nvim] [0m[36m   clone[0m[90m | [0mReceiving objects:  79% (2323/2940), 524.00 KiB | 300.00 KiB/s[35m[trouble.nvim] [0m[36m   clone[0m[90m | [0mReceiving objects:  80% (2352/2940), 524.00 KiB | 300.00 KiB/s[35m[trouble.nvim] [0m[36m   clone[0m[90m | [0mReceiving objects:  81% (2382/2940), 524.00 KiB | 300.00 KiB/s[35m[trouble.nvim] [0m[36m   clone[0m[90m | [0mReceiving objects:  82% (2411/2940), 524.00 KiB | 300.00 KiB/s[35m[trouble.nvim] [0m[36m   clone[0m[90m | [0mReceiving objects:  83% (2441/2940), 524.00 KiB | 300.00 KiB/s[35m[trouble.nvim] [0m[36m   clone[0m[90m | [0mReceiving objects:  84% (2470/2940), 524.00 KiB | 300.00 KiB/s[35m[trouble.nvim] [0m[36m   clone[0m[90m | [0mReceiving objects:  85% (2499/2940), 524.00 KiB | 300.00 KiB/s[35m[trouble.nvim] [0m[36m   clone[0m[90m | [0mReceiving objects:  86% (2529/2940), 524.00 KiB | 300.00 KiB/s[35m[trouble.nvim] [0m[36m   clone[0m[90m | [0mReceiving objects:  87% (2558/2940), 524.00 KiB | 300.00 KiB/s[35m[trouble.nvim] [0m[36m   clone[0m[90m | [0mReceiving objects:  88% (2588/2940), 524.00 KiB | 300.00 KiB/s[35m[trouble.nvim] [0m[36m   clone[0m[90m | [0mReceiving objects:  89% (2617/2940), 524.00 KiB | 300.00 KiB/s[35m[trouble.nvim] [0m[36m   clone[0m[90m | [0mReceiving objects:  90% (2646/2940), 524.00 KiB | 300.00 KiB/s[35m[trouble.nvim] [0m[36m   clone[0m[90m | [0mReceiving objects:  91% (2676/2940), 524.00 KiB | 300.00 KiB/s[35m[trouble.nvim] [0m[36m   clone[0m[90m | [0mReceiving objects:  92% (2705/2940), 524.00 KiB | 300.00 KiB/s[35m[trouble.nvim] [0m[36m   clone[0m[90m | [0mReceiving objects:  93% (2735/2940), 524.00 KiB | 300.00 KiB/s[35m[trouble.nvim] [0m[36m   clone[0m[90m | [0mReceiving objects:  94% (2764/2940), 524.00 KiB | 300.00 KiB/s[35m[trouble.nvim] [0m[36m   clone[0m[90m | [0mReceiving objects:  95% (2793/2940), 524.00 KiB | 300.00 KiB/s[35m[trouble.nvim] [0m[36m   clone[0m[90m | [0mReceiving objects:  96% (2823/2940), 524.00 KiB | 300.00 KiB/s[35m[trouble.nvim] [0m[36m   clone[0m[90m | [0mReceiving objects:  97% (2852/2940), 524.00 KiB | 300.00 KiB/s[35m[trouble.nvim] [0m[36m   clone[0m[90m | [0mReceiving objects:  98% (2882/2940), 524.00 KiB | 300.00 KiB/s[35m[trouble.nvim] [0m[36m   clone[0m[90m | [0mremote: Total 2940 (delta 28), reused 20 (delta 16), pack-reused 2898 (from 3)        
[35m[trouble.nvim] [0m[36m   clone[0m[90m | [0mReceiving objects:  99% (2911/2940), 524.00 KiB | 300.00 KiB/s[35m[trouble.nvim] [0m[36m   clone[0m[90m | [0mReceiving objects: 100% (2940/2940), 524.00 KiB | 300.00 KiB/s[35m[trouble.nvim] [0m[36m   clone[0m[90m | [0mReceiving objects: 100% (2940/2940), 642.93 KiB | 355.00 KiB/s, done.
[35m[trouble.nvim] [0m[36m   clone[0m[90m | [0mResolving deltas:   0% (0/1335)[35m[trouble.nvim] [0m[36m   clone[0m[90m | [0mResolving deltas:   1% (14/1335)[35m[trouble.nvim] [0m[36m   clone[0m[90m | [0mResolving deltas:   2% (28/1335)[35m[trouble.nvim] [0m[36m   clone[0m[90m | [0mResolving deltas:   3% (42/1335)[35m[trouble.nvim] [0m[36m   clone[0m[90m | [0mResolving deltas:   4% (54/1335)[35m[trouble.nvim] [0m[36m   clone[0m[90m | [0mResolving deltas:   5% (68/1335)[35m[trouble.nvim] [0m[36m   clone[0m[90m | [0mResolving deltas:   6% (81/1335)[35m[trouble.nvim] [0m[36m   clone[0m[90m | [0mResolving deltas:   7% (96/1335)[35m[trouble.nvim] [0m[36m   clone[0m[90m | [0mResolving deltas:   8% (107/1335)[35m[trouble.nvim] [0m[36m   clone[0m[90m | [0mResolving deltas:   9% (121/1335)[35m[trouble.nvim] [0m[36m   clone[0m[90m | [0mResolving deltas:  10% (134/1335)[35m[trouble.nvim] [0m[36m   clone[0m[90m | [0mResolving deltas:  11% (147/1335)[35m[trouble.nvim] [0m[36m   clone[0m[90m | [0mResolving deltas:  12% (162/1335)[35m[trouble.nvim] [0m[36m   clone[0m[90m | [0mResolving deltas:  13% (175/1335)[35m[trouble.nvim] [0m[36m   clone[0m[90m | [0mResolving deltas:  14% (190/1335)[35m[trouble.nvim] [0m[36m   clone[0m[90m | [0mResolving deltas:  15% (201/1335)[35m[trouble.nvim] [0m[36m   clone[0m[90m | [0mResolving deltas:  16% (214/1335)[35m[trouble.nvim] [0m[36m   clone[0m[90m | [0mResolving deltas:  17% (228/1335)[35m[trouble.nvim] [0m[36m   clone[0m[90m | [0mResolving deltas:  18% (241/1335)[35m[trouble.nvim] [0m[36m   clone[0m[90m | [0mResolving deltas:  19% (254/1335)[35m[trouble.nvim] [0m[36m   clone[0m[90m | [0mResolving deltas:  20% (267/1335)[35m[trouble.nvim] [0m[36m   clone[0m[90m | [0mResolving deltas:  21% (281/1335)[35m[trouble.nvim] [0m[36m   clone[0m[90m | [0mResolving deltas:  22% (295/1335)[35m[trouble.nvim] [0m[36m   clone[0m[90m | [0mResolving deltas:  23% (309/1335)[35m[trouble.nvim] [0m[36m   clone[0m[90m | [0mResolving deltas:  24% (321/1335)[35m[trouble.nvim] [0m[36m   clone[0m[90m | [0mResolving deltas:  25% (334/1335)[35m[trouble.nvim] [0m[36m   clone[0m[90m | [0mResolving deltas:  26% (348/1335)[35m[trouble.nvim] [0m[36m   clone[0m[90m | [0mResolving deltas:  27% (361/1335)[35m[trouble.nvim] [0m[36m   clone[0m[90m | [0mResolving deltas:  28% (374/1335)[35m[trouble.nvim] [0m[36m   clone[0m[90m | [0mResolving deltas:  29% (388/1335)[35m[trouble.nvim] [0m[36m   clone[0m[90m | [0mResolving deltas:  30% (401/1335)[35m[trouble.nvim] [0m[36m   clone[0m[90m | [0mResolving deltas:  31% (414/1335)[35m[trouble.nvim] [0m[36m   clone[0m[90m | [0mResolving deltas:  32% (429/1335)[35m[trouble.nvim] [0m[36m   clone[0m[90m | [0mResolving deltas:  33% (441/1335)[35m[trouble.nvim] [0m[36m   clone[0m[90m | [0mResolving deltas:  34% (456/1335)[35m[trouble.nvim] [0m[36m   clone[0m[90m | [0mResolving deltas:  35% (468/1335)[35m[trouble.nvim] [0m[36m   clone[0m[90m | [0mResolving deltas:  36% (481/1335)[35m[trouble.nvim] [0m[36m   clone[0m[90m | [0mResolving deltas:  37% (494/1335)[35m[trouble.nvim] [0m[36m   clone[0m[90m | [0mResolving deltas:  38% (508/1335)[35m[trouble.nvim] [0m[36m   clone[0m[90m | [0mResolving deltas:  39% (521/1335)[35m[trouble.nvim] [0m[36m   clone[0m[90m | [0mResolving deltas:  40% (534/1335)[35m[trouble.nvim] [0m[36m   clone[0m[90m | [0mResolving deltas:  41% (548/1335)[35m[trouble.nvim] [0m[36m   clone[0m[90m | [0mResolving deltas:  42% (561/1335)[35m[trouble.nvim] [0m[36m   clone[0m[90m | [0mResolving deltas:  43% (575/1335)[35m[trouble.nvim] [0m[36m   clone[0m[90m | [0mResolving deltas:  44% (590/1335)[35m[trouble.nvim] [0m[36m   clone[0m[90m | [0mResolving deltas:  45% (601/1335)[35m[trouble.nvim] [0m[36m   clone[0m[90m | [0mResolving deltas:  46% (615/1335)[35m[trouble.nvim] [0m[36m   clone[0m[90m | [0mResolving deltas:  47% (628/1335)[35m[trouble.nvim] [0m[36m   clone[0m[90m | [0mResolving deltas:  48% (641/1335)[35m[trouble.nvim] [0m[36m   clone[0m[90m | [0mResolving deltas:  49% (657/1335)[35m[trouble.nvim] [0m[36m   clone[0m[90m | [0mResolving deltas:  50% (668/1335)[35m[trouble.nvim] [0m[36m   clone[0m[90m | [0mResolving deltas:  51% (681/1335)[35m[trouble.nvim] [0m[36m   clone[0m[90m | [0mResolving deltas:  52% (695/1335)[35m[trouble.nvim] [0m[36m   clone[0m[90m | [0mResolving deltas:  53% (709/1335)[35m[trouble.nvim] [0m[36m   clone[0m[90m | [0mResolving deltas:  54% (721/1335)[35m[trouble.nvim] [0m[36m   clone[0m[90m | [0mResolving deltas:  55% (735/1335)[35m[trouble.nvim] [0m[36m   clone[0m[90m | [0mResolving deltas:  56% (748/1335)[35m[trouble.nvim] [0m[36m   clone[0m[90m | [0mResolving deltas:  57% (761/1335)[35m[trouble.nvim] [0m[36m   clone[0m[90m | [0mResolving deltas:  58% (775/1335)[35m[trouble.nvim] [0m[36m   clone[0m[90m | [0mResolving deltas:  59% (788/1335)[35m[trouble.nvim] [0m[36m   clone[0m[90m | [0mResolving deltas:  60% (801/1335)[35m[trouble.nvim] [0m[36m   clone[0m[90m | [0mResolving deltas:  61% (815/1335)[35m[trouble.nvim] [0m[36m   clone[0m[90m | [0mResolving deltas:  62% (828/1335)[35m[trouble.nvim] [0m[36m   clone[0m[90m | [0mResolving deltas:  63% (843/1335)[35m[trouble.nvim] [0m[36m   clone[0m[90m | [0mResolving deltas:  64% (855/1335)[35m[trouble.nvim] [0m[36m   clone[0m[90m | [0mResolving deltas:  65% (868/1335)[35m[trouble.nvim] [0m[36m   clone[0m[90m | [0mResolving deltas:  66% (883/1335)[35m[trouble.nvim] [0m[36m   clone[0m[90m | [0mResolving deltas:  67% (898/1335)[35m[trouble.nvim] [0m[36m   clone[0m[90m | [0mResolving deltas:  68% (908/1335)[35m[trouble.nvim] [0m[36m   clone[0m[90m | [0mResolving deltas:  69% (922/1335)[35m[trouble.nvim] [0m[36m   clone[0m[90m | [0mResolving deltas:  70% (935/1335)[35m[trouble.nvim] [0m[36m   clone[0m[90m | [0mResolving deltas:  71% (948/1335)[35m[trouble.nvim] [0m[36m   clone[0m[90m | [0mResolving deltas:  72% (962/1335)[35m[trouble.nvim] [0m[36m   clone[0m[90m | [0mResolving deltas:  73% (975/1335)[35m[trouble.nvim] [0m[36m   clone[0m[90m | [0mResolving deltas:  74% (989/1335)[35m[trouble.nvim] [0m[36m   clone[0m[90m | [0mResolving deltas:  75% (1002/1335)[35m[trouble.nvim] [0m[36m   clone[0m[90m | [0mResolving deltas:  76% (1016/1335)[35m[trouble.nvim] [0m[36m   clone[0m[90m | [0mResolving deltas:  77% (1029/1335)[35m[trouble.nvim] [0m[36m   clone[0m[90m | [0mResolving deltas:  78% (1042/1335)[35m[trouble.nvim] [0m[36m   clone[0m[90m | [0mResolving deltas:  79% (1055/1335)[35m[trouble.nvim] [0m[36m   clone[0m[90m | [0mResolving deltas:  80% (1068/1335)[35m[trouble.nvim] [0m[36m   clone[0m[90m | [0mResolving deltas:  81% (1083/1335)[35m[trouble.nvim] [0m[36m   clone[0m[90m | [0mResolving deltas:  82% (1095/1335)[35m[trouble.nvim] [0m[36m   clone[0m[90m | [0mResolving deltas:  83% (1109/1335)[35m[trouble.nvim] [0m[36m   clone[0m[90m | [0mResolving deltas:  84% (1122/1335)[35m[trouble.nvim] [0m[36m   clone[0m[90m | [0mResolving deltas:  85% (1135/1335)[35m[trouble.nvim] [0m[36m   clone[0m[90m | [0mResolving deltas:  86% (1151/1335)[35m[trouble.nvim] [0m[36m   clone[0m[90m | [0mResolving deltas:  87% (1162/1335)[35m[trouble.nvim] [0m[36m   clone[0m[90m | [0mResolving deltas:  88% (1175/1335)[35m[trouble.nvim] [0m[36m   clone[0m[90m | [0mResolving deltas:  89% (1189/1335)[35m[trouble.nvim] [0m[36m   clone[0m[90m | [0mResolving deltas:  90% (1202/1335)[35m[trouble.nvim] [0m[36m   clone[0m[90m | [0mResolving deltas:  91% (1215/1335)[35m[trouble.nvim] [0m[36m   clone[0m[90m | [0mResolving deltas:  92% (1229/1335)[35m[trouble.nvim] [0m[36m   clone[0m[90m | [0mResolving deltas:  93% (1242/1335)[35m[trouble.nvim] [0m[36m   clone[0m[90m | [0mResolving deltas:  94% (1255/1335)[35m[trouble.nvim] [0m[36m   clone[0m[90m | [0mResolving deltas:  95% (1269/1335)[35m[trouble.nvim] [0m[36m   clone[0m[90m | [0mResolving deltas:  96% (1282/1335)[35m[trouble.nvim] [0m[36m   clone[0m[90m | [0mResolving deltas:  97% (1295/1335)[35m[trouble.nvim] [0m[36m   clone[0m[90m | [0mResolving deltas:  98% (1309/1335)[35m[trouble.nvim] [0m[36m   clone[0m[90m | [0mResolving deltas:  99% (1322/1335)[35m[trouble.nvim] [0m[36m   clone[0m[90m | [0mResolving deltas: 100% (1335/1335)[35m[trouble.nvim] [0m[36m   clone[0m[90m | [0mResolving deltas: 100% (1335/1335), done.
[35m[blink.cmp] [0m[36m      clone[0m[90m | [0mReceiving objects:  10% (1159/11581), 668.00 KiB | 294.00 KiB/s[35m[grug-far.nvim] [0m[36m  clone[0m[90m | [0mReceiving objects:  83% (4982/6002), 548.00 KiB | 250.00 KiB/s[35m[grug-far.nvim] [0m[36m  clone[0m[90m | [0mReceiving objects:  84% (5042/6002), 548.00 KiB | 250.00 KiB/s[35m[grug-far.nvim] [0m[36m  clone[0m[90m | [0mReceiving objects:  85% (5102/6002), 548.00 KiB | 250.00 KiB/s[35m[grug-far.nvim] [0m[36m  clone[0m[90m | [0mReceiving objects:  86% (5162/6002), 548.00 KiB | 250.00 KiB/s[35m[grug-far.nvim] [0m[36m  clone[0m[90m | [0mReceiving objects:  87% (5222/6002), 548.00 KiB | 250.00 KiB/s[35m[grug-far.nvim] [0m[36m  clone[0m[90m | [0mReceiving objects:  88% (5282/6002), 548.00 KiB | 250.00 KiB/s[35m[grug-far.nvim] [0m[36m  clone[0m[90m | [0mReceiving objects:  89% (5342/6002), 548.00 KiB | 250.00 KiB/s[35m[grug-far.nvim] [0m[36m  clone[0m[90m | [0mReceiving objects:  90% (5402/6002), 548.00 KiB | 250.00 KiB/s[35m[grug-far.nvim] [0m[36m  clone[0m[90m | [0mReceiving objects:  91% (5462/6002), 548.00 KiB | 250.00 KiB/s[35m[grug-far.nvim] [0m[36m  clone[0m[90m | [0mReceiving objects:  92% (5522/6002), 548.00 KiB | 250.00 KiB/s[35m[grug-far.nvim] [0m[36m  clone[0m[90m | [0mReceiving objects:  93% (5582/6002), 548.00 KiB | 250.00 KiB/s[35m[grug-far.nvim] [0m[36m  clone[0m[90m | [0mReceiving objects:  94% (5642/6002), 548.00 KiB | 250.00 KiB/s[35m[grug-far.nvim] [0m[36m  clone[0m[90m | [0mReceiving objects:  95% (5702/6002), 548.00 KiB | 250.00 KiB/s[35m[grug-far.nvim] [0m[36m  clone[0m[90m | [0mReceiving objects:  96% (5762/6002), 548.00 KiB | 250.00 KiB/s[35m[grug-far.nvim] [0m[36m  clone[0m[90m | [0mReceiving objects:  97% (5822/6002), 548.00 KiB | 250.00 KiB/s[35m[grug-far.nvim] [0m[36m  clone[0m[90m | [0mremote: Total 6002 (delta 550), reused 545 (delta 526), pack-reused 5312 (from 2)        
[35m[grug-far.nvim] [0m[36m  clone[0m[90m | [0mReceiving objects:  98% (5882/6002), 548.00 KiB | 250.00 KiB/s[35m[grug-far.nvim] [0m[36m  clone[0m[90m | [0mReceiving objects:  99% (5942/6002), 548.00 KiB | 250.00 KiB/s[35m[grug-far.nvim] [0m[36m  clone[0m[90m | [0mReceiving objects: 100% (6002/6002), 548.00 KiB | 250.00 KiB/s[35m[grug-far.nvim] [0m[36m  clone[0m[90m | [0mReceiving objects: 100% (6002/6002), 818.64 KiB | 320.00 KiB/s, done.
[35m[grug-far.nvim] [0m[36m  clone[0m[90m | [0mResolving deltas:   0% (0/3250)[35m[grug-far.nvim] [0m[36m  clone[0m[90m | [0mResolving deltas:   1% (33/3250)[35m[grug-far.nvim] [0m[36m  clone[0m[90m | [0mResolving deltas:   2% (65/3250)[35m[grug-far.nvim] [0m[36m  clone[0m[90m | [0mResolving deltas:   3% (98/3250)[35m[grug-far.nvim] [0m[36m  clone[0m[90m | [0mResolving deltas:   4% (132/3250)[35m[mason.nvim] [0m[36m     clone[0m[90m | [0mReceiving objects:  15% (1867/12443), 636.00 KiB | 278.00 KiB/s[35m[grug-far.nvim] [0m[36m  clone[0m[90m | [0mResolving deltas:   5% (163/3250)[35m[grug-far.nvim] [0m[36m  clone[0m[90m | [0mResolving deltas:   6% (195/3250)[35m[grug-far.nvim] [0m[36m  clone[0m[90m | [0mResolving deltas:   7% (230/3250)[35m[grug-far.nvim] [0m[36m  clone[0m[90m | [0mResolving deltas:   8% (261/3250)[35m[grug-far.nvim] [0m[36m  clone[0m[90m | [0mResolving deltas:   9% (293/3250)[35m[grug-far.nvim] [0m[36m  clone[0m[90m | [0mResolving deltas:  10% (325/3250)[35m[grug-far.nvim] [0m[36m  clone[0m[90m | [0mResolving deltas:  11% (358/3250)[35m[grug-far.nvim] [0m[36m  clone[0m[90m | [0mResolving deltas:  12% (390/3250)[35m[grug-far.nvim] [0m[36m  clone[0m[90m | [0mResolving deltas:  13% (423/3250)[35m[grug-far.nvim] [0m[36m  clone[0m[90m | [0mResolving deltas:  14% (455/3250)[35m[grug-far.nvim] [0m[36m  clone[0m[90m | [0mResolving deltas:  15% (489/3250)[35m[mason.nvim] [0m[36m     clone[0m[90m | [0mReceiving objects:  16% (1991/12443), 636.00 KiB | 278.00 KiB/s[35m[grug-far.nvim] [0m[36m  clone[0m[90m | [0mResolving deltas:  16% (522/3250)[35m[grug-far.nvim] [0m[36m  clone[0m[90m | [0mResolving deltas:  17% (553/3250)[35m[grug-far.nvim] [0m[36m  clone[0m[90m | [0mResolving deltas:  18% (585/3250)[35m[grug-far.nvim] [0m[36m  clone[0m[90m | [0mResolving deltas:  19% (618/3250)[35m[grug-far.nvim] [0m[36m  clone[0m[90m | [0mResolving deltas:  20% (650/3250)[35m[grug-far.nvim] [0m[36m  clone[0m[90m | [0mResolving deltas:  21% (683/3250)[35m[grug-far.nvim] [0m[36m  clone[0m[90m | [0mResolving deltas:  22% (715/3250)[35m[grug-far.nvim] [0m[36m  clone[0m[90m | [0mResolving deltas:  23% (748/3250)[35m[grug-far.nvim] [0m[36m  clone[0m[90m | [0mResolving deltas:  24% (780/3250)[35m[grug-far.nvim] [0m[36m  clone[0m[90m | [0mResolving deltas:  25% (813/3250)[35m[grug-far.nvim] [0m[36m  clone[0m[90m | [0mResolving deltas:  26% (845/3250)[35m[grug-far.nvim] [0m[36m  clone[0m[90m | [0mResolving deltas:  27% (878/3250)[35m[grug-far.nvim] [0m[36m  clone[0m[90m | [0mResolving deltas:  28% (910/3250)[35m[grug-far.nvim] [0m[36m  clone[0m[90m | [0mResolving deltas:  29% (943/3250)[35m[grug-far.nvim] [0m[36m  clone[0m[90m | [0mResolving deltas:  30% (975/3250)[35m[grug-far.nvim] [0m[36m  clone[0m[90m | [0mResolving deltas:  31% (1008/3250)[35m[grug-far.nvim] [0m[36m  clone[0m[90m | [0mResolving deltas:  32% (1042/3250)[35m[grug-far.nvim] [0m[36m  clone[0m[90m | [0mResolving deltas:  33% (1074/3250)[35m[grug-far.nvim] [0m[36m  clone[0m[90m | [0mResolving deltas:  34% (1105/3250)[35m[grug-far.nvim] [0m[36m  clone[0m[90m | [0mResolving deltas:  35% (1139/3250)[35m[grug-far.nvim] [0m[36m  clone[0m[90m | [0mResolving deltas:  36% (1170/3250)[35m[grug-far.nvim] [0m[36m  clone[0m[90m | [0mResolving deltas:  37% (1203/3250)[35m[grug-far.nvim] [0m[36m  clone[0m[90m | [0mResolving deltas:  38% (1237/3250)[35m[grug-far.nvim] [0m[36m  clone[0m[90m | [0mResolving deltas:  39% (1268/3250)[35m[grug-far.nvim] [0m[36m  clone[0m[90m | [0mResolving deltas:  40% (1300/3250)[35m[grug-far.nvim] [0m[36m  clone[0m[90m | [0mResolving deltas:  41% (1333/3250)[35m[grug-far.nvim] [0m[36m  clone[0m[90m | [0mResolving deltas:  42% (1365/3250)[35m[grug-far.nvim] [0m[36m  clone[0m[90m | [0mResolving deltas:  43% (1398/3250)[35m[grug-far.nvim] [0m[36m  clone[0m[90m | [0mResolving deltas:  44% (1430/3250)[35m[grug-far.nvim] [0m[36m  clone[0m[90m | [0mResolving deltas:  45% (1463/3250)[35m[grug-far.nvim] [0m[36m  clone[0m[90m | [0mResolving deltas:  46% (1495/3250)[35m[grug-far.nvim] [0m[36m  clone[0m[90m | [0mResolving deltas:  47% (1529/3250)[35m[grug-far.nvim] [0m[36m  clone[0m[90m | [0mResolving deltas:  48% (1560/3250)[35m[grug-far.nvim] [0m[36m  clone[0m[90m | [0mResolving deltas:  49% (1595/3250)[35m[grug-far.nvim] [0m[36m  clone[0m[90m | [0mResolving deltas:  50% (1625/3250)[35m[grug-far.nvim] [0m[36m  clone[0m[90m | [0mResolving deltas:  51% (1661/3250)[35m[grug-far.nvim] [0m[36m  clone[0m[90m | [0mResolving deltas:  52% (1691/3250)[35m[grug-far.nvim] [0m[36m  clone[0m[90m | [0mResolving deltas:  53% (1723/3250)[35m[grug-far.nvim] [0m[36m  clone[0m[90m | [0mResolving deltas:  54% (1755/3250)[35m[grug-far.nvim] [0m[36m  clone[0m[90m | [0mResolving deltas:  55% (1789/3250)[35m[grug-far.nvim] [0m[36m  clone[0m[90m | [0mResolving deltas:  56% (1820/3250)[35m[grug-far.nvim] [0m[36m  clone[0m[90m | [0mResolving deltas:  57% (1853/3250)[35m[grug-far.nvim] [0m[36m  clone[0m[90m | [0mResolving deltas:  58% (1885/3250)[35m[grug-far.nvim] [0m[36m  clone[0m[90m | [0mResolving deltas:  59% (1919/3250)[35m[grug-far.nvim] [0m[36m  clone[0m[90m | [0mResolving deltas:  60% (1950/3250)[35m[grug-far.nvim] [0m[36m  clone[0m[90m | [0mResolving deltas:  61% (1983/3250)[35m[grug-far.nvim] [0m[36m  clone[0m[90m | [0mResolving deltas:  62% (2016/3250)[35m[grug-far.nvim] [0m[36m  clone[0m[90m | [0mResolving deltas:  63% (2048/3250)[35m[grug-far.nvim] [0m[36m  clone[0m[90m | [0mResolving deltas:  64% (2080/3250)[35m[grug-far.nvim] [0m[36m  clone[0m[90m | [0mResolving deltas:  65% (2113/3250)[35m[grug-far.nvim] [0m[36m  clone[0m[90m | [0mResolving deltas:  66% (2147/3250)[35m[grug-far.nvim] [0m[36m  clone[0m[90m | [0mResolving deltas:  67% (2178/3250)[35m[grug-far.nvim] [0m[36m  clone[0m[90m | [0mResolving deltas:  68% (2210/3250)[35m[grug-far.nvim] [0m[36m  clone[0m[90m | [0mResolving deltas:  69% (2244/3250)[35m[grug-far.nvim] [0m[36m  clone[0m[90m | [0mResolving deltas:  70% (2275/3250)[35m[grug-far.nvim] [0m[36m  clone[0m[90m | [0mResolving deltas:  71% (2308/3250)[35m[grug-far.nvim] [0m[36m  clone[0m[90m | [0mResolving deltas:  72% (2341/3250)[35m[grug-far.nvim] [0m[36m  clone[0m[90m | [0mResolving deltas:  73% (2375/3250)[35m[grug-far.nvim] [0m[36m  clone[0m[90m | [0mResolving deltas:  74% (2408/3250)[35m[grug-far.nvim] [0m[36m  clone[0m[90m | [0mResolving deltas:  75% (2438/3250)[35m[grug-far.nvim] [0m[36m  clone[0m[90m | [0mResolving deltas:  76% (2470/3250)[35m[grug-far.nvim] [0m[36m  clone[0m[90m | [0mResolving deltas:  77% (2503/3250)[35m[grug-far.nvim] [0m[36m  clone[0m[90m | [0mResolving deltas:  78% (2535/3250)[35m[grug-far.nvim] [0m[36m  clone[0m[90m | [0mResolving deltas:  79% (2568/3250)[35m[grug-far.nvim] [0m[36m  clone[0m[90m | [0mResolving deltas:  80% (2600/3250)[35m[grug-far.nvim] [0m[36m  clone[0m[90m | [0mResolving deltas:  81% (2633/3250)[35m[grug-far.nvim] [0m[36m  clone[0m[90m | [0mResolving deltas:  82% (2666/3250)[35m[grug-far.nvim] [0m[36m  clone[0m[90m | [0mResolving deltas:  83% (2698/3250)[35m[mason.nvim] [0m[36m     clone[0m[90m | [0mReceiving objects:  17% (2116/12443), 636.00 KiB | 278.00 KiB/s[35m[grug-far.nvim] [0m[36m  clone[0m[90m | [0mResolving deltas:  84% (2730/3250)[35m[grug-far.nvim] [0m[36m  clone[0m[90m | [0mResolving deltas:  85% (2763/3250)[35m[grug-far.nvim] [0m[36m  clone[0m[90m | [0mResolving deltas:  86% (2795/3250)[35m[grug-far.nvim] [0m[36m  clone[0m[90m | [0mResolving deltas:  87% (2828/3250)[35m[grug-far.nvim] [0m[36m  clone[0m[90m | [0mResolving deltas:  88% (2860/3250)[35m[grug-far.nvim] [0m[36m  clone[0m[90m | [0mResolving deltas:  89% (2895/3250)[35m[grug-far.nvim] [0m[36m  clone[0m[90m | [0mResolving deltas:  90% (2925/3250)[35m[grug-far.nvim] [0m[36m  clone[0m[90m | [0mResolving deltas:  91% (2958/3250)[35m[grug-far.nvim] [0m[36m  clone[0m[90m | [0mResolving deltas:  92% (2990/3250)[35m[grug-far.nvim] [0m[36m  clone[0m[90m | [0mResolving deltas:  93% (3023/3250)[35m[grug-far.nvim] [0m[36m  clone[0m[90m | [0mResolving deltas:  94% (3055/3250)[35m[grug-far.nvim] [0m[36m  clone[0m[90m | [0mResolving deltas:  95% (3088/3250)[35m[grug-far.nvim] [0m[36m  clone[0m[90m | [0mResolving deltas:  96% (3120/3250)[35m[grug-far.nvim] [0m[36m  clone[0m[90m | [0mResolving deltas:  97% (3153/3250)[35m[grug-far.nvim] [0m[36m  clone[0m[90m | [0mResolving deltas:  98% (3185/3250)[35m[grug-far.nvim] [0m[36m  clone[0m[90m | [0mResolving deltas:  99% (3218/3250)[35m[grug-far.nvim] [0m[36m  clone[0m[90m | [0mResolving deltas: 100% (3250/3250)[35m[grug-far.nvim] [0m[36m  clone[0m[90m | [0mResolving deltas: 100% (3250/3250), done.
[35m[mini.hipatterns] [0m[36mclone[0m[90m | [0mUpdating files:  50% (2/4)[35m[mini.hipatterns] [0m[36mclone[0m[90m | [0mUpdating files:  75% (3/4)[35m[mini.hipatterns] [0m[36mclone[0m[90m | [0mUpdating files: 100% (4/4)[35m[mini.hipatterns] [0m[36mclone[0m[90m | [0mUpdating files: 100% (4/4), done.
[35m[flash.nvim] [0m[36m     clone[0m[90m | [0mUpdating files:   3% (2/56)[35m[blink.cmp] [0m[36m      clone[0m[90m | [0mReceiving objects:  11% (1274/11581), 668.00 KiB | 294.00 KiB/s[35m[flash.nvim] [0m[36m     clone[0m[90m | [0mUpdating files:   5% (3/56)[35m[flash.nvim] [0m[36m     clone[0m[90m | [0mUpdating files:   7% (4/56)[35m[flash.nvim] [0m[36m     clone[0m[90m | [0mUpdating files:   8% (5/56)[35m[flash.nvim] [0m[36m     clone[0m[90m | [0mUpdating files:  10% (6/56)[35m[flash.nvim] [0m[36m     clone[0m[90m | [0mUpdating files:  12% (7/56)[35m[flash.nvim] [0m[36m     clone[0m[90m | [0mUpdating files:  14% (8/56)[35m[flash.nvim] [0m[36m     clone[0m[90m | [0mUpdating files:  16% (9/56)[35m[flash.nvim] [0m[36m     clone[0m[90m | [0mUpdating files:  17% (10/56)[35m[flash.nvim] [0m[36m     clone[0m[90m | [0mUpdating files:  19% (11/56)[35m[flash.nvim] [0m[36m     clone[0m[90m | [0mUpdating files:  21% (12/56)[35m[flash.nvim] [0m[36m     clone[0m[90m | [0mUpdating files:  23% (13/56)[35m[flash.nvim] [0m[36m     clone[0m[90m | [0mUpdating files:  25% (14/56)[35m[flash.nvim] [0m[36m     clone[0m[90m | [0mUpdating files:  26% (15/56)[35m[flash.nvim] [0m[36m     clone[0m[90m | [0mUpdating files:  28% (16/56)[35m[flash.nvim] [0m[36m     clone[0m[90m | [0mUpdating files:  30% (17/56)[35m[flash.nvim] [0m[36m     clone[0m[90m | [0mUpdating files:  32% (18/56)[35m[flash.nvim] [0m[36m     clone[0m[90m | [0mUpdating files:  33% (19/56)[35m[flash.nvim] [0m[36m     clone[0m[90m | [0mUpdating files:  35% (20/56)[35m[flash.nvim] [0m[36m     clone[0m[90m | [0mUpdating files:  37% (21/56)[35m[flash.nvim] [0m[36m     clone[0m[90m | [0mUpdating files:  39% (22/56)[35m[flash.nvim] [0m[36m     clone[0m[90m | [0mUpdating files:  41% (23/56)[35m[flash.nvim] [0m[36m     clone[0m[90m | [0mUpdating files:  42% (24/56)[35m[flash.nvim] [0m[36m     clone[0m[90m | [0mUpdating files:  44% (25/56)[35m[flash.nvim] [0m[36m     clone[0m[90m | [0mUpdating files:  46% (26/56)[35m[flash.nvim] [0m[36m     clone[0m[90m | [0mUpdating files:  48% (27/56)[35m[flash.nvim] [0m[36m     clone[0m[90m | [0mUpdating files:  50% (28/56)[35m[mason.nvim] [0m[36m     clone[0m[90m | [0mReceiving objects:  18% (2240/12443), 636.00 KiB | 278.00 KiB/s[35m[mason.nvim] [0m[36m     clone[0m[90m | [0mReceiving objects:  19% (2365/12443), 636.00 KiB | 278.00 KiB/s[35m[flash.nvim] [0m[36m     clone[0m[90m | [0mUpdating files:  51% (29/56)[35m[flash.nvim] [0m[36m     clone[0m[90m | [0mUpdating files:  53% (30/56)[35m[flash.nvim] [0m[36m     clone[0m[90m | [0mUpdating files:  55% (31/56)[35m[flash.nvim] [0m[36m     clone[0m[90m | [0mUpdating files:  57% (32/56)[35m[flash.nvim] [0m[36m     clone[0m[90m | [0mUpdating files:  58% (33/56)[35m[flash.nvim] [0m[36m     clone[0m[90m | [0mUpdating files:  60% (34/56)[35m[flash.nvim] [0m[36m     clone[0m[90m | [0mUpdating files:  62% (35/56)[35m[flash.nvim] [0m[36m     clone[0m[90m | [0mUpdating files:  64% (36/56)[35m[flash.nvim] [0m[36m     clone[0m[90m | [0mUpdating files:  66% (37/56)[35m[flash.nvim] [0m[36m     clone[0m[90m | [0mUpdating files:  67% (38/56)[35m[flash.nvim] [0m[36m     clone[0m[90m | [0mUpdating files:  69% (39/56)[35m[flash.nvim] [0m[36m     clone[0m[90m | [0mUpdating files:  71% (40/56)[35m[flash.nvim] [0m[36m     clone[0m[90m | [0mUpdating files:  73% (41/56)[35m[flash.nvim] [0m[36m     clone[0m[90m | [0mUpdating files:  75% (42/56)[35m[flash.nvim] [0m[36m     clone[0m[90m | [0mUpdating files:  76% (43/56)[35m[flash.nvim] [0m[36m     clone[0m[90m | [0mUpdating files:  78% (44/56)[35m[flash.nvim] [0m[36m     clone[0m[90m | [0mUpdating files:  80% (45/56)[35m[flash.nvim] [0m[36m     clone[0m[90m | [0mUpdating files:  82% (46/56)[35m[flash.nvim] [0m[36m     clone[0m[90m | [0mUpdating files:  83% (47/56)[35m[flash.nvim] [0m[36m     clone[0m[90m | [0mUpdating files:  85% (48/56)[35m[flash.nvim] [0m[36m     clone[0m[90m | [0mUpdating files:  87% (49/56)[35m[flash.nvim] [0m[36m     clone[0m[90m | [0mUpdating files:  89% (50/56)[35m[flash.nvim] [0m[36m     clone[0m[90m | [0mUpdating files:  91% (51/56)[35m[flash.nvim] [0m[36m     clone[0m[90m | [0mUpdating files:  92% (52/56)[35m[flash.nvim] [0m[36m     clone[0m[90m | [0mUpdating files:  94% (53/56)[35m[flash.nvim] [0m[36m     clone[0m[90m | [0mUpdating files:  96% (54/56)[35m[flash.nvim] [0m[36m     clone[0m[90m | [0mUpdating files:  98% (55/56)[35m[flash.nvim] [0m[36m     clone[0m[90m | [0mUpdating files: 100% (56/56)[35m[flash.nvim] [0m[36m     clone[0m[90m | [0mUpdating files: 100% (56/56), done.
[35m[mason.nvim] [0m[36m     clone[0m[90m | [0mReceiving objects:  20% (2489/12443), 636.00 KiB | 278.00 KiB/s[35m[mason.nvim] [0m[36m     clone[0m[90m | [0mReceiving objects:  21% (2614/12443), 636.00 KiB | 278.00 KiB/s[35m[mason.nvim] [0m[36m     clone[0m[90m | [0mReceiving objects:  22% (2738/12443), 636.00 KiB | 278.00 KiB/s[35m[mason.nvim] [0m[36m     clone[0m[90m | [0mReceiving objects:  23% (2862/12443), 636.00 KiB | 278.00 KiB/s[35m[blink.cmp] [0m[36m      clone[0m[90m | [0mReceiving objects:  12% (1390/11581), 668.00 KiB | 294.00 KiB/s[35m[mason.nvim] [0m[36m     clone[0m[90m | [0mReceiving objects:  24% (2987/12443), 636.00 KiB | 278.00 KiB/s[35m[mason.nvim] [0m[36m     clone[0m[90m | [0mReceiving objects:  25% (3111/12443), 636.00 KiB | 278.00 KiB/s[35m[mason.nvim] [0m[36m     clone[0m[90m | [0mReceiving objects:  26% (3236/12443), 636.00 KiB | 278.00 KiB/s[35m[mason.nvim] [0m[36m     clone[0m[90m | [0mReceiving objects:  27% (3360/12443), 636.00 KiB | 278.00 KiB/s[35m[mason.nvim] [0m[36m     clone[0m[90m | [0mReceiving objects:  28% (3485/12443), 636.00 KiB | 278.00 KiB/s[35m[mason.nvim] [0m[36m     clone[0m[90m | [0mReceiving objects:  29% (3609/12443), 636.00 KiB | 278.00 KiB/s[35m[mason.nvim] [0m[36m     clone[0m[90m | [0mReceiving objects:  30% (3733/12443), 636.00 KiB | 278.00 KiB/s[35m[mason.nvim] [0m[36m     clone[0m[90m | [0mReceiving objects:  31% (3858/12443), 636.00 KiB | 278.00 KiB/s[35m[blink.cmp] [0m[36m      clone[0m[90m | [0mReceiving objects:  13% (1506/11581), 1.10 MiB | 407.00 KiB/s  [35m[mason.nvim] [0m[36m     clone[0m[90m | [0mReceiving objects:  32% (3982/12443), 636.00 KiB | 278.00 KiB/s[35m[mason.nvim] [0m[36m     clone[0m[90m | [0mReceiving objects:  33% (4107/12443), 636.00 KiB | 278.00 KiB/s[35m[mason.nvim] [0m[36m     clone[0m[90m | [0mReceiving objects:  34% (4231/12443), 636.00 KiB | 278.00 KiB/s[35m[mason.nvim] [0m[36m     clone[0m[90m | [0mReceiving objects:  35% (4356/12443), 636.00 KiB | 278.00 KiB/s[35m[mason.nvim] [0m[36m     clone[0m[90m | [0mReceiving objects:  36% (4480/12443), 636.00 KiB | 278.00 KiB/s[35m[mason.nvim] [0m[36m     clone[0m[90m | [0mReceiving objects:  37% (4604/12443), 636.00 KiB | 278.00 KiB/s[35m[mason.nvim] [0m[36m     clone[0m[90m | [0mReceiving objects:  38% (4729/12443), 636.00 KiB | 278.00 KiB/s[35m[mason.nvim] [0m[36m     clone[0m[90m | [0mReceiving objects:  39% (4853/12443), 636.00 KiB | 278.00 KiB/s[35m[blink.cmp] [0m[36m      clone[0m[90m | [0mReceiving objects:  14% (1622/11581), 1.10 MiB | 407.00 KiB/s[35m[blink.cmp] [0m[36m      clone[0m[90m | [0mReceiving objects:  15% (1738/11581), 1.10 MiB | 407.00 KiB/s[35m[mason.nvim] [0m[36m     clone[0m[90m | [0mReceiving objects:  40% (4978/12443), 636.00 KiB | 278.00 KiB/s[35m[mason.nvim] [0m[36m     clone[0m[90m | [0mReceiving objects:  41% (5102/12443), 636.00 KiB | 278.00 KiB/s[35m[mason.nvim] [0m[36m     clone[0m[90m | [0mReceiving objects:  42% (5227/12443), 636.00 KiB | 278.00 KiB/s[35m[mason.nvim] [0m[36m     clone[0m[90m | [0mReceiving objects:  43% (5351/12443), 636.00 KiB | 278.00 KiB/s[35m[mason.nvim] [0m[36m     clone[0m[90m | [0mReceiving objects:  44% (5475/12443), 636.00 KiB | 278.00 KiB/s[35m[mason.nvim] [0m[36m     clone[0m[90m | [0mReceiving objects:  45% (5600/12443), 1.09 MiB | 401.00 KiB/s  [35m[mason.nvim] [0m[36m     clone[0m[90m | [0mReceiving objects:  46% (5724/12443), 1.09 MiB | 401.00 KiB/s[35m[mason.nvim] [0m[36m     clone[0m[90m | [0mReceiving objects:  47% (5849/12443), 1.09 MiB | 401.00 KiB/s[35m[mason.nvim] [0m[36m     clone[0m[90m | [0mReceiving objects:  48% (5973/12443), 1.09 MiB | 401.00 KiB/s[35m[mason.nvim] [0m[36m     clone[0m[90m | [0mReceiving objects:  49% (6098/12443), 1.09 MiB | 401.00 KiB/s[35m[blink.cmp] [0m[36m      clone[0m[90m | [0mReceiving objects:  16% (1853/11581), 1.10 MiB | 407.00 KiB/s[35m[blink.cmp] [0m[36m      clone[0m[90m | [0mReceiving objects:  17% (1969/11581), 1.10 MiB | 407.00 KiB/s[35m[blink.cmp] [0m[36m      clone[0m[90m | [0mReceiving objects:  18% (2085/11581), 1.10 MiB | 407.00 KiB/s[35m[blink.cmp] [0m[36m      clone[0m[90m | [0mReceiving objects:  19% (2201/11581), 1.10 MiB | 407.00 KiB/s[35m[blink.cmp] [0m[36m      clone[0m[90m | [0mReceiving objects:  20% (2317/11581), 1.10 MiB | 407.00 KiB/s[35m[blink.cmp] [0m[36m      clone[0m[90m | [0mReceiving objects:  21% (2433/11581), 1.10 MiB | 407.00 KiB/s[35m[mason.nvim] [0m[36m     clone[0m[90m | [0mReceiving objects:  50% (6222/12443), 1.09 MiB | 401.00 KiB/s[35m[blink.cmp] [0m[36m      clone[0m[90m | [0mReceiving objects:  22% (2548/11581), 1.10 MiB | 407.00 KiB/s[35m[blink.cmp] [0m[36m      clone[0m[90m | [0mReceiving objects:  23% (2664/11581), 1.10 MiB | 407.00 KiB/s[35m[mason.nvim] [0m[36m     clone[0m[90m | [0mReceiving objects:  51% (6346/12443), 1.09 MiB | 401.00 KiB/s[35m[blink.cmp] [0m[36m      clone[0m[90m | [0mReceiving objects:  24% (2780/11581), 1.10 MiB | 407.00 KiB/s[35m[mason.nvim] [0m[36m     clone[0m[90m | [0mReceiving objects:  52% (6471/12443), 1.09 MiB | 401.00 KiB/s[35m[mason.nvim] [0m[36m     clone[0m[90m | [0mReceiving objects:  53% (6595/12443), 1.09 MiB | 401.00 KiB/s[35m[blink.cmp] [0m[36m      clone[0m[90m | [0mReceiving objects:  25% (2896/11581), 1.10 MiB | 407.00 KiB/s[35m[mason.nvim] [0m[36m     clone[0m[90m | [0mReceiving objects:  54% (6720/12443), 1.09 MiB | 401.00 KiB/s[35m[blink.cmp] [0m[36m      clone[0m[90m | [0mReceiving objects:  26% (3012/11581), 1.10 MiB | 407.00 KiB/s[35m[blink.cmp] [0m[36m      clone[0m[90m | [0mReceiving objects:  27% (3127/11581), 1.10 MiB | 407.00 KiB/s[35m[blink.cmp] [0m[36m      clone[0m[90m | [0mReceiving objects:  28% (3243/11581), 1.10 MiB | 407.00 KiB/s[35m[blink.cmp] [0m[36m      clone[0m[90m | [0mReceiving objects:  29% (3359/11581), 1.10 MiB | 407.00 KiB/s[35m[blink.cmp] [0m[36m      clone[0m[90m | [0mReceiving objects:  30% (3475/11581), 1.10 MiB | 407.00 KiB/s[35m[mason.nvim] [0m[36m     clone[0m[90m | [0mReceiving objects:  55% (6844/12443), 1.09 MiB | 401.00 KiB/s[35m[mason.nvim] [0m[36m     clone[0m[90m | [0mReceiving objects:  56% (6969/12443), 1.09 MiB | 401.00 KiB/s[35m[blink.cmp] [0m[36m      clone[0m[90m | [0mReceiving objects:  31% (3591/11581), 1.10 MiB | 407.00 KiB/s[35m[blink.cmp] [0m[36m      clone[0m[90m | [0mReceiving objects:  32% (3706/11581), 1.10 MiB | 407.00 KiB/s[35m[blink.cmp] [0m[36m      clone[0m[90m | [0mReceiving objects:  33% (3822/11581), 1.10 MiB | 407.00 KiB/s[35m[blink.cmp] [0m[36m      clone[0m[90m | [0mReceiving objects:  34% (3938/11581), 1.10 MiB | 407.00 KiB/s[35m[blink.cmp] [0m[36m      clone[0m[90m | [0mReceiving objects:  35% (4054/11581), 1.10 MiB | 407.00 KiB/s[35m[blink.cmp] [0m[36m      clone[0m[90m | [0mReceiving objects:  36% (4170/11581), 1.10 MiB | 407.00 KiB/s[35m[blink.cmp] [0m[36m      clone[0m[90m | [0mReceiving objects:  37% (4285/11581), 1.10 MiB | 407.00 KiB/s[35m[blink.cmp] [0m[36m      clone[0m[90m | [0mReceiving objects:  38% (4401/11581), 1.10 MiB | 407.00 KiB/s[35m[mason.nvim] [0m[36m     clone[0m[90m | [0mReceiving objects:  57% (7093/12443), 1.09 MiB | 401.00 KiB/s[35m[mason.nvim] [0m[36m     clone[0m[90m | [0mReceiving objects:  58% (7217/12443), 1.09 MiB | 401.00 KiB/s[35m[mason.nvim] [0m[36m     clone[0m[90m | [0mReceiving objects:  59% (7342/12443), 1.09 MiB | 401.00 KiB/s[35m[blink.cmp] [0m[36m      clone[0m[90m | [0mReceiving objects:  39% (4517/11581), 1.10 MiB | 407.00 KiB/s[35m[blink.cmp] [0m[36m      clone[0m[90m | [0mReceiving objects:  40% (4633/11581), 1.10 MiB | 407.00 KiB/s[35m[mason.nvim] [0m[36m     clone[0m[90m | [0mReceiving objects:  60% (7466/12443), 1.09 MiB | 401.00 KiB/s[35m[mason.nvim] [0m[36m     clone[0m[90m | [0mReceiving objects:  61% (7591/12443), 1.09 MiB | 401.00 KiB/s[35m[mason.nvim] [0m[36m     clone[0m[90m | [0mReceiving objects:  62% (7715/12443), 1.09 MiB | 401.00 KiB/s[35m[mason.nvim] [0m[36m     clone[0m[90m | [0mReceiving objects:  63% (7840/12443), 1.09 MiB | 401.00 KiB/s[35m[mason.nvim] [0m[36m     clone[0m[90m | [0mReceiving objects:  64% (7964/12443), 1.09 MiB | 401.00 KiB/s[35m[blink.cmp] [0m[36m      clone[0m[90m | [0mReceiving objects:  41% (4749/11581), 1.10 MiB | 407.00 KiB/s[35m[blink.cmp] [0m[36m      clone[0m[90m | [0mReceiving objects:  42% (4865/11581), 1.10 MiB | 407.00 KiB/s[35m[mini.ai] [0m[36m        clone[0m[90m | [0mUpdating files:  50% (2/4)[35m[nvim-ts-autotag] [0m[36mclone[0m[90m | [0mUpdating files:   5% (2/37)[35m[nvim-ts-autotag] [0m[36mclone[0m[90m | [0mUpdating files:   8% (3/37)[35m[mini.ai] [0m[36m        clone[0m[90m | [0mUpdating files:  75% (3/4)[35m[nvim-ts-autotag] [0m[36mclone[0m[90m | [0mUpdating files:  10% (4/37)[35m[nvim-ts-autotag] [0m[36mclone[0m[90m | [0mUpdating files:  13% (5/37)[35m[nvim-ts-autotag] [0m[36mclone[0m[90m | [0mUpdating files:  16% (6/37)[35m[mini.ai] [0m[36m        clone[0m[90m | [0mUpdating files: 100% (4/4)[35m[mini.ai] [0m[36m        clone[0m[90m | [0mUpdating files: 100% (4/4), done.
[35m[ts-comments.nvim] [0m[36mclone[0m[90m | [0mUpdating files:   6% (2/29)[35m[ts-comments.nvim] [0m[36mclone[0m[90m | [0mUpdating files:  10% (3/29)[35m[nvim-ts-autotag] [0m[36mclone[0m[90m | [0mUpdating files:  18% (7/37)[35m[nvim-ts-autotag] [0m[36mclone[0m[90m | [0mUpdating files:  21% (8/37)[35m[mason.nvim] [0m[36m     clone[0m[90m | [0mReceiving objects:  65% (8088/12443), 1.09 MiB | 401.00 KiB/s[35m[mason.nvim] [0m[36m     clone[0m[90m | [0mReceiving objects:  66% (8213/12443), 1.09 MiB | 401.00 KiB/s[35m[ts-comments.nvim] [0m[36mclone[0m[90m | [0mUpdating files:  13% (4/29)[35m[ts-comments.nvim] [0m[36mclone[0m[90m | [0mUpdating files:  17% (5/29)[35m[nvim-ts-autotag] [0m[36mclone[0m[90m | [0mUpdating files:  24% (9/37)[35m[mason.nvim] [0m[36m     clone[0m[90m | [0mReceiving objects:  67% (8337/12443), 1.09 MiB | 401.00 KiB/s[35m[ts-comments.nvim] [0m[36mclone[0m[90m | [0mUpdating files:  20% (6/29)[35m[nvim-ts-autotag] [0m[36mclone[0m[90m | [0mUpdating files:  27% (10/37)[35m[mason.nvim] [0m[36m     clone[0m[90m | [0mReceiving objects:  68% (8462/12443), 1.09 MiB | 401.00 KiB/s[35m[mason.nvim] [0m[36m     clone[0m[90m | [0mReceiving objects:  69% (8586/12443), 1.09 MiB | 401.00 KiB/s[35m[ts-comments.nvim] [0m[36mclone[0m[90m | [0mUpdating files:  24% (7/29)[35m[ts-comments.nvim] [0m[36mclone[0m[90m | [0mUpdating files:  27% (8/29)[35m[blink.cmp] [0m[36m      clone[0m[90m | [0mReceiving objects:  42% (4976/11581), 1.10 MiB | 407.00 KiB/s[35m[blink.cmp] [0m[36m      clone[0m[90m | [0mReceiving objects:  43% (4980/11581), 1.10 MiB | 407.00 KiB/s[35m[yanky.nvim] [0m[36m     clone[0m[90m | [0mUpdating files:   5% (2/35)[35m[yanky.nvim] [0m[36m     clone[0m[90m | [0mUpdating files:   8% (3/35)[35m[yanky.nvim] [0m[36m     clone[0m[90m | [0mUpdating files:  11% (4/35)[35m[nvim-ts-autotag] [0m[36mclone[0m[90m | [0mUpdating files:  29% (11/37)[35m[nvim-ts-autotag] [0m[36mclone[0m[90m | [0mUpdating files:  32% (12/37)[35m[mason.nvim] [0m[36m     clone[0m[90m | [0mReceiving objects:  70% (8711/12443), 1.09 MiB | 401.00 KiB/s[35m[ts-comments.nvim] [0m[36mclone[0m[90m | [0mUpdating files:  31% (9/29)[35m[ts-comments.nvim] [0m[36mclone[0m[90m | [0mUpdating files:  34% (10/29)[35m[ts-comments.nvim] [0m[36mclone[0m[90m | [0mUpdating files:  37% (11/29)[35m[yanky.nvim] [0m[36m     clone[0m[90m | [0mUpdating files:  14% (5/35)[35m[yanky.nvim] [0m[36m     clone[0m[90m | [0mUpdating files:  17% (6/35)[35m[nvim-ts-autotag] [0m[36mclone[0m[90m | [0mUpdating files:  35% (13/37)[35m[nvim-ts-autotag] [0m[36mclone[0m[90m | [0mUpdating files:  37% (14/37)[35m[ts-comments.nvim] [0m[36mclone[0m[90m | [0mUpdating files:  41% (12/29)[35m[ts-comments.nvim] [0m[36mclone[0m[90m | [0mUpdating files:  44% (13/29)[35m[yanky.nvim] [0m[36m     clone[0m[90m | [0mUpdating files:  20% (7/35)[35m[yanky.nvim] [0m[36m     clone[0m[90m | [0mUpdating files:  22% (8/35)[35m[nvim-ts-autotag] [0m[36mclone[0m[90m | [0mUpdating files:  40% (15/37)[35m[nvim-ts-autotag] [0m[36mclone[0m[90m | [0mUpdating files:  43% (16/37)[35m[ts-comments.nvim] [0m[36mclone[0m[90m | [0mUpdating files:  48% (14/29)[35m[ts-comments.nvim] [0m[36mclone[0m[90m | [0mUpdating files:  51% (15/29)[35m[nvim-ts-autotag] [0m[36mclone[0m[90m | [0mUpdating files:  45% (17/37)[35m[blink.cmp] [0m[36m      clone[0m[90m | [0mReceiving objects:  44% (5096/11581), 1.10 MiB | 407.00 KiB/s[35m[blink.cmp] [0m[36m      clone[0m[90m | [0mReceiving objects:  45% (5212/11581), 1.10 MiB | 407.00 KiB/s[35m[blink.cmp] [0m[36m      clone[0m[90m | [0mReceiving objects:  46% (5328/11581), 1.10 MiB | 407.00 KiB/s[35m[blink.cmp] [0m[36m      clone[0m[90m | [0mReceiving objects:  47% (5444/11581), 1.10 MiB | 407.00 KiB/s[35m[yanky.nvim] [0m[36m     clone[0m[90m | [0mUpdating files:  25% (9/35)[35m[mason.nvim] [0m[36m     clone[0m[90m | [0mReceiving objects:  71% (8835/12443), 1.09 MiB | 401.00 KiB/s[35m[ts-comments.nvim] [0m[36mclone[0m[90m | [0mUpdating files:  55% (16/29)[35m[ts-comments.nvim] [0m[36mclone[0m[90m | [0mUpdating files:  58% (17/29)[35m[ts-comments.nvim] [0m[36mclone[0m[90m | [0mUpdating files:  62% (18/29)[35m[blink.cmp] [0m[36m      clone[0m[90m | [0mReceiving objects:  48% (5559/11581), 1.10 MiB | 407.00 KiB/s[35m[blink.cmp] [0m[36m      clone[0m[90m | [0mReceiving objects:  49% (5675/11581), 1.10 MiB | 407.00 KiB/s[35m[blink.cmp] [0m[36m      clone[0m[90m | [0mReceiving objects:  50% (5791/11581), 1.10 MiB | 407.00 KiB/s[35m[nvim-ts-autotag] [0m[36mclone[0m[90m | [0mUpdating files:  48% (18/37)[35m[nvim-ts-autotag] [0m[36mclone[0m[90m | [0mUpdating files:  51% (19/37)[35m[nvim-ts-autotag] [0m[36mclone[0m[90m | [0mUpdating files:  54% (20/37)[35m[nvim-ts-autotag] [0m[36mclone[0m[90m | [0mUpdating files:  56% (21/37)[35m[yanky.nvim] [0m[36m     clone[0m[90m | [0mUpdating files:  28% (10/35)[35m[yanky.nvim] [0m[36m     clone[0m[90m | [0mUpdating files:  31% (11/35)[35m[yanky.nvim] [0m[36m     clone[0m[90m | [0mUpdating files:  34% (12/35)[35m[ts-comments.nvim] [0m[36mclone[0m[90m | [0mUpdating files:  65% (19/29)[35m[ts-comments.nvim] [0m[36mclone[0m[90m | [0mUpdating files:  68% (20/29)[35m[mason.nvim] [0m[36m     clone[0m[90m | [0mReceiving objects:  72% (8959/12443), 1.09 MiB | 401.00 KiB/s[35m[mason.nvim] [0m[36m     clone[0m[90m | [0mReceiving objects:  73% (9084/12443), 1.09 MiB | 401.00 KiB/s[35m[nvim-ts-autotag] [0m[36mclone[0m[90m | [0mUpdating files:  59% (22/37)[35m[nvim-ts-autotag] [0m[36mclone[0m[90m | [0mUpdating files:  62% (23/37)[35m[nvim-ts-autotag] [0m[36mclone[0m[90m | [0mUpdating files:  64% (24/37)[35m[blink.cmp] [0m[36m      clone[0m[90m | [0mReceiving objects:  51% (5907/11581), 1.10 MiB | 407.00 KiB/s[35m[yanky.nvim] [0m[36m     clone[0m[90m | [0mUpdating files:  37% (13/35)[35m[yanky.nvim] [0m[36m     clone[0m[90m | [0mUpdating files:  40% (14/35)[35m[yanky.nvim] [0m[36m     clone[0m[90m | [0mUpdating files:  42% (15/35)[35m[ts-comments.nvim] [0m[36mclone[0m[90m | [0mUpdating files:  72% (21/29)[35m[ts-comments.nvim] [0m[36mclone[0m[90m | [0mUpdating files:  75% (22/29)[35m[ts-comments.nvim] [0m[36mclone[0m[90m | [0mUpdating files:  79% (23/29)[35m[nvim-ts-autotag] [0m[36mclone[0m[90m | [0mUpdating files:  67% (25/37)[35m[nvim-ts-autotag] [0m[36mclone[0m[90m | [0mUpdating files:  70% (26/37)[35m[nvim-ts-autotag] [0m[36mclone[0m[90m | [0mUpdating files:  72% (27/37)[35m[mason.nvim] [0m[36m     clone[0m[90m | [0mReceiving objects:  74% (9208/12443), 1.09 MiB | 401.00 KiB/s[35m[blink.cmp] [0m[36m      clone[0m[90m | [0mReceiving objects:  52% (6023/11581), 1.10 MiB | 407.00 KiB/s[35m[yanky.nvim] [0m[36m     clone[0m[90m | [0mUpdating files:  45% (16/35)[35m[yanky.nvim] [0m[36m     clone[0m[90m | [0mUpdating files:  48% (17/35)[35m[yanky.nvim] [0m[36m     clone[0m[90m | [0mUpdating files:  51% (18/35)[35m[ts-comments.nvim] [0m[36mclone[0m[90m | [0mUpdating files:  82% (24/29)[35m[ts-comments.nvim] [0m[36mclone[0m[90m | [0mUpdating files:  86% (25/29)[35m[ts-comments.nvim] [0m[36mclone[0m[90m | [0mUpdating files:  89% (26/29)[35m[nvim-ts-autotag] [0m[36mclone[0m[90m | [0mUpdating files:  75% (28/37)[35m[nvim-ts-autotag] [0m[36mclone[0m[90m | [0mUpdating files:  78% (29/37)[35m[nvim-ts-autotag] [0m[36mclone[0m[90m | [0mUpdating files:  81% (30/37)[35m[yanky.nvim] [0m[36m     clone[0m[90m | [0mUpdating files:  54% (19/35)[35m[yanky.nvim] [0m[36m     clone[0m[90m | [0mUpdating files:  57% (20/35)[35m[ts-comments.nvim] [0m[36mclone[0m[90m | [0mUpdating files:  93% (27/29)[35m[ts-comments.nvim] [0m[36mclone[0m[90m | [0mUpdating files:  96% (28/29)[35m[ts-comments.nvim] [0m[36mclone[0m[90m | [0mUpdating files: 100% (29/29)[35m[nvim-ts-autotag] [0m[36mclone[0m[90m | [0mUpdating files:  83% (31/37)[35m[nvim-ts-autotag] [0m[36mclone[0m[90m | [0mUpdating files:  86% (32/37)[35m[nvim-ts-autotag] [0m[36mclone[0m[90m | [0mUpdating files:  89% (33/37)[35m[yanky.nvim] [0m[36m     clone[0m[90m | [0mUpdating files:  60% (21/35)[35m[yanky.nvim] [0m[36m     clone[0m[90m | [0mUpdating files:  62% (22/35)[35m[ts-comments.nvim] [0m[36mclone[0m[90m | [0mUpdating files: 100% (29/29), done.
[35m[nvim-ts-autotag] [0m[36mclone[0m[90m | [0mUpdating files:  91% (34/37)[35m[yanky.nvim] [0m[36m     clone[0m[90m | [0mUpdating files:  65% (23/35)[35m[yanky.nvim] [0m[36m     clone[0m[90m | [0mUpdating files:  68% (24/35)[35m[yanky.nvim] [0m[36m     clone[0m[90m | [0mUpdating files:  71% (25/35)[35m[nvim-ts-autotag] [0m[36mclone[0m[90m | [0mUpdating files:  94% (35/37)[35m[nvim-ts-autotag] [0m[36mclone[0m[90m | [0mUpdating files:  97% (36/37)[35m[nvim-ts-autotag] [0m[36mclone[0m[90m | [0mUpdating files: 100% (37/37)[35m[nvim-ts-autotag] [0m[36mclone[0m[90m | [0mUpdating files: 100% (37/37), done.
[35m[yanky.nvim] [0m[36m     clone[0m[90m | [0mUpdating files:  74% (26/35)[35m[yanky.nvim] [0m[36m     clone[0m[90m | [0mUpdating files:  77% (27/35)[35m[yanky.nvim] [0m[36m     clone[0m[90m | [0mUpdating files:  80% (28/35)[35m[yanky.nvim] [0m[36m     clone[0m[90m | [0mUpdating files:  82% (29/35)[35m[yanky.nvim] [0m[36m     clone[0m[90m | [0mUpdating files:  85% (30/35)[35m[mason.nvim] [0m[36m     clone[0m[90m | [0mReceiving objects:  75% (9333/12443), 1.09 MiB | 401.00 KiB/s[35m[mason.nvim] [0m[36m     clone[0m[90m | [0mReceiving objects:  76% (9457/12443), 1.09 MiB | 401.00 KiB/s[35m[yanky.nvim] [0m[36m     clone[0m[90m | [0mUpdating files:  88% (31/35)[35m[blink.cmp] [0m[36m      clone[0m[90m | [0mReceiving objects:  53% (6138/11581), 1.10 MiB | 407.00 KiB/s[35m[blink.cmp] [0m[36m      clone[0m[90m | [0mReceiving objects:  54% (6254/11581), 1.10 MiB | 407.00 KiB/s[35m[blink.cmp] [0m[36m      clone[0m[90m | [0mReceiving objects:  55% (6370/11581), 1.10 MiB | 407.00 KiB/s[35m[blink.cmp] [0m[36m      clone[0m[90m | [0mReceiving objects:  56% (6486/11581), 1.10 MiB | 407.00 KiB/s[35m[mason.nvim] [0m[36m     clone[0m[90m | [0mReceiving objects:  77% (9582/12443), 1.09 MiB | 401.00 KiB/s[35m[mason.nvim] [0m[36m     clone[0m[90m | [0mReceiving objects:  78% (9706/12443), 1.09 MiB | 401.00 KiB/s[35m[yanky.nvim] [0m[36m     clone[0m[90m | [0mUpdating files:  91% (32/35)[35m[yanky.nvim] [0m[36m     clone[0m[90m | [0mUpdating files:  94% (33/35)[35m[yanky.nvim] [0m[36m     clone[0m[90m | [0mUpdating files:  97% (34/35)[35m[blink.cmp] [0m[36m      clone[0m[90m | [0mReceiving objects:  57% (6602/11581), 1.10 MiB | 407.00 KiB/s[35m[blink.cmp] [0m[36m      clone[0m[90m | [0mReceiving objects:  58% (6717/11581), 1.10 MiB | 407.00 KiB/s[35m[yanky.nvim] [0m[36m     clone[0m[90m | [0mUpdating files: 100% (35/35)[35m[yanky.nvim] [0m[36m     clone[0m[90m | [0mUpdating files: 100% (35/35), done.
[35m[mason.nvim] [0m[36m     clone[0m[90m | [0mReceiving objects:  79% (9830/12443), 1.09 MiB | 401.00 KiB/s[35m[blink.cmp] [0m[36m      clone[0m[90m | [0mReceiving objects:  59% (6833/11581), 1.10 MiB | 407.00 KiB/s[35m[blink.cmp] [0m[36m      clone[0m[90m | [0mReceiving objects:  60% (6949/11581), 1.10 MiB | 407.00 KiB/s[35m[mason.nvim] [0m[36m     clone[0m[90m | [0mReceiving objects:  80% (9955/12443), 1.09 MiB | 401.00 KiB/s[35m[blink.cmp] [0m[36m      clone[0m[90m | [0mReceiving objects:  61% (7065/11581), 1.10 MiB | 407.00 KiB/s[35m[mason.nvim] [0m[36m     clone[0m[90m | [0mReceiving objects:  81% (10079/12443), 1.09 MiB | 401.00 KiB/s[35m[mason.nvim] [0m[36m     clone[0m[90m | [0mReceiving objects:  82% (10204/12443), 1.09 MiB | 401.00 KiB/s[35m[mason.nvim] [0m[36m     clone[0m[90m | [0mReceiving objects:  83% (10328/12443), 1.09 MiB | 401.00 KiB/s[35m[blink.cmp] [0m[36m      clone[0m[90m | [0mReceiving objects:  62% (7181/11581), 1.10 MiB | 407.00 KiB/s[35m[blink.cmp] [0m[36m      clone[0m[90m | [0mReceiving objects:  63% (7297/11581), 1.10 MiB | 407.00 KiB/s[35m[blink.cmp] [0m[36m      clone[0m[90m | [0mReceiving objects:  64% (7412/11581), 1.10 MiB | 407.00 KiB/s[35m[blink.cmp] [0m[36m      clone[0m[90m | [0mReceiving objects:  65% (7528/11581), 1.10 MiB | 407.00 KiB/s[35m[blink.cmp] [0m[36m      clone[0m[90m | [0mReceiving objects:  66% (7644/11581), 1.10 MiB | 407.00 KiB/s[35m[mason.nvim] [0m[36m     clone[0m[90m | [0mReceiving objects:  84% (10453/12443), 1.09 MiB | 401.00 KiB/s[35m[blink.cmp] [0m[36m      clone[0m[90m | [0mReceiving objects:  67% (7760/11581), 1.10 MiB | 407.00 KiB/s[35m[blink.cmp] [0m[36m      clone[0m[90m | [0mReceiving objects:  68% (7876/11581), 1.10 MiB | 407.00 KiB/s[35m[blink.cmp] [0m[36m      clone[0m[90m | [0mReceiving objects:  69% (7991/11581), 1.10 MiB | 407.00 KiB/s[35m[blink.cmp] [0m[36m      clone[0m[90m | [0mReceiving objects:  70% (8107/11581), 1.10 MiB | 407.00 KiB/s[35m[mason.nvim] [0m[36m     clone[0m[90m | [0mReceiving objects:  85% (10577/12443), 1.09 MiB | 401.00 KiB/s[35m[mason.nvim] [0m[36m     clone[0m[90m | [0mReceiving objects:  86% (10701/12443), 1.09 MiB | 401.00 KiB/s[35m[blink.cmp] [0m[36m      clone[0m[90m | [0mReceiving objects:  71% (8223/11581), 1.10 MiB | 407.00 KiB/s[35m[blink.cmp] [0m[36m      clone[0m[90m | [0mReceiving objects:  72% (8339/11581), 1.10 MiB | 407.00 KiB/s[35m[blink.cmp] [0m[36m      clone[0m[90m | [0mReceiving objects:  73% (8455/11581), 1.10 MiB | 407.00 KiB/s[35m[blink.cmp] [0m[36m      clone[0m[90m | [0mReceiving objects:  74% (8570/11581), 1.10 MiB | 407.00 KiB/s[35m[mason.nvim] [0m[36m     clone[0m[90m | [0mReceiving objects:  86% (10767/12443), 1.09 MiB | 401.00 KiB/s[35m[blink.cmp] [0m[36m      clone[0m[90m | [0mReceiving objects:  75% (8686/11581), 1.10 MiB | 407.00 KiB/s[35m[blink.cmp] [0m[36m      clone[0m[90m | [0mReceiving objects:  76% (8802/11581), 1.10 MiB | 407.00 KiB/s[35m[blink.cmp] [0m[36m      clone[0m[90m | [0mReceiving objects:  77% (8918/11581), 1.10 MiB | 407.00 KiB/s[35m[blink.cmp] [0m[36m      clone[0m[90m | [0mReceiving objects:  78% (9034/11581), 1.10 MiB | 407.00 KiB/s[35m[mason.nvim] [0m[36m     clone[0m[90m | [0mReceiving objects:  87% (10826/12443), 1.09 MiB | 401.00 KiB/s[35m[blink.cmp] [0m[36m      clone[0m[90m | [0mReceiving objects:  79% (9149/11581), 1.10 MiB | 407.00 KiB/s[35m[blink.cmp] [0m[36m      clone[0m[90m | [0mReceiving objects:  80% (9265/11581), 1.10 MiB | 407.00 KiB/s[35m[mason.nvim] [0m[36m     clone[0m[90m | [0mReceiving objects:  88% (10950/12443), 1.09 MiB | 401.00 KiB/s[35m[mason.nvim] [0m[36m     clone[0m[90m | [0mReceiving objects:  89% (11075/12443), 1.09 MiB | 401.00 KiB/s[35m[mason.nvim] [0m[36m     clone[0m[90m | [0mReceiving objects:  90% (11199/12443), 1.09 MiB | 401.00 KiB/s[35m[blink.cmp] [0m[36m      clone[0m[90m | [0mReceiving objects:  81% (9381/11581), 1.10 MiB | 407.00 KiB/s[35m[blink.cmp] [0m[36m      clone[0m[90m | [0mReceiving objects:  82% (9497/11581), 1.10 MiB | 407.00 KiB/s[35m[blink.cmp] [0m[36m      clone[0m[90m | [0mReceiving objects:  83% (9613/11581), 1.10 MiB | 407.00 KiB/s[35m[mason.nvim] [0m[36m     clone[0m[90m | [0mReceiving objects:  91% (11324/12443), 1.09 MiB | 401.00 KiB/s[35m[blink.cmp] [0m[36m      clone[0m[90m | [0mReceiving objects:  84% (9729/11581), 1.93 MiB | 606.00 KiB/s[35m[mini.pairs] [0m[36m     clone[0m[90m | [0mUpdating files:  50% (2/4)[35m[todo-comments.nvim] [0m[36mclone[0m[90m | [0mUpdating files:   5% (2/35)[35m[mini.pairs] [0m[36m     clone[0m[90m | [0mUpdating files:  75% (3/4)[35m[todo-comments.nvim] [0m[36mclone[0m[90m | [0mUpdating files:   8% (3/35)[35m[mason.nvim] [0m[36m     clone[0m[90m | [0mReceiving objects:  92% (11448/12443), 1.09 MiB | 401.00 KiB/s[35m[todo-comments.nvim] [0m[36mclone[0m[90m | [0mUpdating files:  11% (4/35)[35m[todo-comments.nvim] [0m[36mclone[0m[90m | [0mUpdating files:  14% (5/35)[35m[mini.pairs] [0m[36m     clone[0m[90m | [0mUpdating files: 100% (4/4)[35m[todo-comments.nvim] [0m[36mclone[0m[90m | [0mUpdating files:  17% (6/35)[35m[mini.pairs] [0m[36m     clone[0m[90m | [0mUpdating files: 100% (4/4), done.
[35m[todo-comments.nvim] [0m[36mclone[0m[90m | [0mUpdating files:  20% (7/35)[35m[todo-comments.nvim] [0m[36mclone[0m[90m | [0mUpdating files:  22% (8/35)[35m[todo-comments.nvim] [0m[36mclone[0m[90m | [0mUpdating files:  25% (9/35)[35m[todo-comments.nvim] [0m[36mclone[0m[90m | [0mUpdating files:  28% (10/35)[35m[todo-comments.nvim] [0m[36mclone[0m[90m | [0mUpdating files:  31% (11/35)[35m[todo-comments.nvim] [0m[36mclone[0m[90m | [0mUpdating files:  34% (12/35)[35m[todo-comments.nvim] [0m[36mclone[0m[90m | [0mUpdating files:  37% (13/35)[35m[todo-comments.nvim] [0m[36mclone[0m[90m | [0mUpdating files:  40% (14/35)[35m[todo-comments.nvim] [0m[36mclone[0m[90m | [0mUpdating files:  42% (15/35)[35m[todo-comments.nvim] [0m[36mclone[0m[90m | [0mUpdating files:  45% (16/35)[35m[todo-comments.nvim] [0m[36mclone[0m[90m | [0mUpdating files:  48% (17/35)[35m[blink.cmp] [0m[36m      clone[0m[90m | [0mReceiving objects:  85% (9844/11581), 1.93 MiB | 606.00 KiB/s[35m[todo-comments.nvim] [0m[36mclone[0m[90m | [0mUpdating files:  51% (18/35)[35m[todo-comments.nvim] [0m[36mclone[0m[90m | [0mUpdating files:  54% (19/35)[35m[blink.cmp] [0m[36m      clone[0m[90m | [0mReceiving objects:  86% (9960/11581), 1.93 MiB | 606.00 KiB/s[35m[todo-comments.nvim] [0m[36mclone[0m[90m | [0mUpdating files:  57% (20/35)[35m[blink.cmp] [0m[36m      clone[0m[90m | [0mReceiving objects:  87% (10076/11581), 1.93 MiB | 606.00 KiB/s[35m[todo-comments.nvim] [0m[36mclone[0m[90m | [0mUpdating files:  60% (21/35)[35m[todo-comments.nvim] [0m[36mclone[0m[90m | [0mUpdating files:  62% (22/35)[35m[todo-comments.nvim] [0m[36mclone[0m[90m | [0mUpdating files:  65% (23/35)[35m[mason.nvim] [0m[36m     clone[0m[90m | [0mReceiving objects:  93% (11572/12443), 1.09 MiB | 401.00 KiB/s[35m[mason.nvim] [0m[36m     clone[0m[90m | [0mReceiving objects:  94% (11697/12443), 1.09 MiB | 401.00 KiB/s[35m[todo-comments.nvim] [0m[36mclone[0m[90m | [0mUpdating files:  68% (24/35)[35m[todo-comments.nvim] [0m[36mclone[0m[90m | [0mUpdating files:  71% (25/35)[35m[blink.cmp] [0m[36m      clone[0m[90m | [0mReceiving objects:  88% (10192/11581), 1.93 MiB | 606.00 KiB/s[35m[todo-comments.nvim] [0m[36mclone[0m[90m | [0mUpdating files:  74% (26/35)[35m[mason.nvim] [0m[36m     clone[0m[90m | [0mReceiving objects:  95% (11821/12443), 1.09 MiB | 401.00 KiB/s[35m[todo-comments.nvim] [0m[36mclone[0m[90m | [0mUpdating files:  77% (27/35)[35m[todo-comments.nvim] [0m[36mclone[0m[90m | [0mUpdating files:  80% (28/35)[35m[mason.nvim] [0m[36m     clone[0m[90m | [0mReceiving objects:  96% (11946/12443), 1.09 MiB | 401.00 KiB/s[35m[todo-comments.nvim] [0m[36mclone[0m[90m | [0mUpdating files:  82% (29/35)[35m[todo-comments.nvim] [0m[36mclone[0m[90m | [0mUpdating files:  85% (30/35)[35m[mason.nvim] [0m[36m     clone[0m[90m | [0mReceiving objects:  97% (12070/12443), 1.09 MiB | 401.00 KiB/s[35m[blink.cmp] [0m[36m      clone[0m[90m | [0mReceiving objects:  89% (10308/11581), 1.93 MiB | 606.00 KiB/s[35m[todo-comments.nvim] [0m[36mclone[0m[90m | [0mUpdating files:  88% (31/35)[35m[todo-comments.nvim] [0m[36mclone[0m[90m | [0mUpdating files:  91% (32/35)[35m[todo-comments.nvim] [0m[36mclone[0m[90m | [0mUpdating files:  94% (33/35)[35m[todo-comments.nvim] [0m[36mclone[0m[90m | [0mUpdating files:  97% (34/35)[35m[todo-comments.nvim] [0m[36mclone[0m[90m | [0mUpdating files: 100% (35/35)[35m[todo-comments.nvim] [0m[36mclone[0m[90m | [0mUpdating files: 100% (35/35), done.
[35m[blink.cmp] [0m[36m      clone[0m[90m | [0mReceiving objects:  90% (10423/11581), 1.93 MiB | 606.00 KiB/s[35m[blink.cmp] [0m[36m      clone[0m[90m | [0mReceiving objects:  91% (10539/11581), 1.93 MiB | 606.00 KiB/s[35m[blink.cmp] [0m[36m      clone[0m[90m | [0mReceiving objects:  92% (10655/11581), 1.93 MiB | 606.00 KiB/s[35m[mason.nvim] [0m[36m     clone[0m[90m | [0mReceiving objects:  98% (12195/12443), 1.09 MiB | 401.00 KiB/s[35m[mason.nvim] [0m[36m     clone[0m[90m | [0mReceiving objects:  99% (12319/12443), 1.09 MiB | 401.00 KiB/s[35m[mason.nvim] [0m[36m     clone[0m[90m | [0mremote: Total 12443 (delta 1109), reused 981 (delta 967), pack-reused 11242 (from 2)        
[35m[blink.cmp] [0m[36m      clone[0m[90m | [0mReceiving objects:  93% (10771/11581), 1.93 MiB | 606.00 KiB/s[35m[mason.nvim] [0m[36m     clone[0m[90m | [0mReceiving objects: 100% (12443/12443), 1.09 MiB | 401.00 KiB/s[35m[mason.nvim] [0m[36m     clone[0m[90m | [0mReceiving objects: 100% (12443/12443), 1.60 MiB | 508.00 KiB/s, done.
[35m[mason.nvim] [0m[36m     clone[0m[90m | [0mResolving deltas:   0% (0/6373)[35m[mason.nvim] [0m[36m     clone[0m[90m | [0mResolving deltas:   1% (66/6373)[35m[mason.nvim] [0m[36m     clone[0m[90m | [0mResolving deltas:   2% (128/6373)[35m[mason.nvim] [0m[36m     clone[0m[90m | [0mResolving deltas:   3% (192/6373)[35m[mason.nvim] [0m[36m     clone[0m[90m | [0mResolving deltas:   4% (257/6373)[35m[mason.nvim] [0m[36m     clone[0m[90m | [0mResolving deltas:   5% (321/6373)[35m[mason.nvim] [0m[36m     clone[0m[90m | [0mResolving deltas:   6% (383/6373)[35m[mason.nvim] [0m[36m     clone[0m[90m | [0mResolving deltas:   7% (448/6373)[35m[mason.nvim] [0m[36m     clone[0m[90m | [0mResolving deltas:   8% (510/6373)[35m[mason.nvim] [0m[36m     clone[0m[90m | [0mResolving deltas:   9% (574/6373)[35m[mason.nvim] [0m[36m     clone[0m[90m | [0mResolving deltas:  10% (638/6373)[35m[mason.nvim] [0m[36m     clone[0m[90m | [0mResolving deltas:  11% (702/6373)[35m[mason.nvim] [0m[36m     clone[0m[90m | [0mResolving deltas:  12% (765/6373)[35m[mason.nvim] [0m[36m     clone[0m[90m | [0mResolving deltas:  13% (829/6373)[35m[mason.nvim] [0m[36m     clone[0m[90m | [0mResolving deltas:  14% (893/6373)[35m[mason.nvim] [0m[36m     clone[0m[90m | [0mResolving deltas:  15% (957/6373)[35m[mason.nvim] [0m[36m     clone[0m[90m | [0mResolving deltas:  16% (1020/6373)[35m[mason.nvim] [0m[36m     clone[0m[90m | [0mResolving deltas:  17% (1085/6373)[35m[blink.cmp] [0m[36m      clone[0m[90m | [0mReceiving objects:  94% (10887/11581), 1.93 MiB | 606.00 KiB/s[35m[mason.nvim] [0m[36m     clone[0m[90m | [0mResolving deltas:  18% (1148/6373)[35m[blink.cmp] [0m[36m      clone[0m[90m | [0mReceiving objects:  95% (11002/11581), 1.93 MiB | 606.00 KiB/s[35m[mason.nvim] [0m[36m     clone[0m[90m | [0mResolving deltas:  19% (1211/6373)[35m[mason.nvim] [0m[36m     clone[0m[90m | [0mResolving deltas:  20% (1276/6373)[35m[mason.nvim] [0m[36m     clone[0m[90m | [0mResolving deltas:  21% (1339/6373)[35m[mason.nvim] [0m[36m     clone[0m[90m | [0mResolving deltas:  22% (1403/6373)[35m[mason.nvim] [0m[36m     clone[0m[90m | [0mResolving deltas:  23% (1466/6373)[35m[mason.nvim] [0m[36m     clone[0m[90m | [0mResolving deltas:  24% (1530/6373)[35m[blink.cmp] [0m[36m      clone[0m[90m | [0mReceiving objects:  96% (11118/11581), 1.93 MiB | 606.00 KiB/s[35m[mason.nvim] [0m[36m     clone[0m[90m | [0mResolving deltas:  25% (1594/6373)[35m[mason.nvim] [0m[36m     clone[0m[90m | [0mResolving deltas:  26% (1657/6373)[35m[mason.nvim] [0m[36m     clone[0m[90m | [0mResolving deltas:  27% (1721/6373)[35m[blink.cmp] [0m[36m      clone[0m[90m | [0mReceiving objects:  97% (11234/11581), 1.93 MiB | 606.00 KiB/s[35m[mason.nvim] [0m[36m     clone[0m[90m | [0mResolving deltas:  28% (1785/6373)[35m[blink.cmp] [0m[36m      clone[0m[90m | [0mReceiving objects:  98% (11350/11581), 1.93 MiB | 606.00 KiB/s[35m[mason.nvim] [0m[36m     clone[0m[90m | [0mResolving deltas:  29% (1849/6373)[35m[mason.nvim] [0m[36m     clone[0m[90m | [0mResolving deltas:  30% (1912/6373)[35m[blink.cmp] [0m[36m      clone[0m[90m | [0mReceiving objects:  99% (11466/11581), 1.93 MiB | 606.00 KiB/s[35m[mason.nvim] [0m[36m     clone[0m[90m | [0mResolving deltas:  31% (1976/6373)[35m[mason.nvim] [0m[36m     clone[0m[90m | [0mResolving deltas:  32% (2040/6373)[35m[mason.nvim] [0m[36m     clone[0m[90m | [0mResolving deltas:  33% (2104/6373)[35m[mason.nvim] [0m[36m     clone[0m[90m | [0mResolving deltas:  34% (2167/6373)[35m[mason.nvim] [0m[36m     clone[0m[90m | [0mResolving deltas:  35% (2231/6373)[35m[mason.nvim] [0m[36m     clone[0m[90m | [0mResolving deltas:  36% (2295/6373)[35m[mason.nvim] [0m[36m     clone[0m[90m | [0mResolving deltas:  37% (2359/6373)[35m[mason.nvim] [0m[36m     clone[0m[90m | [0mResolving deltas:  38% (2422/6373)[35m[mason.nvim] [0m[36m     clone[0m[90m | [0mResolving deltas:  39% (2486/6373)[35m[mason.nvim] [0m[36m     clone[0m[90m | [0mResolving deltas:  40% (2550/6373)[35m[mason.nvim] [0m[36m     clone[0m[90m | [0mResolving deltas:  41% (2613/6373)[35m[mason.nvim] [0m[36m     clone[0m[90m | [0mResolving deltas:  42% (2677/6373)[35m[mason.nvim] [0m[36m     clone[0m[90m | [0mResolving deltas:  43% (2742/6373)[35m[mason.nvim] [0m[36m     clone[0m[90m | [0mResolving deltas:  44% (2805/6373)[35m[mason.nvim] [0m[36m     clone[0m[90m | [0mResolving deltas:  45% (2869/6373)[35m[blink.cmp] [0m[36m      clone[0m[90m | [0mremote: Total 11581 (delta 290), reused 258 (delta 258), pack-reused 11236 (from 3)        
[35m[blink.cmp] [0m[36m      clone[0m[90m | [0mReceiving objects: 100% (11581/11581), 1.93 MiB | 606.00 KiB/s[35m[mason.nvim] [0m[36m     clone[0m[90m | [0mResolving deltas:  46% (2932/6373)[35m[mason.nvim] [0m[36m     clone[0m[90m | [0mResolving deltas:  47% (2996/6373)[35m[mason.nvim] [0m[36m     clone[0m[90m | [0mResolving deltas:  48% (3061/6373)[35m[blink.cmp] [0m[36m      clone[0m[90m | [0mReceiving objects: 100% (11581/11581), 2.18 MiB | 660.00 KiB/s, done.
[35m[mason.nvim] [0m[36m     clone[0m[90m | [0mResolving deltas:  49% (3123/6373)[35m[mason.nvim] [0m[36m     clone[0m[90m | [0mResolving deltas:  50% (3187/6373)[35m[mason.nvim] [0m[36m     clone[0m[90m | [0mResolving deltas:  51% (3251/6373)[35m[mason.nvim] [0m[36m     clone[0m[90m | [0mResolving deltas:  52% (3314/6373)[35m[mason.nvim] [0m[36m     clone[0m[90m | [0mResolving deltas:  53% (3378/6373)[35m[mason.nvim] [0m[36m     clone[0m[90m | [0mResolving deltas:  54% (3442/6373)[35m[blink.cmp] [0m[36m      clone[0m[90m | [0mResolving deltas:   0% (0/5577)[35m[mason.nvim] [0m[36m     clone[0m[90m | [0mResolving deltas:  55% (3506/6373)[35m[mason.nvim] [0m[36m     clone[0m[90m | [0mResolving deltas:  56% (3569/6373)[35m[blink.cmp] [0m[36m      clone[0m[90m | [0mResolving deltas:   1% (56/5577)[35m[blink.cmp] [0m[36m      clone[0m[90m | [0mResolving deltas:   2% (112/5577)[35m[blink.cmp] [0m[36m      clone[0m[90m | [0mResolving deltas:   3% (168/5577)[35m[mason.nvim] [0m[36m     clone[0m[90m | [0mResolving deltas:  57% (3633/6373)[35m[mason.nvim] [0m[36m     clone[0m[90m | [0mResolving deltas:  58% (3697/6373)[35m[blink.cmp] [0m[36m      clone[0m[90m | [0mResolving deltas:   4% (224/5577)[35m[blink.cmp] [0m[36m      clone[0m[90m | [0mResolving deltas:   5% (279/5577)[35m[mason.nvim] [0m[36m     clone[0m[90m | [0mResolving deltas:  59% (3761/6373)[35m[mason.nvim] [0m[36m     clone[0m[90m | [0mResolving deltas:  60% (3824/6373)[35m[blink.cmp] [0m[36m      clone[0m[90m | [0mResolving deltas:   6% (335/5577)[35m[blink.cmp] [0m[36m      clone[0m[90m | [0mResolving deltas:   7% (391/5577)[35m[blink.cmp] [0m[36m      clone[0m[90m | [0mResolving deltas:   8% (447/5577)[35m[mason.nvim] [0m[36m     clone[0m[90m | [0mResolving deltas:  61% (3888/6373)[35m[mason.nvim] [0m[36m     clone[0m[90m | [0mResolving deltas:  62% (3952/6373)[35m[mason.nvim] [0m[36m     clone[0m[90m | [0mResolving deltas:  63% (4016/6373)[35m[blink.cmp] [0m[36m      clone[0m[90m | [0mResolving deltas:   9% (502/5577)[35m[blink.cmp] [0m[36m      clone[0m[90m | [0mResolving deltas:  10% (558/5577)[35m[blink.cmp] [0m[36m      clone[0m[90m | [0mResolving deltas:  11% (614/5577)[35m[mason.nvim] [0m[36m     clone[0m[90m | [0mResolving deltas:  64% (4079/6373)[35m[mason.nvim] [0m[36m     clone[0m[90m | [0mResolving deltas:  65% (4143/6373)[35m[mason.nvim] [0m[36m     clone[0m[90m | [0mResolving deltas:  66% (4207/6373)[35m[blink.cmp] [0m[36m      clone[0m[90m | [0mResolving deltas:  12% (670/5577)[35m[blink.cmp] [0m[36m      clone[0m[90m | [0mResolving deltas:  13% (726/5577)[35m[blink.cmp] [0m[36m      clone[0m[90m | [0mResolving deltas:  14% (783/5577)[35m[blink.cmp] [0m[36m      clone[0m[90m | [0mResolving deltas:  15% (837/5577)[35m[mason.nvim] [0m[36m     clone[0m[90m | [0mResolving deltas:  67% (4271/6373)[35m[mason.nvim] [0m[36m     clone[0m[90m | [0mResolving deltas:  68% (4334/6373)[35m[mason.nvim] [0m[36m     clone[0m[90m | [0mResolving deltas:  69% (4398/6373)[35m[blink.cmp] [0m[36m      clone[0m[90m | [0mResolving deltas:  16% (893/5577)[35m[blink.cmp] [0m[36m      clone[0m[90m | [0mResolving deltas:  17% (949/5577)[35m[mason.nvim] [0m[36m     clone[0m[90m | [0mResolving deltas:  70% (4462/6373)[35m[mason.nvim] [0m[36m     clone[0m[90m | [0mResolving deltas:  71% (4527/6373)[35m[mason.nvim] [0m[36m     clone[0m[90m | [0mResolving deltas:  72% (4589/6373)[35m[blink.cmp] [0m[36m      clone[0m[90m | [0mResolving deltas:  18% (1004/5577)[35m[blink.cmp] [0m[36m      clone[0m[90m | [0mResolving deltas:  19% (1061/5577)[35m[blink.cmp] [0m[36m      clone[0m[90m | [0mResolving deltas:  20% (1117/5577)[35m[mason.nvim] [0m[36m     clone[0m[90m | [0mResolving deltas:  73% (4653/6373)[35m[mason.nvim] [0m[36m     clone[0m[90m | [0mResolving deltas:  74% (4718/6373)[35m[mason.nvim] [0m[36m     clone[0m[90m | [0mResolving deltas:  75% (4780/6373)[35m[blink.cmp] [0m[36m      clone[0m[90m | [0mResolving deltas:  21% (1173/5577)[35m[blink.cmp] [0m[36m      clone[0m[90m | [0mResolving deltas:  22% (1228/5577)[35m[blink.cmp] [0m[36m      clone[0m[90m | [0mResolving deltas:  23% (1283/5577)[35m[mason.nvim] [0m[36m     clone[0m[90m | [0mResolving deltas:  76% (4844/6373)[35m[mason.nvim] [0m[36m     clone[0m[90m | [0mResolving deltas:  77% (4908/6373)[35m[mason.nvim] [0m[36m     clone[0m[90m | [0mResolving deltas:  78% (4971/6373)[35m[blink.cmp] [0m[36m      clone[0m[90m | [0mResolving deltas:  24% (1339/5577)[35m[blink.cmp] [0m[36m      clone[0m[90m | [0mResolving deltas:  25% (1395/5577)[35m[blink.cmp] [0m[36m      clone[0m[90m | [0mResolving deltas:  26% (1451/5577)[35m[mason.nvim] [0m[36m     clone[0m[90m | [0mResolving deltas:  79% (5035/6373)[35m[mason.nvim] [0m[36m     clone[0m[90m | [0mResolving deltas:  80% (5099/6373)[35m[mason.nvim] [0m[36m     clone[0m[90m | [0mResolving deltas:  81% (5163/6373)[35m[blink.cmp] [0m[36m      clone[0m[90m | [0mResolving deltas:  27% (1506/5577)[35m[blink.cmp] [0m[36m      clone[0m[90m | [0mResolving deltas:  28% (1562/5577)[35m[blink.cmp] [0m[36m      clone[0m[90m | [0mResolving deltas:  29% (1619/5577)[35m[mason.nvim] [0m[36m     clone[0m[90m | [0mResolving deltas:  82% (5226/6373)[35m[mason.nvim] [0m[36m     clone[0m[90m | [0mResolving deltas:  83% (5290/6373)[35m[mason.nvim] [0m[36m     clone[0m[90m | [0mResolving deltas:  84% (5355/6373)[35m[blink.cmp] [0m[36m      clone[0m[90m | [0mResolving deltas:  30% (1674/5577)[35m[blink.cmp] [0m[36m      clone[0m[90m | [0mResolving deltas:  31% (1729/5577)[35m[blink.cmp] [0m[36m      clone[0m[90m | [0mResolving deltas:  32% (1785/5577)[35m[mason.nvim] [0m[36m     clone[0m[90m | [0mResolving deltas:  85% (5418/6373)[35m[mason.nvim] [0m[36m     clone[0m[90m | [0mResolving deltas:  86% (5481/6373)[35m[mason.nvim] [0m[36m     clone[0m[90m | [0mResolving deltas:  87% (5546/6373)[35m[blink.cmp] [0m[36m      clone[0m[90m | [0mResolving deltas:  33% (1841/5577)[35m[blink.cmp] [0m[36m      clone[0m[90m | [0mResolving deltas:  34% (1899/5577)[35m[blink.cmp] [0m[36m      clone[0m[90m | [0mResolving deltas:  35% (1952/5577)[35m[mason.nvim] [0m[36m     clone[0m[90m | [0mResolving deltas:  88% (5609/6373)[35m[mason.nvim] [0m[36m     clone[0m[90m | [0mResolving deltas:  89% (5672/6373)[35m[mason.nvim] [0m[36m     clone[0m[90m | [0mResolving deltas:  90% (5736/6373)[35m[blink.cmp] [0m[36m      clone[0m[90m | [0mResolving deltas:  36% (2008/5577)[35m[blink.cmp] [0m[36m      clone[0m[90m | [0mResolving deltas:  37% (2065/5577)[35m[blink.cmp] [0m[36m      clone[0m[90m | [0mResolving deltas:  38% (2120/5577)[35m[blink.cmp] [0m[36m      clone[0m[90m | [0mResolving deltas:  39% (2177/5577)[35m[mason.nvim] [0m[36m     clone[0m[90m | [0mResolving deltas:  91% (5800/6373)[35m[mason.nvim] [0m[36m     clone[0m[90m | [0mResolving deltas:  92% (5864/6373)[35m[mason.nvim] [0m[36m     clone[0m[90m | [0mResolving deltas:  93% (5927/6373)[35m[blink.cmp] [0m[36m      clone[0m[90m | [0mResolving deltas:  40% (2231/5577)[35m[blink.cmp] [0m[36m      clone[0m[90m | [0mResolving deltas:  41% (2289/5577)[35m[blink.cmp] [0m[36m      clone[0m[90m | [0mResolving deltas:  42% (2343/5577)[35m[blink.cmp] [0m[36m      clone[0m[90m | [0mResolving deltas:  43% (2399/5577)[35m[mason.nvim] [0m[36m     clone[0m[90m | [0mResolving deltas:  94% (5992/6373)[35m[mason.nvim] [0m[36m     clone[0m[90m | [0mResolving deltas:  95% (6055/6373)[35m[mason.nvim] [0m[36m     clone[0m[90m | [0mResolving deltas:  96% (6119/6373)[35m[mason.nvim] [0m[36m     clone[0m[90m | [0mResolving deltas:  97% (6184/6373)[35m[blink.cmp] [0m[36m      clone[0m[90m | [0mResolving deltas:  44% (2454/5577)[35m[blink.cmp] [0m[36m      clone[0m[90m | [0mResolving deltas:  45% (2510/5577)[35m[blink.cmp] [0m[36m      clone[0m[90m | [0mResolving deltas:  46% (2566/5577)[35m[blink.cmp] [0m[36m      clone[0m[90m | [0mResolving deltas:  47% (2622/5577)[35m[blink.cmp] [0m[36m      clone[0m[90m | [0mResolving deltas:  48% (2677/5577)[35m[mason.nvim] [0m[36m     clone[0m[90m | [0mResolving deltas:  98% (6246/6373)[35m[mason.nvim] [0m[36m     clone[0m[90m | [0mResolving deltas:  99% (6310/6373)[35m[mason.nvim] [0m[36m     clone[0m[90m | [0mResolving deltas: 100% (6373/6373)[35m[blink.cmp] [0m[36m      clone[0m[90m | [0mResolving deltas:  49% (2733/5577)[35m[blink.cmp] [0m[36m      clone[0m[90m | [0mResolving deltas:  50% (2789/5577)[35m[blink.cmp] [0m[36m      clone[0m[90m | [0mResolving deltas:  51% (2845/5577)[35m[mason.nvim] [0m[36m     clone[0m[90m | [0mResolving deltas: 100% (6373/6373), done.
[35m[blink.cmp] [0m[36m      clone[0m[90m | [0mResolving deltas:  52% (2901/5577)[35m[blink.cmp] [0m[36m      clone[0m[90m | [0mResolving deltas:  53% (2956/5577)[35m[blink.cmp] [0m[36m      clone[0m[90m | [0mResolving deltas:  54% (3015/5577)[35m[blink.cmp] [0m[36m      clone[0m[90m | [0mResolving deltas:  55% (3068/5577)[35m[blink.cmp] [0m[36m      clone[0m[90m | [0mResolving deltas:  56% (3124/5577)[35m[blink.cmp] [0m[36m      clone[0m[90m | [0mResolving deltas:  57% (3179/5577)[35m[blink.cmp] [0m[36m      clone[0m[90m | [0mResolving deltas:  58% (3235/5577)[35m[blink.cmp] [0m[36m      clone[0m[90m | [0mResolving deltas:  59% (3291/5577)[35m[blink.cmp] [0m[36m      clone[0m[90m | [0mResolving deltas:  60% (3347/5577)[35m[blink.cmp] [0m[36m      clone[0m[90m | [0mResolving deltas:  61% (3402/5577)[35m[blink.cmp] [0m[36m      clone[0m[90m | [0mResolving deltas:  62% (3458/5577)[35m[blink.cmp] [0m[36m      clone[0m[90m | [0mResolving deltas:  63% (3514/5577)[35m[blink.cmp] [0m[36m      clone[0m[90m | [0mResolving deltas:  64% (3570/5577)[35m[blink.cmp] [0m[36m      clone[0m[90m | [0mResolving deltas:  65% (3627/5577)[35m[blink.cmp] [0m[36m      clone[0m[90m | [0mResolving deltas:  66% (3681/5577)[35m[blink.cmp] [0m[36m      clone[0m[90m | [0mResolving deltas:  67% (3737/5577)[35m[blink.cmp] [0m[36m      clone[0m[90m | [0mResolving deltas:  68% (3793/5577)[35m[blink.cmp] [0m[36m      clone[0m[90m | [0mResolving deltas:  69% (3849/5577)[35m[blink.cmp] [0m[36m      clone[0m[90m | [0mResolving deltas:  70% (3904/5577)[35m[blink.cmp] [0m[36m      clone[0m[90m | [0mResolving deltas:  71% (3960/5577)[35m[blink.cmp] [0m[36m      clone[0m[90m | [0mResolving deltas:  72% (4016/5577)[35m[blink.cmp] [0m[36m      clone[0m[90m | [0mResolving deltas:  73% (4072/5577)[35m[blink.cmp] [0m[36m      clone[0m[90m | [0mResolving deltas:  74% (4129/5577)[35m[blink.cmp] [0m[36m      clone[0m[90m | [0mResolving deltas:  75% (4183/5577)[35m[blink.cmp] [0m[36m      clone[0m[90m | [0mResolving deltas:  76% (4239/5577)[35m[blink.cmp] [0m[36m      clone[0m[90m | [0mResolving deltas:  77% (4295/5577)[35m[blink.cmp] [0m[36m      clone[0m[90m | [0mResolving deltas:  78% (4351/5577)[35m[blink.cmp] [0m[36m      clone[0m[90m | [0mResolving deltas:  79% (4406/5577)[35m[blink.cmp] [0m[36m      clone[0m[90m | [0mResolving deltas:  80% (4462/5577)[35m[blink.cmp] [0m[36m      clone[0m[90m | [0mResolving deltas:  81% (4518/5577)[35m[blink.cmp] [0m[36m      clone[0m[90m | [0mResolving deltas:  82% (4574/5577)[35m[blink.cmp] [0m[36m      clone[0m[90m | [0mResolving deltas:  83% (4629/5577)[35m[blink.cmp] [0m[36m      clone[0m[90m | [0mResolving deltas:  84% (4685/5577)[35m[blink.cmp] [0m[36m      clone[0m[90m | [0mResolving deltas:  85% (4742/5577)[35m[blink.cmp] [0m[36m      clone[0m[90m | [0mResolving deltas:  86% (4797/5577)[35m[blink.cmp] [0m[36m      clone[0m[90m | [0mResolving deltas:  87% (4852/5577)[35m[blink.cmp] [0m[36m      clone[0m[90m | [0mResolving deltas:  88% (4908/5577)[35m[blink.cmp] [0m[36m      clone[0m[90m | [0mResolving deltas:  89% (4964/5577)[35m[blink.cmp] [0m[36m      clone[0m[90m | [0mResolving deltas:  90% (5020/5577)[35m[blink.cmp] [0m[36m      clone[0m[90m | [0mResolving deltas:  91% (5076/5577)[35m[blink.cmp] [0m[36m      clone[0m[90m | [0mResolving deltas:  92% (5131/5577)[35m[blink.cmp] [0m[36m      clone[0m[90m | [0mResolving deltas:  93% (5187/5577)[35m[blink.cmp] [0m[36m      clone[0m[90m | [0mResolving deltas:  94% (5243/5577)[35m[blink.cmp] [0m[36m      clone[0m[90m | [0mResolving deltas:  95% (5299/5577)[35m[blink.cmp] [0m[36m      clone[0m[90m | [0mResolving deltas:  96% (5354/5577)[35m[blink.cmp] [0m[36m      clone[0m[90m | [0mResolving deltas:  97% (5410/5577)[35m[blink.cmp] [0m[36m      clone[0m[90m | [0mResolving deltas:  98% (5466/5577)[35m[blink.cmp] [0m[36m      clone[0m[90m | [0mResolving deltas:  99% (5522/5577)[35m[blink.cmp] [0m[36m      clone[0m[90m | [0mResolving deltas: 100% (5577/5577)[35m[blink.cmp] [0m[36m      clone[0m[90m | [0mResolving deltas: 100% (5577/5577), done.
[35m[mason-lspconfig.nvim] [0m[36mclone[0m[90m | [0mUpdating files:   2% (2/67)[35m[mason-lspconfig.nvim] [0m[36mclone[0m[90m | [0mUpdating files:   4% (3/67)[35m[persistence.nvim] [0m[36mclone[0m[90m | [0mUpdating files:   9% (2/22)[35m[mason-lspconfig.nvim] [0m[36mclone[0m[90m | [0mUpdating files:   5% (4/67)[35m[persistence.nvim] [0m[36mclone[0m[90m | [0mUpdating files:  13% (3/22)[35m[mason-lspconfig.nvim] [0m[36mclone[0m[90m | [0mUpdating files:   7% (5/67)[35m[mason-lspconfig.nvim] [0m[36mclone[0m[90m | [0mUpdating files:   8% (6/67)[35m[persistence.nvim] [0m[36mclone[0m[90m | [0mUpdating files:  18% (4/22)[35m[persistence.nvim] [0m[36mclone[0m[90m | [0mUpdating files:  22% (5/22)[35m[mason-lspconfig.nvim] [0m[36mclone[0m[90m | [0mUpdating files:  10% (7/67)[35m[persistence.nvim] [0m[36mclone[0m[90m | [0mUpdating files:  27% (6/22)[35m[mason-lspconfig.nvim] [0m[36mclone[0m[90m | [0mUpdating files:  11% (8/67)[35m[persistence.nvim] [0m[36mclone[0m[90m | [0mUpdating files:  31% (7/22)[35m[mason-lspconfig.nvim] [0m[36mclone[0m[90m | [0mUpdating files:  13% (9/67)[35m[mason-lspconfig.nvim] [0m[36mclone[0m[90m | [0mUpdating files:  14% (10/67)[35m[persistence.nvim] [0m[36mclone[0m[90m | [0mUpdating files:  36% (8/22)[35m[mason-lspconfig.nvim] [0m[36mclone[0m[90m | [0mUpdating files:  16% (11/67)[35m[persistence.nvim] [0m[36mclone[0m[90m | [0mUpdating files:  40% (9/22)[35m[nui.nvim] [0m[36m       clone[0m[90m | [0mUpdating files:   3% (2/58)[35m[nvim-treesitter-textobjects] [0m[36mclone[0m[90m | [0mUpdating files:   1% (2/116)[35m[nvim-treesitter-textobjects] [0m[36mclone[0m[90m | [0mUpdating files:   2% (3/116)[35m[mason-lspconfig.nvim] [0m[36mclone[0m[90m | [0mUpdating files:  17% (12/67)[35m[mason-lspconfig.nvim] [0m[36mclone[0m[90m | [0mUpdating files:  19% (13/67)[35m[lualine.nvim] [0m[36m   clone[0m[90m | [0mUpdating files:   1% (2/138)[35m[lualine.nvim] [0m[36m   clone[0m[90m | [0mUpdating files:   2% (3/138)[35m[persistence.nvim] [0m[36mclone[0m[90m | [0mUpdating files:  45% (10/22)[35m[persistence.nvim] [0m[36mclone[0m[90m | [0mUpdating files:  50% (11/22)[35m[persistence.nvim] [0m[36mclone[0m[90m | [0mUpdating files:  54% (12/22)[35m[persistence.nvim] [0m[36mclone[0m[90m | [0mUpdating files:  59% (13/22)[35m[nui.nvim] [0m[36m       clone[0m[90m | [0mUpdating files:   5% (3/58)[35m[nui.nvim] [0m[36m       clone[0m[90m | [0mUpdating files:   6% (4/58)[35m[nui.nvim] [0m[36m       clone[0m[90m | [0mUpdating files:   8% (5/58)[35m[nui.nvim] [0m[36m       clone[0m[90m | [0mUpdating files:  10% (6/58)[35m[mason-lspconfig.nvim] [0m[36mclone[0m[90m | [0mUpdating files:  20% (14/67)[35m[mason-lspconfig.nvim] [0m[36mclone[0m[90m | [0mUpdating files:  22% (15/67)[35m[mason-lspconfig.nvim] [0m[36mclone[0m[90m | [0mUpdating files:  23% (16/67)[35m[persistence.nvim] [0m[36mclone[0m[90m | [0mUpdating files:  63% (14/22)[35m[persistence.nvim] [0m[36mclone[0m[90m | [0mUpdating files:  68% (15/22)[35m[nui.nvim] [0m[36m       clone[0m[90m | [0mUpdating files:  12% (7/58)[35m[nvim-treesitter-textobjects] [0m[36mclone[0m[90m | [0mUpdating files:   3% (4/116)[35m[nui.nvim] [0m[36m       clone[0m[90m | [0mUpdating files:  13% (8/58)[35m[persistence.nvim] [0m[36mclone[0m[90m | [0mUpdating files:  72% (16/22)[35m[nvim-treesitter-textobjects] [0m[36mclone[0m[90m | [0mUpdating files:   4% (5/116)[35m[nvim-treesitter-textobjects] [0m[36mclone[0m[90m | [0mUpdating files:   5% (6/116)[35m[lualine.nvim] [0m[36m   clone[0m[90m | [0mUpdating files:   3% (5/138)[35m[lualine.nvim] [0m[36m   clone[0m[90m | [0mUpdating files:   4% (6/138)[35m[mason-lspconfig.nvim] [0m[36mclone[0m[90m | [0mUpdating files:  25% (17/67)[35m[mason-lspconfig.nvim] [0m[36mclone[0m[90m | [0mUpdating files:  26% (18/67)[35m[nui.nvim] [0m[36m       clone[0m[90m | [0mUpdating files:  15% (9/58)[35m[nui.nvim] [0m[36m       clone[0m[90m | [0mUpdating files:  17% (10/58)[35m[SchemaStore.nvim] [0m[36mclone[0m[90m | [0mUpdating files:  10% (2/19)[35m[SchemaStore.nvim] [0m[36mclone[0m[90m | [0mUpdating files:  15% (3/19)[35m[SchemaStore.nvim] [0m[36mclone[0m[90m | [0mUpdating files:  21% (4/19)[35m[nvim-treesitter-textobjects] [0m[36mclone[0m[90m | [0mUpdating files:   6% (7/116)[35m[nvim-treesitter-textobjects] [0m[36mclone[0m[90m | [0mUpdating files:   7% (9/116)[35m[persistence.nvim] [0m[36mclone[0m[90m | [0mUpdating files:  77% (17/22)[35m[persistence.nvim] [0m[36mclone[0m[90m | [0mUpdating files:  81% (18/22)[35m[lualine.nvim] [0m[36m   clone[0m[90m | [0mUpdating files:   5% (7/138)[35m[lualine.nvim] [0m[36m   clone[0m[90m | [0mUpdating files:   6% (9/138)[35m[lualine.nvim] [0m[36m   clone[0m[90m | [0mUpdating files:   7% (10/138)[35m[mini.icons] [0m[36m     clone[0m[90m | [0mUpdating files:  50% (2/4)[35m[SchemaStore.nvim] [0m[36mclone[0m[90m | [0mUpdating files:  26% (5/19)[35m[SchemaStore.nvim] [0m[36mclone[0m[90m | [0mUpdating files:  31% (6/19)[35m[SchemaStore.nvim] [0m[36mclone[0m[90m | [0mUpdating files:  36% (7/19)[35m[nvim-treesitter-textobjects] [0m[36mclone[0m[90m | [0mUpdating files:   8% (10/116)[35m[nvim-treesitter-textobjects] [0m[36mclone[0m[90m | [0mUpdating files:   9% (11/116)[35m[nui.nvim] [0m[36m       clone[0m[90m | [0mUpdating files:  18% (11/58)[35m[nui.nvim] [0m[36m       clone[0m[90m | [0mUpdating files:  20% (12/58)[35m[nui.nvim] [0m[36m       clone[0m[90m | [0mUpdating files:  22% (13/58)[35m[persistence.nvim] [0m[36mclone[0m[90m | [0mUpdating files:  86% (19/22)[35m[persistence.nvim] [0m[36mclone[0m[90m | [0mUpdating files:  90% (20/22)[35m[persistence.nvim] [0m[36mclone[0m[90m | [0mUpdating files:  95% (21/22)[35m[mason-lspconfig.nvim] [0m[36mclone[0m[90m | [0mUpdating files:  28% (19/67)[35m[mason-lspconfig.nvim] [0m[36mclone[0m[90m | [0mUpdating files:  29% (20/67)[35m[mason-lspconfig.nvim] [0m[36mclone[0m[90m | [0mUpdating files:  31% (21/67)[35m[mini.icons] [0m[36m     clone[0m[90m | [0mUpdating files:  75% (3/4)[35m[lualine.nvim] [0m[36m   clone[0m[90m | [0mUpdating files:   8% (12/138)[35m[lualine.nvim] [0m[36m   clone[0m[90m | [0mUpdating files:   9% (13/138)[35m[lualine.nvim] [0m[36m   clone[0m[90m | [0mUpdating files:  10% (14/138)[35m[SchemaStore.nvim] [0m[36mclone[0m[90m | [0mUpdating files:  42% (8/19)[35m[SchemaStore.nvim] [0m[36mclone[0m[90m | [0mUpdating files:  47% (9/19)[35m[nvim-treesitter-textobjects] [0m[36mclone[0m[90m | [0mUpdating files:  10% (12/116)[35m[nvim-treesitter-textobjects] [0m[36mclone[0m[90m | [0mUpdating files:  11% (13/116)[35m[nvim-treesitter-textobjects] [0m[36mclone[0m[90m | [0mUpdating files:  12% (14/116)[35m[nui.nvim] [0m[36m       clone[0m[90m | [0mUpdating files:  24% (14/58)[35m[nui.nvim] [0m[36m       clone[0m[90m | [0mUpdating files:  25% (15/58)[35m[nui.nvim] [0m[36m       clone[0m[90m | [0mUpdating files:  27% (16/58)[35m[persistence.nvim] [0m[36mclone[0m[90m | [0mUpdating files: 100% (22/22)[35m[persistence.nvim] [0m[36mclone[0m[90m | [0mUpdating files: 100% (22/22), done.
[35m[mason-lspconfig.nvim] [0m[36mclone[0m[90m | [0mUpdating files:  32% (22/67)[35m[mason-lspconfig.nvim] [0m[36mclone[0m[90m | [0mUpdating files:  34% (23/67)[35m[mini.icons] [0m[36m     clone[0m[90m | [0mUpdating files: 100% (4/4)[35m[mini.icons] [0m[36m     clone[0m[90m | [0mUpdating files: 100% (4/4), done.
[35m[nui.nvim] [0m[36m       clone[0m[90m | [0mUpdating files:  29% (17/58)[35m[nui.nvim] [0m[36m       clone[0m[90m | [0mUpdating files:  31% (18/58)[35m[lualine.nvim] [0m[36m   clone[0m[90m | [0mUpdating files:  11% (16/138)[35m[mason-lspconfig.nvim] [0m[36mclone[0m[90m | [0mUpdating files:  35% (24/67)[35m[mason-lspconfig.nvim] [0m[36mclone[0m[90m | [0mUpdating files:  37% (25/67)[35m[nvim-treesitter-textobjects] [0m[36mclone[0m[90m | [0mUpdating files:  13% (16/116)[35m[nvim-treesitter-textobjects] [0m[36mclone[0m[90m | [0mUpdating files:  14% (17/116)[35m[SchemaStore.nvim] [0m[36mclone[0m[90m | [0mUpdating files:  52% (10/19)[35m[SchemaStore.nvim] [0m[36mclone[0m[90m | [0mUpdating files:  57% (11/19)[35m[SchemaStore.nvim] [0m[36mclone[0m[90m | [0mUpdating files:  63% (12/19)[35m[nui.nvim] [0m[36m       clone[0m[90m | [0mUpdating files:  32% (19/58)[35m[nui.nvim] [0m[36m       clone[0m[90m | [0mUpdating files:  34% (20/58)[35m[lualine.nvim] [0m[36m   clone[0m[90m | [0mUpdating files:  12% (17/138)[35m[lualine.nvim] [0m[36m   clone[0m[90m | [0mUpdating files:  13% (18/138)[35m[lualine.nvim] [0m[36m   clone[0m[90m | [0mUpdating files:  14% (20/138)[35m[mason-lspconfig.nvim] [0m[36mclone[0m[90m | [0mUpdating files:  38% (26/67)[35m[mason-lspconfig.nvim] [0m[36mclone[0m[90m | [0mUpdating files:  40% (27/67)[35m[mason-lspconfig.nvim] [0m[36mclone[0m[90m | [0mUpdating files:  41% (28/67)[35m[mason-lspconfig.nvim] [0m[36mclone[0m[90m | [0mUpdating files:  43% (29/67)[35m[nvim-treesitter-textobjects] [0m[36mclone[0m[90m | [0mUpdating files:  15% (18/116)[35m[nvim-treesitter-textobjects] [0m[36mclone[0m[90m | [0mUpdating files:  16% (19/116)[35m[nvim-treesitter-textobjects] [0m[36mclone[0m[90m | [0mUpdating files:  17% (20/116)[35m[nvim-treesitter-textobjects] [0m[36mclone[0m[90m | [0mUpdating files:  18% (21/116)[35m[SchemaStore.nvim] [0m[36mclone[0m[90m | [0mUpdating files:  68% (13/19)[35m[SchemaStore.nvim] [0m[36mclone[0m[90m | [0mUpdating files:  73% (14/19)[35m[SchemaStore.nvim] [0m[36mclone[0m[90m | [0mUpdating files:  78% (15/19)[35m[SchemaStore.nvim] [0m[36mclone[0m[90m | [0mUpdating files:  84% (16/19)[35m[nui.nvim] [0m[36m       clone[0m[90m | [0mUpdating files:  36% (21/58)[35m[nui.nvim] [0m[36m       clone[0m[90m | [0mUpdating files:  37% (22/58)[35m[nui.nvim] [0m[36m       clone[0m[90m | [0mUpdating files:  39% (23/58)[35m[nui.nvim] [0m[36m       clone[0m[90m | [0mUpdating files:  41% (24/58)[35m[lualine.nvim] [0m[36m   clone[0m[90m | [0mUpdating files:  15% (21/138)[35m[mason-lspconfig.nvim] [0m[36mclone[0m[90m | [0mUpdating files:  44% (30/67)[35m[mason-lspconfig.nvim] [0m[36mclone[0m[90m | [0mUpdating files:  46% (31/67)[35m[mason-lspconfig.nvim] [0m[36mclone[0m[90m | [0mUpdating files:  47% (32/67)[35m[mason-lspconfig.nvim] [0m[36mclone[0m[90m | [0mUpdating files:  49% (33/67)[35m[SchemaStore.nvim] [0m[36mclone[0m[90m | [0mUpdating files:  89% (17/19)[35m[SchemaStore.nvim] [0m[36mclone[0m[90m | [0mUpdating files:  94% (18/19)[35m[SchemaStore.nvim] [0m[36mclone[0m[90m | [0mUpdating files: 100% (19/19)[35m[SchemaStore.nvim] [0m[36mclone[0m[90m | [0mUpdating files: 100% (19/19), done.
[35m[nvim-treesitter-textobjects] [0m[36mclone[0m[90m | [0mUpdating files:  19% (23/116)[35m[nvim-treesitter-textobjects] [0m[36mclone[0m[90m | [0mUpdating files:  20% (24/116)[35m[nvim-treesitter-textobjects] [0m[36mclone[0m[90m | [0mUpdating files:  21% (25/116)[35m[nui.nvim] [0m[36m       clone[0m[90m | [0mUpdating files:  43% (25/58)[35m[nui.nvim] [0m[36m       clone[0m[90m | [0mUpdating files:  44% (26/58)[35m[nui.nvim] [0m[36m       clone[0m[90m | [0mUpdating files:  46% (27/58)[35m[nui.nvim] [0m[36m       clone[0m[90m | [0mUpdating files:  48% (28/58)[35m[lualine.nvim] [0m[36m   clone[0m[90m | [0mUpdating files:  16% (23/138)[35m[lualine.nvim] [0m[36m   clone[0m[90m | [0mUpdating files:  17% (24/138)[35m[lualine.nvim] [0m[36m   clone[0m[90m | [0mUpdating files:  18% (25/138)[35m[mason-lspconfig.nvim] [0m[36mclone[0m[90m | [0mUpdating files:  50% (34/67)[35m[mason-lspconfig.nvim] [0m[36mclone[0m[90m | [0mUpdating files:  52% (35/67)[35m[mason-lspconfig.nvim] [0m[36mclone[0m[90m | [0mUpdating files:  53% (36/67)[35m[mason-lspconfig.nvim] [0m[36mclone[0m[90m | [0mUpdating files:  55% (37/67)[35m[mason-lspconfig.nvim] [0m[36mclone[0m[90m | [0mUpdating files:  56% (38/67)[35m[nvim-treesitter-textobjects] [0m[36mclone[0m[90m | [0mUpdating files:  22% (26/116)[35m[nui.nvim] [0m[36m       clone[0m[90m | [0mUpdating files:  50% (29/58)[35m[mason-lspconfig.nvim] [0m[36mclone[0m[90m | [0mUpdating files:  58% (39/67)[35m[mason-lspconfig.nvim] [0m[36mclone[0m[90m | [0mUpdating files:  59% (40/67)[35m[lualine.nvim] [0m[36m   clone[0m[90m | [0mUpdating files:  19% (27/138)[35m[lualine.nvim] [0m[36m   clone[0m[90m | [0mUpdating files:  20% (28/138)[35m[nvim-treesitter-textobjects] [0m[36mclone[0m[90m | [0mUpdating files:  23% (27/116)[35m[nvim-treesitter-textobjects] [0m[36mclone[0m[90m | [0mUpdating files:  24% (28/116)[35m[nui.nvim] [0m[36m       clone[0m[90m | [0mUpdating files:  51% (30/58)[35m[nui.nvim] [0m[36m       clone[0m[90m | [0mUpdating files:  53% (31/58)[35m[nui.nvim] [0m[36m       clone[0m[90m | [0mUpdating files:  55% (32/58)[35m[mason-lspconfig.nvim] [0m[36mclone[0m[90m | [0mUpdating files:  61% (41/67)[35m[mason-lspconfig.nvim] [0m[36mclone[0m[90m | [0mUpdating files:  62% (42/67)[35m[mason-lspconfig.nvim] [0m[36mclone[0m[90m | [0mUpdating files:  64% (43/67)[35m[mason-lspconfig.nvim] [0m[36mclone[0m[90m | [0mUpdating files:  65% (44/67)[35m[mason-lspconfig.nvim] [0m[36mclone[0m[90m | [0mUpdating files:  67% (45/67)[35m[lualine.nvim] [0m[36m   clone[0m[90m | [0mUpdating files:  21% (29/138)[35m[lualine.nvim] [0m[36m   clone[0m[90m | [0mUpdating files:  22% (31/138)[35m[lualine.nvim] [0m[36m   clone[0m[90m | [0mUpdating files:  23% (32/138)[35m[nvim-treesitter-textobjects] [0m[36mclone[0m[90m | [0mUpdating files:  25% (29/116)[35m[nvim-treesitter-textobjects] [0m[36mclone[0m[90m | [0mUpdating files:  26% (31/116)[35m[nui.nvim] [0m[36m       clone[0m[90m | [0mUpdating files:  56% (33/58)[35m[nui.nvim] [0m[36m       clone[0m[90m | [0mUpdating files:  58% (34/58)[35m[nui.nvim] [0m[36m       clone[0m[90m | [0mUpdating files:  60% (35/58)[35m[nui.nvim] [0m[36m       clone[0m[90m | [0mUpdating files:  62% (36/58)[35m[mason-lspconfig.nvim] [0m[36mclone[0m[90m | [0mUpdating files:  68% (46/67)[35m[mason-lspconfig.nvim] [0m[36mclone[0m[90m | [0mUpdating files:  70% (47/67)[35m[lualine.nvim] [0m[36m   clone[0m[90m | [0mUpdating files:  24% (34/138)[35m[lualine.nvim] [0m[36m   clone[0m[90m | [0mUpdating files:  25% (35/138)[35m[nvim-treesitter-textobjects] [0m[36mclone[0m[90m | [0mUpdating files:  27% (32/116)[35m[nvim-treesitter-textobjects] [0m[36mclone[0m[90m | [0mUpdating files:  28% (33/116)[35m[nui.nvim] [0m[36m       clone[0m[90m | [0mUpdating files:  63% (37/58)[35m[nui.nvim] [0m[36m       clone[0m[90m | [0mUpdating files:  65% (38/58)[35m[lualine.nvim] [0m[36m   clone[0m[90m | [0mUpdating files:  26% (36/138)[35m[mason-lspconfig.nvim] [0m[36mclone[0m[90m | [0mUpdating files:  71% (48/67)[35m[mason-lspconfig.nvim] [0m[36mclone[0m[90m | [0mUpdating files:  73% (49/67)[35m[nvim-treesitter-textobjects] [0m[36mclone[0m[90m | [0mUpdating files:  29% (34/116)[35m[nui.nvim] [0m[36m       clone[0m[90m | [0mUpdating files:  67% (39/58)[35m[nui.nvim] [0m[36m       clone[0m[90m | [0mUpdating files:  68% (40/58)[35m[lualine.nvim] [0m[36m   clone[0m[90m | [0mUpdating files:  27% (38/138)[35m[lualine.nvim] [0m[36m   clone[0m[90m | [0mUpdating files:  28% (39/138)[35m[mason-lspconfig.nvim] [0m[36mclone[0m[90m | [0mUpdating files:  74% (50/67)[35m[mason-lspconfig.nvim] [0m[36mclone[0m[90m | [0mUpdating files:  76% (51/67)[35m[nvim-treesitter-textobjects] [0m[36mclone[0m[90m | [0mUpdating files:  30% (35/116)[35m[nvim-treesitter-textobjects] [0m[36mclone[0m[90m | [0mUpdating files:  31% (36/116)[35m[nui.nvim] [0m[36m       clone[0m[90m | [0mUpdating files:  70% (41/58)[35m[lualine.nvim] [0m[36m   clone[0m[90m | [0mUpdating files:  29% (41/138)[35m[nui.nvim] [0m[36m       clone[0m[90m | [0mUpdating files:  72% (42/58)[35m[nui.nvim] [0m[36m       clone[0m[90m | [0mUpdating files:  74% (43/58)[35m[lualine.nvim] [0m[36m   clone[0m[90m | [0mUpdating files:  30% (42/138)[35m[lualine.nvim] [0m[36m   clone[0m[90m | [0mUpdating files:  31% (43/138)[35m[nui.nvim] [0m[36m       clone[0m[90m | [0mUpdating files:  75% (44/58)[35m[mason-lspconfig.nvim] [0m[36mclone[0m[90m | [0mUpdating files:  77% (52/67)[35m[mason-lspconfig.nvim] [0m[36mclone[0m[90m | [0mUpdating files:  79% (53/67)[35m[nvim-treesitter-textobjects] [0m[36mclone[0m[90m | [0mUpdating files:  32% (38/116)[35m[mason-lspconfig.nvim] [0m[36mclone[0m[90m | [0mUpdating files:  80% (54/67)[35m[lualine.nvim] [0m[36m   clone[0m[90m | [0mUpdating files:  32% (45/138)[35m[nui.nvim] [0m[36m       clone[0m[90m | [0mUpdating files:  77% (45/58)[35m[nui.nvim] [0m[36m       clone[0m[90m | [0mUpdating files:  79% (46/58)[35m[nvim-treesitter-textobjects] [0m[36mclone[0m[90m | [0mUpdating files:  33% (39/116)[35m[nvim-treesitter-textobjects] [0m[36mclone[0m[90m | [0mUpdating files:  34% (40/116)[35m[mason-lspconfig.nvim] [0m[36mclone[0m[90m | [0mUpdating files:  82% (55/67)[35m[mason-lspconfig.nvim] [0m[36mclone[0m[90m | [0mUpdating files:  83% (56/67)[35m[lualine.nvim] [0m[36m   clone[0m[90m | [0mUpdating files:  33% (46/138)[35m[lualine.nvim] [0m[36m   clone[0m[90m | [0mUpdating files:  34% (47/138)[35m[nvim-treesitter-textobjects] [0m[36mclone[0m[90m | [0mUpdating files:  35% (41/116)[35m[nui.nvim] [0m[36m       clone[0m[90m | [0mUpdating files:  81% (47/58)[35m[nvim-treesitter-textobjects] [0m[36mclone[0m[90m | [0mUpdating files:  36% (42/116)[35m[mason-lspconfig.nvim] [0m[36mclone[0m[90m | [0mUpdating files:  85% (57/67)[35m[lualine.nvim] [0m[36m   clone[0m[90m | [0mUpdating files:  35% (49/138)[35m[nui.nvim] [0m[36m       clone[0m[90m | [0mUpdating files:  82% (48/58)[35m[nui.nvim] [0m[36m       clone[0m[90m | [0mUpdating files:  84% (49/58)[35m[nvim-treesitter-textobjects] [0m[36mclone[0m[90m | [0mUpdating files:  37% (43/116)[35m[mason-lspconfig.nvim] [0m[36mclone[0m[90m | [0mUpdating files:  86% (58/67)[35m[mason-lspconfig.nvim] [0m[36mclone[0m[90m | [0mUpdating files:  88% (59/67)[35m[mason-lspconfig.nvim] [0m[36mclone[0m[90m | [0mUpdating files:  89% (60/67)[35m[lualine.nvim] [0m[36m   clone[0m[90m | [0mUpdating files:  36% (50/138)[35m[lualine.nvim] [0m[36m   clone[0m[90m | [0mUpdating files:  37% (52/138)[35m[nui.nvim] [0m[36m       clone[0m[90m | [0mUpdating files:  86% (50/58)[35m[nui.nvim] [0m[36m       clone[0m[90m | [0mUpdating files:  87% (51/58)[35m[mason-lspconfig.nvim] [0m[36mclone[0m[90m | [0mUpdating files:  91% (61/67)[35m[mason-lspconfig.nvim] [0m[36mclone[0m[90m | [0mUpdating files:  92% (62/67)[35m[nvim-treesitter-textobjects] [0m[36mclone[0m[90m | [0mUpdating files:  38% (45/116)[35m[nvim-treesitter-textobjects] [0m[36mclone[0m[90m | [0mUpdating files:  39% (46/116)[35m[lualine.nvim] [0m[36m   clone[0m[90m | [0mUpdating files:  38% (53/138)[35m[lualine.nvim] [0m[36m   clone[0m[90m | [0mUpdating files:  39% (54/138)[35m[nui.nvim] [0m[36m       clone[0m[90m | [0mUpdating files:  89% (52/58)[35m[nui.nvim] [0m[36m       clone[0m[90m | [0mUpdating files:  91% (53/58)[35m[mason-lspconfig.nvim] [0m[36mclone[0m[90m | [0mUpdating files:  94% (63/67)[35m[mason-lspconfig.nvim] [0m[36mclone[0m[90m | [0mUpdating files:  95% (64/67)[35m[mason-lspconfig.nvim] [0m[36mclone[0m[90m | [0mUpdating files:  97% (65/67)[35m[nvim-treesitter-textobjects] [0m[36mclone[0m[90m | [0mUpdating files:  40% (47/116)[35m[nvim-treesitter-textobjects] [0m[36mclone[0m[90m | [0mUpdating files:  41% (48/116)[35m[lualine.nvim] [0m[36m   clone[0m[90m | [0mUpdating files:  40% (56/138)[35m[lualine.nvim] [0m[36m   clone[0m[90m | [0mUpdating files:  41% (57/138)[35m[lualine.nvim] [0m[36m   clone[0m[90m | [0mUpdating files:  42% (58/138)[35m[nui.nvim] [0m[36m       clone[0m[90m | [0mUpdating files:  93% (54/58)[35m[nui.nvim] [0m[36m       clone[0m[90m | [0mUpdating files:  94% (55/58)[35m[mason-lspconfig.nvim] [0m[36mclone[0m[90m | [0mUpdating files:  98% (66/67)[35m[mason-lspconfig.nvim] [0m[36mclone[0m[90m | [0mUpdating files: 100% (67/67)[35m[mason-lspconfig.nvim] [0m[36mclone[0m[90m | [0mUpdating files: 100% (67/67), done.
[35m[nvim-treesitter-textobjects] [0m[36mclone[0m[90m | [0mUpdating files:  42% (49/116)[35m[nvim-treesitter-textobjects] [0m[36mclone[0m[90m | [0mUpdating files:  43% (50/116)[35m[nui.nvim] [0m[36m       clone[0m[90m | [0mUpdating files:  96% (56/58)[35m[lualine.nvim] [0m[36m   clone[0m[90m | [0mUpdating files:  43% (60/138)[35m[lualine.nvim] [0m[36m   clone[0m[90m | [0mUpdating files:  44% (61/138)[35m[nui.nvim] [0m[36m       clone[0m[90m | [0mUpdating files:  98% (57/58)[35m[lualine.nvim] [0m[36m   clone[0m[90m | [0mUpdating files:  45% (63/138)[35m[nvim-treesitter-textobjects] [0m[36mclone[0m[90m | [0mUpdating files:  44% (52/116)[35m[nui.nvim] [0m[36m       clone[0m[90m | [0mUpdating files: 100% (58/58)[35m[nui.nvim] [0m[36m       clone[0m[90m | [0mUpdating files: 100% (58/58), done.
[35m[lualine.nvim] [0m[36m   clone[0m[90m | [0mUpdating files:  46% (64/138)[35m[nvim-treesitter-textobjects] [0m[36mclone[0m[90m | [0mUpdating files:  45% (53/116)[35m[lualine.nvim] [0m[36m   clone[0m[90m | [0mUpdating files:  47% (65/138)[35m[nvim-treesitter-textobjects] [0m[36mclone[0m[90m | [0mUpdating files:  46% (54/116)[35m[lualine.nvim] [0m[36m   clone[0m[90m | [0mUpdating files:  48% (67/138)[35m[nvim-treesitter-textobjects] [0m[36mclone[0m[90m | [0mUpdating files:  47% (55/116)[35m[lualine.nvim] [0m[36m   clone[0m[90m | [0mUpdating files:  49% (68/138)[35m[lualine.nvim] [0m[36m   clone[0m[90m | [0mUpdating files:  50% (69/138)[35m[nvim-treesitter-textobjects] [0m[36mclone[0m[90m | [0mUpdating files:  48% (56/116)[35m[lualine.nvim] [0m[36m   clone[0m[90m | [0mUpdating files:  51% (71/138)[35m[nvim-treesitter-textobjects] [0m[36mclone[0m[90m | [0mUpdating files:  49% (57/116)[35m[lualine.nvim] [0m[36m   clone[0m[90m | [0mUpdating files:  52% (72/138)[35m[nvim-treesitter-textobjects] [0m[36mclone[0m[90m | [0mUpdating files:  50% (58/116)[35m[lualine.nvim] [0m[36m   clone[0m[90m | [0mUpdating files:  53% (74/138)[35m[lualine.nvim] [0m[36m   clone[0m[90m | [0mUpdating files:  54% (75/138)[35m[nvim-treesitter-textobjects] [0m[36mclone[0m[90m | [0mUpdating files:  51% (60/116)[35m[lualine.nvim] [0m[36m   clone[0m[90m | [0mUpdating files:  55% (76/138)[35m[nvim-treesitter-textobjects] [0m[36mclone[0m[90m | [0mUpdating files:  52% (61/116)[35m[lualine.nvim] [0m[36m   clone[0m[90m | [0mUpdating files:  56% (78/138)[35m[nvim-treesitter-textobjects] [0m[36mclone[0m[90m | [0mUpdating files:  53% (62/116)[35m[lualine.nvim] [0m[36m   clone[0m[90m | [0mUpdating files:  57% (79/138)[35m[nvim-treesitter-textobjects] [0m[36mclone[0m[90m | [0mUpdating files:  54% (63/116)[35m[lualine.nvim] [0m[36m   clone[0m[90m | [0mUpdating files:  58% (81/138)[35m[nvim-treesitter-textobjects] [0m[36mclone[0m[90m | [0mUpdating files:  55% (64/116)[35m[lualine.nvim] [0m[36m   clone[0m[90m | [0mUpdating files:  59% (82/138)[35m[nvim-treesitter-textobjects] [0m[36mclone[0m[90m | [0mUpdating files:  56% (65/116)[35m[lualine.nvim] [0m[36m   clone[0m[90m | [0mUpdating files:  60% (83/138)[35m[lualine.nvim] [0m[36m   clone[0m[90m | [0mUpdating files:  61% (85/138)[35m[lualine.nvim] [0m[36m   clone[0m[90m | [0mUpdating files:  62% (86/138)[35m[nvim-treesitter-textobjects] [0m[36mclone[0m[90m | [0mUpdating files:  57% (67/116)[35m[lualine.nvim] [0m[36m   clone[0m[90m | [0mUpdating files:  63% (87/138)[35m[nvim-treesitter-textobjects] [0m[36mclone[0m[90m | [0mUpdating files:  58% (68/116)[35m[lualine.nvim] [0m[36m   clone[0m[90m | [0mUpdating files:  64% (89/138)[35m[nvim-treesitter-textobjects] [0m[36mclone[0m[90m | [0mUpdating files:  59% (69/116)[35m[lualine.nvim] [0m[36m   clone[0m[90m | [0mUpdating files:  65% (90/138)[35m[nvim-treesitter-textobjects] [0m[36mclone[0m[90m | [0mUpdating files:  60% (70/116)[35m[lualine.nvim] [0m[36m   clone[0m[90m | [0mUpdating files:  66% (92/138)[35m[lualine.nvim] [0m[36m   clone[0m[90m | [0mUpdating files:  67% (93/138)[35m[nvim-treesitter-textobjects] [0m[36mclone[0m[90m | [0mUpdating files:  61% (71/116)[35m[lualine.nvim] [0m[36m   clone[0m[90m | [0mUpdating files:  68% (94/138)[35m[nvim-treesitter-textobjects] [0m[36mclone[0m[90m | [0mUpdating files:  62% (72/116)[35m[lualine.nvim] [0m[36m   clone[0m[90m | [0mUpdating files:  69% (96/138)[35m[lualine.nvim] [0m[36m   clone[0m[90m | [0mUpdating files:  70% (97/138)[35m[lualine.nvim] [0m[36m   clone[0m[90m | [0mUpdating files:  71% (98/138)[35m[nvim-treesitter-textobjects] [0m[36mclone[0m[90m | [0mUpdating files:  63% (74/116)[35m[nvim-treesitter-textobjects] [0m[36mclone[0m[90m | [0mUpdating files:  64% (75/116)[35m[lualine.nvim] [0m[36m   clone[0m[90m | [0mUpdating files:  72% (100/138)[35m[nvim-treesitter-textobjects] [0m[36mclone[0m[90m | [0mUpdating files:  65% (76/116)[35m[lualine.nvim] [0m[36m   clone[0m[90m | [0mUpdating files:  73% (101/138)[35m[nvim-treesitter-textobjects] [0m[36mclone[0m[90m | [0mUpdating files:  66% (77/116)[35m[lualine.nvim] [0m[36m   clone[0m[90m | [0mUpdating files:  74% (103/138)[35m[lualine.nvim] [0m[36m   clone[0m[90m | [0mUpdating files:  75% (104/138)[35m[nvim-treesitter-textobjects] [0m[36mclone[0m[90m | [0mUpdating files:  67% (78/116)[35m[lualine.nvim] [0m[36m   clone[0m[90m | [0mUpdating files:  76% (105/138)[35m[nvim-treesitter-textobjects] [0m[36mclone[0m[90m | [0mUpdating files:  68% (79/116)[35m[lualine.nvim] [0m[36m   clone[0m[90m | [0mUpdating files:  77% (107/138)[35m[lualine.nvim] [0m[36m   clone[0m[90m | [0mUpdating files:  78% (108/138)[35m[nvim-treesitter-textobjects] [0m[36mclone[0m[90m | [0mUpdating files:  69% (81/116)[35m[lualine.nvim] [0m[36m   clone[0m[90m | [0mUpdating files:  79% (110/138)[35m[lualine.nvim] [0m[36m   clone[0m[90m | [0mUpdating files:  80% (111/138)[35m[nvim-treesitter-textobjects] [0m[36mclone[0m[90m | [0mUpdating files:  70% (82/116)[35m[nvim-treesitter-textobjects] [0m[36mclone[0m[90m | [0mUpdating files:  71% (83/116)[35m[lualine.nvim] [0m[36m   clone[0m[90m | [0mUpdating files:  81% (112/138)[35m[lualine.nvim] [0m[36m   clone[0m[90m | [0mUpdating files:  82% (114/138)[35m[nvim-treesitter-textobjects] [0m[36mclone[0m[90m | [0mUpdating files:  72% (84/116)[35m[lualine.nvim] [0m[36m   clone[0m[90m | [0mUpdating files:  83% (115/138)[35m[lualine.nvim] [0m[36m   clone[0m[90m | [0mUpdating files:  84% (116/138)[35m[nvim-treesitter-textobjects] [0m[36mclone[0m[90m | [0mUpdating files:  73% (85/116)[35m[nvim-treesitter-textobjects] [0m[36mclone[0m[90m | [0mUpdating files:  74% (86/116)[35m[lualine.nvim] [0m[36m   clone[0m[90m | [0mUpdating files:  85% (118/138)[35m[lualine.nvim] [0m[36m   clone[0m[90m | [0mUpdating files:  86% (119/138)[35m[nvim-treesitter-textobjects] [0m[36mclone[0m[90m | [0mUpdating files:  75% (87/116)[35m[lualine.nvim] [0m[36m   clone[0m[90m | [0mUpdating files:  87% (121/138)[35m[lualine.nvim] [0m[36m   clone[0m[90m | [0mUpdating files:  88% (122/138)[35m[nvim-treesitter-textobjects] [0m[36mclone[0m[90m | [0mUpdating files:  76% (89/116)[35m[lualine.nvim] [0m[36m   clone[0m[90m | [0mUpdating files:  89% (123/138)[35m[nvim-treesitter-textobjects] [0m[36mclone[0m[90m | [0mUpdating files:  77% (90/116)[35m[lualine.nvim] [0m[36m   clone[0m[90m | [0mUpdating files:  90% (125/138)[35m[nvim-treesitter-textobjects] [0m[36mclone[0m[90m | [0mUpdating files:  78% (91/116)[35m[lualine.nvim] [0m[36m   clone[0m[90m | [0mUpdating files:  91% (126/138)[35m[lualine.nvim] [0m[36m   clone[0m[90m | [0mUpdating files:  92% (127/138)[35m[nvim-treesitter-textobjects] [0m[36mclone[0m[90m | [0mUpdating files:  79% (92/116)[35m[nvim-treesitter-textobjects] [0m[36mclone[0m[90m | [0mUpdating files:  80% (93/116)[35m[lualine.nvim] [0m[36m   clone[0m[90m | [0mUpdating files:  93% (129/138)[35m[nvim-treesitter-textobjects] [0m[36mclone[0m[90m | [0mUpdating files:  81% (94/116)[35m[lualine.nvim] [0m[36m   clone[0m[90m | [0mUpdating files:  94% (130/138)[35m[lualine.nvim] [0m[36m   clone[0m[90m | [0mUpdating files:  95% (132/138)[35m[nvim-treesitter-textobjects] [0m[36mclone[0m[90m | [0mUpdating files:  82% (96/116)[35m[lualine.nvim] [0m[36m   clone[0m[90m | [0mUpdating files:  96% (133/138)[35m[nvim-treesitter-textobjects] [0m[36mclone[0m[90m | [0mUpdating files:  83% (97/116)[35m[lualine.nvim] [0m[36m   clone[0m[90m | [0mUpdating files:  97% (134/138)[35m[nvim-treesitter-textobjects] [0m[36mclone[0m[90m | [0mUpdating files:  84% (98/116)[35m[nvim-treesitter-textobjects] [0m[36mclone[0m[90m | [0mUpdating files:  85% (99/116)[35m[lualine.nvim] [0m[36m   clone[0m[90m | [0mUpdating files:  98% (136/138)[35m[nvim-treesitter-textobjects] [0m[36mclone[0m[90m | [0mUpdating files:  86% (100/116)[35m[lualine.nvim] [0m[36m   clone[0m[90m | [0mUpdating files:  99% (137/138)[35m[lualine.nvim] [0m[36m   clone[0m[90m | [0mUpdating files: 100% (138/138)[35m[nvim-treesitter-textobjects] [0m[36mclone[0m[90m | [0mUpdating files:  87% (101/116)[35m[lualine.nvim] [0m[36m   clone[0m[90m | [0mUpdating files: 100% (138/138), done.
[35m[nvim-treesitter-textobjects] [0m[36mclone[0m[90m | [0mUpdating files:  88% (103/116)[35m[nvim-treesitter-textobjects] [0m[36mclone[0m[90m | [0mUpdating files:  89% (104/116)[35m[nvim-treesitter-textobjects] [0m[36mclone[0m[90m | [0mUpdating files:  90% (105/116)[35m[nvim-treesitter-textobjects] [0m[36mclone[0m[90m | [0mUpdating files:  91% (106/116)[35m[nvim-treesitter-textobjects] [0m[36mclone[0m[90m | [0mUpdating files:  92% (107/116)[35m[nvim-treesitter-textobjects] [0m[36mclone[0m[90m | [0mUpdating files:  93% (108/116)[35m[nvim-treesitter-textobjects] [0m[36mclone[0m[90m | [0mUpdating files:  94% (110/116)[35m[nvim-treesitter-textobjects] [0m[36mclone[0m[90m | [0mUpdating files:  95% (111/116)[35m[nvim-treesitter-textobjects] [0m[36mclone[0m[90m | [0mUpdating files:  96% (112/116)[35m[nvim-treesitter-textobjects] [0m[36mclone[0m[90m | [0mUpdating files:  97% (113/116)[35m[nvim-treesitter-textobjects] [0m[36mclone[0m[90m | [0mUpdating files:  98% (114/116)[35m[nvim-treesitter-textobjects] [0m[36mclone[0m[90m | [0mUpdating files:  99% (115/116)[35m[nvim-treesitter-textobjects] [0m[36mclone[0m[90m | [0mUpdating files: 100% (116/116)[35m[nvim-treesitter-textobjects] [0m[36mclone[0m[90m | [0mUpdating files: 100% (116/116), done.
[35m[nvim-lint] [0m[36m      clone[0m[90m | [0mUpdating files:   0% (2/265)[35m[nvim-lint] [0m[36m      clone[0m[90m | [0mUpdating files:   1% (3/265)[35m[nvim-lint] [0m[36m      clone[0m[90m | [0mUpdating files:   2% (6/265)[35m[nvim-lint] [0m[36m      clone[0m[90m | [0mUpdating files:   3% (8/265)[35m[nvim-lint] [0m[36m      clone[0m[90m | [0mUpdating files:   4% (11/265)[35m[nvim-lint] [0m[36m      clone[0m[90m | [0mUpdating files:   5% (14/265)[35m[nvim-lint] [0m[36m      clone[0m[90m | [0mUpdating files:   6% (16/265)[35m[nvim-lint] [0m[36m      clone[0m[90m | [0mUpdating files:   7% (19/265)[35m[nvim-lint] [0m[36m      clone[0m[90m | [0mUpdating files:   8% (22/265)[35m[nvim-lint] [0m[36m      clone[0m[90m | [0mUpdating files:   9% (24/265)[35m[nvim-lint] [0m[36m      clone[0m[90m | [0mUpdating files:  10% (27/265)[35m[nvim-lint] [0m[36m      clone[0m[90m | [0mUpdating files:  11% (30/265)[35m[nvim-lint] [0m[36m      clone[0m[90m | [0mUpdating files:  12% (32/265)[35m[nvim-lint] [0m[36m      clone[0m[90m | [0mUpdating files:  13% (35/265)[35m[nvim-lint] [0m[36m      clone[0m[90m | [0mUpdating files:  14% (38/265)[35m[nvim-lint] [0m[36m      clone[0m[90m | [0mUpdating files:  15% (40/265)[35m[nvim-lint] [0m[36m      clone[0m[90m | [0mUpdating files:  16% (43/265)[35m[nvim-lint] [0m[36m      clone[0m[90m | [0mUpdating files:  17% (46/265)[35m[nvim-lint] [0m[36m      clone[0m[90m | [0mUpdating files:  18% (48/265)[35m[nvim-lint] [0m[36m      clone[0m[90m | [0mUpdating files:  19% (51/265)[35m[nvim-lint] [0m[36m      clone[0m[90m | [0mUpdating files:  20% (53/265)[35m[nvim-lint] [0m[36m      clone[0m[90m | [0mUpdating files:  21% (56/265)[35m[nvim-lint] [0m[36m      clone[0m[90m | [0mUpdating files:  22% (59/265)[35m[nvim-lint] [0m[36m      clone[0m[90m | [0mUpdating files:  23% (61/265)[35m[nvim-lint] [0m[36m      clone[0m[90m | [0mUpdating files:  24% (64/265)[35m[nvim-lint] [0m[36m      clone[0m[90m | [0mUpdating files:  25% (67/265)[35m[nvim-lint] [0m[36m      clone[0m[90m | [0mUpdating files:  26% (69/265)[35m[nvim-lint] [0m[36m      clone[0m[90m | [0mUpdating files:  27% (72/265)[35m[nvim-lint] [0m[36m      clone[0m[90m | [0mUpdating files:  28% (75/265)[35m[nvim-lint] [0m[36m      clone[0m[90m | [0mUpdating files:  29% (77/265)[35m[nvim-lint] [0m[36m      clone[0m[90m | [0mUpdating files:  30% (80/265)[35m[nvim-lint] [0m[36m      clone[0m[90m | [0mUpdating files:  31% (83/265)[35m[nvim-lint] [0m[36m      clone[0m[90m | [0mUpdating files:  32% (85/265)[35m[nvim-lint] [0m[36m      clone[0m[90m | [0mUpdating files:  33% (88/265)[35m[nvim-lint] [0m[36m      clone[0m[90m | [0mUpdating files:  34% (91/265)[35m[nvim-lint] [0m[36m      clone[0m[90m | [0mUpdating files:  35% (93/265)[35m[nvim-lint] [0m[36m      clone[0m[90m | [0mUpdating files:  36% (96/265)[35m[nvim-lint] [0m[36m      clone[0m[90m | [0mUpdating files:  37% (99/265)[35m[nvim-lint] [0m[36m      clone[0m[90m | [0mUpdating files:  38% (101/265)[35m[nvim-lint] [0m[36m      clone[0m[90m | [0mUpdating files:  39% (104/265)[35m[nvim-lint] [0m[36m      clone[0m[90m | [0mUpdating files:  40% (106/265)[35m[nvim-lint] [0m[36m      clone[0m[90m | [0mUpdating files:  41% (109/265)[35m[nvim-lint] [0m[36m      clone[0m[90m | [0mUpdating files:  42% (112/265)[35m[nvim-lint] [0m[36m      clone[0m[90m | [0mUpdating files:  43% (114/265)[35m[nvim-lint] [0m[36m      clone[0m[90m | [0mUpdating files:  44% (117/265)[35m[nvim-lint] [0m[36m      clone[0m[90m | [0mUpdating files:  45% (120/265)[35m[nvim-lint] [0m[36m      clone[0m[90m | [0mUpdating files:  46% (122/265)[35m[nvim-lint] [0m[36m      clone[0m[90m | [0mUpdating files:  47% (125/265)[35m[nvim-lint] [0m[36m      clone[0m[90m | [0mUpdating files:  48% (128/265)[35m[nvim-lint] [0m[36m      clone[0m[90m | [0mUpdating files:  49% (130/265)[35m[nvim-lint] [0m[36m      clone[0m[90m | [0mUpdating files:  50% (133/265)[35m[nvim-lint] [0m[36m      clone[0m[90m | [0mUpdating files:  51% (136/265)[35m[nvim-lint] [0m[36m      clone[0m[90m | [0mUpdating files:  52% (138/265)[35m[nvim-lint] [0m[36m      clone[0m[90m | [0mUpdating files:  53% (141/265)[35m[nvim-lint] [0m[36m      clone[0m[90m | [0mUpdating files:  54% (144/265)[35m[nvim-lint] [0m[36m      clone[0m[90m | [0mUpdating files:  55% (146/265)[35m[nvim-lint] [0m[36m      clone[0m[90m | [0mUpdating files:  56% (149/265)[35m[nvim-lint] [0m[36m      clone[0m[90m | [0mUpdating files:  57% (152/265)[35m[nvim-lint] [0m[36m      clone[0m[90m | [0mUpdating files:  58% (154/265)[35m[nvim-lint] [0m[36m      clone[0m[90m | [0mUpdating files:  59% (157/265)[35m[nvim-lint] [0m[36m      clone[0m[90m | [0mUpdating files:  60% (159/265)[35m[nvim-lint] [0m[36m      clone[0m[90m | [0mUpdating files:  61% (162/265)[35m[nvim-lint] [0m[36m      clone[0m[90m | [0mUpdating files:  62% (165/265)[35m[nvim-lint] [0m[36m      clone[0m[90m | [0mUpdating files:  63% (167/265)[35m[nvim-lint] [0m[36m      clone[0m[90m | [0mUpdating files:  64% (170/265)[35m[nvim-lint] [0m[36m      clone[0m[90m | [0mUpdating files:  65% (173/265)[35m[nvim-lint] [0m[36m      clone[0m[90m | [0mUpdating files:  66% (175/265)[35m[nvim-lint] [0m[36m      clone[0m[90m | [0mUpdating files:  67% (178/265)[35m[nvim-lint] [0m[36m      clone[0m[90m | [0mUpdating files:  68% (181/265)[35m[nvim-lint] [0m[36m      clone[0m[90m | [0mUpdating files:  69% (183/265)[35m[nvim-lint] [0m[36m      clone[0m[90m | [0mUpdating files:  70% (186/265)[35m[nvim-lint] [0m[36m      clone[0m[90m | [0mUpdating files:  71% (189/265)[35m[nvim-lint] [0m[36m      clone[0m[90m | [0mUpdating files:  72% (191/265)[35m[nvim-lint] [0m[36m      clone[0m[90m | [0mUpdating files:  73% (194/265)[35m[nvim-lint] [0m[36m      clone[0m[90m | [0mUpdating files:  74% (197/265)[35m[nvim-lint] [0m[36m      clone[0m[90m | [0mUpdating files:  75% (199/265)[35m[nvim-lint] [0m[36m      clone[0m[90m | [0mUpdating files:  76% (202/265)[35m[nvim-lint] [0m[36m      clone[0m[90m | [0mUpdating files:  77% (205/265)[35m[nvim-lint] [0m[36m      clone[0m[90m | [0mUpdating files:  78% (207/265)[35m[nvim-lint] [0m[36m      clone[0m[90m | [0mUpdating files:  79% (210/265)[35m[nvim-lint] [0m[36m      clone[0m[90m | [0mUpdating files:  80% (212/265)[35m[nvim-lint] [0m[36m      clone[0m[90m | [0mUpdating files:  81% (215/265)[35m[nvim-lint] [0m[36m      clone[0m[90m | [0mUpdating files:  82% (218/265)[35m[nvim-lint] [0m[36m      clone[0m[90m | [0mUpdating files:  83% (220/265)[35m[nvim-lint] [0m[36m      clone[0m[90m | [0mUpdating files:  84% (223/265)[35m[nvim-lint] [0m[36m      clone[0m[90m | [0mUpdating files:  85% (226/265)[35m[nvim-lint] [0m[36m      clone[0m[90m | [0mUpdating files:  86% (228/265)[35m[nvim-lint] [0m[36m      clone[0m[90m | [0mUpdating files:  87% (231/265)[35m[nvim-lint] [0m[36m      clone[0m[90m | [0mUpdating files:  88% (234/265)[35m[nvim-lint] [0m[36m      clone[0m[90m | [0mUpdating files:  89% (236/265)[35m[nvim-lint] [0m[36m      clone[0m[90m | [0mUpdating files:  90% (239/265)[35m[nvim-lint] [0m[36m      clone[0m[90m | [0mUpdating files:  91% (242/265)[35m[nvim-lint] [0m[36m      clone[0m[90m | [0mUpdating files:  92% (244/265)[35m[nvim-lint] [0m[36m      clone[0m[90m | [0mUpdating files:  93% (247/265)[35m[nvim-lint] [0m[36m      clone[0m[90m | [0mUpdating files:  94% (250/265)[35m[nvim-lint] [0m[36m      clone[0m[90m | [0mUpdating files:  95% (252/265)[35m[nvim-lint] [0m[36m      clone[0m[90m | [0mUpdating files:  96% (255/265)[35m[nvim-lint] [0m[36m      clone[0m[90m | [0mUpdating files:  97% (258/265)[35m[nvim-lint] [0m[36m      clone[0m[90m | [0mUpdating files:  98% (260/265)[35m[nvim-lint] [0m[36m      clone[0m[90m | [0mUpdating files:  99% (263/265)[35m[nvim-lint] [0m[36m      clone[0m[90m | [0mUpdating files: 100% (265/265)[35m[nvim-lint] [0m[36m      clone[0m[90m | [0mUpdating files: 100% (265/265), done.
[35m[noice.nvim] [0m[36m     clone[0m[90m | [0mUpdating files:   2% (2/94)[35m[noice.nvim] [0m[36m     clone[0m[90m | [0mUpdating files:   3% (3/94)[35m[noice.nvim] [0m[36m     clone[0m[90m | [0mUpdating files:   4% (4/94)[35m[noice.nvim] [0m[36m     clone[0m[90m | [0mUpdating files:   5% (5/94)[35m[noice.nvim] [0m[36m     clone[0m[90m | [0mUpdating files:   6% (6/94)[35m[noice.nvim] [0m[36m     clone[0m[90m | [0mUpdating files:   7% (7/94)[35m[noice.nvim] [0m[36m     clone[0m[90m | [0mUpdating files:   8% (8/94)[35m[noice.nvim] [0m[36m     clone[0m[90m | [0mUpdating files:   9% (9/94)[35m[noice.nvim] [0m[36m     clone[0m[90m | [0mUpdating files:  10% (10/94)[35m[noice.nvim] [0m[36m     clone[0m[90m | [0mUpdating files:  11% (11/94)[35m[noice.nvim] [0m[36m     clone[0m[90m | [0mUpdating files:  12% (12/94)[35m[noice.nvim] [0m[36m     clone[0m[90m | [0mUpdating files:  13% (13/94)[35m[noice.nvim] [0m[36m     clone[0m[90m | [0mUpdating files:  14% (14/94)[35m[noice.nvim] [0m[36m     clone[0m[90m | [0mUpdating files:  15% (15/94)[35m[noice.nvim] [0m[36m     clone[0m[90m | [0mUpdating files:  17% (16/94)[35m[noice.nvim] [0m[36m     clone[0m[90m | [0mUpdating files:  18% (17/94)[35m[noice.nvim] [0m[36m     clone[0m[90m | [0mUpdating files:  19% (18/94)[35m[noice.nvim] [0m[36m     clone[0m[90m | [0mUpdating files:  20% (19/94)[35m[noice.nvim] [0m[36m     clone[0m[90m | [0mUpdating files:  21% (20/94)[35m[noice.nvim] [0m[36m     clone[0m[90m | [0mUpdating files:  22% (21/94)[35m[noice.nvim] [0m[36m     clone[0m[90m | [0mUpdating files:  23% (22/94)[35m[noice.nvim] [0m[36m     clone[0m[90m | [0mUpdating files:  24% (23/94)[35m[noice.nvim] [0m[36m     clone[0m[90m | [0mUpdating files:  25% (24/94)[35m[noice.nvim] [0m[36m     clone[0m[90m | [0mUpdating files:  26% (25/94)[35m[noice.nvim] [0m[36m     clone[0m[90m | [0mUpdating files:  27% (26/94)[35m[noice.nvim] [0m[36m     clone[0m[90m | [0mUpdating files:  28% (27/94)[35m[noice.nvim] [0m[36m     clone[0m[90m | [0mUpdating files:  29% (28/94)[35m[noice.nvim] [0m[36m     clone[0m[90m | [0mUpdating files:  30% (29/94)[35m[noice.nvim] [0m[36m     clone[0m[90m | [0mUpdating files:  31% (30/94)[35m[noice.nvim] [0m[36m     clone[0m[90m | [0mUpdating files:  32% (31/94)[35m[noice.nvim] [0m[36m     clone[0m[90m | [0mUpdating files:  34% (32/94)[35m[noice.nvim] [0m[36m     clone[0m[90m | [0mUpdating files:  35% (33/94)[35m[noice.nvim] [0m[36m     clone[0m[90m | [0mUpdating files:  36% (34/94)[35m[noice.nvim] [0m[36m     clone[0m[90m | [0mUpdating files:  37% (35/94)[35m[noice.nvim] [0m[36m     clone[0m[90m | [0mUpdating files:  38% (36/94)[35m[noice.nvim] [0m[36m     clone[0m[90m | [0mUpdating files:  39% (37/94)[35m[noice.nvim] [0m[36m     clone[0m[90m | [0mUpdating files:  40% (38/94)[35m[noice.nvim] [0m[36m     clone[0m[90m | [0mUpdating files:  41% (39/94)[35m[noice.nvim] [0m[36m     clone[0m[90m | [0mUpdating files:  42% (40/94)[35m[noice.nvim] [0m[36m     clone[0m[90m | [0mUpdating files:  43% (41/94)[35m[noice.nvim] [0m[36m     clone[0m[90m | [0mUpdating files:  44% (42/94)[35m[noice.nvim] [0m[36m     clone[0m[90m | [0mUpdating files:  45% (43/94)[35m[noice.nvim] [0m[36m     clone[0m[90m | [0mUpdating files:  46% (44/94)[35m[noice.nvim] [0m[36m     clone[0m[90m | [0mUpdating files:  47% (45/94)[35m[noice.nvim] [0m[36m     clone[0m[90m | [0mUpdating files:  48% (46/94)[35m[noice.nvim] [0m[36m     clone[0m[90m | [0mUpdating files:  50% (47/94)[35m[noice.nvim] [0m[36m     clone[0m[90m | [0mUpdating files:  51% (48/94)[35m[noice.nvim] [0m[36m     clone[0m[90m | [0mUpdating files:  52% (49/94)[35m[noice.nvim] [0m[36m     clone[0m[90m | [0mUpdating files:  53% (50/94)[35m[noice.nvim] [0m[36m     clone[0m[90m | [0mUpdating files:  54% (51/94)[35m[noice.nvim] [0m[36m     clone[0m[90m | [0mUpdating files:  55% (52/94)[35m[noice.nvim] [0m[36m     clone[0m[90m | [0mUpdating files:  56% (53/94)[35m[noice.nvim] [0m[36m     clone[0m[90m | [0mUpdating files:  57% (54/94)[35m[noice.nvim] [0m[36m     clone[0m[90m | [0mUpdating files:  58% (55/94)[35m[noice.nvim] [0m[36m     clone[0m[90m | [0mUpdating files:  59% (56/94)[35m[noice.nvim] [0m[36m     clone[0m[90m | [0mUpdating files:  60% (57/94)[35m[noice.nvim] [0m[36m     clone[0m[90m | [0mUpdating files:  61% (58/94)[35m[noice.nvim] [0m[36m     clone[0m[90m | [0mUpdating files:  62% (59/94)[35m[noice.nvim] [0m[36m     clone[0m[90m | [0mUpdating files:  63% (60/94)[35m[noice.nvim] [0m[36m     clone[0m[90m | [0mUpdating files:  64% (61/94)[35m[noice.nvim] [0m[36m     clone[0m[90m | [0mUpdating files:  65% (62/94)[35m[noice.nvim] [0m[36m     clone[0m[90m | [0mUpdating files:  67% (63/94)[35m[noice.nvim] [0m[36m     clone[0m[90m | [0mUpdating files:  68% (64/94)[35m[noice.nvim] [0m[36m     clone[0m[90m | [0mUpdating files:  69% (65/94)[35m[noice.nvim] [0m[36m     clone[0m[90m | [0mUpdating files:  70% (66/94)[35m[noice.nvim] [0m[36m     clone[0m[90m | [0mUpdating files:  71% (67/94)[35m[noice.nvim] [0m[36m     clone[0m[90m | [0mUpdating files:  72% (68/94)[35m[noice.nvim] [0m[36m     clone[0m[90m | [0mUpdating files:  73% (69/94)[35m[noice.nvim] [0m[36m     clone[0m[90m | [0mUpdating files:  74% (70/94)[35m[noice.nvim] [0m[36m     clone[0m[90m | [0mUpdating files:  75% (71/94)[35m[noice.nvim] [0m[36m     clone[0m[90m | [0mUpdating files:  76% (72/94)[35m[noice.nvim] [0m[36m     clone[0m[90m | [0mUpdating files:  77% (73/94)[35m[noice.nvim] [0m[36m     clone[0m[90m | [0mUpdating files:  78% (74/94)[35m[noice.nvim] [0m[36m     clone[0m[90m | [0mUpdating files:  79% (75/94)[35m[noice.nvim] [0m[36m     clone[0m[90m | [0mUpdating files:  80% (76/94)[35m[noice.nvim] [0m[36m     clone[0m[90m | [0mUpdating files:  81% (77/94)[35m[noice.nvim] [0m[36m     clone[0m[90m | [0mUpdating files:  82% (78/94)[35m[noice.nvim] [0m[36m     clone[0m[90m | [0mUpdating files:  84% (79/94)[35m[noice.nvim] [0m[36m     clone[0m[90m | [0mUpdating files:  85% (80/94)[35m[noice.nvim] [0m[36m     clone[0m[90m | [0mUpdating files:  86% (81/94)[35m[noice.nvim] [0m[36m     clone[0m[90m | [0mUpdating files:  87% (82/94)[35m[noice.nvim] [0m[36m     clone[0m[90m | [0mUpdating files:  88% (83/94)[35m[noice.nvim] [0m[36m     clone[0m[90m | [0mUpdating files:  89% (84/94)[35m[noice.nvim] [0m[36m     clone[0m[90m | [0mUpdating files:  90% (85/94)[35m[noice.nvim] [0m[36m     clone[0m[90m | [0mUpdating files:  91% (86/94)[35m[noice.nvim] [0m[36m     clone[0m[90m | [0mUpdating files:  92% (87/94)[35m[noice.nvim] [0m[36m     clone[0m[90m | [0mUpdating files:  93% (88/94)[35m[noice.nvim] [0m[36m     clone[0m[90m | [0mUpdating files:  94% (89/94)[35m[noice.nvim] [0m[36m     clone[0m[90m | [0mUpdating files:  95% (90/94)[35m[noice.nvim] [0m[36m     clone[0m[90m | [0mUpdating files:  96% (91/94)[35m[noice.nvim] [0m[36m     clone[0m[90m | [0mUpdating files:  97% (92/94)[35m[noice.nvim] [0m[36m     clone[0m[90m | [0mUpdating files:  98% (93/94)[35m[noice.nvim] [0m[36m     clone[0m[90m | [0mUpdating files: 100% (94/94)[35m[noice.nvim] [0m[36m     clone[0m[90m | [0mUpdating files: 100% (94/94), done.
[35m[trouble.nvim] [0m[36m   clone[0m[90m | [0mUpdating files:   3% (2/66)[35m[trouble.nvim] [0m[36m   clone[0m[90m | [0mUpdating files:   4% (3/66)[35m[trouble.nvim] [0m[36m   clone[0m[90m | [0mUpdating files:   6% (4/66)[35m[trouble.nvim] [0m[36m   clone[0m[90m | [0mUpdating files:   7% (5/66)[35m[grug-far.nvim] [0m[36m  clone[0m[90m | [0mUpdating files:   0% (2/522)[35m[trouble.nvim] [0m[36m   clone[0m[90m | [0mUpdating files:   9% (6/66)[35m[trouble.nvim] [0m[36m   clone[0m[90m | [0mUpdating files:  10% (7/66)[35m[trouble.nvim] [0m[36m   clone[0m[90m | [0mUpdating files:  12% (8/66)[35m[trouble.nvim] [0m[36m   clone[0m[90m | [0mUpdating files:  13% (9/66)[35m[grug-far.nvim] [0m[36m  clone[0m[90m | [0mUpdating files:   1% (6/522)[35m[trouble.nvim] [0m[36m   clone[0m[90m | [0mUpdating files:  15% (10/66)[35m[trouble.nvim] [0m[36m   clone[0m[90m | [0mUpdating files:  16% (11/66)[35m[trouble.nvim] [0m[36m   clone[0m[90m | [0mUpdating files:  18% (12/66)[35m[trouble.nvim] [0m[36m   clone[0m[90m | [0mUpdating files:  19% (13/66)[35m[trouble.nvim] [0m[36m   clone[0m[90m | [0mUpdating files:  21% (14/66)[35m[grug-far.nvim] [0m[36m  clone[0m[90m | [0mUpdating files:   2% (11/522)[35m[trouble.nvim] [0m[36m   clone[0m[90m | [0mUpdating files:  22% (15/66)[35m[trouble.nvim] [0m[36m   clone[0m[90m | [0mUpdating files:  24% (16/66)[35m[trouble.nvim] [0m[36m   clone[0m[90m | [0mUpdating files:  25% (17/66)[35m[trouble.nvim] [0m[36m   clone[0m[90m | [0mUpdating files:  27% (18/66)[35m[trouble.nvim] [0m[36m   clone[0m[90m | [0mUpdating files:  28% (19/66)[35m[grug-far.nvim] [0m[36m  clone[0m[90m | [0mUpdating files:   3% (16/522)[35m[trouble.nvim] [0m[36m   clone[0m[90m | [0mUpdating files:  30% (20/66)[35m[trouble.nvim] [0m[36m   clone[0m[90m | [0mUpdating files:  31% (21/66)[35m[trouble.nvim] [0m[36m   clone[0m[90m | [0mUpdating files:  33% (22/66)[35m[trouble.nvim] [0m[36m   clone[0m[90m | [0mUpdating files:  34% (23/66)[35m[trouble.nvim] [0m[36m   clone[0m[90m | [0mUpdating files:  36% (24/66)[35m[trouble.nvim] [0m[36m   clone[0m[90m | [0mUpdating files:  37% (25/66)[35m[grug-far.nvim] [0m[36m  clone[0m[90m | [0mUpdating files:   4% (21/522)[35m[trouble.nvim] [0m[36m   clone[0m[90m | [0mUpdating files:  39% (26/66)[35m[trouble.nvim] [0m[36m   clone[0m[90m | [0mUpdating files:  40% (27/66)[35m[trouble.nvim] [0m[36m   clone[0m[90m | [0mUpdating files:  42% (28/66)[35m[trouble.nvim] [0m[36m   clone[0m[90m | [0mUpdating files:  43% (29/66)[35m[trouble.nvim] [0m[36m   clone[0m[90m | [0mUpdating files:  45% (30/66)[35m[grug-far.nvim] [0m[36m  clone[0m[90m | [0mUpdating files:   5% (27/522)[35m[trouble.nvim] [0m[36m   clone[0m[90m | [0mUpdating files:  46% (31/66)[35m[trouble.nvim] [0m[36m   clone[0m[90m | [0mUpdating files:  48% (32/66)[35m[trouble.nvim] [0m[36m   clone[0m[90m | [0mUpdating files:  50% (33/66)[35m[trouble.nvim] [0m[36m   clone[0m[90m | [0mUpdating files:  51% (34/66)[35m[trouble.nvim] [0m[36m   clone[0m[90m | [0mUpdating files:  53% (35/66)[35m[grug-far.nvim] [0m[36m  clone[0m[90m | [0mUpdating files:   6% (32/522)[35m[trouble.nvim] [0m[36m   clone[0m[90m | [0mUpdating files:  54% (36/66)[35m[trouble.nvim] [0m[36m   clone[0m[90m | [0mUpdating files:  56% (37/66)[35m[trouble.nvim] [0m[36m   clone[0m[90m | [0mUpdating files:  57% (38/66)[35m[trouble.nvim] [0m[36m   clone[0m[90m | [0mUpdating files:  59% (39/66)[35m[grug-far.nvim] [0m[36m  clone[0m[90m | [0mUpdating files:   7% (37/522)[35m[trouble.nvim] [0m[36m   clone[0m[90m | [0mUpdating files:  60% (40/66)[35m[trouble.nvim] [0m[36m   clone[0m[90m | [0mUpdating files:  62% (41/66)[35m[trouble.nvim] [0m[36m   clone[0m[90m | [0mUpdating files:  63% (42/66)[35m[trouble.nvim] [0m[36m   clone[0m[90m | [0mUpdating files:  65% (43/66)[35m[grug-far.nvim] [0m[36m  clone[0m[90m | [0mUpdating files:   8% (42/522)[35m[trouble.nvim] [0m[36m   clone[0m[90m | [0mUpdating files:  66% (44/66)[35m[trouble.nvim] [0m[36m   clone[0m[90m | [0mUpdating files:  68% (45/66)[35m[trouble.nvim] [0m[36m   clone[0m[90m | [0mUpdating files:  69% (46/66)[35m[trouble.nvim] [0m[36m   clone[0m[90m | [0mUpdating files:  71% (47/66)[35m[trouble.nvim] [0m[36m   clone[0m[90m | [0mUpdating files:  72% (48/66)[35m[trouble.nvim] [0m[36m   clone[0m[90m | [0mUpdating files:  74% (49/66)[35m[trouble.nvim] [0m[36m   clone[0m[90m | [0mUpdating files:  75% (50/66)[35m[trouble.nvim] [0m[36m   clone[0m[90m | [0mUpdating files:  77% (51/66)[35m[trouble.nvim] [0m[36m   clone[0m[90m | [0mUpdating files:  78% (52/66)[35m[grug-far.nvim] [0m[36m  clone[0m[90m | [0mUpdating files:   9% (47/522)[35m[trouble.nvim] [0m[36m   clone[0m[90m | [0mUpdating files:  80% (53/66)[35m[trouble.nvim] [0m[36m   clone[0m[90m | [0mUpdating files:  81% (54/66)[35m[trouble.nvim] [0m[36m   clone[0m[90m | [0mUpdating files:  83% (55/66)[35m[trouble.nvim] [0m[36m   clone[0m[90m | [0mUpdating files:  84% (56/66)[35m[trouble.nvim] [0m[36m   clone[0m[90m | [0mUpdating files:  86% (57/66)[35m[trouble.nvim] [0m[36m   clone[0m[90m | [0mUpdating files:  87% (58/66)[35m[grug-far.nvim] [0m[36m  clone[0m[90m | [0mUpdating files:  10% (53/522)[35m[trouble.nvim] [0m[36m   clone[0m[90m | [0mUpdating files:  89% (59/66)[35m[trouble.nvim] [0m[36m   clone[0m[90m | [0mUpdating files:  90% (60/66)[35m[trouble.nvim] [0m[36m   clone[0m[90m | [0mUpdating files:  92% (61/66)[35m[trouble.nvim] [0m[36m   clone[0m[90m | [0mUpdating files:  93% (62/66)[35m[trouble.nvim] [0m[36m   clone[0m[90m | [0mUpdating files:  95% (63/66)[35m[trouble.nvim] [0m[36m   clone[0m[90m | [0mUpdating files:  96% (64/66)[35m[grug-far.nvim] [0m[36m  clone[0m[90m | [0mUpdating files:  11% (58/522)[35m[trouble.nvim] [0m[36m   clone[0m[90m | [0mUpdating files:  98% (65/66)[35m[trouble.nvim] [0m[36m   clone[0m[90m | [0mUpdating files: 100% (66/66)[35m[trouble.nvim] [0m[36m   clone[0m[90m | [0mUpdating files: 100% (66/66), done.
[35m[grug-far.nvim] [0m[36m  clone[0m[90m | [0mUpdating files:  12% (63/522)[35m[grug-far.nvim] [0m[36m  clone[0m[90m | [0mUpdating files:  13% (68/522)[35m[grug-far.nvim] [0m[36m  clone[0m[90m | [0mUpdating files:  14% (74/522)[35m[grug-far.nvim] [0m[36m  clone[0m[90m | [0mUpdating files:  15% (79/522)[35m[grug-far.nvim] [0m[36m  clone[0m[90m | [0mUpdating files:  16% (84/522)[35m[grug-far.nvim] [0m[36m  clone[0m[90m | [0mUpdating files:  17% (89/522)[35m[grug-far.nvim] [0m[36m  clone[0m[90m | [0mUpdating files:  18% (94/522)[35m[grug-far.nvim] [0m[36m  clone[0m[90m | [0mUpdating files:  19% (100/522)[35m[grug-far.nvim] [0m[36m  clone[0m[90m | [0mUpdating files:  20% (105/522)[35m[grug-far.nvim] [0m[36m  clone[0m[90m | [0mUpdating files:  21% (110/522)[35m[grug-far.nvim] [0m[36m  clone[0m[90m | [0mUpdating files:  22% (115/522)[35m[grug-far.nvim] [0m[36m  clone[0m[90m | [0mUpdating files:  23% (121/522)[35m[grug-far.nvim] [0m[36m  clone[0m[90m | [0mUpdating files:  24% (126/522)[35m[grug-far.nvim] [0m[36m  clone[0m[90m | [0mUpdating files:  25% (131/522)[35m[grug-far.nvim] [0m[36m  clone[0m[90m | [0mUpdating files:  26% (136/522)[35m[grug-far.nvim] [0m[36m  clone[0m[90m | [0mUpdating files:  27% (141/522)[35m[grug-far.nvim] [0m[36m  clone[0m[90m | [0mUpdating files:  28% (147/522)[35m[grug-far.nvim] [0m[36m  clone[0m[90m | [0mUpdating files:  29% (152/522)[35m[grug-far.nvim] [0m[36m  clone[0m[90m | [0mUpdating files:  30% (157/522)[35m[grug-far.nvim] [0m[36m  clone[0m[90m | [0mUpdating files:  31% (162/522)[35m[grug-far.nvim] [0m[36m  clone[0m[90m | [0mUpdating files:  32% (168/522)[35m[grug-far.nvim] [0m[36m  clone[0m[90m | [0mUpdating files:  33% (173/522)[35m[grug-far.nvim] [0m[36m  clone[0m[90m | [0mUpdating files:  34% (178/522)[35m[grug-far.nvim] [0m[36m  clone[0m[90m | [0mUpdating files:  35% (183/522)[35m[grug-far.nvim] [0m[36m  clone[0m[90m | [0mUpdating files:  36% (188/522)[35m[grug-far.nvim] [0m[36m  clone[0m[90m | [0mUpdating files:  37% (194/522)[35m[grug-far.nvim] [0m[36m  clone[0m[90m | [0mUpdating files:  38% (199/522)[35m[grug-far.nvim] [0m[36m  clone[0m[90m | [0mUpdating files:  39% (204/522)[35m[grug-far.nvim] [0m[36m  clone[0m[90m | [0mUpdating files:  40% (209/522)[35m[grug-far.nvim] [0m[36m  clone[0m[90m | [0mUpdating files:  41% (215/522)[35m[grug-far.nvim] [0m[36m  clone[0m[90m | [0mUpdating files:  42% (220/522)[35m[grug-far.nvim] [0m[36m  clone[0m[90m | [0mUpdating files:  43% (225/522)[35m[grug-far.nvim] [0m[36m  clone[0m[90m | [0mUpdating files:  44% (230/522)[35m[grug-far.nvim] [0m[36m  clone[0m[90m | [0mUpdating files:  45% (235/522)[35m[grug-far.nvim] [0m[36m  clone[0m[90m | [0mUpdating files:  46% (241/522)[35m[grug-far.nvim] [0m[36m  clone[0m[90m | [0mUpdating files:  47% (246/522)[35m[grug-far.nvim] [0m[36m  clone[0m[90m | [0mUpdating files:  48% (251/522)[35m[grug-far.nvim] [0m[36m  clone[0m[90m | [0mUpdating files:  49% (256/522)[35m[grug-far.nvim] [0m[36m  clone[0m[90m | [0mUpdating files:  50% (261/522)[35m[grug-far.nvim] [0m[36m  clone[0m[90m | [0mUpdating files:  51% (267/522)[35m[grug-far.nvim] [0m[36m  clone[0m[90m | [0mUpdating files:  52% (272/522)[35m[grug-far.nvim] [0m[36m  clone[0m[90m | [0mUpdating files:  53% (277/522)[35m[grug-far.nvim] [0m[36m  clone[0m[90m | [0mUpdating files:  54% (282/522)[35m[grug-far.nvim] [0m[36m  clone[0m[90m | [0mUpdating files:  55% (288/522)[35m[grug-far.nvim] [0m[36m  clone[0m[90m | [0mUpdating files:  56% (293/522)[35m[grug-far.nvim] [0m[36m  clone[0m[90m | [0mUpdating files:  57% (298/522)[35m[grug-far.nvim] [0m[36m  clone[0m[90m | [0mUpdating files:  58% (303/522)[35m[grug-far.nvim] [0m[36m  clone[0m[90m | [0mUpdating files:  59% (308/522)[35m[grug-far.nvim] [0m[36m  clone[0m[90m | [0mUpdating files:  60% (314/522)[35m[grug-far.nvim] [0m[36m  clone[0m[90m | [0mUpdating files:  61% (319/522)[35m[grug-far.nvim] [0m[36m  clone[0m[90m | [0mUpdating files:  62% (324/522)[35m[grug-far.nvim] [0m[36m  clone[0m[90m | [0mUpdating files:  63% (329/522)[35m[grug-far.nvim] [0m[36m  clone[0m[90m | [0mUpdating files:  64% (335/522)[35m[grug-far.nvim] [0m[36m  clone[0m[90m | [0mUpdating files:  65% (340/522)[35m[grug-far.nvim] [0m[36m  clone[0m[90m | [0mUpdating files:  66% (345/522)[35m[grug-far.nvim] [0m[36m  clone[0m[90m | [0mUpdating files:  67% (350/522)[35m[grug-far.nvim] [0m[36m  clone[0m[90m | [0mUpdating files:  68% (355/522)[35m[grug-far.nvim] [0m[36m  clone[0m[90m | [0mUpdating files:  69% (361/522)[35m[grug-far.nvim] [0m[36m  clone[0m[90m | [0mUpdating files:  70% (366/522)[35m[grug-far.nvim] [0m[36m  clone[0m[90m | [0mUpdating files:  71% (371/522)[35m[grug-far.nvim] [0m[36m  clone[0m[90m | [0mUpdating files:  72% (376/522)[35m[grug-far.nvim] [0m[36m  clone[0m[90m | [0mUpdating files:  73% (382/522)[35m[grug-far.nvim] [0m[36m  clone[0m[90m | [0mUpdating files:  74% (387/522)[35m[grug-far.nvim] [0m[36m  clone[0m[90m | [0mUpdating files:  75% (392/522)[35m[grug-far.nvim] [0m[36m  clone[0m[90m | [0mUpdating files:  76% (397/522)[35m[grug-far.nvim] [0m[36m  clone[0m[90m | [0mUpdating files:  77% (402/522)[35m[grug-far.nvim] [0m[36m  clone[0m[90m | [0mUpdating files:  78% (408/522)[35m[grug-far.nvim] [0m[36m  clone[0m[90m | [0mUpdating files:  79% (413/522)[35m[grug-far.nvim] [0m[36m  clone[0m[90m | [0mUpdating files:  80% (418/522)[35m[grug-far.nvim] [0m[36m  clone[0m[90m | [0mUpdating files:  81% (423/522)[35m[grug-far.nvim] [0m[36m  clone[0m[90m | [0mUpdating files:  82% (429/522)[35m[grug-far.nvim] [0m[36m  clone[0m[90m | [0mUpdating files:  83% (434/522)[35m[grug-far.nvim] [0m[36m  clone[0m[90m | [0mUpdating files:  84% (439/522)[35m[grug-far.nvim] [0m[36m  clone[0m[90m | [0mUpdating files:  85% (444/522)[35m[grug-far.nvim] [0m[36m  clone[0m[90m | [0mUpdating files:  86% (449/522)[35m[grug-far.nvim] [0m[36m  clone[0m[90m | [0mUpdating files:  87% (455/522)[35m[grug-far.nvim] [0m[36m  clone[0m[90m | [0mUpdating files:  88% (460/522)[35m[grug-far.nvim] [0m[36m  clone[0m[90m | [0mUpdating files:  89% (465/522)[35m[grug-far.nvim] [0m[36m  clone[0m[90m | [0mUpdating files:  90% (470/522)[35m[grug-far.nvim] [0m[36m  clone[0m[90m | [0mUpdating files:  91% (476/522)[35m[grug-far.nvim] [0m[36m  clone[0m[90m | [0mUpdating files:  92% (481/522)[35m[grug-far.nvim] [0m[36m  clone[0m[90m | [0mUpdating files:  93% (486/522)[35m[grug-far.nvim] [0m[36m  clone[0m[90m | [0mUpdating files:  94% (491/522)[35m[grug-far.nvim] [0m[36m  clone[0m[90m | [0mUpdating files:  95% (496/522)[35m[grug-far.nvim] [0m[36m  clone[0m[90m | [0mUpdating files:  96% (502/522)[35m[grug-far.nvim] [0m[36m  clone[0m[90m | [0mUpdating files:  97% (507/522)[35m[grug-far.nvim] [0m[36m  clone[0m[90m | [0mUpdating files:  98% (512/522)[35m[grug-far.nvim] [0m[36m  clone[0m[90m | [0mUpdating files:  99% (517/522)[35m[grug-far.nvim] [0m[36m  clone[0m[90m | [0mUpdating files: 100% (522/522)[35m[grug-far.nvim] [0m[36m  clone[0m[90m | [0mUpdating files: 100% (522/522), done.
[35m[mason.nvim] [0m[36m     clone[0m[90m | [0mUpdating files:   0% (2/226)[35m[mason.nvim] [0m[36m     clone[0m[90m | [0mUpdating files:   1% (3/226)[35m[mason.nvim] [0m[36m     clone[0m[90m | [0mUpdating files:   2% (5/226)[35m[mason.nvim] [0m[36m     clone[0m[90m | [0mUpdating files:   3% (7/226)[35m[mason.nvim] [0m[36m     clone[0m[90m | [0mUpdating files:   4% (10/226)[35m[mason.nvim] [0m[36m     clone[0m[90m | [0mUpdating files:   5% (12/226)[35m[mason.nvim] [0m[36m     clone[0m[90m | [0mUpdating files:   6% (14/226)[35m[mason.nvim] [0m[36m     clone[0m[90m | [0mUpdating files:   7% (16/226)[35m[mason.nvim] [0m[36m     clone[0m[90m | [0mUpdating files:   8% (19/226)[35m[mason.nvim] [0m[36m     clone[0m[90m | [0mUpdating files:   9% (21/226)[35m[mason.nvim] [0m[36m     clone[0m[90m | [0mUpdating files:  10% (23/226)[35m[mason.nvim] [0m[36m     clone[0m[90m | [0mUpdating files:  11% (25/226)[35m[mason.nvim] [0m[36m     clone[0m[90m | [0mUpdating files:  12% (28/226)[35m[mason.nvim] [0m[36m     clone[0m[90m | [0mUpdating files:  13% (30/226)[35m[mason.nvim] [0m[36m     clone[0m[90m | [0mUpdating files:  14% (32/226)[35m[mason.nvim] [0m[36m     clone[0m[90m | [0mUpdating files:  15% (34/226)[35m[mason.nvim] [0m[36m     clone[0m[90m | [0mUpdating files:  16% (37/226)[35m[mason.nvim] [0m[36m     clone[0m[90m | [0mUpdating files:  17% (39/226)[35m[mason.nvim] [0m[36m     clone[0m[90m | [0mUpdating files:  18% (41/226)[35m[mason.nvim] [0m[36m     clone[0m[90m | [0mUpdating files:  19% (43/226)[35m[mason.nvim] [0m[36m     clone[0m[90m | [0mUpdating files:  20% (46/226)[35m[mason.nvim] [0m[36m     clone[0m[90m | [0mUpdating files:  21% (48/226)[35m[mason.nvim] [0m[36m     clone[0m[90m | [0mUpdating files:  22% (50/226)[35m[mason.nvim] [0m[36m     clone[0m[90m | [0mUpdating files:  23% (52/226)[35m[mason.nvim] [0m[36m     clone[0m[90m | [0mUpdating files:  24% (55/226)[35m[mason.nvim] [0m[36m     clone[0m[90m | [0mUpdating files:  25% (57/226)[35m[mason.nvim] [0m[36m     clone[0m[90m | [0mUpdating files:  26% (59/226)[35m[mason.nvim] [0m[36m     clone[0m[90m | [0mUpdating files:  27% (62/226)[35m[mason.nvim] [0m[36m     clone[0m[90m | [0mUpdating files:  28% (64/226)[35m[mason.nvim] [0m[36m     clone[0m[90m | [0mUpdating files:  29% (66/226)[35m[mason.nvim] [0m[36m     clone[0m[90m | [0mUpdating files:  30% (68/226)[35m[mason.nvim] [0m[36m     clone[0m[90m | [0mUpdating files:  31% (71/226)[35m[mason.nvim] [0m[36m     clone[0m[90m | [0mUpdating files:  32% (73/226)[35m[mason.nvim] [0m[36m     clone[0m[90m | [0mUpdating files:  33% (75/226)[35m[mason.nvim] [0m[36m     clone[0m[90m | [0mUpdating files:  34% (77/226)[35m[mason.nvim] [0m[36m     clone[0m[90m | [0mUpdating files:  35% (80/226)[35m[mason.nvim] [0m[36m     clone[0m[90m | [0mUpdating files:  36% (82/226)[35m[mason.nvim] [0m[36m     clone[0m[90m | [0mUpdating files:  37% (84/226)[35m[mason.nvim] [0m[36m     clone[0m[90m | [0mUpdating files:  38% (86/226)[35m[mason.nvim] [0m[36m     clone[0m[90m | [0mUpdating files:  39% (89/226)[35m[mason.nvim] [0m[36m     clone[0m[90m | [0mUpdating files:  40% (91/226)[35m[mason.nvim] [0m[36m     clone[0m[90m | [0mUpdating files:  41% (93/226)[35m[mason.nvim] [0m[36m     clone[0m[90m | [0mUpdating files:  42% (95/226)[35m[mason.nvim] [0m[36m     clone[0m[90m | [0mUpdating files:  43% (98/226)[35m[mason.nvim] [0m[36m     clone[0m[90m | [0mUpdating files:  44% (100/226)[35m[mason.nvim] [0m[36m     clone[0m[90m | [0mUpdating files:  45% (102/226)[35m[mason.nvim] [0m[36m     clone[0m[90m | [0mUpdating files:  46% (104/226)[35m[mason.nvim] [0m[36m     clone[0m[90m | [0mUpdating files:  47% (107/226)[35m[mason.nvim] [0m[36m     clone[0m[90m | [0mUpdating files:  48% (109/226)[35m[mason.nvim] [0m[36m     clone[0m[90m | [0mUpdating files:  49% (111/226)[35m[mason.nvim] [0m[36m     clone[0m[90m | [0mUpdating files:  50% (113/226)[35m[mason.nvim] [0m[36m     clone[0m[90m | [0mUpdating files:  50% (114/226)[35m[mason.nvim] [0m[36m     clone[0m[90m | [0mUpdating files:  51% (116/226)[35m[mason.nvim] [0m[36m     clone[0m[90m | [0mUpdating files:  52% (118/226)[35m[mason.nvim] [0m[36m     clone[0m[90m | [0mUpdating files:  53% (120/226)[35m[mason.nvim] [0m[36m     clone[0m[90m | [0mUpdating files:  54% (123/226)[35m[mason.nvim] [0m[36m     clone[0m[90m | [0mUpdating files:  55% (125/226)[35m[mason.nvim] [0m[36m     clone[0m[90m | [0mUpdating files:  56% (127/226)[35m[mason.nvim] [0m[36m     clone[0m[90m | [0mUpdating files:  57% (129/226)[35m[mason.nvim] [0m[36m     clone[0m[90m | [0mUpdating files:  58% (132/226)[35m[mason.nvim] [0m[36m     clone[0m[90m | [0mUpdating files:  59% (134/226)[35m[mason.nvim] [0m[36m     clone[0m[90m | [0mUpdating files:  60% (136/226)[35m[mason.nvim] [0m[36m     clone[0m[90m | [0mUpdating files:  61% (138/226)[35m[mason.nvim] [0m[36m     clone[0m[90m | [0mUpdating files:  62% (141/226)[35m[mason.nvim] [0m[36m     clone[0m[90m | [0mUpdating files:  63% (143/226)[35m[mason.nvim] [0m[36m     clone[0m[90m | [0mUpdating files:  64% (145/226)[35m[mason.nvim] [0m[36m     clone[0m[90m | [0mUpdating files:  65% (147/226)[35m[mason.nvim] [0m[36m     clone[0m[90m | [0mUpdating files:  66% (150/226)[35m[mason.nvim] [0m[36m     clone[0m[90m | [0mUpdating files:  67% (152/226)[35m[mason.nvim] [0m[36m     clone[0m[90m | [0mUpdating files:  68% (154/226)[35m[mason.nvim] [0m[36m     clone[0m[90m | [0mUpdating files:  69% (156/226)[35m[mason.nvim] [0m[36m     clone[0m[90m | [0mUpdating files:  70% (159/226)[35m[mason.nvim] [0m[36m     clone[0m[90m | [0mUpdating files:  71% (161/226)[35m[mason.nvim] [0m[36m     clone[0m[90m | [0mUpdating files:  72% (163/226)[35m[mason.nvim] [0m[36m     clone[0m[90m | [0mUpdating files:  73% (165/226)[35m[mason.nvim] [0m[36m     clone[0m[90m | [0mUpdating files:  74% (168/226)[35m[mason.nvim] [0m[36m     clone[0m[90m | [0mUpdating files:  75% (170/226)[35m[mason.nvim] [0m[36m     clone[0m[90m | [0mUpdating files:  76% (172/226)[35m[mason.nvim] [0m[36m     clone[0m[90m | [0mUpdating files:  77% (175/226)[35m[mason.nvim] [0m[36m     clone[0m[90m | [0mUpdating files:  78% (177/226)[35m[mason.nvim] [0m[36m     clone[0m[90m | [0mUpdating files:  79% (179/226)[35m[mason.nvim] [0m[36m     clone[0m[90m | [0mUpdating files:  80% (181/226)[35m[mason.nvim] [0m[36m     clone[0m[90m | [0mUpdating files:  81% (184/226)[35m[mason.nvim] [0m[36m     clone[0m[90m | [0mUpdating files:  82% (186/226)[35m[mason.nvim] [0m[36m     clone[0m[90m | [0mUpdating files:  83% (188/226)[35m[mason.nvim] [0m[36m     clone[0m[90m | [0mUpdating files:  84% (190/226)[35m[mason.nvim] [0m[36m     clone[0m[90m | [0mUpdating files:  85% (193/226)[35m[mason.nvim] [0m[36m     clone[0m[90m | [0mUpdating files:  86% (195/226)[35m[mason.nvim] [0m[36m     clone[0m[90m | [0mUpdating files:  87% (197/226)[35m[mason.nvim] [0m[36m     clone[0m[90m | [0mUpdating files:  88% (199/226)[35m[mason.nvim] [0m[36m     clone[0m[90m | [0mUpdating files:  89% (202/226)[35m[mason.nvim] [0m[36m     clone[0m[90m | [0mUpdating files:  90% (204/226)[35m[mason.nvim] [0m[36m     clone[0m[90m | [0mUpdating files:  91% (206/226)[35m[mason.nvim] [0m[36m     clone[0m[90m | [0mUpdating files:  92% (208/226)[35m[mason.nvim] [0m[36m     clone[0m[90m | [0mUpdating files:  93% (211/226)[35m[mason.nvim] [0m[36m     clone[0m[90m | [0mUpdating files:  94% (213/226)[35m[mason.nvim] [0m[36m     clone[0m[90m | [0mUpdating files:  95% (215/226)[35m[mason.nvim] [0m[36m     clone[0m[90m | [0mUpdating files:  96% (217/226)[35m[mason.nvim] [0m[36m     clone[0m[90m | [0mUpdating files:  97% (220/226)[35m[mason.nvim] [0m[36m     clone[0m[90m | [0mUpdating files:  98% (222/226)[35m[mason.nvim] [0m[36m     clone[0m[90m | [0mUpdating files:  99% (224/226)[35m[mason.nvim] [0m[36m     clone[0m[90m | [0mUpdating files: 100% (226/226)[35m[mason.nvim] [0m[36m     clone[0m[90m | [0mUpdating files: 100% (226/226), done.
[35m[blink.cmp] [0m[36m      clone[0m[90m | [0mUpdating files:   1% (2/181)[35m[blink.cmp] [0m[36m      clone[0m[90m | [0mUpdating files:   2% (4/181)[35m[blink.cmp] [0m[36m      clone[0m[90m | [0mUpdating files:   3% (6/181)[35m[blink.cmp] [0m[36m      clone[0m[90m | [0mUpdating files:   4% (8/181)[35m[blink.cmp] [0m[36m      clone[0m[90m | [0mUpdating files:   5% (10/181)[35m[blink.cmp] [0m[36m      clone[0m[90m | [0mUpdating files:   6% (11/181)[35m[blink.cmp] [0m[36m      clone[0m[90m | [0mUpdating files:   7% (13/181)[35m[blink.cmp] [0m[36m      clone[0m[90m | [0mUpdating files:   8% (15/181)[35m[blink.cmp] [0m[36m      clone[0m[90m | [0mUpdating files:   9% (17/181)[35m[blink.cmp] [0m[36m      clone[0m[90m | [0mUpdating files:  10% (19/181)[35m[blink.cmp] [0m[36m      clone[0m[90m | [0mUpdating files:  11% (20/181)[35m[blink.cmp] [0m[36m      clone[0m[90m | [0mUpdating files:  12% (22/181)[35m[blink.cmp] [0m[36m      clone[0m[90m | [0mUpdating files:  13% (24/181)[35m[blink.cmp] [0m[36m      clone[0m[90m | [0mUpdating files:  14% (26/181)[35m[blink.cmp] [0m[36m      clone[0m[90m | [0mUpdating files:  15% (28/181)[35m[blink.cmp] [0m[36m      clone[0m[90m | [0mUpdating files:  16% (29/181)[35m[blink.cmp] [0m[36m      clone[0m[90m | [0mUpdating files:  17% (31/181)[35m[blink.cmp] [0m[36m      clone[0m[90m | [0mUpdating files:  18% (33/181)[35m[blink.cmp] [0m[36m      clone[0m[90m | [0mUpdating files:  19% (35/181)[35m[blink.cmp] [0m[36m      clone[0m[90m | [0mUpdating files:  20% (37/181)[35m[blink.cmp] [0m[36m      clone[0m[90m | [0mUpdating files:  21% (39/181)[35m[blink.cmp] [0m[36m      clone[0m[90m | [0mUpdating files:  22% (40/181)[35m[blink.cmp] [0m[36m      clone[0m[90m | [0mUpdating files:  23% (42/181)[35m[blink.cmp] [0m[36m      clone[0m[90m | [0mUpdating files:  24% (44/181)[35m[blink.cmp] [0m[36m      clone[0m[90m | [0mUpdating files:  25% (46/181)[35m[blink.cmp] [0m[36m      clone[0m[90m | [0mUpdating files:  26% (48/181)[35m[blink.cmp] [0m[36m      clone[0m[90m | [0mUpdating files:  27% (49/181)[35m[blink.cmp] [0m[36m      clone[0m[90m | [0mUpdating files:  28% (51/181)[35m[blink.cmp] [0m[36m      clone[0m[90m | [0mUpdating files:  29% (53/181)[35m[blink.cmp] [0m[36m      clone[0m[90m | [0mUpdating files:  30% (55/181)[35m[blink.cmp] [0m[36m      clone[0m[90m | [0mUpdating files:  31% (57/181)[35m[blink.cmp] [0m[36m      clone[0m[90m | [0mUpdating files:  32% (58/181)[35m[blink.cmp] [0m[36m      clone[0m[90m | [0mUpdating files:  33% (60/181)[35m[blink.cmp] [0m[36m      clone[0m[90m | [0mUpdating files:  34% (62/181)[35m[blink.cmp] [0m[36m      clone[0m[90m | [0mUpdating files:  35% (64/181)[35m[blink.cmp] [0m[36m      clone[0m[90m | [0mUpdating files:  36% (66/181)[35m[blink.cmp] [0m[36m      clone[0m[90m | [0mUpdating files:  37% (67/181)[35m[blink.cmp] [0m[36m      clone[0m[90m | [0mUpdating files:  38% (69/181)[35m[blink.cmp] [0m[36m      clone[0m[90m | [0mUpdating files:  39% (71/181)[35m[blink.cmp] [0m[36m      clone[0m[90m | [0mUpdating files:  40% (73/181)[35m[blink.cmp] [0m[36m      clone[0m[90m | [0mUpdating files:  41% (75/181)[35m[blink.cmp] [0m[36m      clone[0m[90m | [0mUpdating files:  42% (77/181)[35m[blink.cmp] [0m[36m      clone[0m[90m | [0mUpdating files:  43% (78/181)[35m[blink.cmp] [0m[36m      clone[0m[90m | [0mUpdating files:  44% (80/181)[35m[blink.cmp] [0m[36m      clone[0m[90m | [0mUpdating files:  45% (82/181)[35m[blink.cmp] [0m[36m      clone[0m[90m | [0mUpdating files:  46% (84/181)[35m[blink.cmp] [0m[36m      clone[0m[90m | [0mUpdating files:  47% (86/181)[35m[blink.cmp] [0m[36m      clone[0m[90m | [0mUpdating files:  48% (87/181)[35m[blink.cmp] [0m[36m      clone[0m[90m | [0mUpdating files:  49% (89/181)[35m[blink.cmp] [0m[36m      clone[0m[90m | [0mUpdating files:  50% (91/181)[35m[blink.cmp] [0m[36m      clone[0m[90m | [0mUpdating files:  51% (93/181)[35m[blink.cmp] [0m[36m      clone[0m[90m | [0mUpdating files:  52% (95/181)[35m[blink.cmp] [0m[36m      clone[0m[90m | [0mUpdating files:  53% (96/181)[35m[blink.cmp] [0m[36m      clone[0m[90m | [0mUpdating files:  54% (98/181)[35m[blink.cmp] [0m[36m      clone[0m[90m | [0mUpdating files:  55% (100/181)[35m[blink.cmp] [0m[36m      clone[0m[90m | [0mUpdating files:  56% (102/181)[35m[blink.cmp] [0m[36m      clone[0m[90m | [0mUpdating files:  57% (104/181)[35m[blink.cmp] [0m[36m      clone[0m[90m | [0mUpdating files:  58% (105/181)[35m[blink.cmp] [0m[36m      clone[0m[90m | [0mUpdating files:  59% (107/181)[35m[blink.cmp] [0m[36m      clone[0m[90m | [0mUpdating files:  60% (109/181)[35m[blink.cmp] [0m[36m      clone[0m[90m | [0mUpdating files:  61% (111/181)[35m[blink.cmp] [0m[36m      clone[0m[90m | [0mUpdating files:  62% (113/181)[35m[blink.cmp] [0m[36m      clone[0m[90m | [0mUpdating files:  63% (115/181)[35m[blink.cmp] [0m[36m      clone[0m[90m | [0mUpdating files:  64% (116/181)[35m[blink.cmp] [0m[36m      clone[0m[90m | [0mUpdating files:  65% (118/181)[35m[blink.cmp] [0m[36m      clone[0m[90m | [0mUpdating files:  66% (120/181)[35m[blink.cmp] [0m[36m      clone[0m[90m | [0mUpdating files:  67% (122/181)[35m[blink.cmp] [0m[36m      clone[0m[90m | [0mUpdating files:  68% (124/181)[35m[blink.cmp] [0m[36m      clone[0m[90m | [0mUpdating files:  69% (125/181)[35m[blink.cmp] [0m[36m      clone[0m[90m | [0mUpdating files:  70% (127/181)[35m[blink.cmp] [0m[36m      clone[0m[90m | [0mUpdating files:  71% (129/181)[35m[blink.cmp] [0m[36m      clone[0m[90m | [0mUpdating files:  72% (131/181)[35m[blink.cmp] [0m[36m      clone[0m[90m | [0mUpdating files:  73% (133/181)[35m[blink.cmp] [0m[36m      clone[0m[90m | [0mUpdating files:  74% (134/181)[35m[blink.cmp] [0m[36m      clone[0m[90m | [0mUpdating files:  75% (136/181)[35m[blink.cmp] [0m[36m      clone[0m[90m | [0mUpdating files:  76% (138/181)[35m[blink.cmp] [0m[36m      clone[0m[90m | [0mUpdating files:  77% (140/181)[35m[blink.cmp] [0m[36m      clone[0m[90m | [0mUpdating files:  78% (142/181)[35m[blink.cmp] [0m[36m      clone[0m[90m | [0mUpdating files:  79% (143/181)[35m[blink.cmp] [0m[36m      clone[0m[90m | [0mUpdating files:  80% (145/181)[35m[blink.cmp] [0m[36m      clone[0m[90m | [0mUpdating files:  81% (147/181)[35m[blink.cmp] [0m[36m      clone[0m[90m | [0mUpdating files:  82% (149/181)[35m[blink.cmp] [0m[36m      clone[0m[90m | [0mUpdating files:  83% (151/181)[35m[blink.cmp] [0m[36m      clone[0m[90m | [0mUpdating files:  84% (153/181)[35m[blink.cmp] [0m[36m      clone[0m[90m | [0mUpdating files:  85% (154/181)[35m[blink.cmp] [0m[36m      clone[0m[90m | [0mUpdating files:  86% (156/181)[35m[blink.cmp] [0m[36m      clone[0m[90m | [0mUpdating files:  87% (158/181)[35m[blink.cmp] [0m[36m      clone[0m[90m | [0mUpdating files:  88% (160/181)[35m[blink.cmp] [0m[36m      clone[0m[90m | [0mUpdating files:  89% (162/181)[35m[blink.cmp] [0m[36m      clone[0m[90m | [0mUpdating files:  90% (163/181)[35m[blink.cmp] [0m[36m      clone[0m[90m | [0mUpdating files:  91% (165/181)[35m[blink.cmp] [0m[36m      clone[0m[90m | [0mUpdating files:  92% (167/181)[35m[blink.cmp] [0m[36m      clone[0m[90m | [0mUpdating files:  93% (169/181)[35m[blink.cmp] [0m[36m      clone[0m[90m | [0mUpdating files:  94% (171/181)[35m[blink.cmp] [0m[36m      clone[0m[90m | [0mUpdating files:  95% (172/181)[35m[blink.cmp] [0m[36m      clone[0m[90m | [0mUpdating files:  96% (174/181)[35m[blink.cmp] [0m[36m      clone[0m[90m | [0mUpdating files:  97% (176/181)[35m[blink.cmp] [0m[36m      clone[0m[90m | [0mUpdating files:  98% (178/181)[35m[blink.cmp] [0m[36m      clone[0m[90m | [0mUpdating files:  99% (180/181)[35m[blink.cmp] [0m[36m      clone[0m[90m | [0mUpdating files: 100% (181/181)[35m[blink.cmp] [0m[36m      clone[0m[90m | [0mUpdating files: 100% (181/181), done.
[35m[mini.hipatterns] [0m[36mclone[0m[90m | [0m[34mFinished task clone in 11873ms[0m
[35m[mini.hipatterns] [0m[36mcheckout[0m[90m | [0m[34mRunning task checkout[0m
[35m[mini.hipatterns] [0m[36mcheckout[0m[90m | [0m[34mFinished task checkout in 4ms[0m
[35m[mini.hipatterns] [0m[36m docs[0m[90m | [0m[34mRunning task docs[0m
[35m[mini.hipatterns] [0m[36m docs[0m[90m | [0m
[35m[mini.hipatterns] [0m[36m docs[0m[90m | [0m[34mFinished task docs in 21ms[0m
[35m[flash.nvim] [0m[36m     clone[0m[90m | [0m[34mFinished task clone in 11925ms[0m
[35m[ts-comments.nvim] [0m[36mclone[0m[90m | [0m[34mFinished task clone in 11925ms[0m
[35m[flash.nvim] [0m[36m  checkout[0m[90m | [0m[34mRunning task checkout[0m
[35m[flash.nvim] [0m[36m  checkout[0m[90m | [0m[34mFinished task checkout in 3ms[0m
[35m[ts-comments.nvim] [0m[36mcheckout[0m[90m | [0m[34mRunning task checkout[0m
[35m[ts-comments.nvim] [0m[36mcheckout[0m[90m | [0m[34mFinished task checkout in 13ms[0m
[35m[flash.nvim] [0m[36m      docs[0m[90m | [0m[34mRunning task docs[0m
[35m[flash.nvim] [0m[36m      docs[0m[90m | [0m
[35m[flash.nvim] [0m[36m      docs[0m[90m | [0m[34mFinished task docs in 16ms[0m
[35m[ts-comments.nvim] [0m[36mdocs[0m[90m | [0m[34mRunning task docs[0m
[35m[ts-comments.nvim] [0m[36mdocs[0m[90m | [0m
[35m[ts-comments.nvim] [0m[36mdocs[0m[90m | [0m[34mFinished task docs in 19ms[0m
[35m[nvim-ts-autotag] [0m[36mclone[0m[90m | [0m[34mFinished task clone in 12240ms[0m
[35m[nvim-ts-autotag] [0m[36mcheckout[0m[90m | [0m[34mRunning task checkout[0m
[35m[nvim-ts-autotag] [0m[36mcheckout[0m[90m | [0m[34mFinished task checkout in 20ms[0m
[35m[nvim-ts-autotag] [0m[36m docs[0m[90m | [0m[34mRunning task docs[0m
[35m[nvim-ts-autotag] [0m[36m docs[0m[90m | [0m[34mFinished task docs in 3ms[0m
[35m[yanky.nvim] [0m[36m     clone[0m[90m | [0m[34mFinished task clone in 12265ms[0m
[35m[yanky.nvim] [0m[36m  checkout[0m[90m | [0m[34mRunning task checkout[0m
[35m[yanky.nvim] [0m[36m  checkout[0m[90m | [0m[34mFinished task checkout in 5ms[0m
[35m[yanky.nvim] [0m[36m      docs[0m[90m | [0m[34mRunning task docs[0m
[35m[yanky.nvim] [0m[36m      docs[0m[90m | [0m
[35m[yanky.nvim] [0m[36m      docs[0m[90m | [0m[34mFinished task docs in 22ms[0m
[35m[mini.ai] [0m[36m        clone[0m[90m | [0m[34mFinished task clone in 12300ms[0m
[35m[mini.ai] [0m[36m     checkout[0m[90m | [0m[34mRunning task checkout[0m
[35m[mini.ai] [0m[36m     checkout[0m[90m | [0m[34mFinished task checkout in 13ms[0m
[35m[todo-comments.nvim] [0m[36mclone[0m[90m | [0m[34mFinished task clone in 12314ms[0m
[35m[mini.ai] [0m[36m         docs[0m[90m | [0m[34mRunning task docs[0m
[35m[mini.ai] [0m[36m         docs[0m[90m | [0m
[35m[mini.ai] [0m[36m         docs[0m[90m | [0m[34mFinished task docs in 16ms[0m
[35m[todo-comments.nvim] [0m[36mcheckout[0m[90m | [0m[34mRunning task checkout[0m
[35m[todo-comments.nvim] [0m[36mcheckout[0m[90m | [0m[34mFinished task checkout in 18ms[0m
[35m[todo-comments.nvim] [0m[36mdocs[0m[90m | [0m[34mRunning task docs[0m
[35m[todo-comments.nvim] [0m[36mdocs[0m[90m | [0m
[35m[todo-comments.nvim] [0m[36mdocs[0m[90m | [0m[34mFinished task docs in 15ms[0m
[35m[mason-lspconfig.nvim] [0m[36mclone[0m[90m | [0m[34mFinished task clone in 12351ms[0m
[35m[nvim-treesitter-textobjects] [0m[36mclone[0m[90m | [0m[34mFinished task clone in 12351ms[0m
[35m[persistence.nvim] [0m[36mclone[0m[90m | [0m[34mFinished task clone in 12351ms[0m
[35m[mason-lspconfig.nvim] [0m[36mcheckout[0m[90m | [0m[34mRunning task checkout[0m
[35m[mason-lspconfig.nvim] [0m[36mcheckout[0m[90m | [0m[34mFinished task checkout in 2ms[0m
[35m[nvim-treesitter-textobjects] [0m[36mcheckout[0m[90m | [0m[34mRunning task checkout[0m
[35m[nvim-treesitter-textobjects] [0m[36mcheckout[0m[90m | [0m[34mFinished task checkout in 4ms[0m
[35m[persistence.nvim] [0m[36mcheckout[0m[90m | [0m[34mRunning task checkout[0m
[35m[persistence.nvim] [0m[36mcheckout[0m[90m | [0m[34mFinished task checkout in 6ms[0m
[35m[mason-lspconfig.nvim] [0m[36mdocs[0m[90m | [0m[34mRunning task docs[0m
[35m[mason-lspconfig.nvim] [0m[36mdocs[0m[90m | [0m
[35m[mason-lspconfig.nvim] [0m[36mdocs[0m[90m | [0m[34mFinished task docs in 11ms[0m
[35m[nvim-treesitter-textobjects] [0m[36mdocs[0m[90m | [0m[34mRunning task docs[0m
[35m[nvim-treesitter-textobjects] [0m[36mdocs[0m[90m | [0m
[35m[nvim-treesitter-textobjects] [0m[36mdocs[0m[90m | [0m[34mFinished task docs in 14ms[0m
[35m[persistence.nvim] [0m[36mdocs[0m[90m | [0m[34mRunning task docs[0m
[35m[persistence.nvim] [0m[36mdocs[0m[90m | [0m
[35m[persistence.nvim] [0m[36mdocs[0m[90m | [0m[34mFinished task docs in 31ms[0m
[35m[mini.pairs] [0m[36m     clone[0m[90m | [0m[34mFinished task clone in 12542ms[0m
[35m[mini.pairs] [0m[36m  checkout[0m[90m | [0m[34mRunning task checkout[0m
[35m[mini.pairs] [0m[36m  checkout[0m[90m | [0m[34mFinished task checkout in 27ms[0m
[35m[mini.pairs] [0m[36m      docs[0m[90m | [0m[34mRunning task docs[0m
[35m[mini.pairs] [0m[36m      docs[0m[90m | [0m
[35m[mini.pairs] [0m[36m      docs[0m[90m | [0m[34mFinished task docs in 35ms[0m
[35m[SchemaStore.nvim] [0m[36mclone[0m[90m | [0m[34mFinished task clone in 12608ms[0m
[35m[SchemaStore.nvim] [0m[36mcheckout[0m[90m | [0m[34mRunning task checkout[0m
[35m[SchemaStore.nvim] [0m[36mcheckout[0m[90m | [0m[34mFinished task checkout in 15ms[0m
[35m[grug-far.nvim] [0m[36m  clone[0m[90m | [0m[34mFinished task clone in 12628ms[0m
[35m[lualine.nvim] [0m[36m   clone[0m[90m | [0m[34mFinished task clone in 12628ms[0m
[35m[nui.nvim] [0m[36m       clone[0m[90m | [0m[34mFinished task clone in 12628ms[0m
[35m[SchemaStore.nvim] [0m[36mdocs[0m[90m | [0m[34mRunning task docs[0m
[35m[SchemaStore.nvim] [0m[36mdocs[0m[90m | [0m
[35m[SchemaStore.nvim] [0m[36mdocs[0m[90m | [0m[34mFinished task docs in 4ms[0m
[35m[grug-far.nvim] [0m[36mcheckout[0m[90m | [0m[34mRunning task checkout[0m
[35m[grug-far.nvim] [0m[36mcheckout[0m[90m | [0m[34mFinished task checkout in 7ms[0m
[35m[lualine.nvim] [0m[36mcheckout[0m[90m | [0m[34mRunning task checkout[0m
[35m[lualine.nvim] [0m[36mcheckout[0m[90m | [0m[34mFinished task checkout in 27ms[0m
[35m[nui.nvim] [0m[36m    checkout[0m[90m | [0m[34mRunning task checkout[0m
[35m[nui.nvim] [0m[36m    checkout[0m[90m | [0m[34mFinished task checkout in 30ms[0m
[35m[grug-far.nvim] [0m[36m   docs[0m[90m | [0m[34mRunning task docs[0m
[35m[grug-far.nvim] [0m[36m   docs[0m[90m | [0m
[35m[grug-far.nvim] [0m[36m   docs[0m[90m | [0m[34mFinished task docs in 39ms[0m
[35m[lualine.nvim] [0m[36m    docs[0m[90m | [0m[34mRunning task docs[0m
[35m[lualine.nvim] [0m[36m    docs[0m[90m | [0m
[35m[lualine.nvim] [0m[36m    docs[0m[90m | [0m[34mFinished task docs in 54ms[0m
[35m[nui.nvim] [0m[36m        docs[0m[90m | [0m[34mRunning task docs[0m
[35m[nui.nvim] [0m[36m        docs[0m[90m | [0m[34mFinished task docs in 54ms[0m
[35m[mini.icons] [0m[36m     clone[0m[90m | [0m[34mFinished task clone in 12715ms[0m
[35m[nvim-lint] [0m[36m      clone[0m[90m | [0m[34mFinished task clone in 12715ms[0m
[35m[mini.icons] [0m[36m  checkout[0m[90m | [0m[34mRunning task checkout[0m
[35m[mini.icons] [0m[36m  checkout[0m[90m | [0m[34mFinished task checkout in 10ms[0m
[35m[nvim-lint] [0m[36m   checkout[0m[90m | [0m[34mRunning task checkout[0m
[35m[nvim-lint] [0m[36m   checkout[0m[90m | [0m[34mFinished task checkout in 13ms[0m
[35m[blink.cmp] [0m[36m      clone[0m[90m | [0m[34mFinished task clone in 12730ms[0m
[35m[noice.nvim] [0m[36m     clone[0m[90m | [0m[34mFinished task clone in 12730ms[0m
[35m[trouble.nvim] [0m[36m   clone[0m[90m | [0m[34mFinished task clone in 12730ms[0m
[35m[blink.cmp] [0m[36m   checkout[0m[90m | [0m[34mRunning task checkout[0m
[35m[mini.icons] [0m[36m      docs[0m[90m | [0m[34mRunning task docs[0m
[35m[mini.icons] [0m[36m      docs[0m[90m | [0m
[35m[mini.icons] [0m[36m      docs[0m[90m | [0m[34mFinished task docs in 16ms[0m
[35m[noice.nvim] [0m[36m  checkout[0m[90m | [0m[34mRunning task checkout[0m
[35m[noice.nvim] [0m[36m  checkout[0m[90m | [0m[34mFinished task checkout in 18ms[0m
[35m[nvim-lint] [0m[36m       docs[0m[90m | [0m[34mRunning task docs[0m
[35m[nvim-lint] [0m[36m       docs[0m[90m | [0m
[35m[nvim-lint] [0m[36m       docs[0m[90m | [0m[34mFinished task docs in 29ms[0m
[35m[trouble.nvim] [0m[36mcheckout[0m[90m | [0m[34mRunning task checkout[0m
[35m[trouble.nvim] [0m[36mcheckout[0m[90m | [0m[34mFinished task checkout in 32ms[0m
[35m[mason.nvim] [0m[36m     clone[0m[90m | [0m[34mFinished task clone in 12771ms[0m
[35m[noice.nvim] [0m[36m      docs[0m[90m | [0m[34mRunning task docs[0m
[35m[noice.nvim] [0m[36m      docs[0m[90m | [0m
[35m[noice.nvim] [0m[36m      docs[0m[90m | [0m[34mFinished task docs in 34ms[0m
[35m[trouble.nvim] [0m[36m    docs[0m[90m | [0m[34mRunning task docs[0m
[35m[trouble.nvim] [0m[36m    docs[0m[90m | [0m
[35m[trouble.nvim] [0m[36m    docs[0m[90m | [0m[34mFinished task docs in 48ms[0m
[35m[mason.nvim] [0m[36m  checkout[0m[90m | [0m[34mRunning task checkout[0m
[35m[mason.nvim] [0m[36m  checkout[0m[90m | [0m[34mFinished task checkout in 2ms[0m
[35m[mason.nvim] [0m[36m      docs[0m[90m | [0m[34mRunning task docs[0m
[35m[mason.nvim] [0m[36m      docs[0m[90m | [0m
[35m[mason.nvim] [0m[36m      docs[0m[90m | [0m[34mFinished task docs in 18ms[0m
[35m[blink.cmp] [0m[36m   checkout[0m[90m | [0mUpdating files:  91% (127/139)[35m[blink.cmp] [0m[36m   checkout[0m[90m | [0mUpdating files:  92% (128/139)[35m[blink.cmp] [0m[36m   checkout[0m[90m | [0mUpdating files:  93% (130/139)[35m[blink.cmp] [0m[36m   checkout[0m[90m | [0mUpdating files:  94% (131/139)[35m[blink.cmp] [0m[36m   checkout[0m[90m | [0mUpdating files:  95% (133/139)[35m[blink.cmp] [0m[36m   checkout[0m[90m | [0mUpdating files:  96% (134/139)[35m[blink.cmp] [0m[36m   checkout[0m[90m | [0mUpdating files:  97% (135/139)[35m[blink.cmp] [0m[36m   checkout[0m[90m | [0mUpdating files:  98% (137/139)[35m[blink.cmp] [0m[36m   checkout[0m[90m | [0mUpdating files:  99% (138/139)[35m[blink.cmp] [0m[36m   checkout[0m[90m | [0mUpdating files: 100% (139/139)[35m[blink.cmp] [0m[36m   checkout[0m[90m | [0mUpdating files: 100% (139/139), done.
[35m[blink.cmp] [0m[36m   checkout[0m[90m | [0mNote: switching to 'tags/v1.10.2'.
[35m[blink.cmp] [0m[36m   checkout[0m[90m | [0m
You are in 'detached HEAD' state. You can look around, make experimental
[35m[blink.cmp] [0m[36m   checkout[0m[90m | [0mchanges and commit them, and you can discard any commits you make in this
[35m[blink.cmp] [0m[36m   checkout[0m[90m | [0mstate without impacting any branches by switching back to a branch.
[35m[blink.cmp] [0m[36m   checkout[0m[90m | [0m
If you want to create a new branch to retain commits you create, you may
[35m[blink.cmp] [0m[36m   checkout[0m[90m | [0mdo so (now or later) by using -c with the switch command. Example:
[35m[blink.cmp] [0m[36m   checkout[0m[90m | [0m
  git switch -c <new-branch-name>
[35m[blink.cmp] [0m[36m   checkout[0m[90m | [0m
Or undo this operation with:
[35m[blink.cmp] [0m[36m   checkout[0m[90m | [0m
  git switch -
[35m[blink.cmp] [0m[36m   checkout[0m[90m | [0m
Turn off this advice by setting config variable advice.detachedHead to false
[35m[blink.cmp] [0m[36m   checkout[0m[90m | [0m
HEAD is now at 78336bc chore: bump version to 1.10.2
[35m[blink.cmp] [0m[36m   checkout[0m[90m | [0m[34mFinished task checkout in 1210ms[0m
[35m[blink.cmp] [0m[36m       docs[0m[90m | [0m[34mRunning task docs[0m
[35m[blink.cmp] [0m[36m       docs[0m[90m | [0m
[35m[blink.cmp] [0m[36m       docs[0m[90m | [0m[34mFinished task docs in 29ms[0m
[35m[mason.nvim] [0m[36m     build[0m[90m | [0m[34mRunning task build[0m
[35m[mason.nvim] [0m[36m     build[0m[90m | [0mUpdating registries…
[35m[mason.nvim] [0m[36m     build[0m[90m | [0mSuccessfully updated 1 registry.
[35m[mason.nvim] [0m[36m     build[0m[90m | [0m[34mFinished task build in 999ms[0m

Installing `tree-sitter-cli` with `mason.nvim`...[35m[LuaSnip] [0m[36m        clean[0m[90m | [0m[34mRunning task clean[0m
[35m[LuaSnip] [0m[36m        clean[0m[90m | [0m[34mFinished task clean in 499ms[0m
[35m[cmp-buffer] [0m[36m     clean[0m[90m | [0m[34mRunning task clean[0m
[35m[cmp-buffer] [0m[36m     clean[0m[90m | [0m[34mFinished task clean in 591ms[0m
[35m[cmp-cmdline] [0m[36m    clean[0m[90m | [0m[34mRunning task clean[0m
[35m[cmp-cmdline] [0m[36m    clean[0m[90m | [0m[34mFinished task clean in 655ms[0m
[35m[cmp-nvim-lsp] [0m[36m   clean[0m[90m | [0m[34mRunning task clean[0m
[35m[cmp-nvim-lsp] [0m[36m   clean[0m[90m | [0m[34mFinished task clean in 723ms[0m
[35m[cmp-path] [0m[36m       clean[0m[90m | [0m[34mRunning task clean[0m
[35m[cmp-path] [0m[36m       clean[0m[90m | [0m[34mFinished task clean in 785ms[0m
[35m[cmp_luasnip] [0m[36m    clean[0m[90m | [0m[34mRunning task clean[0m
[35m[cmp_luasnip] [0m[36m    clean[0m[90m | [0m[34mFinished task clean in 852ms[0m
[35m[nvim-cmp] [0m[36m       clean[0m[90m | [0m[34mRunning task clean[0m
[35m[nvim-cmp] [0m[36m       clean[0m[90m | [0m[34mFinished task clean in 1064ms[0m
[35m[Comment.nvim] [0m[36m   fetch[0m[90m | [0m[34mRunning task fetch[0m
[35m[LazyVim] [0m[36m        fetch[0m[90m | [0m[34mRunning task fetch[0m
[35m[SchemaStore.nvim] [0m[36mfetch[0m[90m | [0m[34mRunning task fetch[0m
[35m[alpha-nvim] [0m[36m     fetch[0m[90m | [0m[34mRunning task fetch[0m
[35m[auto-session] [0m[36m   fetch[0m[90m | [0m[34mRunning task fetch[0m
[35m[blink.cmp] [0m[36m      fetch[0m[90m | [0m[34mRunning task fetch[0m
[35m[catppuccin] [0m[36m     fetch[0m[90m | [0m[34mRunning task fetch[0m
[35m[claudecode.nvim] [0m[36mfetch[0m[90m | [0m[34mRunning task fetch[0m
[35m[conform.nvim] [0m[36m   fetch[0m[90m | [0m[34mRunning task fetch[0m
[35m[flash.nvim] [0m[36m     fetch[0m[90m | [0m[34mRunning task fetch[0m
[35m[friendly-snippets] [0m[36mfetch[0m[90m | [0m[34mRunning task fetch[0m
[35m[fzf-lua] [0m[36m        fetch[0m[90m | [0m[34mRunning task fetch[0m
[35m[gitsigns.nvim] [0m[36m  fetch[0m[90m | [0m[34mRunning task fetch[0m
[35m[grug-far.nvim] [0m[36m  fetch[0m[90m | [0m[34mRunning task fetch[0m
[35m[kulala.nvim] [0m[36m    fetch[0m[90m | [0m[34mRunning task fetch[0m
[35m[lazy.nvim] [0m[36m      fetch[0m[90m | [0m[34mRunning task fetch[0m
[35m[lazydev.nvim] [0m[36m   fetch[0m[90m | [0m[34mRunning task fetch[0m
[35m[lazygit.nvim] [0m[36m   fetch[0m[90m | [0m[34mRunning task fetch[0m
[35m[legendary.nvim] [0m[36m fetch[0m[90m | [0m[34mRunning task fetch[0m
[35m[lualine.nvim] [0m[36m   fetch[0m[90m | [0m[34mRunning task fetch[0m
[35m[mason-lspconfig.nvim] [0m[36mfetch[0m[90m | [0m[34mRunning task fetch[0m
[35m[mason.nvim] [0m[36m     fetch[0m[90m | [0m[34mRunning task fetch[0m
[35m[mini.ai] [0m[36m        fetch[0m[90m | [0m[34mRunning task fetch[0m
[35m[mini.hipatterns] [0m[36mfetch[0m[90m | [0m[34mRunning task fetch[0m
[35m[Comment.nvim] [0m[36m   fetch[0m[90m | [0m[34mFinished task fetch in 898ms[0m
[35m[Comment.nvim] [0m[36m  status[0m[90m | [0m[34mRunning task status[0m
[35m[SchemaStore.nvim] [0m[36mfetch[0m[90m | [0m[34mFinished task fetch in 920ms[0m
[35m[SchemaStore.nvim] [0m[36mstatus[0m[90m | [0m[34mRunning task status[0m
[35m[Comment.nvim] [0m[36m  status[0m[90m | [0m[34mFinished task status in 48ms[0m
[35m[Comment.nvim] [0m[36mcheckout[0m[90m | [0m[34mRunning task checkout[0m
[35m[Comment.nvim] [0m[36mcheckout[0m[90m | [0m[34mFinished task checkout in 1ms[0m
[35m[alpha-nvim] [0m[36m     fetch[0m[90m | [0m[34mFinished task fetch in 961ms[0m
[35m[alpha-nvim] [0m[36m    status[0m[90m | [0m[34mRunning task status[0m
[35m[mini.icons] [0m[36m     fetch[0m[90m | [0m[34mRunning task fetch[0m
[35m[SchemaStore.nvim] [0m[36mstatus[0m[90m | [0m[34mFinished task status in 59ms[0m
[35m[SchemaStore.nvim] [0m[36mcheckout[0m[90m | [0m[34mRunning task checkout[0m
[35m[SchemaStore.nvim] [0m[36mcheckout[0m[90m | [0m[34mFinished task checkout in 1ms[0m
[35m[catppuccin] [0m[36m     fetch[0m[90m | [0m[34mFinished task fetch in 1006ms[0m
[35m[catppuccin] [0m[36m    status[0m[90m | [0m[34mRunning task status[0m
[35m[mini.pairs] [0m[36m     fetch[0m[90m | [0m[34mRunning task fetch[0m
[35m[alpha-nvim] [0m[36m    status[0m[90m | [0m[34mFinished task status in 66ms[0m
[35m[auto-session] [0m[36m   fetch[0m[90m | [0m[34mFinished task fetch in 1039ms[0m
[35m[blink.cmp] [0m[36m      fetch[0m[90m | [0m[34mFinished task fetch in 1038ms[0m
[35m[alpha-nvim] [0m[36m  checkout[0m[90m | [0m[34mRunning task checkout[0m
[35m[alpha-nvim] [0m[36m  checkout[0m[90m | [0m[34mFinished task checkout in 1ms[0m
[35m[auto-session] [0m[36m  status[0m[90m | [0m[34mRunning task status[0m
[35m[blink.cmp] [0m[36m     status[0m[90m | [0m[34mRunning task status[0m
[35m[noice.nvim] [0m[36m     fetch[0m[90m | [0m[34mRunning task fetch[0m
[35m[friendly-snippets] [0m[36mfetch[0m[90m | [0m[34mFinished task fetch in 1056ms[0m
[35m[conform.nvim] [0m[36m   fetch[0m[90m | [0m[34mFinished task fetch in 1064ms[0m
[35m[conform.nvim] [0m[36m  status[0m[90m | [0m[34mRunning task status[0m
[35m[friendly-snippets] [0m[36mstatus[0m[90m | [0m[34mRunning task status[0m
[35m[claudecode.nvim] [0m[36mfetch[0m[90m | [0m[34mFinished task fetch in 1097ms[0m
[35m[flash.nvim] [0m[36m     fetch[0m[90m | [0m[34mFinished task fetch in 1096ms[0m
[35m[fzf-lua] [0m[36m        fetch[0m[90m | [0m[34mFinished task fetch in 1095ms[0m
[35m[claudecode.nvim] [0m[36mstatus[0m[90m | [0m[34mRunning task status[0m
[35m[flash.nvim] [0m[36m    status[0m[90m | [0m[34mRunning task status[0m
[35m[fzf-lua] [0m[36m       status[0m[90m | [0m[34mRunning task status[0m
[35m[catppuccin] [0m[36m    status[0m[90m | [0m[34mFinished task status in 117ms[0m
[35m[auto-session] [0m[36m  status[0m[90m | [0m[34mFinished task status in 91ms[0m
[35m[auto-session] [0m[36mcheckout[0m[90m | [0m[34mRunning task checkout[0m
[35m[auto-session] [0m[36mcheckout[0m[90m | [0m[34mFinished task checkout in 1ms[0m
[35m[catppuccin] [0m[36m  checkout[0m[90m | [0m[34mRunning task checkout[0m
[35m[catppuccin] [0m[36m  checkout[0m[90m | [0m[34mFinished task checkout in 2ms[0m
[35m[nui.nvim] [0m[36m       fetch[0m[90m | [0m[34mRunning task fetch[0m
[35m[nvim-lint] [0m[36m      fetch[0m[90m | [0m[34mRunning task fetch[0m
[35m[kulala.nvim] [0m[36m    fetch[0m[90m | [0mFrom https://github.com/mistweaverco/kulala.nvim
[35m[kulala.nvim] [0m[36m    fetch[0m[90m | [0m * [new tag]         v6.22.0    -> v6.22.0
[35m[blink.cmp] [0m[36m     status[0m[90m | [0m[34mFinished task status in 140ms[0m
[35m[LazyVim] [0m[36m        fetch[0m[90m | [0m[34mFinished task fetch in 1182ms[0m
[35m[LazyVim] [0m[36m       status[0m[90m | [0m[34mRunning task status[0m
[35m[blink.cmp] [0m[36m   checkout[0m[90m | [0m[34mRunning task checkout[0m

Installed `tree-sitter-cli` with `mason.nvim`.
[nvim-treesitter/install/bash]: Downloading tree-sitter-bash...
[nvim-treesitter/install/c]: Downloading tree-sitter-c...
[nvim-treesitter/install/diff]: Downloading tree-sitter-diff...
[nvim-treesitter/install/html]: Downloading tree-sitter-html...
[nvim-treesitter/install/javascript]: Downloading tree-sitter-javascript...
[nvim-treesitter/install/jsdoc]: Downloading tree-sitter-jsdoc...
[nvim-treesitter/install/json]: Downloading tree-sitter-json...
[nvim-treesitter/install/lua]: Downloading tree-sitter-lua...
[nvim-treesitter/install/luadoc]: Downloading tree-sitter-luadoc...
[nvim-treesitter/install/luap]: Downloading tree-sitter-luap...
[nvim-treesitter/install/markdown]: Downloading tree-sitter-markdown...
[nvim-treesitter/install/markdown_inline]: Downloading tree-sitter-markdown_inline...
[nvim-treesitter/install/printf]: Downloading tree-sitter-printf...
[nvim-treesitter/install/python]: Downloading tree-sitter-python...
[nvim-treesitter/install/query]: Downloading tree-sitter-query...
[nvim-treesitter/install/regex]: Downloading tree-sitter-regex...
[nvim-treesitter/install/toml]: Downloading tree-sitter-toml...
[nvim-treesitter/install/tsx]: Downloading tree-sitter-tsx...
[nvim-treesitter/install/typescript]: Downloading tree-sitter-typescript...
[nvim-treesitter/install/vim]: Downloading tree-sitter-vim...
[nvim-treesitter/install/vimdoc]: Downloading tree-sitter-vimdoc...
[nvim-treesitter/install/xml]: Downloading tree-sitter-xml...
[nvim-treesitter/install/yaml]: Downloading tree-sitter-yaml...
[nvim-treesitter/install/json5]: Downloading tree-sitter-json5...
[nvim-treesitter/install/java]: Downloading tree-sitter-java...
[nvim-treesitter/install/cpp]: Downloading tree-sitter-cpp...
[nvim-treesitter/install/go]: Downloading tree-sitter-go...
[nvim-treesitter/install/ruby]: Downloading tree-sitter-ruby...
[nvim-treesitter/install/rust]: Downloading tree-sitter-rust...
[nvim-treesitter/install/css]: Downloading tree-sitter-css...
[nvim-treesitter/install/dtd]: Downloading tree-sitter-dtd...
[nvim-treesitter/install/html_tags]: Language installed
[nvim-treesitter/install/ecma]: Language installed
[nvim-treesitter/install/jsx]: Language installed[35m[gitsigns.nvim] [0m[36m  fetch[0m[90m | [0m[34mFinished task fetch in 2259ms[0m
[35m[grug-far.nvim] [0m[36m  fetch[0m[90m | [0m[34mFinished task fetch in 2259ms[0m
[35m[kulala.nvim] [0m[36m    fetch[0m[90m | [0m[34mFinished task fetch in 2259ms[0m
[35m[lazy.nvim] [0m[36m      fetch[0m[90m | [0m[34mFinished task fetch in 2258ms[0m
[35m[lazydev.nvim] [0m[36m   fetch[0m[90m | [0m[34mFinished task fetch in 2258ms[0m
[35m[lazygit.nvim] [0m[36m   fetch[0m[90m | [0m[34mFinished task fetch in 2258ms[0m
[35m[legendary.nvim] [0m[36m fetch[0m[90m | [0m[34mFinished task fetch in 2257ms[0m
[35m[lualine.nvim] [0m[36m   fetch[0m[90m | [0m[34mFinished task fetch in 2257ms[0m
[35m[mason-lspconfig.nvim] [0m[36mfetch[0m[90m | [0m[34mFinished task fetch in 2257ms[0m
[35m[mason.nvim] [0m[36m     fetch[0m[90m | [0m[34mFinished task fetch in 2256ms[0m
[35m[mini.ai] [0m[36m        fetch[0m[90m | [0m[34mFinished task fetch in 2256ms[0m
[35m[mini.hipatterns] [0m[36mfetch[0m[90m | [0m[34mFinished task fetch in 2256ms[0m
[35m[mini.icons] [0m[36m     fetch[0m[90m | [0m[34mFinished task fetch in 1292ms[0m
[35m[mini.pairs] [0m[36m     fetch[0m[90m | [0m[34mFinished task fetch in 1249ms[0m
[35m[noice.nvim] [0m[36m     fetch[0m[90m | [0m[34mFinished task fetch in 1207ms[0m
[35m[conform.nvim] [0m[36m  status[0m[90m | [0m[34mFinished task status in 1197ms[0m
[35m[friendly-snippets] [0m[36mstatus[0m[90m | [0m[34mFinished task status in 1197ms[0m
[35m[claudecode.nvim] [0m[36mstatus[0m[90m | [0m[34mFinished task status in 1165ms[0m
[35m[flash.nvim] [0m[36m    status[0m[90m | [0m[34mFinished task status in 1165ms[0m
[35m[fzf-lua] [0m[36m       status[0m[90m | [0m[34mFinished task status in 1165ms[0m
[35m[nui.nvim] [0m[36m       fetch[0m[90m | [0m[34mFinished task fetch in 1109ms[0m
[35m[nvim-lint] [0m[36m      fetch[0m[90m | [0m[34mFinished task fetch in 1109ms[0m
[35m[LazyVim] [0m[36m       status[0m[90m | [0m[34mFinished task status in 1082ms[0m
[35m[LazyVim] [0m[36m     checkout[0m[90m | [0m[34mRunning task checkout[0m
[35m[claudecode.nvim] [0m[36mcheckout[0m[90m | [0m[34mRunning task checkout[0m
[35m[claudecode.nvim] [0m[36mcheckout[0m[90m | [0m[34mFinished task checkout in 3ms[0m
[35m[conform.nvim] [0m[36mcheckout[0m[90m | [0m[34mRunning task checkout[0m
[35m[conform.nvim] [0m[36mcheckout[0m[90m | [0m[34mFinished task checkout in 4ms[0m
[35m[flash.nvim] [0m[36m  checkout[0m[90m | [0m[34mRunning task checkout[0m
[35m[flash.nvim] [0m[36m  checkout[0m[90m | [0m[34mFinished task checkout in 4ms[0m
[35m[friendly-snippets] [0m[36mcheckout[0m[90m | [0m[34mRunning task checkout[0m
[35m[friendly-snippets] [0m[36mcheckout[0m[90m | [0m[34mFinished task checkout in 5ms[0m
[35m[fzf-lua] [0m[36m     checkout[0m[90m | [0m[34mRunning task checkout[0m
[35m[fzf-lua] [0m[36m     checkout[0m[90m | [0m[34mFinished task checkout in 6ms[0m
[35m[gitsigns.nvim] [0m[36m status[0m[90m | [0m[34mRunning task status[0m
[35m[grug-far.nvim] [0m[36m status[0m[90m | [0m[34mRunning task status[0m
[35m[kulala.nvim] [0m[36m   status[0m[90m | [0m[34mRunning task status[0m
[35m[lazy.nvim] [0m[36m     status[0m[90m | [0m[34mRunning task status[0m
[35m[lazydev.nvim] [0m[36m  status[0m[90m | [0m[34mRunning task status[0m
[35m[lazygit.nvim] [0m[36m  status[0m[90m | [0m[34mRunning task status[0m
[35m[legendary.nvim] [0m[36mstatus[0m[90m | [0m[34mRunning task status[0m
[35m[lualine.nvim] [0m[36m  status[0m[90m | [0m[34mRunning task status[0m
[35m[mason-lspconfig.nvim] [0m[36mstatus[0m[90m | [0m[34mRunning task status[0m
[35m[mason.nvim] [0m[36m    status[0m[90m | [0m[34mRunning task status[0m
[35m[mini.ai] [0m[36m       status[0m[90m | [0m[34mRunning task status[0m
[35m[mini.hipatterns] [0m[36mstatus[0m[90m | [0m[34mRunning task status[0m
[35m[mini.icons] [0m[36m    status[0m[90m | [0m[34mRunning task status[0m
[35m[mini.pairs] [0m[36m    status[0m[90m | [0m[34mRunning task status[0m
[35m[noice.nvim] [0m[36m    status[0m[90m | [0m[34mRunning task status[0m
[35m[nui.nvim] [0m[36m      status[0m[90m | [0m[34mRunning task status[0m
[35m[nvim-lint] [0m[36m     status[0m[90m | [0m[34mRunning task status[0m
[35m[blink.cmp] [0m[36m   checkout[0m[90m | [0mHEAD is now at 78336bc chore: bump version to 1.10.2

[nvim-treesitter/install/lua]: Compiling parser
[nvim-treesitter/install/html]: Compiling parser
[nvim-treesitter/install/c]: Compiling parser
[nvim-treesitter/install/luadoc]: Compiling parser
[nvim-treesitter/install/query]: Compiling parser
[nvim-treesitter/install/jsdoc]: Compiling parser
[nvim-treesitter/install/json]: Compiling parser
[nvim-treesitter/install/diff]: Compiling parser
[nvim-treesitter/install/javascript]: Compiling parser
[nvim-treesitter/install/regex]: Compiling parser
[nvim-treesitter/install/vimdoc]: Compiling parser
[nvim-treesitter/install/printf]: Compiling parser
[nvim-treesitter/install/python]: Compiling parser
[nvim-treesitter/install/luap]: Compiling parser
[nvim-treesitter/install/json5]: Compiling parser
[nvim-treesitter/install/toml]: Compiling parser
[nvim-treesitter/install/bash]: Compiling parser
[nvim-treesitter/install/xml]: Compiling parser[35m[nvim-lspconfig] [0m[36m fetch[0m[90m | [0m[34mRunning task fetch[0m
[35m[nvim-treesitter] [0m[36mfetch[0m[90m | [0m[34mRunning task fetch[0m
[35m[nvim-treesitter-textobjects] [0m[36mfetch[0m[90m | [0m[34mRunning task fetch[0m
[35m[nvim-ts-autotag] [0m[36mfetch[0m[90m | [0m[34mRunning task fetch[0m
[35m[nvim-ufo] [0m[36m       fetch[0m[90m | [0m[34mRunning task fetch[0m
[35m[blink.cmp] [0m[36m   checkout[0m[90m | [0m[34mFinished task checkout in 7287ms[0m
[35m[gitsigns.nvim] [0m[36m status[0m[90m | [0m[34mFinished task status in 6180ms[0m
[35m[grug-far.nvim] [0m[36m status[0m[90m | [0m[34mFinished task status in 6180ms[0m
[35m[kulala.nvim] [0m[36m   status[0m[90m | [0m[34mFinished task status in 6180ms[0m
[35m[lazy.nvim] [0m[36m     status[0m[90m | [0m[34mFinished task status in 6180ms[0m
[35m[lazydev.nvim] [0m[36m  status[0m[90m | [0m[34mFinished task status in 6180ms[0m
[35m[lazygit.nvim] [0m[36m  status[0m[90m | [0m[34mFinished task status in 6180ms[0m
[35m[legendary.nvim] [0m[36mstatus[0m[90m | [0m[34mFinished task status in 6180ms[0m
[35m[lualine.nvim] [0m[36m  status[0m[90m | [0m[34mFinished task status in 6180ms[0m
[35m[mason-lspconfig.nvim] [0m[36mstatus[0m[90m | [0m[34mFinished task status in 6180ms[0m
[35m[mason.nvim] [0m[36m    status[0m[90m | [0m[34mFinished task status in 6180ms[0m
[35m[mini.ai] [0m[36m       status[0m[90m | [0m[34mFinished task status in 6180ms[0m
[35m[mini.hipatterns] [0m[36mstatus[0m[90m | [0m[34mFinished task status in 6180ms[0m
[35m[mini.icons] [0m[36m    status[0m[90m | [0m[34mFinished task status in 6180ms[0m

[nvim-treesitter/install/dtd]: Compiling parser
[nvim-treesitter/install/typescript]: Compiling parser
[nvim-treesitter/install/yaml]: Compiling parser
[nvim-treesitter/install/tsx]: Compiling parser
[nvim-treesitter/install/java]: Compiling parser
[nvim-treesitter/install/ruby]: Compiling parser
[nvim-treesitter/install/rust]: Compiling parser
[nvim-treesitter/install/vim]: Compiling parser
[nvim-treesitter/install/cpp]: Compiling parser
[nvim-treesitter/install/markdown]: Compiling parser
[nvim-treesitter/install/markdown_inline]: Compiling parser
[nvim-treesitter/install/json]: Installing parser
[nvim-treesitter/install/luadoc]: Installing parser
[nvim-treesitter/install/c]: Installing parser
[nvim-treesitter/install/diff]: Installing parser
[nvim-treesitter/install/query]: Installing parser[35m[mini.pairs] [0m[36m    status[0m[90m | [0m[34mFinished task status in 9382ms[0m
[35m[noice.nvim] [0m[36m    status[0m[90m | [0m[34mFinished task status in 9382ms[0m

[nvim-treesitter/install/css]: Compiling parser
[nvim-treesitter/install/go]: Compiling parser[35m[gitsigns.nvim] [0m[36mcheckout[0m[90m | [0m[34mRunning task checkout[0m
[35m[gitsigns.nvim] [0m[36mcheckout[0m[90m | [0m[34mFinished task checkout in 102ms[0m
[35m[grug-far.nvim] [0m[36mcheckout[0m[90m | [0m[34mRunning task checkout[0m
[35m[grug-far.nvim] [0m[36mcheckout[0m[90m | [0m[34mFinished task checkout in 103ms[0m
[35m[kulala.nvim] [0m[36m checkout[0m[90m | [0m[34mRunning task checkout[0m
[35m[lazy.nvim] [0m[36m   checkout[0m[90m | [0m[34mRunning task checkout[0m
[35m[lazydev.nvim] [0m[36mcheckout[0m[90m | [0m[34mRunning task checkout[0m
[35m[lazydev.nvim] [0m[36mcheckout[0m[90m | [0m[34mFinished task checkout in 106ms[0m
[35m[lazygit.nvim] [0m[36mcheckout[0m[90m | [0m[34mRunning task checkout[0m
[35m[lazygit.nvim] [0m[36mcheckout[0m[90m | [0m[34mFinished task checkout in 106ms[0m
[35m[legendary.nvim] [0m[36mcheckout[0m[90m | [0m[34mRunning task checkout[0m
[35m[legendary.nvim] [0m[36mcheckout[0m[90m | [0m[34mFinished task checkout in 107ms[0m
[35m[lualine.nvim] [0m[36mcheckout[0m[90m | [0m[34mRunning task checkout[0m
[35m[lualine.nvim] [0m[36mcheckout[0m[90m | [0m[34mFinished task checkout in 108ms[0m
[35m[mason-lspconfig.nvim] [0m[36mcheckout[0m[90m | [0m[34mRunning task checkout[0m
[35m[mason-lspconfig.nvim] [0m[36mcheckout[0m[90m | [0m[34mFinished task checkout in 109ms[0m
[35m[mason.nvim] [0m[36m  checkout[0m[90m | [0m[34mRunning task checkout[0m
[35m[mason.nvim] [0m[36m  checkout[0m[90m | [0m[34mFinished task checkout in 110ms[0m
[35m[mini.ai] [0m[36m     checkout[0m[90m | [0m[34mRunning task checkout[0m
[35m[mini.ai] [0m[36m     checkout[0m[90m | [0m[34mFinished task checkout in 111ms[0m
[35m[mini.hipatterns] [0m[36mcheckout[0m[90m | [0m[34mRunning task checkout[0m
[35m[mini.hipatterns] [0m[36mcheckout[0m[90m | [0m[34mFinished task checkout in 111ms[0m
[35m[LazyVim] [0m[36m     checkout[0m[90m | [0mHEAD is now at c10948c5 chore(main): release 16.0.0 (#7128)
[35m[mini.icons] [0m[36m  checkout[0m[90m | [0m[34mRunning task checkout[0m
[35m[mini.icons] [0m[36m  checkout[0m[90m | [0m[34mFinished task checkout in 116ms[0m
[35m[mini.pairs] [0m[36m  checkout[0m[90m | [0m[34mRunning task checkout[0m
[35m[mini.pairs] [0m[36m  checkout[0m[90m | [0m[34mFinished task checkout in 117ms[0m
[35m[noice.nvim] [0m[36m  checkout[0m[90m | [0m[34mRunning task checkout[0m
[35m[noice.nvim] [0m[36m  checkout[0m[90m | [0m[34mFinished task checkout in 118ms[0m
[35m[nvim-web-devicons] [0m[36mfetch[0m[90m | [0m[34mRunning task fetch[0m
[35m[nui.nvim] [0m[36m      status[0m[90m | [0m[34mFinished task status in 9500ms[0m
[35m[nvim-lint] [0m[36m     status[0m[90m | [0m[34mFinished task status in 9500ms[0m
[35m[nvim-treesitter] [0m[36mfetch[0m[90m | [0m[34mFinished task fetch in 5633ms[0m
[35m[nui.nvim] [0m[36m    checkout[0m[90m | [0m[34mRunning task checkout[0m
[35m[nui.nvim] [0m[36m    checkout[0m[90m | [0m[34mFinished task checkout in 17ms[0m
[35m[nvim-lint] [0m[36m   checkout[0m[90m | [0m[34mRunning task checkout[0m
[35m[nvim-lint] [0m[36m   checkout[0m[90m | [0m[34mFinished task checkout in 18ms[0m
[35m[oil.nvim] [0m[36m       fetch[0m[90m | [0m[34mRunning task fetch[0m
[35m[persistence.nvim] [0m[36mfetch[0m[90m | [0m[34mRunning task fetch[0m
[35m[plenary.nvim] [0m[36m   fetch[0m[90m | [0m[34mRunning task fetch[0m
[35m[project.nvim] [0m[36m   fetch[0m[90m | [0m[34mRunning task fetch[0m
[35m[promise-async] [0m[36m  fetch[0m[90m | [0m[34mRunning task fetch[0m
[35m[snacks.nvim] [0m[36m    fetch[0m[90m | [0m[34mRunning task fetch[0m
[35m[sqlite.lua] [0m[36m     fetch[0m[90m | [0m[34mRunning task fetch[0m
[35m[todo-comments.nvim] [0m[36mfetch[0m[90m | [0m[34mRunning task fetch[0m
[35m[trouble.nvim] [0m[36m   fetch[0m[90m | [0m[34mRunning task fetch[0m
[35m[ts-comments.nvim] [0m[36mfetch[0m[90m | [0m[34mRunning task fetch[0m
[35m[vim-gutentags] [0m[36m  fetch[0m[90m | [0m[34mRunning task fetch[0m
[35m[vim-tmux-navigator] [0m[36mfetch[0m[90m | [0m[34mRunning task fetch[0m
[35m[which-key.nvim] [0m[36m fetch[0m[90m | [0m[34mRunning task fetch[0m
[35m[kulala.nvim] [0m[36m checkout[0m[90m | [0mPrevious HEAD position was 7f83b61 skip-changelog: update CHANGELOG
[35m[kulala.nvim] [0m[36m checkout[0m[90m | [0mHEAD is now at 5c2234e fix(ui): body-view, comments in http files

[nvim-treesitter/install/regex]: Installing parser
[nvim-treesitter/install/lua]: Installing parser
[nvim-treesitter/install/jsdoc]: Installing parser
[nvim-treesitter/install/luap]: Installing parser
[nvim-treesitter/install/html]: Installing parser
[nvim-treesitter/install/vimdoc]: Installing parser
[nvim-treesitter/install/json5]: Installing parser
[nvim-treesitter/install/printf]: Installing parser
[nvim-treesitter/install/javascript]: Installing parser
[nvim-treesitter/install/python]: Installing parser[35m[nvim-lspconfig] [0m[36m fetch[0m[90m | [0m[34mFinished task fetch in 10850ms[0m
[35m[LazyVim] [0m[36m     checkout[0m[90m | [0m[34mFinished task checkout in 14754ms[0m
[35m[nvim-lspconfig] [0m[36mstatus[0m[90m | [0m[34mRunning task status[0m
[35m[nvim-treesitter] [0m[36mstatus[0m[90m | [0m[34mRunning task status[0m
[35m[yanky.nvim] [0m[36m     fetch[0m[90m | [0m[34mRunning task fetch[0m
[35m[nvim-treesitter-textobjects] [0m[36mfetch[0m[90m | [0m[34mFinished task fetch in 10858ms[0m
[35m[nvim-ts-autotag] [0m[36mfetch[0m[90m | [0m[34mFinished task fetch in 10858ms[0m
[35m[kulala.nvim] [0m[36m checkout[0m[90m | [0m[34mFinished task checkout in 5381ms[0m
[35m[nvim-ufo] [0m[36m       fetch[0m[90m | [0m[34mFinished task fetch in 10906ms[0m
[35m[nvim-web-devicons] [0m[36mfetch[0m[90m | [0m[34mFinished task fetch in 5429ms[0m
[35m[oil.nvim] [0m[36m       fetch[0m[90m | [0m[34mFinished task fetch in 5291ms[0m
[35m[persistence.nvim] [0m[36mfetch[0m[90m | [0m[34mFinished task fetch in 5290ms[0m
[35m[plenary.nvim] [0m[36m   fetch[0m[90m | [0m[34mFinished task fetch in 5289ms[0m
[35m[project.nvim] [0m[36m   fetch[0m[90m | [0m[34mFinished task fetch in 5289ms[0m
[35m[promise-async] [0m[36m  fetch[0m[90m | [0m[34mFinished task fetch in 5288ms[0m
[35m[snacks.nvim] [0m[36m    fetch[0m[90m | [0m[34mFinished task fetch in 5288ms[0m
[35m[sqlite.lua] [0m[36m     fetch[0m[90m | [0m[34mFinished task fetch in 5287ms[0m
[35m[kulala.nvim] [0m[36m     docs[0m[90m | [0m[34mRunning task docs[0m
[35m[kulala.nvim] [0m[36m     docs[0m[90m | [0m
[35m[kulala.nvim] [0m[36m     docs[0m[90m | [0m[34mFinished task docs in 575ms[0m
[35m[nvim-treesitter-textobjects] [0m[36mstatus[0m[90m | [0m[34mRunning task status[0m
[35m[nvim-ts-autotag] [0m[36mstatus[0m[90m | [0m[34mRunning task status[0m
[35m[nvim-ufo] [0m[36m      status[0m[90m | [0m[34mRunning task status[0m
[35m[nvim-web-devicons] [0m[36mstatus[0m[90m | [0m[34mRunning task status[0m
[35m[oil.nvim] [0m[36m      status[0m[90m | [0m[34mRunning task status[0m
[35m[persistence.nvim] [0m[36mstatus[0m[90m | [0m[34mRunning task status[0m
[35m[plenary.nvim] [0m[36m  status[0m[90m | [0m[34mRunning task status[0m
[35m[project.nvim] [0m[36m  status[0m[90m | [0m[34mRunning task status[0m
[35m[promise-async] [0m[36m status[0m[90m | [0m[34mRunning task status[0m
[35m[snacks.nvim] [0m[36m   status[0m[90m | [0m[34mRunning task status[0m
[35m[sqlite.lua] [0m[36m    status[0m[90m | [0m[34mRunning task status[0m
[35m[todo-comments.nvim] [0m[36mfetch[0m[90m | [0m[34mFinished task fetch in 5863ms[0m
[35m[todo-comments.nvim] [0m[36mstatus[0m[90m | [0m[34mRunning task status[0m
[35m[trouble.nvim] [0m[36m   fetch[0m[90m | [0m[34mFinished task fetch in 6017ms[0m
[35m[nvim-lspconfig] [0m[36mstatus[0m[90m | [0m[34mFinished task status in 789ms[0m
[35m[nvim-treesitter] [0m[36mstatus[0m[90m | [0m[34mFinished task status in 789ms[0m
[35m[lazy.nvim] [0m[36m   checkout[0m[90m | [0m[34mFinished task checkout in 6161ms[0m
[35m[nvim-lspconfig] [0m[36mcheckout[0m[90m | [0m[34mRunning task checkout[0m
[35m[nvim-lspconfig] [0m[36mcheckout[0m[90m | [0m[34mFinished task checkout in 1ms[0m
[35m[nvim-treesitter] [0m[36mcheckout[0m[90m | [0m[34mRunning task checkout[0m
[35m[nvim-treesitter] [0m[36mcheckout[0m[90m | [0m[34mFinished task checkout in 2ms[0m
[35m[trouble.nvim] [0m[36m  status[0m[90m | [0m[34mRunning task status[0m

[nvim-treesitter/install/luadoc]: Language installed
[nvim-treesitter/install/luap]: Language installed[35m[lazy.nvim] [0m[36m   checkout[0m[90m | [0mHEAD is now at 85c7ff3 chore(main): release 11.17.5 (#2087)

[nvim-treesitter/install/toml]: Installing parser
[nvim-treesitter/install/json]: Language installed
[nvim-treesitter/install/java]: Installing parser
[nvim-treesitter/install/query]: Language installed
[nvim-treesitter/install/diff]: Language installed
[nvim-treesitter/install/json5]: Language installed
[nvim-treesitter/install/printf]: Language installed
[nvim-treesitter/install/vimdoc]: Language installed
[nvim-treesitter/install/regex]: Language installed
[nvim-treesitter/install/jsdoc]: Language installed
[nvim-treesitter/install/lua]: Language installed
[nvim-treesitter/install/html]: Language installed
[nvim-treesitter/install/c]: Language installed
[nvim-treesitter/install/xml]: Installing parser
[nvim-treesitter/install/dtd]: Installing parser[35m[nvim-treesitter-textobjects] [0m[36mstatus[0m[90m | [0m[34mFinished task status in 784ms[0m
[35m[nvim-ts-autotag] [0m[36mstatus[0m[90m | [0m[34mFinished task status in 784ms[0m
[35m[nvim-ufo] [0m[36m      status[0m[90m | [0m[34mFinished task status in 784ms[0m
[35m[nvim-web-devicons] [0m[36mstatus[0m[90m | [0m[34mFinished task status in 784ms[0m
[35m[oil.nvim] [0m[36m      status[0m[90m | [0m[34mFinished task status in 784ms[0m
[35m[persistence.nvim] [0m[36mstatus[0m[90m | [0m[34mFinished task status in 784ms[0m
[35m[nvim-treesitter-textobjects] [0m[36mcheckout[0m[90m | [0m[34mRunning task checkout[0m
[35m[nvim-treesitter-textobjects] [0m[36mcheckout[0m[90m | [0m[34mFinished task checkout in 1ms[0m
[35m[nvim-ts-autotag] [0m[36mcheckout[0m[90m | [0m[34mRunning task checkout[0m
[35m[nvim-ts-autotag] [0m[36mcheckout[0m[90m | [0m[34mFinished task checkout in 1ms[0m
[35m[nvim-ufo] [0m[36m    checkout[0m[90m | [0m[34mRunning task checkout[0m
[35m[nvim-ufo] [0m[36m    checkout[0m[90m | [0m[34mFinished task checkout in 2ms[0m
[35m[nvim-web-devicons] [0m[36mcheckout[0m[90m | [0m[34mRunning task checkout[0m
[35m[nvim-web-devicons] [0m[36mcheckout[0m[90m | [0m[34mFinished task checkout in 2ms[0m
[35m[oil.nvim] [0m[36m    checkout[0m[90m | [0m[34mRunning task checkout[0m
[35m[oil.nvim] [0m[36m    checkout[0m[90m | [0m[34mFinished task checkout in 3ms[0m
[35m[persistence.nvim] [0m[36mcheckout[0m[90m | [0m[34mRunning task checkout[0m
[35m[persistence.nvim] [0m[36mcheckout[0m[90m | [0m[34mFinished task checkout in 4ms[0m
[35m[promise-async] [0m[36m status[0m[90m | [0m[34mFinished task status in 826ms[0m

[nvim-treesitter/install/javascript]: Language installed[35m[promise-async] [0m[36mcheckout[0m[90m | [0m[34mRunning task checkout[0m
[35m[promise-async] [0m[36mcheckout[0m[90m | [0m[34mFinished task checkout in 2ms[0m

[nvim-treesitter/install/python]: Language installed[35m[project.nvim] [0m[36m  status[0m[90m | [0m[34mFinished task status in 838ms[0m
[35m[project.nvim] [0m[36mcheckout[0m[90m | [0m[34mRunning task checkout[0m
[35m[project.nvim] [0m[36mcheckout[0m[90m | [0m[34mFinished task checkout in 1ms[0m
[35m[todo-comments.nvim] [0m[36mstatus[0m[90m | [0m[34mFinished task status in 272ms[0m
[35m[todo-comments.nvim] [0m[36mcheckout[0m[90m | [0m[34mRunning task checkout[0m
[35m[todo-comments.nvim] [0m[36mcheckout[0m[90m | [0m[34mFinished task checkout in 1ms[0m
[35m[plenary.nvim] [0m[36m  status[0m[90m | [0m[34mFinished task status in 853ms[0m
[35m[plenary.nvim] [0m[36mcheckout[0m[90m | [0m[34mRunning task checkout[0m
[35m[plenary.nvim] [0m[36mcheckout[0m[90m | [0m[34mFinished task checkout in 1ms[0m

[nvim-treesitter/install/toml]: Language installed[35m[sqlite.lua] [0m[36m    status[0m[90m | [0m[34mFinished task status in 925ms[0m
[35m[trouble.nvim] [0m[36m  status[0m[90m | [0m[34mFinished task status in 176ms[0m
[35m[sqlite.lua] [0m[36m  checkout[0m[90m | [0m[34mRunning task checkout[0m
[35m[sqlite.lua] [0m[36m  checkout[0m[90m | [0m[34mFinished task checkout in 1ms[0m
[35m[trouble.nvim] [0m[36mcheckout[0m[90m | [0m[34mRunning task checkout[0m
[35m[trouble.nvim] [0m[36mcheckout[0m[90m | [0m[34mFinished task checkout in 1ms[0m

[nvim-treesitter/install/java]: Language installed[35m[ts-comments.nvim] [0m[36mfetch[0m[90m | [0m[34mFinished task fetch in 6310ms[0m
[35m[ts-comments.nvim] [0m[36mstatus[0m[90m | [0m[34mRunning task status[0m

[nvim-treesitter/install/typescript]: Installing parser
[nvim-treesitter/install/markdown_inline]: Installing parser[35m[snacks.nvim] [0m[36m   status[0m[90m | [0m[34mFinished task status in 1201ms[0m
[35m[snacks.nvim] [0m[36m checkout[0m[90m | [0m[34mRunning task checkout[0m
[35m[snacks.nvim] [0m[36m checkout[0m[90m | [0m[34mFinished task checkout in 1ms[0m

[nvim-treesitter/install/dtd]: Language installed
[nvim-treesitter/install/xml]: Language installed[35m[ts-comments.nvim] [0m[36mstatus[0m[90m | [0m[34mFinished task status in 213ms[0m
[35m[ts-comments.nvim] [0m[36mcheckout[0m[90m | [0m[34mRunning task checkout[0m
[35m[ts-comments.nvim] [0m[36mcheckout[0m[90m | [0m[34mFinished task checkout in 2ms[0m
[35m[which-key.nvim] [0m[36m fetch[0m[90m | [0m[34mFinished task fetch in 6535ms[0m
[35m[which-key.nvim] [0m[36mstatus[0m[90m | [0m[34mRunning task status[0m
[35m[vim-tmux-navigator] [0m[36mfetch[0m[90m | [0m[34mFinished task fetch in 6559ms[0m
[35m[vim-gutentags] [0m[36m  fetch[0m[90m | [0m[34mFinished task fetch in 6560ms[0m
[35m[vim-gutentags] [0m[36m status[0m[90m | [0m[34mRunning task status[0m
[35m[vim-tmux-navigator] [0m[36mstatus[0m[90m | [0m[34mRunning task status[0m
[35m[yanky.nvim] [0m[36m     fetch[0m[90m | [0m[34mFinished task fetch in 1334ms[0m
[35m[yanky.nvim] [0m[36m    status[0m[90m | [0m[34mRunning task status[0m
[35m[which-key.nvim] [0m[36mstatus[0m[90m | [0m[34mFinished task status in 86ms[0m
[35m[which-key.nvim] [0m[36mcheckout[0m[90m | [0m[34mRunning task checkout[0m
[35m[which-key.nvim] [0m[36mcheckout[0m[90m | [0m[34mFinished task checkout in 1ms[0m
[35m[yanky.nvim] [0m[36m    status[0m[90m | [0m[34mFinished task status in 68ms[0m
[35m[vim-tmux-navigator] [0m[36mstatus[0m[90m | [0m[34mFinished task status in 86ms[0m
[35m[vim-tmux-navigator] [0m[36mcheckout[0m[90m | [0m[34mRunning task checkout[0m
[35m[vim-tmux-navigator] [0m[36mcheckout[0m[90m | [0m[34mFinished task checkout in 1ms[0m
[35m[yanky.nvim] [0m[36m  checkout[0m[90m | [0m[34mRunning task checkout[0m
[35m[yanky.nvim] [0m[36m  checkout[0m[90m | [0m[34mFinished task checkout in 1ms[0m
[35m[vim-gutentags] [0m[36m status[0m[90m | [0m[34mFinished task status in 87ms[0m
[35m[vim-gutentags] [0m[36mcheckout[0m[90m | [0m[34mRunning task checkout[0m
[35m[vim-gutentags] [0m[36mcheckout[0m[90m | [0m[34mFinished task checkout in 13ms[0m

[nvim-treesitter/install/rust]: Installing parser[35m[kulala.nvim] [0m[36m      log[0m[90m | [0m[34mRunning task log[0m

[nvim-treesitter/install/tsx]: Installing parser
[nvim-treesitter/install/yaml]: Installing parser
[nvim-treesitter/install/typescript]: Language installed[35m[kulala.nvim] [0m[36m      log[0m[90m | [0m5c2234e fix(ui): body-view, comments in http files (4 minutes ago)[35m[kulala.nvim] [0m[36m      log[0m[90m | [0m[34mFinished task log in 84ms[0m

[nvim-treesitter/install/markdown_inline]: Language installed
[nvim-treesitter/install/rust]: Language installed
[nvim-treesitter/install/markdown]: Installing parser
[nvim-treesitter/install/ruby]: Installing parser
[nvim-treesitter/install/cpp]: Installing parser
[nvim-treesitter/install/tsx]: Language installed
[nvim-treesitter/install/yaml]: Language installed
[nvim-treesitter/install/bash]: Installing parser
[nvim-treesitter/install/vim]: Installing parser
[nvim-treesitter/install/go]: Installing parser
[nvim-treesitter/install/ruby]: Language installed
[nvim-treesitter/install/markdown]: Language installed
[nvim-treesitter/install/cpp]: Language installed
[nvim-treesitter/install/bash]: Language installed
[nvim-treesitter/install/vim]: Language installed
[nvim-treesitter/install/css]: Installing parser